Archive member included to satisfy reference by file (symbol)

/Applications/MounRiver Studio 2.app/Contents/Resources/app/resources/darwin/components/WCH/Toolchain/RISC-V Embedded GCC/bin/../lib/gcc/riscv-none-embed/8.2.0/rv32imacxw/ilp32/libgcc.a(muldf3.o)
                              ./User/main.o (__muldf3)
/Applications/MounRiver Studio 2.app/Contents/Resources/app/resources/darwin/components/WCH/Toolchain/RISC-V Embedded GCC/bin/../lib/gcc/riscv-none-embed/8.2.0/rv32imacxw/ilp32/libgcc.a(floatsidf.o)
                              ./User/main.o (__floatsidf)
/Applications/MounRiver Studio 2.app/Contents/Resources/app/resources/darwin/components/WCH/Toolchain/RISC-V Embedded GCC/bin/../lib/gcc/riscv-none-embed/8.2.0/rv32imacxw/ilp32/libgcc.a(divsf3.o)
                              ./User/parameter_test.o (__divsf3)
/Applications/MounRiver Studio 2.app/Contents/Resources/app/resources/darwin/components/WCH/Toolchain/RISC-V Embedded GCC/bin/../lib/gcc/riscv-none-embed/8.2.0/rv32imacxw/ilp32/libgcc.a(mulsf3.o)
                              ./User/parameter_test.o (__mulsf3)
/Applications/MounRiver Studio 2.app/Contents/Resources/app/resources/darwin/components/WCH/Toolchain/RISC-V Embedded GCC/bin/../lib/gcc/riscv-none-embed/8.2.0/rv32imacxw/ilp32/libgcc.a(floatunsisf.o)
                              ./User/parameter_test.o (__floatunsisf)
/Applications/MounRiver Studio 2.app/Contents/Resources/app/resources/darwin/components/WCH/Toolchain/RISC-V Embedded GCC/bin/../lib/gcc/riscv-none-embed/8.2.0/rv32imacxw/ilp32/libgcc.a(extendsfdf2.o)
                              ./User/parameter_test.o (__extendsfdf2)
/Applications/MounRiver Studio 2.app/Contents/Resources/app/resources/darwin/components/WCH/Toolchain/RISC-V Embedded GCC/bin/../lib/gcc/riscv-none-embed/8.2.0/rv32imacxw/ilp32/libgcc.a(save-restore.o)
                              ./User/P14_Flash_Storage.o (__riscv_save_8)
/Applications/MounRiver Studio 2.app/Contents/Resources/app/resources/darwin/components/WCH/Toolchain/RISC-V Embedded GCC/bin/../lib/gcc/riscv-none-embed/8.2.0/rv32imacxw/ilp32/libgcc.a(_clzsi2.o)
                              /Applications/MounRiver Studio 2.app/Contents/Resources/app/resources/darwin/components/WCH/Toolchain/RISC-V Embedded GCC/bin/../lib/gcc/riscv-none-embed/8.2.0/rv32imacxw/ilp32/libgcc.a(muldf3.o) (__clzsi2)
/Applications/MounRiver Studio 2.app/Contents/Resources/app/resources/darwin/components/WCH/Toolchain/RISC-V Embedded GCC/bin/../lib/gcc/riscv-none-embed/8.2.0/rv32imacxw/ilp32/libgcc.a(_clz.o)
                              /Applications/MounRiver Studio 2.app/Contents/Resources/app/resources/darwin/components/WCH/Toolchain/RISC-V Embedded GCC/bin/../lib/gcc/riscv-none-embed/8.2.0/rv32imacxw/ilp32/libgcc.a(_clzsi2.o) (__clz_tab)
/Applications/MounRiver Studio 2.app/Contents/Resources/app/resources/darwin/components/WCH/Toolchain/RISC-V Embedded GCC/bin/../lib/gcc/riscv-none-embed/8.2.0/../../../../riscv-none-embed/lib/rv32imacxw/ilp32/libg_nano.a(lib_a-memcpy.o)
                              ./User/P14_Flash_Storage.o (memcpy)
/Applications/MounRiver Studio 2.app/Contents/Resources/app/resources/darwin/components/WCH/Toolchain/RISC-V Embedded GCC/bin/../lib/gcc/riscv-none-embed/8.2.0/../../../../riscv-none-embed/lib/rv32imacxw/ilp32/libg_nano.a(lib_a-printf.o)
                              ./User/P14_Flash_Storage.o (printf)
/Applications/MounRiver Studio 2.app/Contents/Resources/app/resources/darwin/components/WCH/Toolchain/RISC-V Embedded GCC/bin/../lib/gcc/riscv-none-embed/8.2.0/../../../../riscv-none-embed/lib/rv32imacxw/ilp32/libg_nano.a(lib_a-puts.o)
                              ./User/P14_Flash_Storage.o (puts)
/Applications/MounRiver Studio 2.app/Contents/Resources/app/resources/darwin/components/WCH/Toolchain/RISC-V Embedded GCC/bin/../lib/gcc/riscv-none-embed/8.2.0/../../../../riscv-none-embed/lib/rv32imacxw/ilp32/libg_nano.a(lib_a-strncpy.o)
                              ./User/parameter_test.o (strncpy)
/Applications/MounRiver Studio 2.app/Contents/Resources/app/resources/darwin/components/WCH/Toolchain/RISC-V Embedded GCC/bin/../lib/gcc/riscv-none-embed/8.2.0/../../../../riscv-none-embed/lib/rv32imacxw/ilp32/libg_nano.a(lib_a-wbuf.o)
                              /Applications/MounRiver Studio 2.app/Contents/Resources/app/resources/darwin/components/WCH/Toolchain/RISC-V Embedded GCC/bin/../lib/gcc/riscv-none-embed/8.2.0/../../../../riscv-none-embed/lib/rv32imacxw/ilp32/libg_nano.a(lib_a-puts.o) (__swbuf_r)
/Applications/MounRiver Studio 2.app/Contents/Resources/app/resources/darwin/components/WCH/Toolchain/RISC-V Embedded GCC/bin/../lib/gcc/riscv-none-embed/8.2.0/../../../../riscv-none-embed/lib/rv32imacxw/ilp32/libg_nano.a(lib_a-wsetup.o)
[...]
Memory Configuration

Name             Origin             Length             Attributes
FLASH            0x0000000000000000 0x0000000000010000 xr
RAM              0x0000000020000000 0x0000000000005000 xrw
*default*        0x0000000000000000 0xffffffffffffffff

Linker script and memory map

LOAD ./User/P14_Flash_Storage.o
LOAD ./User/ch32v203_init.o
LOAD ./User/ch32v20x_it.o
LOAD ./User/main.o
LOAD ./User/parameter_table.o
LOAD ./User/parameter_test.o
LOAD ./User/system_ch32v20x.o
LOAD ./Startup/startup_ch32v20x_D6.o
LOAD ./Peripheral/src/ch32v20x_adc.o
LOAD ./Peripheral/src/ch32v20x_bkp.o
LOAD ./Peripheral/src/ch32v20x_can.o
LOAD ./Peripheral/src/ch32v20x_crc.o
LOAD ./Peripheral/src/ch32v20x_dbgmcu.o
LOAD ./Peripheral/src/ch32v20x_dma.o
LOAD ./Peripheral/src/ch32v20x_exti.o
LOAD ./Peripheral/src/ch32v20x_flash.o
LOAD ./Peripheral/src/ch32v20x_gpio.o
LOAD ./Peripheral/src/ch32v20x_i2c.o
LOAD ./Peripheral/src/ch32v20x_iwdg.o
LOAD ./Peripheral/src/ch32v20x_misc.o
LOAD ./Peripheral/src/ch32v20x_opa.o
LOAD ./Peripheral/src/ch32v20x_pwr.o
LOAD ./Peripheral/src/ch32v20x_rcc.o
LOAD ./Peripheral/src/ch32v20x_rtc.o
LOAD ./Peripheral/src/ch32v20x_spi.o
LOAD ./Peripheral/src/ch32v20x_tim.o
LOAD ./Peripheral/src/ch32v20x_usart.o
LOAD ./Peripheral/src/ch32v20x_wwdg.o
LOAD ./Debug/debug.o
LOAD ./Core/core_riscv.o
LOAD /Applications/MounRiver Studio 2.app/Contents/Resources/app/resources/darwin/components/WCH/Toolchain/RISC-V Embedded GCC/bin/../lib/gcc/riscv-none-embed/8.2.0/rv32imacxw/ilp32/libgcc.a
LOAD /Applications/MounRiver Studio 2.app/Contents/Resources/app/resources/darwin/components/WCH/Toolchain/RISC-V Embedded GCC/bin/../lib/gcc/riscv-none-embed/8.2.0/../../../../riscv-none-embed/lib/rv32imacxw/ilp32/libg_nano.a
LOAD /Applications/MounRiver Studio 2.app/Contents/Resources/app/resources/darwin/components/WCH/Toolchain/RISC-V Embedded GCC/bin/../lib/gcc/riscv-none-embed/8.2.0/../../../../riscv-none-embed/lib/rv32imacxw/ilp32/libc_nano.a
LOAD /Applications/MounRiver Studio 2.app/Contents/Resources/app/resources/darwin/components/WCH/Toolchain/RISC-V Embedded GCC/bin/../lib/gcc/riscv-none-embed/8.2.0/rv32imacxw/ilp32/libgcc.a
START GROUP
LOAD /Applications/MounRiver Studio 2.app/Contents/Resources/app/resources/darwin/components/WCH/Toolchain/RISC-V Embedded GCC/bin/../lib/gcc/riscv-none-embed/8.2.0/rv32imacxw/ilp32/libgcc.a
LOAD /Applications/MounRiver Studio 2.app/Contents/Resources/app/resources/darwin/components/WCH/Toolchain/RISC-V Embedded GCC/bin/../lib/gcc/riscv-none-embed/8.2.0/../../../../riscv-none-embed/lib/rv32imacxw/ilp32/libc_nano.a
LOAD /Applications/MounRiver Studio 2.app/Contents/Resources/app/resources/darwin/components/WCH/Toolchain/RISC-V Embedded GCC/bin/../lib/gcc/riscv-none-embed/8.2.0/../../../../riscv-none-embed/lib/rv32imacxw/ilp32/libnosys.a
END GROUP
START GROUP
LOAD /Applications/MounRiver Studio 2.app/Contents/Resources/app/resources/darwin/components/WCH/Toolchain/RISC-V Embedded GCC/bin/../lib/gcc/riscv-none-embed/8.2.0/rv32imacxw/ilp32/libgcc.a
LOAD /Applications/MounRiver Studio 2.app/Contents/Resources/app/resources/darwin/components/WCH/Toolchain/RISC-V Embedded GCC/bin/../lib/gcc/riscv-none-embed/8.2.0/../../../../riscv-none-embed/lib/rv32imacxw/ilp32/libc_nano.a
LOAD /Applications/MounRiver Studio 2.app/Contents/Resources/app/resources/darwin/components/WCH/Toolchain/RISC-V Embedded GCC/bin/../lib/gcc/riscv-none-embed/8.2.0/../../../../riscv-none-embed/lib/rv32imacxw/ilp32/libnosys.a
END GROUP
                0x0000000000000800                __stack_size = 0x800
                [!provide]                        PROVIDE (_stack_size = __stack_size)

.init           0x0000000000000000        0x4
                0x0000000000000000                _sinit = .
                0x0000000000000000                . = ALIGN (0x4)
 *(SORT_NONE(.init))
 .init          0x0000000000000000        0x4 ./Startup/startup_ch32v20x_D6.o
                0x0000000000000000                _start
                0x0000000000000004                . = ALIGN (0x4)
                0x0000000000000004                _einit = .

.vector         0x0000000000000004       0xfc
 *(.vector)
 .vector        0x0000000000000004       0xfc ./Startup/startup_ch32v20x_D6.o
                0x0000000000000100                . = ALIGN (0x40)

.text           0x0000000000000100     0x4370
                0x0000000000000100                . = ALIGN (0x4)
 *(.text)
 .text          0x0000000000000100       0x60 /Applications/MounRiver Studio 2.app/Contents/Resources/app/resources/darwin/components/WCH/Toolchain/RISC-V Embedded GCC/bin/../lib/gcc/riscv-none-embed/8.2.0/rv32imacxw/ilp32/libgcc.a(save-restore.o)
                0x0000000000000100                __riscv_save_12
                0x0000000000000108                __riscv_save_10
                0x0000000000000108                __riscv_save_8
                0x0000000000000108                __riscv_save_11
                0x0000000000000108                __riscv_save_9
                0x0000000000000116                __riscv_save_4
                0x0000000000000116                __riscv_save_7
                0x0000000000000116                __riscv_save_6
                0x0000000000000116                __riscv_save_5
                0x0000000000000130                __riscv_save_3
                0x0000000000000130                __riscv_save_2
                0x0000000000000130                __riscv_save_0
                0x0000000000000130                __riscv_save_1
                0x000000000000013c                __riscv_restore_12
                0x0000000000000140                __riscv_restore_8
                0x0000000000000140                __riscv_restore_10
                0x0000000000000140                __riscv_restore_9
                0x0000000000000140                __riscv_restore_11
                0x000000000000014a                __riscv_restore_5
                0x000000000000014a                __riscv_restore_7
                0x000000000000014a                __riscv_restore_4
                0x000000000000014a                __riscv_restore_6
                0x0000000000000154                __riscv_restore_3
                0x0000000000000154                __riscv_restore_1
                0x0000000000000154                __riscv_restore_0
                0x0000000000000154                __riscv_restore_2
 .text          0x0000000000000160       0xa8 /Applications/MounRiver Studio 2.app/Contents/Resources/app/resources/darwin/components/WCH/Toolchain/RISC-V Embedded GCC/bin/../lib/gcc/riscv-none-embed/8.2.0/../../../../riscv-none-embed/lib/rv32imacxw/ilp32/libg_nano.a(lib_a-memset.o)
                0x0000000000000160                memset
 *(.text.*)
 .text.VerifyChecksum.part.0
                0x0000000000000208       0x4c ./User/P14_Flash_Storage.o
 .text.UpdateChecksum.constprop.3
                0x0000000000000254       0x32 ./User/P14_Flash_Storage.o
 .text.FLASH_WriteBuffer
                0x0000000000000286       0x94 ./User/P14_Flash_Storage.o
                0x0000000000000286                FLASH_WriteBuffer
 .text.SaveParameterBlock
                0x000000000000031a       0x80 ./User/P14_Flash_Storage.o
 .text.ValidateActiveBlock
                0x000000000000039a       0xc6 ./User/P14_Flash_Storage.o
 .text.FLASH_Storage_Init
                0x0000000000000460       0x3e ./User/P14_Flash_Storage.o
                0x0000000000000460                FLASH_Storage_Init
 .text.PARAM_ReadParameterBlock
                0x000000000000049e       0x42 ./User/P14_Flash_Storage.o
                0x000000000000049e                PARAM_ReadParameterBlock
 .text.PARAM_UpdateBlock
                0x00000000000004e0       0x40 ./User/P14_Flash_Storage.o
                0x00000000000004e0                PARAM_UpdateBlock
 .text.PARAM_GetDateTime
                0x0000000000000520       0x5a ./User/P14_Flash_Storage.o
                0x0000000000000520                PARAM_GetDateTime
 .text.PARAM_UpdateDateTime
                0x000000000000057a       0x7e ./User/P14_Flash_Storage.o
                0x000000000000057a                PARAM_UpdateDateTime
 .text.PARAM_IncreaseTestCount
                0x00000000000005f8       0x2c ./User/P14_Flash_Storage.o
                0x00000000000005f8                PARAM_IncreaseTestCount
 .text.PARAM_GetStripParametersByStripType
                0x0000000000000624       0x60 ./User/P14_Flash_Storage.o
                0x0000000000000624                PARAM_GetStripParametersByStripType
 .text.PARAM_GetMeasurementRangeByStripType
                0x0000000000000684       0x4c ./User/P14_Flash_Storage.o
                0x0000000000000684                PARAM_GetMeasurementRangeByStripType
 .text.PARAM_GetTimingParametersByStripType
                0x00000000000006d0       0x94 ./User/P14_Flash_Storage.o
                0x00000000000006d0                PARAM_GetTimingParametersByStripType
 .text.PARAM_ResetToDefault
                0x0000000000000764       0x28 ./User/P14_Flash_Storage.o
                0x0000000000000764                PARAM_ResetToDefault
 .text.CH32V203_RCC_Init
                0x000000000000078c       0x3e ./User/ch32v203_init.o
                0x000000000000078c                CH32V203_RCC_Init
 .text.CH32V203_GPIO_Init
                0x00000000000007ca      0x144 ./User/ch32v203_init.o
                0x00000000000007ca                CH32V203_GPIO_Init
 .text.CH32V203_USART_Init
                0x000000000000090e       0x5a ./User/ch32v203_init.o
                0x000000000000090e                CH32V203_USART_Init
 .text.CH32V203_Init
                0x0000000000000968       0x18 ./User/ch32v203_init.o
                0x0000000000000968                CH32V203_Init
 .text.NMI_Handler
                0x0000000000000980        0x2 ./User/ch32v20x_it.o
                0x0000000000000980                NMI_Handler
 .text.HardFault_Handler
                0x0000000000000982       0x10 ./User/ch32v20x_it.o
                0x0000000000000982                HardFault_Handler
 .text.USART2_IRQHandler
                0x0000000000000992       0x3e ./User/ch32v20x_it.o
                0x0000000000000992                USART2_IRQHandler
 .text.RunParameterTests
                0x00000000000009d0      0x226 ./User/main.o
                0x00000000000009d0                RunParameterTests
 .text.startup.main
                0x0000000000000bf6       0x76 ./User/main.o
                0x0000000000000bf6                main
 .text.PARAM_Calculate_CRC16.constprop.1
                0x0000000000000c6c       0x3c ./User/parameter_table.o
 .text.PARAM_Read
                0x0000000000000ca8       0x16 ./User/parameter_table.o
                0x0000000000000ca8                PARAM_Read
 .text.PARAM_Read16
                0x0000000000000cbe       0x1c ./User/parameter_table.o
                0x0000000000000cbe                PARAM_Read16
 .text.PARAM_Write16
                0x0000000000000cda       0x16 ./User/parameter_table.o
                0x0000000000000cda                PARAM_Write16
 .text.PARAM_UpdateChecksum
                0x0000000000000cf0       0x36 ./User/parameter_table.o
                0x0000000000000cf0                PARAM_UpdateChecksum
 .text.PARAM_Reset
                0x0000000000000d26       0x28 ./User/parameter_table.o
                0x0000000000000d26                PARAM_Reset
 .text.PARAM_VerifyChecksum
                0x0000000000000d4e       0x5e ./User/parameter_table.o
                0x0000000000000d4e                PARAM_VerifyChecksum
 .text.PARAM_Save
                0x0000000000000dac       0x16 ./User/parameter_table.o
                0x0000000000000dac                PARAM_Save
 .text.PARAM_Load
                0x0000000000000dc2       0x2c ./User/parameter_table.o
                0x0000000000000dc2                PARAM_Load
 .text.PARAM_Init
                0x0000000000000dee       0x36 ./User/parameter_table.o
                0x0000000000000dee                PARAM_Init
 .text.PrintParameterInfo
                0x0000000000000e24      0x15a ./User/parameter_test.o
 .text.RunParameterTest
                0x0000000000000f7e      0x3a4 ./User/parameter_test.o
                0x0000000000000f7e                RunParameterTest
 .text.SystemInit
                0x0000000000001322       0xa8 ./User/system_ch32v20x.o
                0x0000000000001322                SystemInit
 .text.vector_handler
                0x00000000000013ca        0x2 ./Startup/startup_ch32v20x_D6.o
                0x00000000000013ca                USBWakeUp_IRQHandler
                0x00000000000013ca                TIM1_CC_IRQHandler
                0x00000000000013ca                SysTick_Handler
                0x00000000000013ca                PVD_IRQHandler
                0x00000000000013ca                EXTI3_IRQHandler
                0x00000000000013ca                USBFS_IRQHandler
                0x00000000000013ca                EXTI0_IRQHandler
                0x00000000000013ca                I2C2_EV_IRQHandler
                0x00000000000013ca                ADC1_2_IRQHandler
                0x00000000000013ca                Break_Point_Handler
                0x00000000000013ca                SPI1_IRQHandler
                0x00000000000013ca                TAMPER_IRQHandler
                0x00000000000013ca                Ecall_M_Mode_Handler
                0x00000000000013ca                DMA1_Channel4_IRQHandler
                0x00000000000013ca                USART3_IRQHandler
                0x00000000000013ca                RTC_IRQHandler
                0x00000000000013ca                DMA1_Channel7_IRQHandler
                0x00000000000013ca                CAN1_RX1_IRQHandler
                0x00000000000013ca                TIM4_IRQHandler
                0x00000000000013ca                I2C1_EV_IRQHandler
                0x00000000000013ca                DMA1_Channel6_IRQHandler
                0x00000000000013ca                UART4_IRQHandler
                0x00000000000013ca                TIM3_IRQHandler
                0x00000000000013ca                RCC_IRQHandler
                0x00000000000013ca                TIM1_TRG_COM_IRQHandler
                0x00000000000013ca                DMA1_Channel1_IRQHandler
                0x00000000000013ca                EXTI15_10_IRQHandler
                0x00000000000013ca                DMA1_Channel8_IRQHandler
                0x00000000000013ca                EXTI9_5_IRQHandler
                0x00000000000013ca                SPI2_IRQHandler
                0x00000000000013ca                DMA1_Channel5_IRQHandler
                0x00000000000013ca                EXTI4_IRQHandler
                0x00000000000013ca                USB_LP_CAN1_RX0_IRQHandler
                0x00000000000013ca                USB_HP_CAN1_TX_IRQHandler
                0x00000000000013ca                DMA1_Channel3_IRQHandler
                0x00000000000013ca                TIM1_UP_IRQHandler
                0x00000000000013ca                WWDG_IRQHandler
                0x00000000000013ca                Ecall_U_Mode_Handler
                0x00000000000013ca                TIM2_IRQHandler
                0x00000000000013ca                SW_Handler
                0x00000000000013ca                TIM1_BRK_IRQHandler
                0x00000000000013ca                EXTI1_IRQHandler
                0x00000000000013ca                RTCAlarm_IRQHandler
                0x00000000000013ca                I2C2_ER_IRQHandler
                0x00000000000013ca                DMA1_Channel2_IRQHandler
                0x00000000000013ca                CAN1_SCE_IRQHandler
                0x00000000000013ca                FLASH_IRQHandler
                0x00000000000013ca                USBFSWakeUp_IRQHandler
                0x00000000000013ca                USART1_IRQHandler
                0x00000000000013ca                I2C1_ER_IRQHandler
                0x00000000000013ca                EXTI2_IRQHandler
 .text.handle_reset
                0x00000000000013cc       0x86 ./Startup/startup_ch32v20x_D6.o
                0x00000000000013cc                handle_reset
 .text.DBGMCU_GetCHIPID
                0x0000000000001452        0xa ./Peripheral/src/ch32v20x_dbgmcu.o
                0x0000000000001452                DBGMCU_GetCHIPID
 .text.FLASH_Unlock
                0x000000000000145c       0x1a ./Peripheral/src/ch32v20x_flash.o
                0x000000000000145c                FLASH_Unlock
 .text.FLASH_Lock
                0x0000000000001476        0xe ./Peripheral/src/ch32v20x_flash.o
                0x0000000000001476                FLASH_Lock
 .text.FLASH_GetBank1Status
                0x0000000000001484       0x18 ./Peripheral/src/ch32v20x_flash.o
                0x0000000000001484                FLASH_GetBank1Status
 .text.FLASH_WaitForLastOperation
                0x000000000000149c       0x20 ./Peripheral/src/ch32v20x_flash.o
                0x000000000000149c                FLASH_WaitForLastOperation
 .text.FLASH_ErasePage
                0x00000000000014bc       0x38 ./Peripheral/src/ch32v20x_flash.o
                0x00000000000014bc                FLASH_ErasePage
 .text.FLASH_ProgramHalfWord
                0x00000000000014f4       0x34 ./Peripheral/src/ch32v20x_flash.o
                0x00000000000014f4                FLASH_ProgramHalfWord
 .text.GPIO_Init
                0x0000000000001528       0xf2 ./Peripheral/src/ch32v20x_gpio.o
                0x0000000000001528                GPIO_Init
 .text.GPIO_SetBits
                0x000000000000161a       0x14 ./Peripheral/src/ch32v20x_gpio.o
                0x000000000000161a                GPIO_SetBits
 .text.GPIO_ResetBits
                0x000000000000162e       0x14 ./Peripheral/src/ch32v20x_gpio.o
                0x000000000000162e                GPIO_ResetBits
 .text.NVIC_PriorityGroupConfig
                0x0000000000001642        0x6 ./Peripheral/src/ch32v20x_misc.o
                0x0000000000001642                NVIC_PriorityGroupConfig
 .text.NVIC_Init
                0x0000000000001648       0x54 ./Peripheral/src/ch32v20x_misc.o
                0x0000000000001648                NVIC_Init
 .text.RCC_DeInit
                0x000000000000169c       0x42 ./Peripheral/src/ch32v20x_rcc.o
                0x000000000000169c                RCC_DeInit
 .text.RCC_HSICmd
                0x00000000000016de       0x14 ./Peripheral/src/ch32v20x_rcc.o
                0x00000000000016de                RCC_HSICmd
 .text.RCC_HCLKConfig
                0x00000000000016f2       0x10 ./Peripheral/src/ch32v20x_rcc.o
                0x00000000000016f2                RCC_HCLKConfig
 .text.RCC_PCLK1Config
                0x0000000000001702       0x10 ./Peripheral/src/ch32v20x_rcc.o
                0x0000000000001702                RCC_PCLK1Config
 .text.RCC_PCLK2Config
                0x0000000000001712       0x16 ./Peripheral/src/ch32v20x_rcc.o
                0x0000000000001712                RCC_PCLK2Config
 .text.RCC_GetClocksFreq
                0x0000000000001728       0xbe ./Peripheral/src/ch32v20x_rcc.o
                0x0000000000001728                RCC_GetClocksFreq
 .text.RCC_APB2PeriphClockCmd
                0x00000000000017e6       0x1e ./Peripheral/src/ch32v20x_rcc.o
                0x00000000000017e6                RCC_APB2PeriphClockCmd
 .text.RCC_APB1PeriphClockCmd
                0x0000000000001804       0x1e ./Peripheral/src/ch32v20x_rcc.o
                0x0000000000001804                RCC_APB1PeriphClockCmd
 .text.RCC_GetFlagStatus
                0x0000000000001822       0x2e ./Peripheral/src/ch32v20x_rcc.o
                0x0000000000001822                RCC_GetFlagStatus
 .text.USART_Init
                0x0000000000001850       0x8e ./Peripheral/src/ch32v20x_usart.o
                0x0000000000001850                USART_Init
 .text.USART_Cmd
                0x00000000000018de       0x16 ./Peripheral/src/ch32v20x_usart.o
                0x00000000000018de                USART_Cmd
 .text.USART_ITConfig
                0x00000000000018f4       0x36 ./Peripheral/src/ch32v20x_usart.o
                0x00000000000018f4                USART_ITConfig
 .text.USART_SendData
                0x000000000000192a        0x8 ./Peripheral/src/ch32v20x_usart.o
                0x000000000000192a                USART_SendData
 .text.USART_ReceiveData
                0x0000000000001932        0x8 ./Peripheral/src/ch32v20x_usart.o
                0x0000000000001932                USART_ReceiveData
 .text.USART_GetFlagStatus
                0x000000000000193a        0xa ./Peripheral/src/ch32v20x_usart.o
                0x000000000000193a                USART_GetFlagStatus
 .text.USART_GetITStatus
                0x0000000000001944       0x3c ./Peripheral/src/ch32v20x_usart.o
                0x0000000000001944                USART_GetITStatus
 .text.USART_ClearITPendingBit
                0x0000000000001980       0x14 ./Peripheral/src/ch32v20x_usart.o
                0x0000000000001980                USART_ClearITPendingBit
 .text.Delay_Init
                0x0000000000001994       0x2a ./Debug/debug.o
                0x0000000000001994                Delay_Init
 .text.Delay_Ms
                0x00000000000019be       0x36 ./Debug/debug.o
                0x00000000000019be                Delay_Ms
 .text._write   0x00000000000019f4       0x3a ./Debug/debug.o
                0x00000000000019f4                _write
 .text._sbrk    0x0000000000001a2e       0x26 ./Debug/debug.o
                0x0000000000001a2e                _sbrk
 .text.__muldf3
                0x0000000000001a54      0x4b0 /Applications/MounRiver Studio 2.app/Contents/Resources/app/resources/darwin/components/WCH/Toolchain/RISC-V Embedded GCC/bin/../lib/gcc/riscv-none-embed/8.2.0/rv32imacxw/ilp32/libgcc.a(muldf3.o)
                0x0000000000001a54                __muldf3
 .text.__floatsidf
                0x0000000000001f04       0x70 /Applications/MounRiver Studio 2.app/Contents/Resources/app/resources/darwin/components/WCH/Toolchain/RISC-V Embedded GCC/bin/../lib/gcc/riscv-none-embed/8.2.0/rv32imacxw/ilp32/libgcc.a(floatsidf.o)
                0x0000000000001f04                __floatsidf
 .text.__extendsfdf2
                0x0000000000001f74       0xac /Applications/MounRiver Studio 2.app/Contents/Resources/app/resources/darwin/components/WCH/Toolchain/RISC-V Embedded GCC/bin/../lib/gcc/riscv-none-embed/8.2.0/rv32imacxw/ilp32/libgcc.a(extendsfdf2.o)
                0x0000000000001f74                __extendsfdf2
 .text.__clzsi2
                0x0000000000002020       0x6e /Applications/MounRiver Studio 2.app/Contents/Resources/app/resources/darwin/components/WCH/Toolchain/RISC-V Embedded GCC/bin/../lib/gcc/riscv-none-embed/8.2.0/rv32imacxw/ilp32/libgcc.a(_clzsi2.o)
                0x0000000000002020                __clzsi2
 .text.memcpy   0x000000000000208e       0xb2 /Applications/MounRiver Studio 2.app/Contents/Resources/app/resources/darwin/components/WCH/Toolchain/RISC-V Embedded GCC/bin/../lib/gcc/riscv-none-embed/8.2.0/../../../../riscv-none-embed/lib/rv32imacxw/ilp32/libg_nano.a(lib_a-memcpy.o)
                0x000000000000208e                memcpy
 .text.printf   0x0000000000002140       0x40 /Applications/MounRiver Studio 2.app/Contents/Resources/app/resources/darwin/components/WCH/Toolchain/RISC-V Embedded GCC/bin/../lib/gcc/riscv-none-embed/8.2.0/../../../../riscv-none-embed/lib/rv32imacxw/ilp32/libg_nano.a(lib_a-printf.o)
                0x0000000000002140                printf
                0x0000000000002140                iprintf
 .text._puts_r  0x0000000000002180       0xd4 /Applications/MounRiver Studio 2.app/Contents/Resources/app/resources/darwin/components/WCH/Toolchain/RISC-V Embedded GCC/bin/../lib/gcc/riscv-none-embed/8.2.0/../../../../riscv-none-embed/lib/rv32imacxw/ilp32/libg_nano.a(lib_a-puts.o)
                0x0000000000002180                _puts_r
 .text.puts     0x0000000000002254        0xa /Applications/MounRiver Studio 2.app/Contents/Resources/app/resources/darwin/components/WCH/Toolchain/RISC-V Embedded GCC/bin/../lib/gcc/riscv-none-embed/8.2.0/../../../../riscv-none-embed/lib/rv32imacxw/ilp32/libg_nano.a(lib_a-puts.o)
                0x0000000000002254                puts
 .text.__swbuf_r
                0x000000000000225e       0xbc /Applications/MounRiver Studio 2.app/Contents/Resources/app/resources/darwin/components/WCH/Toolchain/RISC-V Embedded GCC/bin/../lib/gcc/riscv-none-embed/8.2.0/../../../../riscv-none-embed/lib/rv32imacxw/ilp32/libg_nano.a(lib_a-wbuf.o)
                0x000000000000225e                __swbuf_r
 .text.__swsetup_r
                0x000000000000231a       0xfc /Applications/MounRiver Studio 2.app/Contents/Resources/app/resources/darwin/components/WCH/Toolchain/RISC-V Embedded GCC/bin/../lib/gcc/riscv-none-embed/8.2.0/../../../../riscv-none-embed/lib/rv32imacxw/ilp32/libg_nano.a(lib_a-wsetup.o)
                0x000000000000231a                __swsetup_r
 .text.__sflush_r
                0x0000000000002416      0x130 /Applications/MounRiver Studio 2.app/Contents/Resources/app/resources/darwin/components/WCH/Toolchain/RISC-V Embedded GCC/bin/../lib/gcc/riscv-none-embed/8.2.0/../../../../riscv-none-embed/lib/rv32imacxw/ilp32/libg_nano.a(lib_a-fflush.o)
                0x0000000000002416                __sflush_r
 .text._fflush_r
                0x0000000000002546       0x64 /Applications/MounRiver Studio 2.app/Contents/Resources/app/resources/darwin/components/WCH/Toolchain/RISC-V Embedded GCC/bin/../lib/gcc/riscv-none-embed/8.2.0/../../../../riscv-none-embed/lib/rv32imacxw/ilp32/libg_nano.a(lib_a-fflush.o)
                0x0000000000002546                _fflush_r
 .text.std      0x00000000000025aa       0x66 /Applications/MounRiver Studio 2.app/Contents/Resources/app/resources/darwin/components/WCH/Toolchain/RISC-V Embedded GCC/bin/../lib/gcc/riscv-none-embed/8.2.0/../../../../riscv-none-embed/lib/rv32imacxw/ilp32/libg_nano.a(lib_a-findfp.o)
 .text._cleanup_r
                0x0000000000002610        0xa /Applications/MounRiver Studio 2.app/Contents/Resources/app/resources/darwin/components/WCH/Toolchain/RISC-V Embedded GCC/bin/../lib/gcc/riscv-none-embed/8.2.0/../../../../riscv-none-embed/lib/rv32imacxw/ilp32/libg_nano.a(lib_a-findfp.o)
                0x0000000000002610                _cleanup_r
 .text.__sfmoreglue
                0x000000000000261a       0x46 /Applications/MounRiver Studio 2.app/Contents/Resources/app/resources/darwin/components/WCH/Toolchain/RISC-V Embedded GCC/bin/../lib/gcc/riscv-none-embed/8.2.0/../../../../riscv-none-embed/lib/rv32imacxw/ilp32/libg_nano.a(lib_a-findfp.o)
                0x000000000000261a                __sfmoreglue
 .text.__sinit  0x0000000000002660       0x66 /Applications/MounRiver Studio 2.app/Contents/Resources/app/resources/darwin/components/WCH/Toolchain/RISC-V Embedded GCC/bin/../lib/gcc/riscv-none-embed/8.2.0/../../../../riscv-none-embed/lib/rv32imacxw/ilp32/libg_nano.a(lib_a-findfp.o)
                0x0000000000002660                __sinit
 .text.__sfp    0x00000000000026c6       0x9c /Applications/MounRiver Studio 2.app/Contents/Resources/app/resources/darwin/components/WCH/Toolchain/RISC-V Embedded GCC/bin/../lib/gcc/riscv-none-embed/8.2.0/../../../../riscv-none-embed/lib/rv32imacxw/ilp32/libg_nano.a(lib_a-findfp.o)
                0x00000000000026c6                __sfp
 .text._fwalk_reent
                0x0000000000002762       0x6a /Applications/MounRiver Studio 2.app/Contents/Resources/app/resources/darwin/components/WCH/Toolchain/RISC-V Embedded GCC/bin/../lib/gcc/riscv-none-embed/8.2.0/../../../../riscv-none-embed/lib/rv32imacxw/ilp32/libg_nano.a(lib_a-fwalk.o)
                0x0000000000002762                _fwalk_reent
 .text.__swhatbuf_r
                0x00000000000027cc       0x58 /Applications/MounRiver Studio 2.app/Contents/Resources/app/resources/darwin/components/WCH/Toolchain/RISC-V Embedded GCC/bin/../lib/gcc/riscv-none-embed/8.2.0/../../../../riscv-none-embed/lib/rv32imacxw/ilp32/libg_nano.a(lib_a-makebuf.o)
                0x00000000000027cc                __swhatbuf_r
 .text.__smakebuf_r
                0x0000000000002824       0x90 /Applications/MounRiver Studio 2.app/Contents/Resources/app/resources/darwin/components/WCH/Toolchain/RISC-V Embedded GCC/bin/../lib/gcc/riscv-none-embed/8.2.0/../../../../riscv-none-embed/lib/rv32imacxw/ilp32/libg_nano.a(lib_a-makebuf.o)
                0x0000000000002824                __smakebuf_r
 .text._free_r  0x00000000000028b4       0xa8 /Applications/MounRiver Studio 2.app/Contents/Resources/app/resources/darwin/components/WCH/Toolchain/RISC-V Embedded GCC/bin/../lib/gcc/riscv-none-embed/8.2.0/../../../../riscv-none-embed/lib/rv32imacxw/ilp32/libg_nano.a(lib_a-nano-freer.o)
                0x00000000000028b4                _free_r
 .text._malloc_r
                0x000000000000295c       0xd4 /Applications/MounRiver Studio 2.app/Contents/Resources/app/resources/darwin/components/WCH/Toolchain/RISC-V Embedded GCC/bin/../lib/gcc/riscv-none-embed/8.2.0/../../../../riscv-none-embed/lib/rv32imacxw/ilp32/libg_nano.a(lib_a-nano-mallocr.o)
                0x000000000000295c                _malloc_r
 .text.__sfputc_r
                0x0000000000002a30       0x28 /Applications/MounRiver Studio 2.app/Contents/Resources/app/resources/darwin/components/WCH/Toolchain/RISC-V Embedded GCC/bin/../lib/gcc/riscv-none-embed/8.2.0/../../../../riscv-none-embed/lib/rv32imacxw/ilp32/libg_nano.a(lib_a-nano-vfprintf.o)
 .text.__sfputs_r
                0x0000000000002a58       0x40 /Applications/MounRiver Studio 2.app/Contents/Resources/app/resources/darwin/components/WCH/Toolchain/RISC-V Embedded GCC/bin/../lib/gcc/riscv-none-embed/8.2.0/../../../../riscv-none-embed/lib/rv32imacxw/ilp32/libg_nano.a(lib_a-nano-vfprintf.o)
                0x0000000000002a58                __sfputs_r
 .text._vfprintf_r
                0x0000000000002a98      0x286 /Applications/MounRiver Studio 2.app/Contents/Resources/app/resources/darwin/components/WCH/Toolchain/RISC-V Embedded GCC/bin/../lib/gcc/riscv-none-embed/8.2.0/../../../../riscv-none-embed/lib/rv32imacxw/ilp32/libg_nano.a(lib_a-nano-vfprintf.o)
                0x0000000000002a98                _vfiprintf_r
                0x0000000000002a98                _vfprintf_r
 .text._printf_common
                0x0000000000002d1e      0x10c /Applications/MounRiver Studio 2.app/Contents/Resources/app/resources/darwin/components/WCH/Toolchain/RISC-V Embedded GCC/bin/../lib/gcc/riscv-none-embed/8.2.0/../../../../riscv-none-embed/lib/rv32imacxw/ilp32/libg_nano.a(lib_a-nano-vfprintf_i.o)
                0x0000000000002d1e                _printf_common
 .text._printf_i
                0x0000000000002e2a      0x2a2 /Applications/MounRiver Studio 2.app/Contents/Resources/app/resources/darwin/components/WCH/Toolchain/RISC-V Embedded GCC/bin/../lib/gcc/riscv-none-embed/8.2.0/../../../../riscv-none-embed/lib/rv32imacxw/ilp32/libg_nano.a(lib_a-nano-vfprintf_i.o)
                0x0000000000002e2a                _printf_i
 .text._sbrk_r  0x00000000000030cc       0x2a /Applications/MounRiver Studio 2.app/Contents/Resources/app/resources/darwin/components/WCH/Toolchain/RISC-V Embedded GCC/bin/../lib/gcc/riscv-none-embed/8.2.0/../../../../riscv-none-embed/lib/rv32imacxw/ilp32/libg_nano.a(lib_a-sbrkr.o)
                0x00000000000030cc                _sbrk_r
 .text.__sread  0x00000000000030f6       0x2c /Applications/MounRiver Studio 2.app/Contents/Resources/app/resources/darwin/components/WCH/Toolchain/RISC-V Embedded GCC/bin/../lib/gcc/riscv-none-embed/8.2.0/../../../../riscv-none-embed/lib/rv32imacxw/ilp32/libg_nano.a(lib_a-stdio.o)
                0x00000000000030f6                __sread
 .text.__swrite
                0x0000000000003122       0x48 /Applications/MounRiver Studio 2.app/Contents/Resources/app/resources/darwin/components/WCH/Toolchain/RISC-V Embedded GCC/bin/../lib/gcc/riscv-none-embed/8.2.0/../../../../riscv-none-embed/lib/rv32imacxw/ilp32/libg_nano.a(lib_a-stdio.o)
                0x0000000000003122                __swrite
 .text.__sseek  0x000000000000316a       0x30 /Applications/MounRiver Studio 2.app/Contents/Resources/app/resources/darwin/components/WCH/Toolchain/RISC-V Embedded GCC/bin/../lib/gcc/riscv-none-embed/8.2.0/../../../../riscv-none-embed/lib/rv32imacxw/ilp32/libg_nano.a(lib_a-stdio.o)
                0x000000000000316a                __sseek
 .text.__sclose
                0x000000000000319a        0x6 /Applications/MounRiver Studio 2.app/Contents/Resources/app/resources/darwin/components/WCH/Toolchain/RISC-V Embedded GCC/bin/../lib/gcc/riscv-none-embed/8.2.0/../../../../riscv-none-embed/lib/rv32imacxw/ilp32/libg_nano.a(lib_a-stdio.o)
                0x000000000000319a                __sclose
 .text._write_r
                0x00000000000031a0       0x2e /Applications/MounRiver Studio 2.app/Contents/Resources/app/resources/darwin/components/WCH/Toolchain/RISC-V Embedded GCC/bin/../lib/gcc/riscv-none-embed/8.2.0/../../../../riscv-none-embed/lib/rv32imacxw/ilp32/libg_nano.a(lib_a-writer.o)
                0x00000000000031a0                _write_r
 .text._close_r
                0x00000000000031ce       0x28 /Applications/MounRiver Studio 2.app/Contents/Resources/app/resources/darwin/components/WCH/Toolchain/RISC-V Embedded GCC/bin/../lib/gcc/riscv-none-embed/8.2.0/../../../../riscv-none-embed/lib/rv32imacxw/ilp32/libg_nano.a(lib_a-closer.o)
                0x00000000000031ce                _close_r
 .text._fstat_r
                0x00000000000031f6       0x2a /Applications/MounRiver Studio 2.app/Contents/Resources/app/resources/darwin/components/WCH/Toolchain/RISC-V Embedded GCC/bin/../lib/gcc/riscv-none-embed/8.2.0/../../../../riscv-none-embed/lib/rv32imacxw/ilp32/libg_nano.a(lib_a-fstatr.o)
                0x00000000000031f6                _fstat_r
 .text._isatty_r
                0x0000000000003220       0x28 /Applications/MounRiver Studio 2.app/Contents/Resources/app/resources/darwin/components/WCH/Toolchain/RISC-V Embedded GCC/bin/../lib/gcc/riscv-none-embed/8.2.0/../../../../riscv-none-embed/lib/rv32imacxw/ilp32/libg_nano.a(lib_a-isattyr.o)
                0x0000000000003220                _isatty_r
 .text._lseek_r
                0x0000000000003248       0x2c /Applications/MounRiver Studio 2.app/Contents/Resources/app/resources/darwin/components/WCH/Toolchain/RISC-V Embedded GCC/bin/../lib/gcc/riscv-none-embed/8.2.0/../../../../riscv-none-embed/lib/rv32imacxw/ilp32/libg_nano.a(lib_a-lseekr.o)
                0x0000000000003248                _lseek_r
 .text.memchr   0x0000000000003274       0x18 /Applications/MounRiver Studio 2.app/Contents/Resources/app/resources/darwin/components/WCH/Toolchain/RISC-V Embedded GCC/bin/../lib/gcc/riscv-none-embed/8.2.0/../../../../riscv-none-embed/lib/rv32imacxw/ilp32/libg_nano.a(lib_a-memchr.o)
                0x0000000000003274                memchr
 .text.__malloc_lock
                0x000000000000328c        0x2 /Applications/MounRiver Studio 2.app/Contents/Resources/app/resources/darwin/components/WCH/Toolchain/RISC-V Embedded GCC/bin/../lib/gcc/riscv-none-embed/8.2.0/../../../../riscv-none-embed/lib/rv32imacxw/ilp32/libg_nano.a(lib_a-mlock.o)
                0x000000000000328c                __malloc_lock
 .text.__malloc_unlock
                0x000000000000328e        0x2 /Applications/MounRiver Studio 2.app/Contents/Resources/app/resources/darwin/components/WCH/Toolchain/RISC-V Embedded GCC/bin/../lib/gcc/riscv-none-embed/8.2.0/../../../../riscv-none-embed/lib/rv32imacxw/ilp32/libg_nano.a(lib_a-mlock.o)
                0x000000000000328e                __malloc_unlock
 .text._read_r  0x0000000000003290       0x2c /Applications/MounRiver Studio 2.app/Contents/Resources/app/resources/darwin/components/WCH/Toolchain/RISC-V Embedded GCC/bin/../lib/gcc/riscv-none-embed/8.2.0/../../../../riscv-none-embed/lib/rv32imacxw/ilp32/libg_nano.a(lib_a-readr.o)
                0x0000000000003290                _read_r
 .text._close   0x00000000000032bc        0xc /Applications/MounRiver Studio 2.app/Contents/Resources/app/resources/darwin/components/WCH/Toolchain/RISC-V Embedded GCC/bin/../lib/gcc/riscv-none-embed/8.2.0/../../../../riscv-none-embed/lib/rv32imacxw/ilp32/libnosys.a(close.o)
                0x00000000000032bc                _close
 .text._fstat   0x00000000000032c8        0xc /Applications/MounRiver Studio 2.app/Contents/Resources/app/resources/darwin/components/WCH/Toolchain/RISC-V Embedded GCC/bin/../lib/gcc/riscv-none-embed/8.2.0/../../../../riscv-none-embed/lib/rv32imacxw/ilp32/libnosys.a(fstat.o)
                0x00000000000032c8                _fstat
 .text._isatty  0x00000000000032d4        0xc /Applications/MounRiver Studio 2.app/Contents/Resources/app/resources/darwin/components/WCH/Toolchain/RISC-V Embedded GCC/bin/../lib/gcc/riscv-none-embed/8.2.0/../../../../riscv-none-embed/lib/rv32imacxw/ilp32/libnosys.a(isatty.o)
                0x00000000000032d4                _isatty
 .text._lseek   0x00000000000032e0        0xc /Applications/MounRiver Studio 2.app/Contents/Resources/app/resources/darwin/components/WCH/Toolchain/RISC-V Embedded GCC/bin/../lib/gcc/riscv-none-embed/8.2.0/../../../../riscv-none-embed/lib/rv32imacxw/ilp32/libnosys.a(lseek.o)
                0x00000000000032e0                _lseek
 .text._read    0x00000000000032ec        0xc /Applications/MounRiver Studio 2.app/Contents/Resources/app/resources/darwin/components/WCH/Toolchain/RISC-V Embedded GCC/bin/../lib/gcc/riscv-none-embed/8.2.0/../../../../riscv-none-embed/lib/rv32imacxw/ilp32/libnosys.a(read.o)
                0x00000000000032ec                _read
 *(.rodata)
 *(.rodata*)
 *fill*         0x00000000000032f8        0x0 
 .rodata.PARAM_GetStripParametersByStripType
                0x00000000000032f8       0x14 ./User/P14_Flash_Storage.o
 .rodata.PARAM_GetMeasurementRangeByStripType
                0x000000000000330c       0x14 ./User/P14_Flash_Storage.o
 .rodata.PARAM_GetTimingParametersByStripType
                0x0000000000003320       0x14 ./User/P14_Flash_Storage.o
 .rodata.CSWTCH.6
                0x0000000000003334        0xe ./User/P14_Flash_Storage.o
 *fill*         0x0000000000003342        0x2 
 .rodata.FLASH_Storage_Init.str1.4
                0x0000000000003344       0x5b ./User/P14_Flash_Storage.o
 *fill*         0x000000000000339f        0x1 
 .rodata.FLASH_WriteBuffer.str1.4
                0x00000000000033a0       0x25 ./User/P14_Flash_Storage.o
 *fill*         0x00000000000033c5        0x3 
 .rodata.PARAM_ResetToDefault.str1.4
                0x00000000000033c8       0x14 ./User/P14_Flash_Storage.o
 .rodata.SaveParameterBlock.str1.4
                0x00000000000033dc       0x24 ./User/P14_Flash_Storage.o
 .rodata.g_defaultParams
                0x0000000000003400      0x363 ./User/P14_Flash_Storage.o
 *fill*         0x0000000000003763        0x1 
 .rodata.RunParameterTests
                0x0000000000003764       0x14 ./User/main.o
 *fill*         0x0000000000003778        0x0 
 .rodata.RunParameterTests.cst8
                0x0000000000003778        0x8 ./User/main.o
 .rodata.RunParameterTests.str1.4
                0x0000000000003780      0x1be ./User/main.o
                                        0x1ce (size before relaxing)
 *fill*         0x000000000000393e        0x2 
 .rodata.main.str1.4
                0x0000000000003940       0x3f ./User/main.o
 *fill*         0x000000000000397f        0x1 
 .rodata.PARAM_Init.str1.4
                0x0000000000003980       0x24 ./User/parameter_table.o
 .rodata.PARAM_Load.str1.4
                0x00000000000039a4       0x2c ./User/parameter_table.o
 .rodata.PARAM_Reset.str1.4
                0x00000000000039d0       0x16 ./User/parameter_table.o
 *fill*         0x00000000000039e6        0x2 
 .rodata.PARAM_Save.str1.4
                0x00000000000039e8        0xe ./User/parameter_table.o
 *fill*         0x00000000000039f6        0x2 
 .rodata.PARAM_VerifyChecksum.str1.4
                0x00000000000039f8       0x5e ./User/parameter_table.o
 *fill*         0x0000000000003a56        0x2 
 .rodata.defaultParamTable
                0x0000000000003a58      0x2a6 ./User/parameter_table.o
 *fill*         0x0000000000003cfe        0x2 
 .rodata.PrintParameterInfo.str1.4
                0x0000000000003d00      0x112 ./User/parameter_test.o
                                        0x166 (size before relaxing)
 *fill*         0x0000000000003e12        0x2 
 .rodata.RunParameterTest.str1.4
                0x0000000000003e14      0x465 ./User/parameter_test.o
 *fill*         0x0000000000004279        0x3 
 .rodata.str1.4
                0x000000000000427c       0x16 ./User/parameter_test.o
 *fill*         0x0000000000004292        0x2 
 .rodata.__muldf3
                0x0000000000004294       0x40 /Applications/MounRiver Studio 2.app/Contents/Resources/app/resources/darwin/components/WCH/Toolchain/RISC-V Embedded GCC/bin/../lib/gcc/riscv-none-embed/8.2.0/rv32imacxw/ilp32/libgcc.a(muldf3.o)
 .rodata.__clz_tab
                0x00000000000042d4      0x100 /Applications/MounRiver Studio 2.app/Contents/Resources/app/resources/darwin/components/WCH/Toolchain/RISC-V Embedded GCC/bin/../lib/gcc/riscv-none-embed/8.2.0/rv32imacxw/ilp32/libgcc.a(_clz.o)
                0x00000000000042d4                __clz_tab
 .rodata.__sf_fake_stderr
                0x00000000000043d4       0x20 /Applications/MounRiver Studio 2.app/Contents/Resources/app/resources/darwin/components/WCH/Toolchain/RISC-V Embedded GCC/bin/../lib/gcc/riscv-none-embed/8.2.0/../../../../riscv-none-embed/lib/rv32imacxw/ilp32/libg_nano.a(lib_a-findfp.o)
                0x00000000000043d4                __sf_fake_stderr
 .rodata.__sf_fake_stdin
                0x00000000000043f4       0x20 /Applications/MounRiver Studio 2.app/Contents/Resources/app/resources/darwin/components/WCH/Toolchain/RISC-V Embedded GCC/bin/../lib/gcc/riscv-none-embed/8.2.0/../../../../riscv-none-embed/lib/rv32imacxw/ilp32/libg_nano.a(lib_a-findfp.o)
                0x00000000000043f4                __sf_fake_stdin
 .rodata.__sf_fake_stdout
                0x0000000000004414       0x20 /Applications/MounRiver Studio 2.app/Contents/Resources/app/resources/darwin/components/WCH/Toolchain/RISC-V Embedded GCC/bin/../lib/gcc/riscv-none-embed/8.2.0/../../../../riscv-none-embed/lib/rv32imacxw/ilp32/libg_nano.a(lib_a-findfp.o)
                0x0000000000004414                __sf_fake_stdout
 .rodata._vfprintf_r.str1.4
                0x0000000000004434       0x13 /Applications/MounRiver Studio 2.app/Contents/Resources/app/resources/darwin/components/WCH/Toolchain/RISC-V Embedded GCC/bin/../lib/gcc/riscv-none-embed/8.2.0/../../../../riscv-none-embed/lib/rv32imacxw/ilp32/libg_nano.a(lib_a-nano-vfprintf.o)
 *fill*         0x0000000000004447        0x1 
 .rodata._printf_i.str1.4
                0x0000000000004448       0x28 /Applications/MounRiver Studio 2.app/Contents/Resources/app/resources/darwin/components/WCH/Toolchain/RISC-V Embedded GCC/bin/../lib/gcc/riscv-none-embed/8.2.0/../../../../riscv-none-embed/lib/rv32imacxw/ilp32/libg_nano.a(lib_a-nano-vfprintf_i.o)
                                         0x25 (size before relaxing)
 *(.gnu.linkonce.t.*)
                0x0000000000004470                . = ALIGN (0x4)

.rela.dyn       0x0000000000004470        0x0
 .rela.init     0x0000000000004470        0x0 ./User/P14_Flash_Storage.o
 .rela.vector   0x0000000000004470        0x0 ./User/P14_Flash_Storage.o
 .rela.text.handle_reset
                0x0000000000004470        0x0 ./User/P14_Flash_Storage.o
 .rela.text._sbrk
                0x0000000000004470        0x0 ./User/P14_Flash_Storage.o
 .rela.sdata.curbrk.4652
                0x0000000000004470        0x0 ./User/P14_Flash_Storage.o
 .rela.text._vfprintf_r
                0x0000000000004470        0x0 ./User/P14_Flash_Storage.o
 .rela.text._sbrk_r
                0x0000000000004470        0x0 ./User/P14_Flash_Storage.o
 .rela.text._write_r
                0x0000000000004470        0x0 ./User/P14_Flash_Storage.o
 .rela.text._close_r
                0x0000000000004470        0x0 ./User/P14_Flash_Storage.o
 .rela.text._fstat_r
                0x0000000000004470        0x0 ./User/P14_Flash_Storage.o
 .rela.text._isatty_r
                0x0000000000004470        0x0 ./User/P14_Flash_Storage.o
 .rela.text._lseek_r
                0x0000000000004470        0x0 ./User/P14_Flash_Storage.o
 .rela.text._read_r
                0x0000000000004470        0x0 ./User/P14_Flash_Storage.o
 .rela.text._close
                0x0000000000004470        0x0 ./User/P14_Flash_Storage.o
 .rela.text._fstat
                0x0000000000004470        0x0 ./User/P14_Flash_Storage.o
 .rela.text._isatty
                0x0000000000004470        0x0 ./User/P14_Flash_Storage.o
 .rela.text._lseek
                0x0000000000004470        0x0 ./User/P14_Flash_Storage.o
 .rela.text._read
                0x0000000000004470        0x0 ./User/P14_Flash_Storage.o

.fini           0x0000000000004470        0x0
 *(SORT_NONE(.fini))
                0x0000000000004470                . = ALIGN (0x4)
                [!provide]                        PROVIDE (_etext = .)
                [!provide]                        PROVIDE (_eitcm = .)

.preinit_array  0x0000000000004470        0x0
                [!provide]                        PROVIDE (__preinit_array_start = .)
 *(.preinit_array)
                [!provide]                        PROVIDE (__preinit_array_end = .)

.init_array     0x0000000000004470        0x0
                [!provide]                        PROVIDE (__init_array_start = .)
 *(SORT_BY_INIT_PRIORITY(.init_array.*) SORT_BY_INIT_PRIORITY(.ctors.*))
 *(.init_array EXCLUDE_FILE(*crtend?.o *crtend.o *crtbegin?.o *crtbegin.o) .ctors)
                [!provide]                        PROVIDE (__init_array_end = .)

.fini_array     0x0000000000004470        0x0
                [!provide]                        PROVIDE (__fini_array_start = .)
 *(SORT_BY_INIT_PRIORITY(.fini_array.*) SORT_BY_INIT_PRIORITY(.dtors.*))
 *(.fini_array EXCLUDE_FILE(*crtend?.o *crtend.o *crtbegin?.o *crtbegin.o) .dtors)
                [!provide]                        PROVIDE (__fini_array_end = .)

.ctors
 *crtbegin.o(.ctors)
 *crtbegin?.o(.ctors)
 *(EXCLUDE_FILE(*crtend?.o *crtend.o) .ctors)
 *(SORT_BY_NAME(.ctors.*))
 *(.ctors)

.dtors
 *crtbegin.o(.dtors)
 *crtbegin?.o(.dtors)
 *(EXCLUDE_FILE(*crtend?.o *crtend.o) .dtors)
 *(SORT_BY_NAME(.dtors.*))
 *(.dtors)

.dalign         0x0000000020000000        0x0 load address 0x0000000000004470
                0x0000000020000000                . = ALIGN (0x4)
                0x0000000020000000                PROVIDE (_data_vma = .)

.dlalign        0x0000000000004470        0x0
                0x0000000000004470                . = ALIGN (0x4)
                0x0000000000004470                PROVIDE (_data_lma = .)

.data           0x0000000020000000       0x90 load address 0x0000000000004470
 *(.gnu.linkonce.r.*)
 *(.data .data.*)
 .data.APBAHBPrescTable
                0x0000000020000000       0x10 ./Peripheral/src/ch32v20x_rcc.o
 .data.impure_data
                0x0000000020000010       0x60 /Applications/MounRiver Studio 2.app/Contents/Resources/app/resources/darwin/components/WCH/Toolchain/RISC-V Embedded GCC/bin/../lib/gcc/riscv-none-embed/8.2.0/../../../../riscv-none-embed/lib/rv32imacxw/ilp32/libg_nano.a(lib_a-impure.o)
 *(.gnu.linkonce.d.*)
                0x0000000020000070                . = ALIGN (0x8)
                0x0000000020000870                PROVIDE (__global_pointer$ = (. + 0x800))
 *(.sdata .sdata.*)
 .sdata.SystemCoreClock
                0x0000000020000070        0x4 ./User/system_ch32v20x.o
                0x0000000020000070                SystemCoreClock
 .sdata.ADCPrescTable
                0x0000000020000074        0x4 ./Peripheral/src/ch32v20x_rcc.o
 .sdata.curbrk.4652
                0x0000000020000078        0x4 ./Debug/debug.o
 .sdata._impure_ptr
                0x000000002000007c        0x4 /Applications/MounRiver Studio 2.app/Contents/Resources/app/resources/darwin/components/WCH/Toolchain/RISC-V Embedded GCC/bin/../lib/gcc/riscv-none-embed/8.2.0/../../../../riscv-none-embed/lib/rv32imacxw/ilp32/libg_nano.a(lib_a-impure.o)
                0x000000002000007c                _impure_ptr
 *(.sdata2.*)
 .sdata2.CSWTCH.7
                0x0000000020000080        0x7 ./User/P14_Flash_Storage.o
 *fill*         0x0000000020000087        0x1 
 .sdata2._global_impure_ptr
                0x0000000020000088        0x4 /Applications/MounRiver Studio 2.app/Contents/Resources/app/resources/darwin/components/WCH/Toolchain/RISC-V Embedded GCC/bin/../lib/gcc/riscv-none-embed/8.2.0/../../../../riscv-none-embed/lib/rv32imacxw/ilp32/libg_nano.a(lib_a-impure.o)
                0x0000000020000088                _global_impure_ptr
 *(.gnu.linkonce.s.*)
                0x0000000020000090                . = ALIGN (0x8)
 *fill*         0x000000002000008c        0x4 
 *(.srodata.cst16)
 *(.srodata.cst8)
 *(.srodata.cst4)
 *(.srodata.cst2)
 *(.srodata .srodata.*)
                0x0000000020000090                . = ALIGN (0x4)
                0x0000000020000090                PROVIDE (_edata = .)

.bss            0x0000000020000090      0x628 load address 0x0000000000004500
                0x0000000020000090                . = ALIGN (0x4)
                0x0000000020000090                PROVIDE (_sbss = .)
 *(.sbss*)
 .sbss.g_activeBlockAddr
                0x0000000020000090        0x4 ./User/P14_Flash_Storage.o
 .sbss.MCU_Version
                0x0000000020000094        0x1 ./Peripheral/src/ch32v20x_gpio.o
                0x0000000020000094                MCU_Version
 *fill*         0x0000000020000095        0x3 
 .sbss.NVIC_Priority_Group
                0x0000000020000098        0x4 ./Peripheral/src/ch32v20x_misc.o
                0x0000000020000098                NVIC_Priority_Group
 .sbss.p_ms     0x000000002000009c        0x2 ./Debug/debug.o
 .sbss.p_us     0x000000002000009e        0x1 ./Debug/debug.o
 *fill*         0x000000002000009f        0x1 
 .sbss.__malloc_free_list
                0x00000000200000a0        0x4 /Applications/MounRiver Studio 2.app/Contents/Resources/app/resources/darwin/components/WCH/Toolchain/RISC-V Embedded GCC/bin/../lib/gcc/riscv-none-embed/8.2.0/../../../../riscv-none-embed/lib/rv32imacxw/ilp32/libg_nano.a(lib_a-nano-mallocr.o)
                0x00000000200000a0                __malloc_free_list
 .sbss.__malloc_sbrk_start
                0x00000000200000a4        0x4 /Applications/MounRiver Studio 2.app/Contents/Resources/app/resources/darwin/components/WCH/Toolchain/RISC-V Embedded GCC/bin/../lib/gcc/riscv-none-embed/8.2.0/../../../../riscv-none-embed/lib/rv32imacxw/ilp32/libg_nano.a(lib_a-nano-mallocr.o)
                0x00000000200000a4                __malloc_sbrk_start
 *(.gnu.linkonce.sb.*)
 *(.bss*)
 .bss.g_paramBlock
                0x00000000200000a8      0x363 ./User/P14_Flash_Storage.o
 *fill*         0x000000002000040b        0x1 
 .bss.paramTable
                0x000000002000040c      0x2a6 ./User/parameter_table.o
 *(.gnu.linkonce.b.*)
 *(COMMON*)
 *fill*         0x00000000200006b2        0x2 
 COMMON         0x00000000200006b4        0x4 /Applications/MounRiver Studio 2.app/Contents/Resources/app/resources/darwin/components/WCH/Toolchain/RISC-V Embedded GCC/bin/../lib/gcc/riscv-none-embed/8.2.0/../../../../riscv-none-embed/lib/rv32imacxw/ilp32/libg_nano.a(lib_a-reent.o)
                0x00000000200006b4                errno
                0x00000000200006b8                . = ALIGN (0x4)
                0x00000000200006b8                PROVIDE (_ebss = .)
                0x00000000200006b8                PROVIDE (_end = _ebss)
                [!provide]                        PROVIDE (end = .)

.stack          0x0000000020004800      0x800
                0x0000000020004800                PROVIDE (_heap_end = .)
                0x0000000020004800                . = ALIGN (0x4)
                [!provide]                        PROVIDE (_susrstack = .)
                0x0000000020005000                . = (. + __stack_size)
 *fill*         0x0000000020004800      0x800 
                0x0000000020005000                PROVIDE (_eusrstack = .)
OUTPUT(CH32V203G8R6.elf elf32-littleriscv)

.debug_info     0x0000000000000000     0xff20
 .debug_info    0x0000000000000000     0x1f84 ./User/P14_Flash_Storage.o
 .debug_info    0x0000000000001f84     0x122c ./User/ch32v203_init.o
 .debug_info    0x00000000000031b0      0xd7e ./User/ch32v20x_it.o
 .debug_info    0x0000000000003f2e      0xeee ./User/main.o
 .debug_info    0x0000000000004e1c      0xedc ./User/parameter_table.o
 .debug_info    0x0000000000005cf8     0x2012 ./User/parameter_test.o
 .debug_info    0x0000000000007d0a      0xb30 ./User/system_ch32v20x.o
 .debug_info    0x000000000000883a       0x22 ./Startup/startup_ch32v20x_D6.o
 .debug_info    0x000000000000885c      0xa89 ./Peripheral/src/ch32v20x_dbgmcu.o
 .debug_info    0x00000000000092e5     0x15d2 ./Peripheral/src/ch32v20x_flash.o
 .debug_info    0x000000000000a8b7     0x1349 ./Peripheral/src/ch32v20x_gpio.o
 .debug_info    0x000000000000bc00      0xe61 ./Peripheral/src/ch32v20x_misc.o
 .debug_info    0x000000000000ca61     0x1268 ./Peripheral/src/ch32v20x_rcc.o
 .debug_info    0x000000000000dcc9     0x1335 ./Peripheral/src/ch32v20x_usart.o
 .debug_info    0x000000000000effe      0xf22 ./Debug/debug.o

.debug_abbrev   0x0000000000000000     0x2d15
 .debug_abbrev  0x0000000000000000      0x47b ./User/P14_Flash_Storage.o
 .debug_abbrev  0x000000000000047b      0x276 ./User/ch32v203_init.o
 .debug_abbrev  0x00000000000006f1      0x2aa ./User/ch32v20x_it.o
 .debug_abbrev  0x000000000000099b      0x26b ./User/main.o
 .debug_abbrev  0x0000000000000c06      0x3a7 ./User/parameter_table.o
 .debug_abbrev  0x0000000000000fad      0x3b3 ./User/parameter_test.o
 .debug_abbrev  0x0000000000001360      0x2b0 ./User/system_ch32v20x.o
 .debug_abbrev  0x0000000000001610       0x12 ./Startup/startup_ch32v20x_D6.o
 .debug_abbrev  0x0000000000001622      0x2f7 ./Peripheral/src/ch32v20x_dbgmcu.o
 .debug_abbrev  0x0000000000001919      0x468 ./Peripheral/src/ch32v20x_flash.o
 .debug_abbrev  0x0000000000001d81      0x34b ./Peripheral/src/ch32v20x_gpio.o
 .debug_abbrev  0x00000000000020cc      0x2ea ./Peripheral/src/ch32v20x_misc.o
 .debug_abbrev  0x00000000000023b6      0x36b ./Peripheral/src/ch32v20x_rcc.o
 .debug_abbrev  0x0000000000002721      0x312 ./Peripheral/src/ch32v20x_usart.o
 .debug_abbrev  0x0000000000002a33      0x2e2 ./Debug/debug.o

.debug_loc      0x0000000000000000     0x393f
 .debug_loc     0x0000000000000000      0xbe7 ./User/P14_Flash_Storage.o
 .debug_loc     0x0000000000000be7       0x1e ./User/ch32v20x_it.o
 .debug_loc     0x0000000000000c05       0x5a ./User/main.o
 .debug_loc     0x0000000000000c5f      0x346 ./User/parameter_table.o
 .debug_loc     0x0000000000000fa5      0x2e6 ./User/parameter_test.o
 .debug_loc     0x000000000000128b       0xac ./User/system_ch32v20x.o
 .debug_loc     0x0000000000001337       0x7c ./Peripheral/src/ch32v20x_dbgmcu.o
 .debug_loc     0x00000000000013b3      0xc9b ./Peripheral/src/ch32v20x_flash.o
 .debug_loc     0x000000000000204e      0x8a1 ./Peripheral/src/ch32v20x_gpio.o
 .debug_loc     0x00000000000028ef       0x2d ./Peripheral/src/ch32v20x_misc.o
 .debug_loc     0x000000000000291c      0x797 ./Peripheral/src/ch32v20x_rcc.o
 .debug_loc     0x00000000000030b3      0x715 ./Peripheral/src/ch32v20x_usart.o
 .debug_loc     0x00000000000037c8      0x177 ./Debug/debug.o

.debug_aranges  0x0000000000000000      0x700
 .debug_aranges
                0x0000000000000000       0x98 ./User/P14_Flash_Storage.o
 .debug_aranges
                0x0000000000000098       0x38 ./User/ch32v203_init.o
 .debug_aranges
                0x00000000000000d0       0x30 ./User/ch32v20x_it.o
 .debug_aranges
                0x0000000000000100       0x28 ./User/main.o
 .debug_aranges
                0x0000000000000128       0x80 ./User/parameter_table.o
 .debug_aranges
                0x00000000000001a8       0x60 ./User/parameter_test.o
 .debug_aranges
                0x0000000000000208       0x28 ./User/system_ch32v20x.o
 .debug_aranges
                0x0000000000000230       0x30 ./Startup/startup_ch32v20x_D6.o
 .debug_aranges
                0x0000000000000260       0x48 ./Peripheral/src/ch32v20x_dbgmcu.o
 .debug_aranges
                0x00000000000002a8      0x110 ./Peripheral/src/ch32v20x_flash.o
 .debug_aranges
                0x00000000000003b8       0xb0 ./Peripheral/src/ch32v20x_gpio.o
 .debug_aranges
                0x0000000000000468       0x28 ./Peripheral/src/ch32v20x_misc.o
 .debug_aranges
                0x0000000000000490      0x130 ./Peripheral/src/ch32v20x_rcc.o
 .debug_aranges
                0x00000000000005c0       0xf0 ./Peripheral/src/ch32v20x_usart.o
 .debug_aranges
                0x00000000000006b0       0x50 ./Debug/debug.o

.debug_ranges   0x0000000000000000      0x968
 .debug_ranges  0x0000000000000000      0x1f0 ./User/P14_Flash_Storage.o
 .debug_ranges  0x00000000000001f0       0x28 ./User/ch32v203_init.o
 .debug_ranges  0x0000000000000218       0x20 ./User/ch32v20x_it.o
 .debug_ranges  0x0000000000000238       0x18 ./User/main.o
 .debug_ranges  0x0000000000000250      0x128 ./User/parameter_table.o
 .debug_ranges  0x0000000000000378      0x138 ./User/parameter_test.o
 .debug_ranges  0x00000000000004b0       0x18 ./User/system_ch32v20x.o
 .debug_ranges  0x00000000000004c8       0x28 ./Startup/startup_ch32v20x_D6.o
 .debug_ranges  0x00000000000004f0       0x50 ./Peripheral/src/ch32v20x_dbgmcu.o
 .debug_ranges  0x0000000000000540      0x100 ./Peripheral/src/ch32v20x_flash.o
 .debug_ranges  0x0000000000000640       0xa0 ./Peripheral/src/ch32v20x_gpio.o
 .debug_ranges  0x00000000000006e0       0x48 ./Peripheral/src/ch32v20x_misc.o
 .debug_ranges  0x0000000000000728      0x120 ./Peripheral/src/ch32v20x_rcc.o
 .debug_ranges  0x0000000000000848       0xe0 ./Peripheral/src/ch32v20x_usart.o
 .debug_ranges  0x0000000000000928       0x40 ./Debug/debug.o

.debug_line     0x0000000000000000     0xbbfa
 .debug_line    0x0000000000000000     0x149b ./User/P14_Flash_Storage.o
 .debug_line    0x000000000000149b      0x988 ./User/ch32v203_init.o
 .debug_line    0x0000000000001e23      0x457 ./User/ch32v20x_it.o
 .debug_line    0x000000000000227a      0x77b ./User/main.o
 .debug_line    0x00000000000029f5      0x932 ./User/parameter_table.o
 .debug_line    0x0000000000003327     0x10d5 ./User/parameter_test.o
 .debug_line    0x00000000000043fc      0x69d ./User/system_ch32v20x.o
 .debug_line    0x0000000000004a99      0x121 ./Startup/startup_ch32v20x_D6.o
 .debug_line    0x0000000000004bba      0x459 ./Peripheral/src/ch32v20x_dbgmcu.o
 .debug_line    0x0000000000005013     0x2620 ./Peripheral/src/ch32v20x_flash.o
 .debug_line    0x0000000000007633     0x16f6 ./Peripheral/src/ch32v20x_gpio.o
 .debug_line    0x0000000000008d29      0x4c8 ./Peripheral/src/ch32v20x_misc.o
 .debug_line    0x00000000000091f1     0x127e ./Peripheral/src/ch32v20x_rcc.o
 .debug_line    0x000000000000a46f      0xf61 ./Peripheral/src/ch32v20x_usart.o
 .debug_line    0x000000000000b3d0      0x82a ./Debug/debug.o

.debug_str      0x0000000000000000     0x28bf
 .debug_str     0x0000000000000000      0xd25 ./User/P14_Flash_Storage.o
                                        0xe17 (size before relaxing)
 .debug_str     0x0000000000000d25      0x714 ./User/ch32v203_init.o
                                        0xcfc (size before relaxing)
 .debug_str     0x0000000000001439      0x115 ./User/ch32v20x_it.o
                                        0x755 (size before relaxing)
 .debug_str     0x000000000000154e       0xbc ./User/main.o
                                        0x711 (size before relaxing)
 .debug_str     0x000000000000160a       0xdd ./User/parameter_table.o
                                        0x780 (size before relaxing)
 .debug_str     0x00000000000016e7      0x22e ./User/parameter_test.o
                                        0xb06 (size before relaxing)
 .debug_str     0x0000000000001915       0xf3 ./User/system_ch32v20x.o
                                        0x6c0 (size before relaxing)
 .debug_str     0x0000000000001a08       0x2d ./Startup/startup_ch32v20x_D6.o
                                         0x76 (size before relaxing)
 .debug_str     0x0000000000001a35       0x87 ./Peripheral/src/ch32v20x_dbgmcu.o
                                        0x666 (size before relaxing)
 .debug_str     0x0000000000001abc      0x415 ./Peripheral/src/ch32v20x_flash.o
                                        0xb3f (size before relaxing)
 .debug_str     0x0000000000001ed1      0x254 ./Peripheral/src/ch32v20x_gpio.o
                                        0x9dc (size before relaxing)
 .debug_str     0x0000000000002125       0x9c ./Peripheral/src/ch32v20x_misc.o
                                        0xa9e (size before relaxing)
 .debug_str     0x00000000000021c1      0x382 ./Peripheral/src/ch32v20x_rcc.o
                                        0xaee (size before relaxing)
 .debug_str     0x0000000000002543      0x2ed ./Peripheral/src/ch32v20x_usart.o
                                        0xb0a (size before relaxing)
 .debug_str     0x0000000000002830       0x8f ./Debug/debug.o
                                        0x931 (size before relaxing)

.comment        0x0000000000000000       0x32
 .comment       0x0000000000000000       0x32 ./User/P14_Flash_Storage.o
                                         0x33 (size before relaxing)
 .comment       0x0000000000000032       0x33 ./User/ch32v203_init.o
 .comment       0x0000000000000032       0x33 ./User/ch32v20x_it.o
 .comment       0x0000000000000032       0x33 ./User/main.o
 .comment       0x0000000000000032       0x33 ./User/parameter_table.o
 .comment       0x0000000000000032       0x33 ./User/parameter_test.o
 .comment       0x0000000000000032       0x33 ./User/system_ch32v20x.o
 .comment       0x0000000000000032       0x33 ./Peripheral/src/ch32v20x_dbgmcu.o
 .comment       0x0000000000000032       0x33 ./Peripheral/src/ch32v20x_flash.o
 .comment       0x0000000000000032       0x33 ./Peripheral/src/ch32v20x_gpio.o
 .comment       0x0000000000000032       0x33 ./Peripheral/src/ch32v20x_misc.o
 .comment       0x0000000000000032       0x33 ./Peripheral/src/ch32v20x_rcc.o
 .comment       0x0000000000000032       0x33 ./Peripheral/src/ch32v20x_usart.o
 .comment       0x0000000000000032       0x33 ./Debug/debug.o
 .comment       0x0000000000000032       0x33 /Applications/MounRiver Studio 2.app/Contents/Resources/app/resources/darwin/components/WCH/Toolchain/RISC-V Embedded GCC/bin/../lib/gcc/riscv-none-embed/8.2.0/rv32imacxw/ilp32/libgcc.a(muldf3.o)
 .comment       0x0000000000000032       0x33 /Applications/MounRiver Studio 2.app/Contents/Resources/app/resources/darwin/components/WCH/Toolchain/RISC-V Embedded GCC/bin/../lib/gcc/riscv-none-embed/8.2.0/rv32imacxw/ilp32/libgcc.a(floatsidf.o)
 .comment       0x0000000000000032       0x33 /Applications/MounRiver Studio 2.app/Contents/Resources/app/resources/darwin/components/WCH/Toolchain/RISC-V Embedded GCC/bin/../lib/gcc/riscv-none-embed/8.2.0/rv32imacxw/ilp32/libgcc.a(extendsfdf2.o)
 .comment       0x0000000000000032       0x33 /Applications/MounRiver Studio 2.app/Contents/Resources/app/resources/darwin/components/WCH/Toolchain/RISC-V Embedded GCC/bin/../lib/gcc/riscv-none-embed/8.2.0/rv32imacxw/ilp32/libgcc.a(_clzsi2.o)
 .comment       0x0000000000000032       0x33 /Applications/MounRiver Studio 2.app/Contents/Resources/app/resources/darwin/components/WCH/Toolchain/RISC-V Embedded GCC/bin/../lib/gcc/riscv-none-embed/8.2.0/rv32imacxw/ilp32/libgcc.a(_clz.o)

.debug_frame    0x0000000000000000     0x1a80
 .debug_frame   0x0000000000000000      0x294 ./User/P14_Flash_Storage.o
 .debug_frame   0x0000000000000294       0xa8 ./User/ch32v203_init.o
 .debug_frame   0x000000000000033c       0x4c ./User/ch32v20x_it.o
 .debug_frame   0x0000000000000388       0x54 ./User/main.o
 .debug_frame   0x00000000000003dc      0x150 ./User/parameter_table.o
 .debug_frame   0x000000000000052c      0x170 ./User/parameter_test.o
 .debug_frame   0x000000000000069c       0x30 ./User/system_ch32v20x.o
 .debug_frame   0x00000000000006cc       0x70 ./Peripheral/src/ch32v20x_dbgmcu.o
 .debug_frame   0x000000000000073c      0x380 ./Peripheral/src/ch32v20x_flash.o
 .debug_frame   0x0000000000000abc      0x170 ./Peripheral/src/ch32v20x_gpio.o
 .debug_frame   0x0000000000000c2c       0x30 ./Peripheral/src/ch32v20x_misc.o
 .debug_frame   0x0000000000000c5c      0x254 ./Peripheral/src/ch32v20x_rcc.o
 .debug_frame   0x0000000000000eb0      0x1e4 ./Peripheral/src/ch32v20x_usart.o
 .debug_frame   0x0000000000001094       0xb8 ./Debug/debug.o
 .debug_frame   0x000000000000114c       0x20 /Applications/MounRiver Studio 2.app/Contents/Resources/app/resources/darwin/components/WCH/Toolchain/RISC-V Embedded GCC/bin/../lib/gcc/riscv-none-embed/8.2.0/../../../../riscv-none-embed/lib/rv32imacxw/ilp32/libg_nano.a(lib_a-memcpy.o)
 .debug_frame   0x000000000000116c       0x54 /Applications/MounRiver Studio 2.app/Contents/Resources/app/resources/darwin/components/WCH/Toolchain/RISC-V Embedded GCC/bin/../lib/gcc/riscv-none-embed/8.2.0/../../../../riscv-none-embed/lib/rv32imacxw/ilp32/libg_nano.a(lib_a-printf.o)
 .debug_frame   0x00000000000011c0       0x54 /Applications/MounRiver Studio 2.app/Contents/Resources/app/resources/darwin/components/WCH/Toolchain/RISC-V Embedded GCC/bin/../lib/gcc/riscv-none-embed/8.2.0/../../../../riscv-none-embed/lib/rv32imacxw/ilp32/libg_nano.a(lib_a-puts.o)
 .debug_frame   0x0000000000001214       0x50 /Applications/MounRiver Studio 2.app/Contents/Resources/app/resources/darwin/components/WCH/Toolchain/RISC-V Embedded GCC/bin/../lib/gcc/riscv-none-embed/8.2.0/../../../../riscv-none-embed/lib/rv32imacxw/ilp32/libg_nano.a(lib_a-wbuf.o)
 .debug_frame   0x0000000000001264       0x3c /Applications/MounRiver Studio 2.app/Contents/Resources/app/resources/darwin/components/WCH/Toolchain/RISC-V Embedded GCC/bin/../lib/gcc/riscv-none-embed/8.2.0/../../../../riscv-none-embed/lib/rv32imacxw/ilp32/libg_nano.a(lib_a-wsetup.o)
 .debug_frame   0x00000000000012a0       0x7c /Applications/MounRiver Studio 2.app/Contents/Resources/app/resources/darwin/components/WCH/Toolchain/RISC-V Embedded GCC/bin/../lib/gcc/riscv-none-embed/8.2.0/../../../../riscv-none-embed/lib/rv32imacxw/ilp32/libg_nano.a(lib_a-fflush.o)
 .debug_frame   0x000000000000131c      0x148 /Applications/MounRiver Studio 2.app/Contents/Resources/app/resources/darwin/components/WCH/Toolchain/RISC-V Embedded GCC/bin/../lib/gcc/riscv-none-embed/8.2.0/../../../../riscv-none-embed/lib/rv32imacxw/ilp32/libg_nano.a(lib_a-findfp.o)
 .debug_frame   0x0000000000001464       0x88 /Applications/MounRiver Studio 2.app/Contents/Resources/app/resources/darwin/components/WCH/Toolchain/RISC-V Embedded GCC/bin/../lib/gcc/riscv-none-embed/8.2.0/../../../../riscv-none-embed/lib/rv32imacxw/ilp32/libg_nano.a(lib_a-fwalk.o)
 .debug_frame   0x00000000000014ec       0x64 /Applications/MounRiver Studio 2.app/Contents/Resources/app/resources/darwin/components/WCH/Toolchain/RISC-V Embedded GCC/bin/../lib/gcc/riscv-none-embed/8.2.0/../../../../riscv-none-embed/lib/rv32imacxw/ilp32/libg_nano.a(lib_a-makebuf.o)
 .debug_frame   0x0000000000001550       0x40 /Applications/MounRiver Studio 2.app/Contents/Resources/app/resources/darwin/components/WCH/Toolchain/RISC-V Embedded GCC/bin/../lib/gcc/riscv-none-embed/8.2.0/../../../../riscv-none-embed/lib/rv32imacxw/ilp32/libg_nano.a(lib_a-nano-freer.o)
 .debug_frame   0x0000000000001590       0x40 /Applications/MounRiver Studio 2.app/Contents/Resources/app/resources/darwin/components/WCH/Toolchain/RISC-V Embedded GCC/bin/../lib/gcc/riscv-none-embed/8.2.0/../../../../riscv-none-embed/lib/rv32imacxw/ilp32/libg_nano.a(lib_a-nano-mallocr.o)
 .debug_frame   0x00000000000015d0       0xd0 /Applications/MounRiver Studio 2.app/Contents/Resources/app/resources/darwin/components/WCH/Toolchain/RISC-V Embedded GCC/bin/../lib/gcc/riscv-none-embed/8.2.0/../../../../riscv-none-embed/lib/rv32imacxw/ilp32/libg_nano.a(lib_a-nano-vfprintf.o)
 .debug_frame   0x00000000000016a0       0x8c /Applications/MounRiver Studio 2.app/Contents/Resources/app/resources/darwin/components/WCH/Toolchain/RISC-V Embedded GCC/bin/../lib/gcc/riscv-none-embed/8.2.0/../../../../riscv-none-embed/lib/rv32imacxw/ilp32/libg_nano.a(lib_a-nano-vfprintf_i.o)
 .debug_frame   0x000000000000172c       0x30 /Applications/MounRiver Studio 2.app/Contents/Resources/app/resources/darwin/components/WCH/Toolchain/RISC-V Embedded GCC/bin/../lib/gcc/riscv-none-embed/8.2.0/../../../../riscv-none-embed/lib/rv32imacxw/ilp32/libg_nano.a(lib_a-sbrkr.o)
 .debug_frame   0x000000000000175c       0xa4 /Applications/MounRiver Studio 2.app/Contents/Resources/app/resources/darwin/components/WCH/Toolchain/RISC-V Embedded GCC/bin/../lib/gcc/riscv-none-embed/8.2.0/../../../../riscv-none-embed/lib/rv32imacxw/ilp32/libg_nano.a(lib_a-stdio.o)
 .debug_frame   0x0000000000001800       0x30 /Applications/MounRiver Studio 2.app/Contents/Resources/app/resources/darwin/components/WCH/Toolchain/RISC-V Embedded GCC/bin/../lib/gcc/riscv-none-embed/8.2.0/../../../../riscv-none-embed/lib/rv32imacxw/ilp32/libg_nano.a(lib_a-writer.o)
 .debug_frame   0x0000000000001830       0x30 /Applications/MounRiver Studio 2.app/Contents/Resources/app/resources/darwin/components/WCH/Toolchain/RISC-V Embedded GCC/bin/../lib/gcc/riscv-none-embed/8.2.0/../../../../riscv-none-embed/lib/rv32imacxw/ilp32/libg_nano.a(lib_a-closer.o)
 .debug_frame   0x0000000000001860       0x30 /Applications/MounRiver Studio 2.app/Contents/Resources/app/resources/darwin/components/WCH/Toolchain/RISC-V Embedded GCC/bin/../lib/gcc/riscv-none-embed/8.2.0/../../../../riscv-none-embed/lib/rv32imacxw/ilp32/libg_nano.a(lib_a-fstatr.o)
 .debug_frame   0x0000000000001890       0x30 /Applications/MounRiver Studio 2.app/Contents/Resources/app/resources/darwin/components/WCH/Toolchain/RISC-V Embedded GCC/bin/../lib/gcc/riscv-none-embed/8.2.0/../../../../riscv-none-embed/lib/rv32imacxw/ilp32/libg_nano.a(lib_a-isattyr.o)
 .debug_frame   0x00000000000018c0       0x30 /Applications/MounRiver Studio 2.app/Contents/Resources/app/resources/darwin/components/WCH/Toolchain/RISC-V Embedded GCC/bin/../lib/gcc/riscv-none-embed/8.2.0/../../../../riscv-none-embed/lib/rv32imacxw/ilp32/libg_nano.a(lib_a-lseekr.o)
 .debug_frame   0x00000000000018f0       0x20 /Applications/MounRiver Studio 2.app/Contents/Resources/app/resources/darwin/components/WCH/Toolchain/RISC-V Embedded GCC/bin/../lib/gcc/riscv-none-embed/8.2.0/../../../../riscv-none-embed/lib/rv32imacxw/ilp32/libg_nano.a(lib_a-memchr.o)
 .debug_frame   0x0000000000001910       0x30 /Applications/MounRiver Studio 2.app/Contents/Resources/app/resources/darwin/components/WCH/Toolchain/RISC-V Embedded GCC/bin/../lib/gcc/riscv-none-embed/8.2.0/../../../../riscv-none-embed/lib/rv32imacxw/ilp32/libg_nano.a(lib_a-mlock.o)
 .debug_frame   0x0000000000001940       0x30 /Applications/MounRiver Studio 2.app/Contents/Resources/app/resources/darwin/components/WCH/Toolchain/RISC-V Embedded GCC/bin/../lib/gcc/riscv-none-embed/8.2.0/../../../../riscv-none-embed/lib/rv32imacxw/ilp32/libg_nano.a(lib_a-readr.o)
 .debug_frame   0x0000000000001970       0x70 /Applications/MounRiver Studio 2.app/Contents/Resources/app/resources/darwin/components/WCH/Toolchain/RISC-V Embedded GCC/bin/../lib/gcc/riscv-none-embed/8.2.0/../../../../riscv-none-embed/lib/rv32imacxw/ilp32/libg_nano.a(lib_a-reent.o)
 .debug_frame   0x00000000000019e0       0x20 /Applications/MounRiver Studio 2.app/Contents/Resources/app/resources/darwin/components/WCH/Toolchain/RISC-V Embedded GCC/bin/../lib/gcc/riscv-none-embed/8.2.0/../../../../riscv-none-embed/lib/rv32imacxw/ilp32/libnosys.a(close.o)
 .debug_frame   0x0000000000001a00       0x20 /Applications/MounRiver Studio 2.app/Contents/Resources/app/resources/darwin/components/WCH/Toolchain/RISC-V Embedded GCC/bin/../lib/gcc/riscv-none-embed/8.2.0/../../../../riscv-none-embed/lib/rv32imacxw/ilp32/libnosys.a(fstat.o)
 .debug_frame   0x0000000000001a20       0x20 /Applications/MounRiver Studio 2.app/Contents/Resources/app/resources/darwin/components/WCH/Toolchain/RISC-V Embedded GCC/bin/../lib/gcc/riscv-none-embed/8.2.0/../../../../riscv-none-embed/lib/rv32imacxw/ilp32/libnosys.a(isatty.o)
 .debug_frame   0x0000000000001a40       0x20 /Applications/MounRiver Studio 2.app/Contents/Resources/app/resources/darwin/components/WCH/Toolchain/RISC-V Embedded GCC/bin/../lib/gcc/riscv-none-embed/8.2.0/../../../../riscv-none-embed/lib/rv32imacxw/ilp32/libnosys.a(lseek.o)
 .debug_frame   0x0000000000001a60       0x20 /Applications/MounRiver Studio 2.app/Contents/Resources/app/resources/darwin/components/WCH/Toolchain/RISC-V Embedded GCC/bin/../lib/gcc/riscv-none-embed/8.2.0/../../../../riscv-none-embed/lib/rv32imacxw/ilp32/libnosys.a(read.o)

.stab           0x0000000000000000       0x84
 .stab          0x0000000000000000       0x24 /Applications/MounRiver Studio 2.app/Contents/Resources/app/resources/darwin/components/WCH/Toolchain/RISC-V Embedded GCC/bin/../lib/gcc/riscv-none-embed/8.2.0/../../../../riscv-none-embed/lib/rv32imacxw/ilp32/libnosys.a(close.o)
 .stab          0x0000000000000024       0x18 /Applications/MounRiver Studio 2.app/Contents/Resources/app/resources/darwin/components/WCH/Toolchain/RISC-V Embedded GCC/bin/../lib/gcc/riscv-none-embed/8.2.0/../../../../riscv-none-embed/lib/rv32imacxw/ilp32/libnosys.a(fstat.o)
                                         0x24 (size before relaxing)
 .stab          0x000000000000003c       0x18 /Applications/MounRiver Studio 2.app/Contents/Resources/app/resources/darwin/components/WCH/Toolchain/RISC-V Embedded GCC/bin/../lib/gcc/riscv-none-embed/8.2.0/../../../../riscv-none-embed/lib/rv32imacxw/ilp32/libnosys.a(isatty.o)
                                         0x24 (size before relaxing)
 .stab          0x0000000000000054       0x18 /Applications/MounRiver Studio 2.app/Contents/Resources/app/resources/darwin/components/WCH/Toolchain/RISC-V Embedded GCC/bin/../lib/gcc/riscv-none-embed/8.2.0/../../../../riscv-none-embed/lib/rv32imacxw/ilp32/libnosys.a(lseek.o)
                                         0x24 (size before relaxing)
 .stab          0x000000000000006c       0x18 /Applications/MounRiver Studio 2.app/Contents/Resources/app/resources/darwin/components/WCH/Toolchain/RISC-V Embedded GCC/bin/../lib/gcc/riscv-none-embed/8.2.0/../../../../riscv-none-embed/lib/rv32imacxw/ilp32/libnosys.a(read.o)
                                         0x24 (size before relaxing)

.stabstr        0x0000000000000000      0x117
 .stabstr       0x0000000000000000      0x117 /Applications/MounRiver Studio 2.app/Contents/Resources/app/resources/darwin/components/WCH/Toolchain/RISC-V Embedded GCC/bin/../lib/gcc/riscv-none-embed/8.2.0/../../../../riscv-none-embed/lib/rv32imacxw/ilp32/libnosys.a(close.o)
