Archive member included to satisfy reference by file (symbol)

/Applications/MounRiver Studio 2.app/Contents/Resources/app/resources/darwin/components/WCH/Toolchain/RISC-V Embedded GCC/bin/../lib/gcc/riscv-none-embed/8.2.0/rv32imacxw/ilp32/libgcc.a(divsf3.o)
                              ./User/main.o (__divsf3)
/Applications/MounRiver Studio 2.app/Contents/Resources/app/resources/darwin/components/WCH/Toolchain/RISC-V Embedded GCC/bin/../lib/gcc/riscv-none-embed/8.2.0/rv32imacxw/ilp32/libgcc.a(floatsisf.o)
                              ./User/main.o (__floatsisf)
/Applications/MounRiver Studio 2.app/Contents/Resources/app/resources/darwin/components/WCH/Toolchain/RISC-V Embedded GCC/bin/../lib/gcc/riscv-none-embed/8.2.0/rv32imacxw/ilp32/libgcc.a(extendsfdf2.o)
                              ./User/main.o (__extendsfdf2)
/Applications/MounRiver Studio 2.app/Contents/Resources/app/resources/darwin/components/WCH/Toolchain/RISC-V Embedded GCC/bin/../lib/gcc/riscv-none-embed/8.2.0/rv32imacxw/ilp32/libgcc.a(save-restore.o)
                              ./User/param_table.o (__riscv_save_12)
/Applications/MounRiver Studio 2.app/Contents/Resources/app/resources/darwin/components/WCH/Toolchain/RISC-V Embedded GCC/bin/../lib/gcc/riscv-none-embed/8.2.0/rv32imacxw/ilp32/libgcc.a(_clzsi2.o)
                              /Applications/MounRiver Studio 2.app/Contents/Resources/app/resources/darwin/components/WCH/Toolchain/RISC-V Embedded GCC/bin/../lib/gcc/riscv-none-embed/8.2.0/rv32imacxw/ilp32/libgcc.a(divsf3.o) (__clzsi2)
/Applications/MounRiver Studio 2.app/Contents/Resources/app/resources/darwin/components/WCH/Toolchain/RISC-V Embedded GCC/bin/../lib/gcc/riscv-none-embed/8.2.0/rv32imacxw/ilp32/libgcc.a(_clz.o)
                              /Applications/MounRiver Studio 2.app/Contents/Resources/app/resources/darwin/components/WCH/Toolchain/RISC-V Embedded GCC/bin/../lib/gcc/riscv-none-embed/8.2.0/rv32imacxw/ilp32/libgcc.a(_clzsi2.o) (__clz_tab)
/Applications/MounRiver Studio 2.app/Contents/Resources/app/resources/darwin/components/WCH/Toolchain/RISC-V Embedded GCC/bin/../lib/gcc/riscv-none-embed/8.2.0/../../../../riscv-none-embed/lib/rv32imacxw/ilp32/libg_nano.a(lib_a-memcpy.o)
                              ./User/P14_UART.o (memcpy)
/Applications/MounRiver Studio 2.app/Contents/Resources/app/resources/darwin/components/WCH/Toolchain/RISC-V Embedded GCC/bin/../lib/gcc/riscv-none-embed/8.2.0/../../../../riscv-none-embed/lib/rv32imacxw/ilp32/libg_nano.a(lib_a-memset.o)
                              ./User/param_storage.o (memset)
/Applications/MounRiver Studio 2.app/Contents/Resources/app/resources/darwin/components/WCH/Toolchain/RISC-V Embedded GCC/bin/../lib/gcc/riscv-none-embed/8.2.0/../../../../riscv-none-embed/lib/rv32imacxw/ilp32/libg_nano.a(lib_a-printf.o)
                              ./User/P14_UART.o (printf)
/Applications/MounRiver Studio 2.app/Contents/Resources/app/resources/darwin/components/WCH/Toolchain/RISC-V Embedded GCC/bin/../lib/gcc/riscv-none-embed/8.2.0/../../../../riscv-none-embed/lib/rv32imacxw/ilp32/libg_nano.a(lib_a-puts.o)
                              ./User/P14_UART.o (puts)
/Applications/MounRiver Studio 2.app/Contents/Resources/app/resources/darwin/components/WCH/Toolchain/RISC-V Embedded GCC/bin/../lib/gcc/riscv-none-embed/8.2.0/../../../../riscv-none-embed/lib/rv32imacxw/ilp32/libg_nano.a(lib_a-strcpy.o)
                              ./User/param_storage.o (strcpy)
/Applications/MounRiver Studio 2.app/Contents/Resources/app/resources/darwin/components/WCH/Toolchain/RISC-V Embedded GCC/bin/../lib/gcc/riscv-none-embed/8.2.0/../../../../riscv-none-embed/lib/rv32imacxw/ilp32/libg_nano.a(lib_a-wbuf.o)
                              /Applications/MounRiver Studio 2.app/Contents/Resources/app/resources/darwin/components/WCH/Toolchain/RISC-V Embedded GCC/bin/../lib/gcc/riscv-none-embed/8.2.0/../../../../riscv-none-embed/lib/rv32imacxw/ilp32/libg_nano.a(lib_a-puts.o) (__swbuf_r)
/Applications/MounRiver Studio 2.app/Contents/Resources/app/resources/darwin/components/WCH/Toolchain/RISC-V Embedded GCC/bin/../lib/gcc/riscv-none-embed/8.2.0/../../../../riscv-none-embed/lib/rv32imacxw/ilp32/libg_nano.a(lib_a-wsetup.o)
                              /Applications/MounRiver Studio 2.app/Contents/Resources/app/resources/darwin/components/WCH/Toolchain/RISC-V Embedded GCC/bin/../lib/gcc/riscv-none-embed/8.2.0/../../../../riscv-none-embed/lib/rv32imacxw/ilp32/libg_nano.a(lib_a-puts.o) (__swsetup_r)
/Applications/MounRiver Studio 2.app/Contents/Resources/app/resources/darwin/components/WCH/Toolchain/RISC-V Embedded GCC/bin/../lib/gcc/riscv-none-embed/8.2.0/../../../../riscv-none-embed/lib/rv32imacxw/ilp32/libg_nano.a(lib_a-fflush.o)
                              /Applications/MounRiver Studio 2.app/Contents/Resources/app/resources/darwin/components/WCH/Toolchain/RISC-V Embedded GCC/bin/../lib/gcc/riscv-none-embed/8.2.0/../../../../riscv-none-embed/lib/rv32imacxw/ilp32/libg_nano.a(lib_a-wbuf.o) (_fflush_r)
[...]
Memory Configuration

Name             Origin             Length             Attributes
FLASH            0x0000000000000000 0x0000000000010000 xr
RAM              0x0000000020000000 0x0000000000005000 xrw
*default*        0x0000000000000000 0xffffffffffffffff

Linker script and memory map

LOAD ./User/P14_UART.o
LOAD ./User/ch32v20x_it.o
LOAD ./User/main.o
LOAD ./User/param_storage.o
LOAD ./User/param_table.o
LOAD ./User/system_ch32v20x.o
LOAD ./Startup/startup_ch32v20x_D6.o
LOAD ./Peripheral/src/ch32v20x_adc.o
LOAD ./Peripheral/src/ch32v20x_bkp.o
LOAD ./Peripheral/src/ch32v20x_can.o
LOAD ./Peripheral/src/ch32v20x_crc.o
LOAD ./Peripheral/src/ch32v20x_dbgmcu.o
LOAD ./Peripheral/src/ch32v20x_dma.o
LOAD ./Peripheral/src/ch32v20x_exti.o
LOAD ./Peripheral/src/ch32v20x_flash.o
LOAD ./Peripheral/src/ch32v20x_gpio.o
LOAD ./Peripheral/src/ch32v20x_i2c.o
LOAD ./Peripheral/src/ch32v20x_iwdg.o
LOAD ./Peripheral/src/ch32v20x_misc.o
LOAD ./Peripheral/src/ch32v20x_opa.o
LOAD ./Peripheral/src/ch32v20x_pwr.o
LOAD ./Peripheral/src/ch32v20x_rcc.o
LOAD ./Peripheral/src/ch32v20x_rtc.o
LOAD ./Peripheral/src/ch32v20x_spi.o
LOAD ./Peripheral/src/ch32v20x_tim.o
LOAD ./Peripheral/src/ch32v20x_usart.o
LOAD ./Peripheral/src/ch32v20x_wwdg.o
LOAD ./Debug/debug.o
LOAD ./Core/core_riscv.o
LOAD /Applications/MounRiver Studio 2.app/Contents/Resources/app/resources/darwin/components/WCH/Toolchain/RISC-V Embedded GCC/bin/../lib/gcc/riscv-none-embed/8.2.0/rv32imacxw/ilp32/libgcc.a
LOAD /Applications/MounRiver Studio 2.app/Contents/Resources/app/resources/darwin/components/WCH/Toolchain/RISC-V Embedded GCC/bin/../lib/gcc/riscv-none-embed/8.2.0/../../../../riscv-none-embed/lib/rv32imacxw/ilp32/libg_nano.a
LOAD /Applications/MounRiver Studio 2.app/Contents/Resources/app/resources/darwin/components/WCH/Toolchain/RISC-V Embedded GCC/bin/../lib/gcc/riscv-none-embed/8.2.0/../../../../riscv-none-embed/lib/rv32imacxw/ilp32/libc_nano.a
LOAD /Applications/MounRiver Studio 2.app/Contents/Resources/app/resources/darwin/components/WCH/Toolchain/RISC-V Embedded GCC/bin/../lib/gcc/riscv-none-embed/8.2.0/rv32imacxw/ilp32/libgcc.a
START GROUP
LOAD /Applications/MounRiver Studio 2.app/Contents/Resources/app/resources/darwin/components/WCH/Toolchain/RISC-V Embedded GCC/bin/../lib/gcc/riscv-none-embed/8.2.0/rv32imacxw/ilp32/libgcc.a
LOAD /Applications/MounRiver Studio 2.app/Contents/Resources/app/resources/darwin/components/WCH/Toolchain/RISC-V Embedded GCC/bin/../lib/gcc/riscv-none-embed/8.2.0/../../../../riscv-none-embed/lib/rv32imacxw/ilp32/libc_nano.a
LOAD /Applications/MounRiver Studio 2.app/Contents/Resources/app/resources/darwin/components/WCH/Toolchain/RISC-V Embedded GCC/bin/../lib/gcc/riscv-none-embed/8.2.0/../../../../riscv-none-embed/lib/rv32imacxw/ilp32/libnosys.a
END GROUP
START GROUP
LOAD /Applications/MounRiver Studio 2.app/Contents/Resources/app/resources/darwin/components/WCH/Toolchain/RISC-V Embedded GCC/bin/../lib/gcc/riscv-none-embed/8.2.0/rv32imacxw/ilp32/libgcc.a
LOAD /Applications/MounRiver Studio 2.app/Contents/Resources/app/resources/darwin/components/WCH/Toolchain/RISC-V Embedded GCC/bin/../lib/gcc/riscv-none-embed/8.2.0/../../../../riscv-none-embed/lib/rv32imacxw/ilp32/libc_nano.a
LOAD /Applications/MounRiver Studio 2.app/Contents/Resources/app/resources/darwin/components/WCH/Toolchain/RISC-V Embedded GCC/bin/../lib/gcc/riscv-none-embed/8.2.0/../../../../riscv-none-embed/lib/rv32imacxw/ilp32/libnosys.a
END GROUP
                0x0000000000000800                __stack_size = 0x800
                [!provide]                        PROVIDE (_stack_size = __stack_size)

.init           0x0000000000000000        0x4
                0x0000000000000000                _sinit = .
                0x0000000000000000                . = ALIGN (0x4)
 *(SORT_NONE(.init))
 .init          0x0000000000000000        0x4 ./Startup/startup_ch32v20x_D6.o
                0x0000000000000000                _start
                0x0000000000000004                . = ALIGN (0x4)
                0x0000000000000004                _einit = .

.vector         0x0000000000000004       0xfc
 *(.vector)
 .vector        0x0000000000000004       0xfc ./Startup/startup_ch32v20x_D6.o
                0x0000000000000100                . = ALIGN (0x40)

.text           0x0000000000000100     0x3b18
                0x0000000000000100                . = ALIGN (0x4)
 *(.text)
 .text          0x0000000000000100       0x60 /Applications/MounRiver Studio 2.app/Contents/Resources/app/resources/darwin/components/WCH/Toolchain/RISC-V Embedded GCC/bin/../lib/gcc/riscv-none-embed/8.2.0/rv32imacxw/ilp32/libgcc.a(save-restore.o)
                0x0000000000000100                __riscv_save_12
                0x0000000000000108                __riscv_save_10
                0x0000000000000108                __riscv_save_8
                0x0000000000000108                __riscv_save_11
                0x0000000000000108                __riscv_save_9
                0x0000000000000116                __riscv_save_4
                0x0000000000000116                __riscv_save_7
                0x0000000000000116                __riscv_save_6
                0x0000000000000116                __riscv_save_5
                0x0000000000000130                __riscv_save_3
                0x0000000000000130                __riscv_save_2
                0x0000000000000130                __riscv_save_0
                0x0000000000000130                __riscv_save_1
                0x000000000000013c                __riscv_restore_12
                0x0000000000000140                __riscv_restore_8
                0x0000000000000140                __riscv_restore_10
                0x0000000000000140                __riscv_restore_9
                0x0000000000000140                __riscv_restore_11
                0x000000000000014a                __riscv_restore_5
                0x000000000000014a                __riscv_restore_7
                0x000000000000014a                __riscv_restore_4
                0x000000000000014a                __riscv_restore_6
                0x0000000000000154                __riscv_restore_3
                0x0000000000000154                __riscv_restore_1
                0x0000000000000154                __riscv_restore_0
                0x0000000000000154                __riscv_restore_2
 .text          0x0000000000000160       0xa8 /Applications/MounRiver Studio 2.app/Contents/Resources/app/resources/darwin/components/WCH/Toolchain/RISC-V Embedded GCC/bin/../lib/gcc/riscv-none-embed/8.2.0/../../../../riscv-none-embed/lib/rv32imacxw/ilp32/libg_nano.a(lib_a-memset.o)
                0x0000000000000160                memset
 *(.text.*)
 .text.UART_Init
                0x0000000000000208       0xbc ./User/P14_UART.o
                0x0000000000000208                UART_Init
 .text.UART_SendData
                0x00000000000002c4       0x3a ./User/P14_UART.o
                0x00000000000002c4                UART_SendData
 .text.UART_CalculateChecksum
                0x00000000000002fe       0x20 ./User/P14_UART.o
                0x00000000000002fe                UART_CalculateChecksum
 .text.UART_SendPacket
                0x000000000000031e       0x60 ./User/P14_UART.o
                0x000000000000031e                UART_SendPacket
 .text.UART_SendError
                0x000000000000037e       0x2c ./User/P14_UART.o
                0x000000000000037e                UART_SendError
 .text.UART_HandleSyncTime
                0x00000000000003aa       0x78 ./User/P14_UART.o
                0x00000000000003aa                UART_HandleSyncTime
 .text.UART_HandleDeviceStatusRequest
                0x0000000000000422       0x82 ./User/P14_UART.o
                0x0000000000000422                UART_HandleDeviceStatusRequest
 .text.UART_HandleSetCodeEvent
                0x00000000000004a4       0x66 ./User/P14_UART.o
                0x00000000000004a4                UART_HandleSetCodeEvent
 .text.UART_HandleBloodSampleRequest
                0x000000000000050a       0x60 ./User/P14_UART.o
                0x000000000000050a                UART_HandleBloodSampleRequest
 .text.UART_HandleResultRequest
                0x000000000000056a      0x166 ./User/P14_UART.o
                0x000000000000056a                UART_HandleResultRequest
 .text.UART_HandleRawDataRequest
                0x00000000000006d0       0x4c ./User/P14_UART.o
                0x00000000000006d0                UART_HandleRawDataRequest
 .text.UART_ForwardBLECommand
                0x000000000000071c       0x46 ./User/P14_UART.o
                0x000000000000071c                UART_ForwardBLECommand
 .text.UART_ProcessData
                0x0000000000000762       0xf2 ./User/P14_UART.o
                0x0000000000000762                UART_ProcessData
 .text.UART_RxCallback
                0x0000000000000854       0x5e ./User/P14_UART.o
                0x0000000000000854                UART_RxCallback
 .text.USART2_IRQHandler
                0x00000000000008b2       0x3c ./User/P14_UART.o
                0x00000000000008b2                USART2_IRQHandler
 .text.NMI_Handler
                0x00000000000008ee        0x2 ./User/ch32v20x_it.o
                0x00000000000008ee                NMI_Handler
 .text.HardFault_Handler
                0x00000000000008f0       0x10 ./User/ch32v20x_it.o
                0x00000000000008f0                HardFault_Handler
 .text.printBasicSystemInfo
                0x0000000000000900      0x11c ./User/main.o
                0x0000000000000900                printBasicSystemInfo
 .text.printHardwareCalibInfo
                0x0000000000000a1c       0xb6 ./User/main.o
                0x0000000000000a1c                printHardwareCalibInfo
 .text.printBloodGlucoseInfo
                0x0000000000000ad2       0xa6 ./User/main.o
                0x0000000000000ad2                printBloodGlucoseInfo
 .text.simulateTest
                0x0000000000000b78       0xe6 ./User/main.o
                0x0000000000000b78                simulateTest
 .text.printTestRecords
                0x0000000000000c5e      0x114 ./User/main.o
                0x0000000000000c5e                printTestRecords
 .text.startup.main
                0x0000000000000d72      0x152 ./User/main.o
                0x0000000000000d72                main
 .text.FlashErasePage
                0x0000000000000ec4       0x2a ./User/param_storage.o
 .text.FlashWrite
                0x0000000000000eee       0x40 ./User/param_storage.o
 .text.CalculateCRC8.constprop.4
                0x0000000000000f2e       0x40 ./User/param_storage.o
 .text.ValidateBlock
                0x0000000000000f6e       0x4c ./User/param_storage.o
 .text.UpdateBlockChecksum
                0x0000000000000fba       0x2e ./User/param_storage.o
 .text.SetDefaultParameters
                0x0000000000000fe8       0x96 ./User/param_storage.o
 .text.PARAM_Init
                0x000000000000107e      0x126 ./User/param_storage.o
                0x000000000000107e                PARAM_Init
 .text.PARAM_ReadBlock
                0x00000000000011a4       0x50 ./User/param_storage.o
                0x00000000000011a4                PARAM_ReadBlock
 .text.PARAM_UpdateBlock
                0x00000000000011f4       0x8e ./User/param_storage.o
                0x00000000000011f4                PARAM_UpdateBlock
 .text.PARAM_GetDateTime
                0x0000000000001282       0x5c ./User/param_storage.o
                0x0000000000001282                PARAM_GetDateTime
 .text.PARAM_UpdateDateTime
                0x00000000000012de       0x48 ./User/param_storage.o
                0x00000000000012de                PARAM_UpdateDateTime
 .text.PARAM_IncreaseTestCount
                0x0000000000001326       0x24 ./User/param_storage.o
                0x0000000000001326                PARAM_IncreaseTestCount
 .text.PARAM_SaveTestRecord
                0x000000000000134a       0x5a ./User/param_storage.o
                0x000000000000134a                PARAM_SaveTestRecord
 .text.PARAM_GetTestRecordCount
                0x00000000000013a4       0x28 ./User/param_storage.o
                0x00000000000013a4                PARAM_GetTestRecordCount
 .text.PARAM_ReadTestRecords
                0x00000000000013cc       0x90 ./User/param_storage.o
                0x00000000000013cc                PARAM_ReadTestRecords
 .text.SystemInit
                0x000000000000145c       0xa8 ./User/system_ch32v20x.o
                0x000000000000145c                SystemInit
 .text.SystemCoreClockUpdate
                0x0000000000001504       0x8e ./User/system_ch32v20x.o
                0x0000000000001504                SystemCoreClockUpdate
 .text.vector_handler
                0x0000000000001592        0x2 ./Startup/startup_ch32v20x_D6.o
                0x0000000000001592                USBWakeUp_IRQHandler
                0x0000000000001592                TIM1_CC_IRQHandler
                0x0000000000001592                SysTick_Handler
                0x0000000000001592                PVD_IRQHandler
                0x0000000000001592                EXTI3_IRQHandler
                0x0000000000001592                USBFS_IRQHandler
                0x0000000000001592                EXTI0_IRQHandler
                0x0000000000001592                I2C2_EV_IRQHandler
                0x0000000000001592                ADC1_2_IRQHandler
                0x0000000000001592                Break_Point_Handler
                0x0000000000001592                SPI1_IRQHandler
                0x0000000000001592                TAMPER_IRQHandler
                0x0000000000001592                Ecall_M_Mode_Handler
                0x0000000000001592                DMA1_Channel4_IRQHandler
                0x0000000000001592                USART3_IRQHandler
                0x0000000000001592                RTC_IRQHandler
                0x0000000000001592                DMA1_Channel7_IRQHandler
                0x0000000000001592                CAN1_RX1_IRQHandler
                0x0000000000001592                TIM4_IRQHandler
                0x0000000000001592                I2C1_EV_IRQHandler
                0x0000000000001592                DMA1_Channel6_IRQHandler
                0x0000000000001592                UART4_IRQHandler
                0x0000000000001592                TIM3_IRQHandler
                0x0000000000001592                RCC_IRQHandler
                0x0000000000001592                TIM1_TRG_COM_IRQHandler
                0x0000000000001592                DMA1_Channel1_IRQHandler
                0x0000000000001592                EXTI15_10_IRQHandler
                0x0000000000001592                DMA1_Channel8_IRQHandler
                0x0000000000001592                EXTI9_5_IRQHandler
                0x0000000000001592                SPI2_IRQHandler
                0x0000000000001592                DMA1_Channel5_IRQHandler
                0x0000000000001592                EXTI4_IRQHandler
                0x0000000000001592                USB_LP_CAN1_RX0_IRQHandler
                0x0000000000001592                USB_HP_CAN1_TX_IRQHandler
                0x0000000000001592                DMA1_Channel3_IRQHandler
                0x0000000000001592                TIM1_UP_IRQHandler
                0x0000000000001592                WWDG_IRQHandler
                0x0000000000001592                Ecall_U_Mode_Handler
                0x0000000000001592                TIM2_IRQHandler
                0x0000000000001592                SW_Handler
                0x0000000000001592                TIM1_BRK_IRQHandler
                0x0000000000001592                EXTI1_IRQHandler
                0x0000000000001592                RTCAlarm_IRQHandler
                0x0000000000001592                I2C2_ER_IRQHandler
                0x0000000000001592                DMA1_Channel2_IRQHandler
                0x0000000000001592                CAN1_SCE_IRQHandler
                0x0000000000001592                FLASH_IRQHandler
                0x0000000000001592                USBFSWakeUp_IRQHandler
                0x0000000000001592                USART1_IRQHandler
                0x0000000000001592                I2C1_ER_IRQHandler
                0x0000000000001592                EXTI2_IRQHandler
 .text.handle_reset
                0x0000000000001594       0x86 ./Startup/startup_ch32v20x_D6.o
                0x0000000000001594                handle_reset
 .text.DBGMCU_GetCHIPID
                0x000000000000161a        0xa ./Peripheral/src/ch32v20x_dbgmcu.o
                0x000000000000161a                DBGMCU_GetCHIPID
 .text.FLASH_Unlock
                0x0000000000001624       0x1a ./Peripheral/src/ch32v20x_flash.o
                0x0000000000001624                FLASH_Unlock
 .text.FLASH_Lock
                0x000000000000163e        0xe ./Peripheral/src/ch32v20x_flash.o
                0x000000000000163e                FLASH_Lock
 .text.FLASH_GetBank1Status
                0x000000000000164c       0x18 ./Peripheral/src/ch32v20x_flash.o
                0x000000000000164c                FLASH_GetBank1Status
 .text.FLASH_WaitForLastOperation
                0x0000000000001664       0x20 ./Peripheral/src/ch32v20x_flash.o
                0x0000000000001664                FLASH_WaitForLastOperation
 .text.FLASH_ErasePage
                0x0000000000001684       0x38 ./Peripheral/src/ch32v20x_flash.o
                0x0000000000001684                FLASH_ErasePage
 .text.FLASH_ProgramWord
                0x00000000000016bc       0x4e ./Peripheral/src/ch32v20x_flash.o
                0x00000000000016bc                FLASH_ProgramWord
 .text.GPIO_Init
                0x000000000000170a       0xf2 ./Peripheral/src/ch32v20x_gpio.o
                0x000000000000170a                GPIO_Init
 .text.NVIC_PriorityGroupConfig
                0x00000000000017fc        0x6 ./Peripheral/src/ch32v20x_misc.o
                0x00000000000017fc                NVIC_PriorityGroupConfig
 .text.NVIC_Init
                0x0000000000001802       0x54 ./Peripheral/src/ch32v20x_misc.o
                0x0000000000001802                NVIC_Init
 .text.RCC_GetClocksFreq
                0x0000000000001856       0xbe ./Peripheral/src/ch32v20x_rcc.o
                0x0000000000001856                RCC_GetClocksFreq
 .text.RCC_APB2PeriphClockCmd
                0x0000000000001914       0x1e ./Peripheral/src/ch32v20x_rcc.o
                0x0000000000001914                RCC_APB2PeriphClockCmd
 .text.RCC_APB1PeriphClockCmd
                0x0000000000001932       0x1e ./Peripheral/src/ch32v20x_rcc.o
                0x0000000000001932                RCC_APB1PeriphClockCmd
 .text.USART_Init
                0x0000000000001950       0x8e ./Peripheral/src/ch32v20x_usart.o
                0x0000000000001950                USART_Init
 .text.USART_Cmd
                0x00000000000019de       0x16 ./Peripheral/src/ch32v20x_usart.o
                0x00000000000019de                USART_Cmd
 .text.USART_ITConfig
                0x00000000000019f4       0x36 ./Peripheral/src/ch32v20x_usart.o
                0x00000000000019f4                USART_ITConfig
 .text.USART_SendData
                0x0000000000001a2a        0x8 ./Peripheral/src/ch32v20x_usart.o
                0x0000000000001a2a                USART_SendData
 .text.USART_ReceiveData
                0x0000000000001a32        0x8 ./Peripheral/src/ch32v20x_usart.o
                0x0000000000001a32                USART_ReceiveData
 .text.USART_GetFlagStatus
                0x0000000000001a3a        0xa ./Peripheral/src/ch32v20x_usart.o
                0x0000000000001a3a                USART_GetFlagStatus
 .text.USART_GetITStatus
                0x0000000000001a44       0x3c ./Peripheral/src/ch32v20x_usart.o
                0x0000000000001a44                USART_GetITStatus
 .text.USART_ClearITPendingBit
                0x0000000000001a80       0x14 ./Peripheral/src/ch32v20x_usart.o
                0x0000000000001a80                USART_ClearITPendingBit
 .text.Delay_Init
                0x0000000000001a94       0x2a ./Debug/debug.o
                0x0000000000001a94                Delay_Init
 .text.Delay_Ms
                0x0000000000001abe       0x36 ./Debug/debug.o
                0x0000000000001abe                Delay_Ms
 .text.USART_Printf_Init
                0x0000000000001af4       0x54 ./Debug/debug.o
                0x0000000000001af4                USART_Printf_Init
 .text._write   0x0000000000001b48       0x3a ./Debug/debug.o
                0x0000000000001b48                _write
 .text._sbrk    0x0000000000001b82       0x26 ./Debug/debug.o
                0x0000000000001b82                _sbrk
 .text.__divsf3
                0x0000000000001ba8      0x2ae /Applications/MounRiver Studio 2.app/Contents/Resources/app/resources/darwin/components/WCH/Toolchain/RISC-V Embedded GCC/bin/../lib/gcc/riscv-none-embed/8.2.0/rv32imacxw/ilp32/libgcc.a(divsf3.o)
                0x0000000000001ba8                __divsf3
 .text.__floatsisf
                0x0000000000001e56       0xc6 /Applications/MounRiver Studio 2.app/Contents/Resources/app/resources/darwin/components/WCH/Toolchain/RISC-V Embedded GCC/bin/../lib/gcc/riscv-none-embed/8.2.0/rv32imacxw/ilp32/libgcc.a(floatsisf.o)
                0x0000000000001e56                __floatsisf
 .text.__extendsfdf2
                0x0000000000001f1c       0xac /Applications/MounRiver Studio 2.app/Contents/Resources/app/resources/darwin/components/WCH/Toolchain/RISC-V Embedded GCC/bin/../lib/gcc/riscv-none-embed/8.2.0/rv32imacxw/ilp32/libgcc.a(extendsfdf2.o)
                0x0000000000001f1c                __extendsfdf2
 .text.__clzsi2
                0x0000000000001fc8       0x6e /Applications/MounRiver Studio 2.app/Contents/Resources/app/resources/darwin/components/WCH/Toolchain/RISC-V Embedded GCC/bin/../lib/gcc/riscv-none-embed/8.2.0/rv32imacxw/ilp32/libgcc.a(_clzsi2.o)
                0x0000000000001fc8                __clzsi2
 .text.memcpy   0x0000000000002036       0xb2 /Applications/MounRiver Studio 2.app/Contents/Resources/app/resources/darwin/components/WCH/Toolchain/RISC-V Embedded GCC/bin/../lib/gcc/riscv-none-embed/8.2.0/../../../../riscv-none-embed/lib/rv32imacxw/ilp32/libg_nano.a(lib_a-memcpy.o)
                0x0000000000002036                memcpy
 .text.printf   0x00000000000020e8       0x40 /Applications/MounRiver Studio 2.app/Contents/Resources/app/resources/darwin/components/WCH/Toolchain/RISC-V Embedded GCC/bin/../lib/gcc/riscv-none-embed/8.2.0/../../../../riscv-none-embed/lib/rv32imacxw/ilp32/libg_nano.a(lib_a-printf.o)
                0x00000000000020e8                printf
                0x00000000000020e8                iprintf
 .text._puts_r  0x0000000000002128       0xd4 /Applications/MounRiver Studio 2.app/Contents/Resources/app/resources/darwin/components/WCH/Toolchain/RISC-V Embedded GCC/bin/../lib/gcc/riscv-none-embed/8.2.0/../../../../riscv-none-embed/lib/rv32imacxw/ilp32/libg_nano.a(lib_a-puts.o)
                0x0000000000002128                _puts_r
 .text.puts     0x00000000000021fc        0xa /Applications/MounRiver Studio 2.app/Contents/Resources/app/resources/darwin/components/WCH/Toolchain/RISC-V Embedded GCC/bin/../lib/gcc/riscv-none-embed/8.2.0/../../../../riscv-none-embed/lib/rv32imacxw/ilp32/libg_nano.a(lib_a-puts.o)
                0x00000000000021fc                puts
 .text.strcpy   0x0000000000002206       0x10 /Applications/MounRiver Studio 2.app/Contents/Resources/app/resources/darwin/components/WCH/Toolchain/RISC-V Embedded GCC/bin/../lib/gcc/riscv-none-embed/8.2.0/../../../../riscv-none-embed/lib/rv32imacxw/ilp32/libg_nano.a(lib_a-strcpy.o)
                0x0000000000002206                strcpy
 .text.__swbuf_r
                0x0000000000002216       0xbc /Applications/MounRiver Studio 2.app/Contents/Resources/app/resources/darwin/components/WCH/Toolchain/RISC-V Embedded GCC/bin/../lib/gcc/riscv-none-embed/8.2.0/../../../../riscv-none-embed/lib/rv32imacxw/ilp32/libg_nano.a(lib_a-wbuf.o)
                0x0000000000002216                __swbuf_r
 .text.__swsetup_r
                0x00000000000022d2       0xfc /Applications/MounRiver Studio 2.app/Contents/Resources/app/resources/darwin/components/WCH/Toolchain/RISC-V Embedded GCC/bin/../lib/gcc/riscv-none-embed/8.2.0/../../../../riscv-none-embed/lib/rv32imacxw/ilp32/libg_nano.a(lib_a-wsetup.o)
                0x00000000000022d2                __swsetup_r
 .text.__sflush_r
                0x00000000000023ce      0x130 /Applications/MounRiver Studio 2.app/Contents/Resources/app/resources/darwin/components/WCH/Toolchain/RISC-V Embedded GCC/bin/../lib/gcc/riscv-none-embed/8.2.0/../../../../riscv-none-embed/lib/rv32imacxw/ilp32/libg_nano.a(lib_a-fflush.o)
                0x00000000000023ce                __sflush_r
 .text._fflush_r
                0x00000000000024fe       0x64 /Applications/MounRiver Studio 2.app/Contents/Resources/app/resources/darwin/components/WCH/Toolchain/RISC-V Embedded GCC/bin/../lib/gcc/riscv-none-embed/8.2.0/../../../../riscv-none-embed/lib/rv32imacxw/ilp32/libg_nano.a(lib_a-fflush.o)
                0x00000000000024fe                _fflush_r
 .text.std      0x0000000000002562       0x66 /Applications/MounRiver Studio 2.app/Contents/Resources/app/resources/darwin/components/WCH/Toolchain/RISC-V Embedded GCC/bin/../lib/gcc/riscv-none-embed/8.2.0/../../../../riscv-none-embed/lib/rv32imacxw/ilp32/libg_nano.a(lib_a-findfp.o)
 .text._cleanup_r
                0x00000000000025c8        0xa /Applications/MounRiver Studio 2.app/Contents/Resources/app/resources/darwin/components/WCH/Toolchain/RISC-V Embedded GCC/bin/../lib/gcc/riscv-none-embed/8.2.0/../../../../riscv-none-embed/lib/rv32imacxw/ilp32/libg_nano.a(lib_a-findfp.o)
                0x00000000000025c8                _cleanup_r
 .text.__sfmoreglue
                0x00000000000025d2       0x46 /Applications/MounRiver Studio 2.app/Contents/Resources/app/resources/darwin/components/WCH/Toolchain/RISC-V Embedded GCC/bin/../lib/gcc/riscv-none-embed/8.2.0/../../../../riscv-none-embed/lib/rv32imacxw/ilp32/libg_nano.a(lib_a-findfp.o)
                0x00000000000025d2                __sfmoreglue
 .text.__sinit  0x0000000000002618       0x66 /Applications/MounRiver Studio 2.app/Contents/Resources/app/resources/darwin/components/WCH/Toolchain/RISC-V Embedded GCC/bin/../lib/gcc/riscv-none-embed/8.2.0/../../../../riscv-none-embed/lib/rv32imacxw/ilp32/libg_nano.a(lib_a-findfp.o)
                0x0000000000002618                __sinit
 .text.__sfp    0x000000000000267e       0x9c /Applications/MounRiver Studio 2.app/Contents/Resources/app/resources/darwin/components/WCH/Toolchain/RISC-V Embedded GCC/bin/../lib/gcc/riscv-none-embed/8.2.0/../../../../riscv-none-embed/lib/rv32imacxw/ilp32/libg_nano.a(lib_a-findfp.o)
                0x000000000000267e                __sfp
 .text._fwalk_reent
                0x000000000000271a       0x6a /Applications/MounRiver Studio 2.app/Contents/Resources/app/resources/darwin/components/WCH/Toolchain/RISC-V Embedded GCC/bin/../lib/gcc/riscv-none-embed/8.2.0/../../../../riscv-none-embed/lib/rv32imacxw/ilp32/libg_nano.a(lib_a-fwalk.o)
                0x000000000000271a                _fwalk_reent
 .text.__swhatbuf_r
                0x0000000000002784       0x58 /Applications/MounRiver Studio 2.app/Contents/Resources/app/resources/darwin/components/WCH/Toolchain/RISC-V Embedded GCC/bin/../lib/gcc/riscv-none-embed/8.2.0/../../../../riscv-none-embed/lib/rv32imacxw/ilp32/libg_nano.a(lib_a-makebuf.o)
                0x0000000000002784                __swhatbuf_r
 .text.__smakebuf_r
                0x00000000000027dc       0x90 /Applications/MounRiver Studio 2.app/Contents/Resources/app/resources/darwin/components/WCH/Toolchain/RISC-V Embedded GCC/bin/../lib/gcc/riscv-none-embed/8.2.0/../../../../riscv-none-embed/lib/rv32imacxw/ilp32/libg_nano.a(lib_a-makebuf.o)
                0x00000000000027dc                __smakebuf_r
 .text._free_r  0x000000000000286c       0xa8 /Applications/MounRiver Studio 2.app/Contents/Resources/app/resources/darwin/components/WCH/Toolchain/RISC-V Embedded GCC/bin/../lib/gcc/riscv-none-embed/8.2.0/../../../../riscv-none-embed/lib/rv32imacxw/ilp32/libg_nano.a(lib_a-nano-freer.o)
                0x000000000000286c                _free_r
 .text._malloc_r
                0x0000000000002914       0xd4 /Applications/MounRiver Studio 2.app/Contents/Resources/app/resources/darwin/components/WCH/Toolchain/RISC-V Embedded GCC/bin/../lib/gcc/riscv-none-embed/8.2.0/../../../../riscv-none-embed/lib/rv32imacxw/ilp32/libg_nano.a(lib_a-nano-mallocr.o)
                0x0000000000002914                _malloc_r
 .text.__sfputc_r
                0x00000000000029e8       0x28 /Applications/MounRiver Studio 2.app/Contents/Resources/app/resources/darwin/components/WCH/Toolchain/RISC-V Embedded GCC/bin/../lib/gcc/riscv-none-embed/8.2.0/../../../../riscv-none-embed/lib/rv32imacxw/ilp32/libg_nano.a(lib_a-nano-vfprintf.o)
 .text.__sfputs_r
                0x0000000000002a10       0x40 /Applications/MounRiver Studio 2.app/Contents/Resources/app/resources/darwin/components/WCH/Toolchain/RISC-V Embedded GCC/bin/../lib/gcc/riscv-none-embed/8.2.0/../../../../riscv-none-embed/lib/rv32imacxw/ilp32/libg_nano.a(lib_a-nano-vfprintf.o)
                0x0000000000002a10                __sfputs_r
 .text._vfprintf_r
                0x0000000000002a50      0x286 /Applications/MounRiver Studio 2.app/Contents/Resources/app/resources/darwin/components/WCH/Toolchain/RISC-V Embedded GCC/bin/../lib/gcc/riscv-none-embed/8.2.0/../../../../riscv-none-embed/lib/rv32imacxw/ilp32/libg_nano.a(lib_a-nano-vfprintf.o)
                0x0000000000002a50                _vfiprintf_r
                0x0000000000002a50                _vfprintf_r
 .text._printf_common
                0x0000000000002cd6      0x10c /Applications/MounRiver Studio 2.app/Contents/Resources/app/resources/darwin/components/WCH/Toolchain/RISC-V Embedded GCC/bin/../lib/gcc/riscv-none-embed/8.2.0/../../../../riscv-none-embed/lib/rv32imacxw/ilp32/libg_nano.a(lib_a-nano-vfprintf_i.o)
                0x0000000000002cd6                _printf_common
 .text._printf_i
                0x0000000000002de2      0x2a2 /Applications/MounRiver Studio 2.app/Contents/Resources/app/resources/darwin/components/WCH/Toolchain/RISC-V Embedded GCC/bin/../lib/gcc/riscv-none-embed/8.2.0/../../../../riscv-none-embed/lib/rv32imacxw/ilp32/libg_nano.a(lib_a-nano-vfprintf_i.o)
                0x0000000000002de2                _printf_i
 .text._sbrk_r  0x0000000000003084       0x2a /Applications/MounRiver Studio 2.app/Contents/Resources/app/resources/darwin/components/WCH/Toolchain/RISC-V Embedded GCC/bin/../lib/gcc/riscv-none-embed/8.2.0/../../../../riscv-none-embed/lib/rv32imacxw/ilp32/libg_nano.a(lib_a-sbrkr.o)
                0x0000000000003084                _sbrk_r
 .text.__sread  0x00000000000030ae       0x2c /Applications/MounRiver Studio 2.app/Contents/Resources/app/resources/darwin/components/WCH/Toolchain/RISC-V Embedded GCC/bin/../lib/gcc/riscv-none-embed/8.2.0/../../../../riscv-none-embed/lib/rv32imacxw/ilp32/libg_nano.a(lib_a-stdio.o)
                0x00000000000030ae                __sread
 .text.__swrite
                0x00000000000030da       0x48 /Applications/MounRiver Studio 2.app/Contents/Resources/app/resources/darwin/components/WCH/Toolchain/RISC-V Embedded GCC/bin/../lib/gcc/riscv-none-embed/8.2.0/../../../../riscv-none-embed/lib/rv32imacxw/ilp32/libg_nano.a(lib_a-stdio.o)
                0x00000000000030da                __swrite
 .text.__sseek  0x0000000000003122       0x30 /Applications/MounRiver Studio 2.app/Contents/Resources/app/resources/darwin/components/WCH/Toolchain/RISC-V Embedded GCC/bin/../lib/gcc/riscv-none-embed/8.2.0/../../../../riscv-none-embed/lib/rv32imacxw/ilp32/libg_nano.a(lib_a-stdio.o)
                0x0000000000003122                __sseek
 .text.__sclose
                0x0000000000003152        0x6 /Applications/MounRiver Studio 2.app/Contents/Resources/app/resources/darwin/components/WCH/Toolchain/RISC-V Embedded GCC/bin/../lib/gcc/riscv-none-embed/8.2.0/../../../../riscv-none-embed/lib/rv32imacxw/ilp32/libg_nano.a(lib_a-stdio.o)
                0x0000000000003152                __sclose
 .text._write_r
                0x0000000000003158       0x2e /Applications/MounRiver Studio 2.app/Contents/Resources/app/resources/darwin/components/WCH/Toolchain/RISC-V Embedded GCC/bin/../lib/gcc/riscv-none-embed/8.2.0/../../../../riscv-none-embed/lib/rv32imacxw/ilp32/libg_nano.a(lib_a-writer.o)
                0x0000000000003158                _write_r
 .text._close_r
                0x0000000000003186       0x28 /Applications/MounRiver Studio 2.app/Contents/Resources/app/resources/darwin/components/WCH/Toolchain/RISC-V Embedded GCC/bin/../lib/gcc/riscv-none-embed/8.2.0/../../../../riscv-none-embed/lib/rv32imacxw/ilp32/libg_nano.a(lib_a-closer.o)
                0x0000000000003186                _close_r
 .text._fstat_r
                0x00000000000031ae       0x2a /Applications/MounRiver Studio 2.app/Contents/Resources/app/resources/darwin/components/WCH/Toolchain/RISC-V Embedded GCC/bin/../lib/gcc/riscv-none-embed/8.2.0/../../../../riscv-none-embed/lib/rv32imacxw/ilp32/libg_nano.a(lib_a-fstatr.o)
                0x00000000000031ae                _fstat_r
 .text._isatty_r
                0x00000000000031d8       0x28 /Applications/MounRiver Studio 2.app/Contents/Resources/app/resources/darwin/components/WCH/Toolchain/RISC-V Embedded GCC/bin/../lib/gcc/riscv-none-embed/8.2.0/../../../../riscv-none-embed/lib/rv32imacxw/ilp32/libg_nano.a(lib_a-isattyr.o)
                0x00000000000031d8                _isatty_r
 .text._lseek_r
                0x0000000000003200       0x2c /Applications/MounRiver Studio 2.app/Contents/Resources/app/resources/darwin/components/WCH/Toolchain/RISC-V Embedded GCC/bin/../lib/gcc/riscv-none-embed/8.2.0/../../../../riscv-none-embed/lib/rv32imacxw/ilp32/libg_nano.a(lib_a-lseekr.o)
                0x0000000000003200                _lseek_r
 .text.memchr   0x000000000000322c       0x18 /Applications/MounRiver Studio 2.app/Contents/Resources/app/resources/darwin/components/WCH/Toolchain/RISC-V Embedded GCC/bin/../lib/gcc/riscv-none-embed/8.2.0/../../../../riscv-none-embed/lib/rv32imacxw/ilp32/libg_nano.a(lib_a-memchr.o)
                0x000000000000322c                memchr
 .text.__malloc_lock
                0x0000000000003244        0x2 /Applications/MounRiver Studio 2.app/Contents/Resources/app/resources/darwin/components/WCH/Toolchain/RISC-V Embedded GCC/bin/../lib/gcc/riscv-none-embed/8.2.0/../../../../riscv-none-embed/lib/rv32imacxw/ilp32/libg_nano.a(lib_a-mlock.o)
                0x0000000000003244                __malloc_lock
 .text.__malloc_unlock
                0x0000000000003246        0x2 /Applications/MounRiver Studio 2.app/Contents/Resources/app/resources/darwin/components/WCH/Toolchain/RISC-V Embedded GCC/bin/../lib/gcc/riscv-none-embed/8.2.0/../../../../riscv-none-embed/lib/rv32imacxw/ilp32/libg_nano.a(lib_a-mlock.o)
                0x0000000000003246                __malloc_unlock
 .text._read_r  0x0000000000003248       0x2c /Applications/MounRiver Studio 2.app/Contents/Resources/app/resources/darwin/components/WCH/Toolchain/RISC-V Embedded GCC/bin/../lib/gcc/riscv-none-embed/8.2.0/../../../../riscv-none-embed/lib/rv32imacxw/ilp32/libg_nano.a(lib_a-readr.o)
                0x0000000000003248                _read_r
 .text._close   0x0000000000003274        0xc /Applications/MounRiver Studio 2.app/Contents/Resources/app/resources/darwin/components/WCH/Toolchain/RISC-V Embedded GCC/bin/../lib/gcc/riscv-none-embed/8.2.0/../../../../riscv-none-embed/lib/rv32imacxw/ilp32/libnosys.a(close.o)
                0x0000000000003274                _close
 .text._fstat   0x0000000000003280        0xc /Applications/MounRiver Studio 2.app/Contents/Resources/app/resources/darwin/components/WCH/Toolchain/RISC-V Embedded GCC/bin/../lib/gcc/riscv-none-embed/8.2.0/../../../../riscv-none-embed/lib/rv32imacxw/ilp32/libnosys.a(fstat.o)
                0x0000000000003280                _fstat
 .text._isatty  0x000000000000328c        0xc /Applications/MounRiver Studio 2.app/Contents/Resources/app/resources/darwin/components/WCH/Toolchain/RISC-V Embedded GCC/bin/../lib/gcc/riscv-none-embed/8.2.0/../../../../riscv-none-embed/lib/rv32imacxw/ilp32/libnosys.a(isatty.o)
                0x000000000000328c                _isatty
 .text._lseek   0x0000000000003298        0xc /Applications/MounRiver Studio 2.app/Contents/Resources/app/resources/darwin/components/WCH/Toolchain/RISC-V Embedded GCC/bin/../lib/gcc/riscv-none-embed/8.2.0/../../../../riscv-none-embed/lib/rv32imacxw/ilp32/libnosys.a(lseek.o)
                0x0000000000003298                _lseek
 .text._read    0x00000000000032a4        0xc /Applications/MounRiver Studio 2.app/Contents/Resources/app/resources/darwin/components/WCH/Toolchain/RISC-V Embedded GCC/bin/../lib/gcc/riscv-none-embed/8.2.0/../../../../riscv-none-embed/lib/rv32imacxw/ilp32/libnosys.a(read.o)
                0x00000000000032a4                _read
 *(.rodata)
 *(.rodata*)
 .rodata.UART_ForwardBLECommand
                0x00000000000032b0       0x18 ./User/P14_UART.o
 .rodata.UART_ProcessData
                0x00000000000032c8       0x18 ./User/P14_UART.o
 .rodata.UART_HandleBloodSampleRequest.str1.4
                0x00000000000032e0       0x1b ./User/P14_UART.o
 *fill*         0x00000000000032fb        0x5 
 .rodata.UART_HandleDeviceStatusRequest.cst8
                0x0000000000003300        0x8 ./User/P14_UART.o
 .rodata.UART_HandleDeviceStatusRequest.str1.4
                0x0000000000003308       0x3e ./User/P14_UART.o
 *fill*         0x0000000000003346        0x2 
 .rodata.UART_HandleRawDataRequest.str1.4
                0x0000000000003348       0x14 ./User/P14_UART.o
 .rodata.UART_HandleResultRequest.str1.4
                0x000000000000335c       0x2d ./User/P14_UART.o
 *fill*         0x0000000000003389        0x3 
 .rodata.UART_HandleSetCodeEvent.str1.4
                0x000000000000338c       0x18 ./User/P14_UART.o
 .rodata.UART_HandleSyncTime.str1.4
                0x00000000000033a4       0x2c ./User/P14_UART.o
 .rodata.UART_Init.str1.4
                0x00000000000033d0       0x1e ./User/P14_UART.o
 *fill*         0x00000000000033ee        0x2 
 .rodata.UART_SendError.str1.4
                0x00000000000033f0       0x2b ./User/P14_UART.o
 *fill*         0x000000000000341b        0x1 
 .rodata.UART_SendPacket.str1.4
                0x000000000000341c       0x1f ./User/P14_UART.o
 *fill*         0x000000000000343b        0x1 
 .rodata.CSWTCH.19
                0x000000000000343c        0xc ./User/main.o
 .rodata.CSWTCH.20
                0x0000000000003448       0x14 ./User/main.o
 .rodata.CSWTCH.21
                0x000000000000345c       0x14 ./User/main.o
 .rodata.CSWTCH.22
                0x0000000000003470        0xc ./User/main.o
 .rodata.main.str1.4
                0x000000000000347c       0xf4 ./User/main.o
 .rodata.printBasicSystemInfo.str1.4
                0x0000000000003570      0x168 ./User/main.o
 .rodata.printBloodGlucoseInfo.str1.4
                0x00000000000036d8       0xf5 ./User/main.o
 *fill*         0x00000000000037cd        0x3 
 .rodata.printHardwareCalibInfo.cst4
                0x00000000000037d0        0x4 ./User/main.o
 .rodata.printHardwareCalibInfo.str1.4
                0x00000000000037d4       0xc2 ./User/main.o
 *fill*         0x0000000000003896        0x2 
 .rodata.printTestRecords.str1.4
                0x0000000000003898       0x7e ./User/main.o
 *fill*         0x0000000000003916        0x2 
 .rodata.simulateTest.str1.4
                0x0000000000003918       0x65 ./User/main.o
 *fill*         0x000000000000397d        0x3 
 .rodata.str1.4
                0x0000000000003980       0x5e ./User/main.o
 *fill*         0x00000000000039de        0x2 
 .rodata.SetDefaultParameters.cst4
                0x00000000000039e0        0x4 ./User/param_storage.o
 .rodata.SetDefaultParameters.str1.4
                0x00000000000039e4       0x17 ./User/param_storage.o
 *fill*         0x00000000000039fb        0x1 
 .rodata.__divsf3
                0x00000000000039fc       0x80 /Applications/MounRiver Studio 2.app/Contents/Resources/app/resources/darwin/components/WCH/Toolchain/RISC-V Embedded GCC/bin/../lib/gcc/riscv-none-embed/8.2.0/rv32imacxw/ilp32/libgcc.a(divsf3.o)
 .rodata.__clz_tab
                0x0000000000003a7c      0x100 /Applications/MounRiver Studio 2.app/Contents/Resources/app/resources/darwin/components/WCH/Toolchain/RISC-V Embedded GCC/bin/../lib/gcc/riscv-none-embed/8.2.0/rv32imacxw/ilp32/libgcc.a(_clz.o)
                0x0000000000003a7c                __clz_tab
 .rodata.__sf_fake_stderr
                0x0000000000003b7c       0x20 /Applications/MounRiver Studio 2.app/Contents/Resources/app/resources/darwin/components/WCH/Toolchain/RISC-V Embedded GCC/bin/../lib/gcc/riscv-none-embed/8.2.0/../../../../riscv-none-embed/lib/rv32imacxw/ilp32/libg_nano.a(lib_a-findfp.o)
                0x0000000000003b7c                __sf_fake_stderr
 .rodata.__sf_fake_stdin
                0x0000000000003b9c       0x20 /Applications/MounRiver Studio 2.app/Contents/Resources/app/resources/darwin/components/WCH/Toolchain/RISC-V Embedded GCC/bin/../lib/gcc/riscv-none-embed/8.2.0/../../../../riscv-none-embed/lib/rv32imacxw/ilp32/libg_nano.a(lib_a-findfp.o)
                0x0000000000003b9c                __sf_fake_stdin
 .rodata.__sf_fake_stdout
                0x0000000000003bbc       0x20 /Applications/MounRiver Studio 2.app/Contents/Resources/app/resources/darwin/components/WCH/Toolchain/RISC-V Embedded GCC/bin/../lib/gcc/riscv-none-embed/8.2.0/../../../../riscv-none-embed/lib/rv32imacxw/ilp32/libg_nano.a(lib_a-findfp.o)
                0x0000000000003bbc                __sf_fake_stdout
 .rodata._vfprintf_r.str1.4
                0x0000000000003bdc       0x13 /Applications/MounRiver Studio 2.app/Contents/Resources/app/resources/darwin/components/WCH/Toolchain/RISC-V Embedded GCC/bin/../lib/gcc/riscv-none-embed/8.2.0/../../../../riscv-none-embed/lib/rv32imacxw/ilp32/libg_nano.a(lib_a-nano-vfprintf.o)
 *fill*         0x0000000000003bef        0x1 
 .rodata._printf_i.str1.4
                0x0000000000003bf0       0x28 /Applications/MounRiver Studio 2.app/Contents/Resources/app/resources/darwin/components/WCH/Toolchain/RISC-V Embedded GCC/bin/../lib/gcc/riscv-none-embed/8.2.0/../../../../riscv-none-embed/lib/rv32imacxw/ilp32/libg_nano.a(lib_a-nano-vfprintf_i.o)
                                         0x25 (size before relaxing)
 *(.gnu.linkonce.t.*)
                0x0000000000003c18                . = ALIGN (0x4)

.rela.dyn       0x0000000000003c18        0x0
 .rela.init     0x0000000000003c18        0x0 ./User/P14_UART.o
 .rela.vector   0x0000000000003c18        0x0 ./User/P14_UART.o
 .rela.text.handle_reset
                0x0000000000003c18        0x0 ./User/P14_UART.o
 .rela.text._sbrk
                0x0000000000003c18        0x0 ./User/P14_UART.o
 .rela.sdata.curbrk.4652
                0x0000000000003c18        0x0 ./User/P14_UART.o
 .rela.text._vfprintf_r
                0x0000000000003c18        0x0 ./User/P14_UART.o
 .rela.text._sbrk_r
                0x0000000000003c18        0x0 ./User/P14_UART.o
 .rela.text._write_r
                0x0000000000003c18        0x0 ./User/P14_UART.o
 .rela.text._close_r
                0x0000000000003c18        0x0 ./User/P14_UART.o
 .rela.text._fstat_r
                0x0000000000003c18        0x0 ./User/P14_UART.o
 .rela.text._isatty_r
                0x0000000000003c18        0x0 ./User/P14_UART.o
 .rela.text._lseek_r
                0x0000000000003c18        0x0 ./User/P14_UART.o
 .rela.text._read_r
                0x0000000000003c18        0x0 ./User/P14_UART.o
 .rela.text._close
                0x0000000000003c18        0x0 ./User/P14_UART.o
 .rela.text._fstat
                0x0000000000003c18        0x0 ./User/P14_UART.o
 .rela.text._isatty
                0x0000000000003c18        0x0 ./User/P14_UART.o
 .rela.text._lseek
                0x0000000000003c18        0x0 ./User/P14_UART.o
 .rela.text._read
                0x0000000000003c18        0x0 ./User/P14_UART.o

.fini           0x0000000000003c18        0x0
 *(SORT_NONE(.fini))
                0x0000000000003c18                . = ALIGN (0x4)
                [!provide]                        PROVIDE (_etext = .)
                [!provide]                        PROVIDE (_eitcm = .)

.preinit_array  0x0000000000003c18        0x0
                [!provide]                        PROVIDE (__preinit_array_start = .)
 *(.preinit_array)
                [!provide]                        PROVIDE (__preinit_array_end = .)

.init_array     0x0000000000003c18        0x0
                [!provide]                        PROVIDE (__init_array_start = .)
 *(SORT_BY_INIT_PRIORITY(.init_array.*) SORT_BY_INIT_PRIORITY(.ctors.*))
 *(.init_array EXCLUDE_FILE(*crtend?.o *crtend.o *crtbegin?.o *crtbegin.o) .ctors)
                [!provide]                        PROVIDE (__init_array_end = .)

.fini_array     0x0000000000003c18        0x0
                [!provide]                        PROVIDE (__fini_array_start = .)
 *(SORT_BY_INIT_PRIORITY(.fini_array.*) SORT_BY_INIT_PRIORITY(.dtors.*))
 *(.fini_array EXCLUDE_FILE(*crtend?.o *crtend.o *crtbegin?.o *crtbegin.o) .dtors)
                [!provide]                        PROVIDE (__fini_array_end = .)

.ctors
 *crtbegin.o(.ctors)
 *crtbegin?.o(.ctors)
 *(EXCLUDE_FILE(*crtend?.o *crtend.o) .ctors)
 *(SORT_BY_NAME(.ctors.*))
 *(.ctors)

.dtors
 *crtbegin.o(.dtors)
 *crtbegin?.o(.dtors)
 *(EXCLUDE_FILE(*crtend?.o *crtend.o) .dtors)
 *(SORT_BY_NAME(.dtors.*))
 *(.dtors)

.dalign         0x0000000020000000        0x0 load address 0x0000000000003c18
                0x0000000020000000                . = ALIGN (0x4)
                0x0000000020000000                PROVIDE (_data_vma = .)

.dlalign        0x0000000000003c18        0x0
                0x0000000000003c18                . = ALIGN (0x4)
                0x0000000000003c18                PROVIDE (_data_lma = .)

.data           0x0000000020000000       0xa0 load address 0x0000000000003c18
 *(.gnu.linkonce.r.*)
 *(.data .data.*)
 .data.AHBPrescTable
                0x0000000020000000       0x10 ./User/system_ch32v20x.o
                0x0000000020000000                AHBPrescTable
 .data.APBAHBPrescTable
                0x0000000020000010       0x10 ./Peripheral/src/ch32v20x_rcc.o
 .data.impure_data
                0x0000000020000020       0x60 /Applications/MounRiver Studio 2.app/Contents/Resources/app/resources/darwin/components/WCH/Toolchain/RISC-V Embedded GCC/bin/../lib/gcc/riscv-none-embed/8.2.0/../../../../riscv-none-embed/lib/rv32imacxw/ilp32/libg_nano.a(lib_a-impure.o)
 *(.gnu.linkonce.d.*)
                0x0000000020000080                . = ALIGN (0x8)
                0x0000000020000880                PROVIDE (__global_pointer$ = (. + 0x800))
 *(.sdata .sdata.*)
 .sdata.currentCode
                0x0000000020000080        0x1 ./User/P14_UART.o
 *fill*         0x0000000020000081        0x1 
 .sdata.testValue.5140
                0x0000000020000082        0x2 ./User/main.o
 .sdata.SystemCoreClock
                0x0000000020000084        0x4 ./User/system_ch32v20x.o
                0x0000000020000084                SystemCoreClock
 .sdata.ADCPrescTable
                0x0000000020000088        0x4 ./Peripheral/src/ch32v20x_rcc.o
 .sdata.curbrk.4652
                0x000000002000008c        0x4 ./Debug/debug.o
 .sdata._impure_ptr
                0x0000000020000090        0x4 /Applications/MounRiver Studio 2.app/Contents/Resources/app/resources/darwin/components/WCH/Toolchain/RISC-V Embedded GCC/bin/../lib/gcc/riscv-none-embed/8.2.0/../../../../riscv-none-embed/lib/rv32imacxw/ilp32/libg_nano.a(lib_a-impure.o)
                0x0000000020000090                _impure_ptr
 *(.sdata2.*)
 .sdata2.CSWTCH.32
                0x0000000020000094        0x7 ./User/param_storage.o
 *fill*         0x000000002000009b        0x1 
 .sdata2._global_impure_ptr
                0x000000002000009c        0x4 /Applications/MounRiver Studio 2.app/Contents/Resources/app/resources/darwin/components/WCH/Toolchain/RISC-V Embedded GCC/bin/../lib/gcc/riscv-none-embed/8.2.0/../../../../riscv-none-embed/lib/rv32imacxw/ilp32/libg_nano.a(lib_a-impure.o)
                0x000000002000009c                _global_impure_ptr
 *(.gnu.linkonce.s.*)
                0x00000000200000a0                . = ALIGN (0x8)
 *(.srodata.cst16)
 *(.srodata.cst8)
 *(.srodata.cst4)
 *(.srodata.cst2)
 *(.srodata .srodata.*)
                0x00000000200000a0                . = ALIGN (0x4)
                0x00000000200000a0                PROVIDE (_edata = .)

.bss            0x00000000200000a0      0x374 load address 0x0000000000003cb8
                0x00000000200000a0                . = ALIGN (0x4)
                0x00000000200000a0                PROVIDE (_sbss = .)
 *(.sbss*)
 .sbss.bloodCountdown
                0x00000000200000a0        0x1 ./User/P14_UART.o
                0x00000000200000a0                bloodCountdown
 .sbss.bloodSampleReady
                0x00000000200000a1        0x1 ./User/P14_UART.o
                0x00000000200000a1                bloodSampleReady
 .sbss.checksum.5445
                0x00000000200000a2        0x1 ./User/P14_UART.o
 .sbss.cmdId.5442
                0x00000000200000a3        0x1 ./User/P14_UART.o
 .sbss.currentEvent
                0x00000000200000a4        0x2 ./User/P14_UART.o
 .sbss.dataIdx.5444
                0x00000000200000a6        0x1 ./User/P14_UART.o
 .sbss.dataLen.5443
                0x00000000200000a7        0x1 ./User/P14_UART.o
 .sbss.rxBufferHead
                0x00000000200000a8        0x2 ./User/P14_UART.o
 .sbss.rxBufferTail
                0x00000000200000aa        0x2 ./User/P14_UART.o
 .sbss.sampleProcessActive
                0x00000000200000ac        0x1 ./User/P14_UART.o
                0x00000000200000ac                sampleProcessActive
 *fill*         0x00000000200000ad        0x3 
 .sbss.state.5441
                0x00000000200000b0        0x4 ./User/P14_UART.o
 .sbss.g_activeBlockAddr
                0x00000000200000b4        0x4 ./User/param_storage.o
 .sbss.g_isInitialized
                0x00000000200000b8        0x1 ./User/param_storage.o
 .sbss.MCU_Version
                0x00000000200000b9        0x1 ./Peripheral/src/ch32v20x_gpio.o
                0x00000000200000b9                MCU_Version
 *fill*         0x00000000200000ba        0x2 
 .sbss.NVIC_Priority_Group
                0x00000000200000bc        0x4 ./Peripheral/src/ch32v20x_misc.o
                0x00000000200000bc                NVIC_Priority_Group
 .sbss.p_ms     0x00000000200000c0        0x2 ./Debug/debug.o
 .sbss.p_us     0x00000000200000c2        0x1 ./Debug/debug.o
 *fill*         0x00000000200000c3        0x1 
 .sbss.__malloc_free_list
                0x00000000200000c4        0x4 /Applications/MounRiver Studio 2.app/Contents/Resources/app/resources/darwin/components/WCH/Toolchain/RISC-V Embedded GCC/bin/../lib/gcc/riscv-none-embed/8.2.0/../../../../riscv-none-embed/lib/rv32imacxw/ilp32/libg_nano.a(lib_a-nano-mallocr.o)
                0x00000000200000c4                __malloc_free_list
 .sbss.__malloc_sbrk_start
                0x00000000200000c8        0x4 /Applications/MounRiver Studio 2.app/Contents/Resources/app/resources/darwin/components/WCH/Toolchain/RISC-V Embedded GCC/bin/../lib/gcc/riscv-none-embed/8.2.0/../../../../riscv-none-embed/lib/rv32imacxw/ilp32/libg_nano.a(lib_a-nano-mallocr.o)
                0x00000000200000c8                __malloc_sbrk_start
 *(.gnu.linkonce.sb.*)
 *(.bss*)
 .bss.packetBuffer
                0x00000000200000cc       0x46 ./User/P14_UART.o
 *fill*         0x0000000020000112        0x2 
 .bss.rxBuffer  0x0000000020000114      0x100 ./User/P14_UART.o
 .bss.txBuffer  0x0000000020000214      0x100 ./User/P14_UART.o
 .bss.g_basicParams
                0x0000000020000314       0x16 ./User/main.o
 *fill*         0x000000002000032a        0x2 
 .bss.g_bgParams
                0x000000002000032c       0xb4 ./User/main.o
 .bss.g_calibParams
                0x00000000200003e0       0x14 ./User/main.o
 .bss.g_testRecord
                0x00000000200003f4       0x1a ./User/main.o
 *(.gnu.linkonce.b.*)
 *(COMMON*)
 *fill*         0x000000002000040e        0x2 
 COMMON         0x0000000020000410        0x4 /Applications/MounRiver Studio 2.app/Contents/Resources/app/resources/darwin/components/WCH/Toolchain/RISC-V Embedded GCC/bin/../lib/gcc/riscv-none-embed/8.2.0/../../../../riscv-none-embed/lib/rv32imacxw/ilp32/libg_nano.a(lib_a-reent.o)
                0x0000000020000410                errno
                0x0000000020000414                . = ALIGN (0x4)
                0x0000000020000414                PROVIDE (_ebss = .)
                0x0000000020000414                PROVIDE (_end = _ebss)
                [!provide]                        PROVIDE (end = .)

.stack          0x0000000020004800      0x800
                0x0000000020004800                PROVIDE (_heap_end = .)
                0x0000000020004800                . = ALIGN (0x4)
                [!provide]                        PROVIDE (_susrstack = .)
                0x0000000020005000                . = (. + __stack_size)
 *fill*         0x0000000020004800      0x800 
                0x0000000020005000                PROVIDE (_eusrstack = .)
OUTPUT(CH32V203G8R6.elf elf32-littleriscv)

.debug_info     0x0000000000000000     0xecf3
 .debug_info    0x0000000000000000     0x1f1c ./User/P14_UART.o
 .debug_info    0x0000000000001f1c      0xbb5 ./User/ch32v20x_it.o
 .debug_info    0x0000000000002ad1     0x1867 ./User/main.o
 .debug_info    0x0000000000004338     0x27a5 ./User/param_storage.o
 .debug_info    0x0000000000006add      0xb30 ./User/system_ch32v20x.o
 .debug_info    0x000000000000760d       0x22 ./Startup/startup_ch32v20x_D6.o
 .debug_info    0x000000000000762f      0xa89 ./Peripheral/src/ch32v20x_dbgmcu.o
 .debug_info    0x00000000000080b8     0x15d2 ./Peripheral/src/ch32v20x_flash.o
 .debug_info    0x000000000000968a     0x1349 ./Peripheral/src/ch32v20x_gpio.o
 .debug_info    0x000000000000a9d3      0xe61 ./Peripheral/src/ch32v20x_misc.o
 .debug_info    0x000000000000b834     0x1268 ./Peripheral/src/ch32v20x_rcc.o
 .debug_info    0x000000000000ca9c     0x1335 ./Peripheral/src/ch32v20x_usart.o
 .debug_info    0x000000000000ddd1      0xf22 ./Debug/debug.o

.debug_abbrev   0x0000000000000000     0x28bb
 .debug_abbrev  0x0000000000000000      0x4cd ./User/P14_UART.o
 .debug_abbrev  0x00000000000004cd      0x22c ./User/ch32v20x_it.o
 .debug_abbrev  0x00000000000006f9      0x32e ./User/main.o
 .debug_abbrev  0x0000000000000a27      0x4df ./User/param_storage.o
 .debug_abbrev  0x0000000000000f06      0x2b0 ./User/system_ch32v20x.o
 .debug_abbrev  0x00000000000011b6       0x12 ./Startup/startup_ch32v20x_D6.o
 .debug_abbrev  0x00000000000011c8      0x2f7 ./Peripheral/src/ch32v20x_dbgmcu.o
 .debug_abbrev  0x00000000000014bf      0x468 ./Peripheral/src/ch32v20x_flash.o
 .debug_abbrev  0x0000000000001927      0x34b ./Peripheral/src/ch32v20x_gpio.o
 .debug_abbrev  0x0000000000001c72      0x2ea ./Peripheral/src/ch32v20x_misc.o
 .debug_abbrev  0x0000000000001f5c      0x36b ./Peripheral/src/ch32v20x_rcc.o
 .debug_abbrev  0x00000000000022c7      0x312 ./Peripheral/src/ch32v20x_usart.o
 .debug_abbrev  0x00000000000025d9      0x2e2 ./Debug/debug.o

.debug_loc      0x0000000000000000     0x42e1
 .debug_loc     0x0000000000000000      0x767 ./User/P14_UART.o
 .debug_loc     0x0000000000000767      0x2ce ./User/main.o
 .debug_loc     0x0000000000000a35     0x11f8 ./User/param_storage.o
 .debug_loc     0x0000000000001c2d       0xac ./User/system_ch32v20x.o
 .debug_loc     0x0000000000001cd9       0x7c ./Peripheral/src/ch32v20x_dbgmcu.o
 .debug_loc     0x0000000000001d55      0xc9b ./Peripheral/src/ch32v20x_flash.o
 .debug_loc     0x00000000000029f0      0x8a1 ./Peripheral/src/ch32v20x_gpio.o
 .debug_loc     0x0000000000003291       0x2d ./Peripheral/src/ch32v20x_misc.o
 .debug_loc     0x00000000000032be      0x797 ./Peripheral/src/ch32v20x_rcc.o
 .debug_loc     0x0000000000003a55      0x715 ./Peripheral/src/ch32v20x_usart.o
 .debug_loc     0x000000000000416a      0x177 ./Debug/debug.o

.debug_aranges  0x0000000000000000      0x6b0
 .debug_aranges
                0x0000000000000000       0x90 ./User/P14_UART.o
 .debug_aranges
                0x0000000000000090       0x28 ./User/ch32v20x_it.o
 .debug_aranges
                0x00000000000000b8       0x48 ./User/main.o
 .debug_aranges
                0x0000000000000100       0xb8 ./User/param_storage.o
 .debug_aranges
                0x00000000000001b8       0x28 ./User/system_ch32v20x.o
 .debug_aranges
                0x00000000000001e0       0x30 ./Startup/startup_ch32v20x_D6.o
 .debug_aranges
                0x0000000000000210       0x48 ./Peripheral/src/ch32v20x_dbgmcu.o
 .debug_aranges
                0x0000000000000258      0x110 ./Peripheral/src/ch32v20x_flash.o
 .debug_aranges
                0x0000000000000368       0xb0 ./Peripheral/src/ch32v20x_gpio.o
 .debug_aranges
                0x0000000000000418       0x28 ./Peripheral/src/ch32v20x_misc.o
 .debug_aranges
                0x0000000000000440      0x130 ./Peripheral/src/ch32v20x_rcc.o
 .debug_aranges
                0x0000000000000570       0xf0 ./Peripheral/src/ch32v20x_usart.o
 .debug_aranges
                0x0000000000000660       0x50 ./Debug/debug.o

.debug_ranges   0x0000000000000000      0x8b0
 .debug_ranges  0x0000000000000000      0x138 ./User/P14_UART.o
 .debug_ranges  0x0000000000000138       0x18 ./User/ch32v20x_it.o
 .debug_ranges  0x0000000000000150       0xb0 ./User/main.o
 .debug_ranges  0x0000000000000200      0x1f8 ./User/param_storage.o
 .debug_ranges  0x00000000000003f8       0x18 ./User/system_ch32v20x.o
 .debug_ranges  0x0000000000000410       0x28 ./Startup/startup_ch32v20x_D6.o
 .debug_ranges  0x0000000000000438       0x50 ./Peripheral/src/ch32v20x_dbgmcu.o
 .debug_ranges  0x0000000000000488      0x100 ./Peripheral/src/ch32v20x_flash.o
 .debug_ranges  0x0000000000000588       0xa0 ./Peripheral/src/ch32v20x_gpio.o
 .debug_ranges  0x0000000000000628       0x48 ./Peripheral/src/ch32v20x_misc.o
 .debug_ranges  0x0000000000000670      0x120 ./Peripheral/src/ch32v20x_rcc.o
 .debug_ranges  0x0000000000000790       0xe0 ./Peripheral/src/ch32v20x_usart.o
 .debug_ranges  0x0000000000000870       0x40 ./Debug/debug.o

.debug_line     0x0000000000000000     0xbaa0
 .debug_line    0x0000000000000000     0x159b ./User/P14_UART.o
 .debug_line    0x000000000000159b      0x37e ./User/ch32v20x_it.o
 .debug_line    0x0000000000001919      0xc9c ./User/main.o
 .debug_line    0x00000000000025b5     0x1ced ./User/param_storage.o
 .debug_line    0x00000000000042a2      0x69d ./User/system_ch32v20x.o
 .debug_line    0x000000000000493f      0x121 ./Startup/startup_ch32v20x_D6.o
 .debug_line    0x0000000000004a60      0x459 ./Peripheral/src/ch32v20x_dbgmcu.o
 .debug_line    0x0000000000004eb9     0x2620 ./Peripheral/src/ch32v20x_flash.o
 .debug_line    0x00000000000074d9     0x16f6 ./Peripheral/src/ch32v20x_gpio.o
 .debug_line    0x0000000000008bcf      0x4c8 ./Peripheral/src/ch32v20x_misc.o
 .debug_line    0x0000000000009097     0x127e ./Peripheral/src/ch32v20x_rcc.o
 .debug_line    0x000000000000a315      0xf61 ./Peripheral/src/ch32v20x_usart.o
 .debug_line    0x000000000000b276      0x82a ./Debug/debug.o

.debug_str      0x0000000000000000     0x299a
 .debug_str     0x0000000000000000     0x1002 ./User/P14_UART.o
                                       0x10c1 (size before relaxing)
 .debug_str     0x0000000000001002       0xab ./User/ch32v20x_it.o
                                        0x6a5 (size before relaxing)
 .debug_str     0x00000000000010ad      0x324 ./User/main.o
                                        0xaef (size before relaxing)
 .debug_str     0x00000000000013d1      0x5fc ./User/param_storage.o
                                        0xf70 (size before relaxing)
 .debug_str     0x00000000000019cd       0xdd ./User/system_ch32v20x.o
                                        0x6c0 (size before relaxing)
 .debug_str     0x0000000000001aaa       0x2d ./Startup/startup_ch32v20x_D6.o
                                         0x76 (size before relaxing)
 .debug_str     0x0000000000001ad7       0x87 ./Peripheral/src/ch32v20x_dbgmcu.o
                                        0x666 (size before relaxing)
 .debug_str     0x0000000000001b5e      0x419 ./Peripheral/src/ch32v20x_flash.o
                                        0xb3f (size before relaxing)
 .debug_str     0x0000000000001f77      0x270 ./Peripheral/src/ch32v20x_gpio.o
                                        0x9dc (size before relaxing)
 .debug_str     0x00000000000021e7       0x9c ./Peripheral/src/ch32v20x_misc.o
                                        0xa9e (size before relaxing)
 .debug_str     0x0000000000002283      0x3d9 ./Peripheral/src/ch32v20x_rcc.o
                                        0xaee (size before relaxing)
 .debug_str     0x000000000000265c      0x2d9 ./Peripheral/src/ch32v20x_usart.o
                                        0xb0a (size before relaxing)
 .debug_str     0x0000000000002935       0x65 ./Debug/debug.o
                                        0x931 (size before relaxing)

.comment        0x0000000000000000       0x32
 .comment       0x0000000000000000       0x32 ./User/P14_UART.o
                                         0x33 (size before relaxing)
 .comment       0x0000000000000032       0x33 ./User/ch32v20x_it.o
 .comment       0x0000000000000032       0x33 ./User/main.o
 .comment       0x0000000000000032       0x33 ./User/param_storage.o
 .comment       0x0000000000000032       0x33 ./User/system_ch32v20x.o
 .comment       0x0000000000000032       0x33 ./Peripheral/src/ch32v20x_dbgmcu.o
 .comment       0x0000000000000032       0x33 ./Peripheral/src/ch32v20x_flash.o
 .comment       0x0000000000000032       0x33 ./Peripheral/src/ch32v20x_gpio.o
 .comment       0x0000000000000032       0x33 ./Peripheral/src/ch32v20x_misc.o
 .comment       0x0000000000000032       0x33 ./Peripheral/src/ch32v20x_rcc.o
 .comment       0x0000000000000032       0x33 ./Peripheral/src/ch32v20x_usart.o
 .comment       0x0000000000000032       0x33 ./Debug/debug.o
 .comment       0x0000000000000032       0x33 /Applications/MounRiver Studio 2.app/Contents/Resources/app/resources/darwin/components/WCH/Toolchain/RISC-V Embedded GCC/bin/../lib/gcc/riscv-none-embed/8.2.0/rv32imacxw/ilp32/libgcc.a(divsf3.o)
 .comment       0x0000000000000032       0x33 /Applications/MounRiver Studio 2.app/Contents/Resources/app/resources/darwin/components/WCH/Toolchain/RISC-V Embedded GCC/bin/../lib/gcc/riscv-none-embed/8.2.0/rv32imacxw/ilp32/libgcc.a(floatsisf.o)
 .comment       0x0000000000000032       0x33 /Applications/MounRiver Studio 2.app/Contents/Resources/app/resources/darwin/components/WCH/Toolchain/RISC-V Embedded GCC/bin/../lib/gcc/riscv-none-embed/8.2.0/rv32imacxw/ilp32/libgcc.a(extendsfdf2.o)
 .comment       0x0000000000000032       0x33 /Applications/MounRiver Studio 2.app/Contents/Resources/app/resources/darwin/components/WCH/Toolchain/RISC-V Embedded GCC/bin/../lib/gcc/riscv-none-embed/8.2.0/rv32imacxw/ilp32/libgcc.a(_clzsi2.o)
 .comment       0x0000000000000032       0x33 /Applications/MounRiver Studio 2.app/Contents/Resources/app/resources/darwin/components/WCH/Toolchain/RISC-V Embedded GCC/bin/../lib/gcc/riscv-none-embed/8.2.0/rv32imacxw/ilp32/libgcc.a(_clz.o)

.debug_frame    0x0000000000000000     0x1a80
 .debug_frame   0x0000000000000000      0x238 ./User/P14_UART.o
 .debug_frame   0x0000000000000238       0x30 ./User/ch32v20x_it.o
 .debug_frame   0x0000000000000268       0xf8 ./User/main.o
 .debug_frame   0x0000000000000360      0x31c ./User/param_storage.o
 .debug_frame   0x000000000000067c       0x30 ./User/system_ch32v20x.o
 .debug_frame   0x00000000000006ac       0x70 ./Peripheral/src/ch32v20x_dbgmcu.o
 .debug_frame   0x000000000000071c      0x380 ./Peripheral/src/ch32v20x_flash.o
 .debug_frame   0x0000000000000a9c      0x170 ./Peripheral/src/ch32v20x_gpio.o
 .debug_frame   0x0000000000000c0c       0x30 ./Peripheral/src/ch32v20x_misc.o
 .debug_frame   0x0000000000000c3c      0x254 ./Peripheral/src/ch32v20x_rcc.o
 .debug_frame   0x0000000000000e90      0x1e4 ./Peripheral/src/ch32v20x_usart.o
 .debug_frame   0x0000000000001074       0xb8 ./Debug/debug.o
 .debug_frame   0x000000000000112c       0x20 /Applications/MounRiver Studio 2.app/Contents/Resources/app/resources/darwin/components/WCH/Toolchain/RISC-V Embedded GCC/bin/../lib/gcc/riscv-none-embed/8.2.0/../../../../riscv-none-embed/lib/rv32imacxw/ilp32/libg_nano.a(lib_a-memcpy.o)
 .debug_frame   0x000000000000114c       0x54 /Applications/MounRiver Studio 2.app/Contents/Resources/app/resources/darwin/components/WCH/Toolchain/RISC-V Embedded GCC/bin/../lib/gcc/riscv-none-embed/8.2.0/../../../../riscv-none-embed/lib/rv32imacxw/ilp32/libg_nano.a(lib_a-printf.o)
 .debug_frame   0x00000000000011a0       0x54 /Applications/MounRiver Studio 2.app/Contents/Resources/app/resources/darwin/components/WCH/Toolchain/RISC-V Embedded GCC/bin/../lib/gcc/riscv-none-embed/8.2.0/../../../../riscv-none-embed/lib/rv32imacxw/ilp32/libg_nano.a(lib_a-puts.o)
 .debug_frame   0x00000000000011f4       0x20 /Applications/MounRiver Studio 2.app/Contents/Resources/app/resources/darwin/components/WCH/Toolchain/RISC-V Embedded GCC/bin/../lib/gcc/riscv-none-embed/8.2.0/../../../../riscv-none-embed/lib/rv32imacxw/ilp32/libg_nano.a(lib_a-strcpy.o)
 .debug_frame   0x0000000000001214       0x50 /Applications/MounRiver Studio 2.app/Contents/Resources/app/resources/darwin/components/WCH/Toolchain/RISC-V Embedded GCC/bin/../lib/gcc/riscv-none-embed/8.2.0/../../../../riscv-none-embed/lib/rv32imacxw/ilp32/libg_nano.a(lib_a-wbuf.o)
 .debug_frame   0x0000000000001264       0x3c /Applications/MounRiver Studio 2.app/Contents/Resources/app/resources/darwin/components/WCH/Toolchain/RISC-V Embedded GCC/bin/../lib/gcc/riscv-none-embed/8.2.0/../../../../riscv-none-embed/lib/rv32imacxw/ilp32/libg_nano.a(lib_a-wsetup.o)
 .debug_frame   0x00000000000012a0       0x7c /Applications/MounRiver Studio 2.app/Contents/Resources/app/resources/darwin/components/WCH/Toolchain/RISC-V Embedded GCC/bin/../lib/gcc/riscv-none-embed/8.2.0/../../../../riscv-none-embed/lib/rv32imacxw/ilp32/libg_nano.a(lib_a-fflush.o)
 .debug_frame   0x000000000000131c      0x148 /Applications/MounRiver Studio 2.app/Contents/Resources/app/resources/darwin/components/WCH/Toolchain/RISC-V Embedded GCC/bin/../lib/gcc/riscv-none-embed/8.2.0/../../../../riscv-none-embed/lib/rv32imacxw/ilp32/libg_nano.a(lib_a-findfp.o)
 .debug_frame   0x0000000000001464       0x88 /Applications/MounRiver Studio 2.app/Contents/Resources/app/resources/darwin/components/WCH/Toolchain/RISC-V Embedded GCC/bin/../lib/gcc/riscv-none-embed/8.2.0/../../../../riscv-none-embed/lib/rv32imacxw/ilp32/libg_nano.a(lib_a-fwalk.o)
 .debug_frame   0x00000000000014ec       0x64 /Applications/MounRiver Studio 2.app/Contents/Resources/app/resources/darwin/components/WCH/Toolchain/RISC-V Embedded GCC/bin/../lib/gcc/riscv-none-embed/8.2.0/../../../../riscv-none-embed/lib/rv32imacxw/ilp32/libg_nano.a(lib_a-makebuf.o)
 .debug_frame   0x0000000000001550       0x40 /Applications/MounRiver Studio 2.app/Contents/Resources/app/resources/darwin/components/WCH/Toolchain/RISC-V Embedded GCC/bin/../lib/gcc/riscv-none-embed/8.2.0/../../../../riscv-none-embed/lib/rv32imacxw/ilp32/libg_nano.a(lib_a-nano-freer.o)
 .debug_frame   0x0000000000001590       0x40 /Applications/MounRiver Studio 2.app/Contents/Resources/app/resources/darwin/components/WCH/Toolchain/RISC-V Embedded GCC/bin/../lib/gcc/riscv-none-embed/8.2.0/../../../../riscv-none-embed/lib/rv32imacxw/ilp32/libg_nano.a(lib_a-nano-mallocr.o)
 .debug_frame   0x00000000000015d0       0xd0 /Applications/MounRiver Studio 2.app/Contents/Resources/app/resources/darwin/components/WCH/Toolchain/RISC-V Embedded GCC/bin/../lib/gcc/riscv-none-embed/8.2.0/../../../../riscv-none-embed/lib/rv32imacxw/ilp32/libg_nano.a(lib_a-nano-vfprintf.o)
 .debug_frame   0x00000000000016a0       0x8c /Applications/MounRiver Studio 2.app/Contents/Resources/app/resources/darwin/components/WCH/Toolchain/RISC-V Embedded GCC/bin/../lib/gcc/riscv-none-embed/8.2.0/../../../../riscv-none-embed/lib/rv32imacxw/ilp32/libg_nano.a(lib_a-nano-vfprintf_i.o)
 .debug_frame   0x000000000000172c       0x30 /Applications/MounRiver Studio 2.app/Contents/Resources/app/resources/darwin/components/WCH/Toolchain/RISC-V Embedded GCC/bin/../lib/gcc/riscv-none-embed/8.2.0/../../../../riscv-none-embed/lib/rv32imacxw/ilp32/libg_nano.a(lib_a-sbrkr.o)
 .debug_frame   0x000000000000175c       0xa4 /Applications/MounRiver Studio 2.app/Contents/Resources/app/resources/darwin/components/WCH/Toolchain/RISC-V Embedded GCC/bin/../lib/gcc/riscv-none-embed/8.2.0/../../../../riscv-none-embed/lib/rv32imacxw/ilp32/libg_nano.a(lib_a-stdio.o)
 .debug_frame   0x0000000000001800       0x30 /Applications/MounRiver Studio 2.app/Contents/Resources/app/resources/darwin/components/WCH/Toolchain/RISC-V Embedded GCC/bin/../lib/gcc/riscv-none-embed/8.2.0/../../../../riscv-none-embed/lib/rv32imacxw/ilp32/libg_nano.a(lib_a-writer.o)
 .debug_frame   0x0000000000001830       0x30 /Applications/MounRiver Studio 2.app/Contents/Resources/app/resources/darwin/components/WCH/Toolchain/RISC-V Embedded GCC/bin/../lib/gcc/riscv-none-embed/8.2.0/../../../../riscv-none-embed/lib/rv32imacxw/ilp32/libg_nano.a(lib_a-closer.o)
 .debug_frame   0x0000000000001860       0x30 /Applications/MounRiver Studio 2.app/Contents/Resources/app/resources/darwin/components/WCH/Toolchain/RISC-V Embedded GCC/bin/../lib/gcc/riscv-none-embed/8.2.0/../../../../riscv-none-embed/lib/rv32imacxw/ilp32/libg_nano.a(lib_a-fstatr.o)
 .debug_frame   0x0000000000001890       0x30 /Applications/MounRiver Studio 2.app/Contents/Resources/app/resources/darwin/components/WCH/Toolchain/RISC-V Embedded GCC/bin/../lib/gcc/riscv-none-embed/8.2.0/../../../../riscv-none-embed/lib/rv32imacxw/ilp32/libg_nano.a(lib_a-isattyr.o)
 .debug_frame   0x00000000000018c0       0x30 /Applications/MounRiver Studio 2.app/Contents/Resources/app/resources/darwin/components/WCH/Toolchain/RISC-V Embedded GCC/bin/../lib/gcc/riscv-none-embed/8.2.0/../../../../riscv-none-embed/lib/rv32imacxw/ilp32/libg_nano.a(lib_a-lseekr.o)
 .debug_frame   0x00000000000018f0       0x20 /Applications/MounRiver Studio 2.app/Contents/Resources/app/resources/darwin/components/WCH/Toolchain/RISC-V Embedded GCC/bin/../lib/gcc/riscv-none-embed/8.2.0/../../../../riscv-none-embed/lib/rv32imacxw/ilp32/libg_nano.a(lib_a-memchr.o)
 .debug_frame   0x0000000000001910       0x30 /Applications/MounRiver Studio 2.app/Contents/Resources/app/resources/darwin/components/WCH/Toolchain/RISC-V Embedded GCC/bin/../lib/gcc/riscv-none-embed/8.2.0/../../../../riscv-none-embed/lib/rv32imacxw/ilp32/libg_nano.a(lib_a-mlock.o)
 .debug_frame   0x0000000000001940       0x30 /Applications/MounRiver Studio 2.app/Contents/Resources/app/resources/darwin/components/WCH/Toolchain/RISC-V Embedded GCC/bin/../lib/gcc/riscv-none-embed/8.2.0/../../../../riscv-none-embed/lib/rv32imacxw/ilp32/libg_nano.a(lib_a-readr.o)
 .debug_frame   0x0000000000001970       0x70 /Applications/MounRiver Studio 2.app/Contents/Resources/app/resources/darwin/components/WCH/Toolchain/RISC-V Embedded GCC/bin/../lib/gcc/riscv-none-embed/8.2.0/../../../../riscv-none-embed/lib/rv32imacxw/ilp32/libg_nano.a(lib_a-reent.o)
 .debug_frame   0x00000000000019e0       0x20 /Applications/MounRiver Studio 2.app/Contents/Resources/app/resources/darwin/components/WCH/Toolchain/RISC-V Embedded GCC/bin/../lib/gcc/riscv-none-embed/8.2.0/../../../../riscv-none-embed/lib/rv32imacxw/ilp32/libnosys.a(close.o)
 .debug_frame   0x0000000000001a00       0x20 /Applications/MounRiver Studio 2.app/Contents/Resources/app/resources/darwin/components/WCH/Toolchain/RISC-V Embedded GCC/bin/../lib/gcc/riscv-none-embed/8.2.0/../../../../riscv-none-embed/lib/rv32imacxw/ilp32/libnosys.a(fstat.o)
 .debug_frame   0x0000000000001a20       0x20 /Applications/MounRiver Studio 2.app/Contents/Resources/app/resources/darwin/components/WCH/Toolchain/RISC-V Embedded GCC/bin/../lib/gcc/riscv-none-embed/8.2.0/../../../../riscv-none-embed/lib/rv32imacxw/ilp32/libnosys.a(isatty.o)
 .debug_frame   0x0000000000001a40       0x20 /Applications/MounRiver Studio 2.app/Contents/Resources/app/resources/darwin/components/WCH/Toolchain/RISC-V Embedded GCC/bin/../lib/gcc/riscv-none-embed/8.2.0/../../../../riscv-none-embed/lib/rv32imacxw/ilp32/libnosys.a(lseek.o)
 .debug_frame   0x0000000000001a60       0x20 /Applications/MounRiver Studio 2.app/Contents/Resources/app/resources/darwin/components/WCH/Toolchain/RISC-V Embedded GCC/bin/../lib/gcc/riscv-none-embed/8.2.0/../../../../riscv-none-embed/lib/rv32imacxw/ilp32/libnosys.a(read.o)

.stab           0x0000000000000000       0x84
 .stab          0x0000000000000000       0x24 /Applications/MounRiver Studio 2.app/Contents/Resources/app/resources/darwin/components/WCH/Toolchain/RISC-V Embedded GCC/bin/../lib/gcc/riscv-none-embed/8.2.0/../../../../riscv-none-embed/lib/rv32imacxw/ilp32/libnosys.a(close.o)
 .stab          0x0000000000000024       0x18 /Applications/MounRiver Studio 2.app/Contents/Resources/app/resources/darwin/components/WCH/Toolchain/RISC-V Embedded GCC/bin/../lib/gcc/riscv-none-embed/8.2.0/../../../../riscv-none-embed/lib/rv32imacxw/ilp32/libnosys.a(fstat.o)
                                         0x24 (size before relaxing)
 .stab          0x000000000000003c       0x18 /Applications/MounRiver Studio 2.app/Contents/Resources/app/resources/darwin/components/WCH/Toolchain/RISC-V Embedded GCC/bin/../lib/gcc/riscv-none-embed/8.2.0/../../../../riscv-none-embed/lib/rv32imacxw/ilp32/libnosys.a(isatty.o)
                                         0x24 (size before relaxing)
 .stab          0x0000000000000054       0x18 /Applications/MounRiver Studio 2.app/Contents/Resources/app/resources/darwin/components/WCH/Toolchain/RISC-V Embedded GCC/bin/../lib/gcc/riscv-none-embed/8.2.0/../../../../riscv-none-embed/lib/rv32imacxw/ilp32/libnosys.a(lseek.o)
                                         0x24 (size before relaxing)
 .stab          0x000000000000006c       0x18 /Applications/MounRiver Studio 2.app/Contents/Resources/app/resources/darwin/components/WCH/Toolchain/RISC-V Embedded GCC/bin/../lib/gcc/riscv-none-embed/8.2.0/../../../../riscv-none-embed/lib/rv32imacxw/ilp32/libnosys.a(read.o)
                                         0x24 (size before relaxing)

.stabstr        0x0000000000000000      0x117
 .stabstr       0x0000000000000000      0x117 /Applications/MounRiver Studio 2.app/Contents/Resources/app/resources/darwin/components/WCH/Toolchain/RISC-V Embedded GCC/bin/../lib/gcc/riscv-none-embed/8.2.0/../../../../riscv-none-embed/lib/rv32imacxw/ilp32/libnosys.a(close.o)
