Archive member included to satisfy reference by file (symbol)

/Applications/MounRiver Studio 2.app/Contents/Resources/app/resources/darwin/components/WCH/Toolchain/RISC-V Embedded GCC/bin/../lib/gcc/riscv-none-embed/8.2.0/rv32imacxw/ilp32/libgcc.a(save-restore.o)
                              ./Peripheral/src/ch32v20x_flash.o (__riscv_save_7)
/Applications/MounRiver Studio 2.app/Contents/Resources/app/resources/darwin/components/WCH/Toolchain/RISC-V Embedded GCC/bin/../lib/gcc/riscv-none-embed/8.2.0/../../../../riscv-none-embed/lib/rv32imacxw/ilp32/libg_nano.a(lib_a-memcpy.o)
                              ./User/main.o (memcpy)
/Applications/MounRiver Studio 2.app/Contents/Resources/app/resources/darwin/components/WCH/Toolchain/RISC-V Embedded GCC/bin/../lib/gcc/riscv-none-embed/8.2.0/../../../../riscv-none-embed/lib/rv32imacxw/ilp32/libg_nano.a(lib_a-memset.o)
                              ./User/main.o (memset)
/Applications/MounRiver Studio 2.app/Contents/Resources/app/resources/darwin/components/WCH/Toolchain/RISC-V Embedded GCC/bin/../lib/gcc/riscv-none-embed/8.2.0/../../../../riscv-none-embed/lib/rv32imacxw/ilp32/libg_nano.a(lib_a-printf.o)
                              ./User/main.o (printf)
/Applications/MounRiver Studio 2.app/Contents/Resources/app/resources/darwin/components/WCH/Toolchain/RISC-V Embedded GCC/bin/../lib/gcc/riscv-none-embed/8.2.0/../../../../riscv-none-embed/lib/rv32imacxw/ilp32/libg_nano.a(lib_a-puts.o)
                              ./User/main.o (puts)
/Applications/MounRiver Studio 2.app/Contents/Resources/app/resources/darwin/components/WCH/Toolchain/RISC-V Embedded GCC/bin/../lib/gcc/riscv-none-embed/8.2.0/../../../../riscv-none-embed/lib/rv32imacxw/ilp32/libg_nano.a(lib_a-wbuf.o)
                              /Applications/MounRiver Studio 2.app/Contents/Resources/app/resources/darwin/components/WCH/Toolchain/RISC-V Embedded GCC/bin/../lib/gcc/riscv-none-embed/8.2.0/../../../../riscv-none-embed/lib/rv32imacxw/ilp32/libg_nano.a(lib_a-puts.o) (__swbuf_r)
/Applications/MounRiver Studio 2.app/Contents/Resources/app/resources/darwin/components/WCH/Toolchain/RISC-V Embedded GCC/bin/../lib/gcc/riscv-none-embed/8.2.0/../../../../riscv-none-embed/lib/rv32imacxw/ilp32/libg_nano.a(lib_a-wsetup.o)
                              /Applications/MounRiver Studio 2.app/Contents/Resources/app/resources/darwin/components/WCH/Toolchain/RISC-V Embedded GCC/bin/../lib/gcc/riscv-none-embed/8.2.0/../../../../riscv-none-embed/lib/rv32imacxw/ilp32/libg_nano.a(lib_a-puts.o) (__swsetup_r)
/Applications/MounRiver Studio 2.app/Contents/Resources/app/resources/darwin/components/WCH/Toolchain/RISC-V Embedded GCC/bin/../lib/gcc/riscv-none-embed/8.2.0/../../../../riscv-none-embed/lib/rv32imacxw/ilp32/libg_nano.a(lib_a-fflush.o)
                              /Applications/MounRiver Studio 2.app/Contents/Resources/app/resources/darwin/components/WCH/Toolchain/RISC-V Embedded GCC/bin/../lib/gcc/riscv-none-embed/8.2.0/../../../../riscv-none-embed/lib/rv32imacxw/ilp32/libg_nano.a(lib_a-wbuf.o) (_fflush_r)
/Applications/MounRiver Studio 2.app/Contents/Resources/app/resources/darwin/components/WCH/Toolchain/RISC-V Embedded GCC/bin/../lib/gcc/riscv-none-embed/8.2.0/../../../../riscv-none-embed/lib/rv32imacxw/ilp32/libg_nano.a(lib_a-findfp.o)
                              /Applications/MounRiver Studio 2.app/Contents/Resources/app/resources/darwin/components/WCH/Toolchain/RISC-V Embedded GCC/bin/../lib/gcc/riscv-none-embed/8.2.0/../../../../riscv-none-embed/lib/rv32imacxw/ilp32/libg_nano.a(lib_a-printf.o) (__sinit)
/Applications/MounRiver Studio 2.app/Contents/Resources/app/resources/darwin/components/WCH/Toolchain/RISC-V Embedded GCC/bin/../lib/gcc/riscv-none-embed/8.2.0/../../../../riscv-none-embed/lib/rv32imacxw/ilp32/libg_nano.a(lib_a-fwalk.o)
                              /Applications/MounRiver Studio 2.app/Contents/Resources/app/resources/darwin/components/WCH/Toolchain/RISC-V Embedded GCC/bin/../lib/gcc/riscv-none-embed/8.2.0/../../../../riscv-none-embed/lib/rv32imacxw/ilp32/libg_nano.a(lib_a-findfp.o) (_fwalk)
/Applications/MounRiver Studio 2.app/Contents/Resources/app/resources/darwin/components/WCH/Toolchain/RISC-V Embedded GCC/bin/../lib/gcc/riscv-none-embed/8.2.0/../../../../riscv-none-embed/lib/rv32imacxw/ilp32/libg_nano.a(lib_a-impure.o)
                              /Applications/MounRiver Studio 2.app/Contents/Resources/app/resources/darwin/components/WCH/Toolchain/RISC-V Embedded GCC/bin/../lib/gcc/riscv-none-embed/8.2.0/../../../../riscv-none-embed/lib/rv32imacxw/ilp32/libg_nano.a(lib_a-fflush.o) (_global_impure_ptr)
/Applications/MounRiver Studio 2.app/Contents/Resources/app/resources/darwin/components/WCH/Toolchain/RISC-V Embedded GCC/bin/../lib/gcc/riscv-none-embed/8.2.0/../../../../riscv-none-embed/lib/rv32imacxw/ilp32/libg_nano.a(lib_a-makebuf.o)
[...]
Memory Configuration

Name             Origin             Length             Attributes
FLASH            0x0000000000000000 0x0000000000010000 xr
RAM              0x0000000020000000 0x0000000000005000 xrw
*default*        0x0000000000000000 0xffffffffffffffff

Linker script and memory map

LOAD ./User/ch32v20x_it.o
LOAD ./User/main.o
LOAD ./User/param_table.o
LOAD ./User/system_ch32v20x.o
LOAD ./Startup/startup_ch32v20x_D6.o
LOAD ./Peripheral/src/ch32v20x_adc.o
LOAD ./Peripheral/src/ch32v20x_bkp.o
LOAD ./Peripheral/src/ch32v20x_can.o
LOAD ./Peripheral/src/ch32v20x_crc.o
LOAD ./Peripheral/src/ch32v20x_dbgmcu.o
LOAD ./Peripheral/src/ch32v20x_dma.o
LOAD ./Peripheral/src/ch32v20x_exti.o
LOAD ./Peripheral/src/ch32v20x_flash.o
LOAD ./Peripheral/src/ch32v20x_gpio.o
LOAD ./Peripheral/src/ch32v20x_i2c.o
LOAD ./Peripheral/src/ch32v20x_iwdg.o
LOAD ./Peripheral/src/ch32v20x_misc.o
LOAD ./Peripheral/src/ch32v20x_opa.o
LOAD ./Peripheral/src/ch32v20x_pwr.o
LOAD ./Peripheral/src/ch32v20x_rcc.o
LOAD ./Peripheral/src/ch32v20x_rtc.o
LOAD ./Peripheral/src/ch32v20x_spi.o
LOAD ./Peripheral/src/ch32v20x_tim.o
LOAD ./Peripheral/src/ch32v20x_usart.o
LOAD ./Peripheral/src/ch32v20x_wwdg.o
LOAD ./Debug/debug.o
LOAD ./Core/core_riscv.o
LOAD /Applications/MounRiver Studio 2.app/Contents/Resources/app/resources/darwin/components/WCH/Toolchain/RISC-V Embedded GCC/bin/../lib/gcc/riscv-none-embed/8.2.0/rv32imacxw/ilp32/libgcc.a
LOAD /Applications/MounRiver Studio 2.app/Contents/Resources/app/resources/darwin/components/WCH/Toolchain/RISC-V Embedded GCC/bin/../lib/gcc/riscv-none-embed/8.2.0/../../../../riscv-none-embed/lib/rv32imacxw/ilp32/libg_nano.a
LOAD /Applications/MounRiver Studio 2.app/Contents/Resources/app/resources/darwin/components/WCH/Toolchain/RISC-V Embedded GCC/bin/../lib/gcc/riscv-none-embed/8.2.0/../../../../riscv-none-embed/lib/rv32imacxw/ilp32/libc_nano.a
LOAD /Applications/MounRiver Studio 2.app/Contents/Resources/app/resources/darwin/components/WCH/Toolchain/RISC-V Embedded GCC/bin/../lib/gcc/riscv-none-embed/8.2.0/rv32imacxw/ilp32/libgcc.a
START GROUP
LOAD /Applications/MounRiver Studio 2.app/Contents/Resources/app/resources/darwin/components/WCH/Toolchain/RISC-V Embedded GCC/bin/../lib/gcc/riscv-none-embed/8.2.0/rv32imacxw/ilp32/libgcc.a
LOAD /Applications/MounRiver Studio 2.app/Contents/Resources/app/resources/darwin/components/WCH/Toolchain/RISC-V Embedded GCC/bin/../lib/gcc/riscv-none-embed/8.2.0/../../../../riscv-none-embed/lib/rv32imacxw/ilp32/libc_nano.a
LOAD /Applications/MounRiver Studio 2.app/Contents/Resources/app/resources/darwin/components/WCH/Toolchain/RISC-V Embedded GCC/bin/../lib/gcc/riscv-none-embed/8.2.0/../../../../riscv-none-embed/lib/rv32imacxw/ilp32/libnosys.a
END GROUP
START GROUP
LOAD /Applications/MounRiver Studio 2.app/Contents/Resources/app/resources/darwin/components/WCH/Toolchain/RISC-V Embedded GCC/bin/../lib/gcc/riscv-none-embed/8.2.0/rv32imacxw/ilp32/libgcc.a
LOAD /Applications/MounRiver Studio 2.app/Contents/Resources/app/resources/darwin/components/WCH/Toolchain/RISC-V Embedded GCC/bin/../lib/gcc/riscv-none-embed/8.2.0/../../../../riscv-none-embed/lib/rv32imacxw/ilp32/libc_nano.a
LOAD /Applications/MounRiver Studio 2.app/Contents/Resources/app/resources/darwin/components/WCH/Toolchain/RISC-V Embedded GCC/bin/../lib/gcc/riscv-none-embed/8.2.0/../../../../riscv-none-embed/lib/rv32imacxw/ilp32/libnosys.a
END GROUP
                0x0000000000000800                __stack_size = 0x800
                [!provide]                        PROVIDE (_stack_size = __stack_size)

.init           0x0000000000000000        0x4
                0x0000000000000000                _sinit = .
                0x0000000000000000                . = ALIGN (0x4)
 *(SORT_NONE(.init))
 .init          0x0000000000000000        0x4 ./Startup/startup_ch32v20x_D6.o
                0x0000000000000000                _start
                0x0000000000000004                . = ALIGN (0x4)
                0x0000000000000004                _einit = .

.vector         0x0000000000000004       0xfc
 *(.vector)
 .vector        0x0000000000000004       0xfc ./Startup/startup_ch32v20x_D6.o
                0x0000000000000100                . = ALIGN (0x40)

.text           0x0000000000000100     0x2464
                0x0000000000000100                . = ALIGN (0x4)
 *(.text)
 .text          0x0000000000000100       0x60 /Applications/MounRiver Studio 2.app/Contents/Resources/app/resources/darwin/components/WCH/Toolchain/RISC-V Embedded GCC/bin/../lib/gcc/riscv-none-embed/8.2.0/rv32imacxw/ilp32/libgcc.a(save-restore.o)
                0x0000000000000100                __riscv_save_12
                0x0000000000000108                __riscv_save_10
                0x0000000000000108                __riscv_save_8
                0x0000000000000108                __riscv_save_11
                0x0000000000000108                __riscv_save_9
                0x0000000000000116                __riscv_save_4
                0x0000000000000116                __riscv_save_7
                0x0000000000000116                __riscv_save_6
                0x0000000000000116                __riscv_save_5
                0x0000000000000130                __riscv_save_3
                0x0000000000000130                __riscv_save_2
                0x0000000000000130                __riscv_save_0
                0x0000000000000130                __riscv_save_1
                0x000000000000013c                __riscv_restore_12
                0x0000000000000140                __riscv_restore_8
                0x0000000000000140                __riscv_restore_10
                0x0000000000000140                __riscv_restore_9
                0x0000000000000140                __riscv_restore_11
                0x000000000000014a                __riscv_restore_5
                0x000000000000014a                __riscv_restore_7
                0x000000000000014a                __riscv_restore_4
                0x000000000000014a                __riscv_restore_6
                0x0000000000000154                __riscv_restore_3
                0x0000000000000154                __riscv_restore_1
                0x0000000000000154                __riscv_restore_0
                0x0000000000000154                __riscv_restore_2
 .text          0x0000000000000160       0xa8 /Applications/MounRiver Studio 2.app/Contents/Resources/app/resources/darwin/components/WCH/Toolchain/RISC-V Embedded GCC/bin/../lib/gcc/riscv-none-embed/8.2.0/../../../../riscv-none-embed/lib/rv32imacxw/ilp32/libg_nano.a(lib_a-memset.o)
                0x0000000000000160                memset
 *(.text.*)
 .text.NMI_Handler
                0x0000000000000208        0x2 ./User/ch32v20x_it.o
                0x0000000000000208                NMI_Handler
 .text.HardFault_Handler
                0x000000000000020a       0x10 ./User/ch32v20x_it.o
                0x000000000000020a                HardFault_Handler
 .text.USARTx_CFG
                0x000000000000021a       0xa4 ./User/main.o
                0x000000000000021a                USARTx_CFG
 .text.DMA_INIT
                0x00000000000002be       0x96 ./User/main.o
                0x00000000000002be                DMA_INIT
 .text.ring_buffer_push_huge
                0x0000000000000354       0x9a ./User/main.o
                0x0000000000000354                ring_buffer_push_huge
 .text.ring_buffer_pop
                0x00000000000003ee       0x3e ./User/main.o
                0x00000000000003ee                ring_buffer_pop
 .text.startup.main
                0x000000000000042c      0x132 ./User/main.o
                0x000000000000042c                main
 .text.USART2_IRQHandler
                0x000000000000055e       0x88 ./User/main.o
                0x000000000000055e                USART2_IRQHandler
 .text.DMA1_Channel6_IRQHandler
                0x00000000000005e6       0x60 ./User/main.o
                0x00000000000005e6                DMA1_Channel6_IRQHandler
 .text.PARAM_GetByte
                0x0000000000000646       0x16 ./User/param_table.o
                0x0000000000000646                PARAM_GetByte
 .text.PARAM_GetWord
                0x000000000000065c       0x1c ./User/param_table.o
                0x000000000000065c                PARAM_GetWord
 .text.PARAM_VerifyChecksum
                0x0000000000000678       0x34 ./User/param_table.o
                0x0000000000000678                PARAM_VerifyChecksum
 .text.PARAM_UpdateChecksum
                0x00000000000006ac       0x3e ./User/param_table.o
                0x00000000000006ac                PARAM_UpdateChecksum
 .text.PARAM_SaveToFlash
                0x00000000000006ea       0x30 ./User/param_table.o
                0x00000000000006ea                PARAM_SaveToFlash
 .text.PARAM_LoadFromFlash
                0x000000000000071a       0x26 ./User/param_table.o
                0x000000000000071a                PARAM_LoadFromFlash
 .text.PARAM_SetDefault
                0x0000000000000740       0xe4 ./User/param_table.o
                0x0000000000000740                PARAM_SetDefault
 .text.PARAM_Init
                0x0000000000000824       0x2e ./User/param_table.o
                0x0000000000000824                PARAM_Init
 .text.StripType_GetName
                0x0000000000000852       0x20 ./User/param_table.o
                0x0000000000000852                StripType_GetName
 .text.Unit_GetSymbol
                0x0000000000000872       0x20 ./User/param_table.o
                0x0000000000000872                Unit_GetSymbol
 .text.SystemInit
                0x0000000000000892       0xea ./User/system_ch32v20x.o
                0x0000000000000892                SystemInit
 .text.vector_handler
                0x000000000000097c        0x2 ./Startup/startup_ch32v20x_D6.o
                0x000000000000097c                USBWakeUp_IRQHandler
                0x000000000000097c                TIM1_CC_IRQHandler
                0x000000000000097c                SysTick_Handler
                0x000000000000097c                PVD_IRQHandler
                0x000000000000097c                EXTI3_IRQHandler
                0x000000000000097c                USBFS_IRQHandler
                0x000000000000097c                EXTI0_IRQHandler
                0x000000000000097c                I2C2_EV_IRQHandler
                0x000000000000097c                ADC1_2_IRQHandler
                0x000000000000097c                Break_Point_Handler
                0x000000000000097c                SPI1_IRQHandler
                0x000000000000097c                TAMPER_IRQHandler
                0x000000000000097c                Ecall_M_Mode_Handler
                0x000000000000097c                DMA1_Channel4_IRQHandler
                0x000000000000097c                USART3_IRQHandler
                0x000000000000097c                RTC_IRQHandler
                0x000000000000097c                DMA1_Channel7_IRQHandler
                0x000000000000097c                CAN1_RX1_IRQHandler
                0x000000000000097c                TIM4_IRQHandler
                0x000000000000097c                I2C1_EV_IRQHandler
                0x000000000000097c                UART4_IRQHandler
                0x000000000000097c                TIM3_IRQHandler
                0x000000000000097c                RCC_IRQHandler
                0x000000000000097c                TIM1_TRG_COM_IRQHandler
                0x000000000000097c                DMA1_Channel1_IRQHandler
                0x000000000000097c                EXTI15_10_IRQHandler
                0x000000000000097c                DMA1_Channel8_IRQHandler
                0x000000000000097c                EXTI9_5_IRQHandler
                0x000000000000097c                SPI2_IRQHandler
                0x000000000000097c                DMA1_Channel5_IRQHandler
                0x000000000000097c                EXTI4_IRQHandler
                0x000000000000097c                USB_LP_CAN1_RX0_IRQHandler
                0x000000000000097c                USB_HP_CAN1_TX_IRQHandler
                0x000000000000097c                DMA1_Channel3_IRQHandler
                0x000000000000097c                TIM1_UP_IRQHandler
                0x000000000000097c                WWDG_IRQHandler
                0x000000000000097c                Ecall_U_Mode_Handler
                0x000000000000097c                TIM2_IRQHandler
                0x000000000000097c                SW_Handler
                0x000000000000097c                TIM1_BRK_IRQHandler
                0x000000000000097c                EXTI1_IRQHandler
                0x000000000000097c                RTCAlarm_IRQHandler
                0x000000000000097c                I2C2_ER_IRQHandler
                0x000000000000097c                DMA1_Channel2_IRQHandler
                0x000000000000097c                CAN1_SCE_IRQHandler
                0x000000000000097c                FLASH_IRQHandler
                0x000000000000097c                USBFSWakeUp_IRQHandler
                0x000000000000097c                USART1_IRQHandler
                0x000000000000097c                I2C1_ER_IRQHandler
                0x000000000000097c                EXTI2_IRQHandler
 .text.handle_reset
                0x000000000000097e       0x86 ./Startup/startup_ch32v20x_D6.o
                0x000000000000097e                handle_reset
 .text.DMA_DeInit
                0x0000000000000a04       0x9c ./Peripheral/src/ch32v20x_dma.o
                0x0000000000000a04                DMA_DeInit
 .text.DMA_Init
                0x0000000000000aa0       0x38 ./Peripheral/src/ch32v20x_dma.o
                0x0000000000000aa0                DMA_Init
 .text.DMA_Cmd  0x0000000000000ad8       0x14 ./Peripheral/src/ch32v20x_dma.o
                0x0000000000000ad8                DMA_Cmd
 .text.DMA_ITConfig
                0x0000000000000aec       0x12 ./Peripheral/src/ch32v20x_dma.o
                0x0000000000000aec                DMA_ITConfig
 .text.DMA_SetCurrDataCounter
                0x0000000000000afe        0x4 ./Peripheral/src/ch32v20x_dma.o
                0x0000000000000afe                DMA_SetCurrDataCounter
 .text.DMA_ClearITPendingBit
                0x0000000000000b02        0x8 ./Peripheral/src/ch32v20x_dma.o
                0x0000000000000b02                DMA_ClearITPendingBit
 .text.FLASH_Unlock
                0x0000000000000b0a       0x1a ./Peripheral/src/ch32v20x_flash.o
                0x0000000000000b0a                FLASH_Unlock
 .text.FLASH_Lock
                0x0000000000000b24        0xe ./Peripheral/src/ch32v20x_flash.o
                0x0000000000000b24                FLASH_Lock
 .text.FLASH_GetBank1Status
                0x0000000000000b32       0x18 ./Peripheral/src/ch32v20x_flash.o
                0x0000000000000b32                FLASH_GetBank1Status
 .text.FLASH_WaitForLastOperation
                0x0000000000000b4a       0x20 ./Peripheral/src/ch32v20x_flash.o
                0x0000000000000b4a                FLASH_WaitForLastOperation
 .text.FLASH_ErasePage
                0x0000000000000b6a       0x38 ./Peripheral/src/ch32v20x_flash.o
                0x0000000000000b6a                FLASH_ErasePage
 .text.FLASH_ProgramHalfWord
                0x0000000000000ba2       0x34 ./Peripheral/src/ch32v20x_flash.o
                0x0000000000000ba2                FLASH_ProgramHalfWord
 .text.GPIO_Init
                0x0000000000000bd6       0xf2 ./Peripheral/src/ch32v20x_gpio.o
                0x0000000000000bd6                GPIO_Init
 .text.NVIC_PriorityGroupConfig
                0x0000000000000cc8        0x6 ./Peripheral/src/ch32v20x_misc.o
                0x0000000000000cc8                NVIC_PriorityGroupConfig
 .text.NVIC_Init
                0x0000000000000cce       0x54 ./Peripheral/src/ch32v20x_misc.o
                0x0000000000000cce                NVIC_Init
 .text.RCC_GetClocksFreq
                0x0000000000000d22       0xbe ./Peripheral/src/ch32v20x_rcc.o
                0x0000000000000d22                RCC_GetClocksFreq
 .text.RCC_AHBPeriphClockCmd
                0x0000000000000de0       0x1e ./Peripheral/src/ch32v20x_rcc.o
                0x0000000000000de0                RCC_AHBPeriphClockCmd
 .text.RCC_APB2PeriphClockCmd
                0x0000000000000dfe       0x1e ./Peripheral/src/ch32v20x_rcc.o
                0x0000000000000dfe                RCC_APB2PeriphClockCmd
 .text.RCC_APB1PeriphClockCmd
                0x0000000000000e1c       0x1e ./Peripheral/src/ch32v20x_rcc.o
                0x0000000000000e1c                RCC_APB1PeriphClockCmd
 .text.USART_Init
                0x0000000000000e3a       0x8e ./Peripheral/src/ch32v20x_usart.o
                0x0000000000000e3a                USART_Init
 .text.USART_Cmd
                0x0000000000000ec8       0x16 ./Peripheral/src/ch32v20x_usart.o
                0x0000000000000ec8                USART_Cmd
 .text.USART_ITConfig
                0x0000000000000ede       0x36 ./Peripheral/src/ch32v20x_usart.o
                0x0000000000000ede                USART_ITConfig
 .text.USART_DMACmd
                0x0000000000000f14       0x12 ./Peripheral/src/ch32v20x_usart.o
                0x0000000000000f14                USART_DMACmd
 .text.USART_SendData
                0x0000000000000f26        0x8 ./Peripheral/src/ch32v20x_usart.o
                0x0000000000000f26                USART_SendData
 .text.USART_ReceiveData
                0x0000000000000f2e        0x8 ./Peripheral/src/ch32v20x_usart.o
                0x0000000000000f2e                USART_ReceiveData
 .text.USART_GetFlagStatus
                0x0000000000000f36        0xa ./Peripheral/src/ch32v20x_usart.o
                0x0000000000000f36                USART_GetFlagStatus
 .text.USART_GetITStatus
                0x0000000000000f40       0x3c ./Peripheral/src/ch32v20x_usart.o
                0x0000000000000f40                USART_GetITStatus
 .text.Delay_Init
                0x0000000000000f7c       0x2a ./Debug/debug.o
                0x0000000000000f7c                Delay_Init
 .text.Delay_Ms
                0x0000000000000fa6       0x36 ./Debug/debug.o
                0x0000000000000fa6                Delay_Ms
 .text.USART_Printf_Init
                0x0000000000000fdc       0x52 ./Debug/debug.o
                0x0000000000000fdc                USART_Printf_Init
 .text._write   0x000000000000102e       0x3a ./Debug/debug.o
                0x000000000000102e                _write
 .text._sbrk    0x0000000000001068       0x26 ./Debug/debug.o
                0x0000000000001068                _sbrk
 .text.memcpy   0x000000000000108e       0xb2 /Applications/MounRiver Studio 2.app/Contents/Resources/app/resources/darwin/components/WCH/Toolchain/RISC-V Embedded GCC/bin/../lib/gcc/riscv-none-embed/8.2.0/../../../../riscv-none-embed/lib/rv32imacxw/ilp32/libg_nano.a(lib_a-memcpy.o)
                0x000000000000108e                memcpy
 .text.printf   0x0000000000001140       0x40 /Applications/MounRiver Studio 2.app/Contents/Resources/app/resources/darwin/components/WCH/Toolchain/RISC-V Embedded GCC/bin/../lib/gcc/riscv-none-embed/8.2.0/../../../../riscv-none-embed/lib/rv32imacxw/ilp32/libg_nano.a(lib_a-printf.o)
                0x0000000000001140                printf
                0x0000000000001140                iprintf
 .text._puts_r  0x0000000000001180       0xd4 /Applications/MounRiver Studio 2.app/Contents/Resources/app/resources/darwin/components/WCH/Toolchain/RISC-V Embedded GCC/bin/../lib/gcc/riscv-none-embed/8.2.0/../../../../riscv-none-embed/lib/rv32imacxw/ilp32/libg_nano.a(lib_a-puts.o)
                0x0000000000001180                _puts_r
 .text.puts     0x0000000000001254        0xa /Applications/MounRiver Studio 2.app/Contents/Resources/app/resources/darwin/components/WCH/Toolchain/RISC-V Embedded GCC/bin/../lib/gcc/riscv-none-embed/8.2.0/../../../../riscv-none-embed/lib/rv32imacxw/ilp32/libg_nano.a(lib_a-puts.o)
                0x0000000000001254                puts
 .text.__swbuf_r
                0x000000000000125e       0xbc /Applications/MounRiver Studio 2.app/Contents/Resources/app/resources/darwin/components/WCH/Toolchain/RISC-V Embedded GCC/bin/../lib/gcc/riscv-none-embed/8.2.0/../../../../riscv-none-embed/lib/rv32imacxw/ilp32/libg_nano.a(lib_a-wbuf.o)
                0x000000000000125e                __swbuf_r
 .text.__swsetup_r
                0x000000000000131a       0xfc /Applications/MounRiver Studio 2.app/Contents/Resources/app/resources/darwin/components/WCH/Toolchain/RISC-V Embedded GCC/bin/../lib/gcc/riscv-none-embed/8.2.0/../../../../riscv-none-embed/lib/rv32imacxw/ilp32/libg_nano.a(lib_a-wsetup.o)
                0x000000000000131a                __swsetup_r
 .text.__sflush_r
                0x0000000000001416      0x130 /Applications/MounRiver Studio 2.app/Contents/Resources/app/resources/darwin/components/WCH/Toolchain/RISC-V Embedded GCC/bin/../lib/gcc/riscv-none-embed/8.2.0/../../../../riscv-none-embed/lib/rv32imacxw/ilp32/libg_nano.a(lib_a-fflush.o)
                0x0000000000001416                __sflush_r
 .text._fflush_r
                0x0000000000001546       0x64 /Applications/MounRiver Studio 2.app/Contents/Resources/app/resources/darwin/components/WCH/Toolchain/RISC-V Embedded GCC/bin/../lib/gcc/riscv-none-embed/8.2.0/../../../../riscv-none-embed/lib/rv32imacxw/ilp32/libg_nano.a(lib_a-fflush.o)
                0x0000000000001546                _fflush_r
 .text.std      0x00000000000015aa       0x66 /Applications/MounRiver Studio 2.app/Contents/Resources/app/resources/darwin/components/WCH/Toolchain/RISC-V Embedded GCC/bin/../lib/gcc/riscv-none-embed/8.2.0/../../../../riscv-none-embed/lib/rv32imacxw/ilp32/libg_nano.a(lib_a-findfp.o)
 .text._cleanup_r
                0x0000000000001610        0xa /Applications/MounRiver Studio 2.app/Contents/Resources/app/resources/darwin/components/WCH/Toolchain/RISC-V Embedded GCC/bin/../lib/gcc/riscv-none-embed/8.2.0/../../../../riscv-none-embed/lib/rv32imacxw/ilp32/libg_nano.a(lib_a-findfp.o)
                0x0000000000001610                _cleanup_r
 .text.__sfmoreglue
                0x000000000000161a       0x46 /Applications/MounRiver Studio 2.app/Contents/Resources/app/resources/darwin/components/WCH/Toolchain/RISC-V Embedded GCC/bin/../lib/gcc/riscv-none-embed/8.2.0/../../../../riscv-none-embed/lib/rv32imacxw/ilp32/libg_nano.a(lib_a-findfp.o)
                0x000000000000161a                __sfmoreglue
 .text.__sinit  0x0000000000001660       0x66 /Applications/MounRiver Studio 2.app/Contents/Resources/app/resources/darwin/components/WCH/Toolchain/RISC-V Embedded GCC/bin/../lib/gcc/riscv-none-embed/8.2.0/../../../../riscv-none-embed/lib/rv32imacxw/ilp32/libg_nano.a(lib_a-findfp.o)
                0x0000000000001660                __sinit
 .text.__sfp    0x00000000000016c6       0x9c /Applications/MounRiver Studio 2.app/Contents/Resources/app/resources/darwin/components/WCH/Toolchain/RISC-V Embedded GCC/bin/../lib/gcc/riscv-none-embed/8.2.0/../../../../riscv-none-embed/lib/rv32imacxw/ilp32/libg_nano.a(lib_a-findfp.o)
                0x00000000000016c6                __sfp
 .text._fwalk_reent
                0x0000000000001762       0x6a /Applications/MounRiver Studio 2.app/Contents/Resources/app/resources/darwin/components/WCH/Toolchain/RISC-V Embedded GCC/bin/../lib/gcc/riscv-none-embed/8.2.0/../../../../riscv-none-embed/lib/rv32imacxw/ilp32/libg_nano.a(lib_a-fwalk.o)
                0x0000000000001762                _fwalk_reent
 .text.__swhatbuf_r
                0x00000000000017cc       0x58 /Applications/MounRiver Studio 2.app/Contents/Resources/app/resources/darwin/components/WCH/Toolchain/RISC-V Embedded GCC/bin/../lib/gcc/riscv-none-embed/8.2.0/../../../../riscv-none-embed/lib/rv32imacxw/ilp32/libg_nano.a(lib_a-makebuf.o)
                0x00000000000017cc                __swhatbuf_r
 .text.__smakebuf_r
                0x0000000000001824       0x90 /Applications/MounRiver Studio 2.app/Contents/Resources/app/resources/darwin/components/WCH/Toolchain/RISC-V Embedded GCC/bin/../lib/gcc/riscv-none-embed/8.2.0/../../../../riscv-none-embed/lib/rv32imacxw/ilp32/libg_nano.a(lib_a-makebuf.o)
                0x0000000000001824                __smakebuf_r
 .text._free_r  0x00000000000018b4       0xa8 /Applications/MounRiver Studio 2.app/Contents/Resources/app/resources/darwin/components/WCH/Toolchain/RISC-V Embedded GCC/bin/../lib/gcc/riscv-none-embed/8.2.0/../../../../riscv-none-embed/lib/rv32imacxw/ilp32/libg_nano.a(lib_a-nano-freer.o)
                0x00000000000018b4                _free_r
 .text._malloc_r
                0x000000000000195c       0xd4 /Applications/MounRiver Studio 2.app/Contents/Resources/app/resources/darwin/components/WCH/Toolchain/RISC-V Embedded GCC/bin/../lib/gcc/riscv-none-embed/8.2.0/../../../../riscv-none-embed/lib/rv32imacxw/ilp32/libg_nano.a(lib_a-nano-mallocr.o)
                0x000000000000195c                _malloc_r
 .text.__sfputc_r
                0x0000000000001a30       0x28 /Applications/MounRiver Studio 2.app/Contents/Resources/app/resources/darwin/components/WCH/Toolchain/RISC-V Embedded GCC/bin/../lib/gcc/riscv-none-embed/8.2.0/../../../../riscv-none-embed/lib/rv32imacxw/ilp32/libg_nano.a(lib_a-nano-vfprintf.o)
 .text.__sfputs_r
                0x0000000000001a58       0x40 /Applications/MounRiver Studio 2.app/Contents/Resources/app/resources/darwin/components/WCH/Toolchain/RISC-V Embedded GCC/bin/../lib/gcc/riscv-none-embed/8.2.0/../../../../riscv-none-embed/lib/rv32imacxw/ilp32/libg_nano.a(lib_a-nano-vfprintf.o)
                0x0000000000001a58                __sfputs_r
 .text._vfprintf_r
                0x0000000000001a98      0x284 /Applications/MounRiver Studio 2.app/Contents/Resources/app/resources/darwin/components/WCH/Toolchain/RISC-V Embedded GCC/bin/../lib/gcc/riscv-none-embed/8.2.0/../../../../riscv-none-embed/lib/rv32imacxw/ilp32/libg_nano.a(lib_a-nano-vfprintf.o)
                0x0000000000001a98                _vfiprintf_r
                0x0000000000001a98                _vfprintf_r
 .text._printf_common
                0x0000000000001d1c      0x10c /Applications/MounRiver Studio 2.app/Contents/Resources/app/resources/darwin/components/WCH/Toolchain/RISC-V Embedded GCC/bin/../lib/gcc/riscv-none-embed/8.2.0/../../../../riscv-none-embed/lib/rv32imacxw/ilp32/libg_nano.a(lib_a-nano-vfprintf_i.o)
                0x0000000000001d1c                _printf_common
 .text._printf_i
                0x0000000000001e28      0x2a0 /Applications/MounRiver Studio 2.app/Contents/Resources/app/resources/darwin/components/WCH/Toolchain/RISC-V Embedded GCC/bin/../lib/gcc/riscv-none-embed/8.2.0/../../../../riscv-none-embed/lib/rv32imacxw/ilp32/libg_nano.a(lib_a-nano-vfprintf_i.o)
                0x0000000000001e28                _printf_i
 .text._sbrk_r  0x00000000000020c8       0x2a /Applications/MounRiver Studio 2.app/Contents/Resources/app/resources/darwin/components/WCH/Toolchain/RISC-V Embedded GCC/bin/../lib/gcc/riscv-none-embed/8.2.0/../../../../riscv-none-embed/lib/rv32imacxw/ilp32/libg_nano.a(lib_a-sbrkr.o)
                0x00000000000020c8                _sbrk_r
 .text.__sread  0x00000000000020f2       0x2c /Applications/MounRiver Studio 2.app/Contents/Resources/app/resources/darwin/components/WCH/Toolchain/RISC-V Embedded GCC/bin/../lib/gcc/riscv-none-embed/8.2.0/../../../../riscv-none-embed/lib/rv32imacxw/ilp32/libg_nano.a(lib_a-stdio.o)
                0x00000000000020f2                __sread
 .text.__swrite
                0x000000000000211e       0x48 /Applications/MounRiver Studio 2.app/Contents/Resources/app/resources/darwin/components/WCH/Toolchain/RISC-V Embedded GCC/bin/../lib/gcc/riscv-none-embed/8.2.0/../../../../riscv-none-embed/lib/rv32imacxw/ilp32/libg_nano.a(lib_a-stdio.o)
                0x000000000000211e                __swrite
 .text.__sseek  0x0000000000002166       0x30 /Applications/MounRiver Studio 2.app/Contents/Resources/app/resources/darwin/components/WCH/Toolchain/RISC-V Embedded GCC/bin/../lib/gcc/riscv-none-embed/8.2.0/../../../../riscv-none-embed/lib/rv32imacxw/ilp32/libg_nano.a(lib_a-stdio.o)
                0x0000000000002166                __sseek
 .text.__sclose
                0x0000000000002196        0x6 /Applications/MounRiver Studio 2.app/Contents/Resources/app/resources/darwin/components/WCH/Toolchain/RISC-V Embedded GCC/bin/../lib/gcc/riscv-none-embed/8.2.0/../../../../riscv-none-embed/lib/rv32imacxw/ilp32/libg_nano.a(lib_a-stdio.o)
                0x0000000000002196                __sclose
 .text._write_r
                0x000000000000219c       0x2e /Applications/MounRiver Studio 2.app/Contents/Resources/app/resources/darwin/components/WCH/Toolchain/RISC-V Embedded GCC/bin/../lib/gcc/riscv-none-embed/8.2.0/../../../../riscv-none-embed/lib/rv32imacxw/ilp32/libg_nano.a(lib_a-writer.o)
                0x000000000000219c                _write_r
 .text._close_r
                0x00000000000021ca       0x28 /Applications/MounRiver Studio 2.app/Contents/Resources/app/resources/darwin/components/WCH/Toolchain/RISC-V Embedded GCC/bin/../lib/gcc/riscv-none-embed/8.2.0/../../../../riscv-none-embed/lib/rv32imacxw/ilp32/libg_nano.a(lib_a-closer.o)
                0x00000000000021ca                _close_r
 .text._fstat_r
                0x00000000000021f2       0x2a /Applications/MounRiver Studio 2.app/Contents/Resources/app/resources/darwin/components/WCH/Toolchain/RISC-V Embedded GCC/bin/../lib/gcc/riscv-none-embed/8.2.0/../../../../riscv-none-embed/lib/rv32imacxw/ilp32/libg_nano.a(lib_a-fstatr.o)
                0x00000000000021f2                _fstat_r
 .text._isatty_r
                0x000000000000221c       0x28 /Applications/MounRiver Studio 2.app/Contents/Resources/app/resources/darwin/components/WCH/Toolchain/RISC-V Embedded GCC/bin/../lib/gcc/riscv-none-embed/8.2.0/../../../../riscv-none-embed/lib/rv32imacxw/ilp32/libg_nano.a(lib_a-isattyr.o)
                0x000000000000221c                _isatty_r
 .text._lseek_r
                0x0000000000002244       0x2c /Applications/MounRiver Studio 2.app/Contents/Resources/app/resources/darwin/components/WCH/Toolchain/RISC-V Embedded GCC/bin/../lib/gcc/riscv-none-embed/8.2.0/../../../../riscv-none-embed/lib/rv32imacxw/ilp32/libg_nano.a(lib_a-lseekr.o)
                0x0000000000002244                _lseek_r
 .text.memchr   0x0000000000002270       0x18 /Applications/MounRiver Studio 2.app/Contents/Resources/app/resources/darwin/components/WCH/Toolchain/RISC-V Embedded GCC/bin/../lib/gcc/riscv-none-embed/8.2.0/../../../../riscv-none-embed/lib/rv32imacxw/ilp32/libg_nano.a(lib_a-memchr.o)
                0x0000000000002270                memchr
 .text.__malloc_lock
                0x0000000000002288        0x2 /Applications/MounRiver Studio 2.app/Contents/Resources/app/resources/darwin/components/WCH/Toolchain/RISC-V Embedded GCC/bin/../lib/gcc/riscv-none-embed/8.2.0/../../../../riscv-none-embed/lib/rv32imacxw/ilp32/libg_nano.a(lib_a-mlock.o)
                0x0000000000002288                __malloc_lock
 .text.__malloc_unlock
                0x000000000000228a        0x2 /Applications/MounRiver Studio 2.app/Contents/Resources/app/resources/darwin/components/WCH/Toolchain/RISC-V Embedded GCC/bin/../lib/gcc/riscv-none-embed/8.2.0/../../../../riscv-none-embed/lib/rv32imacxw/ilp32/libg_nano.a(lib_a-mlock.o)
                0x000000000000228a                __malloc_unlock
 .text._read_r  0x000000000000228c       0x2c /Applications/MounRiver Studio 2.app/Contents/Resources/app/resources/darwin/components/WCH/Toolchain/RISC-V Embedded GCC/bin/../lib/gcc/riscv-none-embed/8.2.0/../../../../riscv-none-embed/lib/rv32imacxw/ilp32/libg_nano.a(lib_a-readr.o)
                0x000000000000228c                _read_r
 .text._close   0x00000000000022b8        0xc /Applications/MounRiver Studio 2.app/Contents/Resources/app/resources/darwin/components/WCH/Toolchain/RISC-V Embedded GCC/bin/../lib/gcc/riscv-none-embed/8.2.0/../../../../riscv-none-embed/lib/rv32imacxw/ilp32/libnosys.a(close.o)
                0x00000000000022b8                _close
 .text._fstat   0x00000000000022c4        0xc /Applications/MounRiver Studio 2.app/Contents/Resources/app/resources/darwin/components/WCH/Toolchain/RISC-V Embedded GCC/bin/../lib/gcc/riscv-none-embed/8.2.0/../../../../riscv-none-embed/lib/rv32imacxw/ilp32/libnosys.a(fstat.o)
                0x00000000000022c4                _fstat
 .text._isatty  0x00000000000022d0        0xc /Applications/MounRiver Studio 2.app/Contents/Resources/app/resources/darwin/components/WCH/Toolchain/RISC-V Embedded GCC/bin/../lib/gcc/riscv-none-embed/8.2.0/../../../../riscv-none-embed/lib/rv32imacxw/ilp32/libnosys.a(isatty.o)
                0x00000000000022d0                _isatty
 .text._lseek   0x00000000000022dc        0xc /Applications/MounRiver Studio 2.app/Contents/Resources/app/resources/darwin/components/WCH/Toolchain/RISC-V Embedded GCC/bin/../lib/gcc/riscv-none-embed/8.2.0/../../../../riscv-none-embed/lib/rv32imacxw/ilp32/libnosys.a(lseek.o)
                0x00000000000022dc                _lseek
 .text._read    0x00000000000022e8        0xc /Applications/MounRiver Studio 2.app/Contents/Resources/app/resources/darwin/components/WCH/Toolchain/RISC-V Embedded GCC/bin/../lib/gcc/riscv-none-embed/8.2.0/../../../../riscv-none-embed/lib/rv32imacxw/ilp32/libnosys.a(read.o)
                0x00000000000022e8                _read
 *(.rodata)
 *(.rodata*)
 *fill*         0x00000000000022f4        0x0 
 .rodata.main.str1.4
                0x00000000000022f4       0xe7 ./User/main.o
 *fill*         0x00000000000023db        0x1 
 .rodata.CSWTCH.4
                0x00000000000023dc       0x14 ./User/param_table.o
 .rodata.CSWTCH.5
                0x00000000000023f0        0xc ./User/param_table.o
 .rodata.PARAM_Init.str1.4
                0x00000000000023fc       0x5a ./User/param_table.o
 *fill*         0x0000000000002456        0x2 
 .rodata.StripType_GetName.str1.4
                0x0000000000002458        0x8 ./User/param_table.o
 .rodata.Unit_GetSymbol.str1.4
                0x0000000000002460        0x2 ./User/param_table.o
 *fill*         0x0000000000002462        0x2 
 .rodata.str1.4
                0x0000000000002464       0x64 ./User/param_table.o
 .rodata.__sf_fake_stderr
                0x00000000000024c8       0x20 /Applications/MounRiver Studio 2.app/Contents/Resources/app/resources/darwin/components/WCH/Toolchain/RISC-V Embedded GCC/bin/../lib/gcc/riscv-none-embed/8.2.0/../../../../riscv-none-embed/lib/rv32imacxw/ilp32/libg_nano.a(lib_a-findfp.o)
                0x00000000000024c8                __sf_fake_stderr
 .rodata.__sf_fake_stdin
                0x00000000000024e8       0x20 /Applications/MounRiver Studio 2.app/Contents/Resources/app/resources/darwin/components/WCH/Toolchain/RISC-V Embedded GCC/bin/../lib/gcc/riscv-none-embed/8.2.0/../../../../riscv-none-embed/lib/rv32imacxw/ilp32/libg_nano.a(lib_a-findfp.o)
                0x00000000000024e8                __sf_fake_stdin
 .rodata.__sf_fake_stdout
                0x0000000000002508       0x20 /Applications/MounRiver Studio 2.app/Contents/Resources/app/resources/darwin/components/WCH/Toolchain/RISC-V Embedded GCC/bin/../lib/gcc/riscv-none-embed/8.2.0/../../../../riscv-none-embed/lib/rv32imacxw/ilp32/libg_nano.a(lib_a-findfp.o)
                0x0000000000002508                __sf_fake_stdout
 .rodata._vfprintf_r.str1.4
                0x0000000000002528       0x13 /Applications/MounRiver Studio 2.app/Contents/Resources/app/resources/darwin/components/WCH/Toolchain/RISC-V Embedded GCC/bin/../lib/gcc/riscv-none-embed/8.2.0/../../../../riscv-none-embed/lib/rv32imacxw/ilp32/libg_nano.a(lib_a-nano-vfprintf.o)
 *fill*         0x000000000000253b        0x1 
 .rodata._printf_i.str1.4
                0x000000000000253c       0x28 /Applications/MounRiver Studio 2.app/Contents/Resources/app/resources/darwin/components/WCH/Toolchain/RISC-V Embedded GCC/bin/../lib/gcc/riscv-none-embed/8.2.0/../../../../riscv-none-embed/lib/rv32imacxw/ilp32/libg_nano.a(lib_a-nano-vfprintf_i.o)
                                         0x25 (size before relaxing)
 *(.gnu.linkonce.t.*)
                0x0000000000002564                . = ALIGN (0x4)

.rela.dyn       0x0000000000002564        0x0
 .rela.init     0x0000000000002564        0x0 ./User/ch32v20x_it.o
 .rela.vector   0x0000000000002564        0x0 ./User/ch32v20x_it.o
 .rela.text.handle_reset
                0x0000000000002564        0x0 ./User/ch32v20x_it.o
 .rela.text._sbrk
                0x0000000000002564        0x0 ./User/ch32v20x_it.o
 .rela.sdata.curbrk.4652
                0x0000000000002564        0x0 ./User/ch32v20x_it.o
 .rela.text._vfprintf_r
                0x0000000000002564        0x0 ./User/ch32v20x_it.o
 .rela.text._sbrk_r
                0x0000000000002564        0x0 ./User/ch32v20x_it.o
 .rela.text._write_r
                0x0000000000002564        0x0 ./User/ch32v20x_it.o
 .rela.text._close_r
                0x0000000000002564        0x0 ./User/ch32v20x_it.o
 .rela.text._fstat_r
                0x0000000000002564        0x0 ./User/ch32v20x_it.o
 .rela.text._isatty_r
                0x0000000000002564        0x0 ./User/ch32v20x_it.o
 .rela.text._lseek_r
                0x0000000000002564        0x0 ./User/ch32v20x_it.o
 .rela.text._read_r
                0x0000000000002564        0x0 ./User/ch32v20x_it.o
 .rela.text._close
                0x0000000000002564        0x0 ./User/ch32v20x_it.o
 .rela.text._fstat
                0x0000000000002564        0x0 ./User/ch32v20x_it.o
 .rela.text._isatty
                0x0000000000002564        0x0 ./User/ch32v20x_it.o
 .rela.text._lseek
                0x0000000000002564        0x0 ./User/ch32v20x_it.o
 .rela.text._read
                0x0000000000002564        0x0 ./User/ch32v20x_it.o

.fini           0x0000000000002564        0x0
 *(SORT_NONE(.fini))
                0x0000000000002564                . = ALIGN (0x4)
                [!provide]                        PROVIDE (_etext = .)
                [!provide]                        PROVIDE (_eitcm = .)

.preinit_array  0x0000000000002564        0x0
                [!provide]                        PROVIDE (__preinit_array_start = .)
 *(.preinit_array)
                [!provide]                        PROVIDE (__preinit_array_end = .)

.init_array     0x0000000000002564        0x0
                [!provide]                        PROVIDE (__init_array_start = .)
 *(SORT_BY_INIT_PRIORITY(.init_array.*) SORT_BY_INIT_PRIORITY(.ctors.*))
 *(.init_array EXCLUDE_FILE(*crtend?.o *crtend.o *crtbegin?.o *crtbegin.o) .ctors)
                [!provide]                        PROVIDE (__init_array_end = .)

.fini_array     0x0000000000002564        0x0
                [!provide]                        PROVIDE (__fini_array_start = .)
 *(SORT_BY_INIT_PRIORITY(.fini_array.*) SORT_BY_INIT_PRIORITY(.dtors.*))
 *(.fini_array EXCLUDE_FILE(*crtend?.o *crtend.o *crtbegin?.o *crtbegin.o) .dtors)
                [!provide]                        PROVIDE (__fini_array_end = .)

.ctors
 *crtbegin.o(.ctors)
 *crtbegin?.o(.ctors)
 *(EXCLUDE_FILE(*crtend?.o *crtend.o) .ctors)
 *(SORT_BY_NAME(.ctors.*))
 *(.ctors)

.dtors
 *crtbegin.o(.dtors)
 *crtbegin?.o(.dtors)
 *(EXCLUDE_FILE(*crtend?.o *crtend.o) .dtors)
 *(SORT_BY_NAME(.dtors.*))
 *(.dtors)

.dalign         0x0000000020000000        0x0 load address 0x0000000000002564
                0x0000000020000000                . = ALIGN (0x4)
                0x0000000020000000                PROVIDE (_data_vma = .)

.dlalign        0x0000000000002564        0x0
                0x0000000000002564                . = ALIGN (0x4)
                0x0000000000002564                PROVIDE (_data_lma = .)

.data           0x0000000020000000       0x88 load address 0x0000000000002564
 *(.gnu.linkonce.r.*)
 *(.data .data.*)
 .data.APBAHBPrescTable
                0x0000000020000000       0x10 ./Peripheral/src/ch32v20x_rcc.o
 .data.impure_data
                0x0000000020000010       0x60 /Applications/MounRiver Studio 2.app/Contents/Resources/app/resources/darwin/components/WCH/Toolchain/RISC-V Embedded GCC/bin/../lib/gcc/riscv-none-embed/8.2.0/../../../../riscv-none-embed/lib/rv32imacxw/ilp32/libg_nano.a(lib_a-impure.o)
 *(.gnu.linkonce.d.*)
                0x0000000020000070                . = ALIGN (0x8)
                0x0000000020000870                PROVIDE (__global_pointer$ = (. + 0x800))
 *(.sdata .sdata.*)
 .sdata.SystemCoreClock
                0x0000000020000070        0x4 ./User/system_ch32v20x.o
                0x0000000020000070                SystemCoreClock
 .sdata.ADCPrescTable
                0x0000000020000074        0x4 ./Peripheral/src/ch32v20x_rcc.o
 .sdata.curbrk.4652
                0x0000000020000078        0x4 ./Debug/debug.o
 .sdata._impure_ptr
                0x000000002000007c        0x4 /Applications/MounRiver Studio 2.app/Contents/Resources/app/resources/darwin/components/WCH/Toolchain/RISC-V Embedded GCC/bin/../lib/gcc/riscv-none-embed/8.2.0/../../../../riscv-none-embed/lib/rv32imacxw/ilp32/libg_nano.a(lib_a-impure.o)
                0x000000002000007c                _impure_ptr
 *(.sdata2.*)
 .sdata2._global_impure_ptr
                0x0000000020000080        0x4 /Applications/MounRiver Studio 2.app/Contents/Resources/app/resources/darwin/components/WCH/Toolchain/RISC-V Embedded GCC/bin/../lib/gcc/riscv-none-embed/8.2.0/../../../../riscv-none-embed/lib/rv32imacxw/ilp32/libg_nano.a(lib_a-impure.o)
                0x0000000020000080                _global_impure_ptr
 *(.gnu.linkonce.s.*)
                0x0000000020000088                . = ALIGN (0x8)
 *fill*         0x0000000020000084        0x4 
 *(.srodata.cst16)
 *(.srodata.cst8)
 *(.srodata.cst4)
 *(.srodata.cst2)
 *(.srodata .srodata.*)
                0x0000000020000088                . = ALIGN (0x4)
                0x0000000020000088                PROVIDE (_edata = .)

.bss            0x0000000020000088      0x7cc load address 0x00000000000025ec
                0x0000000020000088                . = ALIGN (0x4)
                0x0000000020000088                PROVIDE (_sbss = .)
 *(.sbss*)
 .sbss.MCU_Version
                0x0000000020000088        0x1 ./Peripheral/src/ch32v20x_gpio.o
                0x0000000020000088                MCU_Version
 *fill*         0x0000000020000089        0x3 
 .sbss.NVIC_Priority_Group
                0x000000002000008c        0x4 ./Peripheral/src/ch32v20x_misc.o
                0x000000002000008c                NVIC_Priority_Group
 .sbss.p_ms     0x0000000020000090        0x2 ./Debug/debug.o
 .sbss.p_us     0x0000000020000092        0x1 ./Debug/debug.o
 *fill*         0x0000000020000093        0x1 
 .sbss.__malloc_free_list
                0x0000000020000094        0x4 /Applications/MounRiver Studio 2.app/Contents/Resources/app/resources/darwin/components/WCH/Toolchain/RISC-V Embedded GCC/bin/../lib/gcc/riscv-none-embed/8.2.0/../../../../riscv-none-embed/lib/rv32imacxw/ilp32/libg_nano.a(lib_a-nano-mallocr.o)
                0x0000000020000094                __malloc_free_list
 .sbss.__malloc_sbrk_start
                0x0000000020000098        0x4 /Applications/MounRiver Studio 2.app/Contents/Resources/app/resources/darwin/components/WCH/Toolchain/RISC-V Embedded GCC/bin/../lib/gcc/riscv-none-embed/8.2.0/../../../../riscv-none-embed/lib/rv32imacxw/ilp32/libg_nano.a(lib_a-nano-mallocr.o)
                0x0000000020000098                __malloc_sbrk_start
 *(.gnu.linkonce.sb.*)
 *(.bss*)
 .bss.USART_DMA_CTRL
                0x000000002000009c      0x101 ./User/main.o
                0x000000002000009c                USART_DMA_CTRL
 *fill*         0x000000002000019d        0x3 
 .bss.ring_buffer
                0x00000000200001a0      0x406 ./User/main.o
                0x00000000200001a0                ring_buffer
 *fill*         0x00000000200005a6        0x2 
 .bss.param_table
                0x00000000200005a8      0x2a6 ./User/param_table.o
 *(.gnu.linkonce.b.*)
 *(COMMON*)
 *fill*         0x000000002000084e        0x2 
 COMMON         0x0000000020000850        0x4 /Applications/MounRiver Studio 2.app/Contents/Resources/app/resources/darwin/components/WCH/Toolchain/RISC-V Embedded GCC/bin/../lib/gcc/riscv-none-embed/8.2.0/../../../../riscv-none-embed/lib/rv32imacxw/ilp32/libg_nano.a(lib_a-reent.o)
                0x0000000020000850                errno
                0x0000000020000854                . = ALIGN (0x4)
                0x0000000020000854                PROVIDE (_ebss = .)
                0x0000000020000854                PROVIDE (_end = _ebss)
                [!provide]                        PROVIDE (end = .)

.stack          0x0000000020004800      0x800
                0x0000000020004800                PROVIDE (_heap_end = .)
                0x0000000020004800                . = ALIGN (0x4)
                [!provide]                        PROVIDE (_susrstack = .)
                0x0000000020005000                . = (. + __stack_size)
 *fill*         0x0000000020004800      0x800 
                0x0000000020005000                PROVIDE (_eusrstack = .)
OUTPUT(CH32V203G8R6.elf elf32-littleriscv)

.debug_info     0x0000000000000000     0xc128
 .debug_info    0x0000000000000000      0xbb5 ./User/ch32v20x_it.o
 .debug_info    0x0000000000000bb5     0x189b ./User/main.o
 .debug_info    0x0000000000002450     0x17e7 ./User/param_table.o
 .debug_info    0x0000000000003c37      0xb7e ./User/system_ch32v20x.o
 .debug_info    0x00000000000047b5       0x22 ./Startup/startup_ch32v20x_D6.o
 .debug_info    0x00000000000047d7      0xd16 ./Peripheral/src/ch32v20x_dma.o
 .debug_info    0x00000000000054ed     0x15d2 ./Peripheral/src/ch32v20x_flash.o
 .debug_info    0x0000000000006abf     0x1349 ./Peripheral/src/ch32v20x_gpio.o
 .debug_info    0x0000000000007e08      0xe61 ./Peripheral/src/ch32v20x_misc.o
 .debug_info    0x0000000000008c69     0x1268 ./Peripheral/src/ch32v20x_rcc.o
 .debug_info    0x0000000000009ed1     0x1335 ./Peripheral/src/ch32v20x_usart.o
 .debug_info    0x000000000000b206      0xf22 ./Debug/debug.o

.debug_abbrev   0x0000000000000000     0x2409
 .debug_abbrev  0x0000000000000000      0x22c ./User/ch32v20x_it.o
 .debug_abbrev  0x000000000000022c      0x380 ./User/main.o
 .debug_abbrev  0x00000000000005ac      0x48d ./User/param_table.o
 .debug_abbrev  0x0000000000000a39      0x2c0 ./User/system_ch32v20x.o
 .debug_abbrev  0x0000000000000cf9       0x12 ./Startup/startup_ch32v20x_D6.o
 .debug_abbrev  0x0000000000000d0b      0x302 ./Peripheral/src/ch32v20x_dma.o
 .debug_abbrev  0x000000000000100d      0x468 ./Peripheral/src/ch32v20x_flash.o
 .debug_abbrev  0x0000000000001475      0x34b ./Peripheral/src/ch32v20x_gpio.o
 .debug_abbrev  0x00000000000017c0      0x2ea ./Peripheral/src/ch32v20x_misc.o
 .debug_abbrev  0x0000000000001aaa      0x36b ./Peripheral/src/ch32v20x_rcc.o
 .debug_abbrev  0x0000000000001e15      0x312 ./Peripheral/src/ch32v20x_usart.o
 .debug_abbrev  0x0000000000002127      0x2e2 ./Debug/debug.o

.debug_aranges  0x0000000000000000      0x660
 .debug_aranges
                0x0000000000000000       0x28 ./User/ch32v20x_it.o
 .debug_aranges
                0x0000000000000028       0x50 ./User/main.o
 .debug_aranges
                0x0000000000000078       0xd8 ./User/param_table.o
 .debug_aranges
                0x0000000000000150       0x28 ./User/system_ch32v20x.o
 .debug_aranges
                0x0000000000000178       0x30 ./Startup/startup_ch32v20x_D6.o
 .debug_aranges
                0x00000000000001a8       0x60 ./Peripheral/src/ch32v20x_dma.o
 .debug_aranges
                0x0000000000000208      0x110 ./Peripheral/src/ch32v20x_flash.o
 .debug_aranges
                0x0000000000000318       0xb0 ./Peripheral/src/ch32v20x_gpio.o
 .debug_aranges
                0x00000000000003c8       0x28 ./Peripheral/src/ch32v20x_misc.o
 .debug_aranges
                0x00000000000003f0      0x130 ./Peripheral/src/ch32v20x_rcc.o
 .debug_aranges
                0x0000000000000520       0xf0 ./Peripheral/src/ch32v20x_usart.o
 .debug_aranges
                0x0000000000000610       0x50 ./Debug/debug.o

.debug_ranges   0x0000000000000000      0x830
 .debug_ranges  0x0000000000000000       0x18 ./User/ch32v20x_it.o
 .debug_ranges  0x0000000000000018       0x60 ./User/main.o
 .debug_ranges  0x0000000000000078      0x2e0 ./User/param_table.o
 .debug_ranges  0x0000000000000358       0x38 ./User/system_ch32v20x.o
 .debug_ranges  0x0000000000000390       0x28 ./Startup/startup_ch32v20x_D6.o
 .debug_ranges  0x00000000000003b8       0x50 ./Peripheral/src/ch32v20x_dma.o
 .debug_ranges  0x0000000000000408      0x100 ./Peripheral/src/ch32v20x_flash.o
 .debug_ranges  0x0000000000000508       0xa0 ./Peripheral/src/ch32v20x_gpio.o
 .debug_ranges  0x00000000000005a8       0x48 ./Peripheral/src/ch32v20x_misc.o
 .debug_ranges  0x00000000000005f0      0x120 ./Peripheral/src/ch32v20x_rcc.o
 .debug_ranges  0x0000000000000710       0xe0 ./Peripheral/src/ch32v20x_usart.o
 .debug_ranges  0x00000000000007f0       0x40 ./Debug/debug.o

.debug_line     0x0000000000000000     0xa62a
 .debug_line    0x0000000000000000      0x37e ./User/ch32v20x_it.o
 .debug_line    0x000000000000037e      0xdc4 ./User/main.o
 .debug_line    0x0000000000001142     0x17a6 ./User/param_table.o
 .debug_line    0x00000000000028e8      0x798 ./User/system_ch32v20x.o
 .debug_line    0x0000000000003080      0x121 ./Startup/startup_ch32v20x_D6.o
 .debug_line    0x00000000000031a1      0x8a2 ./Peripheral/src/ch32v20x_dma.o
 .debug_line    0x0000000000003a43     0x2620 ./Peripheral/src/ch32v20x_flash.o
 .debug_line    0x0000000000006063     0x16f6 ./Peripheral/src/ch32v20x_gpio.o
 .debug_line    0x0000000000007759      0x4c8 ./Peripheral/src/ch32v20x_misc.o
 .debug_line    0x0000000000007c21     0x127e ./Peripheral/src/ch32v20x_rcc.o
 .debug_line    0x0000000000008e9f      0xf61 ./Peripheral/src/ch32v20x_usart.o
 .debug_line    0x0000000000009e00      0x82a ./Debug/debug.o

.debug_str      0x0000000000000000     0x2466
 .debug_str     0x0000000000000000      0x633 ./User/ch32v20x_it.o
                                        0x6a5 (size before relaxing)
 .debug_str     0x0000000000000633      0xa12 ./User/main.o
                                       0x1050 (size before relaxing)
 .debug_str     0x0000000000001045      0x35b ./User/param_table.o
                                        0xa95 (size before relaxing)
 .debug_str     0x00000000000013a0      0x10b ./User/system_ch32v20x.o
                                        0x6ec (size before relaxing)
 .debug_str     0x00000000000014ab       0x2d ./Startup/startup_ch32v20x_D6.o
                                         0x76 (size before relaxing)
 .debug_str     0x00000000000014d8       0xeb ./Peripheral/src/ch32v20x_dma.o
                                        0x813 (size before relaxing)
 .debug_str     0x00000000000015c3      0x49c ./Peripheral/src/ch32v20x_flash.o
                                        0xb3f (size before relaxing)
 .debug_str     0x0000000000001a5f      0x269 ./Peripheral/src/ch32v20x_gpio.o
                                        0x9dc (size before relaxing)
 .debug_str     0x0000000000001cc8       0x9c ./Peripheral/src/ch32v20x_misc.o
                                        0xa9e (size before relaxing)
 .debug_str     0x0000000000001d64      0x3aa ./Peripheral/src/ch32v20x_rcc.o
                                        0xaee (size before relaxing)
 .debug_str     0x000000000000210e      0x2e4 ./Peripheral/src/ch32v20x_usart.o
                                        0xb0a (size before relaxing)
 .debug_str     0x00000000000023f2       0x74 ./Debug/debug.o
                                        0x931 (size before relaxing)

.comment        0x0000000000000000       0x32
 .comment       0x0000000000000000       0x32 ./User/ch32v20x_it.o
                                         0x33 (size before relaxing)
 .comment       0x0000000000000032       0x33 ./User/main.o
 .comment       0x0000000000000032       0x33 ./User/param_table.o
 .comment       0x0000000000000032       0x33 ./User/system_ch32v20x.o
 .comment       0x0000000000000032       0x33 ./Peripheral/src/ch32v20x_dma.o
 .comment       0x0000000000000032       0x33 ./Peripheral/src/ch32v20x_flash.o
 .comment       0x0000000000000032       0x33 ./Peripheral/src/ch32v20x_gpio.o
 .comment       0x0000000000000032       0x33 ./Peripheral/src/ch32v20x_misc.o
 .comment       0x0000000000000032       0x33 ./Peripheral/src/ch32v20x_rcc.o
 .comment       0x0000000000000032       0x33 ./Peripheral/src/ch32v20x_usart.o
 .comment       0x0000000000000032       0x33 ./Debug/debug.o

.debug_frame    0x0000000000000000     0x17e8
 .debug_frame   0x0000000000000000       0x30 ./User/ch32v20x_it.o
 .debug_frame   0x0000000000000030      0x118 ./User/main.o
 .debug_frame   0x0000000000000148      0x254 ./User/param_table.o
 .debug_frame   0x000000000000039c       0x3c ./User/system_ch32v20x.o
 .debug_frame   0x00000000000003d8       0xcc ./Peripheral/src/ch32v20x_dma.o
 .debug_frame   0x00000000000004a4      0x380 ./Peripheral/src/ch32v20x_flash.o
 .debug_frame   0x0000000000000824      0x170 ./Peripheral/src/ch32v20x_gpio.o
 .debug_frame   0x0000000000000994       0x30 ./Peripheral/src/ch32v20x_misc.o
 .debug_frame   0x00000000000009c4      0x254 ./Peripheral/src/ch32v20x_rcc.o
 .debug_frame   0x0000000000000c18      0x1e4 ./Peripheral/src/ch32v20x_usart.o
 .debug_frame   0x0000000000000dfc       0xb8 ./Debug/debug.o
 .debug_frame   0x0000000000000eb4       0x20 /Applications/MounRiver Studio 2.app/Contents/Resources/app/resources/darwin/components/WCH/Toolchain/RISC-V Embedded GCC/bin/../lib/gcc/riscv-none-embed/8.2.0/../../../../riscv-none-embed/lib/rv32imacxw/ilp32/libg_nano.a(lib_a-memcpy.o)
 .debug_frame   0x0000000000000ed4       0x54 /Applications/MounRiver Studio 2.app/Contents/Resources/app/resources/darwin/components/WCH/Toolchain/RISC-V Embedded GCC/bin/../lib/gcc/riscv-none-embed/8.2.0/../../../../riscv-none-embed/lib/rv32imacxw/ilp32/libg_nano.a(lib_a-printf.o)
 .debug_frame   0x0000000000000f28       0x54 /Applications/MounRiver Studio 2.app/Contents/Resources/app/resources/darwin/components/WCH/Toolchain/RISC-V Embedded GCC/bin/../lib/gcc/riscv-none-embed/8.2.0/../../../../riscv-none-embed/lib/rv32imacxw/ilp32/libg_nano.a(lib_a-puts.o)
 .debug_frame   0x0000000000000f7c       0x50 /Applications/MounRiver Studio 2.app/Contents/Resources/app/resources/darwin/components/WCH/Toolchain/RISC-V Embedded GCC/bin/../lib/gcc/riscv-none-embed/8.2.0/../../../../riscv-none-embed/lib/rv32imacxw/ilp32/libg_nano.a(lib_a-wbuf.o)
 .debug_frame   0x0000000000000fcc       0x3c /Applications/MounRiver Studio 2.app/Contents/Resources/app/resources/darwin/components/WCH/Toolchain/RISC-V Embedded GCC/bin/../lib/gcc/riscv-none-embed/8.2.0/../../../../riscv-none-embed/lib/rv32imacxw/ilp32/libg_nano.a(lib_a-wsetup.o)
 .debug_frame   0x0000000000001008       0x7c /Applications/MounRiver Studio 2.app/Contents/Resources/app/resources/darwin/components/WCH/Toolchain/RISC-V Embedded GCC/bin/../lib/gcc/riscv-none-embed/8.2.0/../../../../riscv-none-embed/lib/rv32imacxw/ilp32/libg_nano.a(lib_a-fflush.o)
 .debug_frame   0x0000000000001084      0x148 /Applications/MounRiver Studio 2.app/Contents/Resources/app/resources/darwin/components/WCH/Toolchain/RISC-V Embedded GCC/bin/../lib/gcc/riscv-none-embed/8.2.0/../../../../riscv-none-embed/lib/rv32imacxw/ilp32/libg_nano.a(lib_a-findfp.o)
 .debug_frame   0x00000000000011cc       0x88 /Applications/MounRiver Studio 2.app/Contents/Resources/app/resources/darwin/components/WCH/Toolchain/RISC-V Embedded GCC/bin/../lib/gcc/riscv-none-embed/8.2.0/../../../../riscv-none-embed/lib/rv32imacxw/ilp32/libg_nano.a(lib_a-fwalk.o)
 .debug_frame   0x0000000000001254       0x64 /Applications/MounRiver Studio 2.app/Contents/Resources/app/resources/darwin/components/WCH/Toolchain/RISC-V Embedded GCC/bin/../lib/gcc/riscv-none-embed/8.2.0/../../../../riscv-none-embed/lib/rv32imacxw/ilp32/libg_nano.a(lib_a-makebuf.o)
 .debug_frame   0x00000000000012b8       0x40 /Applications/MounRiver Studio 2.app/Contents/Resources/app/resources/darwin/components/WCH/Toolchain/RISC-V Embedded GCC/bin/../lib/gcc/riscv-none-embed/8.2.0/../../../../riscv-none-embed/lib/rv32imacxw/ilp32/libg_nano.a(lib_a-nano-freer.o)
 .debug_frame   0x00000000000012f8       0x40 /Applications/MounRiver Studio 2.app/Contents/Resources/app/resources/darwin/components/WCH/Toolchain/RISC-V Embedded GCC/bin/../lib/gcc/riscv-none-embed/8.2.0/../../../../riscv-none-embed/lib/rv32imacxw/ilp32/libg_nano.a(lib_a-nano-mallocr.o)
 .debug_frame   0x0000000000001338       0xd0 /Applications/MounRiver Studio 2.app/Contents/Resources/app/resources/darwin/components/WCH/Toolchain/RISC-V Embedded GCC/bin/../lib/gcc/riscv-none-embed/8.2.0/../../../../riscv-none-embed/lib/rv32imacxw/ilp32/libg_nano.a(lib_a-nano-vfprintf.o)
 .debug_frame   0x0000000000001408       0x8c /Applications/MounRiver Studio 2.app/Contents/Resources/app/resources/darwin/components/WCH/Toolchain/RISC-V Embedded GCC/bin/../lib/gcc/riscv-none-embed/8.2.0/../../../../riscv-none-embed/lib/rv32imacxw/ilp32/libg_nano.a(lib_a-nano-vfprintf_i.o)
 .debug_frame   0x0000000000001494       0x30 /Applications/MounRiver Studio 2.app/Contents/Resources/app/resources/darwin/components/WCH/Toolchain/RISC-V Embedded GCC/bin/../lib/gcc/riscv-none-embed/8.2.0/../../../../riscv-none-embed/lib/rv32imacxw/ilp32/libg_nano.a(lib_a-sbrkr.o)
 .debug_frame   0x00000000000014c4       0xa4 /Applications/MounRiver Studio 2.app/Contents/Resources/app/resources/darwin/components/WCH/Toolchain/RISC-V Embedded GCC/bin/../lib/gcc/riscv-none-embed/8.2.0/../../../../riscv-none-embed/lib/rv32imacxw/ilp32/libg_nano.a(lib_a-stdio.o)
 .debug_frame   0x0000000000001568       0x30 /Applications/MounRiver Studio 2.app/Contents/Resources/app/resources/darwin/components/WCH/Toolchain/RISC-V Embedded GCC/bin/../lib/gcc/riscv-none-embed/8.2.0/../../../../riscv-none-embed/lib/rv32imacxw/ilp32/libg_nano.a(lib_a-writer.o)
 .debug_frame   0x0000000000001598       0x30 /Applications/MounRiver Studio 2.app/Contents/Resources/app/resources/darwin/components/WCH/Toolchain/RISC-V Embedded GCC/bin/../lib/gcc/riscv-none-embed/8.2.0/../../../../riscv-none-embed/lib/rv32imacxw/ilp32/libg_nano.a(lib_a-closer.o)
 .debug_frame   0x00000000000015c8       0x30 /Applications/MounRiver Studio 2.app/Contents/Resources/app/resources/darwin/components/WCH/Toolchain/RISC-V Embedded GCC/bin/../lib/gcc/riscv-none-embed/8.2.0/../../../../riscv-none-embed/lib/rv32imacxw/ilp32/libg_nano.a(lib_a-fstatr.o)
 .debug_frame   0x00000000000015f8       0x30 /Applications/MounRiver Studio 2.app/Contents/Resources/app/resources/darwin/components/WCH/Toolchain/RISC-V Embedded GCC/bin/../lib/gcc/riscv-none-embed/8.2.0/../../../../riscv-none-embed/lib/rv32imacxw/ilp32/libg_nano.a(lib_a-isattyr.o)
 .debug_frame   0x0000000000001628       0x30 /Applications/MounRiver Studio 2.app/Contents/Resources/app/resources/darwin/components/WCH/Toolchain/RISC-V Embedded GCC/bin/../lib/gcc/riscv-none-embed/8.2.0/../../../../riscv-none-embed/lib/rv32imacxw/ilp32/libg_nano.a(lib_a-lseekr.o)
 .debug_frame   0x0000000000001658       0x20 /Applications/MounRiver Studio 2.app/Contents/Resources/app/resources/darwin/components/WCH/Toolchain/RISC-V Embedded GCC/bin/../lib/gcc/riscv-none-embed/8.2.0/../../../../riscv-none-embed/lib/rv32imacxw/ilp32/libg_nano.a(lib_a-memchr.o)
 .debug_frame   0x0000000000001678       0x30 /Applications/MounRiver Studio 2.app/Contents/Resources/app/resources/darwin/components/WCH/Toolchain/RISC-V Embedded GCC/bin/../lib/gcc/riscv-none-embed/8.2.0/../../../../riscv-none-embed/lib/rv32imacxw/ilp32/libg_nano.a(lib_a-mlock.o)
 .debug_frame   0x00000000000016a8       0x30 /Applications/MounRiver Studio 2.app/Contents/Resources/app/resources/darwin/components/WCH/Toolchain/RISC-V Embedded GCC/bin/../lib/gcc/riscv-none-embed/8.2.0/../../../../riscv-none-embed/lib/rv32imacxw/ilp32/libg_nano.a(lib_a-readr.o)
 .debug_frame   0x00000000000016d8       0x70 /Applications/MounRiver Studio 2.app/Contents/Resources/app/resources/darwin/components/WCH/Toolchain/RISC-V Embedded GCC/bin/../lib/gcc/riscv-none-embed/8.2.0/../../../../riscv-none-embed/lib/rv32imacxw/ilp32/libg_nano.a(lib_a-reent.o)
 .debug_frame   0x0000000000001748       0x20 /Applications/MounRiver Studio 2.app/Contents/Resources/app/resources/darwin/components/WCH/Toolchain/RISC-V Embedded GCC/bin/../lib/gcc/riscv-none-embed/8.2.0/../../../../riscv-none-embed/lib/rv32imacxw/ilp32/libnosys.a(close.o)
 .debug_frame   0x0000000000001768       0x20 /Applications/MounRiver Studio 2.app/Contents/Resources/app/resources/darwin/components/WCH/Toolchain/RISC-V Embedded GCC/bin/../lib/gcc/riscv-none-embed/8.2.0/../../../../riscv-none-embed/lib/rv32imacxw/ilp32/libnosys.a(fstat.o)
 .debug_frame   0x0000000000001788       0x20 /Applications/MounRiver Studio 2.app/Contents/Resources/app/resources/darwin/components/WCH/Toolchain/RISC-V Embedded GCC/bin/../lib/gcc/riscv-none-embed/8.2.0/../../../../riscv-none-embed/lib/rv32imacxw/ilp32/libnosys.a(isatty.o)
 .debug_frame   0x00000000000017a8       0x20 /Applications/MounRiver Studio 2.app/Contents/Resources/app/resources/darwin/components/WCH/Toolchain/RISC-V Embedded GCC/bin/../lib/gcc/riscv-none-embed/8.2.0/../../../../riscv-none-embed/lib/rv32imacxw/ilp32/libnosys.a(lseek.o)
 .debug_frame   0x00000000000017c8       0x20 /Applications/MounRiver Studio 2.app/Contents/Resources/app/resources/darwin/components/WCH/Toolchain/RISC-V Embedded GCC/bin/../lib/gcc/riscv-none-embed/8.2.0/../../../../riscv-none-embed/lib/rv32imacxw/ilp32/libnosys.a(read.o)

.debug_loc      0x0000000000000000     0x382b
 .debug_loc     0x0000000000000000      0x110 ./User/main.o
 .debug_loc     0x0000000000000110      0xf8e ./User/param_table.o
 .debug_loc     0x000000000000109e       0xac ./User/system_ch32v20x.o
 .debug_loc     0x000000000000114a      0x155 ./Peripheral/src/ch32v20x_dma.o
 .debug_loc     0x000000000000129f      0xc9b ./Peripheral/src/ch32v20x_flash.o
 .debug_loc     0x0000000000001f3a      0x8a1 ./Peripheral/src/ch32v20x_gpio.o
 .debug_loc     0x00000000000027db       0x2d ./Peripheral/src/ch32v20x_misc.o
 .debug_loc     0x0000000000002808      0x797 ./Peripheral/src/ch32v20x_rcc.o
 .debug_loc     0x0000000000002f9f      0x715 ./Peripheral/src/ch32v20x_usart.o
 .debug_loc     0x00000000000036b4      0x177 ./Debug/debug.o

.stab           0x0000000000000000       0x84
 .stab          0x0000000000000000       0x24 /Applications/MounRiver Studio 2.app/Contents/Resources/app/resources/darwin/components/WCH/Toolchain/RISC-V Embedded GCC/bin/../lib/gcc/riscv-none-embed/8.2.0/../../../../riscv-none-embed/lib/rv32imacxw/ilp32/libnosys.a(close.o)
 .stab          0x0000000000000024       0x18 /Applications/MounRiver Studio 2.app/Contents/Resources/app/resources/darwin/components/WCH/Toolchain/RISC-V Embedded GCC/bin/../lib/gcc/riscv-none-embed/8.2.0/../../../../riscv-none-embed/lib/rv32imacxw/ilp32/libnosys.a(fstat.o)
                                         0x24 (size before relaxing)
 .stab          0x000000000000003c       0x18 /Applications/MounRiver Studio 2.app/Contents/Resources/app/resources/darwin/components/WCH/Toolchain/RISC-V Embedded GCC/bin/../lib/gcc/riscv-none-embed/8.2.0/../../../../riscv-none-embed/lib/rv32imacxw/ilp32/libnosys.a(isatty.o)
                                         0x24 (size before relaxing)
 .stab          0x0000000000000054       0x18 /Applications/MounRiver Studio 2.app/Contents/Resources/app/resources/darwin/components/WCH/Toolchain/RISC-V Embedded GCC/bin/../lib/gcc/riscv-none-embed/8.2.0/../../../../riscv-none-embed/lib/rv32imacxw/ilp32/libnosys.a(lseek.o)
                                         0x24 (size before relaxing)
 .stab          0x000000000000006c       0x18 /Applications/MounRiver Studio 2.app/Contents/Resources/app/resources/darwin/components/WCH/Toolchain/RISC-V Embedded GCC/bin/../lib/gcc/riscv-none-embed/8.2.0/../../../../riscv-none-embed/lib/rv32imacxw/ilp32/libnosys.a(read.o)
                                         0x24 (size before relaxing)

.stabstr        0x0000000000000000      0x117
 .stabstr       0x0000000000000000      0x117 /Applications/MounRiver Studio 2.app/Contents/Resources/app/resources/darwin/components/WCH/Toolchain/RISC-V Embedded GCC/bin/../lib/gcc/riscv-none-embed/8.2.0/../../../../riscv-none-embed/lib/rv32imacxw/ilp32/libnosys.a(close.o)
