Archive member included to satisfy reference by file (symbol)

/Applications/MounRiver Studio 2.app/Contents/Resources/app/resources/darwin/components/WCH/Toolchain/RISC-V Embedded GCC/bin/../lib/gcc/riscv-none-embed/8.2.0/rv32imacxw/ilp32/libgcc.a(save-restore.o)
                              ./User/P14_BLE_Protocol.o (__riscv_save_9)
/Applications/MounRiver Studio 2.app/Contents/Resources/app/resources/darwin/components/WCH/Toolchain/RISC-V Embedded GCC/bin/../lib/gcc/riscv-none-embed/8.2.0/../../../../riscv-none-embed/lib/rv32imacxw/ilp32/libg_nano.a(lib_a-memcpy.o)
                              ./User/P14_BLE_Protocol.o (memcpy)
/Applications/MounRiver Studio 2.app/Contents/Resources/app/resources/darwin/components/WCH/Toolchain/RISC-V Embedded GCC/bin/../lib/gcc/riscv-none-embed/8.2.0/../../../../riscv-none-embed/lib/rv32imacxw/ilp32/libg_nano.a(lib_a-memset.o)
                              ./User/P14_Flash_Storage.o (memset)
/Applications/MounRiver Studio 2.app/Contents/Resources/app/resources/darwin/components/WCH/Toolchain/RISC-V Embedded GCC/bin/../lib/gcc/riscv-none-embed/8.2.0/../../../../riscv-none-embed/lib/rv32imacxw/ilp32/libg_nano.a(lib_a-printf.o)
                              ./User/P14_Flash_Storage.o (printf)
/Applications/MounRiver Studio 2.app/Contents/Resources/app/resources/darwin/components/WCH/Toolchain/RISC-V Embedded GCC/bin/../lib/gcc/riscv-none-embed/8.2.0/../../../../riscv-none-embed/lib/rv32imacxw/ilp32/libg_nano.a(lib_a-puts.o)
                              ./User/P14_Flash_Storage.o (puts)
/Applications/MounRiver Studio 2.app/Contents/Resources/app/resources/darwin/components/WCH/Toolchain/RISC-V Embedded GCC/bin/../lib/gcc/riscv-none-embed/8.2.0/../../../../riscv-none-embed/lib/rv32imacxw/ilp32/libg_nano.a(lib_a-wbuf.o)
                              /Applications/MounRiver Studio 2.app/Contents/Resources/app/resources/darwin/components/WCH/Toolchain/RISC-V Embedded GCC/bin/../lib/gcc/riscv-none-embed/8.2.0/../../../../riscv-none-embed/lib/rv32imacxw/ilp32/libg_nano.a(lib_a-puts.o) (__swbuf_r)
/Applications/MounRiver Studio 2.app/Contents/Resources/app/resources/darwin/components/WCH/Toolchain/RISC-V Embedded GCC/bin/../lib/gcc/riscv-none-embed/8.2.0/../../../../riscv-none-embed/lib/rv32imacxw/ilp32/libg_nano.a(lib_a-wsetup.o)
                              /Applications/MounRiver Studio 2.app/Contents/Resources/app/resources/darwin/components/WCH/Toolchain/RISC-V Embedded GCC/bin/../lib/gcc/riscv-none-embed/8.2.0/../../../../riscv-none-embed/lib/rv32imacxw/ilp32/libg_nano.a(lib_a-puts.o) (__swsetup_r)
/Applications/MounRiver Studio 2.app/Contents/Resources/app/resources/darwin/components/WCH/Toolchain/RISC-V Embedded GCC/bin/../lib/gcc/riscv-none-embed/8.2.0/../../../../riscv-none-embed/lib/rv32imacxw/ilp32/libg_nano.a(lib_a-fflush.o)
                              /Applications/MounRiver Studio 2.app/Contents/Resources/app/resources/darwin/components/WCH/Toolchain/RISC-V Embedded GCC/bin/../lib/gcc/riscv-none-embed/8.2.0/../../../../riscv-none-embed/lib/rv32imacxw/ilp32/libg_nano.a(lib_a-wbuf.o) (_fflush_r)
/Applications/MounRiver Studio 2.app/Contents/Resources/app/resources/darwin/components/WCH/Toolchain/RISC-V Embedded GCC/bin/../lib/gcc/riscv-none-embed/8.2.0/../../../../riscv-none-embed/lib/rv32imacxw/ilp32/libg_nano.a(lib_a-findfp.o)
                              /Applications/MounRiver Studio 2.app/Contents/Resources/app/resources/darwin/components/WCH/Toolchain/RISC-V Embedded GCC/bin/../lib/gcc/riscv-none-embed/8.2.0/../../../../riscv-none-embed/lib/rv32imacxw/ilp32/libg_nano.a(lib_a-printf.o) (__sinit)
/Applications/MounRiver Studio 2.app/Contents/Resources/app/resources/darwin/components/WCH/Toolchain/RISC-V Embedded GCC/bin/../lib/gcc/riscv-none-embed/8.2.0/../../../../riscv-none-embed/lib/rv32imacxw/ilp32/libg_nano.a(lib_a-fwalk.o)
                              /Applications/MounRiver Studio 2.app/Contents/Resources/app/resources/darwin/components/WCH/Toolchain/RISC-V Embedded GCC/bin/../lib/gcc/riscv-none-embed/8.2.0/../../../../riscv-none-embed/lib/rv32imacxw/ilp32/libg_nano.a(lib_a-findfp.o) (_fwalk)
/Applications/MounRiver Studio 2.app/Contents/Resources/app/resources/darwin/components/WCH/Toolchain/RISC-V Embedded GCC/bin/../lib/gcc/riscv-none-embed/8.2.0/../../../../riscv-none-embed/lib/rv32imacxw/ilp32/libg_nano.a(lib_a-impure.o)
                              /Applications/MounRiver Studio 2.app/Contents/Resources/app/resources/darwin/components/WCH/Toolchain/RISC-V Embedded GCC/bin/../lib/gcc/riscv-none-embed/8.2.0/../../../../riscv-none-embed/lib/rv32imacxw/ilp32/libg_nano.a(lib_a-fflush.o) (_global_impure_ptr)
/Applications/MounRiver Studio 2.app/Contents/Resources/app/resources/darwin/components/WCH/Toolchain/RISC-V Embedded GCC/bin/../lib/gcc/riscv-none-embed/8.2.0/../../../../riscv-none-embed/lib/rv32imacxw/ilp32/libg_nano.a(lib_a-makebuf.o)
[...]
Memory Configuration

Name             Origin             Length             Attributes
FLASH            0x0000000000000000 0x0000000000010000 xr
RAM              0x0000000020000000 0x0000000000005000 xrw
*default*        0x0000000000000000 0xffffffffffffffff

Linker script and memory map

LOAD ./User/P14_BLE_Protocol.o
LOAD ./User/P14_Flash_Storage.o
LOAD ./User/P14_Init.o
LOAD ./User/P14_Parameter_Table.o
LOAD ./User/P14_UART.o
LOAD ./User/ch32v20x_it.o
LOAD ./User/main.o
LOAD ./User/system_ch32v20x.o
LOAD ./Startup/startup_ch32v20x_D6.o
LOAD ./Peripheral/src/ch32v20x_adc.o
LOAD ./Peripheral/src/ch32v20x_bkp.o
LOAD ./Peripheral/src/ch32v20x_can.o
LOAD ./Peripheral/src/ch32v20x_crc.o
LOAD ./Peripheral/src/ch32v20x_dbgmcu.o
LOAD ./Peripheral/src/ch32v20x_dma.o
LOAD ./Peripheral/src/ch32v20x_exti.o
LOAD ./Peripheral/src/ch32v20x_flash.o
LOAD ./Peripheral/src/ch32v20x_gpio.o
LOAD ./Peripheral/src/ch32v20x_i2c.o
LOAD ./Peripheral/src/ch32v20x_iwdg.o
LOAD ./Peripheral/src/ch32v20x_misc.o
LOAD ./Peripheral/src/ch32v20x_opa.o
LOAD ./Peripheral/src/ch32v20x_pwr.o
LOAD ./Peripheral/src/ch32v20x_rcc.o
LOAD ./Peripheral/src/ch32v20x_rtc.o
LOAD ./Peripheral/src/ch32v20x_spi.o
LOAD ./Peripheral/src/ch32v20x_tim.o
LOAD ./Peripheral/src/ch32v20x_usart.o
LOAD ./Peripheral/src/ch32v20x_wwdg.o
LOAD ./Debug/debug.o
LOAD ./Core/core_riscv.o
LOAD /Applications/MounRiver Studio 2.app/Contents/Resources/app/resources/darwin/components/WCH/Toolchain/RISC-V Embedded GCC/bin/../lib/gcc/riscv-none-embed/8.2.0/rv32imacxw/ilp32/libgcc.a
LOAD /Applications/MounRiver Studio 2.app/Contents/Resources/app/resources/darwin/components/WCH/Toolchain/RISC-V Embedded GCC/bin/../lib/gcc/riscv-none-embed/8.2.0/../../../../riscv-none-embed/lib/rv32imacxw/ilp32/libg_nano.a
LOAD /Applications/MounRiver Studio 2.app/Contents/Resources/app/resources/darwin/components/WCH/Toolchain/RISC-V Embedded GCC/bin/../lib/gcc/riscv-none-embed/8.2.0/../../../../riscv-none-embed/lib/rv32imacxw/ilp32/libc_nano.a
LOAD /Applications/MounRiver Studio 2.app/Contents/Resources/app/resources/darwin/components/WCH/Toolchain/RISC-V Embedded GCC/bin/../lib/gcc/riscv-none-embed/8.2.0/rv32imacxw/ilp32/libgcc.a
START GROUP
LOAD /Applications/MounRiver Studio 2.app/Contents/Resources/app/resources/darwin/components/WCH/Toolchain/RISC-V Embedded GCC/bin/../lib/gcc/riscv-none-embed/8.2.0/rv32imacxw/ilp32/libgcc.a
LOAD /Applications/MounRiver Studio 2.app/Contents/Resources/app/resources/darwin/components/WCH/Toolchain/RISC-V Embedded GCC/bin/../lib/gcc/riscv-none-embed/8.2.0/../../../../riscv-none-embed/lib/rv32imacxw/ilp32/libc_nano.a
LOAD /Applications/MounRiver Studio 2.app/Contents/Resources/app/resources/darwin/components/WCH/Toolchain/RISC-V Embedded GCC/bin/../lib/gcc/riscv-none-embed/8.2.0/../../../../riscv-none-embed/lib/rv32imacxw/ilp32/libnosys.a
END GROUP
START GROUP
LOAD /Applications/MounRiver Studio 2.app/Contents/Resources/app/resources/darwin/components/WCH/Toolchain/RISC-V Embedded GCC/bin/../lib/gcc/riscv-none-embed/8.2.0/rv32imacxw/ilp32/libgcc.a
LOAD /Applications/MounRiver Studio 2.app/Contents/Resources/app/resources/darwin/components/WCH/Toolchain/RISC-V Embedded GCC/bin/../lib/gcc/riscv-none-embed/8.2.0/../../../../riscv-none-embed/lib/rv32imacxw/ilp32/libc_nano.a
LOAD /Applications/MounRiver Studio 2.app/Contents/Resources/app/resources/darwin/components/WCH/Toolchain/RISC-V Embedded GCC/bin/../lib/gcc/riscv-none-embed/8.2.0/../../../../riscv-none-embed/lib/rv32imacxw/ilp32/libnosys.a
END GROUP
                0x0000000000000800                __stack_size = 0x800
                [!provide]                        PROVIDE (_stack_size = __stack_size)

.init           0x0000000000000000        0x4
                0x0000000000000000                _sinit = .
                0x0000000000000000                . = ALIGN (0x4)
 *(SORT_NONE(.init))
 .init          0x0000000000000000        0x4 ./Startup/startup_ch32v20x_D6.o
                0x0000000000000000                _start
                0x0000000000000004                . = ALIGN (0x4)
                0x0000000000000004                _einit = .

.vector         0x0000000000000004       0xfc
 *(.vector)
 .vector        0x0000000000000004       0xfc ./Startup/startup_ch32v20x_D6.o
                0x0000000000000100                . = ALIGN (0x40)

.text           0x0000000000000100     0x3238
                0x0000000000000100                . = ALIGN (0x4)
 *(.text)
 .text          0x0000000000000100       0x60 /Applications/MounRiver Studio 2.app/Contents/Resources/app/resources/darwin/components/WCH/Toolchain/RISC-V Embedded GCC/bin/../lib/gcc/riscv-none-embed/8.2.0/rv32imacxw/ilp32/libgcc.a(save-restore.o)
                0x0000000000000100                __riscv_save_12
                0x0000000000000108                __riscv_save_10
                0x0000000000000108                __riscv_save_8
                0x0000000000000108                __riscv_save_11
                0x0000000000000108                __riscv_save_9
                0x0000000000000116                __riscv_save_4
                0x0000000000000116                __riscv_save_7
                0x0000000000000116                __riscv_save_6
                0x0000000000000116                __riscv_save_5
                0x0000000000000130                __riscv_save_3
                0x0000000000000130                __riscv_save_2
                0x0000000000000130                __riscv_save_0
                0x0000000000000130                __riscv_save_1
                0x000000000000013c                __riscv_restore_12
                0x0000000000000140                __riscv_restore_8
                0x0000000000000140                __riscv_restore_10
                0x0000000000000140                __riscv_restore_9
                0x0000000000000140                __riscv_restore_11
                0x000000000000014a                __riscv_restore_5
                0x000000000000014a                __riscv_restore_7
                0x000000000000014a                __riscv_restore_4
                0x000000000000014a                __riscv_restore_6
                0x0000000000000154                __riscv_restore_3
                0x0000000000000154                __riscv_restore_1
                0x0000000000000154                __riscv_restore_0
                0x0000000000000154                __riscv_restore_2
 .text          0x0000000000000160       0xa8 /Applications/MounRiver Studio 2.app/Contents/Resources/app/resources/darwin/components/WCH/Toolchain/RISC-V Embedded GCC/bin/../lib/gcc/riscv-none-embed/8.2.0/../../../../riscv-none-embed/lib/rv32imacxw/ilp32/libg_nano.a(lib_a-memset.o)
                0x0000000000000160                memset
 *(.text.*)
 .text.BLE_CalculateChecksum
                0x0000000000000208       0x20 ./User/P14_BLE_Protocol.o
                0x0000000000000208                BLE_CalculateChecksum
 .text.BLE_PacketCreate
                0x0000000000000228       0x4e ./User/P14_BLE_Protocol.o
                0x0000000000000228                BLE_PacketCreate
 .text.BLE_PacketVerify
                0x0000000000000276       0x3a ./User/P14_BLE_Protocol.o
                0x0000000000000276                BLE_PacketVerify
 .text.BLE_SendPacket
                0x00000000000002b0       0x5a ./User/P14_BLE_Protocol.o
                0x00000000000002b0                BLE_SendPacket
 .text.BLE_SendErrorResponse
                0x000000000000030a       0x22 ./User/P14_BLE_Protocol.o
                0x000000000000030a                BLE_SendErrorResponse
 .text.BLE_HandleSyncTime
                0x000000000000032c       0x66 ./User/P14_BLE_Protocol.o
                0x000000000000032c                BLE_HandleSyncTime
 .text.BLE_HandleGetDeviceStatus
                0x0000000000000392       0x48 ./User/P14_BLE_Protocol.o
                0x0000000000000392                BLE_HandleGetDeviceStatus
 .text.BLE_HandleSetCodeEvent
                0x00000000000003da       0x60 ./User/P14_BLE_Protocol.o
                0x00000000000003da                BLE_HandleSetCodeEvent
 .text.BLE_HandleBloodSampleStatus
                0x000000000000043a       0x24 ./User/P14_BLE_Protocol.o
                0x000000000000043a                BLE_HandleBloodSampleStatus
 .text.BLE_HandleGetTestResult
                0x000000000000045e       0xbc ./User/P14_BLE_Protocol.o
                0x000000000000045e                BLE_HandleGetTestResult
 .text.BLE_HandleGetRawData
                0x000000000000051a       0x4a ./User/P14_BLE_Protocol.o
                0x000000000000051a                BLE_HandleGetRawData
 .text.BLE_HandleCommand
                0x0000000000000564       0x56 ./User/P14_BLE_Protocol.o
                0x0000000000000564                BLE_HandleCommand
 .text.BLE_ProcessReceivedData
                0x00000000000005ba       0xb2 ./User/P14_BLE_Protocol.o
                0x00000000000005ba                BLE_ProcessReceivedData
 .text.BLE_ProtocolInit
                0x000000000000066c        0xa ./User/P14_BLE_Protocol.o
                0x000000000000066c                BLE_ProtocolInit
 .text.FLASH_WriteBuffer.part.0
                0x0000000000000676       0x54 ./User/P14_Flash_Storage.o
 .text.CalcChecksum
                0x00000000000006ca       0x1c ./User/P14_Flash_Storage.o
                0x00000000000006ca                CalcChecksum
 .text.CalcCRC16
                0x00000000000006e6       0x34 ./User/P14_Flash_Storage.o
                0x00000000000006e6                CalcCRC16
 .text.UpdateChecksum
                0x000000000000071a       0x2a ./User/P14_Flash_Storage.o
                0x000000000000071a                UpdateChecksum
 .text.SaveParameterBlock
                0x0000000000000744       0x66 ./User/P14_Flash_Storage.o
 .text.PARAM_LoadDefault
                0x00000000000007aa      0x14a ./User/P14_Flash_Storage.o
                0x00000000000007aa                PARAM_LoadDefault
 .text.PARAM_Init
                0x00000000000008f4       0xd0 ./User/P14_Flash_Storage.o
                0x00000000000008f4                PARAM_Init
 .text.PARAM_ReadBlock
                0x00000000000009c4       0x92 ./User/P14_Flash_Storage.o
                0x00000000000009c4                PARAM_ReadBlock
 .text.PARAM_UpdateBlock
                0x0000000000000a56       0x8e ./User/P14_Flash_Storage.o
                0x0000000000000a56                PARAM_UpdateBlock
 .text.PARAM_IncreaseTestCount
                0x0000000000000ae4       0x1e ./User/P14_Flash_Storage.o
                0x0000000000000ae4                PARAM_IncreaseTestCount
 .text.PARAM_GetTestCount
                0x0000000000000b02        0xe ./User/P14_Flash_Storage.o
                0x0000000000000b02                PARAM_GetTestCount
 .text.PARAM_SaveTestRecord
                0x0000000000000b10       0xcc ./User/P14_Flash_Storage.o
                0x0000000000000b10                PARAM_SaveTestRecord
 .text.PARAM_GetTestRecord
                0x0000000000000bdc       0x76 ./User/P14_Flash_Storage.o
                0x0000000000000bdc                PARAM_GetTestRecord
 .text.PARAM_GetTestRecordCount
                0x0000000000000c52       0x30 ./User/P14_Flash_Storage.o
                0x0000000000000c52                PARAM_GetTestRecordCount
 .text.P14_CH32V203_GPIO_Init
                0x0000000000000c82      0x14c ./User/P14_Init.o
                0x0000000000000c82                P14_CH32V203_GPIO_Init
 .text.P14_CH32V203_UART_Init
                0x0000000000000dce       0x50 ./User/P14_Init.o
                0x0000000000000dce                P14_CH32V203_UART_Init
 .text.P14_CH32V203_Flash_Storage_Init
                0x0000000000000e1e       0x98 ./User/P14_Init.o
                0x0000000000000e1e                P14_CH32V203_Flash_Storage_Init
 .text.P14_CH32V203_System_Init
                0x0000000000000eb6       0x26 ./User/P14_Init.o
                0x0000000000000eb6                P14_CH32V203_System_Init
 .text.P14_ParamTable_GetStripTypeName
                0x0000000000000edc       0x20 ./User/P14_Parameter_Table.o
                0x0000000000000edc                P14_ParamTable_GetStripTypeName
 .text.P14_ParamTable_GetUnitName
                0x0000000000000efc       0x20 ./User/P14_Parameter_Table.o
                0x0000000000000efc                P14_ParamTable_GetUnitName
 .text.UART1_Init
                0x0000000000000f1c       0x98 ./User/P14_UART.o
                0x0000000000000f1c                UART1_Init
 .text.USART1_IRQHandler
                0x0000000000000fb4       0xb6 ./User/P14_UART.o
                0x0000000000000fb4                USART1_IRQHandler
 .text.UART1_SendData
                0x000000000000106a       0x8c ./User/P14_UART.o
                0x000000000000106a                UART1_SendData
 .text.UART1_ProcessReceivedData
                0x00000000000010f6       0x78 ./User/P14_UART.o
                0x00000000000010f6                UART1_ProcessReceivedData
 .text.NMI_Handler
                0x000000000000116e        0x2 ./User/ch32v20x_it.o
                0x000000000000116e                NMI_Handler
 .text.HardFault_Handler
                0x0000000000001170       0x10 ./User/ch32v20x_it.o
                0x0000000000001170                HardFault_Handler
 .text.SysTick_Handler
                0x0000000000001180       0x16 ./User/ch32v20x_it.o
                0x0000000000001180                SysTick_Handler
 .text.TestParameterTable
                0x0000000000001196      0x108 ./User/main.o
                0x0000000000001196                TestParameterTable
 .text.InitSysTick
                0x000000000000129e       0x30 ./User/main.o
                0x000000000000129e                InitSysTick
 .text.UpdateKeyState
                0x00000000000012ce       0x7a ./User/main.o
                0x00000000000012ce                UpdateKeyState
 .text.startup.main
                0x0000000000001348      0x10c ./User/main.o
                0x0000000000001348                main
 .text.SystemInit
                0x0000000000001454       0xa8 ./User/system_ch32v20x.o
                0x0000000000001454                SystemInit
 .text.SystemCoreClockUpdate
                0x00000000000014fc       0x92 ./User/system_ch32v20x.o
                0x00000000000014fc                SystemCoreClockUpdate
 .text.vector_handler
                0x000000000000158e        0x2 ./Startup/startup_ch32v20x_D6.o
                0x000000000000158e                USBWakeUp_IRQHandler
                0x000000000000158e                TIM1_CC_IRQHandler
                0x000000000000158e                PVD_IRQHandler
                0x000000000000158e                EXTI3_IRQHandler
                0x000000000000158e                USBFS_IRQHandler
                0x000000000000158e                EXTI0_IRQHandler
                0x000000000000158e                I2C2_EV_IRQHandler
                0x000000000000158e                ADC1_2_IRQHandler
                0x000000000000158e                Break_Point_Handler
                0x000000000000158e                SPI1_IRQHandler
                0x000000000000158e                TAMPER_IRQHandler
                0x000000000000158e                Ecall_M_Mode_Handler
                0x000000000000158e                DMA1_Channel4_IRQHandler
                0x000000000000158e                USART3_IRQHandler
                0x000000000000158e                RTC_IRQHandler
                0x000000000000158e                DMA1_Channel7_IRQHandler
                0x000000000000158e                CAN1_RX1_IRQHandler
                0x000000000000158e                TIM4_IRQHandler
                0x000000000000158e                I2C1_EV_IRQHandler
                0x000000000000158e                DMA1_Channel6_IRQHandler
                0x000000000000158e                UART4_IRQHandler
                0x000000000000158e                TIM3_IRQHandler
                0x000000000000158e                RCC_IRQHandler
                0x000000000000158e                TIM1_TRG_COM_IRQHandler
                0x000000000000158e                DMA1_Channel1_IRQHandler
                0x000000000000158e                EXTI15_10_IRQHandler
                0x000000000000158e                DMA1_Channel8_IRQHandler
                0x000000000000158e                EXTI9_5_IRQHandler
                0x000000000000158e                SPI2_IRQHandler
                0x000000000000158e                DMA1_Channel5_IRQHandler
                0x000000000000158e                EXTI4_IRQHandler
                0x000000000000158e                USB_LP_CAN1_RX0_IRQHandler
                0x000000000000158e                USB_HP_CAN1_TX_IRQHandler
                0x000000000000158e                DMA1_Channel3_IRQHandler
                0x000000000000158e                TIM1_UP_IRQHandler
                0x000000000000158e                WWDG_IRQHandler
                0x000000000000158e                Ecall_U_Mode_Handler
                0x000000000000158e                TIM2_IRQHandler
                0x000000000000158e                SW_Handler
                0x000000000000158e                TIM1_BRK_IRQHandler
                0x000000000000158e                EXTI1_IRQHandler
                0x000000000000158e                RTCAlarm_IRQHandler
                0x000000000000158e                USART2_IRQHandler
                0x000000000000158e                I2C2_ER_IRQHandler
                0x000000000000158e                DMA1_Channel2_IRQHandler
                0x000000000000158e                CAN1_SCE_IRQHandler
                0x000000000000158e                FLASH_IRQHandler
                0x000000000000158e                USBFSWakeUp_IRQHandler
                0x000000000000158e                I2C1_ER_IRQHandler
                0x000000000000158e                EXTI2_IRQHandler
 .text.handle_reset
                0x0000000000001590       0x86 ./Startup/startup_ch32v20x_D6.o
                0x0000000000001590                handle_reset
 .text.DBGMCU_GetCHIPID
                0x0000000000001616        0xa ./Peripheral/src/ch32v20x_dbgmcu.o
                0x0000000000001616                DBGMCU_GetCHIPID
 .text.FLASH_Unlock
                0x0000000000001620       0x1a ./Peripheral/src/ch32v20x_flash.o
                0x0000000000001620                FLASH_Unlock
 .text.FLASH_Lock
                0x000000000000163a        0xe ./Peripheral/src/ch32v20x_flash.o
                0x000000000000163a                FLASH_Lock
 .text.FLASH_GetBank1Status
                0x0000000000001648       0x18 ./Peripheral/src/ch32v20x_flash.o
                0x0000000000001648                FLASH_GetBank1Status
 .text.FLASH_WaitForLastOperation
                0x0000000000001660       0x20 ./Peripheral/src/ch32v20x_flash.o
                0x0000000000001660                FLASH_WaitForLastOperation
 .text.FLASH_ErasePage
                0x0000000000001680       0x38 ./Peripheral/src/ch32v20x_flash.o
                0x0000000000001680                FLASH_ErasePage
 .text.FLASH_ProgramWord
                0x00000000000016b8       0x4e ./Peripheral/src/ch32v20x_flash.o
                0x00000000000016b8                FLASH_ProgramWord
 .text.FLASH_ProgramHalfWord
                0x0000000000001706       0x34 ./Peripheral/src/ch32v20x_flash.o
                0x0000000000001706                FLASH_ProgramHalfWord
 .text.GPIO_Init
                0x000000000000173a       0xf2 ./Peripheral/src/ch32v20x_gpio.o
                0x000000000000173a                GPIO_Init
 .text.GPIO_ReadInputDataBit
                0x000000000000182c       0x1a ./Peripheral/src/ch32v20x_gpio.o
                0x000000000000182c                GPIO_ReadInputDataBit
 .text.GPIO_ReadOutputDataBit
                0x0000000000001846       0x1a ./Peripheral/src/ch32v20x_gpio.o
                0x0000000000001846                GPIO_ReadOutputDataBit
 .text.GPIO_SetBits
                0x0000000000001860       0x14 ./Peripheral/src/ch32v20x_gpio.o
                0x0000000000001860                GPIO_SetBits
 .text.GPIO_ResetBits
                0x0000000000001874       0x14 ./Peripheral/src/ch32v20x_gpio.o
                0x0000000000001874                GPIO_ResetBits
 .text.GPIO_WriteBit
                0x0000000000001888       0x1a ./Peripheral/src/ch32v20x_gpio.o
                0x0000000000001888                GPIO_WriteBit
 .text.NVIC_PriorityGroupConfig
                0x00000000000018a2        0x6 ./Peripheral/src/ch32v20x_misc.o
                0x00000000000018a2                NVIC_PriorityGroupConfig
 .text.NVIC_Init
                0x00000000000018a8       0x54 ./Peripheral/src/ch32v20x_misc.o
                0x00000000000018a8                NVIC_Init
 .text.RCC_GetClocksFreq
                0x00000000000018fc       0xbe ./Peripheral/src/ch32v20x_rcc.o
                0x00000000000018fc                RCC_GetClocksFreq
 .text.RCC_APB2PeriphClockCmd
                0x00000000000019ba       0x1e ./Peripheral/src/ch32v20x_rcc.o
                0x00000000000019ba                RCC_APB2PeriphClockCmd
 .text.RCC_APB1PeriphClockCmd
                0x00000000000019d8       0x1e ./Peripheral/src/ch32v20x_rcc.o
                0x00000000000019d8                RCC_APB1PeriphClockCmd
 .text.USART_Init
                0x00000000000019f6       0x8e ./Peripheral/src/ch32v20x_usart.o
                0x00000000000019f6                USART_Init
 .text.USART_Cmd
                0x0000000000001a84       0x16 ./Peripheral/src/ch32v20x_usart.o
                0x0000000000001a84                USART_Cmd
 .text.USART_ITConfig
                0x0000000000001a9a       0x36 ./Peripheral/src/ch32v20x_usart.o
                0x0000000000001a9a                USART_ITConfig
 .text.USART_SendData
                0x0000000000001ad0        0x8 ./Peripheral/src/ch32v20x_usart.o
                0x0000000000001ad0                USART_SendData
 .text.USART_ReceiveData
                0x0000000000001ad8        0x8 ./Peripheral/src/ch32v20x_usart.o
                0x0000000000001ad8                USART_ReceiveData
 .text.USART_GetFlagStatus
                0x0000000000001ae0        0xa ./Peripheral/src/ch32v20x_usart.o
                0x0000000000001ae0                USART_GetFlagStatus
 .text.USART_GetITStatus
                0x0000000000001aea       0x3c ./Peripheral/src/ch32v20x_usart.o
                0x0000000000001aea                USART_GetITStatus
 .text.USART_ClearITPendingBit
                0x0000000000001b26       0x14 ./Peripheral/src/ch32v20x_usart.o
                0x0000000000001b26                USART_ClearITPendingBit
 .text.Delay_Init
                0x0000000000001b3a       0x2a ./Debug/debug.o
                0x0000000000001b3a                Delay_Init
 .text.Delay_Ms
                0x0000000000001b64       0x36 ./Debug/debug.o
                0x0000000000001b64                Delay_Ms
 .text._write   0x0000000000001b9a       0x3a ./Debug/debug.o
                0x0000000000001b9a                _write
 .text._sbrk    0x0000000000001bd4       0x26 ./Debug/debug.o
                0x0000000000001bd4                _sbrk
 .text.memcpy   0x0000000000001bfa       0xb2 /Applications/MounRiver Studio 2.app/Contents/Resources/app/resources/darwin/components/WCH/Toolchain/RISC-V Embedded GCC/bin/../lib/gcc/riscv-none-embed/8.2.0/../../../../riscv-none-embed/lib/rv32imacxw/ilp32/libg_nano.a(lib_a-memcpy.o)
                0x0000000000001bfa                memcpy
 .text.printf   0x0000000000001cac       0x40 /Applications/MounRiver Studio 2.app/Contents/Resources/app/resources/darwin/components/WCH/Toolchain/RISC-V Embedded GCC/bin/../lib/gcc/riscv-none-embed/8.2.0/../../../../riscv-none-embed/lib/rv32imacxw/ilp32/libg_nano.a(lib_a-printf.o)
                0x0000000000001cac                printf
                0x0000000000001cac                iprintf
 .text._puts_r  0x0000000000001cec       0xd4 /Applications/MounRiver Studio 2.app/Contents/Resources/app/resources/darwin/components/WCH/Toolchain/RISC-V Embedded GCC/bin/../lib/gcc/riscv-none-embed/8.2.0/../../../../riscv-none-embed/lib/rv32imacxw/ilp32/libg_nano.a(lib_a-puts.o)
                0x0000000000001cec                _puts_r
 .text.puts     0x0000000000001dc0        0xa /Applications/MounRiver Studio 2.app/Contents/Resources/app/resources/darwin/components/WCH/Toolchain/RISC-V Embedded GCC/bin/../lib/gcc/riscv-none-embed/8.2.0/../../../../riscv-none-embed/lib/rv32imacxw/ilp32/libg_nano.a(lib_a-puts.o)
                0x0000000000001dc0                puts
 .text.__swbuf_r
                0x0000000000001dca       0xbc /Applications/MounRiver Studio 2.app/Contents/Resources/app/resources/darwin/components/WCH/Toolchain/RISC-V Embedded GCC/bin/../lib/gcc/riscv-none-embed/8.2.0/../../../../riscv-none-embed/lib/rv32imacxw/ilp32/libg_nano.a(lib_a-wbuf.o)
                0x0000000000001dca                __swbuf_r
 .text.__swsetup_r
                0x0000000000001e86       0xfc /Applications/MounRiver Studio 2.app/Contents/Resources/app/resources/darwin/components/WCH/Toolchain/RISC-V Embedded GCC/bin/../lib/gcc/riscv-none-embed/8.2.0/../../../../riscv-none-embed/lib/rv32imacxw/ilp32/libg_nano.a(lib_a-wsetup.o)
                0x0000000000001e86                __swsetup_r
 .text.__sflush_r
                0x0000000000001f82      0x130 /Applications/MounRiver Studio 2.app/Contents/Resources/app/resources/darwin/components/WCH/Toolchain/RISC-V Embedded GCC/bin/../lib/gcc/riscv-none-embed/8.2.0/../../../../riscv-none-embed/lib/rv32imacxw/ilp32/libg_nano.a(lib_a-fflush.o)
                0x0000000000001f82                __sflush_r
 .text._fflush_r
                0x00000000000020b2       0x64 /Applications/MounRiver Studio 2.app/Contents/Resources/app/resources/darwin/components/WCH/Toolchain/RISC-V Embedded GCC/bin/../lib/gcc/riscv-none-embed/8.2.0/../../../../riscv-none-embed/lib/rv32imacxw/ilp32/libg_nano.a(lib_a-fflush.o)
                0x00000000000020b2                _fflush_r
 .text.std      0x0000000000002116       0x66 /Applications/MounRiver Studio 2.app/Contents/Resources/app/resources/darwin/components/WCH/Toolchain/RISC-V Embedded GCC/bin/../lib/gcc/riscv-none-embed/8.2.0/../../../../riscv-none-embed/lib/rv32imacxw/ilp32/libg_nano.a(lib_a-findfp.o)
 .text._cleanup_r
                0x000000000000217c        0xa /Applications/MounRiver Studio 2.app/Contents/Resources/app/resources/darwin/components/WCH/Toolchain/RISC-V Embedded GCC/bin/../lib/gcc/riscv-none-embed/8.2.0/../../../../riscv-none-embed/lib/rv32imacxw/ilp32/libg_nano.a(lib_a-findfp.o)
                0x000000000000217c                _cleanup_r
 .text.__sfmoreglue
                0x0000000000002186       0x46 /Applications/MounRiver Studio 2.app/Contents/Resources/app/resources/darwin/components/WCH/Toolchain/RISC-V Embedded GCC/bin/../lib/gcc/riscv-none-embed/8.2.0/../../../../riscv-none-embed/lib/rv32imacxw/ilp32/libg_nano.a(lib_a-findfp.o)
                0x0000000000002186                __sfmoreglue
 .text.__sinit  0x00000000000021cc       0x66 /Applications/MounRiver Studio 2.app/Contents/Resources/app/resources/darwin/components/WCH/Toolchain/RISC-V Embedded GCC/bin/../lib/gcc/riscv-none-embed/8.2.0/../../../../riscv-none-embed/lib/rv32imacxw/ilp32/libg_nano.a(lib_a-findfp.o)
                0x00000000000021cc                __sinit
 .text.__sfp    0x0000000000002232       0x9c /Applications/MounRiver Studio 2.app/Contents/Resources/app/resources/darwin/components/WCH/Toolchain/RISC-V Embedded GCC/bin/../lib/gcc/riscv-none-embed/8.2.0/../../../../riscv-none-embed/lib/rv32imacxw/ilp32/libg_nano.a(lib_a-findfp.o)
                0x0000000000002232                __sfp
 .text._fwalk_reent
                0x00000000000022ce       0x6a /Applications/MounRiver Studio 2.app/Contents/Resources/app/resources/darwin/components/WCH/Toolchain/RISC-V Embedded GCC/bin/../lib/gcc/riscv-none-embed/8.2.0/../../../../riscv-none-embed/lib/rv32imacxw/ilp32/libg_nano.a(lib_a-fwalk.o)
                0x00000000000022ce                _fwalk_reent
 .text.__swhatbuf_r
                0x0000000000002338       0x58 /Applications/MounRiver Studio 2.app/Contents/Resources/app/resources/darwin/components/WCH/Toolchain/RISC-V Embedded GCC/bin/../lib/gcc/riscv-none-embed/8.2.0/../../../../riscv-none-embed/lib/rv32imacxw/ilp32/libg_nano.a(lib_a-makebuf.o)
                0x0000000000002338                __swhatbuf_r
 .text.__smakebuf_r
                0x0000000000002390       0x90 /Applications/MounRiver Studio 2.app/Contents/Resources/app/resources/darwin/components/WCH/Toolchain/RISC-V Embedded GCC/bin/../lib/gcc/riscv-none-embed/8.2.0/../../../../riscv-none-embed/lib/rv32imacxw/ilp32/libg_nano.a(lib_a-makebuf.o)
                0x0000000000002390                __smakebuf_r
 .text._free_r  0x0000000000002420       0xa8 /Applications/MounRiver Studio 2.app/Contents/Resources/app/resources/darwin/components/WCH/Toolchain/RISC-V Embedded GCC/bin/../lib/gcc/riscv-none-embed/8.2.0/../../../../riscv-none-embed/lib/rv32imacxw/ilp32/libg_nano.a(lib_a-nano-freer.o)
                0x0000000000002420                _free_r
 .text._malloc_r
                0x00000000000024c8       0xd4 /Applications/MounRiver Studio 2.app/Contents/Resources/app/resources/darwin/components/WCH/Toolchain/RISC-V Embedded GCC/bin/../lib/gcc/riscv-none-embed/8.2.0/../../../../riscv-none-embed/lib/rv32imacxw/ilp32/libg_nano.a(lib_a-nano-mallocr.o)
                0x00000000000024c8                _malloc_r
 .text.__sfputc_r
                0x000000000000259c       0x28 /Applications/MounRiver Studio 2.app/Contents/Resources/app/resources/darwin/components/WCH/Toolchain/RISC-V Embedded GCC/bin/../lib/gcc/riscv-none-embed/8.2.0/../../../../riscv-none-embed/lib/rv32imacxw/ilp32/libg_nano.a(lib_a-nano-vfprintf.o)
 .text.__sfputs_r
                0x00000000000025c4       0x40 /Applications/MounRiver Studio 2.app/Contents/Resources/app/resources/darwin/components/WCH/Toolchain/RISC-V Embedded GCC/bin/../lib/gcc/riscv-none-embed/8.2.0/../../../../riscv-none-embed/lib/rv32imacxw/ilp32/libg_nano.a(lib_a-nano-vfprintf.o)
                0x00000000000025c4                __sfputs_r
 .text._vfprintf_r
                0x0000000000002604      0x286 /Applications/MounRiver Studio 2.app/Contents/Resources/app/resources/darwin/components/WCH/Toolchain/RISC-V Embedded GCC/bin/../lib/gcc/riscv-none-embed/8.2.0/../../../../riscv-none-embed/lib/rv32imacxw/ilp32/libg_nano.a(lib_a-nano-vfprintf.o)
                0x0000000000002604                _vfiprintf_r
                0x0000000000002604                _vfprintf_r
 .text._printf_common
                0x000000000000288a      0x10c /Applications/MounRiver Studio 2.app/Contents/Resources/app/resources/darwin/components/WCH/Toolchain/RISC-V Embedded GCC/bin/../lib/gcc/riscv-none-embed/8.2.0/../../../../riscv-none-embed/lib/rv32imacxw/ilp32/libg_nano.a(lib_a-nano-vfprintf_i.o)
                0x000000000000288a                _printf_common
 .text._printf_i
                0x0000000000002996      0x2a2 /Applications/MounRiver Studio 2.app/Contents/Resources/app/resources/darwin/components/WCH/Toolchain/RISC-V Embedded GCC/bin/../lib/gcc/riscv-none-embed/8.2.0/../../../../riscv-none-embed/lib/rv32imacxw/ilp32/libg_nano.a(lib_a-nano-vfprintf_i.o)
                0x0000000000002996                _printf_i
 .text._sbrk_r  0x0000000000002c38       0x2a /Applications/MounRiver Studio 2.app/Contents/Resources/app/resources/darwin/components/WCH/Toolchain/RISC-V Embedded GCC/bin/../lib/gcc/riscv-none-embed/8.2.0/../../../../riscv-none-embed/lib/rv32imacxw/ilp32/libg_nano.a(lib_a-sbrkr.o)
                0x0000000000002c38                _sbrk_r
 .text.__sread  0x0000000000002c62       0x2c /Applications/MounRiver Studio 2.app/Contents/Resources/app/resources/darwin/components/WCH/Toolchain/RISC-V Embedded GCC/bin/../lib/gcc/riscv-none-embed/8.2.0/../../../../riscv-none-embed/lib/rv32imacxw/ilp32/libg_nano.a(lib_a-stdio.o)
                0x0000000000002c62                __sread
 .text.__swrite
                0x0000000000002c8e       0x48 /Applications/MounRiver Studio 2.app/Contents/Resources/app/resources/darwin/components/WCH/Toolchain/RISC-V Embedded GCC/bin/../lib/gcc/riscv-none-embed/8.2.0/../../../../riscv-none-embed/lib/rv32imacxw/ilp32/libg_nano.a(lib_a-stdio.o)
                0x0000000000002c8e                __swrite
 .text.__sseek  0x0000000000002cd6       0x30 /Applications/MounRiver Studio 2.app/Contents/Resources/app/resources/darwin/components/WCH/Toolchain/RISC-V Embedded GCC/bin/../lib/gcc/riscv-none-embed/8.2.0/../../../../riscv-none-embed/lib/rv32imacxw/ilp32/libg_nano.a(lib_a-stdio.o)
                0x0000000000002cd6                __sseek
 .text.__sclose
                0x0000000000002d06        0x6 /Applications/MounRiver Studio 2.app/Contents/Resources/app/resources/darwin/components/WCH/Toolchain/RISC-V Embedded GCC/bin/../lib/gcc/riscv-none-embed/8.2.0/../../../../riscv-none-embed/lib/rv32imacxw/ilp32/libg_nano.a(lib_a-stdio.o)
                0x0000000000002d06                __sclose
 .text._write_r
                0x0000000000002d0c       0x2e /Applications/MounRiver Studio 2.app/Contents/Resources/app/resources/darwin/components/WCH/Toolchain/RISC-V Embedded GCC/bin/../lib/gcc/riscv-none-embed/8.2.0/../../../../riscv-none-embed/lib/rv32imacxw/ilp32/libg_nano.a(lib_a-writer.o)
                0x0000000000002d0c                _write_r
 .text._close_r
                0x0000000000002d3a       0x28 /Applications/MounRiver Studio 2.app/Contents/Resources/app/resources/darwin/components/WCH/Toolchain/RISC-V Embedded GCC/bin/../lib/gcc/riscv-none-embed/8.2.0/../../../../riscv-none-embed/lib/rv32imacxw/ilp32/libg_nano.a(lib_a-closer.o)
                0x0000000000002d3a                _close_r
 .text._fstat_r
                0x0000000000002d62       0x2a /Applications/MounRiver Studio 2.app/Contents/Resources/app/resources/darwin/components/WCH/Toolchain/RISC-V Embedded GCC/bin/../lib/gcc/riscv-none-embed/8.2.0/../../../../riscv-none-embed/lib/rv32imacxw/ilp32/libg_nano.a(lib_a-fstatr.o)
                0x0000000000002d62                _fstat_r
 .text._isatty_r
                0x0000000000002d8c       0x28 /Applications/MounRiver Studio 2.app/Contents/Resources/app/resources/darwin/components/WCH/Toolchain/RISC-V Embedded GCC/bin/../lib/gcc/riscv-none-embed/8.2.0/../../../../riscv-none-embed/lib/rv32imacxw/ilp32/libg_nano.a(lib_a-isattyr.o)
                0x0000000000002d8c                _isatty_r
 .text._lseek_r
                0x0000000000002db4       0x2c /Applications/MounRiver Studio 2.app/Contents/Resources/app/resources/darwin/components/WCH/Toolchain/RISC-V Embedded GCC/bin/../lib/gcc/riscv-none-embed/8.2.0/../../../../riscv-none-embed/lib/rv32imacxw/ilp32/libg_nano.a(lib_a-lseekr.o)
                0x0000000000002db4                _lseek_r
 .text.memchr   0x0000000000002de0       0x18 /Applications/MounRiver Studio 2.app/Contents/Resources/app/resources/darwin/components/WCH/Toolchain/RISC-V Embedded GCC/bin/../lib/gcc/riscv-none-embed/8.2.0/../../../../riscv-none-embed/lib/rv32imacxw/ilp32/libg_nano.a(lib_a-memchr.o)
                0x0000000000002de0                memchr
 .text.__malloc_lock
                0x0000000000002df8        0x2 /Applications/MounRiver Studio 2.app/Contents/Resources/app/resources/darwin/components/WCH/Toolchain/RISC-V Embedded GCC/bin/../lib/gcc/riscv-none-embed/8.2.0/../../../../riscv-none-embed/lib/rv32imacxw/ilp32/libg_nano.a(lib_a-mlock.o)
                0x0000000000002df8                __malloc_lock
 .text.__malloc_unlock
                0x0000000000002dfa        0x2 /Applications/MounRiver Studio 2.app/Contents/Resources/app/resources/darwin/components/WCH/Toolchain/RISC-V Embedded GCC/bin/../lib/gcc/riscv-none-embed/8.2.0/../../../../riscv-none-embed/lib/rv32imacxw/ilp32/libg_nano.a(lib_a-mlock.o)
                0x0000000000002dfa                __malloc_unlock
 .text._read_r  0x0000000000002dfc       0x2c /Applications/MounRiver Studio 2.app/Contents/Resources/app/resources/darwin/components/WCH/Toolchain/RISC-V Embedded GCC/bin/../lib/gcc/riscv-none-embed/8.2.0/../../../../riscv-none-embed/lib/rv32imacxw/ilp32/libg_nano.a(lib_a-readr.o)
                0x0000000000002dfc                _read_r
 .text._close   0x0000000000002e28        0xc /Applications/MounRiver Studio 2.app/Contents/Resources/app/resources/darwin/components/WCH/Toolchain/RISC-V Embedded GCC/bin/../lib/gcc/riscv-none-embed/8.2.0/../../../../riscv-none-embed/lib/rv32imacxw/ilp32/libnosys.a(close.o)
                0x0000000000002e28                _close
 .text._fstat   0x0000000000002e34        0xc /Applications/MounRiver Studio 2.app/Contents/Resources/app/resources/darwin/components/WCH/Toolchain/RISC-V Embedded GCC/bin/../lib/gcc/riscv-none-embed/8.2.0/../../../../riscv-none-embed/lib/rv32imacxw/ilp32/libnosys.a(fstat.o)
                0x0000000000002e34                _fstat
 .text._isatty  0x0000000000002e40        0xc /Applications/MounRiver Studio 2.app/Contents/Resources/app/resources/darwin/components/WCH/Toolchain/RISC-V Embedded GCC/bin/../lib/gcc/riscv-none-embed/8.2.0/../../../../riscv-none-embed/lib/rv32imacxw/ilp32/libnosys.a(isatty.o)
                0x0000000000002e40                _isatty
 .text._lseek   0x0000000000002e4c        0xc /Applications/MounRiver Studio 2.app/Contents/Resources/app/resources/darwin/components/WCH/Toolchain/RISC-V Embedded GCC/bin/../lib/gcc/riscv-none-embed/8.2.0/../../../../riscv-none-embed/lib/rv32imacxw/ilp32/libnosys.a(lseek.o)
                0x0000000000002e4c                _lseek
 .text._read    0x0000000000002e58        0xc /Applications/MounRiver Studio 2.app/Contents/Resources/app/resources/darwin/components/WCH/Toolchain/RISC-V Embedded GCC/bin/../lib/gcc/riscv-none-embed/8.2.0/../../../../riscv-none-embed/lib/rv32imacxw/ilp32/libnosys.a(read.o)
                0x0000000000002e58                _read
 *(.rodata)
 *(.rodata*)
 .rodata.BLE_HandleCommand
                0x0000000000002e64       0x18 ./User/P14_BLE_Protocol.o
 .rodata.BLE_ProcessReceivedData
                0x0000000000002e7c       0x18 ./User/P14_BLE_Protocol.o
 .rodata.PARAM_ReadBlock
                0x0000000000002e94       0x18 ./User/P14_Flash_Storage.o
 .rodata.PARAM_UpdateBlock
                0x0000000000002eac       0x18 ./User/P14_Flash_Storage.o
 .rodata.PARAM_Init.str1.4
                0x0000000000002ec4       0x9a ./User/P14_Flash_Storage.o
 *fill*         0x0000000000002f5e        0x2 
 .rodata.PARAM_LoadDefault.cst4
                0x0000000000002f60        0x4 ./User/P14_Flash_Storage.o
 .rodata.PARAM_LoadDefault.str1.4
                0x0000000000002f64       0x2c ./User/P14_Flash_Storage.o
 .rodata.P14_CH32V203_Flash_Storage_Init.str1.4
                0x0000000000002f90       0x5f ./User/P14_Init.o
 *fill*         0x0000000000002fef        0x1 
 .rodata.P14_CH32V203_ParameterTable_Init.str1.4
                0x0000000000002ff0       0x67 ./User/P14_Init.o
 *fill*         0x0000000000003057        0x1 
 .rodata.P14_CH32V203_System_Init.str1.4
                0x0000000000003058       0x21 ./User/P14_Init.o
 *fill*         0x0000000000003079        0x3 
 .rodata.CSWTCH.5
                0x000000000000307c       0x14 ./User/P14_Parameter_Table.o
 .rodata.CSWTCH.7
                0x0000000000003090        0xc ./User/P14_Parameter_Table.o
 .rodata.P14_ParamTable_GetStripTypeName.str1.4
                0x000000000000309c        0x5 ./User/P14_Parameter_Table.o
 *fill*         0x00000000000030a1        0x3 
 .rodata.str1.4
                0x00000000000030a4       0x6e ./User/P14_Parameter_Table.o
 *fill*         0x0000000000003112        0x2 
 .rodata.TestParameterTable.str1.4
                0x0000000000003114       0xf2 ./User/main.o
 *fill*         0x0000000000003206        0x2 
 .rodata.main.str1.4
                0x0000000000003208       0x94 ./User/main.o
 .rodata.__sf_fake_stderr
                0x000000000000329c       0x20 /Applications/MounRiver Studio 2.app/Contents/Resources/app/resources/darwin/components/WCH/Toolchain/RISC-V Embedded GCC/bin/../lib/gcc/riscv-none-embed/8.2.0/../../../../riscv-none-embed/lib/rv32imacxw/ilp32/libg_nano.a(lib_a-findfp.o)
                0x000000000000329c                __sf_fake_stderr
 .rodata.__sf_fake_stdin
                0x00000000000032bc       0x20 /Applications/MounRiver Studio 2.app/Contents/Resources/app/resources/darwin/components/WCH/Toolchain/RISC-V Embedded GCC/bin/../lib/gcc/riscv-none-embed/8.2.0/../../../../riscv-none-embed/lib/rv32imacxw/ilp32/libg_nano.a(lib_a-findfp.o)
                0x00000000000032bc                __sf_fake_stdin
 .rodata.__sf_fake_stdout
                0x00000000000032dc       0x20 /Applications/MounRiver Studio 2.app/Contents/Resources/app/resources/darwin/components/WCH/Toolchain/RISC-V Embedded GCC/bin/../lib/gcc/riscv-none-embed/8.2.0/../../../../riscv-none-embed/lib/rv32imacxw/ilp32/libg_nano.a(lib_a-findfp.o)
                0x00000000000032dc                __sf_fake_stdout
 .rodata._vfprintf_r.str1.4
                0x00000000000032fc       0x13 /Applications/MounRiver Studio 2.app/Contents/Resources/app/resources/darwin/components/WCH/Toolchain/RISC-V Embedded GCC/bin/../lib/gcc/riscv-none-embed/8.2.0/../../../../riscv-none-embed/lib/rv32imacxw/ilp32/libg_nano.a(lib_a-nano-vfprintf.o)
 *fill*         0x000000000000330f        0x1 
 .rodata._printf_i.str1.4
                0x0000000000003310       0x28 /Applications/MounRiver Studio 2.app/Contents/Resources/app/resources/darwin/components/WCH/Toolchain/RISC-V Embedded GCC/bin/../lib/gcc/riscv-none-embed/8.2.0/../../../../riscv-none-embed/lib/rv32imacxw/ilp32/libg_nano.a(lib_a-nano-vfprintf_i.o)
                                         0x25 (size before relaxing)
 *(.gnu.linkonce.t.*)
                0x0000000000003338                . = ALIGN (0x4)

.rela.dyn       0x0000000000003338        0x0
 .rela.init     0x0000000000003338        0x0 ./User/P14_BLE_Protocol.o
 .rela.vector   0x0000000000003338        0x0 ./User/P14_BLE_Protocol.o
 .rela.text.handle_reset
                0x0000000000003338        0x0 ./User/P14_BLE_Protocol.o
 .rela.text._sbrk
                0x0000000000003338        0x0 ./User/P14_BLE_Protocol.o
 .rela.sdata.curbrk.4658
                0x0000000000003338        0x0 ./User/P14_BLE_Protocol.o
 .rela.text._vfprintf_r
                0x0000000000003338        0x0 ./User/P14_BLE_Protocol.o
 .rela.text._sbrk_r
                0x0000000000003338        0x0 ./User/P14_BLE_Protocol.o
 .rela.text._write_r
                0x0000000000003338        0x0 ./User/P14_BLE_Protocol.o
 .rela.text._close_r
                0x0000000000003338        0x0 ./User/P14_BLE_Protocol.o
 .rela.text._fstat_r
                0x0000000000003338        0x0 ./User/P14_BLE_Protocol.o
 .rela.text._isatty_r
                0x0000000000003338        0x0 ./User/P14_BLE_Protocol.o
 .rela.text._lseek_r
                0x0000000000003338        0x0 ./User/P14_BLE_Protocol.o
 .rela.text._read_r
                0x0000000000003338        0x0 ./User/P14_BLE_Protocol.o
 .rela.text._close
                0x0000000000003338        0x0 ./User/P14_BLE_Protocol.o
 .rela.text._fstat
                0x0000000000003338        0x0 ./User/P14_BLE_Protocol.o
 .rela.text._isatty
                0x0000000000003338        0x0 ./User/P14_BLE_Protocol.o
 .rela.text._lseek
                0x0000000000003338        0x0 ./User/P14_BLE_Protocol.o
 .rela.text._read
                0x0000000000003338        0x0 ./User/P14_BLE_Protocol.o

.fini           0x0000000000003338        0x0
 *(SORT_NONE(.fini))
                0x0000000000003338                . = ALIGN (0x4)
                [!provide]                        PROVIDE (_etext = .)
                [!provide]                        PROVIDE (_eitcm = .)

.preinit_array  0x0000000000003338        0x0
                [!provide]                        PROVIDE (__preinit_array_start = .)
 *(.preinit_array)
                [!provide]                        PROVIDE (__preinit_array_end = .)

.init_array     0x0000000000003338        0x0
                [!provide]                        PROVIDE (__init_array_start = .)
 *(SORT_BY_INIT_PRIORITY(.init_array.*) SORT_BY_INIT_PRIORITY(.ctors.*))
 *(.init_array EXCLUDE_FILE(*crtend?.o *crtend.o *crtbegin?.o *crtbegin.o) .ctors)
                [!provide]                        PROVIDE (__init_array_end = .)

.fini_array     0x0000000000003338        0x0
                [!provide]                        PROVIDE (__fini_array_start = .)
 *(SORT_BY_INIT_PRIORITY(.fini_array.*) SORT_BY_INIT_PRIORITY(.dtors.*))
 *(.fini_array EXCLUDE_FILE(*crtend?.o *crtend.o *crtbegin?.o *crtbegin.o) .dtors)
                [!provide]                        PROVIDE (__fini_array_end = .)

.ctors
 *crtbegin.o(.ctors)
 *crtbegin?.o(.ctors)
 *(EXCLUDE_FILE(*crtend?.o *crtend.o) .ctors)
 *(SORT_BY_NAME(.ctors.*))
 *(.ctors)

.dtors
 *crtbegin.o(.dtors)
 *crtbegin?.o(.dtors)
 *(EXCLUDE_FILE(*crtend?.o *crtend.o) .dtors)
 *(SORT_BY_NAME(.dtors.*))
 *(.dtors)

.dalign         0x0000000020000000        0x0 load address 0x0000000000003338
                0x0000000020000000                . = ALIGN (0x4)
                0x0000000020000000                PROVIDE (_data_vma = .)

.dlalign        0x0000000000003338        0x0
                0x0000000000003338                . = ALIGN (0x4)
                0x0000000000003338                PROVIDE (_data_lma = .)

.data           0x0000000020000000       0x98 load address 0x0000000000003338
 *(.gnu.linkonce.r.*)
 *(.data .data.*)
 .data.AHBPrescTable
                0x0000000020000000       0x10 ./User/system_ch32v20x.o
                0x0000000020000000                AHBPrescTable
 .data.APBAHBPrescTable
                0x0000000020000010       0x10 ./Peripheral/src/ch32v20x_rcc.o
 .data.impure_data
                0x0000000020000020       0x60 /Applications/MounRiver Studio 2.app/Contents/Resources/app/resources/darwin/components/WCH/Toolchain/RISC-V Embedded GCC/bin/../lib/gcc/riscv-none-embed/8.2.0/../../../../riscv-none-embed/lib/rv32imacxw/ilp32/libg_nano.a(lib_a-impure.o)
 *(.gnu.linkonce.d.*)
                0x0000000020000080                . = ALIGN (0x8)
                0x0000000020000880                PROVIDE (__global_pointer$ = (. + 0x800))
 *(.sdata .sdata.*)
 .sdata.SystemCoreClock
                0x0000000020000080        0x4 ./User/system_ch32v20x.o
                0x0000000020000080                SystemCoreClock
 .sdata.ADCPrescTable
                0x0000000020000084        0x4 ./Peripheral/src/ch32v20x_rcc.o
 .sdata.curbrk.4658
                0x0000000020000088        0x4 ./Debug/debug.o
 .sdata._impure_ptr
                0x000000002000008c        0x4 /Applications/MounRiver Studio 2.app/Contents/Resources/app/resources/darwin/components/WCH/Toolchain/RISC-V Embedded GCC/bin/../lib/gcc/riscv-none-embed/8.2.0/../../../../riscv-none-embed/lib/rv32imacxw/ilp32/libg_nano.a(lib_a-impure.o)
                0x000000002000008c                _impure_ptr
 *(.sdata2.*)
 .sdata2._global_impure_ptr
                0x0000000020000090        0x4 /Applications/MounRiver Studio 2.app/Contents/Resources/app/resources/darwin/components/WCH/Toolchain/RISC-V Embedded GCC/bin/../lib/gcc/riscv-none-embed/8.2.0/../../../../riscv-none-embed/lib/rv32imacxw/ilp32/libg_nano.a(lib_a-impure.o)
                0x0000000020000090                _global_impure_ptr
 *(.gnu.linkonce.s.*)
                0x0000000020000098                . = ALIGN (0x8)
 *fill*         0x0000000020000094        0x4 
 *(.srodata.cst16)
 *(.srodata.cst8)
 *(.srodata.cst4)
 *(.srodata.cst2)
 *(.srodata .srodata.*)
                0x0000000020000098                . = ALIGN (0x4)
                0x0000000020000098                PROVIDE (_edata = .)

.bss            0x0000000020000098      0x6a4 load address 0x00000000000033d0
                0x0000000020000098                . = ALIGN (0x4)
                0x0000000020000098                PROVIDE (_sbss = .)
 *(.sbss*)
 .sbss.g_dataIndex
                0x0000000020000098        0x1 ./User/P14_BLE_Protocol.o
 *fill*         0x0000000020000099        0x3 
 .sbss.g_protocolState
                0x000000002000009c        0x4 ./User/P14_BLE_Protocol.o
 .sbss.g_activeBlockAddr
                0x00000000200000a0        0x4 ./User/P14_Flash_Storage.o
 .sbss.g_uart1RxHead
                0x00000000200000a4        0x2 ./User/P14_UART.o
 .sbss.g_uart1RxTail
                0x00000000200000a6        0x2 ./User/P14_UART.o
 .sbss.g_uart1TxBusy
                0x00000000200000a8        0x1 ./User/P14_UART.o
 *fill*         0x00000000200000a9        0x1 
 .sbss.g_uart1TxHead
                0x00000000200000aa        0x2 ./User/P14_UART.o
 .sbss.g_uart1TxTail
                0x00000000200000ac        0x2 ./User/P14_UART.o
 *fill*         0x00000000200000ae        0x2 
 .sbss.g_systicks
                0x00000000200000b0        0x4 ./User/main.o
                0x00000000200000b0                g_systicks
 .sbss.MCU_Version
                0x00000000200000b4        0x1 ./Peripheral/src/ch32v20x_gpio.o
                0x00000000200000b4                MCU_Version
 *fill*         0x00000000200000b5        0x3 
 .sbss.NVIC_Priority_Group
                0x00000000200000b8        0x4 ./Peripheral/src/ch32v20x_misc.o
                0x00000000200000b8                NVIC_Priority_Group
 .sbss.p_ms     0x00000000200000bc        0x2 ./Debug/debug.o
 .sbss.p_us     0x00000000200000be        0x1 ./Debug/debug.o
 *fill*         0x00000000200000bf        0x1 
 .sbss.__malloc_free_list
                0x00000000200000c0        0x4 /Applications/MounRiver Studio 2.app/Contents/Resources/app/resources/darwin/components/WCH/Toolchain/RISC-V Embedded GCC/bin/../lib/gcc/riscv-none-embed/8.2.0/../../../../riscv-none-embed/lib/rv32imacxw/ilp32/libg_nano.a(lib_a-nano-mallocr.o)
                0x00000000200000c0                __malloc_free_list
 .sbss.__malloc_sbrk_start
                0x00000000200000c4        0x4 /Applications/MounRiver Studio 2.app/Contents/Resources/app/resources/darwin/components/WCH/Toolchain/RISC-V Embedded GCC/bin/../lib/gcc/riscv-none-embed/8.2.0/../../../../riscv-none-embed/lib/rv32imacxw/ilp32/libg_nano.a(lib_a-nano-mallocr.o)
                0x00000000200000c4                __malloc_sbrk_start
 *(.gnu.linkonce.sb.*)
 *(.bss*)
 .bss.g_rxPacket
                0x00000000200000c8       0x41 ./User/P14_BLE_Protocol.o
 *fill*         0x0000000020000109        0x3 
 .bss.g_txPacket
                0x000000002000010c       0x41 ./User/P14_BLE_Protocol.o
 *fill*         0x000000002000014d        0x3 
 .bss.g_paramBlock
                0x0000000020000150      0x2d0 ./User/P14_Flash_Storage.o
 .bss.g_uart1RxBuffer
                0x0000000020000420      0x100 ./User/P14_UART.o
 .bss.g_uart1TxBuffer
                0x0000000020000520      0x100 ./User/P14_UART.o
 .bss.tempBuffer.4919
                0x0000000020000620      0x100 ./User/P14_UART.o
 .bss.g_key1    0x0000000020000720        0xc ./User/main.o
                0x0000000020000720                g_key1
 .bss.g_key2    0x000000002000072c        0xc ./User/main.o
                0x000000002000072c                g_key2
 *(.gnu.linkonce.b.*)
 *(COMMON*)
 COMMON         0x0000000020000738        0x4 /Applications/MounRiver Studio 2.app/Contents/Resources/app/resources/darwin/components/WCH/Toolchain/RISC-V Embedded GCC/bin/../lib/gcc/riscv-none-embed/8.2.0/../../../../riscv-none-embed/lib/rv32imacxw/ilp32/libg_nano.a(lib_a-reent.o)
                0x0000000020000738                errno
                0x000000002000073c                . = ALIGN (0x4)
                0x000000002000073c                PROVIDE (_ebss = .)
                0x000000002000073c                PROVIDE (_end = _ebss)
                [!provide]                        PROVIDE (end = .)

.stack          0x0000000020004800      0x800
                0x0000000020004800                PROVIDE (_heap_end = .)
                0x0000000020004800                . = ALIGN (0x4)
                [!provide]                        PROVIDE (_susrstack = .)
                0x0000000020005000                . = (. + __stack_size)
 *fill*         0x0000000020004800      0x800 
                0x0000000020005000                PROVIDE (_eusrstack = .)
OUTPUT(CH32V203G8R6.elf elf32-littleriscv)

.debug_info     0x0000000000000000    0x1131f
 .debug_info    0x0000000000000000     0x1722 ./User/P14_BLE_Protocol.o
 .debug_info    0x0000000000001722     0x217c ./User/P14_Flash_Storage.o
 .debug_info    0x000000000000389e     0x1392 ./User/P14_Init.o
 .debug_info    0x0000000000004c30     0x1142 ./User/P14_Parameter_Table.o
 .debug_info    0x0000000000005d72     0x14d9 ./User/P14_UART.o
 .debug_info    0x000000000000724b      0xc39 ./User/ch32v20x_it.o
 .debug_info    0x0000000000007e84     0x1285 ./User/main.o
 .debug_info    0x0000000000009109      0xb30 ./User/system_ch32v20x.o
 .debug_info    0x0000000000009c39       0x22 ./Startup/startup_ch32v20x_D6.o
 .debug_info    0x0000000000009c5b      0xa89 ./Peripheral/src/ch32v20x_dbgmcu.o
 .debug_info    0x000000000000a6e4     0x15d2 ./Peripheral/src/ch32v20x_flash.o
 .debug_info    0x000000000000bcb6     0x1349 ./Peripheral/src/ch32v20x_gpio.o
 .debug_info    0x000000000000cfff      0xe61 ./Peripheral/src/ch32v20x_misc.o
 .debug_info    0x000000000000de60     0x1268 ./Peripheral/src/ch32v20x_rcc.o
 .debug_info    0x000000000000f0c8     0x1335 ./Peripheral/src/ch32v20x_usart.o
 .debug_info    0x00000000000103fd      0xf22 ./Debug/debug.o

.debug_abbrev   0x0000000000000000     0x3210
 .debug_abbrev  0x0000000000000000      0x438 ./User/P14_BLE_Protocol.o
 .debug_abbrev  0x0000000000000438      0x4b7 ./User/P14_Flash_Storage.o
 .debug_abbrev  0x00000000000008ef      0x2a9 ./User/P14_Init.o
 .debug_abbrev  0x0000000000000b98      0x41e ./User/P14_Parameter_Table.o
 .debug_abbrev  0x0000000000000fb6      0x374 ./User/P14_UART.o
 .debug_abbrev  0x000000000000132a      0x22c ./User/ch32v20x_it.o
 .debug_abbrev  0x0000000000001556      0x305 ./User/main.o
 .debug_abbrev  0x000000000000185b      0x2b0 ./User/system_ch32v20x.o
 .debug_abbrev  0x0000000000001b0b       0x12 ./Startup/startup_ch32v20x_D6.o
 .debug_abbrev  0x0000000000001b1d      0x2f7 ./Peripheral/src/ch32v20x_dbgmcu.o
 .debug_abbrev  0x0000000000001e14      0x468 ./Peripheral/src/ch32v20x_flash.o
 .debug_abbrev  0x000000000000227c      0x34b ./Peripheral/src/ch32v20x_gpio.o
 .debug_abbrev  0x00000000000025c7      0x2ea ./Peripheral/src/ch32v20x_misc.o
 .debug_abbrev  0x00000000000028b1      0x36b ./Peripheral/src/ch32v20x_rcc.o
 .debug_abbrev  0x0000000000002c1c      0x312 ./Peripheral/src/ch32v20x_usart.o
 .debug_abbrev  0x0000000000002f2e      0x2e2 ./Debug/debug.o

.debug_loc      0x0000000000000000     0x43a9
 .debug_loc     0x0000000000000000      0x797 ./User/P14_BLE_Protocol.o
 .debug_loc     0x0000000000000797      0xbfa ./User/P14_Flash_Storage.o
 .debug_loc     0x0000000000001391       0x8d ./User/P14_Init.o
 .debug_loc     0x000000000000141e      0x4e5 ./User/P14_Parameter_Table.o
 .debug_loc     0x0000000000001903      0x19f ./User/P14_UART.o
 .debug_loc     0x0000000000001aa2      0x261 ./User/main.o
 .debug_loc     0x0000000000001d03       0xac ./User/system_ch32v20x.o
 .debug_loc     0x0000000000001daf       0x6e ./Peripheral/src/ch32v20x_dbgmcu.o
 .debug_loc     0x0000000000001e1d      0xc9b ./Peripheral/src/ch32v20x_flash.o
 .debug_loc     0x0000000000002ab8      0x8a1 ./Peripheral/src/ch32v20x_gpio.o
 .debug_loc     0x0000000000003359       0x2d ./Peripheral/src/ch32v20x_misc.o
 .debug_loc     0x0000000000003386      0x797 ./Peripheral/src/ch32v20x_rcc.o
 .debug_loc     0x0000000000003b1d      0x715 ./Peripheral/src/ch32v20x_usart.o
 .debug_loc     0x0000000000004232      0x177 ./Debug/debug.o

.debug_aranges  0x0000000000000000      0x7d8
 .debug_aranges
                0x0000000000000000       0x88 ./User/P14_BLE_Protocol.o
 .debug_aranges
                0x0000000000000088       0xc0 ./User/P14_Flash_Storage.o
 .debug_aranges
                0x0000000000000148       0x40 ./User/P14_Init.o
 .debug_aranges
                0x0000000000000188       0xb0 ./User/P14_Parameter_Table.o
 .debug_aranges
                0x0000000000000238       0x40 ./User/P14_UART.o
 .debug_aranges
                0x0000000000000278       0x30 ./User/ch32v20x_it.o
 .debug_aranges
                0x00000000000002a8       0x38 ./User/main.o
 .debug_aranges
                0x00000000000002e0       0x28 ./User/system_ch32v20x.o
 .debug_aranges
                0x0000000000000308       0x30 ./Startup/startup_ch32v20x_D6.o
 .debug_aranges
                0x0000000000000338       0x48 ./Peripheral/src/ch32v20x_dbgmcu.o
 .debug_aranges
                0x0000000000000380      0x110 ./Peripheral/src/ch32v20x_flash.o
 .debug_aranges
                0x0000000000000490       0xb0 ./Peripheral/src/ch32v20x_gpio.o
 .debug_aranges
                0x0000000000000540       0x28 ./Peripheral/src/ch32v20x_misc.o
 .debug_aranges
                0x0000000000000568      0x130 ./Peripheral/src/ch32v20x_rcc.o
 .debug_aranges
                0x0000000000000698       0xf0 ./Peripheral/src/ch32v20x_usart.o
 .debug_aranges
                0x0000000000000788       0x50 ./Debug/debug.o

.debug_ranges   0x0000000000000000      0x940
 .debug_ranges  0x0000000000000000      0x108 ./User/P14_BLE_Protocol.o
 .debug_ranges  0x0000000000000108      0x130 ./User/P14_Flash_Storage.o
 .debug_ranges  0x0000000000000238       0x48 ./User/P14_Init.o
 .debug_ranges  0x0000000000000280      0x138 ./User/P14_Parameter_Table.o
 .debug_ranges  0x00000000000003b8       0x88 ./User/P14_UART.o
 .debug_ranges  0x0000000000000440       0x20 ./User/ch32v20x_it.o
 .debug_ranges  0x0000000000000460       0x28 ./User/main.o
 .debug_ranges  0x0000000000000488       0x18 ./User/system_ch32v20x.o
 .debug_ranges  0x00000000000004a0       0x28 ./Startup/startup_ch32v20x_D6.o
 .debug_ranges  0x00000000000004c8       0x50 ./Peripheral/src/ch32v20x_dbgmcu.o
 .debug_ranges  0x0000000000000518      0x100 ./Peripheral/src/ch32v20x_flash.o
 .debug_ranges  0x0000000000000618       0xa0 ./Peripheral/src/ch32v20x_gpio.o
 .debug_ranges  0x00000000000006b8       0x48 ./Peripheral/src/ch32v20x_misc.o
 .debug_ranges  0x0000000000000700      0x120 ./Peripheral/src/ch32v20x_rcc.o
 .debug_ranges  0x0000000000000820       0xe0 ./Peripheral/src/ch32v20x_usart.o
 .debug_ranges  0x0000000000000900       0x40 ./Debug/debug.o

.debug_line     0x0000000000000000     0xd9ad
 .debug_line    0x0000000000000000     0x105f ./User/P14_BLE_Protocol.o
 .debug_line    0x000000000000105f     0x226c ./User/P14_Flash_Storage.o
 .debug_line    0x00000000000032cb      0xb48 ./User/P14_Init.o
 .debug_line    0x0000000000003e13      0xb26 ./User/P14_Parameter_Table.o
 .debug_line    0x0000000000004939      0x9e2 ./User/P14_UART.o
 .debug_line    0x000000000000531b      0x3bb ./User/ch32v20x_it.o
 .debug_line    0x00000000000056d6      0xad9 ./User/main.o
 .debug_line    0x00000000000061af      0x69d ./User/system_ch32v20x.o
 .debug_line    0x000000000000684c      0x121 ./Startup/startup_ch32v20x_D6.o
 .debug_line    0x000000000000696d      0x459 ./Peripheral/src/ch32v20x_dbgmcu.o
 .debug_line    0x0000000000006dc6     0x2620 ./Peripheral/src/ch32v20x_flash.o
 .debug_line    0x00000000000093e6     0x16f6 ./Peripheral/src/ch32v20x_gpio.o
 .debug_line    0x000000000000aadc      0x4c8 ./Peripheral/src/ch32v20x_misc.o
 .debug_line    0x000000000000afa4     0x127e ./Peripheral/src/ch32v20x_rcc.o
 .debug_line    0x000000000000c222      0xf61 ./Peripheral/src/ch32v20x_usart.o
 .debug_line    0x000000000000d183      0x82a ./Debug/debug.o

.debug_str      0x0000000000000000     0x2ec6
 .debug_str     0x0000000000000000      0x9d9 ./User/P14_BLE_Protocol.o
                                        0xa8b (size before relaxing)
 .debug_str     0x00000000000009d9      0x7a3 ./User/P14_Flash_Storage.o
                                        0xf27 (size before relaxing)
 .debug_str     0x000000000000117c      0x4c6 ./User/P14_Init.o
                                        0xb8b (size before relaxing)
 .debug_str     0x0000000000001642      0x1ec ./User/P14_Parameter_Table.o
                                        0x932 (size before relaxing)
 .debug_str     0x000000000000182e      0x54a ./User/P14_UART.o
                                        0xde4 (size before relaxing)
 .debug_str     0x0000000000001d78       0x78 ./User/ch32v20x_it.o
                                        0x6e6 (size before relaxing)
 .debug_str     0x0000000000001df0      0x19a ./User/main.o
                                        0xa66 (size before relaxing)
 .debug_str     0x0000000000001f8a       0xdd ./User/system_ch32v20x.o
                                        0x6c0 (size before relaxing)
 .debug_str     0x0000000000002067       0x2d ./Startup/startup_ch32v20x_D6.o
                                         0x76 (size before relaxing)
 .debug_str     0x0000000000002094       0x87 ./Peripheral/src/ch32v20x_dbgmcu.o
                                        0x666 (size before relaxing)
 .debug_str     0x000000000000211b      0x3fe ./Peripheral/src/ch32v20x_flash.o
                                        0xb3f (size before relaxing)
 .debug_str     0x0000000000002519      0x1fd ./Peripheral/src/ch32v20x_gpio.o
                                        0x9dc (size before relaxing)
 .debug_str     0x0000000000002716       0x73 ./Peripheral/src/ch32v20x_misc.o
                                        0xa9e (size before relaxing)
 .debug_str     0x0000000000002789      0x3d9 ./Peripheral/src/ch32v20x_rcc.o
                                        0xaee (size before relaxing)
 .debug_str     0x0000000000002b62      0x2ed ./Peripheral/src/ch32v20x_usart.o
                                        0xb0a (size before relaxing)
 .debug_str     0x0000000000002e4f       0x77 ./Debug/debug.o
                                        0x931 (size before relaxing)

.comment        0x0000000000000000       0x32
 .comment       0x0000000000000000       0x32 ./User/P14_BLE_Protocol.o
                                         0x33 (size before relaxing)
 .comment       0x0000000000000032       0x33 ./User/P14_Flash_Storage.o
 .comment       0x0000000000000032       0x33 ./User/P14_Init.o
 .comment       0x0000000000000032       0x33 ./User/P14_Parameter_Table.o
 .comment       0x0000000000000032       0x33 ./User/P14_UART.o
 .comment       0x0000000000000032       0x33 ./User/ch32v20x_it.o
 .comment       0x0000000000000032       0x33 ./User/main.o
 .comment       0x0000000000000032       0x33 ./User/system_ch32v20x.o
 .comment       0x0000000000000032       0x33 ./Peripheral/src/ch32v20x_dbgmcu.o
 .comment       0x0000000000000032       0x33 ./Peripheral/src/ch32v20x_flash.o
 .comment       0x0000000000000032       0x33 ./Peripheral/src/ch32v20x_gpio.o
 .comment       0x0000000000000032       0x33 ./Peripheral/src/ch32v20x_misc.o
 .comment       0x0000000000000032       0x33 ./Peripheral/src/ch32v20x_rcc.o
 .comment       0x0000000000000032       0x33 ./Peripheral/src/ch32v20x_usart.o
 .comment       0x0000000000000032       0x33 ./Debug/debug.o

.debug_frame    0x0000000000000000     0x1c30
 .debug_frame   0x0000000000000000      0x1e8 ./User/P14_BLE_Protocol.o
 .debug_frame   0x00000000000001e8      0x260 ./User/P14_Flash_Storage.o
 .debug_frame   0x0000000000000448       0xcc ./User/P14_Init.o
 .debug_frame   0x0000000000000514      0x1c8 ./User/P14_Parameter_Table.o
 .debug_frame   0x00000000000006dc       0xb4 ./User/P14_UART.o
 .debug_frame   0x0000000000000790       0x40 ./User/ch32v20x_it.o
 .debug_frame   0x00000000000007d0       0x7c ./User/main.o
 .debug_frame   0x000000000000084c       0x30 ./User/system_ch32v20x.o
 .debug_frame   0x000000000000087c       0x70 ./Peripheral/src/ch32v20x_dbgmcu.o
 .debug_frame   0x00000000000008ec      0x380 ./Peripheral/src/ch32v20x_flash.o
 .debug_frame   0x0000000000000c6c      0x170 ./Peripheral/src/ch32v20x_gpio.o
 .debug_frame   0x0000000000000ddc       0x30 ./Peripheral/src/ch32v20x_misc.o
 .debug_frame   0x0000000000000e0c      0x254 ./Peripheral/src/ch32v20x_rcc.o
 .debug_frame   0x0000000000001060      0x1e4 ./Peripheral/src/ch32v20x_usart.o
 .debug_frame   0x0000000000001244       0xb8 ./Debug/debug.o
 .debug_frame   0x00000000000012fc       0x20 /Applications/MounRiver Studio 2.app/Contents/Resources/app/resources/darwin/components/WCH/Toolchain/RISC-V Embedded GCC/bin/../lib/gcc/riscv-none-embed/8.2.0/../../../../riscv-none-embed/lib/rv32imacxw/ilp32/libg_nano.a(lib_a-memcpy.o)
 .debug_frame   0x000000000000131c       0x54 /Applications/MounRiver Studio 2.app/Contents/Resources/app/resources/darwin/components/WCH/Toolchain/RISC-V Embedded GCC/bin/../lib/gcc/riscv-none-embed/8.2.0/../../../../riscv-none-embed/lib/rv32imacxw/ilp32/libg_nano.a(lib_a-printf.o)
 .debug_frame   0x0000000000001370       0x54 /Applications/MounRiver Studio 2.app/Contents/Resources/app/resources/darwin/components/WCH/Toolchain/RISC-V Embedded GCC/bin/../lib/gcc/riscv-none-embed/8.2.0/../../../../riscv-none-embed/lib/rv32imacxw/ilp32/libg_nano.a(lib_a-puts.o)
 .debug_frame   0x00000000000013c4       0x50 /Applications/MounRiver Studio 2.app/Contents/Resources/app/resources/darwin/components/WCH/Toolchain/RISC-V Embedded GCC/bin/../lib/gcc/riscv-none-embed/8.2.0/../../../../riscv-none-embed/lib/rv32imacxw/ilp32/libg_nano.a(lib_a-wbuf.o)
 .debug_frame   0x0000000000001414       0x3c /Applications/MounRiver Studio 2.app/Contents/Resources/app/resources/darwin/components/WCH/Toolchain/RISC-V Embedded GCC/bin/../lib/gcc/riscv-none-embed/8.2.0/../../../../riscv-none-embed/lib/rv32imacxw/ilp32/libg_nano.a(lib_a-wsetup.o)
 .debug_frame   0x0000000000001450       0x7c /Applications/MounRiver Studio 2.app/Contents/Resources/app/resources/darwin/components/WCH/Toolchain/RISC-V Embedded GCC/bin/../lib/gcc/riscv-none-embed/8.2.0/../../../../riscv-none-embed/lib/rv32imacxw/ilp32/libg_nano.a(lib_a-fflush.o)
 .debug_frame   0x00000000000014cc      0x148 /Applications/MounRiver Studio 2.app/Contents/Resources/app/resources/darwin/components/WCH/Toolchain/RISC-V Embedded GCC/bin/../lib/gcc/riscv-none-embed/8.2.0/../../../../riscv-none-embed/lib/rv32imacxw/ilp32/libg_nano.a(lib_a-findfp.o)
 .debug_frame   0x0000000000001614       0x88 /Applications/MounRiver Studio 2.app/Contents/Resources/app/resources/darwin/components/WCH/Toolchain/RISC-V Embedded GCC/bin/../lib/gcc/riscv-none-embed/8.2.0/../../../../riscv-none-embed/lib/rv32imacxw/ilp32/libg_nano.a(lib_a-fwalk.o)
 .debug_frame   0x000000000000169c       0x64 /Applications/MounRiver Studio 2.app/Contents/Resources/app/resources/darwin/components/WCH/Toolchain/RISC-V Embedded GCC/bin/../lib/gcc/riscv-none-embed/8.2.0/../../../../riscv-none-embed/lib/rv32imacxw/ilp32/libg_nano.a(lib_a-makebuf.o)
 .debug_frame   0x0000000000001700       0x40 /Applications/MounRiver Studio 2.app/Contents/Resources/app/resources/darwin/components/WCH/Toolchain/RISC-V Embedded GCC/bin/../lib/gcc/riscv-none-embed/8.2.0/../../../../riscv-none-embed/lib/rv32imacxw/ilp32/libg_nano.a(lib_a-nano-freer.o)
 .debug_frame   0x0000000000001740       0x40 /Applications/MounRiver Studio 2.app/Contents/Resources/app/resources/darwin/components/WCH/Toolchain/RISC-V Embedded GCC/bin/../lib/gcc/riscv-none-embed/8.2.0/../../../../riscv-none-embed/lib/rv32imacxw/ilp32/libg_nano.a(lib_a-nano-mallocr.o)
 .debug_frame   0x0000000000001780       0xd0 /Applications/MounRiver Studio 2.app/Contents/Resources/app/resources/darwin/components/WCH/Toolchain/RISC-V Embedded GCC/bin/../lib/gcc/riscv-none-embed/8.2.0/../../../../riscv-none-embed/lib/rv32imacxw/ilp32/libg_nano.a(lib_a-nano-vfprintf.o)
 .debug_frame   0x0000000000001850       0x8c /Applications/MounRiver Studio 2.app/Contents/Resources/app/resources/darwin/components/WCH/Toolchain/RISC-V Embedded GCC/bin/../lib/gcc/riscv-none-embed/8.2.0/../../../../riscv-none-embed/lib/rv32imacxw/ilp32/libg_nano.a(lib_a-nano-vfprintf_i.o)
 .debug_frame   0x00000000000018dc       0x30 /Applications/MounRiver Studio 2.app/Contents/Resources/app/resources/darwin/components/WCH/Toolchain/RISC-V Embedded GCC/bin/../lib/gcc/riscv-none-embed/8.2.0/../../../../riscv-none-embed/lib/rv32imacxw/ilp32/libg_nano.a(lib_a-sbrkr.o)
 .debug_frame   0x000000000000190c       0xa4 /Applications/MounRiver Studio 2.app/Contents/Resources/app/resources/darwin/components/WCH/Toolchain/RISC-V Embedded GCC/bin/../lib/gcc/riscv-none-embed/8.2.0/../../../../riscv-none-embed/lib/rv32imacxw/ilp32/libg_nano.a(lib_a-stdio.o)
 .debug_frame   0x00000000000019b0       0x30 /Applications/MounRiver Studio 2.app/Contents/Resources/app/resources/darwin/components/WCH/Toolchain/RISC-V Embedded GCC/bin/../lib/gcc/riscv-none-embed/8.2.0/../../../../riscv-none-embed/lib/rv32imacxw/ilp32/libg_nano.a(lib_a-writer.o)
 .debug_frame   0x00000000000019e0       0x30 /Applications/MounRiver Studio 2.app/Contents/Resources/app/resources/darwin/components/WCH/Toolchain/RISC-V Embedded GCC/bin/../lib/gcc/riscv-none-embed/8.2.0/../../../../riscv-none-embed/lib/rv32imacxw/ilp32/libg_nano.a(lib_a-closer.o)
 .debug_frame   0x0000000000001a10       0x30 /Applications/MounRiver Studio 2.app/Contents/Resources/app/resources/darwin/components/WCH/Toolchain/RISC-V Embedded GCC/bin/../lib/gcc/riscv-none-embed/8.2.0/../../../../riscv-none-embed/lib/rv32imacxw/ilp32/libg_nano.a(lib_a-fstatr.o)
 .debug_frame   0x0000000000001a40       0x30 /Applications/MounRiver Studio 2.app/Contents/Resources/app/resources/darwin/components/WCH/Toolchain/RISC-V Embedded GCC/bin/../lib/gcc/riscv-none-embed/8.2.0/../../../../riscv-none-embed/lib/rv32imacxw/ilp32/libg_nano.a(lib_a-isattyr.o)
 .debug_frame   0x0000000000001a70       0x30 /Applications/MounRiver Studio 2.app/Contents/Resources/app/resources/darwin/components/WCH/Toolchain/RISC-V Embedded GCC/bin/../lib/gcc/riscv-none-embed/8.2.0/../../../../riscv-none-embed/lib/rv32imacxw/ilp32/libg_nano.a(lib_a-lseekr.o)
 .debug_frame   0x0000000000001aa0       0x20 /Applications/MounRiver Studio 2.app/Contents/Resources/app/resources/darwin/components/WCH/Toolchain/RISC-V Embedded GCC/bin/../lib/gcc/riscv-none-embed/8.2.0/../../../../riscv-none-embed/lib/rv32imacxw/ilp32/libg_nano.a(lib_a-memchr.o)
 .debug_frame   0x0000000000001ac0       0x30 /Applications/MounRiver Studio 2.app/Contents/Resources/app/resources/darwin/components/WCH/Toolchain/RISC-V Embedded GCC/bin/../lib/gcc/riscv-none-embed/8.2.0/../../../../riscv-none-embed/lib/rv32imacxw/ilp32/libg_nano.a(lib_a-mlock.o)
 .debug_frame   0x0000000000001af0       0x30 /Applications/MounRiver Studio 2.app/Contents/Resources/app/resources/darwin/components/WCH/Toolchain/RISC-V Embedded GCC/bin/../lib/gcc/riscv-none-embed/8.2.0/../../../../riscv-none-embed/lib/rv32imacxw/ilp32/libg_nano.a(lib_a-readr.o)
 .debug_frame   0x0000000000001b20       0x70 /Applications/MounRiver Studio 2.app/Contents/Resources/app/resources/darwin/components/WCH/Toolchain/RISC-V Embedded GCC/bin/../lib/gcc/riscv-none-embed/8.2.0/../../../../riscv-none-embed/lib/rv32imacxw/ilp32/libg_nano.a(lib_a-reent.o)
 .debug_frame   0x0000000000001b90       0x20 /Applications/MounRiver Studio 2.app/Contents/Resources/app/resources/darwin/components/WCH/Toolchain/RISC-V Embedded GCC/bin/../lib/gcc/riscv-none-embed/8.2.0/../../../../riscv-none-embed/lib/rv32imacxw/ilp32/libnosys.a(close.o)
 .debug_frame   0x0000000000001bb0       0x20 /Applications/MounRiver Studio 2.app/Contents/Resources/app/resources/darwin/components/WCH/Toolchain/RISC-V Embedded GCC/bin/../lib/gcc/riscv-none-embed/8.2.0/../../../../riscv-none-embed/lib/rv32imacxw/ilp32/libnosys.a(fstat.o)
 .debug_frame   0x0000000000001bd0       0x20 /Applications/MounRiver Studio 2.app/Contents/Resources/app/resources/darwin/components/WCH/Toolchain/RISC-V Embedded GCC/bin/../lib/gcc/riscv-none-embed/8.2.0/../../../../riscv-none-embed/lib/rv32imacxw/ilp32/libnosys.a(isatty.o)
 .debug_frame   0x0000000000001bf0       0x20 /Applications/MounRiver Studio 2.app/Contents/Resources/app/resources/darwin/components/WCH/Toolchain/RISC-V Embedded GCC/bin/../lib/gcc/riscv-none-embed/8.2.0/../../../../riscv-none-embed/lib/rv32imacxw/ilp32/libnosys.a(lseek.o)
 .debug_frame   0x0000000000001c10       0x20 /Applications/MounRiver Studio 2.app/Contents/Resources/app/resources/darwin/components/WCH/Toolchain/RISC-V Embedded GCC/bin/../lib/gcc/riscv-none-embed/8.2.0/../../../../riscv-none-embed/lib/rv32imacxw/ilp32/libnosys.a(read.o)

.stab           0x0000000000000000       0x84
 .stab          0x0000000000000000       0x24 /Applications/MounRiver Studio 2.app/Contents/Resources/app/resources/darwin/components/WCH/Toolchain/RISC-V Embedded GCC/bin/../lib/gcc/riscv-none-embed/8.2.0/../../../../riscv-none-embed/lib/rv32imacxw/ilp32/libnosys.a(close.o)
 .stab          0x0000000000000024       0x18 /Applications/MounRiver Studio 2.app/Contents/Resources/app/resources/darwin/components/WCH/Toolchain/RISC-V Embedded GCC/bin/../lib/gcc/riscv-none-embed/8.2.0/../../../../riscv-none-embed/lib/rv32imacxw/ilp32/libnosys.a(fstat.o)
                                         0x24 (size before relaxing)
 .stab          0x000000000000003c       0x18 /Applications/MounRiver Studio 2.app/Contents/Resources/app/resources/darwin/components/WCH/Toolchain/RISC-V Embedded GCC/bin/../lib/gcc/riscv-none-embed/8.2.0/../../../../riscv-none-embed/lib/rv32imacxw/ilp32/libnosys.a(isatty.o)
                                         0x24 (size before relaxing)
 .stab          0x0000000000000054       0x18 /Applications/MounRiver Studio 2.app/Contents/Resources/app/resources/darwin/components/WCH/Toolchain/RISC-V Embedded GCC/bin/../lib/gcc/riscv-none-embed/8.2.0/../../../../riscv-none-embed/lib/rv32imacxw/ilp32/libnosys.a(lseek.o)
                                         0x24 (size before relaxing)
 .stab          0x000000000000006c       0x18 /Applications/MounRiver Studio 2.app/Contents/Resources/app/resources/darwin/components/WCH/Toolchain/RISC-V Embedded GCC/bin/../lib/gcc/riscv-none-embed/8.2.0/../../../../riscv-none-embed/lib/rv32imacxw/ilp32/libnosys.a(read.o)
                                         0x24 (size before relaxing)

.stabstr        0x0000000000000000      0x117
 .stabstr       0x0000000000000000      0x117 /Applications/MounRiver Studio 2.app/Contents/Resources/app/resources/darwin/components/WCH/Toolchain/RISC-V Embedded GCC/bin/../lib/gcc/riscv-none-embed/8.2.0/../../../../riscv-none-embed/lib/rv32imacxw/ilp32/libnosys.a(close.o)
