Archive member included to satisfy reference by file (symbol)

/Applications/MounRiver Studio 2.app/Contents/Resources/app/resources/darwin/components/WCH/Toolchain/RISC-V Embedded GCC/bin/../lib/gcc/riscv-none-embed/8.2.0/rv32imacxw/ilp32/libgcc.a(divsf3.o)
                              ./User/param_table_example.o (__divsf3)
/Applications/MounRiver Studio 2.app/Contents/Resources/app/resources/darwin/components/WCH/Toolchain/RISC-V Embedded GCC/bin/../lib/gcc/riscv-none-embed/8.2.0/rv32imacxw/ilp32/libgcc.a(gesf2.o)
                              ./User/strip_detect.o (__gtsf2)
/Applications/MounRiver Studio 2.app/Contents/Resources/app/resources/darwin/components/WCH/Toolchain/RISC-V Embedded GCC/bin/../lib/gcc/riscv-none-embed/8.2.0/rv32imacxw/ilp32/libgcc.a(mulsf3.o)
                              ./User/strip_detect.o (__mulsf3)
/Applications/MounRiver Studio 2.app/Contents/Resources/app/resources/darwin/components/WCH/Toolchain/RISC-V Embedded GCC/bin/../lib/gcc/riscv-none-embed/8.2.0/rv32imacxw/ilp32/libgcc.a(floatsisf.o)
                              ./User/param_table_example.o (__floatsisf)
/Applications/MounRiver Studio 2.app/Contents/Resources/app/resources/darwin/components/WCH/Toolchain/RISC-V Embedded GCC/bin/../lib/gcc/riscv-none-embed/8.2.0/rv32imacxw/ilp32/libgcc.a(floatunsisf.o)
                              ./User/strip_detect.o (__floatunsisf)
/Applications/MounRiver Studio 2.app/Contents/Resources/app/resources/darwin/components/WCH/Toolchain/RISC-V Embedded GCC/bin/../lib/gcc/riscv-none-embed/8.2.0/rv32imacxw/ilp32/libgcc.a(extendsfdf2.o)
                              ./User/param_table_example.o (__extendsfdf2)
/Applications/MounRiver Studio 2.app/Contents/Resources/app/resources/darwin/components/WCH/Toolchain/RISC-V Embedded GCC/bin/../lib/gcc/riscv-none-embed/8.2.0/rv32imacxw/ilp32/libgcc.a(save-restore.o)
                              ./Peripheral/src/ch32v20x_flash.o (__riscv_save_7)
/Applications/MounRiver Studio 2.app/Contents/Resources/app/resources/darwin/components/WCH/Toolchain/RISC-V Embedded GCC/bin/../lib/gcc/riscv-none-embed/8.2.0/rv32imacxw/ilp32/libgcc.a(_clzsi2.o)
                              /Applications/MounRiver Studio 2.app/Contents/Resources/app/resources/darwin/components/WCH/Toolchain/RISC-V Embedded GCC/bin/../lib/gcc/riscv-none-embed/8.2.0/rv32imacxw/ilp32/libgcc.a(divsf3.o) (__clzsi2)
/Applications/MounRiver Studio 2.app/Contents/Resources/app/resources/darwin/components/WCH/Toolchain/RISC-V Embedded GCC/bin/../lib/gcc/riscv-none-embed/8.2.0/rv32imacxw/ilp32/libgcc.a(_clz.o)
                              /Applications/MounRiver Studio 2.app/Contents/Resources/app/resources/darwin/components/WCH/Toolchain/RISC-V Embedded GCC/bin/../lib/gcc/riscv-none-embed/8.2.0/rv32imacxw/ilp32/libgcc.a(_clzsi2.o) (__clz_tab)
/Applications/MounRiver Studio 2.app/Contents/Resources/app/resources/darwin/components/WCH/Toolchain/RISC-V Embedded GCC/bin/../lib/gcc/riscv-none-embed/8.2.0/../../../../riscv-none-embed/lib/rv32imacxw/ilp32/libg_nano.a(lib_a-memcpy.o)
                              ./User/main.o (memcpy)
/Applications/MounRiver Studio 2.app/Contents/Resources/app/resources/darwin/components/WCH/Toolchain/RISC-V Embedded GCC/bin/../lib/gcc/riscv-none-embed/8.2.0/../../../../riscv-none-embed/lib/rv32imacxw/ilp32/libg_nano.a(lib_a-memset.o)
                              ./User/main.o (memset)
/Applications/MounRiver Studio 2.app/Contents/Resources/app/resources/darwin/components/WCH/Toolchain/RISC-V Embedded GCC/bin/../lib/gcc/riscv-none-embed/8.2.0/../../../../riscv-none-embed/lib/rv32imacxw/ilp32/libg_nano.a(lib_a-printf.o)
                              ./User/main.o (printf)
/Applications/MounRiver Studio 2.app/Contents/Resources/app/resources/darwin/components/WCH/Toolchain/RISC-V Embedded GCC/bin/../lib/gcc/riscv-none-embed/8.2.0/../../../../riscv-none-embed/lib/rv32imacxw/ilp32/libg_nano.a(lib_a-puts.o)
                              ./User/main.o (puts)
/Applications/MounRiver Studio 2.app/Contents/Resources/app/resources/darwin/components/WCH/Toolchain/RISC-V Embedded GCC/bin/../lib/gcc/riscv-none-embed/8.2.0/../../../../riscv-none-embed/lib/rv32imacxw/ilp32/libg_nano.a(lib_a-wbuf.o)
                              /Applications/MounRiver Studio 2.app/Contents/Resources/app/resources/darwin/components/WCH/Toolchain/RISC-V Embedded GCC/bin/../lib/gcc/riscv-none-embed/8.2.0/../../../../riscv-none-embed/lib/rv32imacxw/ilp32/libg_nano.a(lib_a-puts.o) (__swbuf_r)
/Applications/MounRiver Studio 2.app/Contents/Resources/app/resources/darwin/components/WCH/Toolchain/RISC-V Embedded GCC/bin/../lib/gcc/riscv-none-embed/8.2.0/../../../../riscv-none-embed/lib/rv32imacxw/ilp32/libg_nano.a(lib_a-wsetup.o)
[...]
Memory Configuration

Name             Origin             Length             Attributes
FLASH            0x0000000000000000 0x0000000000010000 xr
RAM              0x0000000020000000 0x0000000000005000 xrw
*default*        0x0000000000000000 0xffffffffffffffff

Linker script and memory map

LOAD ./User/ch32v20x_it.o
LOAD ./User/main.o
LOAD ./User/param_table.o
LOAD ./User/param_table_example.o
LOAD ./User/param_utils.o
LOAD ./User/strip_detect.o
LOAD ./User/system_ch32v20x.o
LOAD ./User/uart_protocol.o
LOAD ./User/uart_protocol_stubs.o
LOAD ./Startup/startup_ch32v20x_D6.o
LOAD ./Peripheral/src/ch32v20x_adc.o
LOAD ./Peripheral/src/ch32v20x_bkp.o
LOAD ./Peripheral/src/ch32v20x_can.o
LOAD ./Peripheral/src/ch32v20x_crc.o
LOAD ./Peripheral/src/ch32v20x_dbgmcu.o
LOAD ./Peripheral/src/ch32v20x_dma.o
LOAD ./Peripheral/src/ch32v20x_exti.o
LOAD ./Peripheral/src/ch32v20x_flash.o
LOAD ./Peripheral/src/ch32v20x_gpio.o
LOAD ./Peripheral/src/ch32v20x_i2c.o
LOAD ./Peripheral/src/ch32v20x_iwdg.o
LOAD ./Peripheral/src/ch32v20x_misc.o
LOAD ./Peripheral/src/ch32v20x_opa.o
LOAD ./Peripheral/src/ch32v20x_pwr.o
LOAD ./Peripheral/src/ch32v20x_rcc.o
LOAD ./Peripheral/src/ch32v20x_rtc.o
LOAD ./Peripheral/src/ch32v20x_spi.o
LOAD ./Peripheral/src/ch32v20x_tim.o
LOAD ./Peripheral/src/ch32v20x_usart.o
LOAD ./Peripheral/src/ch32v20x_wwdg.o
LOAD ./Debug/debug.o
LOAD ./Core/core_riscv.o
LOAD /Applications/MounRiver Studio 2.app/Contents/Resources/app/resources/darwin/components/WCH/Toolchain/RISC-V Embedded GCC/bin/../lib/gcc/riscv-none-embed/8.2.0/rv32imacxw/ilp32/libgcc.a
LOAD /Applications/MounRiver Studio 2.app/Contents/Resources/app/resources/darwin/components/WCH/Toolchain/RISC-V Embedded GCC/bin/../lib/gcc/riscv-none-embed/8.2.0/../../../../riscv-none-embed/lib/rv32imacxw/ilp32/libg_nano.a
LOAD /Applications/MounRiver Studio 2.app/Contents/Resources/app/resources/darwin/components/WCH/Toolchain/RISC-V Embedded GCC/bin/../lib/gcc/riscv-none-embed/8.2.0/../../../../riscv-none-embed/lib/rv32imacxw/ilp32/libc_nano.a
LOAD /Applications/MounRiver Studio 2.app/Contents/Resources/app/resources/darwin/components/WCH/Toolchain/RISC-V Embedded GCC/bin/../lib/gcc/riscv-none-embed/8.2.0/rv32imacxw/ilp32/libgcc.a
START GROUP
LOAD /Applications/MounRiver Studio 2.app/Contents/Resources/app/resources/darwin/components/WCH/Toolchain/RISC-V Embedded GCC/bin/../lib/gcc/riscv-none-embed/8.2.0/rv32imacxw/ilp32/libgcc.a
LOAD /Applications/MounRiver Studio 2.app/Contents/Resources/app/resources/darwin/components/WCH/Toolchain/RISC-V Embedded GCC/bin/../lib/gcc/riscv-none-embed/8.2.0/../../../../riscv-none-embed/lib/rv32imacxw/ilp32/libc_nano.a
LOAD /Applications/MounRiver Studio 2.app/Contents/Resources/app/resources/darwin/components/WCH/Toolchain/RISC-V Embedded GCC/bin/../lib/gcc/riscv-none-embed/8.2.0/../../../../riscv-none-embed/lib/rv32imacxw/ilp32/libnosys.a
END GROUP
START GROUP
LOAD /Applications/MounRiver Studio 2.app/Contents/Resources/app/resources/darwin/components/WCH/Toolchain/RISC-V Embedded GCC/bin/../lib/gcc/riscv-none-embed/8.2.0/rv32imacxw/ilp32/libgcc.a
LOAD /Applications/MounRiver Studio 2.app/Contents/Resources/app/resources/darwin/components/WCH/Toolchain/RISC-V Embedded GCC/bin/../lib/gcc/riscv-none-embed/8.2.0/../../../../riscv-none-embed/lib/rv32imacxw/ilp32/libc_nano.a
LOAD /Applications/MounRiver Studio 2.app/Contents/Resources/app/resources/darwin/components/WCH/Toolchain/RISC-V Embedded GCC/bin/../lib/gcc/riscv-none-embed/8.2.0/../../../../riscv-none-embed/lib/rv32imacxw/ilp32/libnosys.a
END GROUP
                0x0000000000000800                __stack_size = 0x800
                [!provide]                        PROVIDE (_stack_size = __stack_size)

.init           0x0000000000000000        0x4
                0x0000000000000000                _sinit = .
                0x0000000000000000                . = ALIGN (0x4)
 *(SORT_NONE(.init))
 .init          0x0000000000000000        0x4 ./Startup/startup_ch32v20x_D6.o
                0x0000000000000000                _start
                0x0000000000000004                . = ALIGN (0x4)
                0x0000000000000004                _einit = .

.vector         0x0000000000000004       0xfc
 *(.vector)
 .vector        0x0000000000000004       0xfc ./Startup/startup_ch32v20x_D6.o
                0x0000000000000100                . = ALIGN (0x40)

.text           0x0000000000000100     0x3d58
                0x0000000000000100                . = ALIGN (0x4)
 *(.text)
 .text          0x0000000000000100       0x60 /Applications/MounRiver Studio 2.app/Contents/Resources/app/resources/darwin/components/WCH/Toolchain/RISC-V Embedded GCC/bin/../lib/gcc/riscv-none-embed/8.2.0/rv32imacxw/ilp32/libgcc.a(save-restore.o)
                0x0000000000000100                __riscv_save_12
                0x0000000000000108                __riscv_save_10
                0x0000000000000108                __riscv_save_8
                0x0000000000000108                __riscv_save_11
                0x0000000000000108                __riscv_save_9
                0x0000000000000116                __riscv_save_4
                0x0000000000000116                __riscv_save_7
                0x0000000000000116                __riscv_save_6
                0x0000000000000116                __riscv_save_5
                0x0000000000000130                __riscv_save_3
                0x0000000000000130                __riscv_save_2
                0x0000000000000130                __riscv_save_0
                0x0000000000000130                __riscv_save_1
                0x000000000000013c                __riscv_restore_12
                0x0000000000000140                __riscv_restore_8
                0x0000000000000140                __riscv_restore_10
                0x0000000000000140                __riscv_restore_9
                0x0000000000000140                __riscv_restore_11
                0x000000000000014a                __riscv_restore_5
                0x000000000000014a                __riscv_restore_7
                0x000000000000014a                __riscv_restore_4
                0x000000000000014a                __riscv_restore_6
                0x0000000000000154                __riscv_restore_3
                0x0000000000000154                __riscv_restore_1
                0x0000000000000154                __riscv_restore_0
                0x0000000000000154                __riscv_restore_2
 .text          0x0000000000000160       0xa8 /Applications/MounRiver Studio 2.app/Contents/Resources/app/resources/darwin/components/WCH/Toolchain/RISC-V Embedded GCC/bin/../lib/gcc/riscv-none-embed/8.2.0/../../../../riscv-none-embed/lib/rv32imacxw/ilp32/libg_nano.a(lib_a-memset.o)
                0x0000000000000160                memset
 *(.text.*)
 .text.NMI_Handler
                0x0000000000000208        0x2 ./User/ch32v20x_it.o
                0x0000000000000208                NMI_Handler
 .text.HardFault_Handler
                0x000000000000020a       0x10 ./User/ch32v20x_it.o
                0x000000000000020a                HardFault_Handler
 .text.USARTx_CFG
                0x000000000000021a       0xa4 ./User/main.o
                0x000000000000021a                USARTx_CFG
 .text.DMA_INIT
                0x00000000000002be       0x96 ./User/main.o
                0x00000000000002be                DMA_INIT
 .text.ring_buffer_push_huge
                0x0000000000000354       0x9a ./User/main.o
                0x0000000000000354                ring_buffer_push_huge
 .text.startup.main
                0x00000000000003ee       0xf8 ./User/main.o
                0x00000000000003ee                main
 .text.USART2_IRQHandler
                0x00000000000004e6       0xce ./User/main.o
                0x00000000000004e6                USART2_IRQHandler
 .text.DMA1_Channel6_IRQHandler
                0x00000000000005b4       0x8e ./User/main.o
                0x00000000000005b4                DMA1_Channel6_IRQHandler
 .text.PARAM_GetValue
                0x0000000000000642       0x2c ./User/param_table.o
                0x0000000000000642                PARAM_GetValue
 .text.PARAM_CalculateChecksum
                0x000000000000066e       0x20 ./User/param_table.o
                0x000000000000066e                PARAM_CalculateChecksum
 .text.PARAM_CalculateCRC16
                0x000000000000068e       0x40 ./User/param_table.o
                0x000000000000068e                PARAM_CalculateCRC16
 .text.PARAM_LoadFromFlash
                0x00000000000006ce       0x5e ./User/param_table.o
                0x00000000000006ce                PARAM_LoadFromFlash
 .text.PARAM_SaveToFlash
                0x000000000000072c       0x90 ./User/param_table.o
                0x000000000000072c                PARAM_SaveToFlash
 .text.PARAM_Backup
                0x00000000000007bc       0x16 ./User/param_table.o
                0x00000000000007bc                PARAM_Backup
 .text.PARAM_SetValue
                0x00000000000007d2       0x42 ./User/param_table.o
                0x00000000000007d2                PARAM_SetValue
 .text.PARAM_LoadDefaults
                0x0000000000000814       0xe4 ./User/param_table.o
                0x0000000000000814                PARAM_LoadDefaults
 .text.PARAM_Init
                0x00000000000008f8       0x30 ./User/param_table.o
                0x00000000000008f8                PARAM_Init
 .text.PARAM_GetByte
                0x0000000000000928       0x1a ./User/param_utils.o
                0x0000000000000928                PARAM_GetByte
 .text.PARAM_GetWord
                0x0000000000000942       0x1a ./User/param_utils.o
                0x0000000000000942                PARAM_GetWord
 .text.PARAM_SetByte
                0x000000000000095c       0x16 ./User/param_utils.o
                0x000000000000095c                PARAM_SetByte
 .text.PARAM_SetWord
                0x0000000000000972       0x16 ./User/param_utils.o
                0x0000000000000972                PARAM_SetWord
 .text.PARAM_GetDateTime
                0x0000000000000988       0x4c ./User/param_utils.o
                0x0000000000000988                PARAM_GetDateTime
 .text.PARAM_SetDateTime
                0x00000000000009d4       0xb6 ./User/param_utils.o
                0x00000000000009d4                PARAM_SetDateTime
 .text.StripType_GetName
                0x0000000000000a8a       0x20 ./User/param_utils.o
                0x0000000000000a8a                StripType_GetName
 .text.Unit_GetSymbol
                0x0000000000000aaa       0x20 ./User/param_utils.o
                0x0000000000000aaa                Unit_GetSymbol
 .text.STRIP_DETECT_DetermineStripType
                0x0000000000000aca       0x62 ./User/strip_detect.o
 .text.STRIP_DETECT_ReadADC.constprop.0
                0x0000000000000b2c       0x3a ./User/strip_detect.o
 .text.STRIP_DETECT_Init
                0x0000000000000b66       0xf8 ./User/strip_detect.o
                0x0000000000000b66                STRIP_DETECT_Init
 .text.STRIP_DETECT_Process
                0x0000000000000c5e       0xfc ./User/strip_detect.o
                0x0000000000000c5e                STRIP_DETECT_Process
 .text.STRIP_DETECT_HandleInsertedEvent
                0x0000000000000d5a       0x86 ./User/strip_detect.o
                0x0000000000000d5a                STRIP_DETECT_HandleInsertedEvent
 .text.STRIP_DETECT_SetPinStatus
                0x0000000000000de0        0xe ./User/strip_detect.o
                0x0000000000000de0                STRIP_DETECT_SetPinStatus
 .text.STRIP_DETECT_SetBatteryInfo
                0x0000000000000dee       0x1c ./User/strip_detect.o
                0x0000000000000dee                STRIP_DETECT_SetBatteryInfo
 .text.SystemInit
                0x0000000000000e0a       0x8e ./User/system_ch32v20x.o
                0x0000000000000e0a                SystemInit
 .text.UART_Protocol_Init
                0x0000000000000e98       0x44 ./User/uart_protocol.o
                0x0000000000000e98                UART_Protocol_Init
 .text.UART_CalculateChecksum
                0x0000000000000edc       0x22 ./User/uart_protocol.o
                0x0000000000000edc                UART_CalculateChecksum
 .text.UART_SendPacket.part.1
                0x0000000000000efe       0x8a ./User/uart_protocol.o
 .text.UART_VerifyChecksum
                0x0000000000000f88       0x2c ./User/uart_protocol.o
                0x0000000000000f88                UART_VerifyChecksum
 .text.UART_SendPacket
                0x0000000000000fb4       0x16 ./User/uart_protocol.o
                0x0000000000000fb4                UART_SendPacket
 .text.UART_SendSyncTimeAck
                0x0000000000000fca       0x18 ./User/uart_protocol.o
                0x0000000000000fca                UART_SendSyncTimeAck
 .text.UART_SendStatusAck
                0x0000000000000fe2       0x46 ./User/uart_protocol.o
                0x0000000000000fe2                UART_SendStatusAck
 .text.UART_SendParamAck
                0x0000000000001028       0x18 ./User/uart_protocol.o
                0x0000000000001028                UART_SendParamAck
 .text.UART_SendBloodNotify
                0x0000000000001040       0x18 ./User/uart_protocol.o
                0x0000000000001040                UART_SendBloodNotify
 .text.UART_SendResultAck
                0x0000000000001058       0xb2 ./User/uart_protocol.o
                0x0000000000001058                UART_SendResultAck
 .text.UART_SendRawDataAck
                0x000000000000110a      0x144 ./User/uart_protocol.o
                0x000000000000110a                UART_SendRawDataAck
 .text.UART_SendErrorAck
                0x000000000000124e       0x1a ./User/uart_protocol.o
                0x000000000000124e                UART_SendErrorAck
 .text.UART_ProcessSyncTime
                0x0000000000001268       0xdc ./User/uart_protocol.o
                0x0000000000001268                UART_ProcessSyncTime
 .text.UART_ProcessGetStatus
                0x0000000000001344       0x34 ./User/uart_protocol.o
                0x0000000000001344                UART_ProcessGetStatus
 .text.UART_ProcessSetParam
                0x0000000000001378       0x4c ./User/uart_protocol.o
                0x0000000000001378                UART_ProcessSetParam
 .text.UART_ProcessCheckBlood
                0x00000000000013c4       0x50 ./User/uart_protocol.o
                0x00000000000013c4                UART_ProcessCheckBlood
 .text.UART_ProcessGetResult
                0x0000000000001414       0x6e ./User/uart_protocol.o
                0x0000000000001414                UART_ProcessGetResult
 .text.UART_ProcessGetRawData
                0x0000000000001482       0x40 ./User/uart_protocol.o
                0x0000000000001482                UART_ProcessGetRawData
 .text.UART2_Receive_Byte_ISR
                0x00000000000014c2       0xee ./User/uart_protocol.o
                0x00000000000014c2                UART2_Receive_Byte_ISR
 .text.UART_ProcessStripInsertedCmd
                0x00000000000015b0       0x76 ./User/uart_protocol.o
                0x00000000000015b0                UART_ProcessStripInsertedCmd
 .text.UART_ProcessPacket
                0x0000000000001626       0x96 ./User/uart_protocol.o
                0x0000000000001626                UART_ProcessPacket
 .text.UART_Protocol_Process
                0x00000000000016bc       0x44 ./User/uart_protocol.o
                0x00000000000016bc                UART_Protocol_Process
 .text.UART_SendStripTypeAck
                0x0000000000001700       0x2c ./User/uart_protocol.o
                0x0000000000001700                UART_SendStripTypeAck
 .text.Get_Battery_Voltage
                0x000000000000172c        0x8 ./User/uart_protocol_stubs.o
                0x000000000000172c                Get_Battery_Voltage
 .text.Get_Temperature
                0x0000000000001734        0x6 ./User/uart_protocol_stubs.o
                0x0000000000001734                Get_Temperature
 .text.Check_Strip_Status
                0x000000000000173a        0x4 ./User/uart_protocol_stubs.o
                0x000000000000173a                Check_Strip_Status
 .text.Check_Blood_Status
                0x000000000000173e       0x20 ./User/uart_protocol_stubs.o
                0x000000000000173e                Check_Blood_Status
 .text.Perform_Test
                0x000000000000175e        0x4 ./User/uart_protocol_stubs.o
                0x000000000000175e                Perform_Test
 .text.Get_Test_Data
                0x0000000000001762       0x7c ./User/uart_protocol_stubs.o
                0x0000000000001762                Get_Test_Data
 .text.Get_Raw_Test_Data
                0x00000000000017de       0x8e ./User/uart_protocol_stubs.o
                0x00000000000017de                Get_Raw_Test_Data
 .text.vector_handler
                0x000000000000186c        0x2 ./Startup/startup_ch32v20x_D6.o
                0x000000000000186c                USBWakeUp_IRQHandler
                0x000000000000186c                TIM1_CC_IRQHandler
                0x000000000000186c                SysTick_Handler
                0x000000000000186c                PVD_IRQHandler
                0x000000000000186c                EXTI3_IRQHandler
                0x000000000000186c                USBFS_IRQHandler
                0x000000000000186c                EXTI0_IRQHandler
                0x000000000000186c                I2C2_EV_IRQHandler
                0x000000000000186c                ADC1_2_IRQHandler
                0x000000000000186c                Break_Point_Handler
                0x000000000000186c                SPI1_IRQHandler
                0x000000000000186c                TAMPER_IRQHandler
                0x000000000000186c                Ecall_M_Mode_Handler
                0x000000000000186c                DMA1_Channel4_IRQHandler
                0x000000000000186c                USART3_IRQHandler
                0x000000000000186c                RTC_IRQHandler
                0x000000000000186c                DMA1_Channel7_IRQHandler
                0x000000000000186c                CAN1_RX1_IRQHandler
                0x000000000000186c                TIM4_IRQHandler
                0x000000000000186c                I2C1_EV_IRQHandler
                0x000000000000186c                UART4_IRQHandler
                0x000000000000186c                TIM3_IRQHandler
                0x000000000000186c                RCC_IRQHandler
                0x000000000000186c                TIM1_TRG_COM_IRQHandler
                0x000000000000186c                DMA1_Channel1_IRQHandler
                0x000000000000186c                EXTI15_10_IRQHandler
                0x000000000000186c                DMA1_Channel8_IRQHandler
                0x000000000000186c                EXTI9_5_IRQHandler
                0x000000000000186c                SPI2_IRQHandler
                0x000000000000186c                DMA1_Channel5_IRQHandler
                0x000000000000186c                EXTI4_IRQHandler
                0x000000000000186c                USB_LP_CAN1_RX0_IRQHandler
                0x000000000000186c                USB_HP_CAN1_TX_IRQHandler
                0x000000000000186c                DMA1_Channel3_IRQHandler
                0x000000000000186c                TIM1_UP_IRQHandler
                0x000000000000186c                WWDG_IRQHandler
                0x000000000000186c                Ecall_U_Mode_Handler
                0x000000000000186c                TIM2_IRQHandler
                0x000000000000186c                SW_Handler
                0x000000000000186c                TIM1_BRK_IRQHandler
                0x000000000000186c                EXTI1_IRQHandler
                0x000000000000186c                RTCAlarm_IRQHandler
                0x000000000000186c                I2C2_ER_IRQHandler
                0x000000000000186c                DMA1_Channel2_IRQHandler
                0x000000000000186c                CAN1_SCE_IRQHandler
                0x000000000000186c                FLASH_IRQHandler
                0x000000000000186c                USBFSWakeUp_IRQHandler
                0x000000000000186c                USART1_IRQHandler
                0x000000000000186c                I2C1_ER_IRQHandler
                0x000000000000186c                EXTI2_IRQHandler
 .text.handle_reset
                0x000000000000186e       0x86 ./Startup/startup_ch32v20x_D6.o
                0x000000000000186e                handle_reset
 .text.ADC_DeInit
                0x00000000000018f4       0x40 ./Peripheral/src/ch32v20x_adc.o
                0x00000000000018f4                ADC_DeInit
 .text.ADC_Init
                0x0000000000001934       0x56 ./Peripheral/src/ch32v20x_adc.o
                0x0000000000001934                ADC_Init
 .text.ADC_Cmd  0x000000000000198a       0x10 ./Peripheral/src/ch32v20x_adc.o
                0x000000000000198a                ADC_Cmd
 .text.ADC_ResetCalibration
                0x000000000000199a        0xa ./Peripheral/src/ch32v20x_adc.o
                0x000000000000199a                ADC_ResetCalibration
 .text.ADC_GetResetCalibrationStatus
                0x00000000000019a4        0x8 ./Peripheral/src/ch32v20x_adc.o
                0x00000000000019a4                ADC_GetResetCalibrationStatus
 .text.ADC_StartCalibration
                0x00000000000019ac        0xa ./Peripheral/src/ch32v20x_adc.o
                0x00000000000019ac                ADC_StartCalibration
 .text.ADC_GetCalibrationStatus
                0x00000000000019b6        0x8 ./Peripheral/src/ch32v20x_adc.o
                0x00000000000019b6                ADC_GetCalibrationStatus
 .text.ADC_SoftwareStartConvCmd
                0x00000000000019be       0x18 ./Peripheral/src/ch32v20x_adc.o
                0x00000000000019be                ADC_SoftwareStartConvCmd
 .text.ADC_RegularChannelConfig
                0x00000000000019d6       0xb8 ./Peripheral/src/ch32v20x_adc.o
                0x00000000000019d6                ADC_RegularChannelConfig
 .text.ADC_GetConversionValue
                0x0000000000001a8e        0x8 ./Peripheral/src/ch32v20x_adc.o
                0x0000000000001a8e                ADC_GetConversionValue
 .text.ADC_GetFlagStatus
                0x0000000000001a96        0xa ./Peripheral/src/ch32v20x_adc.o
                0x0000000000001a96                ADC_GetFlagStatus
 .text.DMA_DeInit
                0x0000000000001aa0       0x9c ./Peripheral/src/ch32v20x_dma.o
                0x0000000000001aa0                DMA_DeInit
 .text.DMA_Init
                0x0000000000001b3c       0x38 ./Peripheral/src/ch32v20x_dma.o
                0x0000000000001b3c                DMA_Init
 .text.DMA_Cmd  0x0000000000001b74       0x14 ./Peripheral/src/ch32v20x_dma.o
                0x0000000000001b74                DMA_Cmd
 .text.DMA_ITConfig
                0x0000000000001b88       0x12 ./Peripheral/src/ch32v20x_dma.o
                0x0000000000001b88                DMA_ITConfig
 .text.DMA_SetCurrDataCounter
                0x0000000000001b9a        0x4 ./Peripheral/src/ch32v20x_dma.o
                0x0000000000001b9a                DMA_SetCurrDataCounter
 .text.DMA_ClearITPendingBit
                0x0000000000001b9e        0x8 ./Peripheral/src/ch32v20x_dma.o
                0x0000000000001b9e                DMA_ClearITPendingBit
 .text.FLASH_Unlock
                0x0000000000001ba6       0x1a ./Peripheral/src/ch32v20x_flash.o
                0x0000000000001ba6                FLASH_Unlock
 .text.FLASH_Lock
                0x0000000000001bc0        0xe ./Peripheral/src/ch32v20x_flash.o
                0x0000000000001bc0                FLASH_Lock
 .text.FLASH_GetBank1Status
                0x0000000000001bce       0x18 ./Peripheral/src/ch32v20x_flash.o
                0x0000000000001bce                FLASH_GetBank1Status
 .text.FLASH_WaitForLastOperation
                0x0000000000001be6       0x20 ./Peripheral/src/ch32v20x_flash.o
                0x0000000000001be6                FLASH_WaitForLastOperation
 .text.FLASH_ErasePage
                0x0000000000001c06       0x38 ./Peripheral/src/ch32v20x_flash.o
                0x0000000000001c06                FLASH_ErasePage
 .text.FLASH_ProgramHalfWord
                0x0000000000001c3e       0x34 ./Peripheral/src/ch32v20x_flash.o
                0x0000000000001c3e                FLASH_ProgramHalfWord
 .text.GPIO_Init
                0x0000000000001c72       0xf2 ./Peripheral/src/ch32v20x_gpio.o
                0x0000000000001c72                GPIO_Init
 .text.GPIO_SetBits
                0x0000000000001d64       0x14 ./Peripheral/src/ch32v20x_gpio.o
                0x0000000000001d64                GPIO_SetBits
 .text.GPIO_ResetBits
                0x0000000000001d78       0x14 ./Peripheral/src/ch32v20x_gpio.o
                0x0000000000001d78                GPIO_ResetBits
 .text.NVIC_PriorityGroupConfig
                0x0000000000001d8c        0x6 ./Peripheral/src/ch32v20x_misc.o
                0x0000000000001d8c                NVIC_PriorityGroupConfig
 .text.NVIC_Init
                0x0000000000001d92       0x54 ./Peripheral/src/ch32v20x_misc.o
                0x0000000000001d92                NVIC_Init
 .text.RCC_ADCCLKConfig
                0x0000000000001de6       0x12 ./Peripheral/src/ch32v20x_rcc.o
                0x0000000000001de6                RCC_ADCCLKConfig
 .text.RCC_GetClocksFreq
                0x0000000000001df8       0xbe ./Peripheral/src/ch32v20x_rcc.o
                0x0000000000001df8                RCC_GetClocksFreq
 .text.RCC_AHBPeriphClockCmd
                0x0000000000001eb6       0x1e ./Peripheral/src/ch32v20x_rcc.o
                0x0000000000001eb6                RCC_AHBPeriphClockCmd
 .text.RCC_APB2PeriphClockCmd
                0x0000000000001ed4       0x1e ./Peripheral/src/ch32v20x_rcc.o
                0x0000000000001ed4                RCC_APB2PeriphClockCmd
 .text.RCC_APB1PeriphClockCmd
                0x0000000000001ef2       0x1e ./Peripheral/src/ch32v20x_rcc.o
                0x0000000000001ef2                RCC_APB1PeriphClockCmd
 .text.RCC_APB2PeriphResetCmd
                0x0000000000001f10       0x1e ./Peripheral/src/ch32v20x_rcc.o
                0x0000000000001f10                RCC_APB2PeriphResetCmd
 .text.USART_Init
                0x0000000000001f2e       0x90 ./Peripheral/src/ch32v20x_usart.o
                0x0000000000001f2e                USART_Init
 .text.USART_Cmd
                0x0000000000001fbe       0x16 ./Peripheral/src/ch32v20x_usart.o
                0x0000000000001fbe                USART_Cmd
 .text.USART_ITConfig
                0x0000000000001fd4       0x36 ./Peripheral/src/ch32v20x_usart.o
                0x0000000000001fd4                USART_ITConfig
 .text.USART_DMACmd
                0x000000000000200a       0x12 ./Peripheral/src/ch32v20x_usart.o
                0x000000000000200a                USART_DMACmd
 .text.USART_SendData
                0x000000000000201c        0x8 ./Peripheral/src/ch32v20x_usart.o
                0x000000000000201c                USART_SendData
 .text.USART_ReceiveData
                0x0000000000002024        0x8 ./Peripheral/src/ch32v20x_usart.o
                0x0000000000002024                USART_ReceiveData
 .text.USART_GetFlagStatus
                0x000000000000202c        0xa ./Peripheral/src/ch32v20x_usart.o
                0x000000000000202c                USART_GetFlagStatus
 .text.USART_GetITStatus
                0x0000000000002036       0x3c ./Peripheral/src/ch32v20x_usart.o
                0x0000000000002036                USART_GetITStatus
 .text.Delay_Init
                0x0000000000002072       0x2a ./Debug/debug.o
                0x0000000000002072                Delay_Init
 .text.Delay_Ms
                0x000000000000209c       0x36 ./Debug/debug.o
                0x000000000000209c                Delay_Ms
 .text.USART_Printf_Init
                0x00000000000020d2       0x5a ./Debug/debug.o
                0x00000000000020d2                USART_Printf_Init
 .text._write   0x000000000000212c       0x3e ./Debug/debug.o
                0x000000000000212c                _write
 .text._sbrk    0x000000000000216a       0x26 ./Debug/debug.o
                0x000000000000216a                _sbrk
 .text.__gesf2  0x0000000000002190       0x86 /Applications/MounRiver Studio 2.app/Contents/Resources/app/resources/darwin/components/WCH/Toolchain/RISC-V Embedded GCC/bin/../lib/gcc/riscv-none-embed/8.2.0/rv32imacxw/ilp32/libgcc.a(gesf2.o)
                0x0000000000002190                __gtsf2
                0x0000000000002190                __gesf2
 .text.__mulsf3
                0x0000000000002216      0x290 /Applications/MounRiver Studio 2.app/Contents/Resources/app/resources/darwin/components/WCH/Toolchain/RISC-V Embedded GCC/bin/../lib/gcc/riscv-none-embed/8.2.0/rv32imacxw/ilp32/libgcc.a(mulsf3.o)
                0x0000000000002216                __mulsf3
 .text.__floatunsisf
                0x00000000000024a6       0xce /Applications/MounRiver Studio 2.app/Contents/Resources/app/resources/darwin/components/WCH/Toolchain/RISC-V Embedded GCC/bin/../lib/gcc/riscv-none-embed/8.2.0/rv32imacxw/ilp32/libgcc.a(floatunsisf.o)
                0x00000000000024a6                __floatunsisf
 .text.__extendsfdf2
                0x0000000000002574       0xac /Applications/MounRiver Studio 2.app/Contents/Resources/app/resources/darwin/components/WCH/Toolchain/RISC-V Embedded GCC/bin/../lib/gcc/riscv-none-embed/8.2.0/rv32imacxw/ilp32/libgcc.a(extendsfdf2.o)
                0x0000000000002574                __extendsfdf2
 .text.__clzsi2
                0x0000000000002620       0x6e /Applications/MounRiver Studio 2.app/Contents/Resources/app/resources/darwin/components/WCH/Toolchain/RISC-V Embedded GCC/bin/../lib/gcc/riscv-none-embed/8.2.0/rv32imacxw/ilp32/libgcc.a(_clzsi2.o)
                0x0000000000002620                __clzsi2
 .text.memcpy   0x000000000000268e       0xb2 /Applications/MounRiver Studio 2.app/Contents/Resources/app/resources/darwin/components/WCH/Toolchain/RISC-V Embedded GCC/bin/../lib/gcc/riscv-none-embed/8.2.0/../../../../riscv-none-embed/lib/rv32imacxw/ilp32/libg_nano.a(lib_a-memcpy.o)
                0x000000000000268e                memcpy
 .text.printf   0x0000000000002740       0x40 /Applications/MounRiver Studio 2.app/Contents/Resources/app/resources/darwin/components/WCH/Toolchain/RISC-V Embedded GCC/bin/../lib/gcc/riscv-none-embed/8.2.0/../../../../riscv-none-embed/lib/rv32imacxw/ilp32/libg_nano.a(lib_a-printf.o)
                0x0000000000002740                printf
                0x0000000000002740                iprintf
 .text._puts_r  0x0000000000002780       0xd4 /Applications/MounRiver Studio 2.app/Contents/Resources/app/resources/darwin/components/WCH/Toolchain/RISC-V Embedded GCC/bin/../lib/gcc/riscv-none-embed/8.2.0/../../../../riscv-none-embed/lib/rv32imacxw/ilp32/libg_nano.a(lib_a-puts.o)
                0x0000000000002780                _puts_r
 .text.puts     0x0000000000002854        0xc /Applications/MounRiver Studio 2.app/Contents/Resources/app/resources/darwin/components/WCH/Toolchain/RISC-V Embedded GCC/bin/../lib/gcc/riscv-none-embed/8.2.0/../../../../riscv-none-embed/lib/rv32imacxw/ilp32/libg_nano.a(lib_a-puts.o)
                0x0000000000002854                puts
 .text.__swbuf_r
                0x0000000000002860       0xbc /Applications/MounRiver Studio 2.app/Contents/Resources/app/resources/darwin/components/WCH/Toolchain/RISC-V Embedded GCC/bin/../lib/gcc/riscv-none-embed/8.2.0/../../../../riscv-none-embed/lib/rv32imacxw/ilp32/libg_nano.a(lib_a-wbuf.o)
                0x0000000000002860                __swbuf_r
 .text.__swsetup_r
                0x000000000000291c       0xfc /Applications/MounRiver Studio 2.app/Contents/Resources/app/resources/darwin/components/WCH/Toolchain/RISC-V Embedded GCC/bin/../lib/gcc/riscv-none-embed/8.2.0/../../../../riscv-none-embed/lib/rv32imacxw/ilp32/libg_nano.a(lib_a-wsetup.o)
                0x000000000000291c                __swsetup_r
 .text.__sflush_r
                0x0000000000002a18      0x130 /Applications/MounRiver Studio 2.app/Contents/Resources/app/resources/darwin/components/WCH/Toolchain/RISC-V Embedded GCC/bin/../lib/gcc/riscv-none-embed/8.2.0/../../../../riscv-none-embed/lib/rv32imacxw/ilp32/libg_nano.a(lib_a-fflush.o)
                0x0000000000002a18                __sflush_r
 .text._fflush_r
                0x0000000000002b48       0x66 /Applications/MounRiver Studio 2.app/Contents/Resources/app/resources/darwin/components/WCH/Toolchain/RISC-V Embedded GCC/bin/../lib/gcc/riscv-none-embed/8.2.0/../../../../riscv-none-embed/lib/rv32imacxw/ilp32/libg_nano.a(lib_a-fflush.o)
                0x0000000000002b48                _fflush_r
 .text.std      0x0000000000002bae       0x66 /Applications/MounRiver Studio 2.app/Contents/Resources/app/resources/darwin/components/WCH/Toolchain/RISC-V Embedded GCC/bin/../lib/gcc/riscv-none-embed/8.2.0/../../../../riscv-none-embed/lib/rv32imacxw/ilp32/libg_nano.a(lib_a-findfp.o)
 .text._cleanup_r
                0x0000000000002c14        0xa /Applications/MounRiver Studio 2.app/Contents/Resources/app/resources/darwin/components/WCH/Toolchain/RISC-V Embedded GCC/bin/../lib/gcc/riscv-none-embed/8.2.0/../../../../riscv-none-embed/lib/rv32imacxw/ilp32/libg_nano.a(lib_a-findfp.o)
                0x0000000000002c14                _cleanup_r
 .text.__sfmoreglue
                0x0000000000002c1e       0x46 /Applications/MounRiver Studio 2.app/Contents/Resources/app/resources/darwin/components/WCH/Toolchain/RISC-V Embedded GCC/bin/../lib/gcc/riscv-none-embed/8.2.0/../../../../riscv-none-embed/lib/rv32imacxw/ilp32/libg_nano.a(lib_a-findfp.o)
                0x0000000000002c1e                __sfmoreglue
 .text.__sinit  0x0000000000002c64       0x6c /Applications/MounRiver Studio 2.app/Contents/Resources/app/resources/darwin/components/WCH/Toolchain/RISC-V Embedded GCC/bin/../lib/gcc/riscv-none-embed/8.2.0/../../../../riscv-none-embed/lib/rv32imacxw/ilp32/libg_nano.a(lib_a-findfp.o)
                0x0000000000002c64                __sinit
 .text.__sfp    0x0000000000002cd0       0xa0 /Applications/MounRiver Studio 2.app/Contents/Resources/app/resources/darwin/components/WCH/Toolchain/RISC-V Embedded GCC/bin/../lib/gcc/riscv-none-embed/8.2.0/../../../../riscv-none-embed/lib/rv32imacxw/ilp32/libg_nano.a(lib_a-findfp.o)
                0x0000000000002cd0                __sfp
 .text._fwalk_reent
                0x0000000000002d70       0x6a /Applications/MounRiver Studio 2.app/Contents/Resources/app/resources/darwin/components/WCH/Toolchain/RISC-V Embedded GCC/bin/../lib/gcc/riscv-none-embed/8.2.0/../../../../riscv-none-embed/lib/rv32imacxw/ilp32/libg_nano.a(lib_a-fwalk.o)
                0x0000000000002d70                _fwalk_reent
 .text.__swhatbuf_r
                0x0000000000002dda       0x58 /Applications/MounRiver Studio 2.app/Contents/Resources/app/resources/darwin/components/WCH/Toolchain/RISC-V Embedded GCC/bin/../lib/gcc/riscv-none-embed/8.2.0/../../../../riscv-none-embed/lib/rv32imacxw/ilp32/libg_nano.a(lib_a-makebuf.o)
                0x0000000000002dda                __swhatbuf_r
 .text.__smakebuf_r
                0x0000000000002e32       0x92 /Applications/MounRiver Studio 2.app/Contents/Resources/app/resources/darwin/components/WCH/Toolchain/RISC-V Embedded GCC/bin/../lib/gcc/riscv-none-embed/8.2.0/../../../../riscv-none-embed/lib/rv32imacxw/ilp32/libg_nano.a(lib_a-makebuf.o)
                0x0000000000002e32                __smakebuf_r
 .text._free_r  0x0000000000002ec4       0xa8 /Applications/MounRiver Studio 2.app/Contents/Resources/app/resources/darwin/components/WCH/Toolchain/RISC-V Embedded GCC/bin/../lib/gcc/riscv-none-embed/8.2.0/../../../../riscv-none-embed/lib/rv32imacxw/ilp32/libg_nano.a(lib_a-nano-freer.o)
                0x0000000000002ec4                _free_r
 .text._malloc_r
                0x0000000000002f6c       0xd4 /Applications/MounRiver Studio 2.app/Contents/Resources/app/resources/darwin/components/WCH/Toolchain/RISC-V Embedded GCC/bin/../lib/gcc/riscv-none-embed/8.2.0/../../../../riscv-none-embed/lib/rv32imacxw/ilp32/libg_nano.a(lib_a-nano-mallocr.o)
                0x0000000000002f6c                _malloc_r
 .text.__sfputc_r
                0x0000000000003040       0x28 /Applications/MounRiver Studio 2.app/Contents/Resources/app/resources/darwin/components/WCH/Toolchain/RISC-V Embedded GCC/bin/../lib/gcc/riscv-none-embed/8.2.0/../../../../riscv-none-embed/lib/rv32imacxw/ilp32/libg_nano.a(lib_a-nano-vfprintf.o)
 .text.__sfputs_r
                0x0000000000003068       0x42 /Applications/MounRiver Studio 2.app/Contents/Resources/app/resources/darwin/components/WCH/Toolchain/RISC-V Embedded GCC/bin/../lib/gcc/riscv-none-embed/8.2.0/../../../../riscv-none-embed/lib/rv32imacxw/ilp32/libg_nano.a(lib_a-nano-vfprintf.o)
                0x0000000000003068                __sfputs_r
 .text._vfprintf_r
                0x00000000000030aa      0x288 /Applications/MounRiver Studio 2.app/Contents/Resources/app/resources/darwin/components/WCH/Toolchain/RISC-V Embedded GCC/bin/../lib/gcc/riscv-none-embed/8.2.0/../../../../riscv-none-embed/lib/rv32imacxw/ilp32/libg_nano.a(lib_a-nano-vfprintf.o)
                0x00000000000030aa                _vfiprintf_r
                0x00000000000030aa                _vfprintf_r
 .text._printf_common
                0x0000000000003332      0x10c /Applications/MounRiver Studio 2.app/Contents/Resources/app/resources/darwin/components/WCH/Toolchain/RISC-V Embedded GCC/bin/../lib/gcc/riscv-none-embed/8.2.0/../../../../riscv-none-embed/lib/rv32imacxw/ilp32/libg_nano.a(lib_a-nano-vfprintf_i.o)
                0x0000000000003332                _printf_common
 .text._printf_i
                0x000000000000343e      0x2a2 /Applications/MounRiver Studio 2.app/Contents/Resources/app/resources/darwin/components/WCH/Toolchain/RISC-V Embedded GCC/bin/../lib/gcc/riscv-none-embed/8.2.0/../../../../riscv-none-embed/lib/rv32imacxw/ilp32/libg_nano.a(lib_a-nano-vfprintf_i.o)
                0x000000000000343e                _printf_i
 .text._sbrk_r  0x00000000000036e0       0x2a /Applications/MounRiver Studio 2.app/Contents/Resources/app/resources/darwin/components/WCH/Toolchain/RISC-V Embedded GCC/bin/../lib/gcc/riscv-none-embed/8.2.0/../../../../riscv-none-embed/lib/rv32imacxw/ilp32/libg_nano.a(lib_a-sbrkr.o)
                0x00000000000036e0                _sbrk_r
 .text.__sread  0x000000000000370a       0x2c /Applications/MounRiver Studio 2.app/Contents/Resources/app/resources/darwin/components/WCH/Toolchain/RISC-V Embedded GCC/bin/../lib/gcc/riscv-none-embed/8.2.0/../../../../riscv-none-embed/lib/rv32imacxw/ilp32/libg_nano.a(lib_a-stdio.o)
                0x000000000000370a                __sread
 .text.__swrite
                0x0000000000003736       0x48 /Applications/MounRiver Studio 2.app/Contents/Resources/app/resources/darwin/components/WCH/Toolchain/RISC-V Embedded GCC/bin/../lib/gcc/riscv-none-embed/8.2.0/../../../../riscv-none-embed/lib/rv32imacxw/ilp32/libg_nano.a(lib_a-stdio.o)
                0x0000000000003736                __swrite
 .text.__sseek  0x000000000000377e       0x30 /Applications/MounRiver Studio 2.app/Contents/Resources/app/resources/darwin/components/WCH/Toolchain/RISC-V Embedded GCC/bin/../lib/gcc/riscv-none-embed/8.2.0/../../../../riscv-none-embed/lib/rv32imacxw/ilp32/libg_nano.a(lib_a-stdio.o)
                0x000000000000377e                __sseek
 .text.__sclose
                0x00000000000037ae        0x6 /Applications/MounRiver Studio 2.app/Contents/Resources/app/resources/darwin/components/WCH/Toolchain/RISC-V Embedded GCC/bin/../lib/gcc/riscv-none-embed/8.2.0/../../../../riscv-none-embed/lib/rv32imacxw/ilp32/libg_nano.a(lib_a-stdio.o)
                0x00000000000037ae                __sclose
 .text._write_r
                0x00000000000037b4       0x2e /Applications/MounRiver Studio 2.app/Contents/Resources/app/resources/darwin/components/WCH/Toolchain/RISC-V Embedded GCC/bin/../lib/gcc/riscv-none-embed/8.2.0/../../../../riscv-none-embed/lib/rv32imacxw/ilp32/libg_nano.a(lib_a-writer.o)
                0x00000000000037b4                _write_r
 .text._close_r
                0x00000000000037e2       0x28 /Applications/MounRiver Studio 2.app/Contents/Resources/app/resources/darwin/components/WCH/Toolchain/RISC-V Embedded GCC/bin/../lib/gcc/riscv-none-embed/8.2.0/../../../../riscv-none-embed/lib/rv32imacxw/ilp32/libg_nano.a(lib_a-closer.o)
                0x00000000000037e2                _close_r
 .text._fstat_r
                0x000000000000380a       0x2a /Applications/MounRiver Studio 2.app/Contents/Resources/app/resources/darwin/components/WCH/Toolchain/RISC-V Embedded GCC/bin/../lib/gcc/riscv-none-embed/8.2.0/../../../../riscv-none-embed/lib/rv32imacxw/ilp32/libg_nano.a(lib_a-fstatr.o)
                0x000000000000380a                _fstat_r
 .text._isatty_r
                0x0000000000003834       0x28 /Applications/MounRiver Studio 2.app/Contents/Resources/app/resources/darwin/components/WCH/Toolchain/RISC-V Embedded GCC/bin/../lib/gcc/riscv-none-embed/8.2.0/../../../../riscv-none-embed/lib/rv32imacxw/ilp32/libg_nano.a(lib_a-isattyr.o)
                0x0000000000003834                _isatty_r
 .text._lseek_r
                0x000000000000385c       0x2c /Applications/MounRiver Studio 2.app/Contents/Resources/app/resources/darwin/components/WCH/Toolchain/RISC-V Embedded GCC/bin/../lib/gcc/riscv-none-embed/8.2.0/../../../../riscv-none-embed/lib/rv32imacxw/ilp32/libg_nano.a(lib_a-lseekr.o)
                0x000000000000385c                _lseek_r
 .text.memchr   0x0000000000003888       0x18 /Applications/MounRiver Studio 2.app/Contents/Resources/app/resources/darwin/components/WCH/Toolchain/RISC-V Embedded GCC/bin/../lib/gcc/riscv-none-embed/8.2.0/../../../../riscv-none-embed/lib/rv32imacxw/ilp32/libg_nano.a(lib_a-memchr.o)
                0x0000000000003888                memchr
 .text.__malloc_lock
                0x00000000000038a0        0x2 /Applications/MounRiver Studio 2.app/Contents/Resources/app/resources/darwin/components/WCH/Toolchain/RISC-V Embedded GCC/bin/../lib/gcc/riscv-none-embed/8.2.0/../../../../riscv-none-embed/lib/rv32imacxw/ilp32/libg_nano.a(lib_a-mlock.o)
                0x00000000000038a0                __malloc_lock
 .text.__malloc_unlock
                0x00000000000038a2        0x2 /Applications/MounRiver Studio 2.app/Contents/Resources/app/resources/darwin/components/WCH/Toolchain/RISC-V Embedded GCC/bin/../lib/gcc/riscv-none-embed/8.2.0/../../../../riscv-none-embed/lib/rv32imacxw/ilp32/libg_nano.a(lib_a-mlock.o)
                0x00000000000038a2                __malloc_unlock
 .text._read_r  0x00000000000038a4       0x2c /Applications/MounRiver Studio 2.app/Contents/Resources/app/resources/darwin/components/WCH/Toolchain/RISC-V Embedded GCC/bin/../lib/gcc/riscv-none-embed/8.2.0/../../../../riscv-none-embed/lib/rv32imacxw/ilp32/libg_nano.a(lib_a-readr.o)
                0x00000000000038a4                _read_r
 .text._close   0x00000000000038d0        0xc /Applications/MounRiver Studio 2.app/Contents/Resources/app/resources/darwin/components/WCH/Toolchain/RISC-V Embedded GCC/bin/../lib/gcc/riscv-none-embed/8.2.0/../../../../riscv-none-embed/lib/rv32imacxw/ilp32/libnosys.a(close.o)
                0x00000000000038d0                _close
 .text._fstat   0x00000000000038dc        0xc /Applications/MounRiver Studio 2.app/Contents/Resources/app/resources/darwin/components/WCH/Toolchain/RISC-V Embedded GCC/bin/../lib/gcc/riscv-none-embed/8.2.0/../../../../riscv-none-embed/lib/rv32imacxw/ilp32/libnosys.a(fstat.o)
                0x00000000000038dc                _fstat
 .text._isatty  0x00000000000038e8        0xc /Applications/MounRiver Studio 2.app/Contents/Resources/app/resources/darwin/components/WCH/Toolchain/RISC-V Embedded GCC/bin/../lib/gcc/riscv-none-embed/8.2.0/../../../../riscv-none-embed/lib/rv32imacxw/ilp32/libnosys.a(isatty.o)
                0x00000000000038e8                _isatty
 .text._lseek   0x00000000000038f4        0xc /Applications/MounRiver Studio 2.app/Contents/Resources/app/resources/darwin/components/WCH/Toolchain/RISC-V Embedded GCC/bin/../lib/gcc/riscv-none-embed/8.2.0/../../../../riscv-none-embed/lib/rv32imacxw/ilp32/libnosys.a(lseek.o)
                0x00000000000038f4                _lseek
 .text._read    0x0000000000003900        0xc /Applications/MounRiver Studio 2.app/Contents/Resources/app/resources/darwin/components/WCH/Toolchain/RISC-V Embedded GCC/bin/../lib/gcc/riscv-none-embed/8.2.0/../../../../riscv-none-embed/lib/rv32imacxw/ilp32/libnosys.a(read.o)
                0x0000000000003900                _read
 *(.rodata)
 *(.rodata*)
 *fill*         0x000000000000390c        0x0 
 .rodata.main.str1.4
                0x000000000000390c       0xd7 ./User/main.o
 *fill*         0x00000000000039e3        0x1 
 .rodata.CSWTCH.8
                0x00000000000039e4       0x14 ./User/param_utils.o
 .rodata.CSWTCH.9
                0x00000000000039f8        0xc ./User/param_utils.o
 .rodata.StripType_GetName.str1.4
                0x0000000000003a04        0x8 ./User/param_utils.o
 .rodata.str1.4
                0x0000000000003a0c       0x8f ./User/param_utils.o
 *fill*         0x0000000000003a9b        0x1 
 .rodata.STRIP_DETECT_DetermineStripType.cst4
                0x0000000000003a9c        0x4 ./User/strip_detect.o
 .rodata.STRIP_DETECT_HandleInsertedEvent.str1.4
                0x0000000000003aa0       0x3d ./User/strip_detect.o
 *fill*         0x0000000000003add        0x3 
 .rodata.STRIP_DETECT_Init.str1.4
                0x0000000000003ae0       0x24 ./User/strip_detect.o
 .rodata.STRIP_DETECT_Process.cst4
                0x0000000000003b04        0x8 ./User/strip_detect.o
 .rodata.STRIP_DETECT_Process.str1.4
                0x0000000000003b0c       0x51 ./User/strip_detect.o
 *fill*         0x0000000000003b5d        0x3 
 .rodata.UART2_Receive_Byte_ISR
                0x0000000000003b60       0x18 ./User/uart_protocol.o
 .rodata.UART_ProcessStripInsertedCmd.str1.4
                0x0000000000003b78       0xbc ./User/uart_protocol.o
 .rodata.UART_Protocol_Init.str1.4
                0x0000000000003c34       0x1b ./User/uart_protocol.o
 *fill*         0x0000000000003c4f        0x1 
 .rodata.UART_SendStripTypeAck.str1.4
                0x0000000000003c50       0x1d ./User/uart_protocol.o
 *fill*         0x0000000000003c6d        0x3 
 .rodata.Get_Raw_Test_Data.str1.4
                0x0000000000003c70        0xb ./User/uart_protocol_stubs.o
 *fill*         0x0000000000003c7b        0x1 
 .rodata.__mulsf3
                0x0000000000003c7c       0x40 /Applications/MounRiver Studio 2.app/Contents/Resources/app/resources/darwin/components/WCH/Toolchain/RISC-V Embedded GCC/bin/../lib/gcc/riscv-none-embed/8.2.0/rv32imacxw/ilp32/libgcc.a(mulsf3.o)
 .rodata.__clz_tab
                0x0000000000003cbc      0x100 /Applications/MounRiver Studio 2.app/Contents/Resources/app/resources/darwin/components/WCH/Toolchain/RISC-V Embedded GCC/bin/../lib/gcc/riscv-none-embed/8.2.0/rv32imacxw/ilp32/libgcc.a(_clz.o)
                0x0000000000003cbc                __clz_tab
 .rodata.__sf_fake_stderr
                0x0000000000003dbc       0x20 /Applications/MounRiver Studio 2.app/Contents/Resources/app/resources/darwin/components/WCH/Toolchain/RISC-V Embedded GCC/bin/../lib/gcc/riscv-none-embed/8.2.0/../../../../riscv-none-embed/lib/rv32imacxw/ilp32/libg_nano.a(lib_a-findfp.o)
                0x0000000000003dbc                __sf_fake_stderr
 .rodata.__sf_fake_stdin
                0x0000000000003ddc       0x20 /Applications/MounRiver Studio 2.app/Contents/Resources/app/resources/darwin/components/WCH/Toolchain/RISC-V Embedded GCC/bin/../lib/gcc/riscv-none-embed/8.2.0/../../../../riscv-none-embed/lib/rv32imacxw/ilp32/libg_nano.a(lib_a-findfp.o)
                0x0000000000003ddc                __sf_fake_stdin
 .rodata.__sf_fake_stdout
                0x0000000000003dfc       0x20 /Applications/MounRiver Studio 2.app/Contents/Resources/app/resources/darwin/components/WCH/Toolchain/RISC-V Embedded GCC/bin/../lib/gcc/riscv-none-embed/8.2.0/../../../../riscv-none-embed/lib/rv32imacxw/ilp32/libg_nano.a(lib_a-findfp.o)
                0x0000000000003dfc                __sf_fake_stdout
 .rodata._vfprintf_r.str1.4
                0x0000000000003e1c       0x13 /Applications/MounRiver Studio 2.app/Contents/Resources/app/resources/darwin/components/WCH/Toolchain/RISC-V Embedded GCC/bin/../lib/gcc/riscv-none-embed/8.2.0/../../../../riscv-none-embed/lib/rv32imacxw/ilp32/libg_nano.a(lib_a-nano-vfprintf.o)
 *fill*         0x0000000000003e2f        0x1 
 .rodata._printf_i.str1.4
                0x0000000000003e30       0x28 /Applications/MounRiver Studio 2.app/Contents/Resources/app/resources/darwin/components/WCH/Toolchain/RISC-V Embedded GCC/bin/../lib/gcc/riscv-none-embed/8.2.0/../../../../riscv-none-embed/lib/rv32imacxw/ilp32/libg_nano.a(lib_a-nano-vfprintf_i.o)
                                         0x25 (size before relaxing)
 *(.gnu.linkonce.t.*)
                0x0000000000003e58                . = ALIGN (0x4)

.rela.dyn       0x0000000000003e58        0x0
 .rela.init     0x0000000000003e58        0x0 ./User/ch32v20x_it.o
 .rela.vector   0x0000000000003e58        0x0 ./User/ch32v20x_it.o
 .rela.text.handle_reset
                0x0000000000003e58        0x0 ./User/ch32v20x_it.o
 .rela.text._sbrk
                0x0000000000003e58        0x0 ./User/ch32v20x_it.o
 .rela.sdata.curbrk.4652
                0x0000000000003e58        0x0 ./User/ch32v20x_it.o
 .rela.text._vfprintf_r
                0x0000000000003e58        0x0 ./User/ch32v20x_it.o
 .rela.text._sbrk_r
                0x0000000000003e58        0x0 ./User/ch32v20x_it.o
 .rela.text._write_r
                0x0000000000003e58        0x0 ./User/ch32v20x_it.o
 .rela.text._close_r
                0x0000000000003e58        0x0 ./User/ch32v20x_it.o
 .rela.text._fstat_r
                0x0000000000003e58        0x0 ./User/ch32v20x_it.o
 .rela.text._isatty_r
                0x0000000000003e58        0x0 ./User/ch32v20x_it.o
 .rela.text._lseek_r
                0x0000000000003e58        0x0 ./User/ch32v20x_it.o
 .rela.text._read_r
                0x0000000000003e58        0x0 ./User/ch32v20x_it.o
 .rela.text._close
                0x0000000000003e58        0x0 ./User/ch32v20x_it.o
 .rela.text._fstat
                0x0000000000003e58        0x0 ./User/ch32v20x_it.o
 .rela.text._isatty
                0x0000000000003e58        0x0 ./User/ch32v20x_it.o
 .rela.text._lseek
                0x0000000000003e58        0x0 ./User/ch32v20x_it.o
 .rela.text._read
                0x0000000000003e58        0x0 ./User/ch32v20x_it.o

.fini           0x0000000000003e58        0x0
 *(SORT_NONE(.fini))
                0x0000000000003e58                . = ALIGN (0x4)
                [!provide]                        PROVIDE (_etext = .)
                [!provide]                        PROVIDE (_eitcm = .)

.preinit_array  0x0000000000003e58        0x0
                [!provide]                        PROVIDE (__preinit_array_start = .)
 *(.preinit_array)
                [!provide]                        PROVIDE (__preinit_array_end = .)

.init_array     0x0000000000003e58        0x0
                [!provide]                        PROVIDE (__init_array_start = .)
 *(SORT_BY_INIT_PRIORITY(.init_array.*) SORT_BY_INIT_PRIORITY(.ctors.*))
 *(.init_array EXCLUDE_FILE(*crtend?.o *crtend.o *crtbegin?.o *crtbegin.o) .ctors)
                [!provide]                        PROVIDE (__init_array_end = .)

.fini_array     0x0000000000003e58        0x0
                [!provide]                        PROVIDE (__fini_array_start = .)
 *(SORT_BY_INIT_PRIORITY(.fini_array.*) SORT_BY_INIT_PRIORITY(.dtors.*))
 *(.fini_array EXCLUDE_FILE(*crtend?.o *crtend.o *crtbegin?.o *crtbegin.o) .dtors)
                [!provide]                        PROVIDE (__fini_array_end = .)

.ctors
 *crtbegin.o(.ctors)
 *crtbegin?.o(.ctors)
 *(EXCLUDE_FILE(*crtend?.o *crtend.o) .ctors)
 *(SORT_BY_NAME(.ctors.*))
 *(.ctors)

.dtors
 *crtbegin.o(.dtors)
 *crtbegin?.o(.dtors)
 *(EXCLUDE_FILE(*crtend?.o *crtend.o) .dtors)
 *(SORT_BY_NAME(.dtors.*))
 *(.dtors)

.dalign         0x0000000020000000        0x0 load address 0x0000000000003e58
                0x0000000020000000                . = ALIGN (0x4)
                0x0000000020000000                PROVIDE (_data_vma = .)

.dlalign        0x0000000000003e58        0x0
                0x0000000000003e58                . = ALIGN (0x4)
                0x0000000000003e58                PROVIDE (_data_lma = .)

.data           0x0000000020000000       0xa8 load address 0x0000000000003e58
 *(.gnu.linkonce.r.*)
 *(.data .data.*)
 .data.stripInfo
                0x0000000020000000       0x1c ./User/strip_detect.o
 .data.APBAHBPrescTable
                0x000000002000001c       0x10 ./Peripheral/src/ch32v20x_rcc.o
 .data.impure_data
                0x000000002000002c       0x60 /Applications/MounRiver Studio 2.app/Contents/Resources/app/resources/darwin/components/WCH/Toolchain/RISC-V Embedded GCC/bin/../lib/gcc/riscv-none-embed/8.2.0/../../../../riscv-none-embed/lib/rv32imacxw/ilp32/libg_nano.a(lib_a-impure.o)
 *(.gnu.linkonce.d.*)
                0x0000000020000090                . = ALIGN (0x8)
 *fill*         0x000000002000008c        0x4 
                0x0000000020000890                PROVIDE (__global_pointer$ = (. + 0x800))
 *(.sdata .sdata.*)
 .sdata.SystemCoreClock
                0x0000000020000090        0x4 ./User/system_ch32v20x.o
                0x0000000020000090                SystemCoreClock
 .sdata.blood_countdown
                0x0000000020000094        0x1 ./User/uart_protocol.o
 *fill*         0x0000000020000095        0x3 
 .sdata.ADCPrescTable
                0x0000000020000098        0x4 ./Peripheral/src/ch32v20x_rcc.o
 .sdata.curbrk.4652
                0x000000002000009c        0x4 ./Debug/debug.o
 .sdata._impure_ptr
                0x00000000200000a0        0x4 /Applications/MounRiver Studio 2.app/Contents/Resources/app/resources/darwin/components/WCH/Toolchain/RISC-V Embedded GCC/bin/../lib/gcc/riscv-none-embed/8.2.0/../../../../riscv-none-embed/lib/rv32imacxw/ilp32/libg_nano.a(lib_a-impure.o)
                0x00000000200000a0                _impure_ptr
 *(.sdata2.*)
 .sdata2._global_impure_ptr
                0x00000000200000a4        0x4 /Applications/MounRiver Studio 2.app/Contents/Resources/app/resources/darwin/components/WCH/Toolchain/RISC-V Embedded GCC/bin/../lib/gcc/riscv-none-embed/8.2.0/../../../../riscv-none-embed/lib/rv32imacxw/ilp32/libg_nano.a(lib_a-impure.o)
                0x00000000200000a4                _global_impure_ptr
 *(.gnu.linkonce.s.*)
                0x00000000200000a8                . = ALIGN (0x8)
 *(.srodata.cst16)
 *(.srodata.cst8)
 *(.srodata.cst4)
 *(.srodata.cst2)
 *(.srodata .srodata.*)
                0x00000000200000a8                . = ALIGN (0x4)
                0x00000000200000a8                PROVIDE (_edata = .)

.bss            0x00000000200000a8      0x964 load address 0x0000000000003f00
                0x00000000200000a8                . = ALIGN (0x4)
                0x00000000200000a8                PROVIDE (_sbss = .)
 *(.sbss*)
 .sbss.g_paramInitialized
                0x00000000200000a8        0x1 ./User/param_table.o
 .sbss.blood_detected
                0x00000000200000a9        0x1 ./User/uart_protocol.o
 .sbss.dataCnt.5480
                0x00000000200000aa        0x1 ./User/uart_protocol.o
 .sbss.dataLen.5479
                0x00000000200000ab        0x1 ./User/uart_protocol.o
 .sbss.packet_received
                0x00000000200000ac        0x1 ./User/uart_protocol.o
 *fill*         0x00000000200000ad        0x1 
 .sbss.rx_index
                0x00000000200000ae        0x2 ./User/uart_protocol.o
 .sbss.state.5478
                0x00000000200000b0        0x1 ./User/uart_protocol.o
 .sbss.test_in_progress
                0x00000000200000b1        0x1 ./User/uart_protocol.o
 .sbss.counter.5291
                0x00000000200000b2        0x1 ./User/uart_protocol_stubs.o
 .sbss.MCU_Version
                0x00000000200000b3        0x1 ./Peripheral/src/ch32v20x_gpio.o
                0x00000000200000b3                MCU_Version
 .sbss.NVIC_Priority_Group
                0x00000000200000b4        0x4 ./Peripheral/src/ch32v20x_misc.o
                0x00000000200000b4                NVIC_Priority_Group
 .sbss.p_ms     0x00000000200000b8        0x2 ./Debug/debug.o
 .sbss.p_us     0x00000000200000ba        0x1 ./Debug/debug.o
 *fill*         0x00000000200000bb        0x1 
 .sbss.__malloc_free_list
                0x00000000200000bc        0x4 /Applications/MounRiver Studio 2.app/Contents/Resources/app/resources/darwin/components/WCH/Toolchain/RISC-V Embedded GCC/bin/../lib/gcc/riscv-none-embed/8.2.0/../../../../riscv-none-embed/lib/rv32imacxw/ilp32/libg_nano.a(lib_a-nano-mallocr.o)
                0x00000000200000bc                __malloc_free_list
 .sbss.__malloc_sbrk_start
                0x00000000200000c0        0x4 /Applications/MounRiver Studio 2.app/Contents/Resources/app/resources/darwin/components/WCH/Toolchain/RISC-V Embedded GCC/bin/../lib/gcc/riscv-none-embed/8.2.0/../../../../riscv-none-embed/lib/rv32imacxw/ilp32/libg_nano.a(lib_a-nano-mallocr.o)
                0x00000000200000c0                __malloc_sbrk_start
 *(.gnu.linkonce.sb.*)
 *(.bss*)
 .bss.USART_DMA_CTRL
                0x00000000200000c4      0x101 ./User/main.o
                0x00000000200000c4                USART_DMA_CTRL
 *fill*         0x00000000200001c5        0x3 
 .bss.ring_buffer
                0x00000000200001c8      0x406 ./User/main.o
                0x00000000200001c8                ring_buffer
 *fill*         0x00000000200005ce        0x2 
 .bss.g_paramTable
                0x00000000200005d0      0x35e ./User/param_table.o
 *fill*         0x000000002000092e        0x2 
 .bss.current_raw_data
                0x0000000020000930       0x3c ./User/uart_protocol.o
 .bss.current_test_result
                0x000000002000096c       0x1a ./User/uart_protocol.o
 *fill*         0x0000000020000986        0x2 
 .bss.rx_buffer
                0x0000000020000988       0x40 ./User/uart_protocol.o
 .bss.tx_buffer
                0x00000000200009c8       0x40 ./User/uart_protocol.o
 *(.gnu.linkonce.b.*)
 *(COMMON*)
 COMMON         0x0000000020000a08        0x4 /Applications/MounRiver Studio 2.app/Contents/Resources/app/resources/darwin/components/WCH/Toolchain/RISC-V Embedded GCC/bin/../lib/gcc/riscv-none-embed/8.2.0/../../../../riscv-none-embed/lib/rv32imacxw/ilp32/libg_nano.a(lib_a-reent.o)
                0x0000000020000a08                errno
                0x0000000020000a0c                . = ALIGN (0x4)
                0x0000000020000a0c                PROVIDE (_ebss = .)
                0x0000000020000a0c                PROVIDE (_end = _ebss)
                [!provide]                        PROVIDE (end = .)

.stack          0x0000000020004800      0x800
                0x0000000020004800                PROVIDE (_heap_end = .)
                0x0000000020004800                . = ALIGN (0x4)
                [!provide]                        PROVIDE (_susrstack = .)
                0x0000000020005000                . = (. + __stack_size)
 *fill*         0x0000000020004800      0x800 
                0x0000000020005000                PROVIDE (_eusrstack = .)
OUTPUT(CH32V203G8R6.elf elf32-littleriscv)

.debug_info     0x0000000000000000    0x17926
 .debug_info    0x0000000000000000      0xbb5 ./User/ch32v20x_it.o
 .debug_info    0x0000000000000bb5     0x2700 ./User/main.o
 .debug_info    0x00000000000032b5     0x1e81 ./User/param_table.o
 .debug_info    0x0000000000005136     0x1d8a ./User/param_utils.o
 .debug_info    0x0000000000006ec0     0x2453 ./User/strip_detect.o
 .debug_info    0x0000000000009313      0xb30 ./User/system_ch32v20x.o
 .debug_info    0x0000000000009e43     0x2e57 ./User/uart_protocol.o
 .debug_info    0x000000000000cc9a     0x1c2e ./User/uart_protocol_stubs.o
 .debug_info    0x000000000000e8c8       0x22 ./Startup/startup_ch32v20x_D6.o
 .debug_info    0x000000000000e8ea     0x16eb ./Peripheral/src/ch32v20x_adc.o
 .debug_info    0x000000000000ffd5      0xd16 ./Peripheral/src/ch32v20x_dma.o
 .debug_info    0x0000000000010ceb     0x15d2 ./Peripheral/src/ch32v20x_flash.o
 .debug_info    0x00000000000122bd     0x1349 ./Peripheral/src/ch32v20x_gpio.o
 .debug_info    0x0000000000013606      0xe61 ./Peripheral/src/ch32v20x_misc.o
 .debug_info    0x0000000000014467     0x1268 ./Peripheral/src/ch32v20x_rcc.o
 .debug_info    0x00000000000156cf     0x1335 ./Peripheral/src/ch32v20x_usart.o
 .debug_info    0x0000000000016a04      0xf22 ./Debug/debug.o

.debug_abbrev   0x0000000000000000     0x36b6
 .debug_abbrev  0x0000000000000000      0x22c ./User/ch32v20x_it.o
 .debug_abbrev  0x000000000000022c      0x3cc ./User/main.o
 .debug_abbrev  0x00000000000005f8      0x474 ./User/param_table.o
 .debug_abbrev  0x0000000000000a6c      0x295 ./User/param_utils.o
 .debug_abbrev  0x0000000000000d01      0x44d ./User/strip_detect.o
 .debug_abbrev  0x000000000000114e      0x2b0 ./User/system_ch32v20x.o
 .debug_abbrev  0x00000000000013fe      0x4e0 ./User/uart_protocol.o
 .debug_abbrev  0x00000000000018de      0x31f ./User/uart_protocol_stubs.o
 .debug_abbrev  0x0000000000001bfd       0x12 ./Startup/startup_ch32v20x_D6.o
 .debug_abbrev  0x0000000000001c0f      0x3a9 ./Peripheral/src/ch32v20x_adc.o
 .debug_abbrev  0x0000000000001fb8      0x302 ./Peripheral/src/ch32v20x_dma.o
 .debug_abbrev  0x00000000000022ba      0x468 ./Peripheral/src/ch32v20x_flash.o
 .debug_abbrev  0x0000000000002722      0x34b ./Peripheral/src/ch32v20x_gpio.o
 .debug_abbrev  0x0000000000002a6d      0x2ea ./Peripheral/src/ch32v20x_misc.o
 .debug_abbrev  0x0000000000002d57      0x36b ./Peripheral/src/ch32v20x_rcc.o
 .debug_abbrev  0x00000000000030c2      0x312 ./Peripheral/src/ch32v20x_usart.o
 .debug_abbrev  0x00000000000033d4      0x2e2 ./Debug/debug.o

.debug_aranges  0x0000000000000000      0x948
 .debug_aranges
                0x0000000000000000       0x28 ./User/ch32v20x_it.o
 .debug_aranges
                0x0000000000000028       0x50 ./User/main.o
 .debug_aranges
                0x0000000000000078       0x70 ./User/param_table.o
 .debug_aranges
                0x00000000000000e8       0x70 ./User/param_utils.o
 .debug_aranges
                0x0000000000000158       0x78 ./User/strip_detect.o
 .debug_aranges
                0x00000000000001d0       0x28 ./User/system_ch32v20x.o
 .debug_aranges
                0x00000000000001f8       0xd0 ./User/uart_protocol.o
 .debug_aranges
                0x00000000000002c8       0x48 ./User/uart_protocol_stubs.o
 .debug_aranges
                0x0000000000000310       0x30 ./Startup/startup_ch32v20x_D6.o
 .debug_aranges
                0x0000000000000340      0x150 ./Peripheral/src/ch32v20x_adc.o
 .debug_aranges
                0x0000000000000490       0x60 ./Peripheral/src/ch32v20x_dma.o
 .debug_aranges
                0x00000000000004f0      0x110 ./Peripheral/src/ch32v20x_flash.o
 .debug_aranges
                0x0000000000000600       0xb0 ./Peripheral/src/ch32v20x_gpio.o
 .debug_aranges
                0x00000000000006b0       0x28 ./Peripheral/src/ch32v20x_misc.o
 .debug_aranges
                0x00000000000006d8      0x130 ./Peripheral/src/ch32v20x_rcc.o
 .debug_aranges
                0x0000000000000808       0xf0 ./Peripheral/src/ch32v20x_usart.o
 .debug_aranges
                0x00000000000008f8       0x50 ./Debug/debug.o

.debug_ranges   0x0000000000000000      0x9f0
 .debug_ranges  0x0000000000000000       0x18 ./User/ch32v20x_it.o
 .debug_ranges  0x0000000000000018       0x40 ./User/main.o
 .debug_ranges  0x0000000000000058       0xc0 ./User/param_table.o
 .debug_ranges  0x0000000000000118       0x60 ./User/param_utils.o
 .debug_ranges  0x0000000000000178       0xa0 ./User/strip_detect.o
 .debug_ranges  0x0000000000000218       0x18 ./User/system_ch32v20x.o
 .debug_ranges  0x0000000000000230      0x180 ./User/uart_protocol.o
 .debug_ranges  0x00000000000003b0       0x60 ./User/uart_protocol_stubs.o
 .debug_ranges  0x0000000000000410       0x28 ./Startup/startup_ch32v20x_D6.o
 .debug_ranges  0x0000000000000438      0x140 ./Peripheral/src/ch32v20x_adc.o
 .debug_ranges  0x0000000000000578       0x50 ./Peripheral/src/ch32v20x_dma.o
 .debug_ranges  0x00000000000005c8      0x100 ./Peripheral/src/ch32v20x_flash.o
 .debug_ranges  0x00000000000006c8       0xa0 ./Peripheral/src/ch32v20x_gpio.o
 .debug_ranges  0x0000000000000768       0x48 ./Peripheral/src/ch32v20x_misc.o
 .debug_ranges  0x00000000000007b0      0x120 ./Peripheral/src/ch32v20x_rcc.o
 .debug_ranges  0x00000000000008d0       0xe0 ./Peripheral/src/ch32v20x_usart.o
 .debug_ranges  0x00000000000009b0       0x40 ./Debug/debug.o

.debug_line     0x0000000000000000     0xee6b
 .debug_line    0x0000000000000000      0x37e ./User/ch32v20x_it.o
 .debug_line    0x000000000000037e      0xe2f ./User/main.o
 .debug_line    0x00000000000011ad      0xe0a ./User/param_table.o
 .debug_line    0x0000000000001fb7      0x79b ./User/param_utils.o
 .debug_line    0x0000000000002752      0xdbf ./User/strip_detect.o
 .debug_line    0x0000000000003511      0x69b ./User/system_ch32v20x.o
 .debug_line    0x0000000000003bac     0x19e5 ./User/uart_protocol.o
 .debug_line    0x0000000000005591      0x778 ./User/uart_protocol_stubs.o
 .debug_line    0x0000000000005d09      0x121 ./Startup/startup_ch32v20x_D6.o
 .debug_line    0x0000000000005e2a     0x1bb8 ./Peripheral/src/ch32v20x_adc.o
 .debug_line    0x00000000000079e2      0x8a2 ./Peripheral/src/ch32v20x_dma.o
 .debug_line    0x0000000000008284     0x2620 ./Peripheral/src/ch32v20x_flash.o
 .debug_line    0x000000000000a8a4     0x16f6 ./Peripheral/src/ch32v20x_gpio.o
 .debug_line    0x000000000000bf9a      0x4c8 ./Peripheral/src/ch32v20x_misc.o
 .debug_line    0x000000000000c462     0x127e ./Peripheral/src/ch32v20x_rcc.o
 .debug_line    0x000000000000d6e0      0xf61 ./Peripheral/src/ch32v20x_usart.o
 .debug_line    0x000000000000e641      0x82a ./Debug/debug.o

.debug_str      0x0000000000000000     0x38a0
 .debug_str     0x0000000000000000      0x634 ./User/ch32v20x_it.o
                                        0x6a5 (size before relaxing)
 .debug_str     0x0000000000000634     0x111b ./User/main.o
                                       0x1775 (size before relaxing)
 .debug_str     0x000000000000174f      0x356 ./User/param_table.o
                                       0x1057 (size before relaxing)
 .debug_str     0x0000000000001aa5      0x10a ./User/param_utils.o
                                        0xfa0 (size before relaxing)
 .debug_str     0x0000000000001baf      0x53a ./User/strip_detect.o
                                       0x14ea (size before relaxing)
 .debug_str     0x00000000000020e9       0xf2 ./User/system_ch32v20x.o
                                        0x6bf (size before relaxing)
 .debug_str     0x00000000000021db      0x39e ./User/uart_protocol.o
                                       0x136f (size before relaxing)
 .debug_str     0x0000000000002579       0x3b ./User/uart_protocol_stubs.o
                                        0xe5f (size before relaxing)
 .debug_str     0x00000000000025b4       0x2d ./Startup/startup_ch32v20x_D6.o
                                         0x76 (size before relaxing)
 .debug_str     0x00000000000025e1      0x40e ./Peripheral/src/ch32v20x_adc.o
                                        0xc37 (size before relaxing)
 .debug_str     0x00000000000029ef       0xd1 ./Peripheral/src/ch32v20x_dma.o
                                        0x813 (size before relaxing)
 .debug_str     0x0000000000002ac0      0x40b ./Peripheral/src/ch32v20x_flash.o
                                        0xb3f (size before relaxing)
 .debug_str     0x0000000000002ecb      0x236 ./Peripheral/src/ch32v20x_gpio.o
                                        0x9dc (size before relaxing)
 .debug_str     0x0000000000003101       0x9c ./Peripheral/src/ch32v20x_misc.o
                                        0xa9e (size before relaxing)
 .debug_str     0x000000000000319d      0x3b2 ./Peripheral/src/ch32v20x_rcc.o
                                        0xaee (size before relaxing)
 .debug_str     0x000000000000354f      0x2dd ./Peripheral/src/ch32v20x_usart.o
                                        0xb0a (size before relaxing)
 .debug_str     0x000000000000382c       0x74 ./Debug/debug.o
                                        0x931 (size before relaxing)

.comment        0x0000000000000000       0x32
 .comment       0x0000000000000000       0x32 ./User/ch32v20x_it.o
                                         0x33 (size before relaxing)
 .comment       0x0000000000000032       0x33 ./User/main.o
 .comment       0x0000000000000032       0x33 ./User/param_table.o
 .comment       0x0000000000000032       0x33 ./User/param_utils.o
 .comment       0x0000000000000032       0x33 ./User/strip_detect.o
 .comment       0x0000000000000032       0x33 ./User/system_ch32v20x.o
 .comment       0x0000000000000032       0x33 ./User/uart_protocol.o
 .comment       0x0000000000000032       0x33 ./User/uart_protocol_stubs.o
 .comment       0x0000000000000032       0x33 ./Peripheral/src/ch32v20x_adc.o
 .comment       0x0000000000000032       0x33 ./Peripheral/src/ch32v20x_dma.o
 .comment       0x0000000000000032       0x33 ./Peripheral/src/ch32v20x_flash.o
 .comment       0x0000000000000032       0x33 ./Peripheral/src/ch32v20x_gpio.o
 .comment       0x0000000000000032       0x33 ./Peripheral/src/ch32v20x_misc.o
 .comment       0x0000000000000032       0x33 ./Peripheral/src/ch32v20x_rcc.o
 .comment       0x0000000000000032       0x33 ./Peripheral/src/ch32v20x_usart.o
 .comment       0x0000000000000032       0x33 ./Debug/debug.o
 .comment       0x0000000000000032       0x33 /Applications/MounRiver Studio 2.app/Contents/Resources/app/resources/darwin/components/WCH/Toolchain/RISC-V Embedded GCC/bin/../lib/gcc/riscv-none-embed/8.2.0/rv32imacxw/ilp32/libgcc.a(gesf2.o)
 .comment       0x0000000000000032       0x33 /Applications/MounRiver Studio 2.app/Contents/Resources/app/resources/darwin/components/WCH/Toolchain/RISC-V Embedded GCC/bin/../lib/gcc/riscv-none-embed/8.2.0/rv32imacxw/ilp32/libgcc.a(mulsf3.o)
 .comment       0x0000000000000032       0x33 /Applications/MounRiver Studio 2.app/Contents/Resources/app/resources/darwin/components/WCH/Toolchain/RISC-V Embedded GCC/bin/../lib/gcc/riscv-none-embed/8.2.0/rv32imacxw/ilp32/libgcc.a(floatunsisf.o)
 .comment       0x0000000000000032       0x33 /Applications/MounRiver Studio 2.app/Contents/Resources/app/resources/darwin/components/WCH/Toolchain/RISC-V Embedded GCC/bin/../lib/gcc/riscv-none-embed/8.2.0/rv32imacxw/ilp32/libgcc.a(extendsfdf2.o)
 .comment       0x0000000000000032       0x33 /Applications/MounRiver Studio 2.app/Contents/Resources/app/resources/darwin/components/WCH/Toolchain/RISC-V Embedded GCC/bin/../lib/gcc/riscv-none-embed/8.2.0/rv32imacxw/ilp32/libgcc.a(_clzsi2.o)
 .comment       0x0000000000000032       0x33 /Applications/MounRiver Studio 2.app/Contents/Resources/app/resources/darwin/components/WCH/Toolchain/RISC-V Embedded GCC/bin/../lib/gcc/riscv-none-embed/8.2.0/rv32imacxw/ilp32/libgcc.a(_clz.o)

.debug_frame    0x0000000000000000     0x1fd0
 .debug_frame   0x0000000000000000       0x30 ./User/ch32v20x_it.o
 .debug_frame   0x0000000000000030      0x114 ./User/main.o
 .debug_frame   0x0000000000000144      0x140 ./User/param_table.o
 .debug_frame   0x0000000000000284      0x150 ./User/param_utils.o
 .debug_frame   0x00000000000003d4      0x14c ./User/strip_detect.o
 .debug_frame   0x0000000000000520       0x30 ./User/system_ch32v20x.o
 .debug_frame   0x0000000000000550      0x2fc ./User/uart_protocol.o
 .debug_frame   0x000000000000084c       0xc0 ./User/uart_protocol_stubs.o
 .debug_frame   0x000000000000090c      0x2b4 ./Peripheral/src/ch32v20x_adc.o
 .debug_frame   0x0000000000000bc0       0xcc ./Peripheral/src/ch32v20x_dma.o
 .debug_frame   0x0000000000000c8c      0x380 ./Peripheral/src/ch32v20x_flash.o
 .debug_frame   0x000000000000100c      0x170 ./Peripheral/src/ch32v20x_gpio.o
 .debug_frame   0x000000000000117c       0x30 ./Peripheral/src/ch32v20x_misc.o
 .debug_frame   0x00000000000011ac      0x254 ./Peripheral/src/ch32v20x_rcc.o
 .debug_frame   0x0000000000001400      0x1e4 ./Peripheral/src/ch32v20x_usart.o
 .debug_frame   0x00000000000015e4       0xb8 ./Debug/debug.o
 .debug_frame   0x000000000000169c       0x20 /Applications/MounRiver Studio 2.app/Contents/Resources/app/resources/darwin/components/WCH/Toolchain/RISC-V Embedded GCC/bin/../lib/gcc/riscv-none-embed/8.2.0/../../../../riscv-none-embed/lib/rv32imacxw/ilp32/libg_nano.a(lib_a-memcpy.o)
 .debug_frame   0x00000000000016bc       0x54 /Applications/MounRiver Studio 2.app/Contents/Resources/app/resources/darwin/components/WCH/Toolchain/RISC-V Embedded GCC/bin/../lib/gcc/riscv-none-embed/8.2.0/../../../../riscv-none-embed/lib/rv32imacxw/ilp32/libg_nano.a(lib_a-printf.o)
 .debug_frame   0x0000000000001710       0x54 /Applications/MounRiver Studio 2.app/Contents/Resources/app/resources/darwin/components/WCH/Toolchain/RISC-V Embedded GCC/bin/../lib/gcc/riscv-none-embed/8.2.0/../../../../riscv-none-embed/lib/rv32imacxw/ilp32/libg_nano.a(lib_a-puts.o)
 .debug_frame   0x0000000000001764       0x50 /Applications/MounRiver Studio 2.app/Contents/Resources/app/resources/darwin/components/WCH/Toolchain/RISC-V Embedded GCC/bin/../lib/gcc/riscv-none-embed/8.2.0/../../../../riscv-none-embed/lib/rv32imacxw/ilp32/libg_nano.a(lib_a-wbuf.o)
 .debug_frame   0x00000000000017b4       0x3c /Applications/MounRiver Studio 2.app/Contents/Resources/app/resources/darwin/components/WCH/Toolchain/RISC-V Embedded GCC/bin/../lib/gcc/riscv-none-embed/8.2.0/../../../../riscv-none-embed/lib/rv32imacxw/ilp32/libg_nano.a(lib_a-wsetup.o)
 .debug_frame   0x00000000000017f0       0x7c /Applications/MounRiver Studio 2.app/Contents/Resources/app/resources/darwin/components/WCH/Toolchain/RISC-V Embedded GCC/bin/../lib/gcc/riscv-none-embed/8.2.0/../../../../riscv-none-embed/lib/rv32imacxw/ilp32/libg_nano.a(lib_a-fflush.o)
 .debug_frame   0x000000000000186c      0x148 /Applications/MounRiver Studio 2.app/Contents/Resources/app/resources/darwin/components/WCH/Toolchain/RISC-V Embedded GCC/bin/../lib/gcc/riscv-none-embed/8.2.0/../../../../riscv-none-embed/lib/rv32imacxw/ilp32/libg_nano.a(lib_a-findfp.o)
 .debug_frame   0x00000000000019b4       0x88 /Applications/MounRiver Studio 2.app/Contents/Resources/app/resources/darwin/components/WCH/Toolchain/RISC-V Embedded GCC/bin/../lib/gcc/riscv-none-embed/8.2.0/../../../../riscv-none-embed/lib/rv32imacxw/ilp32/libg_nano.a(lib_a-fwalk.o)
 .debug_frame   0x0000000000001a3c       0x64 /Applications/MounRiver Studio 2.app/Contents/Resources/app/resources/darwin/components/WCH/Toolchain/RISC-V Embedded GCC/bin/../lib/gcc/riscv-none-embed/8.2.0/../../../../riscv-none-embed/lib/rv32imacxw/ilp32/libg_nano.a(lib_a-makebuf.o)
 .debug_frame   0x0000000000001aa0       0x40 /Applications/MounRiver Studio 2.app/Contents/Resources/app/resources/darwin/components/WCH/Toolchain/RISC-V Embedded GCC/bin/../lib/gcc/riscv-none-embed/8.2.0/../../../../riscv-none-embed/lib/rv32imacxw/ilp32/libg_nano.a(lib_a-nano-freer.o)
 .debug_frame   0x0000000000001ae0       0x40 /Applications/MounRiver Studio 2.app/Contents/Resources/app/resources/darwin/components/WCH/Toolchain/RISC-V Embedded GCC/bin/../lib/gcc/riscv-none-embed/8.2.0/../../../../riscv-none-embed/lib/rv32imacxw/ilp32/libg_nano.a(lib_a-nano-mallocr.o)
 .debug_frame   0x0000000000001b20       0xd0 /Applications/MounRiver Studio 2.app/Contents/Resources/app/resources/darwin/components/WCH/Toolchain/RISC-V Embedded GCC/bin/../lib/gcc/riscv-none-embed/8.2.0/../../../../riscv-none-embed/lib/rv32imacxw/ilp32/libg_nano.a(lib_a-nano-vfprintf.o)
 .debug_frame   0x0000000000001bf0       0x8c /Applications/MounRiver Studio 2.app/Contents/Resources/app/resources/darwin/components/WCH/Toolchain/RISC-V Embedded GCC/bin/../lib/gcc/riscv-none-embed/8.2.0/../../../../riscv-none-embed/lib/rv32imacxw/ilp32/libg_nano.a(lib_a-nano-vfprintf_i.o)
 .debug_frame   0x0000000000001c7c       0x30 /Applications/MounRiver Studio 2.app/Contents/Resources/app/resources/darwin/components/WCH/Toolchain/RISC-V Embedded GCC/bin/../lib/gcc/riscv-none-embed/8.2.0/../../../../riscv-none-embed/lib/rv32imacxw/ilp32/libg_nano.a(lib_a-sbrkr.o)
 .debug_frame   0x0000000000001cac       0xa4 /Applications/MounRiver Studio 2.app/Contents/Resources/app/resources/darwin/components/WCH/Toolchain/RISC-V Embedded GCC/bin/../lib/gcc/riscv-none-embed/8.2.0/../../../../riscv-none-embed/lib/rv32imacxw/ilp32/libg_nano.a(lib_a-stdio.o)
 .debug_frame   0x0000000000001d50       0x30 /Applications/MounRiver Studio 2.app/Contents/Resources/app/resources/darwin/components/WCH/Toolchain/RISC-V Embedded GCC/bin/../lib/gcc/riscv-none-embed/8.2.0/../../../../riscv-none-embed/lib/rv32imacxw/ilp32/libg_nano.a(lib_a-writer.o)
 .debug_frame   0x0000000000001d80       0x30 /Applications/MounRiver Studio 2.app/Contents/Resources/app/resources/darwin/components/WCH/Toolchain/RISC-V Embedded GCC/bin/../lib/gcc/riscv-none-embed/8.2.0/../../../../riscv-none-embed/lib/rv32imacxw/ilp32/libg_nano.a(lib_a-closer.o)
 .debug_frame   0x0000000000001db0       0x30 /Applications/MounRiver Studio 2.app/Contents/Resources/app/resources/darwin/components/WCH/Toolchain/RISC-V Embedded GCC/bin/../lib/gcc/riscv-none-embed/8.2.0/../../../../riscv-none-embed/lib/rv32imacxw/ilp32/libg_nano.a(lib_a-fstatr.o)
 .debug_frame   0x0000000000001de0       0x30 /Applications/MounRiver Studio 2.app/Contents/Resources/app/resources/darwin/components/WCH/Toolchain/RISC-V Embedded GCC/bin/../lib/gcc/riscv-none-embed/8.2.0/../../../../riscv-none-embed/lib/rv32imacxw/ilp32/libg_nano.a(lib_a-isattyr.o)
 .debug_frame   0x0000000000001e10       0x30 /Applications/MounRiver Studio 2.app/Contents/Resources/app/resources/darwin/components/WCH/Toolchain/RISC-V Embedded GCC/bin/../lib/gcc/riscv-none-embed/8.2.0/../../../../riscv-none-embed/lib/rv32imacxw/ilp32/libg_nano.a(lib_a-lseekr.o)
 .debug_frame   0x0000000000001e40       0x20 /Applications/MounRiver Studio 2.app/Contents/Resources/app/resources/darwin/components/WCH/Toolchain/RISC-V Embedded GCC/bin/../lib/gcc/riscv-none-embed/8.2.0/../../../../riscv-none-embed/lib/rv32imacxw/ilp32/libg_nano.a(lib_a-memchr.o)
 .debug_frame   0x0000000000001e60       0x30 /Applications/MounRiver Studio 2.app/Contents/Resources/app/resources/darwin/components/WCH/Toolchain/RISC-V Embedded GCC/bin/../lib/gcc/riscv-none-embed/8.2.0/../../../../riscv-none-embed/lib/rv32imacxw/ilp32/libg_nano.a(lib_a-mlock.o)
 .debug_frame   0x0000000000001e90       0x30 /Applications/MounRiver Studio 2.app/Contents/Resources/app/resources/darwin/components/WCH/Toolchain/RISC-V Embedded GCC/bin/../lib/gcc/riscv-none-embed/8.2.0/../../../../riscv-none-embed/lib/rv32imacxw/ilp32/libg_nano.a(lib_a-readr.o)
 .debug_frame   0x0000000000001ec0       0x70 /Applications/MounRiver Studio 2.app/Contents/Resources/app/resources/darwin/components/WCH/Toolchain/RISC-V Embedded GCC/bin/../lib/gcc/riscv-none-embed/8.2.0/../../../../riscv-none-embed/lib/rv32imacxw/ilp32/libg_nano.a(lib_a-reent.o)
 .debug_frame   0x0000000000001f30       0x20 /Applications/MounRiver Studio 2.app/Contents/Resources/app/resources/darwin/components/WCH/Toolchain/RISC-V Embedded GCC/bin/../lib/gcc/riscv-none-embed/8.2.0/../../../../riscv-none-embed/lib/rv32imacxw/ilp32/libnosys.a(close.o)
 .debug_frame   0x0000000000001f50       0x20 /Applications/MounRiver Studio 2.app/Contents/Resources/app/resources/darwin/components/WCH/Toolchain/RISC-V Embedded GCC/bin/../lib/gcc/riscv-none-embed/8.2.0/../../../../riscv-none-embed/lib/rv32imacxw/ilp32/libnosys.a(fstat.o)
 .debug_frame   0x0000000000001f70       0x20 /Applications/MounRiver Studio 2.app/Contents/Resources/app/resources/darwin/components/WCH/Toolchain/RISC-V Embedded GCC/bin/../lib/gcc/riscv-none-embed/8.2.0/../../../../riscv-none-embed/lib/rv32imacxw/ilp32/libnosys.a(isatty.o)
 .debug_frame   0x0000000000001f90       0x20 /Applications/MounRiver Studio 2.app/Contents/Resources/app/resources/darwin/components/WCH/Toolchain/RISC-V Embedded GCC/bin/../lib/gcc/riscv-none-embed/8.2.0/../../../../riscv-none-embed/lib/rv32imacxw/ilp32/libnosys.a(lseek.o)
 .debug_frame   0x0000000000001fb0       0x20 /Applications/MounRiver Studio 2.app/Contents/Resources/app/resources/darwin/components/WCH/Toolchain/RISC-V Embedded GCC/bin/../lib/gcc/riscv-none-embed/8.2.0/../../../../riscv-none-embed/lib/rv32imacxw/ilp32/libnosys.a(read.o)

.debug_loc      0x0000000000000000     0x4f16
 .debug_loc     0x0000000000000000      0x130 ./User/main.o
 .debug_loc     0x0000000000000130      0x3e3 ./User/param_table.o
 .debug_loc     0x0000000000000513      0x466 ./User/param_utils.o
 .debug_loc     0x0000000000000979       0xe1 ./User/strip_detect.o
 .debug_loc     0x0000000000000a5a       0xac ./User/system_ch32v20x.o
 .debug_loc     0x0000000000000b06     0x11ed ./User/uart_protocol.o
 .debug_loc     0x0000000000001cf3       0x8c ./User/uart_protocol_stubs.o
 .debug_loc     0x0000000000001d7f      0xab6 ./Peripheral/src/ch32v20x_adc.o
 .debug_loc     0x0000000000002835      0x155 ./Peripheral/src/ch32v20x_dma.o
 .debug_loc     0x000000000000298a      0xc9b ./Peripheral/src/ch32v20x_flash.o
 .debug_loc     0x0000000000003625      0x8a1 ./Peripheral/src/ch32v20x_gpio.o
 .debug_loc     0x0000000000003ec6       0x2d ./Peripheral/src/ch32v20x_misc.o
 .debug_loc     0x0000000000003ef3      0x797 ./Peripheral/src/ch32v20x_rcc.o
 .debug_loc     0x000000000000468a      0x715 ./Peripheral/src/ch32v20x_usart.o
 .debug_loc     0x0000000000004d9f      0x177 ./Debug/debug.o

.stab           0x0000000000000000       0x84
 .stab          0x0000000000000000       0x24 /Applications/MounRiver Studio 2.app/Contents/Resources/app/resources/darwin/components/WCH/Toolchain/RISC-V Embedded GCC/bin/../lib/gcc/riscv-none-embed/8.2.0/../../../../riscv-none-embed/lib/rv32imacxw/ilp32/libnosys.a(close.o)
 .stab          0x0000000000000024       0x18 /Applications/MounRiver Studio 2.app/Contents/Resources/app/resources/darwin/components/WCH/Toolchain/RISC-V Embedded GCC/bin/../lib/gcc/riscv-none-embed/8.2.0/../../../../riscv-none-embed/lib/rv32imacxw/ilp32/libnosys.a(fstat.o)
                                         0x24 (size before relaxing)
 .stab          0x000000000000003c       0x18 /Applications/MounRiver Studio 2.app/Contents/Resources/app/resources/darwin/components/WCH/Toolchain/RISC-V Embedded GCC/bin/../lib/gcc/riscv-none-embed/8.2.0/../../../../riscv-none-embed/lib/rv32imacxw/ilp32/libnosys.a(isatty.o)
                                         0x24 (size before relaxing)
 .stab          0x0000000000000054       0x18 /Applications/MounRiver Studio 2.app/Contents/Resources/app/resources/darwin/components/WCH/Toolchain/RISC-V Embedded GCC/bin/../lib/gcc/riscv-none-embed/8.2.0/../../../../riscv-none-embed/lib/rv32imacxw/ilp32/libnosys.a(lseek.o)
                                         0x24 (size before relaxing)
 .stab          0x000000000000006c       0x18 /Applications/MounRiver Studio 2.app/Contents/Resources/app/resources/darwin/components/WCH/Toolchain/RISC-V Embedded GCC/bin/../lib/gcc/riscv-none-embed/8.2.0/../../../../riscv-none-embed/lib/rv32imacxw/ilp32/libnosys.a(read.o)
                                         0x24 (size before relaxing)

.stabstr        0x0000000000000000      0x117
 .stabstr       0x0000000000000000      0x117 /Applications/MounRiver Studio 2.app/Contents/Resources/app/resources/darwin/components/WCH/Toolchain/RISC-V Embedded GCC/bin/../lib/gcc/riscv-none-embed/8.2.0/../../../../riscv-none-embed/lib/rv32imacxw/ilp32/libnosys.a(close.o)
