Archive member included to satisfy reference by file (symbol)

/Applications/MounRiver Studio 2.app/Contents/Resources/app/resources/darwin/components/WCH/Toolchain/RISC-V Embedded GCC/bin/../lib/gcc/riscv-none-embed/8.2.0/rv32imacxw/ilp32/libgcc.a(gesf2.o)
                              ./User/strip_detect.o (__gtsf2)
/Applications/MounRiver Studio 2.app/Contents/Resources/app/resources/darwin/components/WCH/Toolchain/RISC-V Embedded GCC/bin/../lib/gcc/riscv-none-embed/8.2.0/rv32imacxw/ilp32/libgcc.a(mulsf3.o)
                              ./User/strip_detect.o (__mulsf3)
/Applications/MounRiver Studio 2.app/Contents/Resources/app/resources/darwin/components/WCH/Toolchain/RISC-V Embedded GCC/bin/../lib/gcc/riscv-none-embed/8.2.0/rv32imacxw/ilp32/libgcc.a(floatunsisf.o)
                              ./User/strip_detect.o (__floatunsisf)
/Applications/MounRiver Studio 2.app/Contents/Resources/app/resources/darwin/components/WCH/Toolchain/RISC-V Embedded GCC/bin/../lib/gcc/riscv-none-embed/8.2.0/rv32imacxw/ilp32/libgcc.a(extendsfdf2.o)
                              ./User/strip_detect.o (__extendsfdf2)
/Applications/MounRiver Studio 2.app/Contents/Resources/app/resources/darwin/components/WCH/Toolchain/RISC-V Embedded GCC/bin/../lib/gcc/riscv-none-embed/8.2.0/rv32imacxw/ilp32/libgcc.a(save-restore.o)
                              ./User/rtc.o (__riscv_save_9)
/Applications/MounRiver Studio 2.app/Contents/Resources/app/resources/darwin/components/WCH/Toolchain/RISC-V Embedded GCC/bin/../lib/gcc/riscv-none-embed/8.2.0/rv32imacxw/ilp32/libgcc.a(_clzsi2.o)
                              /Applications/MounRiver Studio 2.app/Contents/Resources/app/resources/darwin/components/WCH/Toolchain/RISC-V Embedded GCC/bin/../lib/gcc/riscv-none-embed/8.2.0/rv32imacxw/ilp32/libgcc.a(mulsf3.o) (__clzsi2)
/Applications/MounRiver Studio 2.app/Contents/Resources/app/resources/darwin/components/WCH/Toolchain/RISC-V Embedded GCC/bin/../lib/gcc/riscv-none-embed/8.2.0/rv32imacxw/ilp32/libgcc.a(_clz.o)
                              /Applications/MounRiver Studio 2.app/Contents/Resources/app/resources/darwin/components/WCH/Toolchain/RISC-V Embedded GCC/bin/../lib/gcc/riscv-none-embed/8.2.0/rv32imacxw/ilp32/libgcc.a(_clzsi2.o) (__clz_tab)
/Applications/MounRiver Studio 2.app/Contents/Resources/app/resources/darwin/components/WCH/Toolchain/RISC-V Embedded GCC/bin/../lib/gcc/riscv-none-embed/8.2.0/../../../../riscv-none-embed/lib/rv32imacxw/ilp32/libg_nano.a(lib_a-memcpy.o)
                              ./User/main.o (memcpy)
/Applications/MounRiver Studio 2.app/Contents/Resources/app/resources/darwin/components/WCH/Toolchain/RISC-V Embedded GCC/bin/../lib/gcc/riscv-none-embed/8.2.0/../../../../riscv-none-embed/lib/rv32imacxw/ilp32/libg_nano.a(lib_a-memset.o)
                              ./User/main.o (memset)
/Applications/MounRiver Studio 2.app/Contents/Resources/app/resources/darwin/components/WCH/Toolchain/RISC-V Embedded GCC/bin/../lib/gcc/riscv-none-embed/8.2.0/../../../../riscv-none-embed/lib/rv32imacxw/ilp32/libg_nano.a(lib_a-printf.o)
                              ./User/main.o (printf)
/Applications/MounRiver Studio 2.app/Contents/Resources/app/resources/darwin/components/WCH/Toolchain/RISC-V Embedded GCC/bin/../lib/gcc/riscv-none-embed/8.2.0/../../../../riscv-none-embed/lib/rv32imacxw/ilp32/libg_nano.a(lib_a-puts.o)
                              ./User/main.o (puts)
/Applications/MounRiver Studio 2.app/Contents/Resources/app/resources/darwin/components/WCH/Toolchain/RISC-V Embedded GCC/bin/../lib/gcc/riscv-none-embed/8.2.0/../../../../riscv-none-embed/lib/rv32imacxw/ilp32/libg_nano.a(lib_a-wbuf.o)
                              /Applications/MounRiver Studio 2.app/Contents/Resources/app/resources/darwin/components/WCH/Toolchain/RISC-V Embedded GCC/bin/../lib/gcc/riscv-none-embed/8.2.0/../../../../riscv-none-embed/lib/rv32imacxw/ilp32/libg_nano.a(lib_a-puts.o) (__swbuf_r)
/Applications/MounRiver Studio 2.app/Contents/Resources/app/resources/darwin/components/WCH/Toolchain/RISC-V Embedded GCC/bin/../lib/gcc/riscv-none-embed/8.2.0/../../../../riscv-none-embed/lib/rv32imacxw/ilp32/libg_nano.a(lib_a-wsetup.o)
                              /Applications/MounRiver Studio 2.app/Contents/Resources/app/resources/darwin/components/WCH/Toolchain/RISC-V Embedded GCC/bin/../lib/gcc/riscv-none-embed/8.2.0/../../../../riscv-none-embed/lib/rv32imacxw/ilp32/libg_nano.a(lib_a-puts.o) (__swsetup_r)
/Applications/MounRiver Studio 2.app/Contents/Resources/app/resources/darwin/components/WCH/Toolchain/RISC-V Embedded GCC/bin/../lib/gcc/riscv-none-embed/8.2.0/../../../../riscv-none-embed/lib/rv32imacxw/ilp32/libg_nano.a(lib_a-fflush.o)
                              /Applications/MounRiver Studio 2.app/Contents/Resources/app/resources/darwin/components/WCH/Toolchain/RISC-V Embedded GCC/bin/../lib/gcc/riscv-none-embed/8.2.0/../../../../riscv-none-embed/lib/rv32imacxw/ilp32/libg_nano.a(lib_a-wbuf.o) (_fflush_r)
[...]
Memory Configuration

Name             Origin             Length             Attributes
FLASH            0x0000000000000000 0x0000000000010000 xr
RAM              0x0000000020000000 0x0000000000005000 xrw
*default*        0x0000000000000000 0xffffffffffffffff

Linker script and memory map

LOAD ./User/ch32v20x_it.o
LOAD ./User/main.o
LOAD ./User/param_table.o
LOAD ./User/rtc.o
LOAD ./User/strip_detect.o
LOAD ./User/system_ch32v20x.o
LOAD ./User/uart_protocol.o
LOAD ./User/uart_protocol_stubs.o
LOAD ./Startup/startup_ch32v20x_D6.o
LOAD ./Peripheral/src/ch32v20x_adc.o
LOAD ./Peripheral/src/ch32v20x_bkp.o
LOAD ./Peripheral/src/ch32v20x_can.o
LOAD ./Peripheral/src/ch32v20x_crc.o
LOAD ./Peripheral/src/ch32v20x_dbgmcu.o
LOAD ./Peripheral/src/ch32v20x_dma.o
LOAD ./Peripheral/src/ch32v20x_exti.o
LOAD ./Peripheral/src/ch32v20x_flash.o
LOAD ./Peripheral/src/ch32v20x_gpio.o
LOAD ./Peripheral/src/ch32v20x_i2c.o
LOAD ./Peripheral/src/ch32v20x_iwdg.o
LOAD ./Peripheral/src/ch32v20x_misc.o
LOAD ./Peripheral/src/ch32v20x_opa.o
LOAD ./Peripheral/src/ch32v20x_pwr.o
LOAD ./Peripheral/src/ch32v20x_rcc.o
LOAD ./Peripheral/src/ch32v20x_rtc.o
LOAD ./Peripheral/src/ch32v20x_spi.o
LOAD ./Peripheral/src/ch32v20x_tim.o
LOAD ./Peripheral/src/ch32v20x_usart.o
LOAD ./Peripheral/src/ch32v20x_wwdg.o
LOAD ./Debug/debug.o
LOAD ./Core/core_riscv.o
LOAD /Applications/MounRiver Studio 2.app/Contents/Resources/app/resources/darwin/components/WCH/Toolchain/RISC-V Embedded GCC/bin/../lib/gcc/riscv-none-embed/8.2.0/rv32imacxw/ilp32/libgcc.a
LOAD /Applications/MounRiver Studio 2.app/Contents/Resources/app/resources/darwin/components/WCH/Toolchain/RISC-V Embedded GCC/bin/../lib/gcc/riscv-none-embed/8.2.0/../../../../riscv-none-embed/lib/rv32imacxw/ilp32/libg_nano.a
LOAD /Applications/MounRiver Studio 2.app/Contents/Resources/app/resources/darwin/components/WCH/Toolchain/RISC-V Embedded GCC/bin/../lib/gcc/riscv-none-embed/8.2.0/../../../../riscv-none-embed/lib/rv32imacxw/ilp32/libc_nano.a
LOAD /Applications/MounRiver Studio 2.app/Contents/Resources/app/resources/darwin/components/WCH/Toolchain/RISC-V Embedded GCC/bin/../lib/gcc/riscv-none-embed/8.2.0/rv32imacxw/ilp32/libgcc.a
START GROUP
LOAD /Applications/MounRiver Studio 2.app/Contents/Resources/app/resources/darwin/components/WCH/Toolchain/RISC-V Embedded GCC/bin/../lib/gcc/riscv-none-embed/8.2.0/rv32imacxw/ilp32/libgcc.a
LOAD /Applications/MounRiver Studio 2.app/Contents/Resources/app/resources/darwin/components/WCH/Toolchain/RISC-V Embedded GCC/bin/../lib/gcc/riscv-none-embed/8.2.0/../../../../riscv-none-embed/lib/rv32imacxw/ilp32/libc_nano.a
LOAD /Applications/MounRiver Studio 2.app/Contents/Resources/app/resources/darwin/components/WCH/Toolchain/RISC-V Embedded GCC/bin/../lib/gcc/riscv-none-embed/8.2.0/../../../../riscv-none-embed/lib/rv32imacxw/ilp32/libnosys.a
END GROUP
START GROUP
LOAD /Applications/MounRiver Studio 2.app/Contents/Resources/app/resources/darwin/components/WCH/Toolchain/RISC-V Embedded GCC/bin/../lib/gcc/riscv-none-embed/8.2.0/rv32imacxw/ilp32/libgcc.a
LOAD /Applications/MounRiver Studio 2.app/Contents/Resources/app/resources/darwin/components/WCH/Toolchain/RISC-V Embedded GCC/bin/../lib/gcc/riscv-none-embed/8.2.0/../../../../riscv-none-embed/lib/rv32imacxw/ilp32/libc_nano.a
LOAD /Applications/MounRiver Studio 2.app/Contents/Resources/app/resources/darwin/components/WCH/Toolchain/RISC-V Embedded GCC/bin/../lib/gcc/riscv-none-embed/8.2.0/../../../../riscv-none-embed/lib/rv32imacxw/ilp32/libnosys.a
END GROUP
                0x0000000000000800                __stack_size = 0x800
                [!provide]                        PROVIDE (_stack_size = __stack_size)

.init           0x0000000000000000        0x4
                0x0000000000000000                _sinit = .
                0x0000000000000000                . = ALIGN (0x4)
 *(SORT_NONE(.init))
 .init          0x0000000000000000        0x4 ./Startup/startup_ch32v20x_D6.o
                0x0000000000000000                _start
                0x0000000000000004                . = ALIGN (0x4)
                0x0000000000000004                _einit = .

.vector         0x0000000000000004       0xfc
 *(.vector)
 .vector        0x0000000000000004       0xfc ./Startup/startup_ch32v20x_D6.o
                0x0000000000000100                . = ALIGN (0x40)

.text           0x0000000000000100     0x46d8
                0x0000000000000100                . = ALIGN (0x4)
 *(.text)
 .text          0x0000000000000100       0x60 /Applications/MounRiver Studio 2.app/Contents/Resources/app/resources/darwin/components/WCH/Toolchain/RISC-V Embedded GCC/bin/../lib/gcc/riscv-none-embed/8.2.0/rv32imacxw/ilp32/libgcc.a(save-restore.o)
                0x0000000000000100                __riscv_save_12
                0x0000000000000108                __riscv_save_10
                0x0000000000000108                __riscv_save_8
                0x0000000000000108                __riscv_save_11
                0x0000000000000108                __riscv_save_9
                0x0000000000000116                __riscv_save_4
                0x0000000000000116                __riscv_save_7
                0x0000000000000116                __riscv_save_6
                0x0000000000000116                __riscv_save_5
                0x0000000000000130                __riscv_save_3
                0x0000000000000130                __riscv_save_2
                0x0000000000000130                __riscv_save_0
                0x0000000000000130                __riscv_save_1
                0x000000000000013c                __riscv_restore_12
                0x0000000000000140                __riscv_restore_8
                0x0000000000000140                __riscv_restore_10
                0x0000000000000140                __riscv_restore_9
                0x0000000000000140                __riscv_restore_11
                0x000000000000014a                __riscv_restore_5
                0x000000000000014a                __riscv_restore_7
                0x000000000000014a                __riscv_restore_4
                0x000000000000014a                __riscv_restore_6
                0x0000000000000154                __riscv_restore_3
                0x0000000000000154                __riscv_restore_1
                0x0000000000000154                __riscv_restore_0
                0x0000000000000154                __riscv_restore_2
 .text          0x0000000000000160       0xa8 /Applications/MounRiver Studio 2.app/Contents/Resources/app/resources/darwin/components/WCH/Toolchain/RISC-V Embedded GCC/bin/../lib/gcc/riscv-none-embed/8.2.0/../../../../riscv-none-embed/lib/rv32imacxw/ilp32/libg_nano.a(lib_a-memset.o)
                0x0000000000000160                memset
 *(.text.*)
 .text.NMI_Handler
                0x0000000000000208        0x2 ./User/ch32v20x_it.o
                0x0000000000000208                NMI_Handler
 .text.HardFault_Handler
                0x000000000000020a       0x10 ./User/ch32v20x_it.o
                0x000000000000020a                HardFault_Handler
 .text.USARTx_CFG
                0x000000000000021a       0xa4 ./User/main.o
                0x000000000000021a                USARTx_CFG
 .text.DMA_INIT
                0x00000000000002be       0x96 ./User/main.o
                0x00000000000002be                DMA_INIT
 .text.ring_buffer_push_huge
                0x0000000000000354       0x9a ./User/main.o
                0x0000000000000354                ring_buffer_push_huge
 .text.OPA2_Init
                0x00000000000003ee       0x62 ./User/main.o
                0x00000000000003ee                OPA2_Init
 .text.TIM1_PWM_Init
                0x0000000000000450       0xde ./User/main.o
                0x0000000000000450                TIM1_PWM_Init
 .text.State_Process
                0x000000000000052e       0x12 ./User/main.o
                0x000000000000052e                State_Process
 .text.startup.main
                0x0000000000000540      0x10a ./User/main.o
                0x0000000000000540                main
 .text.USART2_IRQHandler
                0x000000000000064a       0xce ./User/main.o
                0x000000000000064a                USART2_IRQHandler
 .text.DMA1_Channel6_IRQHandler
                0x0000000000000718       0x8e ./User/main.o
                0x0000000000000718                DMA1_Channel6_IRQHandler
 .text.PARAM_GetByte
                0x00000000000007a6       0x16 ./User/param_table.o
                0x00000000000007a6                PARAM_GetByte
 .text.PARAM_SetByte
                0x00000000000007bc       0x12 ./User/param_table.o
                0x00000000000007bc                PARAM_SetByte
 .text.PARAM_GetWord
                0x00000000000007ce       0x1c ./User/param_table.o
                0x00000000000007ce                PARAM_GetWord
 .text.PARAM_SetWord
                0x00000000000007ea       0x16 ./User/param_table.o
                0x00000000000007ea                PARAM_SetWord
 .text.PARAM_VerifyChecksum
                0x0000000000000800       0x34 ./User/param_table.o
                0x0000000000000800                PARAM_VerifyChecksum
 .text.PARAM_UpdateChecksum
                0x0000000000000834       0x3e ./User/param_table.o
                0x0000000000000834                PARAM_UpdateChecksum
 .text.PARAM_SaveToFlash
                0x0000000000000872       0x3a ./User/param_table.o
                0x0000000000000872                PARAM_SaveToFlash
 .text.PARAM_LoadFromFlash
                0x00000000000008ac       0x26 ./User/param_table.o
                0x00000000000008ac                PARAM_LoadFromFlash
 .text.PARAM_SetDefault
                0x00000000000008d2       0xf4 ./User/param_table.o
                0x00000000000008d2                PARAM_SetDefault
 .text.PARAM_Init
                0x00000000000009c6       0x2e ./User/param_table.o
                0x00000000000009c6                PARAM_Init
 .text.StripType_GetName
                0x00000000000009f4       0x20 ./User/param_table.o
                0x00000000000009f4                StripType_GetName
 .text.Unit_GetSymbol
                0x0000000000000a14       0x20 ./User/param_table.o
                0x0000000000000a14                Unit_GetSymbol
 .text.PARAM_GetDateTime
                0x0000000000000a34       0x42 ./User/param_table.o
                0x0000000000000a34                PARAM_GetDateTime
 .text.PARAM_SetDateTime
                0x0000000000000a76       0x6a ./User/param_table.o
                0x0000000000000a76                PARAM_SetDateTime
 .text.RTC_SetTime
                0x0000000000000ae0       0xca ./User/rtc.o
                0x0000000000000ae0                RTC_SetTime
 .text.RTC_GetTime
                0x0000000000000baa       0xa6 ./User/rtc.o
                0x0000000000000baa                RTC_GetTime
 .text.RTC_SyncWithParam
                0x0000000000000c50       0x4a ./User/rtc.o
                0x0000000000000c50                RTC_SyncWithParam
 .text.RTC_Init
                0x0000000000000c9a       0x5e ./User/rtc.o
                0x0000000000000c9a                RTC_Init
 .text.RTC_UpdateParam
                0x0000000000000cf8       0x60 ./User/rtc.o
                0x0000000000000cf8                RTC_UpdateParam
 .text.RTC_Config
                0x0000000000000d58       0x76 ./User/rtc.o
                0x0000000000000d58                RTC_Config
 .text.STRIP_DETECT_DetermineStripType
                0x0000000000000dce       0x62 ./User/strip_detect.o
 .text.STRIP_DETECT_UpdateWPWMDuty
                0x0000000000000e30       0x60 ./User/strip_detect.o
 .text.STRIP_DETECT_ReadADC.constprop.0
                0x0000000000000e90       0x3a ./User/strip_detect.o
 .text.STRIP_DETECT_Init
                0x0000000000000eca       0xdc ./User/strip_detect.o
                0x0000000000000eca                STRIP_DETECT_Init
 .text.STRIP_DETECT_Process
                0x0000000000000fa6      0x104 ./User/strip_detect.o
                0x0000000000000fa6                STRIP_DETECT_Process
 .text.STRIP_DETECT_HandleInsertedEvent
                0x00000000000010aa       0x8c ./User/strip_detect.o
                0x00000000000010aa                STRIP_DETECT_HandleInsertedEvent
 .text.STRIP_DETECT_SetPinStatus
                0x0000000000001136        0xe ./User/strip_detect.o
                0x0000000000001136                STRIP_DETECT_SetPinStatus
 .text.SystemInit
                0x0000000000001144       0x8e ./User/system_ch32v20x.o
                0x0000000000001144                SystemInit
 .text.UART_Protocol_Init
                0x00000000000011d2       0x44 ./User/uart_protocol.o
                0x00000000000011d2                UART_Protocol_Init
 .text.UART_CalculateChecksum
                0x0000000000001216       0x22 ./User/uart_protocol.o
                0x0000000000001216                UART_CalculateChecksum
 .text.UART_SendPacket.part.1
                0x0000000000001238       0x8a ./User/uart_protocol.o
 .text.UART_VerifyChecksum
                0x00000000000012c2       0x2c ./User/uart_protocol.o
                0x00000000000012c2                UART_VerifyChecksum
 .text.UART_SendPacket
                0x00000000000012ee       0x16 ./User/uart_protocol.o
                0x00000000000012ee                UART_SendPacket
 .text.UART_SendSyncTimeAck
                0x0000000000001304       0x18 ./User/uart_protocol.o
                0x0000000000001304                UART_SendSyncTimeAck
 .text.UART_SendStatusAck
                0x000000000000131c       0x46 ./User/uart_protocol.o
                0x000000000000131c                UART_SendStatusAck
 .text.UART_SendParamAck
                0x0000000000001362       0x18 ./User/uart_protocol.o
                0x0000000000001362                UART_SendParamAck
 .text.UART_SendBloodNotify
                0x000000000000137a       0x18 ./User/uart_protocol.o
                0x000000000000137a                UART_SendBloodNotify
 .text.UART_SendResultAck
                0x0000000000001392       0xb2 ./User/uart_protocol.o
                0x0000000000001392                UART_SendResultAck
 .text.UART_SendRawDataAck
                0x0000000000001444      0x144 ./User/uart_protocol.o
                0x0000000000001444                UART_SendRawDataAck
 .text.UART_SendErrorAck
                0x0000000000001588       0x1c ./User/uart_protocol.o
                0x0000000000001588                UART_SendErrorAck
 .text.UART_ProcessSyncTime
                0x00000000000015a4       0xfe ./User/uart_protocol.o
                0x00000000000015a4                UART_ProcessSyncTime
 .text.UART_ProcessGetStatus
                0x00000000000016a2       0x34 ./User/uart_protocol.o
                0x00000000000016a2                UART_ProcessGetStatus
 .text.UART_ProcessSetParam
                0x00000000000016d6       0x4c ./User/uart_protocol.o
                0x00000000000016d6                UART_ProcessSetParam
 .text.UART_ProcessCheckBlood
                0x0000000000001722       0x50 ./User/uart_protocol.o
                0x0000000000001722                UART_ProcessCheckBlood
 .text.UART_ProcessGetResult
                0x0000000000001772       0x6e ./User/uart_protocol.o
                0x0000000000001772                UART_ProcessGetResult
 .text.UART_ProcessGetRawData
                0x00000000000017e0       0x44 ./User/uart_protocol.o
                0x00000000000017e0                UART_ProcessGetRawData
 .text.UART2_Receive_Byte_ISR
                0x0000000000001824       0xee ./User/uart_protocol.o
                0x0000000000001824                UART2_Receive_Byte_ISR
 .text.UART_ProcessStripInsertedCmd
                0x0000000000001912       0x82 ./User/uart_protocol.o
                0x0000000000001912                UART_ProcessStripInsertedCmd
 .text.UART_ProcessPacket
                0x0000000000001994       0x96 ./User/uart_protocol.o
                0x0000000000001994                UART_ProcessPacket
 .text.UART_Protocol_Process
                0x0000000000001a2a       0x44 ./User/uart_protocol.o
                0x0000000000001a2a                UART_Protocol_Process
 .text.UART_SendStripTypeAck
                0x0000000000001a6e       0x3c ./User/uart_protocol.o
                0x0000000000001a6e                UART_SendStripTypeAck
 .text.Get_Battery_Voltage
                0x0000000000001aaa        0xe ./User/uart_protocol_stubs.o
                0x0000000000001aaa                Get_Battery_Voltage
 .text.Get_Temperature
                0x0000000000001ab8        0x6 ./User/uart_protocol_stubs.o
                0x0000000000001ab8                Get_Temperature
 .text.Check_Strip_Status
                0x0000000000001abe        0x4 ./User/uart_protocol_stubs.o
                0x0000000000001abe                Check_Strip_Status
 .text.Check_Blood_Status
                0x0000000000001ac2       0x20 ./User/uart_protocol_stubs.o
                0x0000000000001ac2                Check_Blood_Status
 .text.Perform_Test
                0x0000000000001ae2        0x4 ./User/uart_protocol_stubs.o
                0x0000000000001ae2                Perform_Test
 .text.Get_Test_Data
                0x0000000000001ae6       0x78 ./User/uart_protocol_stubs.o
                0x0000000000001ae6                Get_Test_Data
 .text.Get_Raw_Test_Data
                0x0000000000001b5e       0x8e ./User/uart_protocol_stubs.o
                0x0000000000001b5e                Get_Raw_Test_Data
 .text.vector_handler
                0x0000000000001bec        0x2 ./Startup/startup_ch32v20x_D6.o
                0x0000000000001bec                USBWakeUp_IRQHandler
                0x0000000000001bec                TIM1_CC_IRQHandler
                0x0000000000001bec                SysTick_Handler
                0x0000000000001bec                PVD_IRQHandler
                0x0000000000001bec                EXTI3_IRQHandler
                0x0000000000001bec                USBFS_IRQHandler
                0x0000000000001bec                EXTI0_IRQHandler
                0x0000000000001bec                I2C2_EV_IRQHandler
                0x0000000000001bec                ADC1_2_IRQHandler
                0x0000000000001bec                Break_Point_Handler
                0x0000000000001bec                SPI1_IRQHandler
                0x0000000000001bec                TAMPER_IRQHandler
                0x0000000000001bec                Ecall_M_Mode_Handler
                0x0000000000001bec                DMA1_Channel4_IRQHandler
                0x0000000000001bec                USART3_IRQHandler
                0x0000000000001bec                RTC_IRQHandler
                0x0000000000001bec                DMA1_Channel7_IRQHandler
                0x0000000000001bec                CAN1_RX1_IRQHandler
                0x0000000000001bec                TIM4_IRQHandler
                0x0000000000001bec                I2C1_EV_IRQHandler
                0x0000000000001bec                UART4_IRQHandler
                0x0000000000001bec                TIM3_IRQHandler
                0x0000000000001bec                RCC_IRQHandler
                0x0000000000001bec                TIM1_TRG_COM_IRQHandler
                0x0000000000001bec                DMA1_Channel1_IRQHandler
                0x0000000000001bec                EXTI15_10_IRQHandler
                0x0000000000001bec                DMA1_Channel8_IRQHandler
                0x0000000000001bec                EXTI9_5_IRQHandler
                0x0000000000001bec                SPI2_IRQHandler
                0x0000000000001bec                DMA1_Channel5_IRQHandler
                0x0000000000001bec                EXTI4_IRQHandler
                0x0000000000001bec                USB_LP_CAN1_RX0_IRQHandler
                0x0000000000001bec                USB_HP_CAN1_TX_IRQHandler
                0x0000000000001bec                DMA1_Channel3_IRQHandler
                0x0000000000001bec                TIM1_UP_IRQHandler
                0x0000000000001bec                WWDG_IRQHandler
                0x0000000000001bec                Ecall_U_Mode_Handler
                0x0000000000001bec                TIM2_IRQHandler
                0x0000000000001bec                SW_Handler
                0x0000000000001bec                TIM1_BRK_IRQHandler
                0x0000000000001bec                EXTI1_IRQHandler
                0x0000000000001bec                RTCAlarm_IRQHandler
                0x0000000000001bec                I2C2_ER_IRQHandler
                0x0000000000001bec                DMA1_Channel2_IRQHandler
                0x0000000000001bec                CAN1_SCE_IRQHandler
                0x0000000000001bec                FLASH_IRQHandler
                0x0000000000001bec                USBFSWakeUp_IRQHandler
                0x0000000000001bec                USART1_IRQHandler
                0x0000000000001bec                I2C1_ER_IRQHandler
                0x0000000000001bec                EXTI2_IRQHandler
 .text.handle_reset
                0x0000000000001bee       0x86 ./Startup/startup_ch32v20x_D6.o
                0x0000000000001bee                handle_reset
 .text.ADC_DeInit
                0x0000000000001c74       0x40 ./Peripheral/src/ch32v20x_adc.o
                0x0000000000001c74                ADC_DeInit
 .text.ADC_Init
                0x0000000000001cb4       0x56 ./Peripheral/src/ch32v20x_adc.o
                0x0000000000001cb4                ADC_Init
 .text.ADC_Cmd  0x0000000000001d0a       0x10 ./Peripheral/src/ch32v20x_adc.o
                0x0000000000001d0a                ADC_Cmd
 .text.ADC_ResetCalibration
                0x0000000000001d1a        0xa ./Peripheral/src/ch32v20x_adc.o
                0x0000000000001d1a                ADC_ResetCalibration
 .text.ADC_GetResetCalibrationStatus
                0x0000000000001d24        0x8 ./Peripheral/src/ch32v20x_adc.o
                0x0000000000001d24                ADC_GetResetCalibrationStatus
 .text.ADC_StartCalibration
                0x0000000000001d2c        0xa ./Peripheral/src/ch32v20x_adc.o
                0x0000000000001d2c                ADC_StartCalibration
 .text.ADC_GetCalibrationStatus
                0x0000000000001d36        0x8 ./Peripheral/src/ch32v20x_adc.o
                0x0000000000001d36                ADC_GetCalibrationStatus
 .text.ADC_SoftwareStartConvCmd
                0x0000000000001d3e       0x18 ./Peripheral/src/ch32v20x_adc.o
                0x0000000000001d3e                ADC_SoftwareStartConvCmd
 .text.ADC_RegularChannelConfig
                0x0000000000001d56       0xb8 ./Peripheral/src/ch32v20x_adc.o
                0x0000000000001d56                ADC_RegularChannelConfig
 .text.ADC_GetConversionValue
                0x0000000000001e0e        0x8 ./Peripheral/src/ch32v20x_adc.o
                0x0000000000001e0e                ADC_GetConversionValue
 .text.ADC_GetFlagStatus
                0x0000000000001e16        0xa ./Peripheral/src/ch32v20x_adc.o
                0x0000000000001e16                ADC_GetFlagStatus
 .text.BKP_DeInit
                0x0000000000001e20       0x10 ./Peripheral/src/ch32v20x_bkp.o
                0x0000000000001e20                BKP_DeInit
 .text.BKP_WriteBackupRegister
                0x0000000000001e30       0x1c ./Peripheral/src/ch32v20x_bkp.o
                0x0000000000001e30                BKP_WriteBackupRegister
 .text.BKP_ReadBackupRegister
                0x0000000000001e4c       0x1c ./Peripheral/src/ch32v20x_bkp.o
                0x0000000000001e4c                BKP_ReadBackupRegister
 .text.DMA_DeInit
                0x0000000000001e68       0x9c ./Peripheral/src/ch32v20x_dma.o
                0x0000000000001e68                DMA_DeInit
 .text.DMA_Init
                0x0000000000001f04       0x38 ./Peripheral/src/ch32v20x_dma.o
                0x0000000000001f04                DMA_Init
 .text.DMA_Cmd  0x0000000000001f3c       0x14 ./Peripheral/src/ch32v20x_dma.o
                0x0000000000001f3c                DMA_Cmd
 .text.DMA_ITConfig
                0x0000000000001f50       0x12 ./Peripheral/src/ch32v20x_dma.o
                0x0000000000001f50                DMA_ITConfig
 .text.DMA_SetCurrDataCounter
                0x0000000000001f62        0x4 ./Peripheral/src/ch32v20x_dma.o
                0x0000000000001f62                DMA_SetCurrDataCounter
 .text.DMA_ClearITPendingBit
                0x0000000000001f66        0x8 ./Peripheral/src/ch32v20x_dma.o
                0x0000000000001f66                DMA_ClearITPendingBit
 .text.FLASH_Unlock
                0x0000000000001f6e       0x1a ./Peripheral/src/ch32v20x_flash.o
                0x0000000000001f6e                FLASH_Unlock
 .text.FLASH_Lock
                0x0000000000001f88        0xe ./Peripheral/src/ch32v20x_flash.o
                0x0000000000001f88                FLASH_Lock
 .text.FLASH_GetBank1Status
                0x0000000000001f96       0x18 ./Peripheral/src/ch32v20x_flash.o
                0x0000000000001f96                FLASH_GetBank1Status
 .text.FLASH_WaitForLastOperation
                0x0000000000001fae       0x20 ./Peripheral/src/ch32v20x_flash.o
                0x0000000000001fae                FLASH_WaitForLastOperation
 .text.FLASH_ErasePage
                0x0000000000001fce       0x38 ./Peripheral/src/ch32v20x_flash.o
                0x0000000000001fce                FLASH_ErasePage
 .text.FLASH_ProgramHalfWord
                0x0000000000002006       0x34 ./Peripheral/src/ch32v20x_flash.o
                0x0000000000002006                FLASH_ProgramHalfWord
 .text.GPIO_Init
                0x000000000000203a       0xf2 ./Peripheral/src/ch32v20x_gpio.o
                0x000000000000203a                GPIO_Init
 .text.GPIO_SetBits
                0x000000000000212c       0x14 ./Peripheral/src/ch32v20x_gpio.o
                0x000000000000212c                GPIO_SetBits
 .text.GPIO_ResetBits
                0x0000000000002140       0x14 ./Peripheral/src/ch32v20x_gpio.o
                0x0000000000002140                GPIO_ResetBits
 .text.NVIC_PriorityGroupConfig
                0x0000000000002154        0x6 ./Peripheral/src/ch32v20x_misc.o
                0x0000000000002154                NVIC_PriorityGroupConfig
 .text.NVIC_Init
                0x000000000000215a       0x54 ./Peripheral/src/ch32v20x_misc.o
                0x000000000000215a                NVIC_Init
 .text.OPA_Init
                0x00000000000021ae       0x36 ./Peripheral/src/ch32v20x_opa.o
                0x00000000000021ae                OPA_Init
 .text.OPA_Cmd  0x00000000000021e4       0x2c ./Peripheral/src/ch32v20x_opa.o
                0x00000000000021e4                OPA_Cmd
 .text.PWR_BackupAccessCmd
                0x0000000000002210       0x16 ./Peripheral/src/ch32v20x_pwr.o
                0x0000000000002210                PWR_BackupAccessCmd
 .text.RCC_ADCCLKConfig
                0x0000000000002226       0x12 ./Peripheral/src/ch32v20x_rcc.o
                0x0000000000002226                RCC_ADCCLKConfig
 .text.RCC_LSICmd
                0x0000000000002238       0x14 ./Peripheral/src/ch32v20x_rcc.o
                0x0000000000002238                RCC_LSICmd
 .text.RCC_RTCCLKConfig
                0x000000000000224c        0xc ./Peripheral/src/ch32v20x_rcc.o
                0x000000000000224c                RCC_RTCCLKConfig
 .text.RCC_RTCCLKCmd
                0x0000000000002258       0x20 ./Peripheral/src/ch32v20x_rcc.o
                0x0000000000002258                RCC_RTCCLKCmd
 .text.RCC_GetClocksFreq
                0x0000000000002278       0xbe ./Peripheral/src/ch32v20x_rcc.o
                0x0000000000002278                RCC_GetClocksFreq
 .text.RCC_AHBPeriphClockCmd
                0x0000000000002336       0x1e ./Peripheral/src/ch32v20x_rcc.o
                0x0000000000002336                RCC_AHBPeriphClockCmd
 .text.RCC_APB2PeriphClockCmd
                0x0000000000002354       0x1e ./Peripheral/src/ch32v20x_rcc.o
                0x0000000000002354                RCC_APB2PeriphClockCmd
 .text.RCC_APB1PeriphClockCmd
                0x0000000000002372       0x1e ./Peripheral/src/ch32v20x_rcc.o
                0x0000000000002372                RCC_APB1PeriphClockCmd
 .text.RCC_APB2PeriphResetCmd
                0x0000000000002390       0x1e ./Peripheral/src/ch32v20x_rcc.o
                0x0000000000002390                RCC_APB2PeriphResetCmd
 .text.RCC_BackupResetCmd
                0x00000000000023ae       0x20 ./Peripheral/src/ch32v20x_rcc.o
                0x00000000000023ae                RCC_BackupResetCmd
 .text.RCC_GetFlagStatus
                0x00000000000023ce       0x2e ./Peripheral/src/ch32v20x_rcc.o
                0x00000000000023ce                RCC_GetFlagStatus
 .text.RTC_ITConfig
                0x00000000000023fc       0x1a ./Peripheral/src/ch32v20x_rtc.o
                0x00000000000023fc                RTC_ITConfig
 .text.RTC_EnterConfigMode
                0x0000000000002416       0x12 ./Peripheral/src/ch32v20x_rtc.o
                0x0000000000002416                RTC_EnterConfigMode
 .text.RTC_ExitConfigMode
                0x0000000000002428       0x18 ./Peripheral/src/ch32v20x_rtc.o
                0x0000000000002428                RTC_ExitConfigMode
 .text.RTC_GetCounter
                0x0000000000002440       0x5a ./Peripheral/src/ch32v20x_rtc.o
                0x0000000000002440                RTC_GetCounter
 .text.RTC_SetCounter
                0x000000000000249a       0x2c ./Peripheral/src/ch32v20x_rtc.o
                0x000000000000249a                RTC_SetCounter
 .text.RTC_SetPrescaler
                0x00000000000024c6       0x2e ./Peripheral/src/ch32v20x_rtc.o
                0x00000000000024c6                RTC_SetPrescaler
 .text.RTC_WaitForLastTask
                0x00000000000024f4       0x10 ./Peripheral/src/ch32v20x_rtc.o
                0x00000000000024f4                RTC_WaitForLastTask
 .text.RTC_WaitForSynchro
                0x0000000000002504       0x24 ./Peripheral/src/ch32v20x_rtc.o
                0x0000000000002504                RTC_WaitForSynchro
 .text.TIM_TimeBaseInit
                0x0000000000002528       0x6a ./Peripheral/src/ch32v20x_tim.o
                0x0000000000002528                TIM_TimeBaseInit
 .text.TIM_OC3Init
                0x0000000000002592       0x94 ./Peripheral/src/ch32v20x_tim.o
                0x0000000000002592                TIM_OC3Init
 .text.TIM_BDTRConfig
                0x0000000000002626       0x20 ./Peripheral/src/ch32v20x_tim.o
                0x0000000000002626                TIM_BDTRConfig
 .text.TIM_Cmd  0x0000000000002646       0x18 ./Peripheral/src/ch32v20x_tim.o
                0x0000000000002646                TIM_Cmd
 .text.TIM_CtrlPWMOutputs
                0x000000000000265e       0x16 ./Peripheral/src/ch32v20x_tim.o
                0x000000000000265e                TIM_CtrlPWMOutputs
 .text.TIM_ARRPreloadConfig
                0x0000000000002674       0x1a ./Peripheral/src/ch32v20x_tim.o
                0x0000000000002674                TIM_ARRPreloadConfig
 .text.TIM_OC3PreloadConfig
                0x000000000000268e        0xe ./Peripheral/src/ch32v20x_tim.o
                0x000000000000268e                TIM_OC3PreloadConfig
 .text.TIM_SetCompare3
                0x000000000000269c        0x4 ./Peripheral/src/ch32v20x_tim.o
                0x000000000000269c                TIM_SetCompare3
 .text.USART_Init
                0x00000000000026a0       0x90 ./Peripheral/src/ch32v20x_usart.o
                0x00000000000026a0                USART_Init
 .text.USART_Cmd
                0x0000000000002730       0x16 ./Peripheral/src/ch32v20x_usart.o
                0x0000000000002730                USART_Cmd
 .text.USART_ITConfig
                0x0000000000002746       0x36 ./Peripheral/src/ch32v20x_usart.o
                0x0000000000002746                USART_ITConfig
 .text.USART_DMACmd
                0x000000000000277c       0x12 ./Peripheral/src/ch32v20x_usart.o
                0x000000000000277c                USART_DMACmd
 .text.USART_SendData
                0x000000000000278e        0x8 ./Peripheral/src/ch32v20x_usart.o
                0x000000000000278e                USART_SendData
 .text.USART_ReceiveData
                0x0000000000002796        0x8 ./Peripheral/src/ch32v20x_usart.o
                0x0000000000002796                USART_ReceiveData
 .text.USART_GetFlagStatus
                0x000000000000279e        0xa ./Peripheral/src/ch32v20x_usart.o
                0x000000000000279e                USART_GetFlagStatus
 .text.USART_GetITStatus
                0x00000000000027a8       0x3c ./Peripheral/src/ch32v20x_usart.o
                0x00000000000027a8                USART_GetITStatus
 .text.Delay_Init
                0x00000000000027e4       0x2a ./Debug/debug.o
                0x00000000000027e4                Delay_Init
 .text.Delay_Ms
                0x000000000000280e       0x36 ./Debug/debug.o
                0x000000000000280e                Delay_Ms
 .text.USART_Printf_Init
                0x0000000000002844       0x5a ./Debug/debug.o
                0x0000000000002844                USART_Printf_Init
 .text._write   0x000000000000289e       0x3e ./Debug/debug.o
                0x000000000000289e                _write
 .text._sbrk    0x00000000000028dc       0x26 ./Debug/debug.o
                0x00000000000028dc                _sbrk
 .text.__gesf2  0x0000000000002902       0x86 /Applications/MounRiver Studio 2.app/Contents/Resources/app/resources/darwin/components/WCH/Toolchain/RISC-V Embedded GCC/bin/../lib/gcc/riscv-none-embed/8.2.0/rv32imacxw/ilp32/libgcc.a(gesf2.o)
                0x0000000000002902                __gtsf2
                0x0000000000002902                __gesf2
 .text.__mulsf3
                0x0000000000002988      0x290 /Applications/MounRiver Studio 2.app/Contents/Resources/app/resources/darwin/components/WCH/Toolchain/RISC-V Embedded GCC/bin/../lib/gcc/riscv-none-embed/8.2.0/rv32imacxw/ilp32/libgcc.a(mulsf3.o)
                0x0000000000002988                __mulsf3
 .text.__floatunsisf
                0x0000000000002c18       0xce /Applications/MounRiver Studio 2.app/Contents/Resources/app/resources/darwin/components/WCH/Toolchain/RISC-V Embedded GCC/bin/../lib/gcc/riscv-none-embed/8.2.0/rv32imacxw/ilp32/libgcc.a(floatunsisf.o)
                0x0000000000002c18                __floatunsisf
 .text.__extendsfdf2
                0x0000000000002ce6       0xac /Applications/MounRiver Studio 2.app/Contents/Resources/app/resources/darwin/components/WCH/Toolchain/RISC-V Embedded GCC/bin/../lib/gcc/riscv-none-embed/8.2.0/rv32imacxw/ilp32/libgcc.a(extendsfdf2.o)
                0x0000000000002ce6                __extendsfdf2
 .text.__clzsi2
                0x0000000000002d92       0x6e /Applications/MounRiver Studio 2.app/Contents/Resources/app/resources/darwin/components/WCH/Toolchain/RISC-V Embedded GCC/bin/../lib/gcc/riscv-none-embed/8.2.0/rv32imacxw/ilp32/libgcc.a(_clzsi2.o)
                0x0000000000002d92                __clzsi2
 .text.memcpy   0x0000000000002e00       0xb2 /Applications/MounRiver Studio 2.app/Contents/Resources/app/resources/darwin/components/WCH/Toolchain/RISC-V Embedded GCC/bin/../lib/gcc/riscv-none-embed/8.2.0/../../../../riscv-none-embed/lib/rv32imacxw/ilp32/libg_nano.a(lib_a-memcpy.o)
                0x0000000000002e00                memcpy
 .text.printf   0x0000000000002eb2       0x40 /Applications/MounRiver Studio 2.app/Contents/Resources/app/resources/darwin/components/WCH/Toolchain/RISC-V Embedded GCC/bin/../lib/gcc/riscv-none-embed/8.2.0/../../../../riscv-none-embed/lib/rv32imacxw/ilp32/libg_nano.a(lib_a-printf.o)
                0x0000000000002eb2                printf
                0x0000000000002eb2                iprintf
 .text._puts_r  0x0000000000002ef2       0xd4 /Applications/MounRiver Studio 2.app/Contents/Resources/app/resources/darwin/components/WCH/Toolchain/RISC-V Embedded GCC/bin/../lib/gcc/riscv-none-embed/8.2.0/../../../../riscv-none-embed/lib/rv32imacxw/ilp32/libg_nano.a(lib_a-puts.o)
                0x0000000000002ef2                _puts_r
 .text.puts     0x0000000000002fc6        0xc /Applications/MounRiver Studio 2.app/Contents/Resources/app/resources/darwin/components/WCH/Toolchain/RISC-V Embedded GCC/bin/../lib/gcc/riscv-none-embed/8.2.0/../../../../riscv-none-embed/lib/rv32imacxw/ilp32/libg_nano.a(lib_a-puts.o)
                0x0000000000002fc6                puts
 .text.__swbuf_r
                0x0000000000002fd2       0xbc /Applications/MounRiver Studio 2.app/Contents/Resources/app/resources/darwin/components/WCH/Toolchain/RISC-V Embedded GCC/bin/../lib/gcc/riscv-none-embed/8.2.0/../../../../riscv-none-embed/lib/rv32imacxw/ilp32/libg_nano.a(lib_a-wbuf.o)
                0x0000000000002fd2                __swbuf_r
 .text.__swsetup_r
                0x000000000000308e       0xfc /Applications/MounRiver Studio 2.app/Contents/Resources/app/resources/darwin/components/WCH/Toolchain/RISC-V Embedded GCC/bin/../lib/gcc/riscv-none-embed/8.2.0/../../../../riscv-none-embed/lib/rv32imacxw/ilp32/libg_nano.a(lib_a-wsetup.o)
                0x000000000000308e                __swsetup_r
 .text.__sflush_r
                0x000000000000318a      0x130 /Applications/MounRiver Studio 2.app/Contents/Resources/app/resources/darwin/components/WCH/Toolchain/RISC-V Embedded GCC/bin/../lib/gcc/riscv-none-embed/8.2.0/../../../../riscv-none-embed/lib/rv32imacxw/ilp32/libg_nano.a(lib_a-fflush.o)
                0x000000000000318a                __sflush_r
 .text._fflush_r
                0x00000000000032ba       0x66 /Applications/MounRiver Studio 2.app/Contents/Resources/app/resources/darwin/components/WCH/Toolchain/RISC-V Embedded GCC/bin/../lib/gcc/riscv-none-embed/8.2.0/../../../../riscv-none-embed/lib/rv32imacxw/ilp32/libg_nano.a(lib_a-fflush.o)
                0x00000000000032ba                _fflush_r
 .text.std      0x0000000000003320       0x66 /Applications/MounRiver Studio 2.app/Contents/Resources/app/resources/darwin/components/WCH/Toolchain/RISC-V Embedded GCC/bin/../lib/gcc/riscv-none-embed/8.2.0/../../../../riscv-none-embed/lib/rv32imacxw/ilp32/libg_nano.a(lib_a-findfp.o)
 .text._cleanup_r
                0x0000000000003386        0xa /Applications/MounRiver Studio 2.app/Contents/Resources/app/resources/darwin/components/WCH/Toolchain/RISC-V Embedded GCC/bin/../lib/gcc/riscv-none-embed/8.2.0/../../../../riscv-none-embed/lib/rv32imacxw/ilp32/libg_nano.a(lib_a-findfp.o)
                0x0000000000003386                _cleanup_r
 .text.__sfmoreglue
                0x0000000000003390       0x46 /Applications/MounRiver Studio 2.app/Contents/Resources/app/resources/darwin/components/WCH/Toolchain/RISC-V Embedded GCC/bin/../lib/gcc/riscv-none-embed/8.2.0/../../../../riscv-none-embed/lib/rv32imacxw/ilp32/libg_nano.a(lib_a-findfp.o)
                0x0000000000003390                __sfmoreglue
 .text.__sinit  0x00000000000033d6       0x6c /Applications/MounRiver Studio 2.app/Contents/Resources/app/resources/darwin/components/WCH/Toolchain/RISC-V Embedded GCC/bin/../lib/gcc/riscv-none-embed/8.2.0/../../../../riscv-none-embed/lib/rv32imacxw/ilp32/libg_nano.a(lib_a-findfp.o)
                0x00000000000033d6                __sinit
 .text.__sfp    0x0000000000003442       0xa0 /Applications/MounRiver Studio 2.app/Contents/Resources/app/resources/darwin/components/WCH/Toolchain/RISC-V Embedded GCC/bin/../lib/gcc/riscv-none-embed/8.2.0/../../../../riscv-none-embed/lib/rv32imacxw/ilp32/libg_nano.a(lib_a-findfp.o)
                0x0000000000003442                __sfp
 .text._fwalk_reent
                0x00000000000034e2       0x6a /Applications/MounRiver Studio 2.app/Contents/Resources/app/resources/darwin/components/WCH/Toolchain/RISC-V Embedded GCC/bin/../lib/gcc/riscv-none-embed/8.2.0/../../../../riscv-none-embed/lib/rv32imacxw/ilp32/libg_nano.a(lib_a-fwalk.o)
                0x00000000000034e2                _fwalk_reent
 .text.__swhatbuf_r
                0x000000000000354c       0x58 /Applications/MounRiver Studio 2.app/Contents/Resources/app/resources/darwin/components/WCH/Toolchain/RISC-V Embedded GCC/bin/../lib/gcc/riscv-none-embed/8.2.0/../../../../riscv-none-embed/lib/rv32imacxw/ilp32/libg_nano.a(lib_a-makebuf.o)
                0x000000000000354c                __swhatbuf_r
 .text.__smakebuf_r
                0x00000000000035a4       0x92 /Applications/MounRiver Studio 2.app/Contents/Resources/app/resources/darwin/components/WCH/Toolchain/RISC-V Embedded GCC/bin/../lib/gcc/riscv-none-embed/8.2.0/../../../../riscv-none-embed/lib/rv32imacxw/ilp32/libg_nano.a(lib_a-makebuf.o)
                0x00000000000035a4                __smakebuf_r
 .text._free_r  0x0000000000003636       0xa8 /Applications/MounRiver Studio 2.app/Contents/Resources/app/resources/darwin/components/WCH/Toolchain/RISC-V Embedded GCC/bin/../lib/gcc/riscv-none-embed/8.2.0/../../../../riscv-none-embed/lib/rv32imacxw/ilp32/libg_nano.a(lib_a-nano-freer.o)
                0x0000000000003636                _free_r
 .text._malloc_r
                0x00000000000036de       0xd4 /Applications/MounRiver Studio 2.app/Contents/Resources/app/resources/darwin/components/WCH/Toolchain/RISC-V Embedded GCC/bin/../lib/gcc/riscv-none-embed/8.2.0/../../../../riscv-none-embed/lib/rv32imacxw/ilp32/libg_nano.a(lib_a-nano-mallocr.o)
                0x00000000000036de                _malloc_r
 .text.__sfputc_r
                0x00000000000037b2       0x28 /Applications/MounRiver Studio 2.app/Contents/Resources/app/resources/darwin/components/WCH/Toolchain/RISC-V Embedded GCC/bin/../lib/gcc/riscv-none-embed/8.2.0/../../../../riscv-none-embed/lib/rv32imacxw/ilp32/libg_nano.a(lib_a-nano-vfprintf.o)
 .text.__sfputs_r
                0x00000000000037da       0x42 /Applications/MounRiver Studio 2.app/Contents/Resources/app/resources/darwin/components/WCH/Toolchain/RISC-V Embedded GCC/bin/../lib/gcc/riscv-none-embed/8.2.0/../../../../riscv-none-embed/lib/rv32imacxw/ilp32/libg_nano.a(lib_a-nano-vfprintf.o)
                0x00000000000037da                __sfputs_r
 .text._vfprintf_r
                0x000000000000381c      0x288 /Applications/MounRiver Studio 2.app/Contents/Resources/app/resources/darwin/components/WCH/Toolchain/RISC-V Embedded GCC/bin/../lib/gcc/riscv-none-embed/8.2.0/../../../../riscv-none-embed/lib/rv32imacxw/ilp32/libg_nano.a(lib_a-nano-vfprintf.o)
                0x000000000000381c                _vfiprintf_r
                0x000000000000381c                _vfprintf_r
 .text._printf_common
                0x0000000000003aa4      0x10c /Applications/MounRiver Studio 2.app/Contents/Resources/app/resources/darwin/components/WCH/Toolchain/RISC-V Embedded GCC/bin/../lib/gcc/riscv-none-embed/8.2.0/../../../../riscv-none-embed/lib/rv32imacxw/ilp32/libg_nano.a(lib_a-nano-vfprintf_i.o)
                0x0000000000003aa4                _printf_common
 .text._printf_i
                0x0000000000003bb0      0x2a2 /Applications/MounRiver Studio 2.app/Contents/Resources/app/resources/darwin/components/WCH/Toolchain/RISC-V Embedded GCC/bin/../lib/gcc/riscv-none-embed/8.2.0/../../../../riscv-none-embed/lib/rv32imacxw/ilp32/libg_nano.a(lib_a-nano-vfprintf_i.o)
                0x0000000000003bb0                _printf_i
 .text._sbrk_r  0x0000000000003e52       0x2a /Applications/MounRiver Studio 2.app/Contents/Resources/app/resources/darwin/components/WCH/Toolchain/RISC-V Embedded GCC/bin/../lib/gcc/riscv-none-embed/8.2.0/../../../../riscv-none-embed/lib/rv32imacxw/ilp32/libg_nano.a(lib_a-sbrkr.o)
                0x0000000000003e52                _sbrk_r
 .text.__sread  0x0000000000003e7c       0x2c /Applications/MounRiver Studio 2.app/Contents/Resources/app/resources/darwin/components/WCH/Toolchain/RISC-V Embedded GCC/bin/../lib/gcc/riscv-none-embed/8.2.0/../../../../riscv-none-embed/lib/rv32imacxw/ilp32/libg_nano.a(lib_a-stdio.o)
                0x0000000000003e7c                __sread
 .text.__swrite
                0x0000000000003ea8       0x48 /Applications/MounRiver Studio 2.app/Contents/Resources/app/resources/darwin/components/WCH/Toolchain/RISC-V Embedded GCC/bin/../lib/gcc/riscv-none-embed/8.2.0/../../../../riscv-none-embed/lib/rv32imacxw/ilp32/libg_nano.a(lib_a-stdio.o)
                0x0000000000003ea8                __swrite
 .text.__sseek  0x0000000000003ef0       0x30 /Applications/MounRiver Studio 2.app/Contents/Resources/app/resources/darwin/components/WCH/Toolchain/RISC-V Embedded GCC/bin/../lib/gcc/riscv-none-embed/8.2.0/../../../../riscv-none-embed/lib/rv32imacxw/ilp32/libg_nano.a(lib_a-stdio.o)
                0x0000000000003ef0                __sseek
 .text.__sclose
                0x0000000000003f20        0x6 /Applications/MounRiver Studio 2.app/Contents/Resources/app/resources/darwin/components/WCH/Toolchain/RISC-V Embedded GCC/bin/../lib/gcc/riscv-none-embed/8.2.0/../../../../riscv-none-embed/lib/rv32imacxw/ilp32/libg_nano.a(lib_a-stdio.o)
                0x0000000000003f20                __sclose
 .text._write_r
                0x0000000000003f26       0x2e /Applications/MounRiver Studio 2.app/Contents/Resources/app/resources/darwin/components/WCH/Toolchain/RISC-V Embedded GCC/bin/../lib/gcc/riscv-none-embed/8.2.0/../../../../riscv-none-embed/lib/rv32imacxw/ilp32/libg_nano.a(lib_a-writer.o)
                0x0000000000003f26                _write_r
 .text._close_r
                0x0000000000003f54       0x28 /Applications/MounRiver Studio 2.app/Contents/Resources/app/resources/darwin/components/WCH/Toolchain/RISC-V Embedded GCC/bin/../lib/gcc/riscv-none-embed/8.2.0/../../../../riscv-none-embed/lib/rv32imacxw/ilp32/libg_nano.a(lib_a-closer.o)
                0x0000000000003f54                _close_r
 .text._fstat_r
                0x0000000000003f7c       0x2a /Applications/MounRiver Studio 2.app/Contents/Resources/app/resources/darwin/components/WCH/Toolchain/RISC-V Embedded GCC/bin/../lib/gcc/riscv-none-embed/8.2.0/../../../../riscv-none-embed/lib/rv32imacxw/ilp32/libg_nano.a(lib_a-fstatr.o)
                0x0000000000003f7c                _fstat_r
 .text._isatty_r
                0x0000000000003fa6       0x28 /Applications/MounRiver Studio 2.app/Contents/Resources/app/resources/darwin/components/WCH/Toolchain/RISC-V Embedded GCC/bin/../lib/gcc/riscv-none-embed/8.2.0/../../../../riscv-none-embed/lib/rv32imacxw/ilp32/libg_nano.a(lib_a-isattyr.o)
                0x0000000000003fa6                _isatty_r
 .text._lseek_r
                0x0000000000003fce       0x2c /Applications/MounRiver Studio 2.app/Contents/Resources/app/resources/darwin/components/WCH/Toolchain/RISC-V Embedded GCC/bin/../lib/gcc/riscv-none-embed/8.2.0/../../../../riscv-none-embed/lib/rv32imacxw/ilp32/libg_nano.a(lib_a-lseekr.o)
                0x0000000000003fce                _lseek_r
 .text.memchr   0x0000000000003ffa       0x18 /Applications/MounRiver Studio 2.app/Contents/Resources/app/resources/darwin/components/WCH/Toolchain/RISC-V Embedded GCC/bin/../lib/gcc/riscv-none-embed/8.2.0/../../../../riscv-none-embed/lib/rv32imacxw/ilp32/libg_nano.a(lib_a-memchr.o)
                0x0000000000003ffa                memchr
 .text.__malloc_lock
                0x0000000000004012        0x2 /Applications/MounRiver Studio 2.app/Contents/Resources/app/resources/darwin/components/WCH/Toolchain/RISC-V Embedded GCC/bin/../lib/gcc/riscv-none-embed/8.2.0/../../../../riscv-none-embed/lib/rv32imacxw/ilp32/libg_nano.a(lib_a-mlock.o)
                0x0000000000004012                __malloc_lock
 .text.__malloc_unlock
                0x0000000000004014        0x2 /Applications/MounRiver Studio 2.app/Contents/Resources/app/resources/darwin/components/WCH/Toolchain/RISC-V Embedded GCC/bin/../lib/gcc/riscv-none-embed/8.2.0/../../../../riscv-none-embed/lib/rv32imacxw/ilp32/libg_nano.a(lib_a-mlock.o)
                0x0000000000004014                __malloc_unlock
 .text._read_r  0x0000000000004016       0x2c /Applications/MounRiver Studio 2.app/Contents/Resources/app/resources/darwin/components/WCH/Toolchain/RISC-V Embedded GCC/bin/../lib/gcc/riscv-none-embed/8.2.0/../../../../riscv-none-embed/lib/rv32imacxw/ilp32/libg_nano.a(lib_a-readr.o)
                0x0000000000004016                _read_r
 .text._close   0x0000000000004042        0xc /Applications/MounRiver Studio 2.app/Contents/Resources/app/resources/darwin/components/WCH/Toolchain/RISC-V Embedded GCC/bin/../lib/gcc/riscv-none-embed/8.2.0/../../../../riscv-none-embed/lib/rv32imacxw/ilp32/libnosys.a(close.o)
                0x0000000000004042                _close
 .text._fstat   0x000000000000404e        0xc /Applications/MounRiver Studio 2.app/Contents/Resources/app/resources/darwin/components/WCH/Toolchain/RISC-V Embedded GCC/bin/../lib/gcc/riscv-none-embed/8.2.0/../../../../riscv-none-embed/lib/rv32imacxw/ilp32/libnosys.a(fstat.o)
                0x000000000000404e                _fstat
 .text._isatty  0x000000000000405a        0xc /Applications/MounRiver Studio 2.app/Contents/Resources/app/resources/darwin/components/WCH/Toolchain/RISC-V Embedded GCC/bin/../lib/gcc/riscv-none-embed/8.2.0/../../../../riscv-none-embed/lib/rv32imacxw/ilp32/libnosys.a(isatty.o)
                0x000000000000405a                _isatty
 .text._lseek   0x0000000000004066        0xc /Applications/MounRiver Studio 2.app/Contents/Resources/app/resources/darwin/components/WCH/Toolchain/RISC-V Embedded GCC/bin/../lib/gcc/riscv-none-embed/8.2.0/../../../../riscv-none-embed/lib/rv32imacxw/ilp32/libnosys.a(lseek.o)
                0x0000000000004066                _lseek
 .text._read    0x0000000000004072        0xc /Applications/MounRiver Studio 2.app/Contents/Resources/app/resources/darwin/components/WCH/Toolchain/RISC-V Embedded GCC/bin/../lib/gcc/riscv-none-embed/8.2.0/../../../../riscv-none-embed/lib/rv32imacxw/ilp32/libnosys.a(read.o)
                0x0000000000004072                _read
 *(.rodata)
 *fill*         0x000000000000407e        0x2 
 .rodata        0x0000000000004080        0xd ./User/rtc.o
 *(.rodata*)
 *fill*         0x000000000000408d        0x3 
 .rodata.OPA2_Init.str1.4
                0x0000000000004090       0x12 ./User/main.o
 *fill*         0x00000000000040a2        0x2 
 .rodata.TIM1_PWM_Init.str1.4
                0x00000000000040a4       0x2b ./User/main.o
 *fill*         0x00000000000040cf        0x1 
 .rodata.main.str1.4
                0x00000000000040d0       0xe7 ./User/main.o
 *fill*         0x00000000000041b7        0x1 
 .rodata.CSWTCH.4
                0x00000000000041b8       0x14 ./User/param_table.o
 .rodata.CSWTCH.5
                0x00000000000041cc        0xc ./User/param_table.o
 .rodata.PARAM_Init.str1.4
                0x00000000000041d8       0x5a ./User/param_table.o
 *fill*         0x0000000000004232        0x2 
 .rodata.StripType_GetName.str1.4
                0x0000000000004234        0x8 ./User/param_table.o
 .rodata.Unit_GetSymbol.str1.4
                0x000000000000423c        0x2 ./User/param_table.o
 *fill*         0x000000000000423e        0x2 
 .rodata.str1.4
                0x0000000000004240       0x64 ./User/param_table.o
 .rodata.RTC_Config.str1.4
                0x00000000000042a4       0x57 ./User/rtc.o
 *fill*         0x00000000000042fb        0x1 
 .rodata.RTC_Init.str1.4
                0x00000000000042fc       0x11 ./User/rtc.o
 *fill*         0x000000000000430d        0x3 
 .rodata.RTC_SetTime.str1.4
                0x0000000000004310       0x2e ./User/rtc.o
 *fill*         0x000000000000433e        0x2 
 .rodata.RTC_SyncWithParam.str1.4
                0x0000000000004340       0x4d ./User/rtc.o
 *fill*         0x000000000000438d        0x3 
 .rodata.RTC_UpdateParam.str1.4
                0x0000000000004390       0x6a ./User/rtc.o
 *fill*         0x00000000000043fa        0x2 
 .rodata.STRIP_DETECT_UpdateWPWMDuty
                0x00000000000043fc       0x14 ./User/strip_detect.o
 .rodata.STRIP_DETECT_DetermineStripType.cst4
                0x0000000000004410        0x4 ./User/strip_detect.o
 .rodata.STRIP_DETECT_HandleInsertedEvent.str1.4
                0x0000000000004414       0x3d ./User/strip_detect.o
 *fill*         0x0000000000004451        0x3 
 .rodata.STRIP_DETECT_Init.str1.4
                0x0000000000004454       0x24 ./User/strip_detect.o
 .rodata.STRIP_DETECT_Process.cst4
                0x0000000000004478        0x8 ./User/strip_detect.o
 .rodata.STRIP_DETECT_Process.str1.4
                0x0000000000004480       0x51 ./User/strip_detect.o
 *fill*         0x00000000000044d1        0x3 
 .rodata.UART2_Receive_Byte_ISR
                0x00000000000044d4       0x18 ./User/uart_protocol.o
 .rodata.UART_ProcessStripInsertedCmd.str1.4
                0x00000000000044ec       0xbc ./User/uart_protocol.o
 .rodata.UART_Protocol_Init.str1.4
                0x00000000000045a8       0x1b ./User/uart_protocol.o
 *fill*         0x00000000000045c3        0x1 
 .rodata.UART_SendStripTypeAck.str1.4
                0x00000000000045c4       0x2c ./User/uart_protocol.o
 .rodata.Get_Raw_Test_Data.str1.4
                0x00000000000045f0        0xb ./User/uart_protocol_stubs.o
 *fill*         0x00000000000045fb        0x1 
 .rodata.__mulsf3
                0x00000000000045fc       0x40 /Applications/MounRiver Studio 2.app/Contents/Resources/app/resources/darwin/components/WCH/Toolchain/RISC-V Embedded GCC/bin/../lib/gcc/riscv-none-embed/8.2.0/rv32imacxw/ilp32/libgcc.a(mulsf3.o)
 .rodata.__clz_tab
                0x000000000000463c      0x100 /Applications/MounRiver Studio 2.app/Contents/Resources/app/resources/darwin/components/WCH/Toolchain/RISC-V Embedded GCC/bin/../lib/gcc/riscv-none-embed/8.2.0/rv32imacxw/ilp32/libgcc.a(_clz.o)
                0x000000000000463c                __clz_tab
 .rodata.__sf_fake_stderr
                0x000000000000473c       0x20 /Applications/MounRiver Studio 2.app/Contents/Resources/app/resources/darwin/components/WCH/Toolchain/RISC-V Embedded GCC/bin/../lib/gcc/riscv-none-embed/8.2.0/../../../../riscv-none-embed/lib/rv32imacxw/ilp32/libg_nano.a(lib_a-findfp.o)
                0x000000000000473c                __sf_fake_stderr
 .rodata.__sf_fake_stdin
                0x000000000000475c       0x20 /Applications/MounRiver Studio 2.app/Contents/Resources/app/resources/darwin/components/WCH/Toolchain/RISC-V Embedded GCC/bin/../lib/gcc/riscv-none-embed/8.2.0/../../../../riscv-none-embed/lib/rv32imacxw/ilp32/libg_nano.a(lib_a-findfp.o)
                0x000000000000475c                __sf_fake_stdin
 .rodata.__sf_fake_stdout
                0x000000000000477c       0x20 /Applications/MounRiver Studio 2.app/Contents/Resources/app/resources/darwin/components/WCH/Toolchain/RISC-V Embedded GCC/bin/../lib/gcc/riscv-none-embed/8.2.0/../../../../riscv-none-embed/lib/rv32imacxw/ilp32/libg_nano.a(lib_a-findfp.o)
                0x000000000000477c                __sf_fake_stdout
 .rodata._vfprintf_r.str1.4
                0x000000000000479c       0x13 /Applications/MounRiver Studio 2.app/Contents/Resources/app/resources/darwin/components/WCH/Toolchain/RISC-V Embedded GCC/bin/../lib/gcc/riscv-none-embed/8.2.0/../../../../riscv-none-embed/lib/rv32imacxw/ilp32/libg_nano.a(lib_a-nano-vfprintf.o)
 *fill*         0x00000000000047af        0x1 
 .rodata._printf_i.str1.4
                0x00000000000047b0       0x28 /Applications/MounRiver Studio 2.app/Contents/Resources/app/resources/darwin/components/WCH/Toolchain/RISC-V Embedded GCC/bin/../lib/gcc/riscv-none-embed/8.2.0/../../../../riscv-none-embed/lib/rv32imacxw/ilp32/libg_nano.a(lib_a-nano-vfprintf_i.o)
                                         0x25 (size before relaxing)
 *(.gnu.linkonce.t.*)
                0x00000000000047d8                . = ALIGN (0x4)

.rela.dyn       0x00000000000047d8        0x0
 .rela.init     0x00000000000047d8        0x0 ./User/ch32v20x_it.o
 .rela.vector   0x00000000000047d8        0x0 ./User/ch32v20x_it.o
 .rela.text.handle_reset
                0x00000000000047d8        0x0 ./User/ch32v20x_it.o
 .rela.text._sbrk
                0x00000000000047d8        0x0 ./User/ch32v20x_it.o
 .rela.sdata.curbrk.4652
                0x00000000000047d8        0x0 ./User/ch32v20x_it.o
 .rela.text._vfprintf_r
                0x00000000000047d8        0x0 ./User/ch32v20x_it.o
 .rela.text._sbrk_r
                0x00000000000047d8        0x0 ./User/ch32v20x_it.o
 .rela.text._write_r
                0x00000000000047d8        0x0 ./User/ch32v20x_it.o
 .rela.text._close_r
                0x00000000000047d8        0x0 ./User/ch32v20x_it.o
 .rela.text._fstat_r
                0x00000000000047d8        0x0 ./User/ch32v20x_it.o
 .rela.text._isatty_r
                0x00000000000047d8        0x0 ./User/ch32v20x_it.o
 .rela.text._lseek_r
                0x00000000000047d8        0x0 ./User/ch32v20x_it.o
 .rela.text._read_r
                0x00000000000047d8        0x0 ./User/ch32v20x_it.o
 .rela.text._close
                0x00000000000047d8        0x0 ./User/ch32v20x_it.o
 .rela.text._fstat
                0x00000000000047d8        0x0 ./User/ch32v20x_it.o
 .rela.text._isatty
                0x00000000000047d8        0x0 ./User/ch32v20x_it.o
 .rela.text._lseek
                0x00000000000047d8        0x0 ./User/ch32v20x_it.o
 .rela.text._read
                0x00000000000047d8        0x0 ./User/ch32v20x_it.o

.fini           0x00000000000047d8        0x0
 *(SORT_NONE(.fini))
                0x00000000000047d8                . = ALIGN (0x4)
                [!provide]                        PROVIDE (_etext = .)
                [!provide]                        PROVIDE (_eitcm = .)

.preinit_array  0x00000000000047d8        0x0
                [!provide]                        PROVIDE (__preinit_array_start = .)
 *(.preinit_array)
                [!provide]                        PROVIDE (__preinit_array_end = .)

.init_array     0x00000000000047d8        0x0
                [!provide]                        PROVIDE (__init_array_start = .)
 *(SORT_BY_INIT_PRIORITY(.init_array.*) SORT_BY_INIT_PRIORITY(.ctors.*))
 *(.init_array EXCLUDE_FILE(*crtend?.o *crtend.o *crtbegin?.o *crtbegin.o) .ctors)
                [!provide]                        PROVIDE (__init_array_end = .)

.fini_array     0x00000000000047d8        0x0
                [!provide]                        PROVIDE (__fini_array_start = .)
 *(SORT_BY_INIT_PRIORITY(.fini_array.*) SORT_BY_INIT_PRIORITY(.dtors.*))
 *(.fini_array EXCLUDE_FILE(*crtend?.o *crtend.o *crtbegin?.o *crtbegin.o) .dtors)
                [!provide]                        PROVIDE (__fini_array_end = .)

.ctors
 *crtbegin.o(.ctors)
 *crtbegin?.o(.ctors)
 *(EXCLUDE_FILE(*crtend?.o *crtend.o) .ctors)
 *(SORT_BY_NAME(.ctors.*))
 *(.ctors)

.dtors
 *crtbegin.o(.dtors)
 *crtbegin?.o(.dtors)
 *(EXCLUDE_FILE(*crtend?.o *crtend.o) .dtors)
 *(SORT_BY_NAME(.dtors.*))
 *(.dtors)

.dalign         0x0000000020000000        0x0 load address 0x00000000000047d8
                0x0000000020000000                . = ALIGN (0x4)
                0x0000000020000000                PROVIDE (_data_vma = .)

.dlalign        0x00000000000047d8        0x0
                0x00000000000047d8                . = ALIGN (0x4)
                0x00000000000047d8                PROVIDE (_data_lma = .)

.data           0x0000000020000000       0xa0 load address 0x00000000000047d8
 *(.gnu.linkonce.r.*)
 *(.data .data.*)
 .data.stripInfo
                0x0000000020000000       0x18 ./User/strip_detect.o
 .data.APBAHBPrescTable
                0x0000000020000018       0x10 ./Peripheral/src/ch32v20x_rcc.o
 .data.impure_data
                0x0000000020000028       0x60 /Applications/MounRiver Studio 2.app/Contents/Resources/app/resources/darwin/components/WCH/Toolchain/RISC-V Embedded GCC/bin/../lib/gcc/riscv-none-embed/8.2.0/../../../../riscv-none-embed/lib/rv32imacxw/ilp32/libg_nano.a(lib_a-impure.o)
 *(.gnu.linkonce.d.*)
                0x0000000020000088                . = ALIGN (0x8)
                0x0000000020000888                PROVIDE (__global_pointer$ = (. + 0x800))
 *(.sdata .sdata.*)
 .sdata.SystemCoreClock
                0x0000000020000088        0x4 ./User/system_ch32v20x.o
                0x0000000020000088                SystemCoreClock
 .sdata.blood_countdown
                0x000000002000008c        0x1 ./User/uart_protocol.o
 *fill*         0x000000002000008d        0x3 
 .sdata.ADCPrescTable
                0x0000000020000090        0x4 ./Peripheral/src/ch32v20x_rcc.o
 .sdata.curbrk.4652
                0x0000000020000094        0x4 ./Debug/debug.o
 .sdata._impure_ptr
                0x0000000020000098        0x4 /Applications/MounRiver Studio 2.app/Contents/Resources/app/resources/darwin/components/WCH/Toolchain/RISC-V Embedded GCC/bin/../lib/gcc/riscv-none-embed/8.2.0/../../../../riscv-none-embed/lib/rv32imacxw/ilp32/libg_nano.a(lib_a-impure.o)
                0x0000000020000098                _impure_ptr
 *(.sdata2.*)
 .sdata2._global_impure_ptr
                0x000000002000009c        0x4 /Applications/MounRiver Studio 2.app/Contents/Resources/app/resources/darwin/components/WCH/Toolchain/RISC-V Embedded GCC/bin/../lib/gcc/riscv-none-embed/8.2.0/../../../../riscv-none-embed/lib/rv32imacxw/ilp32/libg_nano.a(lib_a-impure.o)
                0x000000002000009c                _global_impure_ptr
 *(.gnu.linkonce.s.*)
                0x00000000200000a0                . = ALIGN (0x8)
 *(.srodata.cst16)
 *(.srodata.cst8)
 *(.srodata.cst4)
 *(.srodata.cst2)
 *(.srodata .srodata.*)
                0x00000000200000a0                . = ALIGN (0x4)
                0x00000000200000a0                PROVIDE (_edata = .)

.bss            0x00000000200000a0      0x8b4 load address 0x0000000000004878
                0x00000000200000a0                . = ALIGN (0x4)
                0x00000000200000a0                PROVIDE (_sbss = .)
 *(.sbss*)
 .sbss.currentSystemState
                0x00000000200000a0        0x4 ./User/main.o
 .sbss.blood_detected
                0x00000000200000a4        0x1 ./User/uart_protocol.o
 .sbss.dataCnt.5242
                0x00000000200000a5        0x1 ./User/uart_protocol.o
 .sbss.dataLen.5241
                0x00000000200000a6        0x1 ./User/uart_protocol.o
 *fill*         0x00000000200000a7        0x1 
 .sbss.g_batteryVoltage
                0x00000000200000a8        0x2 ./User/uart_protocol.o
                0x00000000200000a8                g_batteryVoltage
 .sbss.packet_received
                0x00000000200000aa        0x1 ./User/uart_protocol.o
 *fill*         0x00000000200000ab        0x1 
 .sbss.rx_index
                0x00000000200000ac        0x2 ./User/uart_protocol.o
 .sbss.state.5240
                0x00000000200000ae        0x1 ./User/uart_protocol.o
 .sbss.test_in_progress
                0x00000000200000af        0x1 ./User/uart_protocol.o
 .sbss.counter.5045
                0x00000000200000b0        0x1 ./User/uart_protocol_stubs.o
 .sbss.MCU_Version
                0x00000000200000b1        0x1 ./Peripheral/src/ch32v20x_gpio.o
                0x00000000200000b1                MCU_Version
 *fill*         0x00000000200000b2        0x2 
 .sbss.NVIC_Priority_Group
                0x00000000200000b4        0x4 ./Peripheral/src/ch32v20x_misc.o
                0x00000000200000b4                NVIC_Priority_Group
 .sbss.p_ms     0x00000000200000b8        0x2 ./Debug/debug.o
 .sbss.p_us     0x00000000200000ba        0x1 ./Debug/debug.o
 *fill*         0x00000000200000bb        0x1 
 .sbss.__malloc_free_list
                0x00000000200000bc        0x4 /Applications/MounRiver Studio 2.app/Contents/Resources/app/resources/darwin/components/WCH/Toolchain/RISC-V Embedded GCC/bin/../lib/gcc/riscv-none-embed/8.2.0/../../../../riscv-none-embed/lib/rv32imacxw/ilp32/libg_nano.a(lib_a-nano-mallocr.o)
                0x00000000200000bc                __malloc_free_list
 .sbss.__malloc_sbrk_start
                0x00000000200000c0        0x4 /Applications/MounRiver Studio 2.app/Contents/Resources/app/resources/darwin/components/WCH/Toolchain/RISC-V Embedded GCC/bin/../lib/gcc/riscv-none-embed/8.2.0/../../../../riscv-none-embed/lib/rv32imacxw/ilp32/libg_nano.a(lib_a-nano-mallocr.o)
                0x00000000200000c0                __malloc_sbrk_start
 *(.gnu.linkonce.sb.*)
 *(.bss*)
 .bss.USART_DMA_CTRL
                0x00000000200000c4      0x101 ./User/main.o
                0x00000000200000c4                USART_DMA_CTRL
 *fill*         0x00000000200001c5        0x3 
 .bss.ring_buffer
                0x00000000200001c8      0x406 ./User/main.o
                0x00000000200001c8                ring_buffer
 *fill*         0x00000000200005ce        0x2 
 .bss.param_table
                0x00000000200005d0      0x2a6 ./User/param_table.o
 *fill*         0x0000000020000876        0x2 
 .bss.current_raw_data
                0x0000000020000878       0x3c ./User/uart_protocol.o
 .bss.current_test_result
                0x00000000200008b4       0x1a ./User/uart_protocol.o
 *fill*         0x00000000200008ce        0x2 
 .bss.rx_buffer
                0x00000000200008d0       0x40 ./User/uart_protocol.o
 .bss.tx_buffer
                0x0000000020000910       0x40 ./User/uart_protocol.o
 *(.gnu.linkonce.b.*)
 *(COMMON*)
 COMMON         0x0000000020000950        0x4 /Applications/MounRiver Studio 2.app/Contents/Resources/app/resources/darwin/components/WCH/Toolchain/RISC-V Embedded GCC/bin/../lib/gcc/riscv-none-embed/8.2.0/../../../../riscv-none-embed/lib/rv32imacxw/ilp32/libg_nano.a(lib_a-reent.o)
                0x0000000020000950                errno
                0x0000000020000954                . = ALIGN (0x4)
                0x0000000020000954                PROVIDE (_ebss = .)
                0x0000000020000954                PROVIDE (_end = _ebss)
                [!provide]                        PROVIDE (end = .)

.stack          0x0000000020004800      0x800
                0x0000000020004800                PROVIDE (_heap_end = .)
                0x0000000020004800                . = ALIGN (0x4)
                [!provide]                        PROVIDE (_susrstack = .)
                0x0000000020005000                . = (. + __stack_size)
 *fill*         0x0000000020004800      0x800 
                0x0000000020005000                PROVIDE (_eusrstack = .)
OUTPUT(CH32V203G8R6.elf elf32-littleriscv)

.debug_info     0x0000000000000000    0x19fad
 .debug_info    0x0000000000000000      0xbb5 ./User/ch32v20x_it.o
 .debug_info    0x0000000000000bb5     0x21ec ./User/main.o
 .debug_info    0x0000000000002da1     0x17ff ./User/param_table.o
 .debug_info    0x00000000000045a0     0x1044 ./User/rtc.o
 .debug_info    0x00000000000055e4     0x19c0 ./User/strip_detect.o
 .debug_info    0x0000000000006fa4      0xb30 ./User/system_ch32v20x.o
 .debug_info    0x0000000000007ad4     0x219c ./User/uart_protocol.o
 .debug_info    0x0000000000009c70      0xe6c ./User/uart_protocol_stubs.o
 .debug_info    0x000000000000aadc       0x22 ./Startup/startup_ch32v20x_D6.o
 .debug_info    0x000000000000aafe     0x16eb ./Peripheral/src/ch32v20x_adc.o
 .debug_info    0x000000000000c1e9     0x1091 ./Peripheral/src/ch32v20x_bkp.o
 .debug_info    0x000000000000d27a      0xd16 ./Peripheral/src/ch32v20x_dma.o
 .debug_info    0x000000000000df90     0x15d2 ./Peripheral/src/ch32v20x_flash.o
 .debug_info    0x000000000000f562     0x1349 ./Peripheral/src/ch32v20x_gpio.o
 .debug_info    0x00000000000108ab      0xe61 ./Peripheral/src/ch32v20x_misc.o
 .debug_info    0x000000000001170c      0xb1d ./Peripheral/src/ch32v20x_opa.o
 .debug_info    0x0000000000012229     0x1049 ./Peripheral/src/ch32v20x_pwr.o
 .debug_info    0x0000000000013272     0x1268 ./Peripheral/src/ch32v20x_rcc.o
 .debug_info    0x00000000000144da      0xdc9 ./Peripheral/src/ch32v20x_rtc.o
 .debug_info    0x00000000000152a3     0x2ab3 ./Peripheral/src/ch32v20x_tim.o
 .debug_info    0x0000000000017d56     0x1335 ./Peripheral/src/ch32v20x_usart.o
 .debug_info    0x000000000001908b      0xf22 ./Debug/debug.o

.debug_abbrev   0x0000000000000000     0x46d6
 .debug_abbrev  0x0000000000000000      0x22c ./User/ch32v20x_it.o
 .debug_abbrev  0x000000000000022c      0x3d6 ./User/main.o
 .debug_abbrev  0x0000000000000602      0x48d ./User/param_table.o
 .debug_abbrev  0x0000000000000a8f      0x2ba ./User/rtc.o
 .debug_abbrev  0x0000000000000d49      0x48c ./User/strip_detect.o
 .debug_abbrev  0x00000000000011d5      0x2b0 ./User/system_ch32v20x.o
 .debug_abbrev  0x0000000000001485      0x4bd ./User/uart_protocol.o
 .debug_abbrev  0x0000000000001942      0x301 ./User/uart_protocol_stubs.o
 .debug_abbrev  0x0000000000001c43       0x12 ./Startup/startup_ch32v20x_D6.o
 .debug_abbrev  0x0000000000001c55      0x3a9 ./Peripheral/src/ch32v20x_adc.o
 .debug_abbrev  0x0000000000001ffe      0x2cc ./Peripheral/src/ch32v20x_bkp.o
 .debug_abbrev  0x00000000000022ca      0x302 ./Peripheral/src/ch32v20x_dma.o
 .debug_abbrev  0x00000000000025cc      0x468 ./Peripheral/src/ch32v20x_flash.o
 .debug_abbrev  0x0000000000002a34      0x34b ./Peripheral/src/ch32v20x_gpio.o
 .debug_abbrev  0x0000000000002d7f      0x2ea ./Peripheral/src/ch32v20x_misc.o
 .debug_abbrev  0x0000000000003069      0x252 ./Peripheral/src/ch32v20x_opa.o
 .debug_abbrev  0x00000000000032bb      0x399 ./Peripheral/src/ch32v20x_pwr.o
 .debug_abbrev  0x0000000000003654      0x36b ./Peripheral/src/ch32v20x_rcc.o
 .debug_abbrev  0x00000000000039bf      0x30b ./Peripheral/src/ch32v20x_rtc.o
 .debug_abbrev  0x0000000000003cca      0x418 ./Peripheral/src/ch32v20x_tim.o
 .debug_abbrev  0x00000000000040e2      0x312 ./Peripheral/src/ch32v20x_usart.o
 .debug_abbrev  0x00000000000043f4      0x2e2 ./Debug/debug.o

.debug_aranges  0x0000000000000000      0xe20
 .debug_aranges
                0x0000000000000000       0x28 ./User/ch32v20x_it.o
 .debug_aranges
                0x0000000000000028       0x68 ./User/main.o
 .debug_aranges
                0x0000000000000090       0xd8 ./User/param_table.o
 .debug_aranges
                0x0000000000000168       0x48 ./User/rtc.o
 .debug_aranges
                0x00000000000001b0       0x68 ./User/strip_detect.o
 .debug_aranges
                0x0000000000000218       0x28 ./User/system_ch32v20x.o
 .debug_aranges
                0x0000000000000240       0xd0 ./User/uart_protocol.o
 .debug_aranges
                0x0000000000000310       0x50 ./User/uart_protocol_stubs.o
 .debug_aranges
                0x0000000000000360       0x30 ./Startup/startup_ch32v20x_D6.o
 .debug_aranges
                0x0000000000000390      0x150 ./Peripheral/src/ch32v20x_adc.o
 .debug_aranges
                0x00000000000004e0       0x78 ./Peripheral/src/ch32v20x_bkp.o
 .debug_aranges
                0x0000000000000558       0x60 ./Peripheral/src/ch32v20x_dma.o
 .debug_aranges
                0x00000000000005b8      0x110 ./Peripheral/src/ch32v20x_flash.o
 .debug_aranges
                0x00000000000006c8       0xb0 ./Peripheral/src/ch32v20x_gpio.o
 .debug_aranges
                0x0000000000000778       0x28 ./Peripheral/src/ch32v20x_misc.o
 .debug_aranges
                0x00000000000007a0       0x38 ./Peripheral/src/ch32v20x_opa.o
 .debug_aranges
                0x00000000000007d8       0x88 ./Peripheral/src/ch32v20x_pwr.o
 .debug_aranges
                0x0000000000000860      0x130 ./Peripheral/src/ch32v20x_rcc.o
 .debug_aranges
                0x0000000000000990       0x80 ./Peripheral/src/ch32v20x_rtc.o
 .debug_aranges
                0x0000000000000a10      0x2d0 ./Peripheral/src/ch32v20x_tim.o
 .debug_aranges
                0x0000000000000ce0       0xf0 ./Peripheral/src/ch32v20x_usart.o
 .debug_aranges
                0x0000000000000dd0       0x50 ./Debug/debug.o

.debug_ranges   0x0000000000000000     0x1070
 .debug_ranges  0x0000000000000000       0x18 ./User/ch32v20x_it.o
 .debug_ranges  0x0000000000000018       0x58 ./User/main.o
 .debug_ranges  0x0000000000000070      0x310 ./User/param_table.o
 .debug_ranges  0x0000000000000380       0x38 ./User/rtc.o
 .debug_ranges  0x00000000000003b8       0x90 ./User/strip_detect.o
 .debug_ranges  0x0000000000000448       0x18 ./User/system_ch32v20x.o
 .debug_ranges  0x0000000000000460      0x168 ./User/uart_protocol.o
 .debug_ranges  0x00000000000005c8       0x60 ./User/uart_protocol_stubs.o
 .debug_ranges  0x0000000000000628       0x28 ./Startup/startup_ch32v20x_D6.o
 .debug_ranges  0x0000000000000650      0x140 ./Peripheral/src/ch32v20x_adc.o
 .debug_ranges  0x0000000000000790       0x68 ./Peripheral/src/ch32v20x_bkp.o
 .debug_ranges  0x00000000000007f8       0x50 ./Peripheral/src/ch32v20x_dma.o
 .debug_ranges  0x0000000000000848      0x100 ./Peripheral/src/ch32v20x_flash.o
 .debug_ranges  0x0000000000000948       0xa0 ./Peripheral/src/ch32v20x_gpio.o
 .debug_ranges  0x00000000000009e8       0x48 ./Peripheral/src/ch32v20x_misc.o
 .debug_ranges  0x0000000000000a30       0x28 ./Peripheral/src/ch32v20x_opa.o
 .debug_ranges  0x0000000000000a58       0x78 ./Peripheral/src/ch32v20x_pwr.o
 .debug_ranges  0x0000000000000ad0      0x120 ./Peripheral/src/ch32v20x_rcc.o
 .debug_ranges  0x0000000000000bf0       0x70 ./Peripheral/src/ch32v20x_rtc.o
 .debug_ranges  0x0000000000000c60      0x2f0 ./Peripheral/src/ch32v20x_tim.o
 .debug_ranges  0x0000000000000f50       0xe0 ./Peripheral/src/ch32v20x_usart.o
 .debug_ranges  0x0000000000001030       0x40 ./Debug/debug.o

.debug_line     0x0000000000000000    0x15534
 .debug_line    0x0000000000000000      0x37e ./User/ch32v20x_it.o
 .debug_line    0x000000000000037e     0x11f3 ./User/main.o
 .debug_line    0x0000000000001571     0x1856 ./User/param_table.o
 .debug_line    0x0000000000002dc7      0xa4c ./User/rtc.o
 .debug_line    0x0000000000003813      0xdbe ./User/strip_detect.o
 .debug_line    0x00000000000045d1      0x69b ./User/system_ch32v20x.o
 .debug_line    0x0000000000004c6c     0x1a4e ./User/uart_protocol.o
 .debug_line    0x00000000000066ba      0x7b9 ./User/uart_protocol_stubs.o
 .debug_line    0x0000000000006e73      0x121 ./Startup/startup_ch32v20x_D6.o
 .debug_line    0x0000000000006f94     0x1bb8 ./Peripheral/src/ch32v20x_adc.o
 .debug_line    0x0000000000008b4c      0x755 ./Peripheral/src/ch32v20x_bkp.o
 .debug_line    0x00000000000092a1      0x8a2 ./Peripheral/src/ch32v20x_dma.o
 .debug_line    0x0000000000009b43     0x2620 ./Peripheral/src/ch32v20x_flash.o
 .debug_line    0x000000000000c163     0x16f6 ./Peripheral/src/ch32v20x_gpio.o
 .debug_line    0x000000000000d859      0x4c8 ./Peripheral/src/ch32v20x_misc.o
 .debug_line    0x000000000000dd21      0x549 ./Peripheral/src/ch32v20x_opa.o
 .debug_line    0x000000000000e26a      0xc56 ./Peripheral/src/ch32v20x_pwr.o
 .debug_line    0x000000000000eec0     0x127e ./Peripheral/src/ch32v20x_rcc.o
 .debug_line    0x000000000001013e      0xa90 ./Peripheral/src/ch32v20x_rtc.o
 .debug_line    0x0000000000010bce     0x31db ./Peripheral/src/ch32v20x_tim.o
 .debug_line    0x0000000000013da9      0xf61 ./Peripheral/src/ch32v20x_usart.o
 .debug_line    0x0000000000014d0a      0x82a ./Debug/debug.o

.debug_str      0x0000000000000000     0x463c
 .debug_str     0x0000000000000000      0x620 ./User/ch32v20x_it.o
                                        0x6a5 (size before relaxing)
 .debug_str     0x0000000000000620      0xf05 ./User/main.o
                                       0x1570 (size before relaxing)
 .debug_str     0x0000000000001525      0x33d ./User/param_table.o
                                        0xa95 (size before relaxing)
 .debug_str     0x0000000000001862      0x1b0 ./User/rtc.o
                                        0x829 (size before relaxing)
 .debug_str     0x0000000000001a12      0x4c3 ./User/strip_detect.o
                                        0xee1 (size before relaxing)
 .debug_str     0x0000000000001ed5       0xf2 ./User/system_ch32v20x.o
                                        0x6bf (size before relaxing)
 .debug_str     0x0000000000001fc7      0x3bf ./User/uart_protocol.o
                                        0xc94 (size before relaxing)
 .debug_str     0x0000000000002386       0x33 ./User/uart_protocol_stubs.o
                                        0x7bc (size before relaxing)
 .debug_str     0x00000000000023b9       0x2d ./Startup/startup_ch32v20x_D6.o
                                         0x76 (size before relaxing)
 .debug_str     0x00000000000023e6      0x40e ./Peripheral/src/ch32v20x_adc.o
                                        0xc37 (size before relaxing)
 .debug_str     0x00000000000027f4      0x376 ./Peripheral/src/ch32v20x_bkp.o
                                        0xac5 (size before relaxing)
 .debug_str     0x0000000000002b6a       0xcb ./Peripheral/src/ch32v20x_dma.o
                                        0x813 (size before relaxing)
 .debug_str     0x0000000000002c35      0x49c ./Peripheral/src/ch32v20x_flash.o
                                        0xb3f (size before relaxing)
 .debug_str     0x00000000000030d1      0x236 ./Peripheral/src/ch32v20x_gpio.o
                                        0x9dc (size before relaxing)
 .debug_str     0x0000000000003307       0x9c ./Peripheral/src/ch32v20x_misc.o
                                        0xa9e (size before relaxing)
 .debug_str     0x00000000000033a3       0x56 ./Peripheral/src/ch32v20x_opa.o
                                        0x6db (size before relaxing)
 .debug_str     0x00000000000033f9      0x1a0 ./Peripheral/src/ch32v20x_pwr.o
                                        0x87c (size before relaxing)
 .debug_str     0x0000000000003599      0x34c ./Peripheral/src/ch32v20x_rcc.o
                                        0xaee (size before relaxing)
 .debug_str     0x00000000000038e5      0x14b ./Peripheral/src/ch32v20x_rtc.o
                                        0x826 (size before relaxing)
 .debug_str     0x0000000000003a30      0x8bb ./Peripheral/src/ch32v20x_tim.o
                                       0x12d9 (size before relaxing)
 .debug_str     0x00000000000042eb      0x2dd ./Peripheral/src/ch32v20x_usart.o
                                        0xb0a (size before relaxing)
 .debug_str     0x00000000000045c8       0x74 ./Debug/debug.o
                                        0x931 (size before relaxing)

.comment        0x0000000000000000       0x32
 .comment       0x0000000000000000       0x32 ./User/ch32v20x_it.o
                                         0x33 (size before relaxing)
 .comment       0x0000000000000032       0x33 ./User/main.o
 .comment       0x0000000000000032       0x33 ./User/param_table.o
 .comment       0x0000000000000032       0x33 ./User/rtc.o
 .comment       0x0000000000000032       0x33 ./User/strip_detect.o
 .comment       0x0000000000000032       0x33 ./User/system_ch32v20x.o
 .comment       0x0000000000000032       0x33 ./User/uart_protocol.o
 .comment       0x0000000000000032       0x33 ./User/uart_protocol_stubs.o
 .comment       0x0000000000000032       0x33 ./Peripheral/src/ch32v20x_adc.o
 .comment       0x0000000000000032       0x33 ./Peripheral/src/ch32v20x_bkp.o
 .comment       0x0000000000000032       0x33 ./Peripheral/src/ch32v20x_dma.o
 .comment       0x0000000000000032       0x33 ./Peripheral/src/ch32v20x_flash.o
 .comment       0x0000000000000032       0x33 ./Peripheral/src/ch32v20x_gpio.o
 .comment       0x0000000000000032       0x33 ./Peripheral/src/ch32v20x_misc.o
 .comment       0x0000000000000032       0x33 ./Peripheral/src/ch32v20x_opa.o
 .comment       0x0000000000000032       0x33 ./Peripheral/src/ch32v20x_pwr.o
 .comment       0x0000000000000032       0x33 ./Peripheral/src/ch32v20x_rcc.o
 .comment       0x0000000000000032       0x33 ./Peripheral/src/ch32v20x_rtc.o
 .comment       0x0000000000000032       0x33 ./Peripheral/src/ch32v20x_tim.o
 .comment       0x0000000000000032       0x33 ./Peripheral/src/ch32v20x_usart.o
 .comment       0x0000000000000032       0x33 ./Debug/debug.o
 .comment       0x0000000000000032       0x33 /Applications/MounRiver Studio 2.app/Contents/Resources/app/resources/darwin/components/WCH/Toolchain/RISC-V Embedded GCC/bin/../lib/gcc/riscv-none-embed/8.2.0/rv32imacxw/ilp32/libgcc.a(gesf2.o)
 .comment       0x0000000000000032       0x33 /Applications/MounRiver Studio 2.app/Contents/Resources/app/resources/darwin/components/WCH/Toolchain/RISC-V Embedded GCC/bin/../lib/gcc/riscv-none-embed/8.2.0/rv32imacxw/ilp32/libgcc.a(mulsf3.o)
 .comment       0x0000000000000032       0x33 /Applications/MounRiver Studio 2.app/Contents/Resources/app/resources/darwin/components/WCH/Toolchain/RISC-V Embedded GCC/bin/../lib/gcc/riscv-none-embed/8.2.0/rv32imacxw/ilp32/libgcc.a(floatunsisf.o)
 .comment       0x0000000000000032       0x33 /Applications/MounRiver Studio 2.app/Contents/Resources/app/resources/darwin/components/WCH/Toolchain/RISC-V Embedded GCC/bin/../lib/gcc/riscv-none-embed/8.2.0/rv32imacxw/ilp32/libgcc.a(extendsfdf2.o)
 .comment       0x0000000000000032       0x33 /Applications/MounRiver Studio 2.app/Contents/Resources/app/resources/darwin/components/WCH/Toolchain/RISC-V Embedded GCC/bin/../lib/gcc/riscv-none-embed/8.2.0/rv32imacxw/ilp32/libgcc.a(_clzsi2.o)
 .comment       0x0000000000000032       0x33 /Applications/MounRiver Studio 2.app/Contents/Resources/app/resources/darwin/components/WCH/Toolchain/RISC-V Embedded GCC/bin/../lib/gcc/riscv-none-embed/8.2.0/rv32imacxw/ilp32/libgcc.a(_clz.o)

.debug_frame    0x0000000000000000     0x2a68
 .debug_frame   0x0000000000000000       0x30 ./User/ch32v20x_it.o
 .debug_frame   0x0000000000000030      0x168 ./User/main.o
 .debug_frame   0x0000000000000198      0x254 ./User/param_table.o
 .debug_frame   0x00000000000003ec      0x100 ./User/rtc.o
 .debug_frame   0x00000000000004ec      0x134 ./User/strip_detect.o
 .debug_frame   0x0000000000000620       0x30 ./User/system_ch32v20x.o
 .debug_frame   0x0000000000000650      0x310 ./User/uart_protocol.o
 .debug_frame   0x0000000000000960       0xcc ./User/uart_protocol_stubs.o
 .debug_frame   0x0000000000000a2c      0x2b4 ./Peripheral/src/ch32v20x_adc.o
 .debug_frame   0x0000000000000ce0       0xec ./Peripheral/src/ch32v20x_bkp.o
 .debug_frame   0x0000000000000dcc       0xcc ./Peripheral/src/ch32v20x_dma.o
 .debug_frame   0x0000000000000e98      0x380 ./Peripheral/src/ch32v20x_flash.o
 .debug_frame   0x0000000000001218      0x170 ./Peripheral/src/ch32v20x_gpio.o
 .debug_frame   0x0000000000001388       0x30 ./Peripheral/src/ch32v20x_misc.o
 .debug_frame   0x00000000000013b8       0x50 ./Peripheral/src/ch32v20x_opa.o
 .debug_frame   0x0000000000001408       0xfc ./Peripheral/src/ch32v20x_pwr.o
 .debug_frame   0x0000000000001504      0x254 ./Peripheral/src/ch32v20x_rcc.o
 .debug_frame   0x0000000000001758      0x12c ./Peripheral/src/ch32v20x_rtc.o
 .debug_frame   0x0000000000001884      0x614 ./Peripheral/src/ch32v20x_tim.o
 .debug_frame   0x0000000000001e98      0x1e4 ./Peripheral/src/ch32v20x_usart.o
 .debug_frame   0x000000000000207c       0xb8 ./Debug/debug.o
 .debug_frame   0x0000000000002134       0x20 /Applications/MounRiver Studio 2.app/Contents/Resources/app/resources/darwin/components/WCH/Toolchain/RISC-V Embedded GCC/bin/../lib/gcc/riscv-none-embed/8.2.0/../../../../riscv-none-embed/lib/rv32imacxw/ilp32/libg_nano.a(lib_a-memcpy.o)
 .debug_frame   0x0000000000002154       0x54 /Applications/MounRiver Studio 2.app/Contents/Resources/app/resources/darwin/components/WCH/Toolchain/RISC-V Embedded GCC/bin/../lib/gcc/riscv-none-embed/8.2.0/../../../../riscv-none-embed/lib/rv32imacxw/ilp32/libg_nano.a(lib_a-printf.o)
 .debug_frame   0x00000000000021a8       0x54 /Applications/MounRiver Studio 2.app/Contents/Resources/app/resources/darwin/components/WCH/Toolchain/RISC-V Embedded GCC/bin/../lib/gcc/riscv-none-embed/8.2.0/../../../../riscv-none-embed/lib/rv32imacxw/ilp32/libg_nano.a(lib_a-puts.o)
 .debug_frame   0x00000000000021fc       0x50 /Applications/MounRiver Studio 2.app/Contents/Resources/app/resources/darwin/components/WCH/Toolchain/RISC-V Embedded GCC/bin/../lib/gcc/riscv-none-embed/8.2.0/../../../../riscv-none-embed/lib/rv32imacxw/ilp32/libg_nano.a(lib_a-wbuf.o)
 .debug_frame   0x000000000000224c       0x3c /Applications/MounRiver Studio 2.app/Contents/Resources/app/resources/darwin/components/WCH/Toolchain/RISC-V Embedded GCC/bin/../lib/gcc/riscv-none-embed/8.2.0/../../../../riscv-none-embed/lib/rv32imacxw/ilp32/libg_nano.a(lib_a-wsetup.o)
 .debug_frame   0x0000000000002288       0x7c /Applications/MounRiver Studio 2.app/Contents/Resources/app/resources/darwin/components/WCH/Toolchain/RISC-V Embedded GCC/bin/../lib/gcc/riscv-none-embed/8.2.0/../../../../riscv-none-embed/lib/rv32imacxw/ilp32/libg_nano.a(lib_a-fflush.o)
 .debug_frame   0x0000000000002304      0x148 /Applications/MounRiver Studio 2.app/Contents/Resources/app/resources/darwin/components/WCH/Toolchain/RISC-V Embedded GCC/bin/../lib/gcc/riscv-none-embed/8.2.0/../../../../riscv-none-embed/lib/rv32imacxw/ilp32/libg_nano.a(lib_a-findfp.o)
 .debug_frame   0x000000000000244c       0x88 /Applications/MounRiver Studio 2.app/Contents/Resources/app/resources/darwin/components/WCH/Toolchain/RISC-V Embedded GCC/bin/../lib/gcc/riscv-none-embed/8.2.0/../../../../riscv-none-embed/lib/rv32imacxw/ilp32/libg_nano.a(lib_a-fwalk.o)
 .debug_frame   0x00000000000024d4       0x64 /Applications/MounRiver Studio 2.app/Contents/Resources/app/resources/darwin/components/WCH/Toolchain/RISC-V Embedded GCC/bin/../lib/gcc/riscv-none-embed/8.2.0/../../../../riscv-none-embed/lib/rv32imacxw/ilp32/libg_nano.a(lib_a-makebuf.o)
 .debug_frame   0x0000000000002538       0x40 /Applications/MounRiver Studio 2.app/Contents/Resources/app/resources/darwin/components/WCH/Toolchain/RISC-V Embedded GCC/bin/../lib/gcc/riscv-none-embed/8.2.0/../../../../riscv-none-embed/lib/rv32imacxw/ilp32/libg_nano.a(lib_a-nano-freer.o)
 .debug_frame   0x0000000000002578       0x40 /Applications/MounRiver Studio 2.app/Contents/Resources/app/resources/darwin/components/WCH/Toolchain/RISC-V Embedded GCC/bin/../lib/gcc/riscv-none-embed/8.2.0/../../../../riscv-none-embed/lib/rv32imacxw/ilp32/libg_nano.a(lib_a-nano-mallocr.o)
 .debug_frame   0x00000000000025b8       0xd0 /Applications/MounRiver Studio 2.app/Contents/Resources/app/resources/darwin/components/WCH/Toolchain/RISC-V Embedded GCC/bin/../lib/gcc/riscv-none-embed/8.2.0/../../../../riscv-none-embed/lib/rv32imacxw/ilp32/libg_nano.a(lib_a-nano-vfprintf.o)
 .debug_frame   0x0000000000002688       0x8c /Applications/MounRiver Studio 2.app/Contents/Resources/app/resources/darwin/components/WCH/Toolchain/RISC-V Embedded GCC/bin/../lib/gcc/riscv-none-embed/8.2.0/../../../../riscv-none-embed/lib/rv32imacxw/ilp32/libg_nano.a(lib_a-nano-vfprintf_i.o)
 .debug_frame   0x0000000000002714       0x30 /Applications/MounRiver Studio 2.app/Contents/Resources/app/resources/darwin/components/WCH/Toolchain/RISC-V Embedded GCC/bin/../lib/gcc/riscv-none-embed/8.2.0/../../../../riscv-none-embed/lib/rv32imacxw/ilp32/libg_nano.a(lib_a-sbrkr.o)
 .debug_frame   0x0000000000002744       0xa4 /Applications/MounRiver Studio 2.app/Contents/Resources/app/resources/darwin/components/WCH/Toolchain/RISC-V Embedded GCC/bin/../lib/gcc/riscv-none-embed/8.2.0/../../../../riscv-none-embed/lib/rv32imacxw/ilp32/libg_nano.a(lib_a-stdio.o)
 .debug_frame   0x00000000000027e8       0x30 /Applications/MounRiver Studio 2.app/Contents/Resources/app/resources/darwin/components/WCH/Toolchain/RISC-V Embedded GCC/bin/../lib/gcc/riscv-none-embed/8.2.0/../../../../riscv-none-embed/lib/rv32imacxw/ilp32/libg_nano.a(lib_a-writer.o)
 .debug_frame   0x0000000000002818       0x30 /Applications/MounRiver Studio 2.app/Contents/Resources/app/resources/darwin/components/WCH/Toolchain/RISC-V Embedded GCC/bin/../lib/gcc/riscv-none-embed/8.2.0/../../../../riscv-none-embed/lib/rv32imacxw/ilp32/libg_nano.a(lib_a-closer.o)
 .debug_frame   0x0000000000002848       0x30 /Applications/MounRiver Studio 2.app/Contents/Resources/app/resources/darwin/components/WCH/Toolchain/RISC-V Embedded GCC/bin/../lib/gcc/riscv-none-embed/8.2.0/../../../../riscv-none-embed/lib/rv32imacxw/ilp32/libg_nano.a(lib_a-fstatr.o)
 .debug_frame   0x0000000000002878       0x30 /Applications/MounRiver Studio 2.app/Contents/Resources/app/resources/darwin/components/WCH/Toolchain/RISC-V Embedded GCC/bin/../lib/gcc/riscv-none-embed/8.2.0/../../../../riscv-none-embed/lib/rv32imacxw/ilp32/libg_nano.a(lib_a-isattyr.o)
 .debug_frame   0x00000000000028a8       0x30 /Applications/MounRiver Studio 2.app/Contents/Resources/app/resources/darwin/components/WCH/Toolchain/RISC-V Embedded GCC/bin/../lib/gcc/riscv-none-embed/8.2.0/../../../../riscv-none-embed/lib/rv32imacxw/ilp32/libg_nano.a(lib_a-lseekr.o)
 .debug_frame   0x00000000000028d8       0x20 /Applications/MounRiver Studio 2.app/Contents/Resources/app/resources/darwin/components/WCH/Toolchain/RISC-V Embedded GCC/bin/../lib/gcc/riscv-none-embed/8.2.0/../../../../riscv-none-embed/lib/rv32imacxw/ilp32/libg_nano.a(lib_a-memchr.o)
 .debug_frame   0x00000000000028f8       0x30 /Applications/MounRiver Studio 2.app/Contents/Resources/app/resources/darwin/components/WCH/Toolchain/RISC-V Embedded GCC/bin/../lib/gcc/riscv-none-embed/8.2.0/../../../../riscv-none-embed/lib/rv32imacxw/ilp32/libg_nano.a(lib_a-mlock.o)
 .debug_frame   0x0000000000002928       0x30 /Applications/MounRiver Studio 2.app/Contents/Resources/app/resources/darwin/components/WCH/Toolchain/RISC-V Embedded GCC/bin/../lib/gcc/riscv-none-embed/8.2.0/../../../../riscv-none-embed/lib/rv32imacxw/ilp32/libg_nano.a(lib_a-readr.o)
 .debug_frame   0x0000000000002958       0x70 /Applications/MounRiver Studio 2.app/Contents/Resources/app/resources/darwin/components/WCH/Toolchain/RISC-V Embedded GCC/bin/../lib/gcc/riscv-none-embed/8.2.0/../../../../riscv-none-embed/lib/rv32imacxw/ilp32/libg_nano.a(lib_a-reent.o)
 .debug_frame   0x00000000000029c8       0x20 /Applications/MounRiver Studio 2.app/Contents/Resources/app/resources/darwin/components/WCH/Toolchain/RISC-V Embedded GCC/bin/../lib/gcc/riscv-none-embed/8.2.0/../../../../riscv-none-embed/lib/rv32imacxw/ilp32/libnosys.a(close.o)
 .debug_frame   0x00000000000029e8       0x20 /Applications/MounRiver Studio 2.app/Contents/Resources/app/resources/darwin/components/WCH/Toolchain/RISC-V Embedded GCC/bin/../lib/gcc/riscv-none-embed/8.2.0/../../../../riscv-none-embed/lib/rv32imacxw/ilp32/libnosys.a(fstat.o)
 .debug_frame   0x0000000000002a08       0x20 /Applications/MounRiver Studio 2.app/Contents/Resources/app/resources/darwin/components/WCH/Toolchain/RISC-V Embedded GCC/bin/../lib/gcc/riscv-none-embed/8.2.0/../../../../riscv-none-embed/lib/rv32imacxw/ilp32/libnosys.a(isatty.o)
 .debug_frame   0x0000000000002a28       0x20 /Applications/MounRiver Studio 2.app/Contents/Resources/app/resources/darwin/components/WCH/Toolchain/RISC-V Embedded GCC/bin/../lib/gcc/riscv-none-embed/8.2.0/../../../../riscv-none-embed/lib/rv32imacxw/ilp32/libnosys.a(lseek.o)
 .debug_frame   0x0000000000002a48       0x20 /Applications/MounRiver Studio 2.app/Contents/Resources/app/resources/darwin/components/WCH/Toolchain/RISC-V Embedded GCC/bin/../lib/gcc/riscv-none-embed/8.2.0/../../../../riscv-none-embed/lib/rv32imacxw/ilp32/libnosys.a(read.o)

.debug_loc      0x0000000000000000     0x7b53
 .debug_loc     0x0000000000000000      0x130 ./User/main.o
 .debug_loc     0x0000000000000130      0xf62 ./User/param_table.o
 .debug_loc     0x0000000000001092      0x406 ./User/rtc.o
 .debug_loc     0x0000000000001498      0x153 ./User/strip_detect.o
 .debug_loc     0x00000000000015eb       0xac ./User/system_ch32v20x.o
 .debug_loc     0x0000000000001697     0x1235 ./User/uart_protocol.o
 .debug_loc     0x00000000000028cc       0x9f ./User/uart_protocol_stubs.o
 .debug_loc     0x000000000000296b      0xab6 ./Peripheral/src/ch32v20x_adc.o
 .debug_loc     0x0000000000003421       0xd8 ./Peripheral/src/ch32v20x_bkp.o
 .debug_loc     0x00000000000034f9      0x155 ./Peripheral/src/ch32v20x_dma.o
 .debug_loc     0x000000000000364e      0xc9b ./Peripheral/src/ch32v20x_flash.o
 .debug_loc     0x00000000000042e9      0x8a1 ./Peripheral/src/ch32v20x_gpio.o
 .debug_loc     0x0000000000004b8a       0x2d ./Peripheral/src/ch32v20x_misc.o
 .debug_loc     0x0000000000004bb7       0x56 ./Peripheral/src/ch32v20x_opa.o
 .debug_loc     0x0000000000004c0d      0x29e ./Peripheral/src/ch32v20x_pwr.o
 .debug_loc     0x0000000000004eab      0x797 ./Peripheral/src/ch32v20x_rcc.o
 .debug_loc     0x0000000000005642      0x377 ./Peripheral/src/ch32v20x_rtc.o
 .debug_loc     0x00000000000059b9     0x190e ./Peripheral/src/ch32v20x_tim.o
 .debug_loc     0x00000000000072c7      0x715 ./Peripheral/src/ch32v20x_usart.o
 .debug_loc     0x00000000000079dc      0x177 ./Debug/debug.o

.stab           0x0000000000000000       0x84
 .stab          0x0000000000000000       0x24 /Applications/MounRiver Studio 2.app/Contents/Resources/app/resources/darwin/components/WCH/Toolchain/RISC-V Embedded GCC/bin/../lib/gcc/riscv-none-embed/8.2.0/../../../../riscv-none-embed/lib/rv32imacxw/ilp32/libnosys.a(close.o)
 .stab          0x0000000000000024       0x18 /Applications/MounRiver Studio 2.app/Contents/Resources/app/resources/darwin/components/WCH/Toolchain/RISC-V Embedded GCC/bin/../lib/gcc/riscv-none-embed/8.2.0/../../../../riscv-none-embed/lib/rv32imacxw/ilp32/libnosys.a(fstat.o)
                                         0x24 (size before relaxing)
 .stab          0x000000000000003c       0x18 /Applications/MounRiver Studio 2.app/Contents/Resources/app/resources/darwin/components/WCH/Toolchain/RISC-V Embedded GCC/bin/../lib/gcc/riscv-none-embed/8.2.0/../../../../riscv-none-embed/lib/rv32imacxw/ilp32/libnosys.a(isatty.o)
                                         0x24 (size before relaxing)
 .stab          0x0000000000000054       0x18 /Applications/MounRiver Studio 2.app/Contents/Resources/app/resources/darwin/components/WCH/Toolchain/RISC-V Embedded GCC/bin/../lib/gcc/riscv-none-embed/8.2.0/../../../../riscv-none-embed/lib/rv32imacxw/ilp32/libnosys.a(lseek.o)
                                         0x24 (size before relaxing)
 .stab          0x000000000000006c       0x18 /Applications/MounRiver Studio 2.app/Contents/Resources/app/resources/darwin/components/WCH/Toolchain/RISC-V Embedded GCC/bin/../lib/gcc/riscv-none-embed/8.2.0/../../../../riscv-none-embed/lib/rv32imacxw/ilp32/libnosys.a(read.o)
                                         0x24 (size before relaxing)

.stabstr        0x0000000000000000      0x117
 .stabstr       0x0000000000000000      0x117 /Applications/MounRiver Studio 2.app/Contents/Resources/app/resources/darwin/components/WCH/Toolchain/RISC-V Embedded GCC/bin/../lib/gcc/riscv-none-embed/8.2.0/../../../../riscv-none-embed/lib/rv32imacxw/ilp32/libnosys.a(close.o)