Archive member included to satisfy reference by file (symbol)

/Applications/MounRiver Studio 2.app/Contents/Resources/app/resources/darwin/components/WCH/Toolchain/RISC-V Embedded GCC/bin/../lib/gcc/riscv-none-embed/8.2.0/rv32imacxw/ilp32/libgcc.a(save-restore.o)
                              ./Peripheral/src/ch32v20x_flash.o (__riscv_save_7)
/Applications/MounRiver Studio 2.app/Contents/Resources/app/resources/darwin/components/WCH/Toolchain/RISC-V Embedded GCC/bin/../lib/gcc/riscv-none-embed/8.2.0/../../../../riscv-none-embed/lib/rv32imacxw/ilp32/libg_nano.a(lib_a-memcpy.o)
                              ./User/main.o (memcpy)
/Applications/MounRiver Studio 2.app/Contents/Resources/app/resources/darwin/components/WCH/Toolchain/RISC-V Embedded GCC/bin/../lib/gcc/riscv-none-embed/8.2.0/../../../../riscv-none-embed/lib/rv32imacxw/ilp32/libg_nano.a(lib_a-memset.o)
                              ./User/main.o (memset)
/Applications/MounRiver Studio 2.app/Contents/Resources/app/resources/darwin/components/WCH/Toolchain/RISC-V Embedded GCC/bin/../lib/gcc/riscv-none-embed/8.2.0/../../../../riscv-none-embed/lib/rv32imacxw/ilp32/libg_nano.a(lib_a-printf.o)
                              ./User/main.o (printf)
/Applications/MounRiver Studio 2.app/Contents/Resources/app/resources/darwin/components/WCH/Toolchain/RISC-V Embedded GCC/bin/../lib/gcc/riscv-none-embed/8.2.0/../../../../riscv-none-embed/lib/rv32imacxw/ilp32/libg_nano.a(lib_a-puts.o)
                              ./User/main.o (puts)
/Applications/MounRiver Studio 2.app/Contents/Resources/app/resources/darwin/components/WCH/Toolchain/RISC-V Embedded GCC/bin/../lib/gcc/riscv-none-embed/8.2.0/../../../../riscv-none-embed/lib/rv32imacxw/ilp32/libg_nano.a(lib_a-wbuf.o)
                              /Applications/MounRiver Studio 2.app/Contents/Resources/app/resources/darwin/components/WCH/Toolchain/RISC-V Embedded GCC/bin/../lib/gcc/riscv-none-embed/8.2.0/../../../../riscv-none-embed/lib/rv32imacxw/ilp32/libg_nano.a(lib_a-puts.o) (__swbuf_r)
/Applications/MounRiver Studio 2.app/Contents/Resources/app/resources/darwin/components/WCH/Toolchain/RISC-V Embedded GCC/bin/../lib/gcc/riscv-none-embed/8.2.0/../../../../riscv-none-embed/lib/rv32imacxw/ilp32/libg_nano.a(lib_a-wsetup.o)
                              /Applications/MounRiver Studio 2.app/Contents/Resources/app/resources/darwin/components/WCH/Toolchain/RISC-V Embedded GCC/bin/../lib/gcc/riscv-none-embed/8.2.0/../../../../riscv-none-embed/lib/rv32imacxw/ilp32/libg_nano.a(lib_a-puts.o) (__swsetup_r)
/Applications/MounRiver Studio 2.app/Contents/Resources/app/resources/darwin/components/WCH/Toolchain/RISC-V Embedded GCC/bin/../lib/gcc/riscv-none-embed/8.2.0/../../../../riscv-none-embed/lib/rv32imacxw/ilp32/libg_nano.a(lib_a-fflush.o)
                              /Applications/MounRiver Studio 2.app/Contents/Resources/app/resources/darwin/components/WCH/Toolchain/RISC-V Embedded GCC/bin/../lib/gcc/riscv-none-embed/8.2.0/../../../../riscv-none-embed/lib/rv32imacxw/ilp32/libg_nano.a(lib_a-wbuf.o) (_fflush_r)
/Applications/MounRiver Studio 2.app/Contents/Resources/app/resources/darwin/components/WCH/Toolchain/RISC-V Embedded GCC/bin/../lib/gcc/riscv-none-embed/8.2.0/../../../../riscv-none-embed/lib/rv32imacxw/ilp32/libg_nano.a(lib_a-findfp.o)
                              /Applications/MounRiver Studio 2.app/Contents/Resources/app/resources/darwin/components/WCH/Toolchain/RISC-V Embedded GCC/bin/../lib/gcc/riscv-none-embed/8.2.0/../../../../riscv-none-embed/lib/rv32imacxw/ilp32/libg_nano.a(lib_a-printf.o) (__sinit)
/Applications/MounRiver Studio 2.app/Contents/Resources/app/resources/darwin/components/WCH/Toolchain/RISC-V Embedded GCC/bin/../lib/gcc/riscv-none-embed/8.2.0/../../../../riscv-none-embed/lib/rv32imacxw/ilp32/libg_nano.a(lib_a-fwalk.o)
                              /Applications/MounRiver Studio 2.app/Contents/Resources/app/resources/darwin/components/WCH/Toolchain/RISC-V Embedded GCC/bin/../lib/gcc/riscv-none-embed/8.2.0/../../../../riscv-none-embed/lib/rv32imacxw/ilp32/libg_nano.a(lib_a-findfp.o) (_fwalk)
/Applications/MounRiver Studio 2.app/Contents/Resources/app/resources/darwin/components/WCH/Toolchain/RISC-V Embedded GCC/bin/../lib/gcc/riscv-none-embed/8.2.0/../../../../riscv-none-embed/lib/rv32imacxw/ilp32/libg_nano.a(lib_a-impure.o)
                              /Applications/MounRiver Studio 2.app/Contents/Resources/app/resources/darwin/components/WCH/Toolchain/RISC-V Embedded GCC/bin/../lib/gcc/riscv-none-embed/8.2.0/../../../../riscv-none-embed/lib/rv32imacxw/ilp32/libg_nano.a(lib_a-fflush.o) (_global_impure_ptr)
/Applications/MounRiver Studio 2.app/Contents/Resources/app/resources/darwin/components/WCH/Toolchain/RISC-V Embedded GCC/bin/../lib/gcc/riscv-none-embed/8.2.0/../../../../riscv-none-embed/lib/rv32imacxw/ilp32/libg_nano.a(lib_a-makebuf.o)
[...]
Memory Configuration

Name             Origin             Length             Attributes
FLASH            0x0000000000000000 0x0000000000010000 xr
RAM              0x0000000020000000 0x0000000000005000 xrw
*default*        0x0000000000000000 0xffffffffffffffff

Linker script and memory map

LOAD ./User/ch32v20x_it.o
LOAD ./User/main.o
LOAD ./User/param_table.o
LOAD ./User/system_ch32v20x.o
LOAD ./User/uart_protocol.o
LOAD ./User/uart_protocol_stubs.o
LOAD ./Startup/startup_ch32v20x_D6.o
LOAD ./Peripheral/src/ch32v20x_adc.o
LOAD ./Peripheral/src/ch32v20x_bkp.o
LOAD ./Peripheral/src/ch32v20x_can.o
LOAD ./Peripheral/src/ch32v20x_crc.o
LOAD ./Peripheral/src/ch32v20x_dbgmcu.o
LOAD ./Peripheral/src/ch32v20x_dma.o
LOAD ./Peripheral/src/ch32v20x_exti.o
LOAD ./Peripheral/src/ch32v20x_flash.o
LOAD ./Peripheral/src/ch32v20x_gpio.o
LOAD ./Peripheral/src/ch32v20x_i2c.o
LOAD ./Peripheral/src/ch32v20x_iwdg.o
LOAD ./Peripheral/src/ch32v20x_misc.o
LOAD ./Peripheral/src/ch32v20x_opa.o
LOAD ./Peripheral/src/ch32v20x_pwr.o
LOAD ./Peripheral/src/ch32v20x_rcc.o
LOAD ./Peripheral/src/ch32v20x_rtc.o
LOAD ./Peripheral/src/ch32v20x_spi.o
LOAD ./Peripheral/src/ch32v20x_tim.o
LOAD ./Peripheral/src/ch32v20x_usart.o
LOAD ./Peripheral/src/ch32v20x_wwdg.o
LOAD ./Debug/debug.o
LOAD ./Core/core_riscv.o
LOAD /Applications/MounRiver Studio 2.app/Contents/Resources/app/resources/darwin/components/WCH/Toolchain/RISC-V Embedded GCC/bin/../lib/gcc/riscv-none-embed/8.2.0/rv32imacxw/ilp32/libgcc.a
LOAD /Applications/MounRiver Studio 2.app/Contents/Resources/app/resources/darwin/components/WCH/Toolchain/RISC-V Embedded GCC/bin/../lib/gcc/riscv-none-embed/8.2.0/../../../../riscv-none-embed/lib/rv32imacxw/ilp32/libg_nano.a
LOAD /Applications/MounRiver Studio 2.app/Contents/Resources/app/resources/darwin/components/WCH/Toolchain/RISC-V Embedded GCC/bin/../lib/gcc/riscv-none-embed/8.2.0/../../../../riscv-none-embed/lib/rv32imacxw/ilp32/libc_nano.a
LOAD /Applications/MounRiver Studio 2.app/Contents/Resources/app/resources/darwin/components/WCH/Toolchain/RISC-V Embedded GCC/bin/../lib/gcc/riscv-none-embed/8.2.0/rv32imacxw/ilp32/libgcc.a
START GROUP
LOAD /Applications/MounRiver Studio 2.app/Contents/Resources/app/resources/darwin/components/WCH/Toolchain/RISC-V Embedded GCC/bin/../lib/gcc/riscv-none-embed/8.2.0/rv32imacxw/ilp32/libgcc.a
LOAD /Applications/MounRiver Studio 2.app/Contents/Resources/app/resources/darwin/components/WCH/Toolchain/RISC-V Embedded GCC/bin/../lib/gcc/riscv-none-embed/8.2.0/../../../../riscv-none-embed/lib/rv32imacxw/ilp32/libc_nano.a
LOAD /Applications/MounRiver Studio 2.app/Contents/Resources/app/resources/darwin/components/WCH/Toolchain/RISC-V Embedded GCC/bin/../lib/gcc/riscv-none-embed/8.2.0/../../../../riscv-none-embed/lib/rv32imacxw/ilp32/libnosys.a
END GROUP
START GROUP
LOAD /Applications/MounRiver Studio 2.app/Contents/Resources/app/resources/darwin/components/WCH/Toolchain/RISC-V Embedded GCC/bin/../lib/gcc/riscv-none-embed/8.2.0/rv32imacxw/ilp32/libgcc.a
LOAD /Applications/MounRiver Studio 2.app/Contents/Resources/app/resources/darwin/components/WCH/Toolchain/RISC-V Embedded GCC/bin/../lib/gcc/riscv-none-embed/8.2.0/../../../../riscv-none-embed/lib/rv32imacxw/ilp32/libc_nano.a
LOAD /Applications/MounRiver Studio 2.app/Contents/Resources/app/resources/darwin/components/WCH/Toolchain/RISC-V Embedded GCC/bin/../lib/gcc/riscv-none-embed/8.2.0/../../../../riscv-none-embed/lib/rv32imacxw/ilp32/libnosys.a
END GROUP
                0x0000000000000800                __stack_size = 0x800
                [!provide]                        PROVIDE (_stack_size = __stack_size)

.init           0x0000000000000000        0x4
                0x0000000000000000                _sinit = .
                0x0000000000000000                . = ALIGN (0x4)
 *(SORT_NONE(.init))
 .init          0x0000000000000000        0x4 ./Startup/startup_ch32v20x_D6.o
                0x0000000000000000                _start
                0x0000000000000004                . = ALIGN (0x4)
                0x0000000000000004                _einit = .

.vector         0x0000000000000004       0xfc
 *(.vector)
 .vector        0x0000000000000004       0xfc ./Startup/startup_ch32v20x_D6.o
                0x0000000000000100                . = ALIGN (0x40)

.text           0x0000000000000100     0x2e88
                0x0000000000000100                . = ALIGN (0x4)
 *(.text)
 .text          0x0000000000000100       0x60 /Applications/MounRiver Studio 2.app/Contents/Resources/app/resources/darwin/components/WCH/Toolchain/RISC-V Embedded GCC/bin/../lib/gcc/riscv-none-embed/8.2.0/rv32imacxw/ilp32/libgcc.a(save-restore.o)
                0x0000000000000100                __riscv_save_12
                0x0000000000000108                __riscv_save_10
                0x0000000000000108                __riscv_save_8
                0x0000000000000108                __riscv_save_11
                0x0000000000000108                __riscv_save_9
                0x0000000000000116                __riscv_save_4
                0x0000000000000116                __riscv_save_7
                0x0000000000000116                __riscv_save_6
                0x0000000000000116                __riscv_save_5
                0x0000000000000130                __riscv_save_3
                0x0000000000000130                __riscv_save_2
                0x0000000000000130                __riscv_save_0
                0x0000000000000130                __riscv_save_1
                0x000000000000013c                __riscv_restore_12
                0x0000000000000140                __riscv_restore_8
                0x0000000000000140                __riscv_restore_10
                0x0000000000000140                __riscv_restore_9
                0x0000000000000140                __riscv_restore_11
                0x000000000000014a                __riscv_restore_5
                0x000000000000014a                __riscv_restore_7
                0x000000000000014a                __riscv_restore_4
                0x000000000000014a                __riscv_restore_6
                0x0000000000000154                __riscv_restore_3
                0x0000000000000154                __riscv_restore_1
                0x0000000000000154                __riscv_restore_0
                0x0000000000000154                __riscv_restore_2
 .text          0x0000000000000160       0xa8 /Applications/MounRiver Studio 2.app/Contents/Resources/app/resources/darwin/components/WCH/Toolchain/RISC-V Embedded GCC/bin/../lib/gcc/riscv-none-embed/8.2.0/../../../../riscv-none-embed/lib/rv32imacxw/ilp32/libg_nano.a(lib_a-memset.o)
                0x0000000000000160                memset
 *(.text.*)
 .text.NMI_Handler
                0x0000000000000208        0x2 ./User/ch32v20x_it.o
                0x0000000000000208                NMI_Handler
 .text.HardFault_Handler
                0x000000000000020a       0x10 ./User/ch32v20x_it.o
                0x000000000000020a                HardFault_Handler
 .text.USARTx_CFG
                0x000000000000021a       0xa4 ./User/main.o
                0x000000000000021a                USARTx_CFG
 .text.DMA_INIT
                0x00000000000002be       0x96 ./User/main.o
                0x00000000000002be                DMA_INIT
 .text.ring_buffer_push_huge
                0x0000000000000354       0x9a ./User/main.o
                0x0000000000000354                ring_buffer_push_huge
 .text.startup.main
                0x00000000000003ee       0xea ./User/main.o
                0x00000000000003ee                main
 .text.USART2_IRQHandler
                0x00000000000004d8       0xce ./User/main.o
                0x00000000000004d8                USART2_IRQHandler
 .text.DMA1_Channel6_IRQHandler
                0x00000000000005a6       0x8e ./User/main.o
                0x00000000000005a6                DMA1_Channel6_IRQHandler
 .text.PARAM_GetByte
                0x0000000000000634       0x16 ./User/param_table.o
                0x0000000000000634                PARAM_GetByte
 .text.PARAM_SetByte
                0x000000000000064a       0x12 ./User/param_table.o
                0x000000000000064a                PARAM_SetByte
 .text.PARAM_GetWord
                0x000000000000065c       0x1c ./User/param_table.o
                0x000000000000065c                PARAM_GetWord
 .text.PARAM_SetWord
                0x0000000000000678       0x16 ./User/param_table.o
                0x0000000000000678                PARAM_SetWord
 .text.PARAM_VerifyChecksum
                0x000000000000068e       0x34 ./User/param_table.o
                0x000000000000068e                PARAM_VerifyChecksum
 .text.PARAM_UpdateChecksum
                0x00000000000006c2       0x3e ./User/param_table.o
                0x00000000000006c2                PARAM_UpdateChecksum
 .text.PARAM_SaveToFlash
                0x0000000000000700       0x38 ./User/param_table.o
                0x0000000000000700                PARAM_SaveToFlash
 .text.PARAM_LoadFromFlash
                0x0000000000000738       0x26 ./User/param_table.o
                0x0000000000000738                PARAM_LoadFromFlash
 .text.PARAM_SetDefault
                0x000000000000075e       0xe4 ./User/param_table.o
                0x000000000000075e                PARAM_SetDefault
 .text.PARAM_Init
                0x0000000000000842       0x2e ./User/param_table.o
                0x0000000000000842                PARAM_Init
 .text.StripType_GetName
                0x0000000000000870       0x20 ./User/param_table.o
                0x0000000000000870                StripType_GetName
 .text.Unit_GetSymbol
                0x0000000000000890       0x20 ./User/param_table.o
                0x0000000000000890                Unit_GetSymbol
 .text.PARAM_GetDateTime
                0x00000000000008b0       0x42 ./User/param_table.o
                0x00000000000008b0                PARAM_GetDateTime
 .text.PARAM_SetDateTime
                0x00000000000008f2       0x6a ./User/param_table.o
                0x00000000000008f2                PARAM_SetDateTime
 .text.SystemInit
                0x000000000000095c       0xea ./User/system_ch32v20x.o
                0x000000000000095c                SystemInit
 .text.UART_Protocol_Init
                0x0000000000000a46       0x44 ./User/uart_protocol.o
                0x0000000000000a46                UART_Protocol_Init
 .text.UART_CalculateChecksum
                0x0000000000000a8a       0x22 ./User/uart_protocol.o
                0x0000000000000a8a                UART_CalculateChecksum
 .text.UART_SendPacket.part.1
                0x0000000000000aac       0x8a ./User/uart_protocol.o
 .text.UART_VerifyChecksum
                0x0000000000000b36       0x2c ./User/uart_protocol.o
                0x0000000000000b36                UART_VerifyChecksum
 .text.UART_SendPacket
                0x0000000000000b62       0x16 ./User/uart_protocol.o
                0x0000000000000b62                UART_SendPacket
 .text.UART_SendSyncTimeAck
                0x0000000000000b78       0x18 ./User/uart_protocol.o
                0x0000000000000b78                UART_SendSyncTimeAck
 .text.UART_SendStatusAck
                0x0000000000000b90       0x46 ./User/uart_protocol.o
                0x0000000000000b90                UART_SendStatusAck
 .text.UART_SendParamAck
                0x0000000000000bd6       0x18 ./User/uart_protocol.o
                0x0000000000000bd6                UART_SendParamAck
 .text.UART_SendBloodNotify
                0x0000000000000bee       0x18 ./User/uart_protocol.o
                0x0000000000000bee                UART_SendBloodNotify
 .text.UART_SendResultAck
                0x0000000000000c06       0xb2 ./User/uart_protocol.o
                0x0000000000000c06                UART_SendResultAck
 .text.UART_SendRawDataAck
                0x0000000000000cb8      0x144 ./User/uart_protocol.o
                0x0000000000000cb8                UART_SendRawDataAck
 .text.UART_SendErrorAck
                0x0000000000000dfc       0x1a ./User/uart_protocol.o
                0x0000000000000dfc                UART_SendErrorAck
 .text.UART_ProcessSyncTime
                0x0000000000000e16       0xd6 ./User/uart_protocol.o
                0x0000000000000e16                UART_ProcessSyncTime
 .text.UART_ProcessGetStatus
                0x0000000000000eec       0x32 ./User/uart_protocol.o
                0x0000000000000eec                UART_ProcessGetStatus
 .text.UART_ProcessSetParam
                0x0000000000000f1e       0x4a ./User/uart_protocol.o
                0x0000000000000f1e                UART_ProcessSetParam
 .text.UART_ProcessCheckBlood
                0x0000000000000f68       0x4e ./User/uart_protocol.o
                0x0000000000000f68                UART_ProcessCheckBlood
 .text.UART_ProcessGetResult
                0x0000000000000fb6       0x6c ./User/uart_protocol.o
                0x0000000000000fb6                UART_ProcessGetResult
 .text.UART_ProcessGetRawData
                0x0000000000001022       0x3e ./User/uart_protocol.o
                0x0000000000001022                UART_ProcessGetRawData
 .text.UART_ProcessPacket
                0x0000000000001060       0x82 ./User/uart_protocol.o
                0x0000000000001060                UART_ProcessPacket
 .text.UART_Protocol_Process
                0x00000000000010e2       0x44 ./User/uart_protocol.o
                0x00000000000010e2                UART_Protocol_Process
 .text.UART2_Receive_Byte_ISR
                0x0000000000001126       0xee ./User/uart_protocol.o
                0x0000000000001126                UART2_Receive_Byte_ISR
 .text.Get_Battery_Voltage
                0x0000000000001214        0x8 ./User/uart_protocol_stubs.o
                0x0000000000001214                Get_Battery_Voltage
 .text.Get_Temperature
                0x000000000000121c        0x6 ./User/uart_protocol_stubs.o
                0x000000000000121c                Get_Temperature
 .text.Check_Strip_Status
                0x0000000000001222        0x4 ./User/uart_protocol_stubs.o
                0x0000000000001222                Check_Strip_Status
 .text.Check_Blood_Status
                0x0000000000001226       0x20 ./User/uart_protocol_stubs.o
                0x0000000000001226                Check_Blood_Status
 .text.Perform_Test
                0x0000000000001246        0x4 ./User/uart_protocol_stubs.o
                0x0000000000001246                Perform_Test
 .text.Get_Test_Data
                0x000000000000124a       0x7c ./User/uart_protocol_stubs.o
                0x000000000000124a                Get_Test_Data
 .text.Get_Raw_Test_Data
                0x00000000000012c6       0x8a ./User/uart_protocol_stubs.o
                0x00000000000012c6                Get_Raw_Test_Data
 .text.vector_handler
                0x0000000000001350        0x2 ./Startup/startup_ch32v20x_D6.o
                0x0000000000001350                USBWakeUp_IRQHandler
                0x0000000000001350                TIM1_CC_IRQHandler
                0x0000000000001350                SysTick_Handler
                0x0000000000001350                PVD_IRQHandler
                0x0000000000001350                EXTI3_IRQHandler
                0x0000000000001350                USBFS_IRQHandler
                0x0000000000001350                EXTI0_IRQHandler
                0x0000000000001350                I2C2_EV_IRQHandler
                0x0000000000001350                ADC1_2_IRQHandler
                0x0000000000001350                Break_Point_Handler
                0x0000000000001350                SPI1_IRQHandler
                0x0000000000001350                TAMPER_IRQHandler
                0x0000000000001350                Ecall_M_Mode_Handler
                0x0000000000001350                DMA1_Channel4_IRQHandler
                0x0000000000001350                USART3_IRQHandler
                0x0000000000001350                RTC_IRQHandler
                0x0000000000001350                DMA1_Channel7_IRQHandler
                0x0000000000001350                CAN1_RX1_IRQHandler
                0x0000000000001350                TIM4_IRQHandler
                0x0000000000001350                I2C1_EV_IRQHandler
                0x0000000000001350                UART4_IRQHandler
                0x0000000000001350                TIM3_IRQHandler
                0x0000000000001350                RCC_IRQHandler
                0x0000000000001350                TIM1_TRG_COM_IRQHandler
                0x0000000000001350                DMA1_Channel1_IRQHandler
                0x0000000000001350                EXTI15_10_IRQHandler
                0x0000000000001350                DMA1_Channel8_IRQHandler
                0x0000000000001350                EXTI9_5_IRQHandler
                0x0000000000001350                SPI2_IRQHandler
                0x0000000000001350                DMA1_Channel5_IRQHandler
                0x0000000000001350                EXTI4_IRQHandler
                0x0000000000001350                USB_LP_CAN1_RX0_IRQHandler
                0x0000000000001350                USB_HP_CAN1_TX_IRQHandler
                0x0000000000001350                DMA1_Channel3_IRQHandler
                0x0000000000001350                TIM1_UP_IRQHandler
                0x0000000000001350                WWDG_IRQHandler
                0x0000000000001350                Ecall_U_Mode_Handler
                0x0000000000001350                TIM2_IRQHandler
                0x0000000000001350                SW_Handler
                0x0000000000001350                TIM1_BRK_IRQHandler
                0x0000000000001350                EXTI1_IRQHandler
                0x0000000000001350                RTCAlarm_IRQHandler
                0x0000000000001350                I2C2_ER_IRQHandler
                0x0000000000001350                DMA1_Channel2_IRQHandler
                0x0000000000001350                CAN1_SCE_IRQHandler
                0x0000000000001350                FLASH_IRQHandler
                0x0000000000001350                USBFSWakeUp_IRQHandler
                0x0000000000001350                USART1_IRQHandler
                0x0000000000001350                I2C1_ER_IRQHandler
                0x0000000000001350                EXTI2_IRQHandler
 .text.handle_reset
                0x0000000000001352       0x86 ./Startup/startup_ch32v20x_D6.o
                0x0000000000001352                handle_reset
 .text.DMA_DeInit
                0x00000000000013d8       0x9c ./Peripheral/src/ch32v20x_dma.o
                0x00000000000013d8                DMA_DeInit
 .text.DMA_Init
                0x0000000000001474       0x38 ./Peripheral/src/ch32v20x_dma.o
                0x0000000000001474                DMA_Init
 .text.DMA_Cmd  0x00000000000014ac       0x14 ./Peripheral/src/ch32v20x_dma.o
                0x00000000000014ac                DMA_Cmd
 .text.DMA_ITConfig
                0x00000000000014c0       0x12 ./Peripheral/src/ch32v20x_dma.o
                0x00000000000014c0                DMA_ITConfig
 .text.DMA_SetCurrDataCounter
                0x00000000000014d2        0x4 ./Peripheral/src/ch32v20x_dma.o
                0x00000000000014d2                DMA_SetCurrDataCounter
 .text.DMA_ClearITPendingBit
                0x00000000000014d6        0x8 ./Peripheral/src/ch32v20x_dma.o
                0x00000000000014d6                DMA_ClearITPendingBit
 .text.FLASH_Unlock
                0x00000000000014de       0x1a ./Peripheral/src/ch32v20x_flash.o
                0x00000000000014de                FLASH_Unlock
 .text.FLASH_Lock
                0x00000000000014f8        0xe ./Peripheral/src/ch32v20x_flash.o
                0x00000000000014f8                FLASH_Lock
 .text.FLASH_GetBank1Status
                0x0000000000001506       0x18 ./Peripheral/src/ch32v20x_flash.o
                0x0000000000001506                FLASH_GetBank1Status
 .text.FLASH_WaitForLastOperation
                0x000000000000151e       0x20 ./Peripheral/src/ch32v20x_flash.o
                0x000000000000151e                FLASH_WaitForLastOperation
 .text.FLASH_ErasePage
                0x000000000000153e       0x38 ./Peripheral/src/ch32v20x_flash.o
                0x000000000000153e                FLASH_ErasePage
 .text.FLASH_ProgramHalfWord
                0x0000000000001576       0x34 ./Peripheral/src/ch32v20x_flash.o
                0x0000000000001576                FLASH_ProgramHalfWord
 .text.GPIO_Init
                0x00000000000015aa       0xf2 ./Peripheral/src/ch32v20x_gpio.o
                0x00000000000015aa                GPIO_Init
 .text.NVIC_PriorityGroupConfig
                0x000000000000169c        0x6 ./Peripheral/src/ch32v20x_misc.o
                0x000000000000169c                NVIC_PriorityGroupConfig
 .text.NVIC_Init
                0x00000000000016a2       0x54 ./Peripheral/src/ch32v20x_misc.o
                0x00000000000016a2                NVIC_Init
 .text.RCC_GetClocksFreq
                0x00000000000016f6       0xbe ./Peripheral/src/ch32v20x_rcc.o
                0x00000000000016f6                RCC_GetClocksFreq
 .text.RCC_AHBPeriphClockCmd
                0x00000000000017b4       0x1e ./Peripheral/src/ch32v20x_rcc.o
                0x00000000000017b4                RCC_AHBPeriphClockCmd
 .text.RCC_APB2PeriphClockCmd
                0x00000000000017d2       0x1e ./Peripheral/src/ch32v20x_rcc.o
                0x00000000000017d2                RCC_APB2PeriphClockCmd
 .text.RCC_APB1PeriphClockCmd
                0x00000000000017f0       0x1e ./Peripheral/src/ch32v20x_rcc.o
                0x00000000000017f0                RCC_APB1PeriphClockCmd
 .text.USART_Init
                0x000000000000180e       0x8e ./Peripheral/src/ch32v20x_usart.o
                0x000000000000180e                USART_Init
 .text.USART_Cmd
                0x000000000000189c       0x16 ./Peripheral/src/ch32v20x_usart.o
                0x000000000000189c                USART_Cmd
 .text.USART_ITConfig
                0x00000000000018b2       0x36 ./Peripheral/src/ch32v20x_usart.o
                0x00000000000018b2                USART_ITConfig
 .text.USART_DMACmd
                0x00000000000018e8       0x12 ./Peripheral/src/ch32v20x_usart.o
                0x00000000000018e8                USART_DMACmd
 .text.USART_SendData
                0x00000000000018fa        0x8 ./Peripheral/src/ch32v20x_usart.o
                0x00000000000018fa                USART_SendData
 .text.USART_ReceiveData
                0x0000000000001902        0x8 ./Peripheral/src/ch32v20x_usart.o
                0x0000000000001902                USART_ReceiveData
 .text.USART_GetFlagStatus
                0x000000000000190a        0xa ./Peripheral/src/ch32v20x_usart.o
                0x000000000000190a                USART_GetFlagStatus
 .text.USART_GetITStatus
                0x0000000000001914       0x3c ./Peripheral/src/ch32v20x_usart.o
                0x0000000000001914                USART_GetITStatus
 .text.Delay_Init
                0x0000000000001950       0x2a ./Debug/debug.o
                0x0000000000001950                Delay_Init
 .text.Delay_Ms
                0x000000000000197a       0x36 ./Debug/debug.o
                0x000000000000197a                Delay_Ms
 .text.USART_Printf_Init
                0x00000000000019b0       0x54 ./Debug/debug.o
                0x00000000000019b0                USART_Printf_Init
 .text._write   0x0000000000001a04       0x3a ./Debug/debug.o
                0x0000000000001a04                _write
 .text._sbrk    0x0000000000001a3e       0x26 ./Debug/debug.o
                0x0000000000001a3e                _sbrk
 .text.memcpy   0x0000000000001a64       0xb2 /Applications/MounRiver Studio 2.app/Contents/Resources/app/resources/darwin/components/WCH/Toolchain/RISC-V Embedded GCC/bin/../lib/gcc/riscv-none-embed/8.2.0/../../../../riscv-none-embed/lib/rv32imacxw/ilp32/libg_nano.a(lib_a-memcpy.o)
                0x0000000000001a64                memcpy
 .text.printf   0x0000000000001b16       0x40 /Applications/MounRiver Studio 2.app/Contents/Resources/app/resources/darwin/components/WCH/Toolchain/RISC-V Embedded GCC/bin/../lib/gcc/riscv-none-embed/8.2.0/../../../../riscv-none-embed/lib/rv32imacxw/ilp32/libg_nano.a(lib_a-printf.o)
                0x0000000000001b16                printf
                0x0000000000001b16                iprintf
 .text._puts_r  0x0000000000001b56       0xd4 /Applications/MounRiver Studio 2.app/Contents/Resources/app/resources/darwin/components/WCH/Toolchain/RISC-V Embedded GCC/bin/../lib/gcc/riscv-none-embed/8.2.0/../../../../riscv-none-embed/lib/rv32imacxw/ilp32/libg_nano.a(lib_a-puts.o)
                0x0000000000001b56                _puts_r
 .text.puts     0x0000000000001c2a        0xa /Applications/MounRiver Studio 2.app/Contents/Resources/app/resources/darwin/components/WCH/Toolchain/RISC-V Embedded GCC/bin/../lib/gcc/riscv-none-embed/8.2.0/../../../../riscv-none-embed/lib/rv32imacxw/ilp32/libg_nano.a(lib_a-puts.o)
                0x0000000000001c2a                puts
 .text.__swbuf_r
                0x0000000000001c34       0xbc /Applications/MounRiver Studio 2.app/Contents/Resources/app/resources/darwin/components/WCH/Toolchain/RISC-V Embedded GCC/bin/../lib/gcc/riscv-none-embed/8.2.0/../../../../riscv-none-embed/lib/rv32imacxw/ilp32/libg_nano.a(lib_a-wbuf.o)
                0x0000000000001c34                __swbuf_r
 .text.__swsetup_r
                0x0000000000001cf0       0xfc /Applications/MounRiver Studio 2.app/Contents/Resources/app/resources/darwin/components/WCH/Toolchain/RISC-V Embedded GCC/bin/../lib/gcc/riscv-none-embed/8.2.0/../../../../riscv-none-embed/lib/rv32imacxw/ilp32/libg_nano.a(lib_a-wsetup.o)
                0x0000000000001cf0                __swsetup_r
 .text.__sflush_r
                0x0000000000001dec      0x130 /Applications/MounRiver Studio 2.app/Contents/Resources/app/resources/darwin/components/WCH/Toolchain/RISC-V Embedded GCC/bin/../lib/gcc/riscv-none-embed/8.2.0/../../../../riscv-none-embed/lib/rv32imacxw/ilp32/libg_nano.a(lib_a-fflush.o)
                0x0000000000001dec                __sflush_r
 .text._fflush_r
                0x0000000000001f1c       0x64 /Applications/MounRiver Studio 2.app/Contents/Resources/app/resources/darwin/components/WCH/Toolchain/RISC-V Embedded GCC/bin/../lib/gcc/riscv-none-embed/8.2.0/../../../../riscv-none-embed/lib/rv32imacxw/ilp32/libg_nano.a(lib_a-fflush.o)
                0x0000000000001f1c                _fflush_r
 .text.std      0x0000000000001f80       0x66 /Applications/MounRiver Studio 2.app/Contents/Resources/app/resources/darwin/components/WCH/Toolchain/RISC-V Embedded GCC/bin/../lib/gcc/riscv-none-embed/8.2.0/../../../../riscv-none-embed/lib/rv32imacxw/ilp32/libg_nano.a(lib_a-findfp.o)
 .text._cleanup_r
                0x0000000000001fe6        0xa /Applications/MounRiver Studio 2.app/Contents/Resources/app/resources/darwin/components/WCH/Toolchain/RISC-V Embedded GCC/bin/../lib/gcc/riscv-none-embed/8.2.0/../../../../riscv-none-embed/lib/rv32imacxw/ilp32/libg_nano.a(lib_a-findfp.o)
                0x0000000000001fe6                _cleanup_r
 .text.__sfmoreglue
                0x0000000000001ff0       0x46 /Applications/MounRiver Studio 2.app/Contents/Resources/app/resources/darwin/components/WCH/Toolchain/RISC-V Embedded GCC/bin/../lib/gcc/riscv-none-embed/8.2.0/../../../../riscv-none-embed/lib/rv32imacxw/ilp32/libg_nano.a(lib_a-findfp.o)
                0x0000000000001ff0                __sfmoreglue
 .text.__sinit  0x0000000000002036       0x66 /Applications/MounRiver Studio 2.app/Contents/Resources/app/resources/darwin/components/WCH/Toolchain/RISC-V Embedded GCC/bin/../lib/gcc/riscv-none-embed/8.2.0/../../../../riscv-none-embed/lib/rv32imacxw/ilp32/libg_nano.a(lib_a-findfp.o)
                0x0000000000002036                __sinit
 .text.__sfp    0x000000000000209c       0x9c /Applications/MounRiver Studio 2.app/Contents/Resources/app/resources/darwin/components/WCH/Toolchain/RISC-V Embedded GCC/bin/../lib/gcc/riscv-none-embed/8.2.0/../../../../riscv-none-embed/lib/rv32imacxw/ilp32/libg_nano.a(lib_a-findfp.o)
                0x000000000000209c                __sfp
 .text._fwalk_reent
                0x0000000000002138       0x6a /Applications/MounRiver Studio 2.app/Contents/Resources/app/resources/darwin/components/WCH/Toolchain/RISC-V Embedded GCC/bin/../lib/gcc/riscv-none-embed/8.2.0/../../../../riscv-none-embed/lib/rv32imacxw/ilp32/libg_nano.a(lib_a-fwalk.o)
                0x0000000000002138                _fwalk_reent
 .text.__swhatbuf_r
                0x00000000000021a2       0x58 /Applications/MounRiver Studio 2.app/Contents/Resources/app/resources/darwin/components/WCH/Toolchain/RISC-V Embedded GCC/bin/../lib/gcc/riscv-none-embed/8.2.0/../../../../riscv-none-embed/lib/rv32imacxw/ilp32/libg_nano.a(lib_a-makebuf.o)
                0x00000000000021a2                __swhatbuf_r
 .text.__smakebuf_r
                0x00000000000021fa       0x90 /Applications/MounRiver Studio 2.app/Contents/Resources/app/resources/darwin/components/WCH/Toolchain/RISC-V Embedded GCC/bin/../lib/gcc/riscv-none-embed/8.2.0/../../../../riscv-none-embed/lib/rv32imacxw/ilp32/libg_nano.a(lib_a-makebuf.o)
                0x00000000000021fa                __smakebuf_r
 .text._free_r  0x000000000000228a       0xa8 /Applications/MounRiver Studio 2.app/Contents/Resources/app/resources/darwin/components/WCH/Toolchain/RISC-V Embedded GCC/bin/../lib/gcc/riscv-none-embed/8.2.0/../../../../riscv-none-embed/lib/rv32imacxw/ilp32/libg_nano.a(lib_a-nano-freer.o)
                0x000000000000228a                _free_r
 .text._malloc_r
                0x0000000000002332       0xd4 /Applications/MounRiver Studio 2.app/Contents/Resources/app/resources/darwin/components/WCH/Toolchain/RISC-V Embedded GCC/bin/../lib/gcc/riscv-none-embed/8.2.0/../../../../riscv-none-embed/lib/rv32imacxw/ilp32/libg_nano.a(lib_a-nano-mallocr.o)
                0x0000000000002332                _malloc_r
 .text.__sfputc_r
                0x0000000000002406       0x28 /Applications/MounRiver Studio 2.app/Contents/Resources/app/resources/darwin/components/WCH/Toolchain/RISC-V Embedded GCC/bin/../lib/gcc/riscv-none-embed/8.2.0/../../../../riscv-none-embed/lib/rv32imacxw/ilp32/libg_nano.a(lib_a-nano-vfprintf.o)
 .text.__sfputs_r
                0x000000000000242e       0x40 /Applications/MounRiver Studio 2.app/Contents/Resources/app/resources/darwin/components/WCH/Toolchain/RISC-V Embedded GCC/bin/../lib/gcc/riscv-none-embed/8.2.0/../../../../riscv-none-embed/lib/rv32imacxw/ilp32/libg_nano.a(lib_a-nano-vfprintf.o)
                0x000000000000242e                __sfputs_r
 .text._vfprintf_r
                0x000000000000246e      0x286 /Applications/MounRiver Studio 2.app/Contents/Resources/app/resources/darwin/components/WCH/Toolchain/RISC-V Embedded GCC/bin/../lib/gcc/riscv-none-embed/8.2.0/../../../../riscv-none-embed/lib/rv32imacxw/ilp32/libg_nano.a(lib_a-nano-vfprintf.o)
                0x000000000000246e                _vfiprintf_r
                0x000000000000246e                _vfprintf_r
 .text._printf_common
                0x00000000000026f4      0x10c /Applications/MounRiver Studio 2.app/Contents/Resources/app/resources/darwin/components/WCH/Toolchain/RISC-V Embedded GCC/bin/../lib/gcc/riscv-none-embed/8.2.0/../../../../riscv-none-embed/lib/rv32imacxw/ilp32/libg_nano.a(lib_a-nano-vfprintf_i.o)
                0x00000000000026f4                _printf_common
 .text._printf_i
                0x0000000000002800      0x2a2 /Applications/MounRiver Studio 2.app/Contents/Resources/app/resources/darwin/components/WCH/Toolchain/RISC-V Embedded GCC/bin/../lib/gcc/riscv-none-embed/8.2.0/../../../../riscv-none-embed/lib/rv32imacxw/ilp32/libg_nano.a(lib_a-nano-vfprintf_i.o)
                0x0000000000002800                _printf_i
 .text._sbrk_r  0x0000000000002aa2       0x2a /Applications/MounRiver Studio 2.app/Contents/Resources/app/resources/darwin/components/WCH/Toolchain/RISC-V Embedded GCC/bin/../lib/gcc/riscv-none-embed/8.2.0/../../../../riscv-none-embed/lib/rv32imacxw/ilp32/libg_nano.a(lib_a-sbrkr.o)
                0x0000000000002aa2                _sbrk_r
 .text.__sread  0x0000000000002acc       0x2c /Applications/MounRiver Studio 2.app/Contents/Resources/app/resources/darwin/components/WCH/Toolchain/RISC-V Embedded GCC/bin/../lib/gcc/riscv-none-embed/8.2.0/../../../../riscv-none-embed/lib/rv32imacxw/ilp32/libg_nano.a(lib_a-stdio.o)
                0x0000000000002acc                __sread
 .text.__swrite
                0x0000000000002af8       0x48 /Applications/MounRiver Studio 2.app/Contents/Resources/app/resources/darwin/components/WCH/Toolchain/RISC-V Embedded GCC/bin/../lib/gcc/riscv-none-embed/8.2.0/../../../../riscv-none-embed/lib/rv32imacxw/ilp32/libg_nano.a(lib_a-stdio.o)
                0x0000000000002af8                __swrite
 .text.__sseek  0x0000000000002b40       0x30 /Applications/MounRiver Studio 2.app/Contents/Resources/app/resources/darwin/components/WCH/Toolchain/RISC-V Embedded GCC/bin/../lib/gcc/riscv-none-embed/8.2.0/../../../../riscv-none-embed/lib/rv32imacxw/ilp32/libg_nano.a(lib_a-stdio.o)
                0x0000000000002b40                __sseek
 .text.__sclose
                0x0000000000002b70        0x6 /Applications/MounRiver Studio 2.app/Contents/Resources/app/resources/darwin/components/WCH/Toolchain/RISC-V Embedded GCC/bin/../lib/gcc/riscv-none-embed/8.2.0/../../../../riscv-none-embed/lib/rv32imacxw/ilp32/libg_nano.a(lib_a-stdio.o)
                0x0000000000002b70                __sclose
 .text._write_r
                0x0000000000002b76       0x2e /Applications/MounRiver Studio 2.app/Contents/Resources/app/resources/darwin/components/WCH/Toolchain/RISC-V Embedded GCC/bin/../lib/gcc/riscv-none-embed/8.2.0/../../../../riscv-none-embed/lib/rv32imacxw/ilp32/libg_nano.a(lib_a-writer.o)
                0x0000000000002b76                _write_r
 .text._close_r
                0x0000000000002ba4       0x28 /Applications/MounRiver Studio 2.app/Contents/Resources/app/resources/darwin/components/WCH/Toolchain/RISC-V Embedded GCC/bin/../lib/gcc/riscv-none-embed/8.2.0/../../../../riscv-none-embed/lib/rv32imacxw/ilp32/libg_nano.a(lib_a-closer.o)
                0x0000000000002ba4                _close_r
 .text._fstat_r
                0x0000000000002bcc       0x2a /Applications/MounRiver Studio 2.app/Contents/Resources/app/resources/darwin/components/WCH/Toolchain/RISC-V Embedded GCC/bin/../lib/gcc/riscv-none-embed/8.2.0/../../../../riscv-none-embed/lib/rv32imacxw/ilp32/libg_nano.a(lib_a-fstatr.o)
                0x0000000000002bcc                _fstat_r
 .text._isatty_r
                0x0000000000002bf6       0x28 /Applications/MounRiver Studio 2.app/Contents/Resources/app/resources/darwin/components/WCH/Toolchain/RISC-V Embedded GCC/bin/../lib/gcc/riscv-none-embed/8.2.0/../../../../riscv-none-embed/lib/rv32imacxw/ilp32/libg_nano.a(lib_a-isattyr.o)
                0x0000000000002bf6                _isatty_r
 .text._lseek_r
                0x0000000000002c1e       0x2c /Applications/MounRiver Studio 2.app/Contents/Resources/app/resources/darwin/components/WCH/Toolchain/RISC-V Embedded GCC/bin/../lib/gcc/riscv-none-embed/8.2.0/../../../../riscv-none-embed/lib/rv32imacxw/ilp32/libg_nano.a(lib_a-lseekr.o)
                0x0000000000002c1e                _lseek_r
 .text.memchr   0x0000000000002c4a       0x18 /Applications/MounRiver Studio 2.app/Contents/Resources/app/resources/darwin/components/WCH/Toolchain/RISC-V Embedded GCC/bin/../lib/gcc/riscv-none-embed/8.2.0/../../../../riscv-none-embed/lib/rv32imacxw/ilp32/libg_nano.a(lib_a-memchr.o)
                0x0000000000002c4a                memchr
 .text.__malloc_lock
                0x0000000000002c62        0x2 /Applications/MounRiver Studio 2.app/Contents/Resources/app/resources/darwin/components/WCH/Toolchain/RISC-V Embedded GCC/bin/../lib/gcc/riscv-none-embed/8.2.0/../../../../riscv-none-embed/lib/rv32imacxw/ilp32/libg_nano.a(lib_a-mlock.o)
                0x0000000000002c62                __malloc_lock
 .text.__malloc_unlock
                0x0000000000002c64        0x2 /Applications/MounRiver Studio 2.app/Contents/Resources/app/resources/darwin/components/WCH/Toolchain/RISC-V Embedded GCC/bin/../lib/gcc/riscv-none-embed/8.2.0/../../../../riscv-none-embed/lib/rv32imacxw/ilp32/libg_nano.a(lib_a-mlock.o)
                0x0000000000002c64                __malloc_unlock
 .text._read_r  0x0000000000002c66       0x2c /Applications/MounRiver Studio 2.app/Contents/Resources/app/resources/darwin/components/WCH/Toolchain/RISC-V Embedded GCC/bin/../lib/gcc/riscv-none-embed/8.2.0/../../../../riscv-none-embed/lib/rv32imacxw/ilp32/libg_nano.a(lib_a-readr.o)
                0x0000000000002c66                _read_r
 .text._close   0x0000000000002c92        0xc /Applications/MounRiver Studio 2.app/Contents/Resources/app/resources/darwin/components/WCH/Toolchain/RISC-V Embedded GCC/bin/../lib/gcc/riscv-none-embed/8.2.0/../../../../riscv-none-embed/lib/rv32imacxw/ilp32/libnosys.a(close.o)
                0x0000000000002c92                _close
 .text._fstat   0x0000000000002c9e        0xc /Applications/MounRiver Studio 2.app/Contents/Resources/app/resources/darwin/components/WCH/Toolchain/RISC-V Embedded GCC/bin/../lib/gcc/riscv-none-embed/8.2.0/../../../../riscv-none-embed/lib/rv32imacxw/ilp32/libnosys.a(fstat.o)
                0x0000000000002c9e                _fstat
 .text._isatty  0x0000000000002caa        0xc /Applications/MounRiver Studio 2.app/Contents/Resources/app/resources/darwin/components/WCH/Toolchain/RISC-V Embedded GCC/bin/../lib/gcc/riscv-none-embed/8.2.0/../../../../riscv-none-embed/lib/rv32imacxw/ilp32/libnosys.a(isatty.o)
                0x0000000000002caa                _isatty
 .text._lseek   0x0000000000002cb6        0xc /Applications/MounRiver Studio 2.app/Contents/Resources/app/resources/darwin/components/WCH/Toolchain/RISC-V Embedded GCC/bin/../lib/gcc/riscv-none-embed/8.2.0/../../../../riscv-none-embed/lib/rv32imacxw/ilp32/libnosys.a(lseek.o)
                0x0000000000002cb6                _lseek
 .text._read    0x0000000000002cc2        0xc /Applications/MounRiver Studio 2.app/Contents/Resources/app/resources/darwin/components/WCH/Toolchain/RISC-V Embedded GCC/bin/../lib/gcc/riscv-none-embed/8.2.0/../../../../riscv-none-embed/lib/rv32imacxw/ilp32/libnosys.a(read.o)
                0x0000000000002cc2                _read
 *(.rodata)
 *(.rodata*)
 *fill*         0x0000000000002cce        0x2 
 .rodata.main.str1.4
                0x0000000000002cd0       0xd7 ./User/main.o
 *fill*         0x0000000000002da7        0x1 
 .rodata.CSWTCH.4
                0x0000000000002da8       0x14 ./User/param_table.o
 .rodata.CSWTCH.5
                0x0000000000002dbc        0xc ./User/param_table.o
 .rodata.PARAM_Init.str1.4
                0x0000000000002dc8       0x5a ./User/param_table.o
 *fill*         0x0000000000002e22        0x2 
 .rodata.StripType_GetName.str1.4
                0x0000000000002e24        0x8 ./User/param_table.o
 .rodata.Unit_GetSymbol.str1.4
                0x0000000000002e2c        0x2 ./User/param_table.o
 *fill*         0x0000000000002e2e        0x2 
 .rodata.str1.4
                0x0000000000002e30       0x64 ./User/param_table.o
 .rodata.UART_ProcessPacket
                0x0000000000002e94       0x18 ./User/uart_protocol.o
 .rodata.UART2_Receive_Byte_ISR
                0x0000000000002eac       0x18 ./User/uart_protocol.o
 .rodata.UART_Protocol_Init.str1.4
                0x0000000000002ec4       0x1b ./User/uart_protocol.o
 *fill*         0x0000000000002edf        0x1 
 .rodata.Get_Raw_Test_Data.str1.4
                0x0000000000002ee0        0xb ./User/uart_protocol_stubs.o
 *fill*         0x0000000000002eeb        0x1 
 .rodata.__sf_fake_stderr
                0x0000000000002eec       0x20 /Applications/MounRiver Studio 2.app/Contents/Resources/app/resources/darwin/components/WCH/Toolchain/RISC-V Embedded GCC/bin/../lib/gcc/riscv-none-embed/8.2.0/../../../../riscv-none-embed/lib/rv32imacxw/ilp32/libg_nano.a(lib_a-findfp.o)
                0x0000000000002eec                __sf_fake_stderr
 .rodata.__sf_fake_stdin
                0x0000000000002f0c       0x20 /Applications/MounRiver Studio 2.app/Contents/Resources/app/resources/darwin/components/WCH/Toolchain/RISC-V Embedded GCC/bin/../lib/gcc/riscv-none-embed/8.2.0/../../../../riscv-none-embed/lib/rv32imacxw/ilp32/libg_nano.a(lib_a-findfp.o)
                0x0000000000002f0c                __sf_fake_stdin
 .rodata.__sf_fake_stdout
                0x0000000000002f2c       0x20 /Applications/MounRiver Studio 2.app/Contents/Resources/app/resources/darwin/components/WCH/Toolchain/RISC-V Embedded GCC/bin/../lib/gcc/riscv-none-embed/8.2.0/../../../../riscv-none-embed/lib/rv32imacxw/ilp32/libg_nano.a(lib_a-findfp.o)
                0x0000000000002f2c                __sf_fake_stdout
 .rodata._vfprintf_r.str1.4
                0x0000000000002f4c       0x13 /Applications/MounRiver Studio 2.app/Contents/Resources/app/resources/darwin/components/WCH/Toolchain/RISC-V Embedded GCC/bin/../lib/gcc/riscv-none-embed/8.2.0/../../../../riscv-none-embed/lib/rv32imacxw/ilp32/libg_nano.a(lib_a-nano-vfprintf.o)
 *fill*         0x0000000000002f5f        0x1 
 .rodata._printf_i.str1.4
                0x0000000000002f60       0x28 /Applications/MounRiver Studio 2.app/Contents/Resources/app/resources/darwin/components/WCH/Toolchain/RISC-V Embedded GCC/bin/../lib/gcc/riscv-none-embed/8.2.0/../../../../riscv-none-embed/lib/rv32imacxw/ilp32/libg_nano.a(lib_a-nano-vfprintf_i.o)
                                         0x25 (size before relaxing)
 *(.gnu.linkonce.t.*)
                0x0000000000002f88                . = ALIGN (0x4)

.rela.dyn       0x0000000000002f88        0x0
 .rela.init     0x0000000000002f88        0x0 ./User/ch32v20x_it.o
 .rela.vector   0x0000000000002f88        0x0 ./User/ch32v20x_it.o
 .rela.text.handle_reset
                0x0000000000002f88        0x0 ./User/ch32v20x_it.o
 .rela.text._sbrk
                0x0000000000002f88        0x0 ./User/ch32v20x_it.o
 .rela.sdata.curbrk.4652
                0x0000000000002f88        0x0 ./User/ch32v20x_it.o
 .rela.text._vfprintf_r
                0x0000000000002f88        0x0 ./User/ch32v20x_it.o
 .rela.text._sbrk_r
                0x0000000000002f88        0x0 ./User/ch32v20x_it.o
 .rela.text._write_r
                0x0000000000002f88        0x0 ./User/ch32v20x_it.o
 .rela.text._close_r
                0x0000000000002f88        0x0 ./User/ch32v20x_it.o
 .rela.text._fstat_r
                0x0000000000002f88        0x0 ./User/ch32v20x_it.o
 .rela.text._isatty_r
                0x0000000000002f88        0x0 ./User/ch32v20x_it.o
 .rela.text._lseek_r
                0x0000000000002f88        0x0 ./User/ch32v20x_it.o
 .rela.text._read_r
                0x0000000000002f88        0x0 ./User/ch32v20x_it.o
 .rela.text._close
                0x0000000000002f88        0x0 ./User/ch32v20x_it.o
 .rela.text._fstat
                0x0000000000002f88        0x0 ./User/ch32v20x_it.o
 .rela.text._isatty
                0x0000000000002f88        0x0 ./User/ch32v20x_it.o
 .rela.text._lseek
                0x0000000000002f88        0x0 ./User/ch32v20x_it.o
 .rela.text._read
                0x0000000000002f88        0x0 ./User/ch32v20x_it.o

.fini           0x0000000000002f88        0x0
 *(SORT_NONE(.fini))
                0x0000000000002f88                . = ALIGN (0x4)
                [!provide]                        PROVIDE (_etext = .)
                [!provide]                        PROVIDE (_eitcm = .)

.preinit_array  0x0000000000002f88        0x0
                [!provide]                        PROVIDE (__preinit_array_start = .)
 *(.preinit_array)
                [!provide]                        PROVIDE (__preinit_array_end = .)

.init_array     0x0000000000002f88        0x0
                [!provide]                        PROVIDE (__init_array_start = .)
 *(SORT_BY_INIT_PRIORITY(.init_array.*) SORT_BY_INIT_PRIORITY(.ctors.*))
 *(.init_array EXCLUDE_FILE(*crtend?.o *crtend.o *crtbegin?.o *crtbegin.o) .ctors)
                [!provide]                        PROVIDE (__init_array_end = .)

.fini_array     0x0000000000002f88        0x0
                [!provide]                        PROVIDE (__fini_array_start = .)
 *(SORT_BY_INIT_PRIORITY(.fini_array.*) SORT_BY_INIT_PRIORITY(.dtors.*))
 *(.fini_array EXCLUDE_FILE(*crtend?.o *crtend.o *crtbegin?.o *crtbegin.o) .dtors)
                [!provide]                        PROVIDE (__fini_array_end = .)

.ctors
 *crtbegin.o(.ctors)
 *crtbegin?.o(.ctors)
 *(EXCLUDE_FILE(*crtend?.o *crtend.o) .ctors)
 *(SORT_BY_NAME(.ctors.*))
 *(.ctors)

.dtors
 *crtbegin.o(.dtors)
 *crtbegin?.o(.dtors)
 *(EXCLUDE_FILE(*crtend?.o *crtend.o) .dtors)
 *(SORT_BY_NAME(.dtors.*))
 *(.dtors)

.dalign         0x0000000020000000        0x0 load address 0x0000000000002f88
                0x0000000020000000                . = ALIGN (0x4)
                0x0000000020000000                PROVIDE (_data_vma = .)

.dlalign        0x0000000000002f88        0x0
                0x0000000000002f88                . = ALIGN (0x4)
                0x0000000000002f88                PROVIDE (_data_lma = .)

.data           0x0000000020000000       0x88 load address 0x0000000000002f88
 *(.gnu.linkonce.r.*)
 *(.data .data.*)
 .data.APBAHBPrescTable
                0x0000000020000000       0x10 ./Peripheral/src/ch32v20x_rcc.o
 .data.impure_data
                0x0000000020000010       0x60 /Applications/MounRiver Studio 2.app/Contents/Resources/app/resources/darwin/components/WCH/Toolchain/RISC-V Embedded GCC/bin/../lib/gcc/riscv-none-embed/8.2.0/../../../../riscv-none-embed/lib/rv32imacxw/ilp32/libg_nano.a(lib_a-impure.o)
 *(.gnu.linkonce.d.*)
                0x0000000020000070                . = ALIGN (0x8)
                0x0000000020000870                PROVIDE (__global_pointer$ = (. + 0x800))
 *(.sdata .sdata.*)
 .sdata.SystemCoreClock
                0x0000000020000070        0x4 ./User/system_ch32v20x.o
                0x0000000020000070                SystemCoreClock
 .sdata.blood_countdown
                0x0000000020000074        0x1 ./User/uart_protocol.o
 *fill*         0x0000000020000075        0x3 
 .sdata.ADCPrescTable
                0x0000000020000078        0x4 ./Peripheral/src/ch32v20x_rcc.o
 .sdata.curbrk.4652
                0x000000002000007c        0x4 ./Debug/debug.o
 .sdata._impure_ptr
                0x0000000020000080        0x4 /Applications/MounRiver Studio 2.app/Contents/Resources/app/resources/darwin/components/WCH/Toolchain/RISC-V Embedded GCC/bin/../lib/gcc/riscv-none-embed/8.2.0/../../../../riscv-none-embed/lib/rv32imacxw/ilp32/libg_nano.a(lib_a-impure.o)
                0x0000000020000080                _impure_ptr
 *(.sdata2.*)
 .sdata2._global_impure_ptr
                0x0000000020000084        0x4 /Applications/MounRiver Studio 2.app/Contents/Resources/app/resources/darwin/components/WCH/Toolchain/RISC-V Embedded GCC/bin/../lib/gcc/riscv-none-embed/8.2.0/../../../../riscv-none-embed/lib/rv32imacxw/ilp32/libg_nano.a(lib_a-impure.o)
                0x0000000020000084                _global_impure_ptr
 *(.gnu.linkonce.s.*)
                0x0000000020000088                . = ALIGN (0x8)
 *(.srodata.cst16)
 *(.srodata.cst8)
 *(.srodata.cst4)
 *(.srodata.cst2)
 *(.srodata .srodata.*)
                0x0000000020000088                . = ALIGN (0x4)
                0x0000000020000088                PROVIDE (_edata = .)

.bss            0x0000000020000088      0x8ac load address 0x0000000000003010
                0x0000000020000088                . = ALIGN (0x4)
                0x0000000020000088                PROVIDE (_sbss = .)
 *(.sbss*)
 .sbss.blood_detected
                0x0000000020000088        0x1 ./User/uart_protocol.o
 .sbss.dataCnt.5181
                0x0000000020000089        0x1 ./User/uart_protocol.o
 .sbss.dataLen.5180
                0x000000002000008a        0x1 ./User/uart_protocol.o
 .sbss.packet_received
                0x000000002000008b        0x1 ./User/uart_protocol.o
 .sbss.rx_index
                0x000000002000008c        0x2 ./User/uart_protocol.o
 .sbss.state.5179
                0x000000002000008e        0x1 ./User/uart_protocol.o
 .sbss.test_in_progress
                0x000000002000008f        0x1 ./User/uart_protocol.o
 .sbss.counter.5038
                0x0000000020000090        0x1 ./User/uart_protocol_stubs.o
 .sbss.MCU_Version
                0x0000000020000091        0x1 ./Peripheral/src/ch32v20x_gpio.o
                0x0000000020000091                MCU_Version
 *fill*         0x0000000020000092        0x2 
 .sbss.NVIC_Priority_Group
                0x0000000020000094        0x4 ./Peripheral/src/ch32v20x_misc.o
                0x0000000020000094                NVIC_Priority_Group
 .sbss.p_ms     0x0000000020000098        0x2 ./Debug/debug.o
 .sbss.p_us     0x000000002000009a        0x1 ./Debug/debug.o
 *fill*         0x000000002000009b        0x1 
 .sbss.__malloc_free_list
                0x000000002000009c        0x4 /Applications/MounRiver Studio 2.app/Contents/Resources/app/resources/darwin/components/WCH/Toolchain/RISC-V Embedded GCC/bin/../lib/gcc/riscv-none-embed/8.2.0/../../../../riscv-none-embed/lib/rv32imacxw/ilp32/libg_nano.a(lib_a-nano-mallocr.o)
                0x000000002000009c                __malloc_free_list
 .sbss.__malloc_sbrk_start
                0x00000000200000a0        0x4 /Applications/MounRiver Studio 2.app/Contents/Resources/app/resources/darwin/components/WCH/Toolchain/RISC-V Embedded GCC/bin/../lib/gcc/riscv-none-embed/8.2.0/../../../../riscv-none-embed/lib/rv32imacxw/ilp32/libg_nano.a(lib_a-nano-mallocr.o)
                0x00000000200000a0                __malloc_sbrk_start
 *(.gnu.linkonce.sb.*)
 *(.bss*)
 .bss.USART_DMA_CTRL
                0x00000000200000a4      0x101 ./User/main.o
                0x00000000200000a4                USART_DMA_CTRL
 *fill*         0x00000000200001a5        0x3 
 .bss.ring_buffer
                0x00000000200001a8      0x406 ./User/main.o
                0x00000000200001a8                ring_buffer
 *fill*         0x00000000200005ae        0x2 
 .bss.param_table
                0x00000000200005b0      0x2a6 ./User/param_table.o
 *fill*         0x0000000020000856        0x2 
 .bss.current_raw_data
                0x0000000020000858       0x3c ./User/uart_protocol.o
 .bss.current_test_result
                0x0000000020000894       0x1a ./User/uart_protocol.o
 *fill*         0x00000000200008ae        0x2 
 .bss.rx_buffer
                0x00000000200008b0       0x40 ./User/uart_protocol.o
 .bss.tx_buffer
                0x00000000200008f0       0x40 ./User/uart_protocol.o
 *(.gnu.linkonce.b.*)
 *(COMMON*)
 COMMON         0x0000000020000930        0x4 /Applications/MounRiver Studio 2.app/Contents/Resources/app/resources/darwin/components/WCH/Toolchain/RISC-V Embedded GCC/bin/../lib/gcc/riscv-none-embed/8.2.0/../../../../riscv-none-embed/lib/rv32imacxw/ilp32/libg_nano.a(lib_a-reent.o)
                0x0000000020000930                errno
                0x0000000020000934                . = ALIGN (0x4)
                0x0000000020000934                PROVIDE (_ebss = .)
                0x0000000020000934                PROVIDE (_end = _ebss)
                [!provide]                        PROVIDE (end = .)

.stack          0x0000000020004800      0x800
                0x0000000020004800                PROVIDE (_heap_end = .)
                0x0000000020004800                . = ALIGN (0x4)
                [!provide]                        PROVIDE (_susrstack = .)
                0x0000000020005000                . = (. + __stack_size)
 *fill*         0x0000000020004800      0x800 
                0x0000000020005000                PROVIDE (_eusrstack = .)
OUTPUT(CH32V203G8R6.elf elf32-littleriscv)

.debug_info     0x0000000000000000     0xee14
 .debug_info    0x0000000000000000      0xbb5 ./User/ch32v20x_it.o
 .debug_info    0x0000000000000bb5     0x18f0 ./User/main.o
 .debug_info    0x00000000000024a5     0x17e7 ./User/param_table.o
 .debug_info    0x0000000000003c8c      0xb7e ./User/system_ch32v20x.o
 .debug_info    0x000000000000480a     0x1e4e ./User/uart_protocol.o
 .debug_info    0x0000000000006658      0xe49 ./User/uart_protocol_stubs.o
 .debug_info    0x00000000000074a1       0x22 ./Startup/startup_ch32v20x_D6.o
 .debug_info    0x00000000000074c3      0xd16 ./Peripheral/src/ch32v20x_dma.o
 .debug_info    0x00000000000081d9     0x15d2 ./Peripheral/src/ch32v20x_flash.o
 .debug_info    0x00000000000097ab     0x1349 ./Peripheral/src/ch32v20x_gpio.o
 .debug_info    0x000000000000aaf4      0xe61 ./Peripheral/src/ch32v20x_misc.o
 .debug_info    0x000000000000b955     0x1268 ./Peripheral/src/ch32v20x_rcc.o
 .debug_info    0x000000000000cbbd     0x1335 ./Peripheral/src/ch32v20x_usart.o
 .debug_info    0x000000000000def2      0xf22 ./Debug/debug.o

.debug_abbrev   0x0000000000000000     0x2b94
 .debug_abbrev  0x0000000000000000      0x22c ./User/ch32v20x_it.o
 .debug_abbrev  0x000000000000022c      0x399 ./User/main.o
 .debug_abbrev  0x00000000000005c5      0x48d ./User/param_table.o
 .debug_abbrev  0x0000000000000a52      0x2c0 ./User/system_ch32v20x.o
 .debug_abbrev  0x0000000000000d12      0x484 ./User/uart_protocol.o
 .debug_abbrev  0x0000000000001196      0x2ee ./User/uart_protocol_stubs.o
 .debug_abbrev  0x0000000000001484       0x12 ./Startup/startup_ch32v20x_D6.o
 .debug_abbrev  0x0000000000001496      0x302 ./Peripheral/src/ch32v20x_dma.o
 .debug_abbrev  0x0000000000001798      0x468 ./Peripheral/src/ch32v20x_flash.o
 .debug_abbrev  0x0000000000001c00      0x34b ./Peripheral/src/ch32v20x_gpio.o
 .debug_abbrev  0x0000000000001f4b      0x2ea ./Peripheral/src/ch32v20x_misc.o
 .debug_abbrev  0x0000000000002235      0x36b ./Peripheral/src/ch32v20x_rcc.o
 .debug_abbrev  0x00000000000025a0      0x312 ./Peripheral/src/ch32v20x_usart.o
 .debug_abbrev  0x00000000000028b2      0x2e2 ./Debug/debug.o

.debug_aranges  0x0000000000000000      0x768
 .debug_aranges
                0x0000000000000000       0x28 ./User/ch32v20x_it.o
 .debug_aranges
                0x0000000000000028       0x50 ./User/main.o
 .debug_aranges
                0x0000000000000078       0xd8 ./User/param_table.o
 .debug_aranges
                0x0000000000000150       0x28 ./User/system_ch32v20x.o
 .debug_aranges
                0x0000000000000178       0xc0 ./User/uart_protocol.o
 .debug_aranges
                0x0000000000000238       0x48 ./User/uart_protocol_stubs.o
 .debug_aranges
                0x0000000000000280       0x30 ./Startup/startup_ch32v20x_D6.o
 .debug_aranges
                0x00000000000002b0       0x60 ./Peripheral/src/ch32v20x_dma.o
 .debug_aranges
                0x0000000000000310      0x110 ./Peripheral/src/ch32v20x_flash.o
 .debug_aranges
                0x0000000000000420       0xb0 ./Peripheral/src/ch32v20x_gpio.o
 .debug_aranges
                0x00000000000004d0       0x28 ./Peripheral/src/ch32v20x_misc.o
 .debug_aranges
                0x00000000000004f8      0x130 ./Peripheral/src/ch32v20x_rcc.o
 .debug_aranges
                0x0000000000000628       0xf0 ./Peripheral/src/ch32v20x_usart.o
 .debug_aranges
                0x0000000000000718       0x50 ./Debug/debug.o

.debug_ranges   0x0000000000000000      0x9e0
 .debug_ranges  0x0000000000000000       0x18 ./User/ch32v20x_it.o
 .debug_ranges  0x0000000000000018       0x40 ./User/main.o
 .debug_ranges  0x0000000000000058      0x2e0 ./User/param_table.o
 .debug_ranges  0x0000000000000338       0x38 ./User/system_ch32v20x.o
 .debug_ranges  0x0000000000000370      0x170 ./User/uart_protocol.o
 .debug_ranges  0x00000000000004e0       0x60 ./User/uart_protocol_stubs.o
 .debug_ranges  0x0000000000000540       0x28 ./Startup/startup_ch32v20x_D6.o
 .debug_ranges  0x0000000000000568       0x50 ./Peripheral/src/ch32v20x_dma.o
 .debug_ranges  0x00000000000005b8      0x100 ./Peripheral/src/ch32v20x_flash.o
 .debug_ranges  0x00000000000006b8       0xa0 ./Peripheral/src/ch32v20x_gpio.o
 .debug_ranges  0x0000000000000758       0x48 ./Peripheral/src/ch32v20x_misc.o
 .debug_ranges  0x00000000000007a0      0x120 ./Peripheral/src/ch32v20x_rcc.o
 .debug_ranges  0x00000000000008c0       0xe0 ./Peripheral/src/ch32v20x_usart.o
 .debug_ranges  0x00000000000009a0       0x40 ./Debug/debug.o

.debug_line     0x0000000000000000     0xc5e6
 .debug_line    0x0000000000000000      0x37e ./User/ch32v20x_it.o
 .debug_line    0x000000000000037e      0xdfc ./User/main.o
 .debug_line    0x000000000000117a     0x17a6 ./User/param_table.o
 .debug_line    0x0000000000002920      0x798 ./User/system_ch32v20x.o
 .debug_line    0x00000000000030b8     0x181d ./User/uart_protocol.o
 .debug_line    0x00000000000048d5      0x767 ./User/uart_protocol_stubs.o
 .debug_line    0x000000000000503c      0x121 ./Startup/startup_ch32v20x_D6.o
 .debug_line    0x000000000000515d      0x8a2 ./Peripheral/src/ch32v20x_dma.o
 .debug_line    0x00000000000059ff     0x2620 ./Peripheral/src/ch32v20x_flash.o
 .debug_line    0x000000000000801f     0x16f6 ./Peripheral/src/ch32v20x_gpio.o
 .debug_line    0x0000000000009715      0x4c8 ./Peripheral/src/ch32v20x_misc.o
 .debug_line    0x0000000000009bdd     0x127e ./Peripheral/src/ch32v20x_rcc.o
 .debug_line    0x000000000000ae5b      0xf61 ./Peripheral/src/ch32v20x_usart.o
 .debug_line    0x000000000000bdbc      0x82a ./Debug/debug.o

.debug_str      0x0000000000000000     0x2861
 .debug_str     0x0000000000000000      0x625 ./User/ch32v20x_it.o
                                        0x6a5 (size before relaxing)
 .debug_str     0x0000000000000625      0xa2f ./User/main.o
                                       0x106d (size before relaxing)
 .debug_str     0x0000000000001054      0x349 ./User/param_table.o
                                        0xa95 (size before relaxing)
 .debug_str     0x000000000000139d      0x10b ./User/system_ch32v20x.o
                                        0x6ec (size before relaxing)
 .debug_str     0x00000000000014a8      0x3c3 ./User/uart_protocol.o
                                        0xb6d (size before relaxing)
 .debug_str     0x000000000000186b       0x3b ./User/uart_protocol_stubs.o
                                        0x7ab (size before relaxing)
 .debug_str     0x00000000000018a6       0x2d ./Startup/startup_ch32v20x_D6.o
                                         0x76 (size before relaxing)
 .debug_str     0x00000000000018d3       0xeb ./Peripheral/src/ch32v20x_dma.o
                                        0x813 (size before relaxing)
 .debug_str     0x00000000000019be      0x49c ./Peripheral/src/ch32v20x_flash.o
                                        0xb3f (size before relaxing)
 .debug_str     0x0000000000001e5a      0x269 ./Peripheral/src/ch32v20x_gpio.o
                                        0x9dc (size before relaxing)
 .debug_str     0x00000000000020c3       0x9c ./Peripheral/src/ch32v20x_misc.o
                                        0xa9e (size before relaxing)
 .debug_str     0x000000000000215f      0x3aa ./Peripheral/src/ch32v20x_rcc.o
                                        0xaee (size before relaxing)
 .debug_str     0x0000000000002509      0x2e4 ./Peripheral/src/ch32v20x_usart.o
                                        0xb0a (size before relaxing)
 .debug_str     0x00000000000027ed       0x74 ./Debug/debug.o
                                        0x931 (size before relaxing)

.comment        0x0000000000000000       0x32
 .comment       0x0000000000000000       0x32 ./User/ch32v20x_it.o
                                         0x33 (size before relaxing)
 .comment       0x0000000000000032       0x33 ./User/main.o
 .comment       0x0000000000000032       0x33 ./User/param_table.o
 .comment       0x0000000000000032       0x33 ./User/system_ch32v20x.o
 .comment       0x0000000000000032       0x33 ./User/uart_protocol.o
 .comment       0x0000000000000032       0x33 ./User/uart_protocol_stubs.o
 .comment       0x0000000000000032       0x33 ./Peripheral/src/ch32v20x_dma.o
 .comment       0x0000000000000032       0x33 ./Peripheral/src/ch32v20x_flash.o
 .comment       0x0000000000000032       0x33 ./Peripheral/src/ch32v20x_gpio.o
 .comment       0x0000000000000032       0x33 ./Peripheral/src/ch32v20x_misc.o
 .comment       0x0000000000000032       0x33 ./Peripheral/src/ch32v20x_rcc.o
 .comment       0x0000000000000032       0x33 ./Peripheral/src/ch32v20x_usart.o
 .comment       0x0000000000000032       0x33 ./Debug/debug.o

.debug_frame    0x0000000000000000     0x1b54
 .debug_frame   0x0000000000000000       0x30 ./User/ch32v20x_it.o
 .debug_frame   0x0000000000000030      0x114 ./User/main.o
 .debug_frame   0x0000000000000144      0x254 ./User/param_table.o
 .debug_frame   0x0000000000000398       0x3c ./User/system_ch32v20x.o
 .debug_frame   0x00000000000003d4      0x2b0 ./User/uart_protocol.o
 .debug_frame   0x0000000000000684       0xc0 ./User/uart_protocol_stubs.o
 .debug_frame   0x0000000000000744       0xcc ./Peripheral/src/ch32v20x_dma.o
 .debug_frame   0x0000000000000810      0x380 ./Peripheral/src/ch32v20x_flash.o
 .debug_frame   0x0000000000000b90      0x170 ./Peripheral/src/ch32v20x_gpio.o
 .debug_frame   0x0000000000000d00       0x30 ./Peripheral/src/ch32v20x_misc.o
 .debug_frame   0x0000000000000d30      0x254 ./Peripheral/src/ch32v20x_rcc.o
 .debug_frame   0x0000000000000f84      0x1e4 ./Peripheral/src/ch32v20x_usart.o
 .debug_frame   0x0000000000001168       0xb8 ./Debug/debug.o
 .debug_frame   0x0000000000001220       0x20 /Applications/MounRiver Studio 2.app/Contents/Resources/app/resources/darwin/components/WCH/Toolchain/RISC-V Embedded GCC/bin/../lib/gcc/riscv-none-embed/8.2.0/../../../../riscv-none-embed/lib/rv32imacxw/ilp32/libg_nano.a(lib_a-memcpy.o)
 .debug_frame   0x0000000000001240       0x54 /Applications/MounRiver Studio 2.app/Contents/Resources/app/resources/darwin/components/WCH/Toolchain/RISC-V Embedded GCC/bin/../lib/gcc/riscv-none-embed/8.2.0/../../../../riscv-none-embed/lib/rv32imacxw/ilp32/libg_nano.a(lib_a-printf.o)
 .debug_frame   0x0000000000001294       0x54 /Applications/MounRiver Studio 2.app/Contents/Resources/app/resources/darwin/components/WCH/Toolchain/RISC-V Embedded GCC/bin/../lib/gcc/riscv-none-embed/8.2.0/../../../../riscv-none-embed/lib/rv32imacxw/ilp32/libg_nano.a(lib_a-puts.o)
 .debug_frame   0x00000000000012e8       0x50 /Applications/MounRiver Studio 2.app/Contents/Resources/app/resources/darwin/components/WCH/Toolchain/RISC-V Embedded GCC/bin/../lib/gcc/riscv-none-embed/8.2.0/../../../../riscv-none-embed/lib/rv32imacxw/ilp32/libg_nano.a(lib_a-wbuf.o)
 .debug_frame   0x0000000000001338       0x3c /Applications/MounRiver Studio 2.app/Contents/Resources/app/resources/darwin/components/WCH/Toolchain/RISC-V Embedded GCC/bin/../lib/gcc/riscv-none-embed/8.2.0/../../../../riscv-none-embed/lib/rv32imacxw/ilp32/libg_nano.a(lib_a-wsetup.o)
 .debug_frame   0x0000000000001374       0x7c /Applications/MounRiver Studio 2.app/Contents/Resources/app/resources/darwin/components/WCH/Toolchain/RISC-V Embedded GCC/bin/../lib/gcc/riscv-none-embed/8.2.0/../../../../riscv-none-embed/lib/rv32imacxw/ilp32/libg_nano.a(lib_a-fflush.o)
 .debug_frame   0x00000000000013f0      0x148 /Applications/MounRiver Studio 2.app/Contents/Resources/app/resources/darwin/components/WCH/Toolchain/RISC-V Embedded GCC/bin/../lib/gcc/riscv-none-embed/8.2.0/../../../../riscv-none-embed/lib/rv32imacxw/ilp32/libg_nano.a(lib_a-findfp.o)
 .debug_frame   0x0000000000001538       0x88 /Applications/MounRiver Studio 2.app/Contents/Resources/app/resources/darwin/components/WCH/Toolchain/RISC-V Embedded GCC/bin/../lib/gcc/riscv-none-embed/8.2.0/../../../../riscv-none-embed/lib/rv32imacxw/ilp32/libg_nano.a(lib_a-fwalk.o)
 .debug_frame   0x00000000000015c0       0x64 /Applications/MounRiver Studio 2.app/Contents/Resources/app/resources/darwin/components/WCH/Toolchain/RISC-V Embedded GCC/bin/../lib/gcc/riscv-none-embed/8.2.0/../../../../riscv-none-embed/lib/rv32imacxw/ilp32/libg_nano.a(lib_a-makebuf.o)
 .debug_frame   0x0000000000001624       0x40 /Applications/MounRiver Studio 2.app/Contents/Resources/app/resources/darwin/components/WCH/Toolchain/RISC-V Embedded GCC/bin/../lib/gcc/riscv-none-embed/8.2.0/../../../../riscv-none-embed/lib/rv32imacxw/ilp32/libg_nano.a(lib_a-nano-freer.o)
 .debug_frame   0x0000000000001664       0x40 /Applications/MounRiver Studio 2.app/Contents/Resources/app/resources/darwin/components/WCH/Toolchain/RISC-V Embedded GCC/bin/../lib/gcc/riscv-none-embed/8.2.0/../../../../riscv-none-embed/lib/rv32imacxw/ilp32/libg_nano.a(lib_a-nano-mallocr.o)
 .debug_frame   0x00000000000016a4       0xd0 /Applications/MounRiver Studio 2.app/Contents/Resources/app/resources/darwin/components/WCH/Toolchain/RISC-V Embedded GCC/bin/../lib/gcc/riscv-none-embed/8.2.0/../../../../riscv-none-embed/lib/rv32imacxw/ilp32/libg_nano.a(lib_a-nano-vfprintf.o)
 .debug_frame   0x0000000000001774       0x8c /Applications/MounRiver Studio 2.app/Contents/Resources/app/resources/darwin/components/WCH/Toolchain/RISC-V Embedded GCC/bin/../lib/gcc/riscv-none-embed/8.2.0/../../../../riscv-none-embed/lib/rv32imacxw/ilp32/libg_nano.a(lib_a-nano-vfprintf_i.o)
 .debug_frame   0x0000000000001800       0x30 /Applications/MounRiver Studio 2.app/Contents/Resources/app/resources/darwin/components/WCH/Toolchain/RISC-V Embedded GCC/bin/../lib/gcc/riscv-none-embed/8.2.0/../../../../riscv-none-embed/lib/rv32imacxw/ilp32/libg_nano.a(lib_a-sbrkr.o)
 .debug_frame   0x0000000000001830       0xa4 /Applications/MounRiver Studio 2.app/Contents/Resources/app/resources/darwin/components/WCH/Toolchain/RISC-V Embedded GCC/bin/../lib/gcc/riscv-none-embed/8.2.0/../../../../riscv-none-embed/lib/rv32imacxw/ilp32/libg_nano.a(lib_a-stdio.o)
 .debug_frame   0x00000000000018d4       0x30 /Applications/MounRiver Studio 2.app/Contents/Resources/app/resources/darwin/components/WCH/Toolchain/RISC-V Embedded GCC/bin/../lib/gcc/riscv-none-embed/8.2.0/../../../../riscv-none-embed/lib/rv32imacxw/ilp32/libg_nano.a(lib_a-writer.o)
 .debug_frame   0x0000000000001904       0x30 /Applications/MounRiver Studio 2.app/Contents/Resources/app/resources/darwin/components/WCH/Toolchain/RISC-V Embedded GCC/bin/../lib/gcc/riscv-none-embed/8.2.0/../../../../riscv-none-embed/lib/rv32imacxw/ilp32/libg_nano.a(lib_a-closer.o)
 .debug_frame   0x0000000000001934       0x30 /Applications/MounRiver Studio 2.app/Contents/Resources/app/resources/darwin/components/WCH/Toolchain/RISC-V Embedded GCC/bin/../lib/gcc/riscv-none-embed/8.2.0/../../../../riscv-none-embed/lib/rv32imacxw/ilp32/libg_nano.a(lib_a-fstatr.o)
 .debug_frame   0x0000000000001964       0x30 /Applications/MounRiver Studio 2.app/Contents/Resources/app/resources/darwin/components/WCH/Toolchain/RISC-V Embedded GCC/bin/../lib/gcc/riscv-none-embed/8.2.0/../../../../riscv-none-embed/lib/rv32imacxw/ilp32/libg_nano.a(lib_a-isattyr.o)
 .debug_frame   0x0000000000001994       0x30 /Applications/MounRiver Studio 2.app/Contents/Resources/app/resources/darwin/components/WCH/Toolchain/RISC-V Embedded GCC/bin/../lib/gcc/riscv-none-embed/8.2.0/../../../../riscv-none-embed/lib/rv32imacxw/ilp32/libg_nano.a(lib_a-lseekr.o)
 .debug_frame   0x00000000000019c4       0x20 /Applications/MounRiver Studio 2.app/Contents/Resources/app/resources/darwin/components/WCH/Toolchain/RISC-V Embedded GCC/bin/../lib/gcc/riscv-none-embed/8.2.0/../../../../riscv-none-embed/lib/rv32imacxw/ilp32/libg_nano.a(lib_a-memchr.o)
 .debug_frame   0x00000000000019e4       0x30 /Applications/MounRiver Studio 2.app/Contents/Resources/app/resources/darwin/components/WCH/Toolchain/RISC-V Embedded GCC/bin/../lib/gcc/riscv-none-embed/8.2.0/../../../../riscv-none-embed/lib/rv32imacxw/ilp32/libg_nano.a(lib_a-mlock.o)
 .debug_frame   0x0000000000001a14       0x30 /Applications/MounRiver Studio 2.app/Contents/Resources/app/resources/darwin/components/WCH/Toolchain/RISC-V Embedded GCC/bin/../lib/gcc/riscv-none-embed/8.2.0/../../../../riscv-none-embed/lib/rv32imacxw/ilp32/libg_nano.a(lib_a-readr.o)
 .debug_frame   0x0000000000001a44       0x70 /Applications/MounRiver Studio 2.app/Contents/Resources/app/resources/darwin/components/WCH/Toolchain/RISC-V Embedded GCC/bin/../lib/gcc/riscv-none-embed/8.2.0/../../../../riscv-none-embed/lib/rv32imacxw/ilp32/libg_nano.a(lib_a-reent.o)
 .debug_frame   0x0000000000001ab4       0x20 /Applications/MounRiver Studio 2.app/Contents/Resources/app/resources/darwin/components/WCH/Toolchain/RISC-V Embedded GCC/bin/../lib/gcc/riscv-none-embed/8.2.0/../../../../riscv-none-embed/lib/rv32imacxw/ilp32/libnosys.a(close.o)
 .debug_frame   0x0000000000001ad4       0x20 /Applications/MounRiver Studio 2.app/Contents/Resources/app/resources/darwin/components/WCH/Toolchain/RISC-V Embedded GCC/bin/../lib/gcc/riscv-none-embed/8.2.0/../../../../riscv-none-embed/lib/rv32imacxw/ilp32/libnosys.a(fstat.o)
 .debug_frame   0x0000000000001af4       0x20 /Applications/MounRiver Studio 2.app/Contents/Resources/app/resources/darwin/components/WCH/Toolchain/RISC-V Embedded GCC/bin/../lib/gcc/riscv-none-embed/8.2.0/../../../../riscv-none-embed/lib/rv32imacxw/ilp32/libnosys.a(isatty.o)
 .debug_frame   0x0000000000001b14       0x20 /Applications/MounRiver Studio 2.app/Contents/Resources/app/resources/darwin/components/WCH/Toolchain/RISC-V Embedded GCC/bin/../lib/gcc/riscv-none-embed/8.2.0/../../../../riscv-none-embed/lib/rv32imacxw/ilp32/libnosys.a(lseek.o)
 .debug_frame   0x0000000000001b34       0x20 /Applications/MounRiver Studio 2.app/Contents/Resources/app/resources/darwin/components/WCH/Toolchain/RISC-V Embedded GCC/bin/../lib/gcc/riscv-none-embed/8.2.0/../../../../riscv-none-embed/lib/rv32imacxw/ilp32/libnosys.a(read.o)

.debug_loc      0x0000000000000000     0x4961
 .debug_loc     0x0000000000000000      0x130 ./User/main.o
 .debug_loc     0x0000000000000130      0xf8e ./User/param_table.o
 .debug_loc     0x00000000000010be       0xac ./User/system_ch32v20x.o
 .debug_loc     0x000000000000116a     0x108a ./User/uart_protocol.o
 .debug_loc     0x00000000000021f4       0x8c ./User/uart_protocol_stubs.o
 .debug_loc     0x0000000000002280      0x155 ./Peripheral/src/ch32v20x_dma.o
 .debug_loc     0x00000000000023d5      0xc9b ./Peripheral/src/ch32v20x_flash.o
 .debug_loc     0x0000000000003070      0x8a1 ./Peripheral/src/ch32v20x_gpio.o
 .debug_loc     0x0000000000003911       0x2d ./Peripheral/src/ch32v20x_misc.o
 .debug_loc     0x000000000000393e      0x797 ./Peripheral/src/ch32v20x_rcc.o
 .debug_loc     0x00000000000040d5      0x715 ./Peripheral/src/ch32v20x_usart.o
 .debug_loc     0x00000000000047ea      0x177 ./Debug/debug.o

.stab           0x0000000000000000       0x84
 .stab          0x0000000000000000       0x24 /Applications/MounRiver Studio 2.app/Contents/Resources/app/resources/darwin/components/WCH/Toolchain/RISC-V Embedded GCC/bin/../lib/gcc/riscv-none-embed/8.2.0/../../../../riscv-none-embed/lib/rv32imacxw/ilp32/libnosys.a(close.o)
 .stab          0x0000000000000024       0x18 /Applications/MounRiver Studio 2.app/Contents/Resources/app/resources/darwin/components/WCH/Toolchain/RISC-V Embedded GCC/bin/../lib/gcc/riscv-none-embed/8.2.0/../../../../riscv-none-embed/lib/rv32imacxw/ilp32/libnosys.a(fstat.o)
                                         0x24 (size before relaxing)
 .stab          0x000000000000003c       0x18 /Applications/MounRiver Studio 2.app/Contents/Resources/app/resources/darwin/components/WCH/Toolchain/RISC-V Embedded GCC/bin/../lib/gcc/riscv-none-embed/8.2.0/../../../../riscv-none-embed/lib/rv32imacxw/ilp32/libnosys.a(isatty.o)
                                         0x24 (size before relaxing)
 .stab          0x0000000000000054       0x18 /Applications/MounRiver Studio 2.app/Contents/Resources/app/resources/darwin/components/WCH/Toolchain/RISC-V Embedded GCC/bin/../lib/gcc/riscv-none-embed/8.2.0/../../../../riscv-none-embed/lib/rv32imacxw/ilp32/libnosys.a(lseek.o)
                                         0x24 (size before relaxing)
 .stab          0x000000000000006c       0x18 /Applications/MounRiver Studio 2.app/Contents/Resources/app/resources/darwin/components/WCH/Toolchain/RISC-V Embedded GCC/bin/../lib/gcc/riscv-none-embed/8.2.0/../../../../riscv-none-embed/lib/rv32imacxw/ilp32/libnosys.a(read.o)
                                         0x24 (size before relaxing)

.stabstr        0x0000000000000000      0x117
 .stabstr       0x0000000000000000      0x117 /Applications/MounRiver Studio 2.app/Contents/Resources/app/resources/darwin/components/WCH/Toolchain/RISC-V Embedded GCC/bin/../lib/gcc/riscv-none-embed/8.2.0/../../../../riscv-none-embed/lib/rv32imacxw/ilp32/libnosys.a(close.o)
