Archive member included to satisfy reference by file (symbol)

/Applications/MounRiver Studio 2.app/Contents/Resources/app/resources/darwin/components/WCH/Toolchain/RISC-V Embedded GCC/bin/../lib/gcc/riscv-none-embed/8.2.0/rv32imacxw/ilp32/libgcc.a(gesf2.o)
                              ./User/strip_detect.o (__gtsf2)
/Applications/MounRiver Studio 2.app/Contents/Resources/app/resources/darwin/components/WCH/Toolchain/RISC-V Embedded GCC/bin/../lib/gcc/riscv-none-embed/8.2.0/rv32imacxw/ilp32/libgcc.a(mulsf3.o)
                              ./User/strip_detect.o (__mulsf3)
/Applications/MounRiver Studio 2.app/Contents/Resources/app/resources/darwin/components/WCH/Toolchain/RISC-V Embedded GCC/bin/../lib/gcc/riscv-none-embed/8.2.0/rv32imacxw/ilp32/libgcc.a(floatunsisf.o)
                              ./User/strip_detect.o (__floatunsisf)
/Applications/MounRiver Studio 2.app/Contents/Resources/app/resources/darwin/components/WCH/Toolchain/RISC-V Embedded GCC/bin/../lib/gcc/riscv-none-embed/8.2.0/rv32imacxw/ilp32/libgcc.a(extendsfdf2.o)
                              ./User/strip_detect.o (__extendsfdf2)
/Applications/MounRiver Studio 2.app/Contents/Resources/app/resources/darwin/components/WCH/Toolchain/RISC-V Embedded GCC/bin/../lib/gcc/riscv-none-embed/8.2.0/rv32imacxw/ilp32/libgcc.a(save-restore.o)
                              ./User/rtc.o (__riscv_save_9)
/Applications/MounRiver Studio 2.app/Contents/Resources/app/resources/darwin/components/WCH/Toolchain/RISC-V Embedded GCC/bin/../lib/gcc/riscv-none-embed/8.2.0/rv32imacxw/ilp32/libgcc.a(_clzsi2.o)
                              /Applications/MounRiver Studio 2.app/Contents/Resources/app/resources/darwin/components/WCH/Toolchain/RISC-V Embedded GCC/bin/../lib/gcc/riscv-none-embed/8.2.0/rv32imacxw/ilp32/libgcc.a(mulsf3.o) (__clzsi2)
/Applications/MounRiver Studio 2.app/Contents/Resources/app/resources/darwin/components/WCH/Toolchain/RISC-V Embedded GCC/bin/../lib/gcc/riscv-none-embed/8.2.0/rv32imacxw/ilp32/libgcc.a(_clz.o)
                              /Applications/MounRiver Studio 2.app/Contents/Resources/app/resources/darwin/components/WCH/Toolchain/RISC-V Embedded GCC/bin/../lib/gcc/riscv-none-embed/8.2.0/rv32imacxw/ilp32/libgcc.a(_clzsi2.o) (__clz_tab)
/Applications/MounRiver Studio 2.app/Contents/Resources/app/resources/darwin/components/WCH/Toolchain/RISC-V Embedded GCC/bin/../lib/gcc/riscv-none-embed/8.2.0/../../../../riscv-none-embed/lib/rv32imacxw/ilp32/libg_nano.a(lib_a-memcpy.o)
                              ./User/main.o (memcpy)
/Applications/MounRiver Studio 2.app/Contents/Resources/app/resources/darwin/components/WCH/Toolchain/RISC-V Embedded GCC/bin/../lib/gcc/riscv-none-embed/8.2.0/../../../../riscv-none-embed/lib/rv32imacxw/ilp32/libg_nano.a(lib_a-memset.o)
                              ./User/main.o (memset)
/Applications/MounRiver Studio 2.app/Contents/Resources/app/resources/darwin/components/WCH/Toolchain/RISC-V Embedded GCC/bin/../lib/gcc/riscv-none-embed/8.2.0/../../../../riscv-none-embed/lib/rv32imacxw/ilp32/libg_nano.a(lib_a-printf.o)
                              ./User/main.o (printf)
/Applications/MounRiver Studio 2.app/Contents/Resources/app/resources/darwin/components/WCH/Toolchain/RISC-V Embedded GCC/bin/../lib/gcc/riscv-none-embed/8.2.0/../../../../riscv-none-embed/lib/rv32imacxw/ilp32/libg_nano.a(lib_a-puts.o)
                              ./User/main.o (puts)
/Applications/MounRiver Studio 2.app/Contents/Resources/app/resources/darwin/components/WCH/Toolchain/RISC-V Embedded GCC/bin/../lib/gcc/riscv-none-embed/8.2.0/../../../../riscv-none-embed/lib/rv32imacxw/ilp32/libg_nano.a(lib_a-wbuf.o)
                              /Applications/MounRiver Studio 2.app/Contents/Resources/app/resources/darwin/components/WCH/Toolchain/RISC-V Embedded GCC/bin/../lib/gcc/riscv-none-embed/8.2.0/../../../../riscv-none-embed/lib/rv32imacxw/ilp32/libg_nano.a(lib_a-puts.o) (__swbuf_r)
/Applications/MounRiver Studio 2.app/Contents/Resources/app/resources/darwin/components/WCH/Toolchain/RISC-V Embedded GCC/bin/../lib/gcc/riscv-none-embed/8.2.0/../../../../riscv-none-embed/lib/rv32imacxw/ilp32/libg_nano.a(lib_a-wsetup.o)
                              /Applications/MounRiver Studio 2.app/Contents/Resources/app/resources/darwin/components/WCH/Toolchain/RISC-V Embedded GCC/bin/../lib/gcc/riscv-none-embed/8.2.0/../../../../riscv-none-embed/lib/rv32imacxw/ilp32/libg_nano.a(lib_a-puts.o) (__swsetup_r)
/Applications/MounRiver Studio 2.app/Contents/Resources/app/resources/darwin/components/WCH/Toolchain/RISC-V Embedded GCC/bin/../lib/gcc/riscv-none-embed/8.2.0/../../../../riscv-none-embed/lib/rv32imacxw/ilp32/libg_nano.a(lib_a-fflush.o)
                              /Applications/MounRiver Studio 2.app/Contents/Resources/app/resources/darwin/components/WCH/Toolchain/RISC-V Embedded GCC/bin/../lib/gcc/riscv-none-embed/8.2.0/../../../../riscv-none-embed/lib/rv32imacxw/ilp32/libg_nano.a(lib_a-wbuf.o) (_fflush_r)
[...]
Memory Configuration

Name             Origin             Length             Attributes
FLASH            0x0000000000000000 0x0000000000010000 xr
RAM              0x0000000020000000 0x0000000000005000 xrw
*default*        0x0000000000000000 0xffffffffffffffff

Linker script and memory map

LOAD ./User/ch32v20x_it.o
LOAD ./User/main.o
LOAD ./User/param_table.o
LOAD ./User/rtc.o
LOAD ./User/strip_detect.o
LOAD ./User/system_ch32v20x.o
LOAD ./User/system_state.o
LOAD ./User/uart_protocol.o
LOAD ./User/uart_protocol_stubs.o
LOAD ./Startup/startup_ch32v20x_D6.o
LOAD ./Peripheral/src/ch32v20x_adc.o
LOAD ./Peripheral/src/ch32v20x_bkp.o
LOAD ./Peripheral/src/ch32v20x_can.o
LOAD ./Peripheral/src/ch32v20x_crc.o
LOAD ./Peripheral/src/ch32v20x_dbgmcu.o
LOAD ./Peripheral/src/ch32v20x_dma.o
LOAD ./Peripheral/src/ch32v20x_exti.o
LOAD ./Peripheral/src/ch32v20x_flash.o
LOAD ./Peripheral/src/ch32v20x_gpio.o
LOAD ./Peripheral/src/ch32v20x_i2c.o
LOAD ./Peripheral/src/ch32v20x_iwdg.o
LOAD ./Peripheral/src/ch32v20x_misc.o
LOAD ./Peripheral/src/ch32v20x_opa.o
LOAD ./Peripheral/src/ch32v20x_pwr.o
LOAD ./Peripheral/src/ch32v20x_rcc.o
LOAD ./Peripheral/src/ch32v20x_rtc.o
LOAD ./Peripheral/src/ch32v20x_spi.o
LOAD ./Peripheral/src/ch32v20x_tim.o
LOAD ./Peripheral/src/ch32v20x_usart.o
LOAD ./Peripheral/src/ch32v20x_wwdg.o
LOAD ./Debug/debug.o
LOAD ./Core/core_riscv.o
LOAD /Applications/MounRiver Studio 2.app/Contents/Resources/app/resources/darwin/components/WCH/Toolchain/RISC-V Embedded GCC/bin/../lib/gcc/riscv-none-embed/8.2.0/rv32imacxw/ilp32/libgcc.a
LOAD /Applications/MounRiver Studio 2.app/Contents/Resources/app/resources/darwin/components/WCH/Toolchain/RISC-V Embedded GCC/bin/../lib/gcc/riscv-none-embed/8.2.0/../../../../riscv-none-embed/lib/rv32imacxw/ilp32/libg_nano.a
LOAD /Applications/MounRiver Studio 2.app/Contents/Resources/app/resources/darwin/components/WCH/Toolchain/RISC-V Embedded GCC/bin/../lib/gcc/riscv-none-embed/8.2.0/../../../../riscv-none-embed/lib/rv32imacxw/ilp32/libc_nano.a
LOAD /Applications/MounRiver Studio 2.app/Contents/Resources/app/resources/darwin/components/WCH/Toolchain/RISC-V Embedded GCC/bin/../lib/gcc/riscv-none-embed/8.2.0/rv32imacxw/ilp32/libgcc.a
START GROUP
LOAD /Applications/MounRiver Studio 2.app/Contents/Resources/app/resources/darwin/components/WCH/Toolchain/RISC-V Embedded GCC/bin/../lib/gcc/riscv-none-embed/8.2.0/rv32imacxw/ilp32/libgcc.a
LOAD /Applications/MounRiver Studio 2.app/Contents/Resources/app/resources/darwin/components/WCH/Toolchain/RISC-V Embedded GCC/bin/../lib/gcc/riscv-none-embed/8.2.0/../../../../riscv-none-embed/lib/rv32imacxw/ilp32/libc_nano.a
LOAD /Applications/MounRiver Studio 2.app/Contents/Resources/app/resources/darwin/components/WCH/Toolchain/RISC-V Embedded GCC/bin/../lib/gcc/riscv-none-embed/8.2.0/../../../../riscv-none-embed/lib/rv32imacxw/ilp32/libnosys.a
END GROUP
START GROUP
LOAD /Applications/MounRiver Studio 2.app/Contents/Resources/app/resources/darwin/components/WCH/Toolchain/RISC-V Embedded GCC/bin/../lib/gcc/riscv-none-embed/8.2.0/rv32imacxw/ilp32/libgcc.a
LOAD /Applications/MounRiver Studio 2.app/Contents/Resources/app/resources/darwin/components/WCH/Toolchain/RISC-V Embedded GCC/bin/../lib/gcc/riscv-none-embed/8.2.0/../../../../riscv-none-embed/lib/rv32imacxw/ilp32/libc_nano.a
LOAD /Applications/MounRiver Studio 2.app/Contents/Resources/app/resources/darwin/components/WCH/Toolchain/RISC-V Embedded GCC/bin/../lib/gcc/riscv-none-embed/8.2.0/../../../../riscv-none-embed/lib/rv32imacxw/ilp32/libnosys.a
END GROUP
                0x0000000000000800                __stack_size = 0x800
                [!provide]                        PROVIDE (_stack_size = __stack_size)

.init           0x0000000000000000        0x4
                0x0000000000000000                _sinit = .
                0x0000000000000000                . = ALIGN (0x4)
 *(SORT_NONE(.init))
 .init          0x0000000000000000        0x4 ./Startup/startup_ch32v20x_D6.o
                0x0000000000000000                _start
                0x0000000000000004                . = ALIGN (0x4)
                0x0000000000000004                _einit = .

.vector         0x0000000000000004       0xfc
 *(.vector)
 .vector        0x0000000000000004       0xfc ./Startup/startup_ch32v20x_D6.o
                0x0000000000000100                . = ALIGN (0x40)

.text           0x0000000000000100     0x4770
                0x0000000000000100                . = ALIGN (0x4)
 *(.text)
 .text          0x0000000000000100       0x60 /Applications/MounRiver Studio 2.app/Contents/Resources/app/resources/darwin/components/WCH/Toolchain/RISC-V Embedded GCC/bin/../lib/gcc/riscv-none-embed/8.2.0/rv32imacxw/ilp32/libgcc.a(save-restore.o)
                0x0000000000000100                __riscv_save_12
                0x0000000000000108                __riscv_save_10
                0x0000000000000108                __riscv_save_8
                0x0000000000000108                __riscv_save_11
                0x0000000000000108                __riscv_save_9
                0x0000000000000116                __riscv_save_4
                0x0000000000000116                __riscv_save_7
                0x0000000000000116                __riscv_save_6
                0x0000000000000116                __riscv_save_5
                0x0000000000000130                __riscv_save_3
                0x0000000000000130                __riscv_save_2
                0x0000000000000130                __riscv_save_0
                0x0000000000000130                __riscv_save_1
                0x000000000000013c                __riscv_restore_12
                0x0000000000000140                __riscv_restore_8
                0x0000000000000140                __riscv_restore_10
                0x0000000000000140                __riscv_restore_9
                0x0000000000000140                __riscv_restore_11
                0x000000000000014a                __riscv_restore_5
                0x000000000000014a                __riscv_restore_7
                0x000000000000014a                __riscv_restore_4
                0x000000000000014a                __riscv_restore_6
                0x0000000000000154                __riscv_restore_3
                0x0000000000000154                __riscv_restore_1
                0x0000000000000154                __riscv_restore_0
                0x0000000000000154                __riscv_restore_2
 .text          0x0000000000000160       0xa8 /Applications/MounRiver Studio 2.app/Contents/Resources/app/resources/darwin/components/WCH/Toolchain/RISC-V Embedded GCC/bin/../lib/gcc/riscv-none-embed/8.2.0/../../../../riscv-none-embed/lib/rv32imacxw/ilp32/libg_nano.a(lib_a-memset.o)
                0x0000000000000160                memset
 *(.text.*)
 .text.NMI_Handler
                0x0000000000000208        0x2 ./User/ch32v20x_it.o
                0x0000000000000208                NMI_Handler
 .text.HardFault_Handler
                0x000000000000020a       0x10 ./User/ch32v20x_it.o
                0x000000000000020a                HardFault_Handler
 .text.USARTx_CFG
                0x000000000000021a       0xa4 ./User/main.o
                0x000000000000021a                USARTx_CFG
 .text.DMA_INIT
                0x00000000000002be       0x96 ./User/main.o
                0x00000000000002be                DMA_INIT
 .text.ring_buffer_push_huge
                0x0000000000000354       0x9a ./User/main.o
                0x0000000000000354                ring_buffer_push_huge
 .text.OPA2_Init
                0x00000000000003ee       0x62 ./User/main.o
                0x00000000000003ee                OPA2_Init
 .text.TIM1_PWM_Init
                0x0000000000000450       0xde ./User/main.o
                0x0000000000000450                TIM1_PWM_Init
 .text.State_Process
                0x000000000000052e       0x16 ./User/main.o
                0x000000000000052e                State_Process
 .text.startup.main
                0x0000000000000544      0x10a ./User/main.o
                0x0000000000000544                main
 .text.USART2_IRQHandler
                0x000000000000064e       0xce ./User/main.o
                0x000000000000064e                USART2_IRQHandler
 .text.DMA1_Channel6_IRQHandler
                0x000000000000071c       0x8e ./User/main.o
                0x000000000000071c                DMA1_Channel6_IRQHandler
 .text.PARAM_GetByte
                0x00000000000007aa       0x16 ./User/param_table.o
                0x00000000000007aa                PARAM_GetByte
 .text.PARAM_SetByte
                0x00000000000007c0       0x12 ./User/param_table.o
                0x00000000000007c0                PARAM_SetByte
 .text.PARAM_GetWord
                0x00000000000007d2       0x1c ./User/param_table.o
                0x00000000000007d2                PARAM_GetWord
 .text.PARAM_SetWord
                0x00000000000007ee       0x16 ./User/param_table.o
                0x00000000000007ee                PARAM_SetWord
 .text.PARAM_VerifyChecksum
                0x0000000000000804       0x34 ./User/param_table.o
                0x0000000000000804                PARAM_VerifyChecksum
 .text.PARAM_UpdateChecksum
                0x0000000000000838       0x3e ./User/param_table.o
                0x0000000000000838                PARAM_UpdateChecksum
 .text.PARAM_SaveToFlash
                0x0000000000000876       0x3a ./User/param_table.o
                0x0000000000000876                PARAM_SaveToFlash
 .text.PARAM_LoadFromFlash
                0x00000000000008b0       0x26 ./User/param_table.o
                0x00000000000008b0                PARAM_LoadFromFlash
 .text.PARAM_SetDefault
                0x00000000000008d6       0xf4 ./User/param_table.o
                0x00000000000008d6                PARAM_SetDefault
 .text.PARAM_Init
                0x00000000000009ca       0x2e ./User/param_table.o
                0x00000000000009ca                PARAM_Init
 .text.StripType_GetName
                0x00000000000009f8       0x20 ./User/param_table.o
                0x00000000000009f8                StripType_GetName
 .text.Unit_GetSymbol
                0x0000000000000a18       0x20 ./User/param_table.o
                0x0000000000000a18                Unit_GetSymbol
 .text.PARAM_GetDateTime
                0x0000000000000a38       0x42 ./User/param_table.o
                0x0000000000000a38                PARAM_GetDateTime
 .text.PARAM_SetDateTime
                0x0000000000000a7a       0x6a ./User/param_table.o
                0x0000000000000a7a                PARAM_SetDateTime
 .text.RTC_SetTime
                0x0000000000000ae4       0xca ./User/rtc.o
                0x0000000000000ae4                RTC_SetTime
 .text.RTC_GetTime
                0x0000000000000bae       0xa6 ./User/rtc.o
                0x0000000000000bae                RTC_GetTime
 .text.RTC_SyncWithParam
                0x0000000000000c54       0x4a ./User/rtc.o
                0x0000000000000c54                RTC_SyncWithParam
 .text.RTC_Init
                0x0000000000000c9e       0x5e ./User/rtc.o
                0x0000000000000c9e                RTC_Init
 .text.RTC_UpdateParam
                0x0000000000000cfc       0x60 ./User/rtc.o
                0x0000000000000cfc                RTC_UpdateParam
 .text.RTC_Config
                0x0000000000000d5c       0x76 ./User/rtc.o
                0x0000000000000d5c                RTC_Config
 .text.STRIP_DETECT_DetermineStripType
                0x0000000000000dd2       0x62 ./User/strip_detect.o
 .text.STRIP_DETECT_UpdateWPWMDuty
                0x0000000000000e34       0x60 ./User/strip_detect.o
 .text.STRIP_DETECT_ReadADC.constprop.0
                0x0000000000000e94       0x3a ./User/strip_detect.o
 .text.STRIP_DETECT_Init
                0x0000000000000ece       0xdc ./User/strip_detect.o
                0x0000000000000ece                STRIP_DETECT_Init
 .text.STRIP_DETECT_Process
                0x0000000000000faa      0x114 ./User/strip_detect.o
                0x0000000000000faa                STRIP_DETECT_Process
 .text.STRIP_DETECT_HandleInsertedEvent
                0x00000000000010be       0x9c ./User/strip_detect.o
                0x00000000000010be                STRIP_DETECT_HandleInsertedEvent
 .text.STRIP_DETECT_SetPinStatus
                0x000000000000115a        0xe ./User/strip_detect.o
                0x000000000000115a                STRIP_DETECT_SetPinStatus
 .text.SystemInit
                0x0000000000001168       0x8e ./User/system_ch32v20x.o
                0x0000000000001168                SystemInit
 .text.System_SetState
                0x00000000000011f6       0x24 ./User/system_state.o
                0x00000000000011f6                System_SetState
 .text.System_GetState
                0x000000000000121a        0x6 ./User/system_state.o
                0x000000000000121a                System_GetState
 .text.UART_Protocol_Init
                0x0000000000001220       0x44 ./User/uart_protocol.o
                0x0000000000001220                UART_Protocol_Init
 .text.UART_CalculateChecksum
                0x0000000000001264       0x22 ./User/uart_protocol.o
                0x0000000000001264                UART_CalculateChecksum
 .text.UART_SendPacket.part.1
                0x0000000000001286       0x8a ./User/uart_protocol.o
 .text.UART_VerifyChecksum
                0x0000000000001310       0x2c ./User/uart_protocol.o
                0x0000000000001310                UART_VerifyChecksum
 .text.UART_SendPacket
                0x000000000000133c       0x16 ./User/uart_protocol.o
                0x000000000000133c                UART_SendPacket
 .text.UART_SendSyncTimeAck
                0x0000000000001352       0x18 ./User/uart_protocol.o
                0x0000000000001352                UART_SendSyncTimeAck
 .text.UART_SendStatusAck
                0x000000000000136a       0x46 ./User/uart_protocol.o
                0x000000000000136a                UART_SendStatusAck
 .text.UART_SendParamAck
                0x00000000000013b0       0x18 ./User/uart_protocol.o
                0x00000000000013b0                UART_SendParamAck
 .text.UART_SendBloodNotify
                0x00000000000013c8       0x18 ./User/uart_protocol.o
                0x00000000000013c8                UART_SendBloodNotify
 .text.UART_SendResultAck
                0x00000000000013e0       0xb2 ./User/uart_protocol.o
                0x00000000000013e0                UART_SendResultAck
 .text.UART_SendRawDataAck
                0x0000000000001492      0x144 ./User/uart_protocol.o
                0x0000000000001492                UART_SendRawDataAck
 .text.UART_SendErrorAck
                0x00000000000015d6       0x1c ./User/uart_protocol.o
                0x00000000000015d6                UART_SendErrorAck
 .text.UART_ProcessSyncTime
                0x00000000000015f2       0xfe ./User/uart_protocol.o
                0x00000000000015f2                UART_ProcessSyncTime
 .text.UART_ProcessGetStatus
                0x00000000000016f0       0x34 ./User/uart_protocol.o
                0x00000000000016f0                UART_ProcessGetStatus
 .text.UART_ProcessSetParam
                0x0000000000001724       0x4c ./User/uart_protocol.o
                0x0000000000001724                UART_ProcessSetParam
 .text.UART_ProcessCheckBlood
                0x0000000000001770       0x50 ./User/uart_protocol.o
                0x0000000000001770                UART_ProcessCheckBlood
 .text.UART_ProcessGetResult
                0x00000000000017c0       0x70 ./User/uart_protocol.o
                0x00000000000017c0                UART_ProcessGetResult
 .text.UART_ProcessGetRawData
                0x0000000000001830       0x44 ./User/uart_protocol.o
                0x0000000000001830                UART_ProcessGetRawData
 .text.UART2_Receive_Byte_ISR
                0x0000000000001874       0xee ./User/uart_protocol.o
                0x0000000000001874                UART2_Receive_Byte_ISR
 .text.UART_ProcessStripInsertedCmd
                0x0000000000001962       0x82 ./User/uart_protocol.o
                0x0000000000001962                UART_ProcessStripInsertedCmd
 .text.UART_ProcessPacket
                0x00000000000019e4       0x96 ./User/uart_protocol.o
                0x00000000000019e4                UART_ProcessPacket
 .text.UART_Protocol_Process
                0x0000000000001a7a       0x44 ./User/uart_protocol.o
                0x0000000000001a7a                UART_Protocol_Process
 .text.UART_SendStripTypeAck
                0x0000000000001abe       0x3c ./User/uart_protocol.o
                0x0000000000001abe                UART_SendStripTypeAck
 .text.Get_Battery_Voltage
                0x0000000000001afa        0xe ./User/uart_protocol_stubs.o
                0x0000000000001afa                Get_Battery_Voltage
 .text.Get_Temperature
                0x0000000000001b08        0x6 ./User/uart_protocol_stubs.o
                0x0000000000001b08                Get_Temperature
 .text.Check_Strip_Status
                0x0000000000001b0e        0x4 ./User/uart_protocol_stubs.o
                0x0000000000001b0e                Check_Strip_Status
 .text.Check_Blood_Status
                0x0000000000001b12       0x20 ./User/uart_protocol_stubs.o
                0x0000000000001b12                Check_Blood_Status
 .text.Perform_Test
                0x0000000000001b32        0x4 ./User/uart_protocol_stubs.o
                0x0000000000001b32                Perform_Test
 .text.Get_Test_Data
                0x0000000000001b36       0x78 ./User/uart_protocol_stubs.o
                0x0000000000001b36                Get_Test_Data
 .text.Get_Raw_Test_Data
                0x0000000000001bae       0x8e ./User/uart_protocol_stubs.o
                0x0000000000001bae                Get_Raw_Test_Data
 .text.vector_handler
                0x0000000000001c3c        0x2 ./Startup/startup_ch32v20x_D6.o
                0x0000000000001c3c                USBWakeUp_IRQHandler
                0x0000000000001c3c                TIM1_CC_IRQHandler
                0x0000000000001c3c                SysTick_Handler
                0x0000000000001c3c                PVD_IRQHandler
                0x0000000000001c3c                EXTI3_IRQHandler
                0x0000000000001c3c                USBFS_IRQHandler
                0x0000000000001c3c                EXTI0_IRQHandler
                0x0000000000001c3c                I2C2_EV_IRQHandler
                0x0000000000001c3c                ADC1_2_IRQHandler
                0x0000000000001c3c                Break_Point_Handler
                0x0000000000001c3c                SPI1_IRQHandler
                0x0000000000001c3c                TAMPER_IRQHandler
                0x0000000000001c3c                Ecall_M_Mode_Handler
                0x0000000000001c3c                DMA1_Channel4_IRQHandler
                0x0000000000001c3c                USART3_IRQHandler
                0x0000000000001c3c                RTC_IRQHandler
                0x0000000000001c3c                DMA1_Channel7_IRQHandler
                0x0000000000001c3c                CAN1_RX1_IRQHandler
                0x0000000000001c3c                TIM4_IRQHandler
                0x0000000000001c3c                I2C1_EV_IRQHandler
                0x0000000000001c3c                UART4_IRQHandler
                0x0000000000001c3c                TIM3_IRQHandler
                0x0000000000001c3c                RCC_IRQHandler
                0x0000000000001c3c                TIM1_TRG_COM_IRQHandler
                0x0000000000001c3c                DMA1_Channel1_IRQHandler
                0x0000000000001c3c                EXTI15_10_IRQHandler
                0x0000000000001c3c                DMA1_Channel8_IRQHandler
                0x0000000000001c3c                EXTI9_5_IRQHandler
                0x0000000000001c3c                SPI2_IRQHandler
                0x0000000000001c3c                DMA1_Channel5_IRQHandler
                0x0000000000001c3c                EXTI4_IRQHandler
                0x0000000000001c3c                USB_LP_CAN1_RX0_IRQHandler
                0x0000000000001c3c                USB_HP_CAN1_TX_IRQHandler
                0x0000000000001c3c                DMA1_Channel3_IRQHandler
                0x0000000000001c3c                TIM1_UP_IRQHandler
                0x0000000000001c3c                WWDG_IRQHandler
                0x0000000000001c3c                Ecall_U_Mode_Handler
                0x0000000000001c3c                TIM2_IRQHandler
                0x0000000000001c3c                SW_Handler
                0x0000000000001c3c                TIM1_BRK_IRQHandler
                0x0000000000001c3c                EXTI1_IRQHandler
                0x0000000000001c3c                RTCAlarm_IRQHandler
                0x0000000000001c3c                I2C2_ER_IRQHandler
                0x0000000000001c3c                DMA1_Channel2_IRQHandler
                0x0000000000001c3c                CAN1_SCE_IRQHandler
                0x0000000000001c3c                FLASH_IRQHandler
                0x0000000000001c3c                USBFSWakeUp_IRQHandler
                0x0000000000001c3c                USART1_IRQHandler
                0x0000000000001c3c                I2C1_ER_IRQHandler
                0x0000000000001c3c                EXTI2_IRQHandler
 .text.handle_reset
                0x0000000000001c3e       0x86 ./Startup/startup_ch32v20x_D6.o
                0x0000000000001c3e                handle_reset
 .text.ADC_DeInit
                0x0000000000001cc4       0x40 ./Peripheral/src/ch32v20x_adc.o
                0x0000000000001cc4                ADC_DeInit
 .text.ADC_Init
                0x0000000000001d04       0x56 ./Peripheral/src/ch32v20x_adc.o
                0x0000000000001d04                ADC_Init
 .text.ADC_Cmd  0x0000000000001d5a       0x10 ./Peripheral/src/ch32v20x_adc.o
                0x0000000000001d5a                ADC_Cmd
 .text.ADC_ResetCalibration
                0x0000000000001d6a        0xa ./Peripheral/src/ch32v20x_adc.o
                0x0000000000001d6a                ADC_ResetCalibration
 .text.ADC_GetResetCalibrationStatus
                0x0000000000001d74        0x8 ./Peripheral/src/ch32v20x_adc.o
                0x0000000000001d74                ADC_GetResetCalibrationStatus
 .text.ADC_StartCalibration
                0x0000000000001d7c        0xa ./Peripheral/src/ch32v20x_adc.o
                0x0000000000001d7c                ADC_StartCalibration
 .text.ADC_GetCalibrationStatus
                0x0000000000001d86        0x8 ./Peripheral/src/ch32v20x_adc.o
                0x0000000000001d86                ADC_GetCalibrationStatus
 .text.ADC_SoftwareStartConvCmd
                0x0000000000001d8e       0x18 ./Peripheral/src/ch32v20x_adc.o
                0x0000000000001d8e                ADC_SoftwareStartConvCmd
 .text.ADC_RegularChannelConfig
                0x0000000000001da6       0xb8 ./Peripheral/src/ch32v20x_adc.o
                0x0000000000001da6                ADC_RegularChannelConfig
 .text.ADC_GetConversionValue
                0x0000000000001e5e        0x8 ./Peripheral/src/ch32v20x_adc.o
                0x0000000000001e5e                ADC_GetConversionValue
 .text.ADC_GetFlagStatus
                0x0000000000001e66        0xa ./Peripheral/src/ch32v20x_adc.o
                0x0000000000001e66                ADC_GetFlagStatus
 .text.BKP_DeInit
                0x0000000000001e70       0x10 ./Peripheral/src/ch32v20x_bkp.o
                0x0000000000001e70                BKP_DeInit
 .text.BKP_WriteBackupRegister
                0x0000000000001e80       0x1c ./Peripheral/src/ch32v20x_bkp.o
                0x0000000000001e80                BKP_WriteBackupRegister
 .text.BKP_ReadBackupRegister
                0x0000000000001e9c       0x1c ./Peripheral/src/ch32v20x_bkp.o
                0x0000000000001e9c                BKP_ReadBackupRegister
 .text.DMA_DeInit
                0x0000000000001eb8       0x9c ./Peripheral/src/ch32v20x_dma.o
                0x0000000000001eb8                DMA_DeInit
 .text.DMA_Init
                0x0000000000001f54       0x38 ./Peripheral/src/ch32v20x_dma.o
                0x0000000000001f54                DMA_Init
 .text.DMA_Cmd  0x0000000000001f8c       0x14 ./Peripheral/src/ch32v20x_dma.o
                0x0000000000001f8c                DMA_Cmd
 .text.DMA_ITConfig
                0x0000000000001fa0       0x12 ./Peripheral/src/ch32v20x_dma.o
                0x0000000000001fa0                DMA_ITConfig
 .text.DMA_SetCurrDataCounter
                0x0000000000001fb2        0x4 ./Peripheral/src/ch32v20x_dma.o
                0x0000000000001fb2                DMA_SetCurrDataCounter
 .text.DMA_ClearITPendingBit
                0x0000000000001fb6        0x8 ./Peripheral/src/ch32v20x_dma.o
                0x0000000000001fb6                DMA_ClearITPendingBit
 .text.FLASH_Unlock
                0x0000000000001fbe       0x1a ./Peripheral/src/ch32v20x_flash.o
                0x0000000000001fbe                FLASH_Unlock
 .text.FLASH_Lock
                0x0000000000001fd8        0xe ./Peripheral/src/ch32v20x_flash.o
                0x0000000000001fd8                FLASH_Lock
 .text.FLASH_GetBank1Status
                0x0000000000001fe6       0x18 ./Peripheral/src/ch32v20x_flash.o
                0x0000000000001fe6                FLASH_GetBank1Status
 .text.FLASH_WaitForLastOperation
                0x0000000000001ffe       0x20 ./Peripheral/src/ch32v20x_flash.o
                0x0000000000001ffe                FLASH_WaitForLastOperation
 .text.FLASH_ErasePage
                0x000000000000201e       0x38 ./Peripheral/src/ch32v20x_flash.o
                0x000000000000201e                FLASH_ErasePage
 .text.FLASH_ProgramHalfWord
                0x0000000000002056       0x38 ./Peripheral/src/ch32v20x_flash.o
                0x0000000000002056                FLASH_ProgramHalfWord
 .text.GPIO_Init
                0x000000000000208e       0xf2 ./Peripheral/src/ch32v20x_gpio.o
                0x000000000000208e                GPIO_Init
 .text.GPIO_SetBits
                0x0000000000002180       0x14 ./Peripheral/src/ch32v20x_gpio.o
                0x0000000000002180                GPIO_SetBits
 .text.GPIO_ResetBits
                0x0000000000002194       0x14 ./Peripheral/src/ch32v20x_gpio.o
                0x0000000000002194                GPIO_ResetBits
 .text.NVIC_PriorityGroupConfig
                0x00000000000021a8        0x6 ./Peripheral/src/ch32v20x_misc.o
                0x00000000000021a8                NVIC_PriorityGroupConfig
 .text.NVIC_Init
                0x00000000000021ae       0x54 ./Peripheral/src/ch32v20x_misc.o
                0x00000000000021ae                NVIC_Init
 .text.OPA_Init
                0x0000000000002202       0x36 ./Peripheral/src/ch32v20x_opa.o
                0x0000000000002202                OPA_Init
 .text.OPA_Cmd  0x0000000000002238       0x2c ./Peripheral/src/ch32v20x_opa.o
                0x0000000000002238                OPA_Cmd
 .text.PWR_BackupAccessCmd
                0x0000000000002264       0x16 ./Peripheral/src/ch32v20x_pwr.o
                0x0000000000002264                PWR_BackupAccessCmd
 .text.RCC_ADCCLKConfig
                0x000000000000227a       0x12 ./Peripheral/src/ch32v20x_rcc.o
                0x000000000000227a                RCC_ADCCLKConfig
 .text.RCC_LSICmd
                0x000000000000228c       0x14 ./Peripheral/src/ch32v20x_rcc.o
                0x000000000000228c                RCC_LSICmd
 .text.RCC_RTCCLKConfig
                0x00000000000022a0        0xc ./Peripheral/src/ch32v20x_rcc.o
                0x00000000000022a0                RCC_RTCCLKConfig
 .text.RCC_RTCCLKCmd
                0x00000000000022ac       0x20 ./Peripheral/src/ch32v20x_rcc.o
                0x00000000000022ac                RCC_RTCCLKCmd
 .text.RCC_GetClocksFreq
                0x00000000000022cc       0xbe ./Peripheral/src/ch32v20x_rcc.o
                0x00000000000022cc                RCC_GetClocksFreq
 .text.RCC_AHBPeriphClockCmd
                0x000000000000238a       0x1e ./Peripheral/src/ch32v20x_rcc.o
                0x000000000000238a                RCC_AHBPeriphClockCmd
 .text.RCC_APB2PeriphClockCmd
                0x00000000000023a8       0x1e ./Peripheral/src/ch32v20x_rcc.o
                0x00000000000023a8                RCC_APB2PeriphClockCmd
 .text.RCC_APB1PeriphClockCmd
                0x00000000000023c6       0x1e ./Peripheral/src/ch32v20x_rcc.o
                0x00000000000023c6                RCC_APB1PeriphClockCmd
 .text.RCC_APB2PeriphResetCmd
                0x00000000000023e4       0x1e ./Peripheral/src/ch32v20x_rcc.o
                0x00000000000023e4                RCC_APB2PeriphResetCmd
 .text.RCC_BackupResetCmd
                0x0000000000002402       0x20 ./Peripheral/src/ch32v20x_rcc.o
                0x0000000000002402                RCC_BackupResetCmd
 .text.RCC_GetFlagStatus
                0x0000000000002422       0x2e ./Peripheral/src/ch32v20x_rcc.o
                0x0000000000002422                RCC_GetFlagStatus
 .text.RTC_ITConfig
                0x0000000000002450       0x1a ./Peripheral/src/ch32v20x_rtc.o
                0x0000000000002450                RTC_ITConfig
 .text.RTC_EnterConfigMode
                0x000000000000246a       0x12 ./Peripheral/src/ch32v20x_rtc.o
                0x000000000000246a                RTC_EnterConfigMode
 .text.RTC_ExitConfigMode
                0x000000000000247c       0x18 ./Peripheral/src/ch32v20x_rtc.o
                0x000000000000247c                RTC_ExitConfigMode
 .text.RTC_GetCounter
                0x0000000000002494       0x5a ./Peripheral/src/ch32v20x_rtc.o
                0x0000000000002494                RTC_GetCounter
 .text.RTC_SetCounter
                0x00000000000024ee       0x2c ./Peripheral/src/ch32v20x_rtc.o
                0x00000000000024ee                RTC_SetCounter
 .text.RTC_SetPrescaler
                0x000000000000251a       0x2e ./Peripheral/src/ch32v20x_rtc.o
                0x000000000000251a                RTC_SetPrescaler
 .text.RTC_WaitForLastTask
                0x0000000000002548       0x10 ./Peripheral/src/ch32v20x_rtc.o
                0x0000000000002548                RTC_WaitForLastTask
 .text.RTC_WaitForSynchro
                0x0000000000002558       0x24 ./Peripheral/src/ch32v20x_rtc.o
                0x0000000000002558                RTC_WaitForSynchro
 .text.TIM_TimeBaseInit
                0x000000000000257c       0x6a ./Peripheral/src/ch32v20x_tim.o
                0x000000000000257c                TIM_TimeBaseInit
 .text.TIM_OC3Init
                0x00000000000025e6       0x94 ./Peripheral/src/ch32v20x_tim.o
                0x00000000000025e6                TIM_OC3Init
 .text.TIM_BDTRConfig
                0x000000000000267a       0x20 ./Peripheral/src/ch32v20x_tim.o
                0x000000000000267a                TIM_BDTRConfig
 .text.TIM_Cmd  0x000000000000269a       0x18 ./Peripheral/src/ch32v20x_tim.o
                0x000000000000269a                TIM_Cmd
 .text.TIM_CtrlPWMOutputs
                0x00000000000026b2       0x16 ./Peripheral/src/ch32v20x_tim.o
                0x00000000000026b2                TIM_CtrlPWMOutputs
 .text.TIM_ARRPreloadConfig
                0x00000000000026c8       0x1a ./Peripheral/src/ch32v20x_tim.o
                0x00000000000026c8                TIM_ARRPreloadConfig
 .text.TIM_OC3PreloadConfig
                0x00000000000026e2        0xe ./Peripheral/src/ch32v20x_tim.o
                0x00000000000026e2                TIM_OC3PreloadConfig
 .text.TIM_SetCompare3
                0x00000000000026f0        0x4 ./Peripheral/src/ch32v20x_tim.o
                0x00000000000026f0                TIM_SetCompare3
 .text.USART_Init
                0x00000000000026f4       0x90 ./Peripheral/src/ch32v20x_usart.o
                0x00000000000026f4                USART_Init
 .text.USART_Cmd
                0x0000000000002784       0x16 ./Peripheral/src/ch32v20x_usart.o
                0x0000000000002784                USART_Cmd
 .text.USART_ITConfig
                0x000000000000279a       0x36 ./Peripheral/src/ch32v20x_usart.o
                0x000000000000279a                USART_ITConfig
 .text.USART_DMACmd
                0x00000000000027d0       0x12 ./Peripheral/src/ch32v20x_usart.o
                0x00000000000027d0                USART_DMACmd
 .text.USART_SendData
                0x00000000000027e2        0x8 ./Peripheral/src/ch32v20x_usart.o
                0x00000000000027e2                USART_SendData
 .text.USART_ReceiveData
                0x00000000000027ea        0x8 ./Peripheral/src/ch32v20x_usart.o
                0x00000000000027ea                USART_ReceiveData
 .text.USART_GetFlagStatus
                0x00000000000027f2        0xa ./Peripheral/src/ch32v20x_usart.o
                0x00000000000027f2                USART_GetFlagStatus
 .text.USART_GetITStatus
                0x00000000000027fc       0x3c ./Peripheral/src/ch32v20x_usart.o
                0x00000000000027fc                USART_GetITStatus
 .text.Delay_Init
                0x0000000000002838       0x2a ./Debug/debug.o
                0x0000000000002838                Delay_Init
 .text.Delay_Ms
                0x0000000000002862       0x36 ./Debug/debug.o
                0x0000000000002862                Delay_Ms
 .text.USART_Printf_Init
                0x0000000000002898       0x5a ./Debug/debug.o
                0x0000000000002898                USART_Printf_Init
 .text._write   0x00000000000028f2       0x3e ./Debug/debug.o
                0x00000000000028f2                _write
 .text._sbrk    0x0000000000002930       0x26 ./Debug/debug.o
                0x0000000000002930                _sbrk
 .text.__gesf2  0x0000000000002956       0x86 /Applications/MounRiver Studio 2.app/Contents/Resources/app/resources/darwin/components/WCH/Toolchain/RISC-V Embedded GCC/bin/../lib/gcc/riscv-none-embed/8.2.0/rv32imacxw/ilp32/libgcc.a(gesf2.o)
                0x0000000000002956                __gtsf2
                0x0000000000002956                __gesf2
 .text.__mulsf3
                0x00000000000029dc      0x290 /Applications/MounRiver Studio 2.app/Contents/Resources/app/resources/darwin/components/WCH/Toolchain/RISC-V Embedded GCC/bin/../lib/gcc/riscv-none-embed/8.2.0/rv32imacxw/ilp32/libgcc.a(mulsf3.o)
                0x00000000000029dc                __mulsf3
 .text.__floatunsisf
                0x0000000000002c6c       0xce /Applications/MounRiver Studio 2.app/Contents/Resources/app/resources/darwin/components/WCH/Toolchain/RISC-V Embedded GCC/bin/../lib/gcc/riscv-none-embed/8.2.0/rv32imacxw/ilp32/libgcc.a(floatunsisf.o)
                0x0000000000002c6c                __floatunsisf
 .text.__extendsfdf2
                0x0000000000002d3a       0xac /Applications/MounRiver Studio 2.app/Contents/Resources/app/resources/darwin/components/WCH/Toolchain/RISC-V Embedded GCC/bin/../lib/gcc/riscv-none-embed/8.2.0/rv32imacxw/ilp32/libgcc.a(extendsfdf2.o)
                0x0000000000002d3a                __extendsfdf2
 .text.__clzsi2
                0x0000000000002de6       0x6e /Applications/MounRiver Studio 2.app/Contents/Resources/app/resources/darwin/components/WCH/Toolchain/RISC-V Embedded GCC/bin/../lib/gcc/riscv-none-embed/8.2.0/rv32imacxw/ilp32/libgcc.a(_clzsi2.o)
                0x0000000000002de6                __clzsi2
 .text.memcpy   0x0000000000002e54       0xb2 /Applications/MounRiver Studio 2.app/Contents/Resources/app/resources/darwin/components/WCH/Toolchain/RISC-V Embedded GCC/bin/../lib/gcc/riscv-none-embed/8.2.0/../../../../riscv-none-embed/lib/rv32imacxw/ilp32/libg_nano.a(lib_a-memcpy.o)
                0x0000000000002e54                memcpy
 .text.printf   0x0000000000002f06       0x40 /Applications/MounRiver Studio 2.app/Contents/Resources/app/resources/darwin/components/WCH/Toolchain/RISC-V Embedded GCC/bin/../lib/gcc/riscv-none-embed/8.2.0/../../../../riscv-none-embed/lib/rv32imacxw/ilp32/libg_nano.a(lib_a-printf.o)
                0x0000000000002f06                printf
                0x0000000000002f06                iprintf
 .text._puts_r  0x0000000000002f46       0xd4 /Applications/MounRiver Studio 2.app/Contents/Resources/app/resources/darwin/components/WCH/Toolchain/RISC-V Embedded GCC/bin/../lib/gcc/riscv-none-embed/8.2.0/../../../../riscv-none-embed/lib/rv32imacxw/ilp32/libg_nano.a(lib_a-puts.o)
                0x0000000000002f46                _puts_r
 .text.puts     0x000000000000301a        0xc /Applications/MounRiver Studio 2.app/Contents/Resources/app/resources/darwin/components/WCH/Toolchain/RISC-V Embedded GCC/bin/../lib/gcc/riscv-none-embed/8.2.0/../../../../riscv-none-embed/lib/rv32imacxw/ilp32/libg_nano.a(lib_a-puts.o)
                0x000000000000301a                puts
 .text.__swbuf_r
                0x0000000000003026       0xbc /Applications/MounRiver Studio 2.app/Contents/Resources/app/resources/darwin/components/WCH/Toolchain/RISC-V Embedded GCC/bin/../lib/gcc/riscv-none-embed/8.2.0/../../../../riscv-none-embed/lib/rv32imacxw/ilp32/libg_nano.a(lib_a-wbuf.o)
                0x0000000000003026                __swbuf_r
 .text.__swsetup_r
                0x00000000000030e2       0xfc /Applications/MounRiver Studio 2.app/Contents/Resources/app/resources/darwin/components/WCH/Toolchain/RISC-V Embedded GCC/bin/../lib/gcc/riscv-none-embed/8.2.0/../../../../riscv-none-embed/lib/rv32imacxw/ilp32/libg_nano.a(lib_a-wsetup.o)
                0x00000000000030e2                __swsetup_r
 .text.__sflush_r
                0x00000000000031de      0x130 /Applications/MounRiver Studio 2.app/Contents/Resources/app/resources/darwin/components/WCH/Toolchain/RISC-V Embedded GCC/bin/../lib/gcc/riscv-none-embed/8.2.0/../../../../riscv-none-embed/lib/rv32imacxw/ilp32/libg_nano.a(lib_a-fflush.o)
                0x00000000000031de                __sflush_r
 .text._fflush_r
                0x000000000000330e       0x66 /Applications/MounRiver Studio 2.app/Contents/Resources/app/resources/darwin/components/WCH/Toolchain/RISC-V Embedded GCC/bin/../lib/gcc/riscv-none-embed/8.2.0/../../../../riscv-none-embed/lib/rv32imacxw/ilp32/libg_nano.a(lib_a-fflush.o)
                0x000000000000330e                _fflush_r
 .text.std      0x0000000000003374       0x66 /Applications/MounRiver Studio 2.app/Contents/Resources/app/resources/darwin/components/WCH/Toolchain/RISC-V Embedded GCC/bin/../lib/gcc/riscv-none-embed/8.2.0/../../../../riscv-none-embed/lib/rv32imacxw/ilp32/libg_nano.a(lib_a-findfp.o)
 .text._cleanup_r
                0x00000000000033da        0xa /Applications/MounRiver Studio 2.app/Contents/Resources/app/resources/darwin/components/WCH/Toolchain/RISC-V Embedded GCC/bin/../lib/gcc/riscv-none-embed/8.2.0/../../../../riscv-none-embed/lib/rv32imacxw/ilp32/libg_nano.a(lib_a-findfp.o)
                0x00000000000033da                _cleanup_r
 .text.__sfmoreglue
                0x00000000000033e4       0x46 /Applications/MounRiver Studio 2.app/Contents/Resources/app/resources/darwin/components/WCH/Toolchain/RISC-V Embedded GCC/bin/../lib/gcc/riscv-none-embed/8.2.0/../../../../riscv-none-embed/lib/rv32imacxw/ilp32/libg_nano.a(lib_a-findfp.o)
                0x00000000000033e4                __sfmoreglue
 .text.__sinit  0x000000000000342a       0x6c /Applications/MounRiver Studio 2.app/Contents/Resources/app/resources/darwin/components/WCH/Toolchain/RISC-V Embedded GCC/bin/../lib/gcc/riscv-none-embed/8.2.0/../../../../riscv-none-embed/lib/rv32imacxw/ilp32/libg_nano.a(lib_a-findfp.o)
                0x000000000000342a                __sinit
 .text.__sfp    0x0000000000003496       0xa0 /Applications/MounRiver Studio 2.app/Contents/Resources/app/resources/darwin/components/WCH/Toolchain/RISC-V Embedded GCC/bin/../lib/gcc/riscv-none-embed/8.2.0/../../../../riscv-none-embed/lib/rv32imacxw/ilp32/libg_nano.a(lib_a-findfp.o)
                0x0000000000003496                __sfp
 .text._fwalk_reent
                0x0000000000003536       0x6a /Applications/MounRiver Studio 2.app/Contents/Resources/app/resources/darwin/components/WCH/Toolchain/RISC-V Embedded GCC/bin/../lib/gcc/riscv-none-embed/8.2.0/../../../../riscv-none-embed/lib/rv32imacxw/ilp32/libg_nano.a(lib_a-fwalk.o)
                0x0000000000003536                _fwalk_reent
 .text.__swhatbuf_r
                0x00000000000035a0       0x58 /Applications/MounRiver Studio 2.app/Contents/Resources/app/resources/darwin/components/WCH/Toolchain/RISC-V Embedded GCC/bin/../lib/gcc/riscv-none-embed/8.2.0/../../../../riscv-none-embed/lib/rv32imacxw/ilp32/libg_nano.a(lib_a-makebuf.o)
                0x00000000000035a0                __swhatbuf_r
 .text.__smakebuf_r
                0x00000000000035f8       0x92 /Applications/MounRiver Studio 2.app/Contents/Resources/app/resources/darwin/components/WCH/Toolchain/RISC-V Embedded GCC/bin/../lib/gcc/riscv-none-embed/8.2.0/../../../../riscv-none-embed/lib/rv32imacxw/ilp32/libg_nano.a(lib_a-makebuf.o)
                0x00000000000035f8                __smakebuf_r
 .text._free_r  0x000000000000368a       0xa8 /Applications/MounRiver Studio 2.app/Contents/Resources/app/resources/darwin/components/WCH/Toolchain/RISC-V Embedded GCC/bin/../lib/gcc/riscv-none-embed/8.2.0/../../../../riscv-none-embed/lib/rv32imacxw/ilp32/libg_nano.a(lib_a-nano-freer.o)
                0x000000000000368a                _free_r
 .text._malloc_r
                0x0000000000003732       0xd4 /Applications/MounRiver Studio 2.app/Contents/Resources/app/resources/darwin/components/WCH/Toolchain/RISC-V Embedded GCC/bin/../lib/gcc/riscv-none-embed/8.2.0/../../../../riscv-none-embed/lib/rv32imacxw/ilp32/libg_nano.a(lib_a-nano-mallocr.o)
                0x0000000000003732                _malloc_r
 .text.__sfputc_r
                0x0000000000003806       0x28 /Applications/MounRiver Studio 2.app/Contents/Resources/app/resources/darwin/components/WCH/Toolchain/RISC-V Embedded GCC/bin/../lib/gcc/riscv-none-embed/8.2.0/../../../../riscv-none-embed/lib/rv32imacxw/ilp32/libg_nano.a(lib_a-nano-vfprintf.o)
 .text.__sfputs_r
                0x000000000000382e       0x42 /Applications/MounRiver Studio 2.app/Contents/Resources/app/resources/darwin/components/WCH/Toolchain/RISC-V Embedded GCC/bin/../lib/gcc/riscv-none-embed/8.2.0/../../../../riscv-none-embed/lib/rv32imacxw/ilp32/libg_nano.a(lib_a-nano-vfprintf.o)
                0x000000000000382e                __sfputs_r
 .text._vfprintf_r
                0x0000000000003870      0x288 /Applications/MounRiver Studio 2.app/Contents/Resources/app/resources/darwin/components/WCH/Toolchain/RISC-V Embedded GCC/bin/../lib/gcc/riscv-none-embed/8.2.0/../../../../riscv-none-embed/lib/rv32imacxw/ilp32/libg_nano.a(lib_a-nano-vfprintf.o)
                0x0000000000003870                _vfiprintf_r
                0x0000000000003870                _vfprintf_r
 .text._printf_common
                0x0000000000003af8      0x10c /Applications/MounRiver Studio 2.app/Contents/Resources/app/resources/darwin/components/WCH/Toolchain/RISC-V Embedded GCC/bin/../lib/gcc/riscv-none-embed/8.2.0/../../../../riscv-none-embed/lib/rv32imacxw/ilp32/libg_nano.a(lib_a-nano-vfprintf_i.o)
                0x0000000000003af8                _printf_common
 .text._printf_i
                0x0000000000003c04      0x2a2 /Applications/MounRiver Studio 2.app/Contents/Resources/app/resources/darwin/components/WCH/Toolchain/RISC-V Embedded GCC/bin/../lib/gcc/riscv-none-embed/8.2.0/../../../../riscv-none-embed/lib/rv32imacxw/ilp32/libg_nano.a(lib_a-nano-vfprintf_i.o)
                0x0000000000003c04                _printf_i
 .text._sbrk_r  0x0000000000003ea6       0x2a /Applications/MounRiver Studio 2.app/Contents/Resources/app/resources/darwin/components/WCH/Toolchain/RISC-V Embedded GCC/bin/../lib/gcc/riscv-none-embed/8.2.0/../../../../riscv-none-embed/lib/rv32imacxw/ilp32/libg_nano.a(lib_a-sbrkr.o)
                0x0000000000003ea6                _sbrk_r
 .text.__sread  0x0000000000003ed0       0x2c /Applications/MounRiver Studio 2.app/Contents/Resources/app/resources/darwin/components/WCH/Toolchain/RISC-V Embedded GCC/bin/../lib/gcc/riscv-none-embed/8.2.0/../../../../riscv-none-embed/lib/rv32imacxw/ilp32/libg_nano.a(lib_a-stdio.o)
                0x0000000000003ed0                __sread
 .text.__swrite
                0x0000000000003efc       0x48 /Applications/MounRiver Studio 2.app/Contents/Resources/app/resources/darwin/components/WCH/Toolchain/RISC-V Embedded GCC/bin/../lib/gcc/riscv-none-embed/8.2.0/../../../../riscv-none-embed/lib/rv32imacxw/ilp32/libg_nano.a(lib_a-stdio.o)
                0x0000000000003efc                __swrite
 .text.__sseek  0x0000000000003f44       0x30 /Applications/MounRiver Studio 2.app/Contents/Resources/app/resources/darwin/components/WCH/Toolchain/RISC-V Embedded GCC/bin/../lib/gcc/riscv-none-embed/8.2.0/../../../../riscv-none-embed/lib/rv32imacxw/ilp32/libg_nano.a(lib_a-stdio.o)
                0x0000000000003f44                __sseek
 .text.__sclose
                0x0000000000003f74        0x6 /Applications/MounRiver Studio 2.app/Contents/Resources/app/resources/darwin/components/WCH/Toolchain/RISC-V Embedded GCC/bin/../lib/gcc/riscv-none-embed/8.2.0/../../../../riscv-none-embed/lib/rv32imacxw/ilp32/libg_nano.a(lib_a-stdio.o)
                0x0000000000003f74                __sclose
 .text._write_r
                0x0000000000003f7a       0x2e /Applications/MounRiver Studio 2.app/Contents/Resources/app/resources/darwin/components/WCH/Toolchain/RISC-V Embedded GCC/bin/../lib/gcc/riscv-none-embed/8.2.0/../../../../riscv-none-embed/lib/rv32imacxw/ilp32/libg_nano.a(lib_a-writer.o)
                0x0000000000003f7a                _write_r
 .text._close_r
                0x0000000000003fa8       0x28 /Applications/MounRiver Studio 2.app/Contents/Resources/app/resources/darwin/components/WCH/Toolchain/RISC-V Embedded GCC/bin/../lib/gcc/riscv-none-embed/8.2.0/../../../../riscv-none-embed/lib/rv32imacxw/ilp32/libg_nano.a(lib_a-closer.o)
                0x0000000000003fa8                _close_r
 .text._fstat_r
                0x0000000000003fd0       0x2a /Applications/MounRiver Studio 2.app/Contents/Resources/app/resources/darwin/components/WCH/Toolchain/RISC-V Embedded GCC/bin/../lib/gcc/riscv-none-embed/8.2.0/../../../../riscv-none-embed/lib/rv32imacxw/ilp32/libg_nano.a(lib_a-fstatr.o)
                0x0000000000003fd0                _fstat_r
 .text._isatty_r
                0x0000000000003ffa       0x28 /Applications/MounRiver Studio 2.app/Contents/Resources/app/resources/darwin/components/WCH/Toolchain/RISC-V Embedded GCC/bin/../lib/gcc/riscv-none-embed/8.2.0/../../../../riscv-none-embed/lib/rv32imacxw/ilp32/libg_nano.a(lib_a-isattyr.o)
                0x0000000000003ffa                _isatty_r
 .text._lseek_r
                0x0000000000004022       0x2c /Applications/MounRiver Studio 2.app/Contents/Resources/app/resources/darwin/components/WCH/Toolchain/RISC-V Embedded GCC/bin/../lib/gcc/riscv-none-embed/8.2.0/../../../../riscv-none-embed/lib/rv32imacxw/ilp32/libg_nano.a(lib_a-lseekr.o)
                0x0000000000004022                _lseek_r
 .text.memchr   0x000000000000404e       0x18 /Applications/MounRiver Studio 2.app/Contents/Resources/app/resources/darwin/components/WCH/Toolchain/RISC-V Embedded GCC/bin/../lib/gcc/riscv-none-embed/8.2.0/../../../../riscv-none-embed/lib/rv32imacxw/ilp32/libg_nano.a(lib_a-memchr.o)
                0x000000000000404e                memchr
 .text.__malloc_lock
                0x0000000000004066        0x2 /Applications/MounRiver Studio 2.app/Contents/Resources/app/resources/darwin/components/WCH/Toolchain/RISC-V Embedded GCC/bin/../lib/gcc/riscv-none-embed/8.2.0/../../../../riscv-none-embed/lib/rv32imacxw/ilp32/libg_nano.a(lib_a-mlock.o)
                0x0000000000004066                __malloc_lock
 .text.__malloc_unlock
                0x0000000000004068        0x2 /Applications/MounRiver Studio 2.app/Contents/Resources/app/resources/darwin/components/WCH/Toolchain/RISC-V Embedded GCC/bin/../lib/gcc/riscv-none-embed/8.2.0/../../../../riscv-none-embed/lib/rv32imacxw/ilp32/libg_nano.a(lib_a-mlock.o)
                0x0000000000004068                __malloc_unlock
 .text._read_r  0x000000000000406a       0x2c /Applications/MounRiver Studio 2.app/Contents/Resources/app/resources/darwin/components/WCH/Toolchain/RISC-V Embedded GCC/bin/../lib/gcc/riscv-none-embed/8.2.0/../../../../riscv-none-embed/lib/rv32imacxw/ilp32/libg_nano.a(lib_a-readr.o)
                0x000000000000406a                _read_r
 .text._close   0x0000000000004096        0xc /Applications/MounRiver Studio 2.app/Contents/Resources/app/resources/darwin/components/WCH/Toolchain/RISC-V Embedded GCC/bin/../lib/gcc/riscv-none-embed/8.2.0/../../../../riscv-none-embed/lib/rv32imacxw/ilp32/libnosys.a(close.o)
                0x0000000000004096                _close
 .text._fstat   0x00000000000040a2        0xc /Applications/MounRiver Studio 2.app/Contents/Resources/app/resources/darwin/components/WCH/Toolchain/RISC-V Embedded GCC/bin/../lib/gcc/riscv-none-embed/8.2.0/../../../../riscv-none-embed/lib/rv32imacxw/ilp32/libnosys.a(fstat.o)
                0x00000000000040a2                _fstat
 .text._isatty  0x00000000000040ae        0xc /Applications/MounRiver Studio 2.app/Contents/Resources/app/resources/darwin/components/WCH/Toolchain/RISC-V Embedded GCC/bin/../lib/gcc/riscv-none-embed/8.2.0/../../../../riscv-none-embed/lib/rv32imacxw/ilp32/libnosys.a(isatty.o)
                0x00000000000040ae                _isatty
 .text._lseek   0x00000000000040ba        0xc /Applications/MounRiver Studio 2.app/Contents/Resources/app/resources/darwin/components/WCH/Toolchain/RISC-V Embedded GCC/bin/../lib/gcc/riscv-none-embed/8.2.0/../../../../riscv-none-embed/lib/rv32imacxw/ilp32/libnosys.a(lseek.o)
                0x00000000000040ba                _lseek
 .text._read    0x00000000000040c6        0xc /Applications/MounRiver Studio 2.app/Contents/Resources/app/resources/darwin/components/WCH/Toolchain/RISC-V Embedded GCC/bin/../lib/gcc/riscv-none-embed/8.2.0/../../../../riscv-none-embed/lib/rv32imacxw/ilp32/libnosys.a(read.o)
                0x00000000000040c6                _read
 *(.rodata)
 *fill*         0x00000000000040d2        0x2 
 .rodata        0x00000000000040d4        0xd ./User/rtc.o
 *(.rodata*)
 *fill*         0x00000000000040e1        0x3 
 .rodata.OPA2_Init.str1.4
                0x00000000000040e4       0x12 ./User/main.o
 *fill*         0x00000000000040f6        0x2 
 .rodata.TIM1_PWM_Init.str1.4
                0x00000000000040f8       0x2b ./User/main.o
 *fill*         0x0000000000004123        0x1 
 .rodata.main.str1.4
                0x0000000000004124       0xe7 ./User/main.o
 *fill*         0x000000000000420b        0x1 
 .rodata.CSWTCH.4
                0x000000000000420c       0x14 ./User/param_table.o
 .rodata.CSWTCH.5
                0x0000000000004220        0xc ./User/param_table.o
 .rodata.PARAM_Init.str1.4
                0x000000000000422c       0x5a ./User/param_table.o
 *fill*         0x0000000000004286        0x2 
 .rodata.StripType_GetName.str1.4
                0x0000000000004288        0x8 ./User/param_table.o
 .rodata.Unit_GetSymbol.str1.4
                0x0000000000004290        0x2 ./User/param_table.o
 *fill*         0x0000000000004292        0x2 
 .rodata.str1.4
                0x0000000000004294       0x64 ./User/param_table.o
 .rodata.RTC_Config.str1.4
                0x00000000000042f8       0x57 ./User/rtc.o
 *fill*         0x000000000000434f        0x1 
 .rodata.RTC_Init.str1.4
                0x0000000000004350       0x11 ./User/rtc.o
 *fill*         0x0000000000004361        0x3 
 .rodata.RTC_SetTime.str1.4
                0x0000000000004364       0x2e ./User/rtc.o
 *fill*         0x0000000000004392        0x2 
 .rodata.RTC_SyncWithParam.str1.4
                0x0000000000004394       0x4d ./User/rtc.o
 *fill*         0x00000000000043e1        0x3 
 .rodata.RTC_UpdateParam.str1.4
                0x00000000000043e4       0x6a ./User/rtc.o
 *fill*         0x000000000000444e        0x2 
 .rodata.STRIP_DETECT_UpdateWPWMDuty
                0x0000000000004450       0x14 ./User/strip_detect.o
 .rodata.STRIP_DETECT_DetermineStripType.cst4
                0x0000000000004464        0x4 ./User/strip_detect.o
 .rodata.STRIP_DETECT_HandleInsertedEvent.str1.4
                0x0000000000004468       0x3d ./User/strip_detect.o
 *fill*         0x00000000000044a5        0x3 
 .rodata.STRIP_DETECT_Init.str1.4
                0x00000000000044a8       0x24 ./User/strip_detect.o
 .rodata.STRIP_DETECT_Process.cst4
                0x00000000000044cc        0x8 ./User/strip_detect.o
 .rodata.STRIP_DETECT_Process.str1.4
                0x00000000000044d4       0x7c ./User/strip_detect.o
 .rodata.System_SetState.str1.4
                0x0000000000004550       0x19 ./User/system_state.o
 *fill*         0x0000000000004569        0x3 
 .rodata.UART2_Receive_Byte_ISR
                0x000000000000456c       0x18 ./User/uart_protocol.o
 .rodata.UART_ProcessStripInsertedCmd.str1.4
                0x0000000000004584       0xbc ./User/uart_protocol.o
 .rodata.UART_Protocol_Init.str1.4
                0x0000000000004640       0x1b ./User/uart_protocol.o
 *fill*         0x000000000000465b        0x1 
 .rodata.UART_SendStripTypeAck.str1.4
                0x000000000000465c       0x2c ./User/uart_protocol.o
 .rodata.Get_Raw_Test_Data.str1.4
                0x0000000000004688        0xb ./User/uart_protocol_stubs.o
 *fill*         0x0000000000004693        0x1 
 .rodata.__mulsf3
                0x0000000000004694       0x40 /Applications/MounRiver Studio 2.app/Contents/Resources/app/resources/darwin/components/WCH/Toolchain/RISC-V Embedded GCC/bin/../lib/gcc/riscv-none-embed/8.2.0/rv32imacxw/ilp32/libgcc.a(mulsf3.o)
 .rodata.__clz_tab
                0x00000000000046d4      0x100 /Applications/MounRiver Studio 2.app/Contents/Resources/app/resources/darwin/components/WCH/Toolchain/RISC-V Embedded GCC/bin/../lib/gcc/riscv-none-embed/8.2.0/rv32imacxw/ilp32/libgcc.a(_clz.o)
                0x00000000000046d4                __clz_tab
 .rodata.__sf_fake_stderr
                0x00000000000047d4       0x20 /Applications/MounRiver Studio 2.app/Contents/Resources/app/resources/darwin/components/WCH/Toolchain/RISC-V Embedded GCC/bin/../lib/gcc/riscv-none-embed/8.2.0/../../../../riscv-none-embed/lib/rv32imacxw/ilp32/libg_nano.a(lib_a-findfp.o)
                0x00000000000047d4                __sf_fake_stderr
 .rodata.__sf_fake_stdin
                0x00000000000047f4       0x20 /Applications/MounRiver Studio 2.app/Contents/Resources/app/resources/darwin/components/WCH/Toolchain/RISC-V Embedded GCC/bin/../lib/gcc/riscv-none-embed/8.2.0/../../../../riscv-none-embed/lib/rv32imacxw/ilp32/libg_nano.a(lib_a-findfp.o)
                0x00000000000047f4                __sf_fake_stdin
 .rodata.__sf_fake_stdout
                0x0000000000004814       0x20 /Applications/MounRiver Studio 2.app/Contents/Resources/app/resources/darwin/components/WCH/Toolchain/RISC-V Embedded GCC/bin/../lib/gcc/riscv-none-embed/8.2.0/../../../../riscv-none-embed/lib/rv32imacxw/ilp32/libg_nano.a(lib_a-findfp.o)
                0x0000000000004814                __sf_fake_stdout
 .rodata._vfprintf_r.str1.4
                0x0000000000004834       0x13 /Applications/MounRiver Studio 2.app/Contents/Resources/app/resources/darwin/components/WCH/Toolchain/RISC-V Embedded GCC/bin/../lib/gcc/riscv-none-embed/8.2.0/../../../../riscv-none-embed/lib/rv32imacxw/ilp32/libg_nano.a(lib_a-nano-vfprintf.o)
 *fill*         0x0000000000004847        0x1 
 .rodata._printf_i.str1.4
                0x0000000000004848       0x28 /Applications/MounRiver Studio 2.app/Contents/Resources/app/resources/darwin/components/WCH/Toolchain/RISC-V Embedded GCC/bin/../lib/gcc/riscv-none-embed/8.2.0/../../../../riscv-none-embed/lib/rv32imacxw/ilp32/libg_nano.a(lib_a-nano-vfprintf_i.o)
                                         0x25 (size before relaxing)
 *(.gnu.linkonce.t.*)
                0x0000000000004870                . = ALIGN (0x4)

.rela.dyn       0x0000000000004870        0x0
 .rela.init     0x0000000000004870        0x0 ./User/ch32v20x_it.o
 .rela.vector   0x0000000000004870        0x0 ./User/ch32v20x_it.o
 .rela.text.handle_reset
                0x0000000000004870        0x0 ./User/ch32v20x_it.o
 .rela.text._sbrk
                0x0000000000004870        0x0 ./User/ch32v20x_it.o
 .rela.sdata.curbrk.4652
                0x0000000000004870        0x0 ./User/ch32v20x_it.o
 .rela.text._vfprintf_r
                0x0000000000004870        0x0 ./User/ch32v20x_it.o
 .rela.text._sbrk_r
                0x0000000000004870        0x0 ./User/ch32v20x_it.o
 .rela.text._write_r
                0x0000000000004870        0x0 ./User/ch32v20x_it.o
 .rela.text._close_r
                0x0000000000004870        0x0 ./User/ch32v20x_it.o
 .rela.text._fstat_r
                0x0000000000004870        0x0 ./User/ch32v20x_it.o
 .rela.text._isatty_r
                0x0000000000004870        0x0 ./User/ch32v20x_it.o
 .rela.text._lseek_r
                0x0000000000004870        0x0 ./User/ch32v20x_it.o
 .rela.text._read_r
                0x0000000000004870        0x0 ./User/ch32v20x_it.o
 .rela.text._close
                0x0000000000004870        0x0 ./User/ch32v20x_it.o
 .rela.text._fstat
                0x0000000000004870        0x0 ./User/ch32v20x_it.o
 .rela.text._isatty
                0x0000000000004870        0x0 ./User/ch32v20x_it.o
 .rela.text._lseek
                0x0000000000004870        0x0 ./User/ch32v20x_it.o
 .rela.text._read
                0x0000000000004870        0x0 ./User/ch32v20x_it.o

.fini           0x0000000000004870        0x0
 *(SORT_NONE(.fini))
                0x0000000000004870                . = ALIGN (0x4)
                [!provide]                        PROVIDE (_etext = .)
                [!provide]                        PROVIDE (_eitcm = .)

.preinit_array  0x0000000000004870        0x0
                [!provide]                        PROVIDE (__preinit_array_start = .)
 *(.preinit_array)
                [!provide]                        PROVIDE (__preinit_array_end = .)

.init_array     0x0000000000004870        0x0
                [!provide]                        PROVIDE (__init_array_start = .)
 *(SORT_BY_INIT_PRIORITY(.init_array.*) SORT_BY_INIT_PRIORITY(.ctors.*))
 *(.init_array EXCLUDE_FILE(*crtend?.o *crtend.o *crtbegin?.o *crtbegin.o) .ctors)
                [!provide]                        PROVIDE (__init_array_end = .)

.fini_array     0x0000000000004870        0x0
                [!provide]                        PROVIDE (__fini_array_start = .)
 *(SORT_BY_INIT_PRIORITY(.fini_array.*) SORT_BY_INIT_PRIORITY(.dtors.*))
 *(.fini_array EXCLUDE_FILE(*crtend?.o *crtend.o *crtbegin?.o *crtbegin.o) .dtors)
                [!provide]                        PROVIDE (__fini_array_end = .)

.ctors
 *crtbegin.o(.ctors)
 *crtbegin?.o(.ctors)
 *(EXCLUDE_FILE(*crtend?.o *crtend.o) .ctors)
 *(SORT_BY_NAME(.ctors.*))
 *(.ctors)

.dtors
 *crtbegin.o(.dtors)
 *crtbegin?.o(.dtors)
 *(EXCLUDE_FILE(*crtend?.o *crtend.o) .dtors)
 *(SORT_BY_NAME(.dtors.*))
 *(.dtors)

.dalign         0x0000000020000000        0x0 load address 0x0000000000004870
                0x0000000020000000                . = ALIGN (0x4)
                0x0000000020000000                PROVIDE (_data_vma = .)

.dlalign        0x0000000000004870        0x0
                0x0000000000004870                . = ALIGN (0x4)
                0x0000000000004870                PROVIDE (_data_lma = .)

.data           0x0000000020000000       0xa0 load address 0x0000000000004870
 *(.gnu.linkonce.r.*)
 *(.data .data.*)
 .data.stripInfo
                0x0000000020000000       0x18 ./User/strip_detect.o
 .data.APBAHBPrescTable
                0x0000000020000018       0x10 ./Peripheral/src/ch32v20x_rcc.o
 .data.impure_data
                0x0000000020000028       0x60 /Applications/MounRiver Studio 2.app/Contents/Resources/app/resources/darwin/components/WCH/Toolchain/RISC-V Embedded GCC/bin/../lib/gcc/riscv-none-embed/8.2.0/../../../../riscv-none-embed/lib/rv32imacxw/ilp32/libg_nano.a(lib_a-impure.o)
 *(.gnu.linkonce.d.*)
                0x0000000020000088                . = ALIGN (0x8)
                0x0000000020000888                PROVIDE (__global_pointer$ = (. + 0x800))
 *(.sdata .sdata.*)
 .sdata.SystemCoreClock
                0x0000000020000088        0x4 ./User/system_ch32v20x.o
                0x0000000020000088                SystemCoreClock
 .sdata.blood_countdown
                0x000000002000008c        0x1 ./User/uart_protocol.o
 *fill*         0x000000002000008d        0x3 
 .sdata.ADCPrescTable
                0x0000000020000090        0x4 ./Peripheral/src/ch32v20x_rcc.o
 .sdata.curbrk.4652
                0x0000000020000094        0x4 ./Debug/debug.o
 .sdata._impure_ptr
                0x0000000020000098        0x4 /Applications/MounRiver Studio 2.app/Contents/Resources/app/resources/darwin/components/WCH/Toolchain/RISC-V Embedded GCC/bin/../lib/gcc/riscv-none-embed/8.2.0/../../../../riscv-none-embed/lib/rv32imacxw/ilp32/libg_nano.a(lib_a-impure.o)
                0x0000000020000098                _impure_ptr
 *(.sdata2.*)
 .sdata2._global_impure_ptr
                0x000000002000009c        0x4 /Applications/MounRiver Studio 2.app/Contents/Resources/app/resources/darwin/components/WCH/Toolchain/RISC-V Embedded GCC/bin/../lib/gcc/riscv-none-embed/8.2.0/../../../../riscv-none-embed/lib/rv32imacxw/ilp32/libg_nano.a(lib_a-impure.o)
                0x000000002000009c                _global_impure_ptr
 *(.gnu.linkonce.s.*)
                0x00000000200000a0                . = ALIGN (0x8)
 *(.srodata.cst16)
 *(.srodata.cst8)
 *(.srodata.cst4)
 *(.srodata.cst2)
 *(.srodata .srodata.*)
                0x00000000200000a0                . = ALIGN (0x4)
                0x00000000200000a0                PROVIDE (_edata = .)

.bss            0x00000000200000a0      0x8b4 load address 0x0000000000004910
                0x00000000200000a0                . = ALIGN (0x4)
                0x00000000200000a0                PROVIDE (_sbss = .)
 *(.sbss*)
 .sbss.currentSystemState
                0x00000000200000a0        0x4 ./User/system_state.o
 .sbss.blood_detected
                0x00000000200000a4        0x1 ./User/uart_protocol.o
 .sbss.dataCnt.5259
                0x00000000200000a5        0x1 ./User/uart_protocol.o
 .sbss.dataLen.5258
                0x00000000200000a6        0x1 ./User/uart_protocol.o
 *fill*         0x00000000200000a7        0x1 
 .sbss.g_batteryVoltage
                0x00000000200000a8        0x2 ./User/uart_protocol.o
                0x00000000200000a8                g_batteryVoltage
 .sbss.packet_received
                0x00000000200000aa        0x1 ./User/uart_protocol.o
 *fill*         0x00000000200000ab        0x1 
 .sbss.rx_index
                0x00000000200000ac        0x2 ./User/uart_protocol.o
 .sbss.state.5257
                0x00000000200000ae        0x1 ./User/uart_protocol.o
 .sbss.test_in_progress
                0x00000000200000af        0x1 ./User/uart_protocol.o
 .sbss.counter.5045
                0x00000000200000b0        0x1 ./User/uart_protocol_stubs.o
 .sbss.MCU_Version
                0x00000000200000b1        0x1 ./Peripheral/src/ch32v20x_gpio.o
                0x00000000200000b1                MCU_Version
 *fill*         0x00000000200000b2        0x2 
 .sbss.NVIC_Priority_Group
                0x00000000200000b4        0x4 ./Peripheral/src/ch32v20x_misc.o
                0x00000000200000b4                NVIC_Priority_Group
 .sbss.p_ms     0x00000000200000b8        0x2 ./Debug/debug.o
 .sbss.p_us     0x00000000200000ba        0x1 ./Debug/debug.o
 *fill*         0x00000000200000bb        0x1 
 .sbss.__malloc_free_list
                0x00000000200000bc        0x4 /Applications/MounRiver Studio 2.app/Contents/Resources/app/resources/darwin/components/WCH/Toolchain/RISC-V Embedded GCC/bin/../lib/gcc/riscv-none-embed/8.2.0/../../../../riscv-none-embed/lib/rv32imacxw/ilp32/libg_nano.a(lib_a-nano-mallocr.o)
                0x00000000200000bc                __malloc_free_list
 .sbss.__malloc_sbrk_start
                0x00000000200000c0        0x4 /Applications/MounRiver Studio 2.app/Contents/Resources/app/resources/darwin/components/WCH/Toolchain/RISC-V Embedded GCC/bin/../lib/gcc/riscv-none-embed/8.2.0/../../../../riscv-none-embed/lib/rv32imacxw/ilp32/libg_nano.a(lib_a-nano-mallocr.o)
                0x00000000200000c0                __malloc_sbrk_start
 *(.gnu.linkonce.sb.*)
 *(.bss*)
 .bss.USART_DMA_CTRL
                0x00000000200000c4      0x101 ./User/main.o
                0x00000000200000c4                USART_DMA_CTRL
 *fill*         0x00000000200001c5        0x3 
 .bss.ring_buffer
                0x00000000200001c8      0x406 ./User/main.o
                0x00000000200001c8                ring_buffer
 *fill*         0x00000000200005ce        0x2 
 .bss.param_table
                0x00000000200005d0      0x2a6 ./User/param_table.o
 *fill*         0x0000000020000876        0x2 
 .bss.current_raw_data
                0x0000000020000878       0x3c ./User/uart_protocol.o
 .bss.current_test_result
                0x00000000200008b4       0x1a ./User/uart_protocol.o
 *fill*         0x00000000200008ce        0x2 
 .bss.rx_buffer
                0x00000000200008d0       0x40 ./User/uart_protocol.o
 .bss.tx_buffer
                0x0000000020000910       0x40 ./User/uart_protocol.o
 *(.gnu.linkonce.b.*)
 *(COMMON*)
 COMMON         0x0000000020000950        0x4 /Applications/MounRiver Studio 2.app/Contents/Resources/app/resources/darwin/components/WCH/Toolchain/RISC-V Embedded GCC/bin/../lib/gcc/riscv-none-embed/8.2.0/../../../../riscv-none-embed/lib/rv32imacxw/ilp32/libg_nano.a(lib_a-reent.o)
                0x0000000020000950                errno
                0x0000000020000954                . = ALIGN (0x4)
                0x0000000020000954                PROVIDE (_ebss = .)
                0x0000000020000954                PROVIDE (_end = _ebss)
                [!provide]                        PROVIDE (end = .)

.stack          0x0000000020004800      0x800
                0x0000000020004800                PROVIDE (_heap_end = .)
                0x0000000020004800                . = ALIGN (0x4)
                [!provide]                        PROVIDE (_susrstack = .)
                0x0000000020005000                . = (. + __stack_size)
 *fill*         0x0000000020004800      0x800 
                0x0000000020005000                PROVIDE (_eusrstack = .)
OUTPUT(CH32V203G8R6.elf elf32-littleriscv)

.debug_info     0x0000000000000000    0x1aaa6
 .debug_info    0x0000000000000000      0xbb5 ./User/ch32v20x_it.o
 .debug_info    0x0000000000000bb5     0x222e ./User/main.o
 .debug_info    0x0000000000002de3     0x17ff ./User/param_table.o
 .debug_info    0x00000000000045e2     0x1044 ./User/rtc.o
 .debug_info    0x0000000000005626     0x1a85 ./User/strip_detect.o
 .debug_info    0x00000000000070ab      0xb30 ./User/system_ch32v20x.o
 .debug_info    0x0000000000007bdb      0x9f2 ./User/system_state.o
 .debug_info    0x00000000000085cd     0x219c ./User/uart_protocol.o
 .debug_info    0x000000000000a769      0xe6c ./User/uart_protocol_stubs.o
 .debug_info    0x000000000000b5d5       0x22 ./Startup/startup_ch32v20x_D6.o
 .debug_info    0x000000000000b5f7     0x16eb ./Peripheral/src/ch32v20x_adc.o
 .debug_info    0x000000000000cce2     0x1091 ./Peripheral/src/ch32v20x_bkp.o
 .debug_info    0x000000000000dd73      0xd16 ./Peripheral/src/ch32v20x_dma.o
 .debug_info    0x000000000000ea89     0x15d2 ./Peripheral/src/ch32v20x_flash.o
 .debug_info    0x000000000001005b     0x1349 ./Peripheral/src/ch32v20x_gpio.o
 .debug_info    0x00000000000113a4      0xe61 ./Peripheral/src/ch32v20x_misc.o
 .debug_info    0x0000000000012205      0xb1d ./Peripheral/src/ch32v20x_opa.o
 .debug_info    0x0000000000012d22     0x1049 ./Peripheral/src/ch32v20x_pwr.o
 .debug_info    0x0000000000013d6b     0x1268 ./Peripheral/src/ch32v20x_rcc.o
 .debug_info    0x0000000000014fd3      0xdc9 ./Peripheral/src/ch32v20x_rtc.o
 .debug_info    0x0000000000015d9c     0x2ab3 ./Peripheral/src/ch32v20x_tim.o
 .debug_info    0x000000000001884f     0x1335 ./Peripheral/src/ch32v20x_usart.o
 .debug_info    0x0000000000019b84      0xf22 ./Debug/debug.o

.debug_abbrev   0x0000000000000000     0x4911
 .debug_abbrev  0x0000000000000000      0x22c ./User/ch32v20x_it.o
 .debug_abbrev  0x000000000000022c      0x3bc ./User/main.o
 .debug_abbrev  0x00000000000005e8      0x48d ./User/param_table.o
 .debug_abbrev  0x0000000000000a75      0x2ba ./User/rtc.o
 .debug_abbrev  0x0000000000000d2f      0x48c ./User/strip_detect.o
 .debug_abbrev  0x00000000000011bb      0x2b0 ./User/system_ch32v20x.o
 .debug_abbrev  0x000000000000146b      0x255 ./User/system_state.o
 .debug_abbrev  0x00000000000016c0      0x4bd ./User/uart_protocol.o
 .debug_abbrev  0x0000000000001b7d      0x301 ./User/uart_protocol_stubs.o
 .debug_abbrev  0x0000000000001e7e       0x12 ./Startup/startup_ch32v20x_D6.o
 .debug_abbrev  0x0000000000001e90      0x3a9 ./Peripheral/src/ch32v20x_adc.o
 .debug_abbrev  0x0000000000002239      0x2cc ./Peripheral/src/ch32v20x_bkp.o
 .debug_abbrev  0x0000000000002505      0x302 ./Peripheral/src/ch32v20x_dma.o
 .debug_abbrev  0x0000000000002807      0x468 ./Peripheral/src/ch32v20x_flash.o
 .debug_abbrev  0x0000000000002c6f      0x34b ./Peripheral/src/ch32v20x_gpio.o
 .debug_abbrev  0x0000000000002fba      0x2ea ./Peripheral/src/ch32v20x_misc.o
 .debug_abbrev  0x00000000000032a4      0x252 ./Peripheral/src/ch32v20x_opa.o
 .debug_abbrev  0x00000000000034f6      0x399 ./Peripheral/src/ch32v20x_pwr.o
 .debug_abbrev  0x000000000000388f      0x36b ./Peripheral/src/ch32v20x_rcc.o
 .debug_abbrev  0x0000000000003bfa      0x30b ./Peripheral/src/ch32v20x_rtc.o
 .debug_abbrev  0x0000000000003f05      0x418 ./Peripheral/src/ch32v20x_tim.o
 .debug_abbrev  0x000000000000431d      0x312 ./Peripheral/src/ch32v20x_usart.o
 .debug_abbrev  0x000000000000462f      0x2e2 ./Debug/debug.o

.debug_aranges  0x0000000000000000      0xe48
 .debug_aranges
                0x0000000000000000       0x28 ./User/ch32v20x_it.o
 .debug_aranges
                0x0000000000000028       0x68 ./User/main.o
 .debug_aranges
                0x0000000000000090       0xd8 ./User/param_table.o
 .debug_aranges
                0x0000000000000168       0x48 ./User/rtc.o
 .debug_aranges
                0x00000000000001b0       0x68 ./User/strip_detect.o
 .debug_aranges
                0x0000000000000218       0x28 ./User/system_ch32v20x.o
 .debug_aranges
                0x0000000000000240       0x28 ./User/system_state.o
 .debug_aranges
                0x0000000000000268       0xd0 ./User/uart_protocol.o
 .debug_aranges
                0x0000000000000338       0x50 ./User/uart_protocol_stubs.o
 .debug_aranges
                0x0000000000000388       0x30 ./Startup/startup_ch32v20x_D6.o
 .debug_aranges
                0x00000000000003b8      0x150 ./Peripheral/src/ch32v20x_adc.o
 .debug_aranges
                0x0000000000000508       0x78 ./Peripheral/src/ch32v20x_bkp.o
 .debug_aranges
                0x0000000000000580       0x60 ./Peripheral/src/ch32v20x_dma.o
 .debug_aranges
                0x00000000000005e0      0x110 ./Peripheral/src/ch32v20x_flash.o
 .debug_aranges
                0x00000000000006f0       0xb0 ./Peripheral/src/ch32v20x_gpio.o
 .debug_aranges
                0x00000000000007a0       0x28 ./Peripheral/src/ch32v20x_misc.o
 .debug_aranges
                0x00000000000007c8       0x38 ./Peripheral/src/ch32v20x_opa.o
 .debug_aranges
                0x0000000000000800       0x88 ./Peripheral/src/ch32v20x_pwr.o
 .debug_aranges
                0x0000000000000888      0x130 ./Peripheral/src/ch32v20x_rcc.o
 .debug_aranges
                0x00000000000009b8       0x80 ./Peripheral/src/ch32v20x_rtc.o
 .debug_aranges
                0x0000000000000a38      0x2d0 ./Peripheral/src/ch32v20x_tim.o
 .debug_aranges
                0x0000000000000d08       0xf0 ./Peripheral/src/ch32v20x_usart.o
 .debug_aranges
                0x0000000000000df8       0x50 ./Debug/debug.o

.debug_ranges   0x0000000000000000     0x1088
 .debug_ranges  0x0000000000000000       0x18 ./User/ch32v20x_it.o
 .debug_ranges  0x0000000000000018       0x58 ./User/main.o
 .debug_ranges  0x0000000000000070      0x310 ./User/param_table.o
 .debug_ranges  0x0000000000000380       0x38 ./User/rtc.o
 .debug_ranges  0x00000000000003b8       0x90 ./User/strip_detect.o
 .debug_ranges  0x0000000000000448       0x18 ./User/system_ch32v20x.o
 .debug_ranges  0x0000000000000460       0x18 ./User/system_state.o
 .debug_ranges  0x0000000000000478      0x168 ./User/uart_protocol.o
 .debug_ranges  0x00000000000005e0       0x60 ./User/uart_protocol_stubs.o
 .debug_ranges  0x0000000000000640       0x28 ./Startup/startup_ch32v20x_D6.o
 .debug_ranges  0x0000000000000668      0x140 ./Peripheral/src/ch32v20x_adc.o
 .debug_ranges  0x00000000000007a8       0x68 ./Peripheral/src/ch32v20x_bkp.o
 .debug_ranges  0x0000000000000810       0x50 ./Peripheral/src/ch32v20x_dma.o
 .debug_ranges  0x0000000000000860      0x100 ./Peripheral/src/ch32v20x_flash.o
 .debug_ranges  0x0000000000000960       0xa0 ./Peripheral/src/ch32v20x_gpio.o
 .debug_ranges  0x0000000000000a00       0x48 ./Peripheral/src/ch32v20x_misc.o
 .debug_ranges  0x0000000000000a48       0x28 ./Peripheral/src/ch32v20x_opa.o
 .debug_ranges  0x0000000000000a70       0x78 ./Peripheral/src/ch32v20x_pwr.o
 .debug_ranges  0x0000000000000ae8      0x120 ./Peripheral/src/ch32v20x_rcc.o
 .debug_ranges  0x0000000000000c08       0x70 ./Peripheral/src/ch32v20x_rtc.o
 .debug_ranges  0x0000000000000c78      0x2f0 ./Peripheral/src/ch32v20x_tim.o
 .debug_ranges  0x0000000000000f68       0xe0 ./Peripheral/src/ch32v20x_usart.o
 .debug_ranges  0x0000000000001048       0x40 ./Debug/debug.o

.debug_line     0x0000000000000000    0x15903
 .debug_line    0x0000000000000000      0x37e ./User/ch32v20x_it.o
 .debug_line    0x000000000000037e     0x120b ./User/main.o
 .debug_line    0x0000000000001589     0x1856 ./User/param_table.o
 .debug_line    0x0000000000002ddf      0xa4c ./User/rtc.o
 .debug_line    0x000000000000382b      0xda0 ./User/strip_detect.o
 .debug_line    0x00000000000045cb      0x69b ./User/system_ch32v20x.o
 .debug_line    0x0000000000004c66      0x3d5 ./User/system_state.o
 .debug_line    0x000000000000503b     0x1a4e ./User/uart_protocol.o
 .debug_line    0x0000000000006a89      0x7b9 ./User/uart_protocol_stubs.o
 .debug_line    0x0000000000007242      0x121 ./Startup/startup_ch32v20x_D6.o
 .debug_line    0x0000000000007363     0x1bb8 ./Peripheral/src/ch32v20x_adc.o
 .debug_line    0x0000000000008f1b      0x755 ./Peripheral/src/ch32v20x_bkp.o
 .debug_line    0x0000000000009670      0x8a2 ./Peripheral/src/ch32v20x_dma.o
 .debug_line    0x0000000000009f12     0x2620 ./Peripheral/src/ch32v20x_flash.o
 .debug_line    0x000000000000c532     0x16f6 ./Peripheral/src/ch32v20x_gpio.o
 .debug_line    0x000000000000dc28      0x4c8 ./Peripheral/src/ch32v20x_misc.o
 .debug_line    0x000000000000e0f0      0x549 ./Peripheral/src/ch32v20x_opa.o
 .debug_line    0x000000000000e639      0xc56 ./Peripheral/src/ch32v20x_pwr.o
 .debug_line    0x000000000000f28f     0x127e ./Peripheral/src/ch32v20x_rcc.o
 .debug_line    0x000000000001050d      0xa90 ./Peripheral/src/ch32v20x_rtc.o
 .debug_line    0x0000000000010f9d     0x31db ./Peripheral/src/ch32v20x_tim.o
 .debug_line    0x0000000000014178      0xf61 ./Peripheral/src/ch32v20x_usart.o
 .debug_line    0x00000000000150d9      0x82a ./Debug/debug.o

.debug_str      0x0000000000000000     0x46cb
 .debug_str     0x0000000000000000      0x620 ./User/ch32v20x_it.o
                                        0x6a5 (size before relaxing)
 .debug_str     0x0000000000000620      0xf61 ./User/main.o
                                       0x15cc (size before relaxing)
 .debug_str     0x0000000000001581      0x33d ./User/param_table.o
                                        0xa95 (size before relaxing)
 .debug_str     0x00000000000018be      0x1b0 ./User/rtc.o
                                        0x829 (size before relaxing)
 .debug_str     0x0000000000001a6e      0x4c3 ./User/strip_detect.o
                                        0xf82 (size before relaxing)
 .debug_str     0x0000000000001f31       0xf2 ./User/system_ch32v20x.o
                                        0x6bf (size before relaxing)
 .debug_str     0x0000000000002023       0x33 ./User/system_state.o
                                        0x6a1 (size before relaxing)
 .debug_str     0x0000000000002056      0x3bf ./User/uart_protocol.o
                                        0xc94 (size before relaxing)
 .debug_str     0x0000000000002415       0x33 ./User/uart_protocol_stubs.o
                                        0x7bc (size before relaxing)
 .debug_str     0x0000000000002448       0x2d ./Startup/startup_ch32v20x_D6.o
                                         0x76 (size before relaxing)
 .debug_str     0x0000000000002475      0x40e ./Peripheral/src/ch32v20x_adc.o
                                        0xc37 (size before relaxing)
 .debug_str     0x0000000000002883      0x376 ./Peripheral/src/ch32v20x_bkp.o
                                        0xac5 (size before relaxing)
 .debug_str     0x0000000000002bf9       0xcb ./Peripheral/src/ch32v20x_dma.o
                                        0x813 (size before relaxing)
 .debug_str     0x0000000000002cc4      0x49c ./Peripheral/src/ch32v20x_flash.o
                                        0xb3f (size before relaxing)
 .debug_str     0x0000000000003160      0x236 ./Peripheral/src/ch32v20x_gpio.o
                                        0x9dc (size before relaxing)
 .debug_str     0x0000000000003396       0x9c ./Peripheral/src/ch32v20x_misc.o
                                        0xa9e (size before relaxing)
 .debug_str     0x0000000000003432       0x56 ./Peripheral/src/ch32v20x_opa.o
                                        0x6db (size before relaxing)
 .debug_str     0x0000000000003488      0x1a0 ./Peripheral/src/ch32v20x_pwr.o
                                        0x87c (size before relaxing)
 .debug_str     0x0000000000003628      0x34c ./Peripheral/src/ch32v20x_rcc.o
                                        0xaee (size before relaxing)
 .debug_str     0x0000000000003974      0x14b ./Peripheral/src/ch32v20x_rtc.o
                                        0x826 (size before relaxing)
 .debug_str     0x0000000000003abf      0x8bb ./Peripheral/src/ch32v20x_tim.o
                                       0x12d9 (size before relaxing)
 .debug_str     0x000000000000437a      0x2dd ./Peripheral/src/ch32v20x_usart.o
                                        0xb0a (size before relaxing)
 .debug_str     0x0000000000004657       0x74 ./Debug/debug.o
                                        0x931 (size before relaxing)

.comment        0x0000000000000000       0x32
 .comment       0x0000000000000000       0x32 ./User/ch32v20x_it.o
                                         0x33 (size before relaxing)
 .comment       0x0000000000000032       0x33 ./User/main.o
 .comment       0x0000000000000032       0x33 ./User/param_table.o
 .comment       0x0000000000000032       0x33 ./User/rtc.o
 .comment       0x0000000000000032       0x33 ./User/strip_detect.o
 .comment       0x0000000000000032       0x33 ./User/system_ch32v20x.o
 .comment       0x0000000000000032       0x33 ./User/system_state.o
 .comment       0x0000000000000032       0x33 ./User/uart_protocol.o
 .comment       0x0000000000000032       0x33 ./User/uart_protocol_stubs.o
 .comment       0x0000000000000032       0x33 ./Peripheral/src/ch32v20x_adc.o
 .comment       0x0000000000000032       0x33 ./Peripheral/src/ch32v20x_bkp.o
 .comment       0x0000000000000032       0x33 ./Peripheral/src/ch32v20x_dma.o
 .comment       0x0000000000000032       0x33 ./Peripheral/src/ch32v20x_flash.o
 .comment       0x0000000000000032       0x33 ./Peripheral/src/ch32v20x_gpio.o
 .comment       0x0000000000000032       0x33 ./Peripheral/src/ch32v20x_misc.o
 .comment       0x0000000000000032       0x33 ./Peripheral/src/ch32v20x_opa.o
 .comment       0x0000000000000032       0x33 ./Peripheral/src/ch32v20x_pwr.o
 .comment       0x0000000000000032       0x33 ./Peripheral/src/ch32v20x_rcc.o
 .comment       0x0000000000000032       0x33 ./Peripheral/src/ch32v20x_rtc.o
 .comment       0x0000000000000032       0x33 ./Peripheral/src/ch32v20x_tim.o
 .comment       0x0000000000000032       0x33 ./Peripheral/src/ch32v20x_usart.o
 .comment       0x0000000000000032       0x33 ./Debug/debug.o
 .comment       0x0000000000000032       0x33 /Applications/MounRiver Studio 2.app/Contents/Resources/app/resources/darwin/components/WCH/Toolchain/RISC-V Embedded GCC/bin/../lib/gcc/riscv-none-embed/8.2.0/rv32imacxw/ilp32/libgcc.a(gesf2.o)
 .comment       0x0000000000000032       0x33 /Applications/MounRiver Studio 2.app/Contents/Resources/app/resources/darwin/components/WCH/Toolchain/RISC-V Embedded GCC/bin/../lib/gcc/riscv-none-embed/8.2.0/rv32imacxw/ilp32/libgcc.a(mulsf3.o)
 .comment       0x0000000000000032       0x33 /Applications/MounRiver Studio 2.app/Contents/Resources/app/resources/darwin/components/WCH/Toolchain/RISC-V Embedded GCC/bin/../lib/gcc/riscv-none-embed/8.2.0/rv32imacxw/ilp32/libgcc.a(floatunsisf.o)
 .comment       0x0000000000000032       0x33 /Applications/MounRiver Studio 2.app/Contents/Resources/app/resources/darwin/components/WCH/Toolchain/RISC-V Embedded GCC/bin/../lib/gcc/riscv-none-embed/8.2.0/rv32imacxw/ilp32/libgcc.a(extendsfdf2.o)
 .comment       0x0000000000000032       0x33 /Applications/MounRiver Studio 2.app/Contents/Resources/app/resources/darwin/components/WCH/Toolchain/RISC-V Embedded GCC/bin/../lib/gcc/riscv-none-embed/8.2.0/rv32imacxw/ilp32/libgcc.a(_clzsi2.o)
 .comment       0x0000000000000032       0x33 /Applications/MounRiver Studio 2.app/Contents/Resources/app/resources/darwin/components/WCH/Toolchain/RISC-V Embedded GCC/bin/../lib/gcc/riscv-none-embed/8.2.0/rv32imacxw/ilp32/libgcc.a(_clz.o)

.debug_frame    0x0000000000000000     0x2ab4
 .debug_frame   0x0000000000000000       0x30 ./User/ch32v20x_it.o
 .debug_frame   0x0000000000000030      0x174 ./User/main.o
 .debug_frame   0x00000000000001a4      0x254 ./User/param_table.o
 .debug_frame   0x00000000000003f8      0x100 ./User/rtc.o
 .debug_frame   0x00000000000004f8      0x134 ./User/strip_detect.o
 .debug_frame   0x000000000000062c       0x30 ./User/system_ch32v20x.o
 .debug_frame   0x000000000000065c       0x40 ./User/system_state.o
 .debug_frame   0x000000000000069c      0x310 ./User/uart_protocol.o
 .debug_frame   0x00000000000009ac       0xcc ./User/uart_protocol_stubs.o
 .debug_frame   0x0000000000000a78      0x2b4 ./Peripheral/src/ch32v20x_adc.o
 .debug_frame   0x0000000000000d2c       0xec ./Peripheral/src/ch32v20x_bkp.o
 .debug_frame   0x0000000000000e18       0xcc ./Peripheral/src/ch32v20x_dma.o
 .debug_frame   0x0000000000000ee4      0x380 ./Peripheral/src/ch32v20x_flash.o
 .debug_frame   0x0000000000001264      0x170 ./Peripheral/src/ch32v20x_gpio.o
 .debug_frame   0x00000000000013d4       0x30 ./Peripheral/src/ch32v20x_misc.o
 .debug_frame   0x0000000000001404       0x50 ./Peripheral/src/ch32v20x_opa.o
 .debug_frame   0x0000000000001454       0xfc ./Peripheral/src/ch32v20x_pwr.o
 .debug_frame   0x0000000000001550      0x254 ./Peripheral/src/ch32v20x_rcc.o
 .debug_frame   0x00000000000017a4      0x12c ./Peripheral/src/ch32v20x_rtc.o
 .debug_frame   0x00000000000018d0      0x614 ./Peripheral/src/ch32v20x_tim.o
 .debug_frame   0x0000000000001ee4      0x1e4 ./Peripheral/src/ch32v20x_usart.o
 .debug_frame   0x00000000000020c8       0xb8 ./Debug/debug.o
 .debug_frame   0x0000000000002180       0x20 /Applications/MounRiver Studio 2.app/Contents/Resources/app/resources/darwin/components/WCH/Toolchain/RISC-V Embedded GCC/bin/../lib/gcc/riscv-none-embed/8.2.0/../../../../riscv-none-embed/lib/rv32imacxw/ilp32/libg_nano.a(lib_a-memcpy.o)
 .debug_frame   0x00000000000021a0       0x54 /Applications/MounRiver Studio 2.app/Contents/Resources/app/resources/darwin/components/WCH/Toolchain/RISC-V Embedded GCC/bin/../lib/gcc/riscv-none-embed/8.2.0/../../../../riscv-none-embed/lib/rv32imacxw/ilp32/libg_nano.a(lib_a-printf.o)
 .debug_frame   0x00000000000021f4       0x54 /Applications/MounRiver Studio 2.app/Contents/Resources/app/resources/darwin/components/WCH/Toolchain/RISC-V Embedded GCC/bin/../lib/gcc/riscv-none-embed/8.2.0/../../../../riscv-none-embed/lib/rv32imacxw/ilp32/libg_nano.a(lib_a-puts.o)
 .debug_frame   0x0000000000002248       0x50 /Applications/MounRiver Studio 2.app/Contents/Resources/app/resources/darwin/components/WCH/Toolchain/RISC-V Embedded GCC/bin/../lib/gcc/riscv-none-embed/8.2.0/../../../../riscv-none-embed/lib/rv32imacxw/ilp32/libg_nano.a(lib_a-wbuf.o)
 .debug_frame   0x0000000000002298       0x3c /Applications/MounRiver Studio 2.app/Contents/Resources/app/resources/darwin/components/WCH/Toolchain/RISC-V Embedded GCC/bin/../lib/gcc/riscv-none-embed/8.2.0/../../../../riscv-none-embed/lib/rv32imacxw/ilp32/libg_nano.a(lib_a-wsetup.o)
 .debug_frame   0x00000000000022d4       0x7c /Applications/MounRiver Studio 2.app/Contents/Resources/app/resources/darwin/components/WCH/Toolchain/RISC-V Embedded GCC/bin/../lib/gcc/riscv-none-embed/8.2.0/../../../../riscv-none-embed/lib/rv32imacxw/ilp32/libg_nano.a(lib_a-fflush.o)
 .debug_frame   0x0000000000002350      0x148 /Applications/MounRiver Studio 2.app/Contents/Resources/app/resources/darwin/components/WCH/Toolchain/RISC-V Embedded GCC/bin/../lib/gcc/riscv-none-embed/8.2.0/../../../../riscv-none-embed/lib/rv32imacxw/ilp32/libg_nano.a(lib_a-findfp.o)
 .debug_frame   0x0000000000002498       0x88 /Applications/MounRiver Studio 2.app/Contents/Resources/app/resources/darwin/components/WCH/Toolchain/RISC-V Embedded GCC/bin/../lib/gcc/riscv-none-embed/8.2.0/../../../../riscv-none-embed/lib/rv32imacxw/ilp32/libg_nano.a(lib_a-fwalk.o)
 .debug_frame   0x0000000000002520       0x64 /Applications/MounRiver Studio 2.app/Contents/Resources/app/resources/darwin/components/WCH/Toolchain/RISC-V Embedded GCC/bin/../lib/gcc/riscv-none-embed/8.2.0/../../../../riscv-none-embed/lib/rv32imacxw/ilp32/libg_nano.a(lib_a-makebuf.o)
 .debug_frame   0x0000000000002584       0x40 /Applications/MounRiver Studio 2.app/Contents/Resources/app/resources/darwin/components/WCH/Toolchain/RISC-V Embedded GCC/bin/../lib/gcc/riscv-none-embed/8.2.0/../../../../riscv-none-embed/lib/rv32imacxw/ilp32/libg_nano.a(lib_a-nano-freer.o)
 .debug_frame   0x00000000000025c4       0x40 /Applications/MounRiver Studio 2.app/Contents/Resources/app/resources/darwin/components/WCH/Toolchain/RISC-V Embedded GCC/bin/../lib/gcc/riscv-none-embed/8.2.0/../../../../riscv-none-embed/lib/rv32imacxw/ilp32/libg_nano.a(lib_a-nano-mallocr.o)
 .debug_frame   0x0000000000002604       0xd0 /Applications/MounRiver Studio 2.app/Contents/Resources/app/resources/darwin/components/WCH/Toolchain/RISC-V Embedded GCC/bin/../lib/gcc/riscv-none-embed/8.2.0/../../../../riscv-none-embed/lib/rv32imacxw/ilp32/libg_nano.a(lib_a-nano-vfprintf.o)
 .debug_frame   0x00000000000026d4       0x8c /Applications/MounRiver Studio 2.app/Contents/Resources/app/resources/darwin/components/WCH/Toolchain/RISC-V Embedded GCC/bin/../lib/gcc/riscv-none-embed/8.2.0/../../../../riscv-none-embed/lib/rv32imacxw/ilp32/libg_nano.a(lib_a-nano-vfprintf_i.o)
 .debug_frame   0x0000000000002760       0x30 /Applications/MounRiver Studio 2.app/Contents/Resources/app/resources/darwin/components/WCH/Toolchain/RISC-V Embedded GCC/bin/../lib/gcc/riscv-none-embed/8.2.0/../../../../riscv-none-embed/lib/rv32imacxw/ilp32/libg_nano.a(lib_a-sbrkr.o)
 .debug_frame   0x0000000000002790       0xa4 /Applications/MounRiver Studio 2.app/Contents/Resources/app/resources/darwin/components/WCH/Toolchain/RISC-V Embedded GCC/bin/../lib/gcc/riscv-none-embed/8.2.0/../../../../riscv-none-embed/lib/rv32imacxw/ilp32/libg_nano.a(lib_a-stdio.o)
 .debug_frame   0x0000000000002834       0x30 /Applications/MounRiver Studio 2.app/Contents/Resources/app/resources/darwin/components/WCH/Toolchain/RISC-V Embedded GCC/bin/../lib/gcc/riscv-none-embed/8.2.0/../../../../riscv-none-embed/lib/rv32imacxw/ilp32/libg_nano.a(lib_a-writer.o)
 .debug_frame   0x0000000000002864       0x30 /Applications/MounRiver Studio 2.app/Contents/Resources/app/resources/darwin/components/WCH/Toolchain/RISC-V Embedded GCC/bin/../lib/gcc/riscv-none-embed/8.2.0/../../../../riscv-none-embed/lib/rv32imacxw/ilp32/libg_nano.a(lib_a-closer.o)
 .debug_frame   0x0000000000002894       0x30 /Applications/MounRiver Studio 2.app/Contents/Resources/app/resources/darwin/components/WCH/Toolchain/RISC-V Embedded GCC/bin/../lib/gcc/riscv-none-embed/8.2.0/../../../../riscv-none-embed/lib/rv32imacxw/ilp32/libg_nano.a(lib_a-fstatr.o)
 .debug_frame   0x00000000000028c4       0x30 /Applications/MounRiver Studio 2.app/Contents/Resources/app/resources/darwin/components/WCH/Toolchain/RISC-V Embedded GCC/bin/../lib/gcc/riscv-none-embed/8.2.0/../../../../riscv-none-embed/lib/rv32imacxw/ilp32/libg_nano.a(lib_a-isattyr.o)
 .debug_frame   0x00000000000028f4       0x30 /Applications/MounRiver Studio 2.app/Contents/Resources/app/resources/darwin/components/WCH/Toolchain/RISC-V Embedded GCC/bin/../lib/gcc/riscv-none-embed/8.2.0/../../../../riscv-none-embed/lib/rv32imacxw/ilp32/libg_nano.a(lib_a-lseekr.o)
 .debug_frame   0x0000000000002924       0x20 /Applications/MounRiver Studio 2.app/Contents/Resources/app/resources/darwin/components/WCH/Toolchain/RISC-V Embedded GCC/bin/../lib/gcc/riscv-none-embed/8.2.0/../../../../riscv-none-embed/lib/rv32imacxw/ilp32/libg_nano.a(lib_a-memchr.o)
 .debug_frame   0x0000000000002944       0x30 /Applications/MounRiver Studio 2.app/Contents/Resources/app/resources/darwin/components/WCH/Toolchain/RISC-V Embedded GCC/bin/../lib/gcc/riscv-none-embed/8.2.0/../../../../riscv-none-embed/lib/rv32imacxw/ilp32/libg_nano.a(lib_a-mlock.o)
 .debug_frame   0x0000000000002974       0x30 /Applications/MounRiver Studio 2.app/Contents/Resources/app/resources/darwin/components/WCH/Toolchain/RISC-V Embedded GCC/bin/../lib/gcc/riscv-none-embed/8.2.0/../../../../riscv-none-embed/lib/rv32imacxw/ilp32/libg_nano.a(lib_a-readr.o)
 .debug_frame   0x00000000000029a4       0x70 /Applications/MounRiver Studio 2.app/Contents/Resources/app/resources/darwin/components/WCH/Toolchain/RISC-V Embedded GCC/bin/../lib/gcc/riscv-none-embed/8.2.0/../../../../riscv-none-embed/lib/rv32imacxw/ilp32/libg_nano.a(lib_a-reent.o)
 .debug_frame   0x0000000000002a14       0x20 /Applications/MounRiver Studio 2.app/Contents/Resources/app/resources/darwin/components/WCH/Toolchain/RISC-V Embedded GCC/bin/../lib/gcc/riscv-none-embed/8.2.0/../../../../riscv-none-embed/lib/rv32imacxw/ilp32/libnosys.a(close.o)
 .debug_frame   0x0000000000002a34       0x20 /Applications/MounRiver Studio 2.app/Contents/Resources/app/resources/darwin/components/WCH/Toolchain/RISC-V Embedded GCC/bin/../lib/gcc/riscv-none-embed/8.2.0/../../../../riscv-none-embed/lib/rv32imacxw/ilp32/libnosys.a(fstat.o)
 .debug_frame   0x0000000000002a54       0x20 /Applications/MounRiver Studio 2.app/Contents/Resources/app/resources/darwin/components/WCH/Toolchain/RISC-V Embedded GCC/bin/../lib/gcc/riscv-none-embed/8.2.0/../../../../riscv-none-embed/lib/rv32imacxw/ilp32/libnosys.a(isatty.o)
 .debug_frame   0x0000000000002a74       0x20 /Applications/MounRiver Studio 2.app/Contents/Resources/app/resources/darwin/components/WCH/Toolchain/RISC-V Embedded GCC/bin/../lib/gcc/riscv-none-embed/8.2.0/../../../../riscv-none-embed/lib/rv32imacxw/ilp32/libnosys.a(lseek.o)
 .debug_frame   0x0000000000002a94       0x20 /Applications/MounRiver Studio 2.app/Contents/Resources/app/resources/darwin/components/WCH/Toolchain/RISC-V Embedded GCC/bin/../lib/gcc/riscv-none-embed/8.2.0/../../../../riscv-none-embed/lib/rv32imacxw/ilp32/libnosys.a(read.o)

.debug_loc      0x0000000000000000     0x7b92
 .debug_loc     0x0000000000000000      0x143 ./User/main.o
 .debug_loc     0x0000000000000143      0xf62 ./User/param_table.o
 .debug_loc     0x00000000000010a5      0x406 ./User/rtc.o
 .debug_loc     0x00000000000014ab      0x153 ./User/strip_detect.o
 .debug_loc     0x00000000000015fe       0xac ./User/system_ch32v20x.o
 .debug_loc     0x00000000000016aa       0x2c ./User/system_state.o
 .debug_loc     0x00000000000016d6     0x1235 ./User/uart_protocol.o
 .debug_loc     0x000000000000290b       0x9f ./User/uart_protocol_stubs.o
 .debug_loc     0x00000000000029aa      0xab6 ./Peripheral/src/ch32v20x_adc.o
 .debug_loc     0x0000000000003460       0xd8 ./Peripheral/src/ch32v20x_bkp.o
 .debug_loc     0x0000000000003538      0x155 ./Peripheral/src/ch32v20x_dma.o
 .debug_loc     0x000000000000368d      0xc9b ./Peripheral/src/ch32v20x_flash.o
 .debug_loc     0x0000000000004328      0x8a1 ./Peripheral/src/ch32v20x_gpio.o
 .debug_loc     0x0000000000004bc9       0x2d ./Peripheral/src/ch32v20x_misc.o
 .debug_loc     0x0000000000004bf6       0x56 ./Peripheral/src/ch32v20x_opa.o
 .debug_loc     0x0000000000004c4c      0x29e ./Peripheral/src/ch32v20x_pwr.o
 .debug_loc     0x0000000000004eea      0x797 ./Peripheral/src/ch32v20x_rcc.o
 .debug_loc     0x0000000000005681      0x377 ./Peripheral/src/ch32v20x_rtc.o
 .debug_loc     0x00000000000059f8     0x190e ./Peripheral/src/ch32v20x_tim.o
 .debug_loc     0x0000000000007306      0x715 ./Peripheral/src/ch32v20x_usart.o
 .debug_loc     0x0000000000007a1b      0x177 ./Debug/debug.o

.stab           0x0000000000000000       0x84
 .stab          0x0000000000000000       0x24 /Applications/MounRiver Studio 2.app/Contents/Resources/app/resources/darwin/components/WCH/Toolchain/RISC-V Embedded GCC/bin/../lib/gcc/riscv-none-embed/8.2.0/../../../../riscv-none-embed/lib/rv32imacxw/ilp32/libnosys.a(close.o)
 .stab          0x0000000000000024       0x18 /Applications/MounRiver Studio 2.app/Contents/Resources/app/resources/darwin/components/WCH/Toolchain/RISC-V Embedded GCC/bin/../lib/gcc/riscv-none-embed/8.2.0/../../../../riscv-none-embed/lib/rv32imacxw/ilp32/libnosys.a(fstat.o)
                                         0x24 (size before relaxing)
 .stab          0x000000000000003c       0x18 /Applications/MounRiver Studio 2.app/Contents/Resources/app/resources/darwin/components/WCH/Toolchain/RISC-V Embedded GCC/bin/../lib/gcc/riscv-none-embed/8.2.0/../../../../riscv-none-embed/lib/rv32imacxw/ilp32/libnosys.a(isatty.o)
                                         0x24 (size before relaxing)