Archive member included to satisfy reference by file (symbol)

/Applications/MounRiver Studio 2.app/Contents/Resources/app/resources/darwin/components/WCH/Toolchain/RISC-V Embedded GCC/bin/../lib/gcc/riscv-none-embed/8.2.0/rv32imacxw/ilp32/libgcc.a(addsf3.o)
                              ./User/Calculation.o (__addsf3)
/Applications/MounRiver Studio 2.app/Contents/Resources/app/resources/darwin/components/WCH/Toolchain/RISC-V Embedded GCC/bin/../lib/gcc/riscv-none-embed/8.2.0/rv32imacxw/ilp32/libgcc.a(divsf3.o)
                              ./User/Calculation.o (__divsf3)
/Applications/MounRiver Studio 2.app/Contents/Resources/app/resources/darwin/components/WCH/Toolchain/RISC-V Embedded GCC/bin/../lib/gcc/riscv-none-embed/8.2.0/rv32imacxw/ilp32/libgcc.a(gesf2.o)
                              ./User/Calculation.o (__gtsf2)
/Applications/MounRiver Studio 2.app/Contents/Resources/app/resources/darwin/components/WCH/Toolchain/RISC-V Embedded GCC/bin/../lib/gcc/riscv-none-embed/8.2.0/rv32imacxw/ilp32/libgcc.a(lesf2.o)
                              ./User/Calculation.o (__ltsf2)
/Applications/MounRiver Studio 2.app/Contents/Resources/app/resources/darwin/components/WCH/Toolchain/RISC-V Embedded GCC/bin/../lib/gcc/riscv-none-embed/8.2.0/rv32imacxw/ilp32/libgcc.a(mulsf3.o)
                              ./User/Calculation.o (__mulsf3)
/Applications/MounRiver Studio 2.app/Contents/Resources/app/resources/darwin/components/WCH/Toolchain/RISC-V Embedded GCC/bin/../lib/gcc/riscv-none-embed/8.2.0/rv32imacxw/ilp32/libgcc.a(subsf3.o)
                              ./User/Calculation.o (__subsf3)
/Applications/MounRiver Studio 2.app/Contents/Resources/app/resources/darwin/components/WCH/Toolchain/RISC-V Embedded GCC/bin/../lib/gcc/riscv-none-embed/8.2.0/rv32imacxw/ilp32/libgcc.a(fixunssfsi.o)
                              ./User/Calculation.o (__fixunssfsi)
/Applications/MounRiver Studio 2.app/Contents/Resources/app/resources/darwin/components/WCH/Toolchain/RISC-V Embedded GCC/bin/../lib/gcc/riscv-none-embed/8.2.0/rv32imacxw/ilp32/libgcc.a(floatunsisf.o)
                              ./User/Calculation.o (__floatunsisf)
/Applications/MounRiver Studio 2.app/Contents/Resources/app/resources/darwin/components/WCH/Toolchain/RISC-V Embedded GCC/bin/../lib/gcc/riscv-none-embed/8.2.0/rv32imacxw/ilp32/libgcc.a(extendsfdf2.o)
                              ./User/Calculation.o (__extendsfdf2)
/Applications/MounRiver Studio 2.app/Contents/Resources/app/resources/darwin/components/WCH/Toolchain/RISC-V Embedded GCC/bin/../lib/gcc/riscv-none-embed/8.2.0/rv32imacxw/ilp32/libgcc.a(save-restore.o)
                              ./User/main.o (__riscv_save_9)
/Applications/MounRiver Studio 2.app/Contents/Resources/app/resources/darwin/components/WCH/Toolchain/RISC-V Embedded GCC/bin/../lib/gcc/riscv-none-embed/8.2.0/rv32imacxw/ilp32/libgcc.a(_clzsi2.o)
                              /Applications/MounRiver Studio 2.app/Contents/Resources/app/resources/darwin/components/WCH/Toolchain/RISC-V Embedded GCC/bin/../lib/gcc/riscv-none-embed/8.2.0/rv32imacxw/ilp32/libgcc.a(addsf3.o) (__clzsi2)
/Applications/MounRiver Studio 2.app/Contents/Resources/app/resources/darwin/components/WCH/Toolchain/RISC-V Embedded GCC/bin/../lib/gcc/riscv-none-embed/8.2.0/rv32imacxw/ilp32/libgcc.a(_clz.o)
                              /Applications/MounRiver Studio 2.app/Contents/Resources/app/resources/darwin/components/WCH/Toolchain/RISC-V Embedded GCC/bin/../lib/gcc/riscv-none-embed/8.2.0/rv32imacxw/ilp32/libgcc.a(_clzsi2.o) (__clz_tab)
/Applications/MounRiver Studio 2.app/Contents/Resources/app/resources/darwin/components/WCH/Toolchain/RISC-V Embedded GCC/bin/../lib/gcc/riscv-none-embed/8.2.0/../../../../riscv-none-embed/lib/rv32imacxw/ilp32/libg_nano.a(lib_a-malloc.o)
                              ./User/main.o (malloc)
/Applications/MounRiver Studio 2.app/Contents/Resources/app/resources/darwin/components/WCH/Toolchain/RISC-V Embedded GCC/bin/../lib/gcc/riscv-none-embed/8.2.0/../../../../riscv-none-embed/lib/rv32imacxw/ilp32/libg_nano.a(lib_a-memcpy.o)
                              ./User/main.o (memcpy)
/Applications/MounRiver Studio 2.app/Contents/Resources/app/resources/darwin/components/WCH/Toolchain/RISC-V Embedded GCC/bin/../lib/gcc/riscv-none-embed/8.2.0/../../../../riscv-none-embed/lib/rv32imacxw/ilp32/libg_nano.a(lib_a-memset.o)
                              ./User/main.o (memset)
/Applications/MounRiver Studio 2.app/Contents/Resources/app/resources/darwin/components/WCH/Toolchain/RISC-V Embedded GCC/bin/../lib/gcc/riscv-none-embed/8.2.0/../../../../riscv-none-embed/lib/rv32imacxw/ilp32/libg_nano.a(lib_a-nano-freer.o)
                              /Applications/MounRiver Studio 2.app/Contents/Resources/app/resources/darwin/components/WCH/Toolchain/RISC-V Embedded GCC/bin/../lib/gcc/riscv-none-embed/8.2.0/../../../../riscv-none-embed/lib/rv32imacxw/ilp32/libg_nano.a(lib_a-malloc.o) (_free_r)
[...]
Memory Configuration

Name             Origin             Length             Attributes
FLASH            0x0000000000000000 0x0000000000010000 xr
RAM              0x0000000020000000 0x0000000000005000 xrw
*default*        0x0000000000000000 0xffffffffffffffff

Linker script and memory map

LOAD ./User/Calculation.o
LOAD ./User/ch32v20x_it.o
LOAD ./User/main.o
LOAD ./User/param_table.o
LOAD ./User/rtc.o
LOAD ./User/strip_detect.o
LOAD ./User/system_ch32v20x.o
LOAD ./User/system_state.o
LOAD ./User/uart_protocol.o
LOAD ./User/uart_protocol_stubs.o
LOAD ./Startup/startup_ch32v20x_D6.o
LOAD ./Peripheral/src/ch32v20x_adc.o
LOAD ./Peripheral/src/ch32v20x_bkp.o
LOAD ./Peripheral/src/ch32v20x_can.o
LOAD ./Peripheral/src/ch32v20x_crc.o
LOAD ./Peripheral/src/ch32v20x_dbgmcu.o
LOAD ./Peripheral/src/ch32v20x_dma.o
LOAD ./Peripheral/src/ch32v20x_exti.o
LOAD ./Peripheral/src/ch32v20x_flash.o
LOAD ./Peripheral/src/ch32v20x_gpio.o
LOAD ./Peripheral/src/ch32v20x_i2c.o
LOAD ./Peripheral/src/ch32v20x_iwdg.o
LOAD ./Peripheral/src/ch32v20x_misc.o
LOAD ./Peripheral/src/ch32v20x_opa.o
LOAD ./Peripheral/src/ch32v20x_pwr.o
LOAD ./Peripheral/src/ch32v20x_rcc.o
LOAD ./Peripheral/src/ch32v20x_rtc.o
LOAD ./Peripheral/src/ch32v20x_spi.o
LOAD ./Peripheral/src/ch32v20x_tim.o
LOAD ./Peripheral/src/ch32v20x_usart.o
LOAD ./Peripheral/src/ch32v20x_wwdg.o
LOAD ./Debug/debug.o
LOAD ./Core/core_riscv.o
LOAD /Applications/MounRiver Studio 2.app/Contents/Resources/app/resources/darwin/components/WCH/Toolchain/RISC-V Embedded GCC/bin/../lib/gcc/riscv-none-embed/8.2.0/rv32imacxw/ilp32/libgcc.a
LOAD /Applications/MounRiver Studio 2.app/Contents/Resources/app/resources/darwin/components/WCH/Toolchain/RISC-V Embedded GCC/bin/../lib/gcc/riscv-none-embed/8.2.0/../../../../riscv-none-embed/lib/rv32imacxw/ilp32/libg_nano.a
LOAD /Applications/MounRiver Studio 2.app/Contents/Resources/app/resources/darwin/components/WCH/Toolchain/RISC-V Embedded GCC/bin/../lib/gcc/riscv-none-embed/8.2.0/../../../../riscv-none-embed/lib/rv32imacxw/ilp32/libc_nano.a
LOAD /Applications/MounRiver Studio 2.app/Contents/Resources/app/resources/darwin/components/WCH/Toolchain/RISC-V Embedded GCC/bin/../lib/gcc/riscv-none-embed/8.2.0/rv32imacxw/ilp32/libgcc.a
START GROUP
LOAD /Applications/MounRiver Studio 2.app/Contents/Resources/app/resources/darwin/components/WCH/Toolchain/RISC-V Embedded GCC/bin/../lib/gcc/riscv-none-embed/8.2.0/rv32imacxw/ilp32/libgcc.a
LOAD /Applications/MounRiver Studio 2.app/Contents/Resources/app/resources/darwin/components/WCH/Toolchain/RISC-V Embedded GCC/bin/../lib/gcc/riscv-none-embed/8.2.0/../../../../riscv-none-embed/lib/rv32imacxw/ilp32/libc_nano.a
LOAD /Applications/MounRiver Studio 2.app/Contents/Resources/app/resources/darwin/components/WCH/Toolchain/RISC-V Embedded GCC/bin/../lib/gcc/riscv-none-embed/8.2.0/../../../../riscv-none-embed/lib/rv32imacxw/ilp32/libnosys.a
END GROUP
START GROUP
LOAD /Applications/MounRiver Studio 2.app/Contents/Resources/app/resources/darwin/components/WCH/Toolchain/RISC-V Embedded GCC/bin/../lib/gcc/riscv-none-embed/8.2.0/rv32imacxw/ilp32/libgcc.a
LOAD /Applications/MounRiver Studio 2.app/Contents/Resources/app/resources/darwin/components/WCH/Toolchain/RISC-V Embedded GCC/bin/../lib/gcc/riscv-none-embed/8.2.0/../../../../riscv-none-embed/lib/rv32imacxw/ilp32/libc_nano.a
LOAD /Applications/MounRiver Studio 2.app/Contents/Resources/app/resources/darwin/components/WCH/Toolchain/RISC-V Embedded GCC/bin/../lib/gcc/riscv-none-embed/8.2.0/../../../../riscv-none-embed/lib/rv32imacxw/ilp32/libnosys.a
END GROUP
                0x0000000000000800                __stack_size = 0x800
                [!provide]                        PROVIDE (_stack_size = __stack_size)

.init           0x0000000000000000        0x4
                0x0000000000000000                _sinit = .
                0x0000000000000000                . = ALIGN (0x4)
 *(SORT_NONE(.init))
 .init          0x0000000000000000        0x4 ./Startup/startup_ch32v20x_D6.o
                0x0000000000000000                _start
                0x0000000000000004                . = ALIGN (0x4)
                0x0000000000000004                _einit = .

.vector         0x0000000000000004       0xfc
 *(.vector)
 .vector        0x0000000000000004       0xfc ./Startup/startup_ch32v20x_D6.o
                0x0000000000000100                . = ALIGN (0x40)

.text           0x0000000000000100     0x6114
                0x0000000000000100                . = ALIGN (0x4)
 *(.text)
 .text          0x0000000000000100       0x60 /Applications/MounRiver Studio 2.app/Contents/Resources/app/resources/darwin/components/WCH/Toolchain/RISC-V Embedded GCC/bin/../lib/gcc/riscv-none-embed/8.2.0/rv32imacxw/ilp32/libgcc.a(save-restore.o)
                0x0000000000000100                __riscv_save_12
                0x0000000000000108                __riscv_save_10
                0x0000000000000108                __riscv_save_8
                0x0000000000000108                __riscv_save_11
                0x0000000000000108                __riscv_save_9
                0x0000000000000116                __riscv_save_4
                0x0000000000000116                __riscv_save_7
                0x0000000000000116                __riscv_save_6
                0x0000000000000116                __riscv_save_5
                0x0000000000000130                __riscv_save_3
                0x0000000000000130                __riscv_save_2
                0x0000000000000130                __riscv_save_0
                0x0000000000000130                __riscv_save_1
                0x000000000000013c                __riscv_restore_12
                0x0000000000000140                __riscv_restore_8
                0x0000000000000140                __riscv_restore_10
                0x0000000000000140                __riscv_restore_9
                0x0000000000000140                __riscv_restore_11
                0x000000000000014a                __riscv_restore_5
                0x000000000000014a                __riscv_restore_7
                0x000000000000014a                __riscv_restore_4
                0x000000000000014a                __riscv_restore_6
                0x0000000000000154                __riscv_restore_3
                0x0000000000000154                __riscv_restore_1
                0x0000000000000154                __riscv_restore_0
                0x0000000000000154                __riscv_restore_2
 .text          0x0000000000000160       0xa8 /Applications/MounRiver Studio 2.app/Contents/Resources/app/resources/darwin/components/WCH/Toolchain/RISC-V Embedded GCC/bin/../lib/gcc/riscv-none-embed/8.2.0/../../../../riscv-none-embed/lib/rv32imacxw/ilp32/libg_nano.a(lib_a-memset.o)
                0x0000000000000160                memset
 *(.text.*)
 .text.CalGlucose
                0x0000000000000208      0x188 ./User/Calculation.o
                0x0000000000000208                CalGlucose
 .text.NMI_Handler
                0x0000000000000390        0x2 ./User/ch32v20x_it.o
                0x0000000000000390                NMI_Handler
 .text.HardFault_Handler
                0x0000000000000392       0x10 ./User/ch32v20x_it.o
                0x0000000000000392                HardFault_Handler
 .text.GetMidADC
                0x00000000000003a2      0x10a ./User/main.o
                0x00000000000003a2                GetMidADC
 .text.USARTx_CFG
                0x00000000000004ac       0xa4 ./User/main.o
                0x00000000000004ac                USARTx_CFG
 .text.DMA_INIT
                0x0000000000000550       0x96 ./User/main.o
                0x0000000000000550                DMA_INIT
 .text.ring_buffer_push_huge
                0x00000000000005e6       0x9a ./User/main.o
                0x00000000000005e6                ring_buffer_push_huge
 .text.OPA2_Init
                0x0000000000000680       0x62 ./User/main.o
                0x0000000000000680                OPA2_Init
 .text.TIM1_PWM_Init
                0x00000000000006e2       0xde ./User/main.o
                0x00000000000006e2                TIM1_PWM_Init
 .text.State_Process
                0x00000000000007c0      0x434 ./User/main.o
                0x00000000000007c0                State_Process
 .text.startup.main
                0x0000000000000bf4      0x110 ./User/main.o
                0x0000000000000bf4                main
 .text.USART2_IRQHandler
                0x0000000000000d04       0xd0 ./User/main.o
                0x0000000000000d04                USART2_IRQHandler
 .text.DMA1_Channel6_IRQHandler
                0x0000000000000dd4       0x90 ./User/main.o
                0x0000000000000dd4                DMA1_Channel6_IRQHandler
 .text.PARAM_GetByte
                0x0000000000000e64       0x16 ./User/param_table.o
                0x0000000000000e64                PARAM_GetByte
 .text.PARAM_SetByte
                0x0000000000000e7a       0x12 ./User/param_table.o
                0x0000000000000e7a                PARAM_SetByte
 .text.PARAM_GetWord
                0x0000000000000e8c       0x1c ./User/param_table.o
                0x0000000000000e8c                PARAM_GetWord
 .text.PARAM_SetWord
                0x0000000000000ea8       0x16 ./User/param_table.o
                0x0000000000000ea8                PARAM_SetWord
 .text.PARAM_VerifyChecksum
                0x0000000000000ebe       0x34 ./User/param_table.o
                0x0000000000000ebe                PARAM_VerifyChecksum
 .text.PARAM_UpdateChecksum
                0x0000000000000ef2       0x3e ./User/param_table.o
                0x0000000000000ef2                PARAM_UpdateChecksum
 .text.PARAM_SaveToFlash
                0x0000000000000f30       0x3a ./User/param_table.o
                0x0000000000000f30                PARAM_SaveToFlash
 .text.PARAM_LoadFromFlash
                0x0000000000000f6a       0x26 ./User/param_table.o
                0x0000000000000f6a                PARAM_LoadFromFlash
 .text.PARAM_SetDefault
                0x0000000000000f90      0x13c ./User/param_table.o
                0x0000000000000f90                PARAM_SetDefault
 .text.PARAM_Init
                0x00000000000010cc       0x2e ./User/param_table.o
                0x00000000000010cc                PARAM_Init
 .text.StripType_GetName
                0x00000000000010fa       0x20 ./User/param_table.o
                0x00000000000010fa                StripType_GetName
 .text.Unit_GetSymbol
                0x000000000000111a       0x20 ./User/param_table.o
                0x000000000000111a                Unit_GetSymbol
 .text.PARAM_GetDateTime
                0x000000000000113a       0x42 ./User/param_table.o
                0x000000000000113a                PARAM_GetDateTime
 .text.PARAM_SetDateTime
                0x000000000000117c       0x6a ./User/param_table.o
                0x000000000000117c                PARAM_SetDateTime
 .text.PARAM_GetStripParameters
                0x00000000000011e6       0x5a ./User/param_table.o
                0x00000000000011e6                PARAM_GetStripParameters
 .text.PARAM_GetTimingParameters
                0x0000000000001240       0xe2 ./User/param_table.o
                0x0000000000001240                PARAM_GetTimingParameters
 .text.RTC_SetTime
                0x0000000000001322       0xca ./User/rtc.o
                0x0000000000001322                RTC_SetTime
 .text.RTC_GetTime
                0x00000000000013ec       0xa6 ./User/rtc.o
                0x00000000000013ec                RTC_GetTime
 .text.RTC_SyncWithParam
                0x0000000000001492       0x4c ./User/rtc.o
                0x0000000000001492                RTC_SyncWithParam
 .text.RTC_Init
                0x00000000000014de       0x5e ./User/rtc.o
                0x00000000000014de                RTC_Init
 .text.RTC_UpdateParam
                0x000000000000153c       0x62 ./User/rtc.o
                0x000000000000153c                RTC_UpdateParam
 .text.RTC_Config
                0x000000000000159e       0x76 ./User/rtc.o
                0x000000000000159e                RTC_Config
 .text.STRIP_DETECT_DetermineStripType
                0x0000000000001614       0x62 ./User/strip_detect.o
 .text.STRIP_DETECT_UpdateWPWMDuty
                0x0000000000001676       0x60 ./User/strip_detect.o
 .text.STRIP_DETECT_ReadADC.constprop.0
                0x00000000000016d6       0x3a ./User/strip_detect.o
 .text.STRIP_DETECT_Init
                0x0000000000001710       0xdc ./User/strip_detect.o
                0x0000000000001710                STRIP_DETECT_Init
 .text.STRIP_DETECT_Process
                0x00000000000017ec      0x114 ./User/strip_detect.o
                0x00000000000017ec                STRIP_DETECT_Process
 .text.STRIP_DETECT_HandleInsertedEvent
                0x0000000000001900       0xa2 ./User/strip_detect.o
                0x0000000000001900                STRIP_DETECT_HandleInsertedEvent
 .text.STRIP_DETECT_GetStripType
                0x00000000000019a2        0xa ./User/strip_detect.o
                0x00000000000019a2                STRIP_DETECT_GetStripType
 .text.STRIP_DETECT_SetPinStatus
                0x00000000000019ac        0xe ./User/strip_detect.o
                0x00000000000019ac                STRIP_DETECT_SetPinStatus
 .text.SystemInit
                0x00000000000019ba       0x8e ./User/system_ch32v20x.o
                0x00000000000019ba                SystemInit
 .text.System_SetState
                0x0000000000001a48       0x24 ./User/system_state.o
                0x0000000000001a48                System_SetState
 .text.System_GetState
                0x0000000000001a6c        0x6 ./User/system_state.o
                0x0000000000001a6c                System_GetState
 .text.UART_Protocol_Init
                0x0000000000001a72       0x44 ./User/uart_protocol.o
                0x0000000000001a72                UART_Protocol_Init
 .text.UART_CalculateChecksum
                0x0000000000001ab6       0x22 ./User/uart_protocol.o
                0x0000000000001ab6                UART_CalculateChecksum
 .text.UART_SendPacket.part.1
                0x0000000000001ad8       0x8a ./User/uart_protocol.o
 .text.UART_VerifyChecksum
                0x0000000000001b62       0x2c ./User/uart_protocol.o
                0x0000000000001b62                UART_VerifyChecksum
 .text.UART_SendPacket
                0x0000000000001b8e       0x16 ./User/uart_protocol.o
                0x0000000000001b8e                UART_SendPacket
 .text.UART_SendSyncTimeAck
                0x0000000000001ba4       0x18 ./User/uart_protocol.o
                0x0000000000001ba4                UART_SendSyncTimeAck
 .text.UART_SendStatusAck
                0x0000000000001bbc       0x48 ./User/uart_protocol.o
                0x0000000000001bbc                UART_SendStatusAck
 .text.UART_SendParamAck
                0x0000000000001c04       0x1a ./User/uart_protocol.o
                0x0000000000001c04                UART_SendParamAck
 .text.UART_SendBloodNotify
                0x0000000000001c1e       0x1a ./User/uart_protocol.o
                0x0000000000001c1e                UART_SendBloodNotify
 .text.UART_SendResultAck
                0x0000000000001c38       0xb4 ./User/uart_protocol.o
                0x0000000000001c38                UART_SendResultAck
 .text.UART_SendRawDataAck
                0x0000000000001cec      0x146 ./User/uart_protocol.o
                0x0000000000001cec                UART_SendRawDataAck
 .text.UART_SendErrorAck
                0x0000000000001e32       0x1c ./User/uart_protocol.o
                0x0000000000001e32                UART_SendErrorAck
 .text.UART_ProcessSyncTime
                0x0000000000001e4e       0xfe ./User/uart_protocol.o
                0x0000000000001e4e                UART_ProcessSyncTime
 .text.UART_ProcessGetStatus
                0x0000000000001f4c       0x36 ./User/uart_protocol.o
                0x0000000000001f4c                UART_ProcessGetStatus
 .text.UART_ProcessSetParam
                0x0000000000001f82       0x4e ./User/uart_protocol.o
                0x0000000000001f82                UART_ProcessSetParam
 .text.UART_ProcessCheckBlood
                0x0000000000001fd0       0x56 ./User/uart_protocol.o
                0x0000000000001fd0                UART_ProcessCheckBlood
 .text.UART_ProcessGetResult
                0x0000000000002026       0x4e ./User/uart_protocol.o
                0x0000000000002026                UART_ProcessGetResult
 .text.UART_ProcessGetRawData
                0x0000000000002074       0x44 ./User/uart_protocol.o
                0x0000000000002074                UART_ProcessGetRawData
 .text.UART2_Receive_Byte_ISR
                0x00000000000020b8       0xee ./User/uart_protocol.o
                0x00000000000020b8                UART2_Receive_Byte_ISR
 .text.UART_UpdateBloodCountdown
                0x00000000000021a6       0x92 ./User/uart_protocol.o
                0x00000000000021a6                UART_UpdateBloodCountdown
 .text.UART_ProcessStripInsertedCmd
                0x0000000000002238       0x9a ./User/uart_protocol.o
                0x0000000000002238                UART_ProcessStripInsertedCmd
 .text.UART_ProcessPacket
                0x00000000000022d2       0x98 ./User/uart_protocol.o
                0x00000000000022d2                UART_ProcessPacket
 .text.UART_Protocol_Process
                0x000000000000236a       0x46 ./User/uart_protocol.o
                0x000000000000236a                UART_Protocol_Process
 .text.UART_SendStripTypeAck
                0x00000000000023b0       0x3c ./User/uart_protocol.o
                0x00000000000023b0                UART_SendStripTypeAck
 .text.Get_Battery_Voltage
                0x00000000000023ec        0xe ./User/uart_protocol_stubs.o
                0x00000000000023ec                Get_Battery_Voltage
 .text.Get_Temperature
                0x00000000000023fa        0x6 ./User/uart_protocol_stubs.o
                0x00000000000023fa                Get_Temperature
 .text.Check_Strip_Status
                0x0000000000002400        0x4 ./User/uart_protocol_stubs.o
                0x0000000000002400                Check_Strip_Status
 .text.Check_Blood_Status
                0x0000000000002404       0x12 ./User/uart_protocol_stubs.o
                0x0000000000002404                Check_Blood_Status
 .text.Get_Test_Data
                0x0000000000002416       0x84 ./User/uart_protocol_stubs.o
                0x0000000000002416                Get_Test_Data
 .text.Get_Raw_Test_Data
                0x000000000000249a       0x94 ./User/uart_protocol_stubs.o
                0x000000000000249a                Get_Raw_Test_Data
 .text.vector_handler
                0x000000000000252e        0x2 ./Startup/startup_ch32v20x_D6.o
                0x000000000000252e                USBWakeUp_IRQHandler
                0x000000000000252e                TIM1_CC_IRQHandler
                0x000000000000252e                SysTick_Handler
                0x000000000000252e                PVD_IRQHandler
                0x000000000000252e                EXTI3_IRQHandler
                0x000000000000252e                USBFS_IRQHandler
                0x000000000000252e                EXTI0_IRQHandler
                0x000000000000252e                I2C2_EV_IRQHandler
                0x000000000000252e                ADC1_2_IRQHandler
                0x000000000000252e                Break_Point_Handler
                0x000000000000252e                SPI1_IRQHandler
                0x000000000000252e                TAMPER_IRQHandler
                0x000000000000252e                Ecall_M_Mode_Handler
                0x000000000000252e                DMA1_Channel4_IRQHandler
                0x000000000000252e                USART3_IRQHandler
                0x000000000000252e                RTC_IRQHandler
                0x000000000000252e                DMA1_Channel7_IRQHandler
                0x000000000000252e                CAN1_RX1_IRQHandler
                0x000000000000252e                TIM4_IRQHandler
                0x000000000000252e                I2C1_EV_IRQHandler
                0x000000000000252e                UART4_IRQHandler
                0x000000000000252e                TIM3_IRQHandler
                0x000000000000252e                RCC_IRQHandler
                0x000000000000252e                TIM1_TRG_COM_IRQHandler
                0x000000000000252e                DMA1_Channel1_IRQHandler
                0x000000000000252e                EXTI15_10_IRQHandler
                0x000000000000252e                DMA1_Channel8_IRQHandler
                0x000000000000252e                EXTI9_5_IRQHandler
                0x000000000000252e                SPI2_IRQHandler
                0x000000000000252e                DMA1_Channel5_IRQHandler
                0x000000000000252e                EXTI4_IRQHandler
                0x000000000000252e                USB_LP_CAN1_RX0_IRQHandler
                0x000000000000252e                USB_HP_CAN1_TX_IRQHandler
                0x000000000000252e                DMA1_Channel3_IRQHandler
                0x000000000000252e                TIM1_UP_IRQHandler
                0x000000000000252e                WWDG_IRQHandler
                0x000000000000252e                Ecall_U_Mode_Handler
                0x000000000000252e                TIM2_IRQHandler
                0x000000000000252e                SW_Handler
                0x000000000000252e                TIM1_BRK_IRQHandler
                0x000000000000252e                EXTI1_IRQHandler
                0x000000000000252e                RTCAlarm_IRQHandler
                0x000000000000252e                I2C2_ER_IRQHandler
                0x000000000000252e                DMA1_Channel2_IRQHandler
                0x000000000000252e                CAN1_SCE_IRQHandler
                0x000000000000252e                FLASH_IRQHandler
                0x000000000000252e                USBFSWakeUp_IRQHandler
                0x000000000000252e                USART1_IRQHandler
                0x000000000000252e                I2C1_ER_IRQHandler
                0x000000000000252e                EXTI2_IRQHandler
 .text.handle_reset
                0x0000000000002530       0x86 ./Startup/startup_ch32v20x_D6.o
                0x0000000000002530                handle_reset
 .text.ADC_DeInit
                0x00000000000025b6       0x40 ./Peripheral/src/ch32v20x_adc.o
                0x00000000000025b6                ADC_DeInit
 .text.ADC_Init
                0x00000000000025f6       0x56 ./Peripheral/src/ch32v20x_adc.o
                0x00000000000025f6                ADC_Init
 .text.ADC_Cmd  0x000000000000264c       0x10 ./Peripheral/src/ch32v20x_adc.o
                0x000000000000264c                ADC_Cmd
 .text.ADC_ResetCalibration
                0x000000000000265c        0xa ./Peripheral/src/ch32v20x_adc.o
                0x000000000000265c                ADC_ResetCalibration
 .text.ADC_GetResetCalibrationStatus
                0x0000000000002666        0x8 ./Peripheral/src/ch32v20x_adc.o
                0x0000000000002666                ADC_GetResetCalibrationStatus
 .text.ADC_StartCalibration
                0x000000000000266e        0xa ./Peripheral/src/ch32v20x_adc.o
                0x000000000000266e                ADC_StartCalibration
 .text.ADC_GetCalibrationStatus
                0x0000000000002678        0x8 ./Peripheral/src/ch32v20x_adc.o
                0x0000000000002678                ADC_GetCalibrationStatus
 .text.ADC_SoftwareStartConvCmd
                0x0000000000002680       0x18 ./Peripheral/src/ch32v20x_adc.o
                0x0000000000002680                ADC_SoftwareStartConvCmd
 .text.ADC_RegularChannelConfig
                0x0000000000002698       0xb8 ./Peripheral/src/ch32v20x_adc.o
                0x0000000000002698                ADC_RegularChannelConfig
 .text.ADC_GetConversionValue
                0x0000000000002750        0x8 ./Peripheral/src/ch32v20x_adc.o
                0x0000000000002750                ADC_GetConversionValue
 .text.ADC_GetFlagStatus
                0x0000000000002758        0xa ./Peripheral/src/ch32v20x_adc.o
                0x0000000000002758                ADC_GetFlagStatus
 .text.BKP_DeInit
                0x0000000000002762       0x10 ./Peripheral/src/ch32v20x_bkp.o
                0x0000000000002762                BKP_DeInit
 .text.BKP_WriteBackupRegister
                0x0000000000002772       0x1c ./Peripheral/src/ch32v20x_bkp.o
                0x0000000000002772                BKP_WriteBackupRegister
 .text.BKP_ReadBackupRegister
                0x000000000000278e       0x1c ./Peripheral/src/ch32v20x_bkp.o
                0x000000000000278e                BKP_ReadBackupRegister
 .text.DMA_DeInit
                0x00000000000027aa       0x9c ./Peripheral/src/ch32v20x_dma.o
                0x00000000000027aa                DMA_DeInit
 .text.DMA_Init
                0x0000000000002846       0x38 ./Peripheral/src/ch32v20x_dma.o
                0x0000000000002846                DMA_Init
 .text.DMA_Cmd  0x000000000000287e       0x14 ./Peripheral/src/ch32v20x_dma.o
                0x000000000000287e                DMA_Cmd
 .text.DMA_ITConfig
                0x0000000000002892       0x12 ./Peripheral/src/ch32v20x_dma.o
                0x0000000000002892                DMA_ITConfig
 .text.DMA_SetCurrDataCounter
                0x00000000000028a4        0x4 ./Peripheral/src/ch32v20x_dma.o
                0x00000000000028a4                DMA_SetCurrDataCounter
 .text.DMA_ClearITPendingBit
                0x00000000000028a8        0x8 ./Peripheral/src/ch32v20x_dma.o
                0x00000000000028a8                DMA_ClearITPendingBit
 .text.FLASH_Unlock
                0x00000000000028b0       0x1a ./Peripheral/src/ch32v20x_flash.o
                0x00000000000028b0                FLASH_Unlock
 .text.FLASH_Lock
                0x00000000000028ca        0xe ./Peripheral/src/ch32v20x_flash.o
                0x00000000000028ca                FLASH_Lock
 .text.FLASH_GetBank1Status
                0x00000000000028d8       0x18 ./Peripheral/src/ch32v20x_flash.o
                0x00000000000028d8                FLASH_GetBank1Status
 .text.FLASH_WaitForLastOperation
                0x00000000000028f0       0x24 ./Peripheral/src/ch32v20x_flash.o
                0x00000000000028f0                FLASH_WaitForLastOperation
 .text.FLASH_ErasePage
                0x0000000000002914       0x3c ./Peripheral/src/ch32v20x_flash.o
                0x0000000000002914                FLASH_ErasePage
 .text.FLASH_ProgramHalfWord
                0x0000000000002950       0x38 ./Peripheral/src/ch32v20x_flash.o
                0x0000000000002950                FLASH_ProgramHalfWord
 .text.GPIO_Init
                0x0000000000002988       0xf2 ./Peripheral/src/ch32v20x_gpio.o
                0x0000000000002988                GPIO_Init
 .text.GPIO_SetBits
                0x0000000000002a7a       0x14 ./Peripheral/src/ch32v20x_gpio.o
                0x0000000000002a7a                GPIO_SetBits
 .text.GPIO_ResetBits
                0x0000000000002a8e       0x14 ./Peripheral/src/ch32v20x_gpio.o
                0x0000000000002a8e                GPIO_ResetBits
 .text.NVIC_PriorityGroupConfig
                0x0000000000002aa2        0x6 ./Peripheral/src/ch32v20x_misc.o
                0x0000000000002aa2                NVIC_PriorityGroupConfig
 .text.NVIC_Init
                0x0000000000002aa8       0x54 ./Peripheral/src/ch32v20x_misc.o
                0x0000000000002aa8                NVIC_Init
 .text.OPA_Init
                0x0000000000002afc       0x36 ./Peripheral/src/ch32v20x_opa.o
                0x0000000000002afc                OPA_Init
 .text.OPA_Cmd  0x0000000000002b32       0x2c ./Peripheral/src/ch32v20x_opa.o
                0x0000000000002b32                OPA_Cmd
 .text.PWR_BackupAccessCmd
                0x0000000000002b5e       0x16 ./Peripheral/src/ch32v20x_pwr.o
                0x0000000000002b5e                PWR_BackupAccessCmd
 .text.RCC_ADCCLKConfig
                0x0000000000002b74       0x12 ./Peripheral/src/ch32v20x_rcc.o
                0x0000000000002b74                RCC_ADCCLKConfig
 .text.RCC_LSICmd
                0x0000000000002b86       0x14 ./Peripheral/src/ch32v20x_rcc.o
                0x0000000000002b86                RCC_LSICmd
 .text.RCC_RTCCLKConfig
                0x0000000000002b9a        0xc ./Peripheral/src/ch32v20x_rcc.o
                0x0000000000002b9a                RCC_RTCCLKConfig
 .text.RCC_RTCCLKCmd
                0x0000000000002ba6       0x20 ./Peripheral/src/ch32v20x_rcc.o
                0x0000000000002ba6                RCC_RTCCLKCmd
 .text.RCC_GetClocksFreq
                0x0000000000002bc6       0xbe ./Peripheral/src/ch32v20x_rcc.o
                0x0000000000002bc6                RCC_GetClocksFreq
 .text.RCC_AHBPeriphClockCmd
                0x0000000000002c84       0x1e ./Peripheral/src/ch32v20x_rcc.o
                0x0000000000002c84                RCC_AHBPeriphClockCmd
 .text.RCC_APB2PeriphClockCmd
                0x0000000000002ca2       0x1e ./Peripheral/src/ch32v20x_rcc.o
                0x0000000000002ca2                RCC_APB2PeriphClockCmd
 .text.RCC_APB1PeriphClockCmd
                0x0000000000002cc0       0x1e ./Peripheral/src/ch32v20x_rcc.o
                0x0000000000002cc0                RCC_APB1PeriphClockCmd
 .text.RCC_APB2PeriphResetCmd
                0x0000000000002cde       0x1e ./Peripheral/src/ch32v20x_rcc.o
                0x0000000000002cde                RCC_APB2PeriphResetCmd
 .text.RCC_BackupResetCmd
                0x0000000000002cfc       0x20 ./Peripheral/src/ch32v20x_rcc.o
                0x0000000000002cfc                RCC_BackupResetCmd
 .text.RCC_GetFlagStatus
                0x0000000000002d1c       0x2e ./Peripheral/src/ch32v20x_rcc.o
                0x0000000000002d1c                RCC_GetFlagStatus
 .text.RTC_ITConfig
                0x0000000000002d4a       0x1a ./Peripheral/src/ch32v20x_rtc.o
                0x0000000000002d4a                RTC_ITConfig
 .text.RTC_EnterConfigMode
                0x0000000000002d64       0x12 ./Peripheral/src/ch32v20x_rtc.o
                0x0000000000002d64                RTC_EnterConfigMode
 .text.RTC_ExitConfigMode
                0x0000000000002d76       0x18 ./Peripheral/src/ch32v20x_rtc.o
                0x0000000000002d76                RTC_ExitConfigMode
 .text.RTC_GetCounter
                0x0000000000002d8e       0x5a ./Peripheral/src/ch32v20x_rtc.o
                0x0000000000002d8e                RTC_GetCounter
 .text.RTC_SetCounter
                0x0000000000002de8       0x2c ./Peripheral/src/ch32v20x_rtc.o
                0x0000000000002de8                RTC_SetCounter
 .text.RTC_SetPrescaler
                0x0000000000002e14       0x2e ./Peripheral/src/ch32v20x_rtc.o
                0x0000000000002e14                RTC_SetPrescaler
 .text.RTC_WaitForLastTask
                0x0000000000002e42       0x10 ./Peripheral/src/ch32v20x_rtc.o
                0x0000000000002e42                RTC_WaitForLastTask
 .text.RTC_WaitForSynchro
                0x0000000000002e52       0x24 ./Peripheral/src/ch32v20x_rtc.o
                0x0000000000002e52                RTC_WaitForSynchro
 .text.TIM_TimeBaseInit
                0x0000000000002e76       0x6a ./Peripheral/src/ch32v20x_tim.o
                0x0000000000002e76                TIM_TimeBaseInit
 .text.TIM_OC3Init
                0x0000000000002ee0       0x94 ./Peripheral/src/ch32v20x_tim.o
                0x0000000000002ee0                TIM_OC3Init
 .text.TIM_BDTRConfig
                0x0000000000002f74       0x20 ./Peripheral/src/ch32v20x_tim.o
                0x0000000000002f74                TIM_BDTRConfig
 .text.TIM_Cmd  0x0000000000002f94       0x18 ./Peripheral/src/ch32v20x_tim.o
                0x0000000000002f94                TIM_Cmd
 .text.TIM_CtrlPWMOutputs
                0x0000000000002fac       0x16 ./Peripheral/src/ch32v20x_tim.o
                0x0000000000002fac                TIM_CtrlPWMOutputs
 .text.TIM_ARRPreloadConfig
                0x0000000000002fc2       0x1a ./Peripheral/src/ch32v20x_tim.o
                0x0000000000002fc2                TIM_ARRPreloadConfig
 .text.TIM_OC3PreloadConfig
                0x0000000000002fdc        0xe ./Peripheral/src/ch32v20x_tim.o
                0x0000000000002fdc                TIM_OC3PreloadConfig
 .text.TIM_SetCompare3
                0x0000000000002fea        0x4 ./Peripheral/src/ch32v20x_tim.o
                0x0000000000002fea                TIM_SetCompare3
 .text.USART_Init
                0x0000000000002fee       0x90 ./Peripheral/src/ch32v20x_usart.o
                0x0000000000002fee                USART_Init
 .text.USART_Cmd
                0x000000000000307e       0x16 ./Peripheral/src/ch32v20x_usart.o
                0x000000000000307e                USART_Cmd
 .text.USART_ITConfig
                0x0000000000003094       0x36 ./Peripheral/src/ch32v20x_usart.o
                0x0000000000003094                USART_ITConfig
 .text.USART_DMACmd
                0x00000000000030ca       0x12 ./Peripheral/src/ch32v20x_usart.o
                0x00000000000030ca                USART_DMACmd
 .text.USART_SendData
                0x00000000000030dc        0x8 ./Peripheral/src/ch32v20x_usart.o
                0x00000000000030dc                USART_SendData
 .text.USART_ReceiveData
                0x00000000000030e4        0x8 ./Peripheral/src/ch32v20x_usart.o
                0x00000000000030e4                USART_ReceiveData
 .text.USART_GetFlagStatus
                0x00000000000030ec        0xa ./Peripheral/src/ch32v20x_usart.o
                0x00000000000030ec                USART_GetFlagStatus
 .text.USART_GetITStatus
                0x00000000000030f6       0x3c ./Peripheral/src/ch32v20x_usart.o
                0x00000000000030f6                USART_GetITStatus
 .text.Delay_Init
                0x0000000000003132       0x2a ./Debug/debug.o
                0x0000000000003132                Delay_Init
 .text.Delay_Us
                0x000000000000315c       0x36 ./Debug/debug.o
                0x000000000000315c                Delay_Us
 .text.Delay_Ms
                0x0000000000003192       0x36 ./Debug/debug.o
                0x0000000000003192                Delay_Ms
 .text.USART_Printf_Init
                0x00000000000031c8       0x5a ./Debug/debug.o
                0x00000000000031c8                USART_Printf_Init
 .text._write   0x0000000000003222       0x3e ./Debug/debug.o
                0x0000000000003222                _write
 .text._sbrk    0x0000000000003260       0x26 ./Debug/debug.o
                0x0000000000003260                _sbrk
 .text.__addsf3
                0x0000000000003286      0x36a /Applications/MounRiver Studio 2.app/Contents/Resources/app/resources/darwin/components/WCH/Toolchain/RISC-V Embedded GCC/bin/../lib/gcc/riscv-none-embed/8.2.0/rv32imacxw/ilp32/libgcc.a(addsf3.o)
                0x0000000000003286                __addsf3
 .text.__divsf3
                0x00000000000035f0      0x2b2 /Applications/MounRiver Studio 2.app/Contents/Resources/app/resources/darwin/components/WCH/Toolchain/RISC-V Embedded GCC/bin/../lib/gcc/riscv-none-embed/8.2.0/rv32imacxw/ilp32/libgcc.a(divsf3.o)
                0x00000000000035f0                __divsf3
 .text.__gesf2  0x00000000000038a2       0x86 /Applications/MounRiver Studio 2.app/Contents/Resources/app/resources/darwin/components/WCH/Toolchain/RISC-V Embedded GCC/bin/../lib/gcc/riscv-none-embed/8.2.0/rv32imacxw/ilp32/libgcc.a(gesf2.o)
                0x00000000000038a2                __gtsf2
                0x00000000000038a2                __gesf2
 .text.__lesf2  0x0000000000003928       0x8c /Applications/MounRiver Studio 2.app/Contents/Resources/app/resources/darwin/components/WCH/Toolchain/RISC-V Embedded GCC/bin/../lib/gcc/riscv-none-embed/8.2.0/rv32imacxw/ilp32/libgcc.a(lesf2.o)
                0x0000000000003928                __lesf2
                0x0000000000003928                __ltsf2
 .text.__mulsf3
                0x00000000000039b4      0x290 /Applications/MounRiver Studio 2.app/Contents/Resources/app/resources/darwin/components/WCH/Toolchain/RISC-V Embedded GCC/bin/../lib/gcc/riscv-none-embed/8.2.0/rv32imacxw/ilp32/libgcc.a(mulsf3.o)
                0x00000000000039b4                __mulsf3
 .text.__subsf3
                0x0000000000003c44      0x388 /Applications/MounRiver Studio 2.app/Contents/Resources/app/resources/darwin/components/WCH/Toolchain/RISC-V Embedded GCC/bin/../lib/gcc/riscv-none-embed/8.2.0/rv32imacxw/ilp32/libgcc.a(subsf3.o)
                0x0000000000003c44                __subsf3
 .text.__fixunssfsi
                0x0000000000003fcc       0x56 /Applications/MounRiver Studio 2.app/Contents/Resources/app/resources/darwin/components/WCH/Toolchain/RISC-V Embedded GCC/bin/../lib/gcc/riscv-none-embed/8.2.0/rv32imacxw/ilp32/libgcc.a(fixunssfsi.o)
                0x0000000000003fcc                __fixunssfsi
 .text.__floatunsisf
                0x0000000000004022       0xce /Applications/MounRiver Studio 2.app/Contents/Resources/app/resources/darwin/components/WCH/Toolchain/RISC-V Embedded GCC/bin/../lib/gcc/riscv-none-embed/8.2.0/rv32imacxw/ilp32/libgcc.a(floatunsisf.o)
                0x0000000000004022                __floatunsisf
 .text.__extendsfdf2
                0x00000000000040f0       0xac /Applications/MounRiver Studio 2.app/Contents/Resources/app/resources/darwin/components/WCH/Toolchain/RISC-V Embedded GCC/bin/../lib/gcc/riscv-none-embed/8.2.0/rv32imacxw/ilp32/libgcc.a(extendsfdf2.o)
                0x00000000000040f0                __extendsfdf2
 .text.__clzsi2
                0x000000000000419c       0x6e /Applications/MounRiver Studio 2.app/Contents/Resources/app/resources/darwin/components/WCH/Toolchain/RISC-V Embedded GCC/bin/../lib/gcc/riscv-none-embed/8.2.0/rv32imacxw/ilp32/libgcc.a(_clzsi2.o)
                0x000000000000419c                __clzsi2
 .text.malloc   0x000000000000420a        0xa /Applications/MounRiver Studio 2.app/Contents/Resources/app/resources/darwin/components/WCH/Toolchain/RISC-V Embedded GCC/bin/../lib/gcc/riscv-none-embed/8.2.0/../../../../riscv-none-embed/lib/rv32imacxw/ilp32/libg_nano.a(lib_a-malloc.o)
                0x000000000000420a                malloc
 .text.free     0x0000000000004214        0xa /Applications/MounRiver Studio 2.app/Contents/Resources/app/resources/darwin/components/WCH/Toolchain/RISC-V Embedded GCC/bin/../lib/gcc/riscv-none-embed/8.2.0/../../../../riscv-none-embed/lib/rv32imacxw/ilp32/libg_nano.a(lib_a-malloc.o)
                0x0000000000004214                free
 .text.memcpy   0x000000000000421e       0xb2 /Applications/MounRiver Studio 2.app/Contents/Resources/app/resources/darwin/components/WCH/Toolchain/RISC-V Embedded GCC/bin/../lib/gcc/riscv-none-embed/8.2.0/../../../../riscv-none-embed/lib/rv32imacxw/ilp32/libg_nano.a(lib_a-memcpy.o)
                0x000000000000421e                memcpy
 .text._free_r  0x00000000000042d0       0xa8 /Applications/MounRiver Studio 2.app/Contents/Resources/app/resources/darwin/components/WCH/Toolchain/RISC-V Embedded GCC/bin/../lib/gcc/riscv-none-embed/8.2.0/../../../../riscv-none-embed/lib/rv32imacxw/ilp32/libg_nano.a(lib_a-nano-freer.o)
                0x00000000000042d0                _free_r
 .text._malloc_r
                0x0000000000004378       0xd4 /Applications/MounRiver Studio 2.app/Contents/Resources/app/resources/darwin/components/WCH/Toolchain/RISC-V Embedded GCC/bin/../lib/gcc/riscv-none-embed/8.2.0/../../../../riscv-none-embed/lib/rv32imacxw/ilp32/libg_nano.a(lib_a-nano-mallocr.o)
                0x0000000000004378                _malloc_r
 .text.printf   0x000000000000444c       0x40 /Applications/MounRiver Studio 2.app/Contents/Resources/app/resources/darwin/components/WCH/Toolchain/RISC-V Embedded GCC/bin/../lib/gcc/riscv-none-embed/8.2.0/../../../../riscv-none-embed/lib/rv32imacxw/ilp32/libg_nano.a(lib_a-printf.o)
                0x000000000000444c                printf
                0x000000000000444c                iprintf
 .text._puts_r  0x000000000000448c       0xd4 /Applications/MounRiver Studio 2.app/Contents/Resources/app/resources/darwin/components/WCH/Toolchain/RISC-V Embedded GCC/bin/../lib/gcc/riscv-none-embed/8.2.0/../../../../riscv-none-embed/lib/rv32imacxw/ilp32/libg_nano.a(lib_a-puts.o)
                0x000000000000448c                _puts_r
 .text.puts     0x0000000000004560        0xc /Applications/MounRiver Studio 2.app/Contents/Resources/app/resources/darwin/components/WCH/Toolchain/RISC-V Embedded GCC/bin/../lib/gcc/riscv-none-embed/8.2.0/../../../../riscv-none-embed/lib/rv32imacxw/ilp32/libg_nano.a(lib_a-puts.o)
                0x0000000000004560                puts
 .text._sbrk_r  0x000000000000456c       0x2a /Applications/MounRiver Studio 2.app/Contents/Resources/app/resources/darwin/components/WCH/Toolchain/RISC-V Embedded GCC/bin/../lib/gcc/riscv-none-embed/8.2.0/../../../../riscv-none-embed/lib/rv32imacxw/ilp32/libg_nano.a(lib_a-sbrkr.o)
                0x000000000000456c                _sbrk_r
 .text.__swbuf_r
                0x0000000000004596       0xbc /Applications/MounRiver Studio 2.app/Contents/Resources/app/resources/darwin/components/WCH/Toolchain/RISC-V Embedded GCC/bin/../lib/gcc/riscv-none-embed/8.2.0/../../../../riscv-none-embed/lib/rv32imacxw/ilp32/libg_nano.a(lib_a-wbuf.o)
                0x0000000000004596                __swbuf_r
 .text.__swsetup_r
                0x0000000000004652       0xfe /Applications/MounRiver Studio 2.app/Contents/Resources/app/resources/darwin/components/WCH/Toolchain/RISC-V Embedded GCC/bin/../lib/gcc/riscv-none-embed/8.2.0/../../../../riscv-none-embed/lib/rv32imacxw/ilp32/libg_nano.a(lib_a-wsetup.o)
                0x0000000000004652                __swsetup_r
 .text.__sflush_r
                0x0000000000004750      0x132 /Applications/MounRiver Studio 2.app/Contents/Resources/app/resources/darwin/components/WCH/Toolchain/RISC-V Embedded GCC/bin/../lib/gcc/riscv-none-embed/8.2.0/../../../../riscv-none-embed/lib/rv32imacxw/ilp32/libg_nano.a(lib_a-fflush.o)
                0x0000000000004750                __sflush_r
 .text._fflush_r
                0x0000000000004882       0x66 /Applications/MounRiver Studio 2.app/Contents/Resources/app/resources/darwin/components/WCH/Toolchain/RISC-V Embedded GCC/bin/../lib/gcc/riscv-none-embed/8.2.0/../../../../riscv-none-embed/lib/rv32imacxw/ilp32/libg_nano.a(lib_a-fflush.o)
                0x0000000000004882                _fflush_r
 .text.std      0x00000000000048e8       0x66 /Applications/MounRiver Studio 2.app/Contents/Resources/app/resources/darwin/components/WCH/Toolchain/RISC-V Embedded GCC/bin/../lib/gcc/riscv-none-embed/8.2.0/../../../../riscv-none-embed/lib/rv32imacxw/ilp32/libg_nano.a(lib_a-findfp.o)
 .text._cleanup_r
                0x000000000000494e        0xa /Applications/MounRiver Studio 2.app/Contents/Resources/app/resources/darwin/components/WCH/Toolchain/RISC-V Embedded GCC/bin/../lib/gcc/riscv-none-embed/8.2.0/../../../../riscv-none-embed/lib/rv32imacxw/ilp32/libg_nano.a(lib_a-findfp.o)
                0x000000000000494e                _cleanup_r
 .text.__sfmoreglue
                0x0000000000004958       0x48 /Applications/MounRiver Studio 2.app/Contents/Resources/app/resources/darwin/components/WCH/Toolchain/RISC-V Embedded GCC/bin/../lib/gcc/riscv-none-embed/8.2.0/../../../../riscv-none-embed/lib/rv32imacxw/ilp32/libg_nano.a(lib_a-findfp.o)
                0x0000000000004958                __sfmoreglue
 .text.__sinit  0x00000000000049a0       0x6c /Applications/MounRiver Studio 2.app/Contents/Resources/app/resources/darwin/components/WCH/Toolchain/RISC-V Embedded GCC/bin/../lib/gcc/riscv-none-embed/8.2.0/../../../../riscv-none-embed/lib/rv32imacxw/ilp32/libg_nano.a(lib_a-findfp.o)
                0x00000000000049a0                __sinit
 .text.__sfp    0x0000000000004a0c       0xa0 /Applications/MounRiver Studio 2.app/Contents/Resources/app/resources/darwin/components/WCH/Toolchain/RISC-V Embedded GCC/bin/../lib/gcc/riscv-none-embed/8.2.0/../../../../riscv-none-embed/lib/rv32imacxw/ilp32/libg_nano.a(lib_a-findfp.o)
                0x0000000000004a0c                __sfp
 .text._fwalk_reent
                0x0000000000004aac       0x6a /Applications/MounRiver Studio 2.app/Contents/Resources/app/resources/darwin/components/WCH/Toolchain/RISC-V Embedded GCC/bin/../lib/gcc/riscv-none-embed/8.2.0/../../../../riscv-none-embed/lib/rv32imacxw/ilp32/libg_nano.a(lib_a-fwalk.o)
                0x0000000000004aac                _fwalk_reent
 .text.__swhatbuf_r
                0x0000000000004b16       0x58 /Applications/MounRiver Studio 2.app/Contents/Resources/app/resources/darwin/components/WCH/Toolchain/RISC-V Embedded GCC/bin/../lib/gcc/riscv-none-embed/8.2.0/../../../../riscv-none-embed/lib/rv32imacxw/ilp32/libg_nano.a(lib_a-makebuf.o)
                0x0000000000004b16                __swhatbuf_r
 .text.__smakebuf_r
                0x0000000000004b6e       0x94 /Applications/MounRiver Studio 2.app/Contents/Resources/app/resources/darwin/components/WCH/Toolchain/RISC-V Embedded GCC/bin/../lib/gcc/riscv-none-embed/8.2.0/../../../../riscv-none-embed/lib/rv32imacxw/ilp32/libg_nano.a(lib_a-makebuf.o)
                0x0000000000004b6e                __smakebuf_r
 .text.__malloc_lock
                0x0000000000004c02        0x2 /Applications/MounRiver Studio 2.app/Contents/Resources/app/resources/darwin/components/WCH/Toolchain/RISC-V Embedded GCC/bin/../lib/gcc/riscv-none-embed/8.2.0/../../../../riscv-none-embed/lib/rv32imacxw/ilp32/libg_nano.a(lib_a-mlock.o)
                0x0000000000004c02                __malloc_lock
 .text.__malloc_unlock
                0x0000000000004c04        0x2 /Applications/MounRiver Studio 2.app/Contents/Resources/app/resources/darwin/components/WCH/Toolchain/RISC-V Embedded GCC/bin/../lib/gcc/riscv-none-embed/8.2.0/../../../../riscv-none-embed/lib/rv32imacxw/ilp32/libg_nano.a(lib_a-mlock.o)
                0x0000000000004c04                __malloc_unlock
 .text.__sfputc_r
                0x0000000000004c06       0x28 /Applications/MounRiver Studio 2.app/Contents/Resources/app/resources/darwin/components/WCH/Toolchain/RISC-V Embedded GCC/bin/../lib/gcc/riscv-none-embed/8.2.0/../../../../riscv-none-embed/lib/rv32imacxw/ilp32/libg_nano.a(lib_a-nano-vfprintf.o)
 .text.__sfputs_r
                0x0000000000004c2e       0x42 /Applications/MounRiver Studio 2.app/Contents/Resources/app/resources/darwin/components/WCH/Toolchain/RISC-V Embedded GCC/bin/../lib/gcc/riscv-none-embed/8.2.0/../../../../riscv-none-embed/lib/rv32imacxw/ilp32/libg_nano.a(lib_a-nano-vfprintf.o)
                0x0000000000004c2e                __sfputs_r
 .text._vfprintf_r
                0x0000000000004c70      0x288 /Applications/MounRiver Studio 2.app/Contents/Resources/app/resources/darwin/components/WCH/Toolchain/RISC-V Embedded GCC/bin/../lib/gcc/riscv-none-embed/8.2.0/../../../../riscv-none-embed/lib/rv32imacxw/ilp32/libg_nano.a(lib_a-nano-vfprintf.o)
                0x0000000000004c70                _vfiprintf_r
                0x0000000000004c70                _vfprintf_r
 .text._printf_common
                0x0000000000004ef8      0x10c /Applications/MounRiver Studio 2.app/Contents/Resources/app/resources/darwin/components/WCH/Toolchain/RISC-V Embedded GCC/bin/../lib/gcc/riscv-none-embed/8.2.0/../../../../riscv-none-embed/lib/rv32imacxw/ilp32/libg_nano.a(lib_a-nano-vfprintf_i.o)
                0x0000000000004ef8                _printf_common
 .text._printf_i
                0x0000000000005004      0x2a2 /Applications/MounRiver Studio 2.app/Contents/Resources/app/resources/darwin/components/WCH/Toolchain/RISC-V Embedded GCC/bin/../lib/gcc/riscv-none-embed/8.2.0/../../../../riscv-none-embed/lib/rv32imacxw/ilp32/libg_nano.a(lib_a-nano-vfprintf_i.o)
                0x0000000000005004                _printf_i
 .text.__sread  0x00000000000052a6       0x2c /Applications/MounRiver Studio 2.app/Contents/Resources/app/resources/darwin/components/WCH/Toolchain/RISC-V Embedded GCC/bin/../lib/gcc/riscv-none-embed/8.2.0/../../../../riscv-none-embed/lib/rv32imacxw/ilp32/libg_nano.a(lib_a-stdio.o)
                0x00000000000052a6                __sread
 .text.__swrite
                0x00000000000052d2       0x48 /Applications/MounRiver Studio 2.app/Contents/Resources/app/resources/darwin/components/WCH/Toolchain/RISC-V Embedded GCC/bin/../lib/gcc/riscv-none-embed/8.2.0/../../../../riscv-none-embed/lib/rv32imacxw/ilp32/libg_nano.a(lib_a-stdio.o)
                0x00000000000052d2                __swrite
 .text.__sseek  0x000000000000531a       0x30 /Applications/MounRiver Studio 2.app/Contents/Resources/app/resources/darwin/components/WCH/Toolchain/RISC-V Embedded GCC/bin/../lib/gcc/riscv-none-embed/8.2.0/../../../../riscv-none-embed/lib/rv32imacxw/ilp32/libg_nano.a(lib_a-stdio.o)
                0x000000000000531a                __sseek
 .text.__sclose
                0x000000000000534a        0x6 /Applications/MounRiver Studio 2.app/Contents/Resources/app/resources/darwin/components/WCH/Toolchain/RISC-V Embedded GCC/bin/../lib/gcc/riscv-none-embed/8.2.0/../../../../riscv-none-embed/lib/rv32imacxw/ilp32/libg_nano.a(lib_a-stdio.o)
                0x000000000000534a                __sclose
 .text._write_r
                0x0000000000005350       0x2e /Applications/MounRiver Studio 2.app/Contents/Resources/app/resources/darwin/components/WCH/Toolchain/RISC-V Embedded GCC/bin/../lib/gcc/riscv-none-embed/8.2.0/../../../../riscv-none-embed/lib/rv32imacxw/ilp32/libg_nano.a(lib_a-writer.o)
                0x0000000000005350                _write_r
 .text._close_r
                0x000000000000537e       0x28 /Applications/MounRiver Studio 2.app/Contents/Resources/app/resources/darwin/components/WCH/Toolchain/RISC-V Embedded GCC/bin/../lib/gcc/riscv-none-embed/8.2.0/../../../../riscv-none-embed/lib/rv32imacxw/ilp32/libg_nano.a(lib_a-closer.o)
                0x000000000000537e                _close_r
 .text._fstat_r
                0x00000000000053a6       0x2a /Applications/MounRiver Studio 2.app/Contents/Resources/app/resources/darwin/components/WCH/Toolchain/RISC-V Embedded GCC/bin/../lib/gcc/riscv-none-embed/8.2.0/../../../../riscv-none-embed/lib/rv32imacxw/ilp32/libg_nano.a(lib_a-fstatr.o)
                0x00000000000053a6                _fstat_r
 .text._isatty_r
                0x00000000000053d0       0x28 /Applications/MounRiver Studio 2.app/Contents/Resources/app/resources/darwin/components/WCH/Toolchain/RISC-V Embedded GCC/bin/../lib/gcc/riscv-none-embed/8.2.0/../../../../riscv-none-embed/lib/rv32imacxw/ilp32/libg_nano.a(lib_a-isattyr.o)
                0x00000000000053d0                _isatty_r
 .text._lseek_r
                0x00000000000053f8       0x2c /Applications/MounRiver Studio 2.app/Contents/Resources/app/resources/darwin/components/WCH/Toolchain/RISC-V Embedded GCC/bin/../lib/gcc/riscv-none-embed/8.2.0/../../../../riscv-none-embed/lib/rv32imacxw/ilp32/libg_nano.a(lib_a-lseekr.o)
                0x00000000000053f8                _lseek_r
 .text.memchr   0x0000000000005424       0x18 /Applications/MounRiver Studio 2.app/Contents/Resources/app/resources/darwin/components/WCH/Toolchain/RISC-V Embedded GCC/bin/../lib/gcc/riscv-none-embed/8.2.0/../../../../riscv-none-embed/lib/rv32imacxw/ilp32/libg_nano.a(lib_a-memchr.o)
                0x0000000000005424                memchr
 .text._read_r  0x000000000000543c       0x2c /Applications/MounRiver Studio 2.app/Contents/Resources/app/resources/darwin/components/WCH/Toolchain/RISC-V Embedded GCC/bin/../lib/gcc/riscv-none-embed/8.2.0/../../../../riscv-none-embed/lib/rv32imacxw/ilp32/libg_nano.a(lib_a-readr.o)
                0x000000000000543c                _read_r
 .text._close   0x0000000000005468        0xc /Applications/MounRiver Studio 2.app/Contents/Resources/app/resources/darwin/components/WCH/Toolchain/RISC-V Embedded GCC/bin/../lib/gcc/riscv-none-embed/8.2.0/../../../../riscv-none-embed/lib/rv32imacxw/ilp32/libnosys.a(close.o)
                0x0000000000005468                _close
 .text._fstat   0x0000000000005474        0xc /Applications/MounRiver Studio 2.app/Contents/Resources/app/resources/darwin/components/WCH/Toolchain/RISC-V Embedded GCC/bin/../lib/gcc/riscv-none-embed/8.2.0/../../../../riscv-none-embed/lib/rv32imacxw/ilp32/libnosys.a(fstat.o)
                0x0000000000005474                _fstat
 .text._isatty  0x0000000000005480        0xc /Applications/MounRiver Studio 2.app/Contents/Resources/app/resources/darwin/components/WCH/Toolchain/RISC-V Embedded GCC/bin/../lib/gcc/riscv-none-embed/8.2.0/../../../../riscv-none-embed/lib/rv32imacxw/ilp32/libnosys.a(isatty.o)
                0x0000000000005480                _isatty
 .text._lseek   0x000000000000548c        0xc /Applications/MounRiver Studio 2.app/Contents/Resources/app/resources/darwin/components/WCH/Toolchain/RISC-V Embedded GCC/bin/../lib/gcc/riscv-none-embed/8.2.0/../../../../riscv-none-embed/lib/rv32imacxw/ilp32/libnosys.a(lseek.o)
                0x000000000000548c                _lseek
 .text._read    0x0000000000005498        0xc /Applications/MounRiver Studio 2.app/Contents/Resources/app/resources/darwin/components/WCH/Toolchain/RISC-V Embedded GCC/bin/../lib/gcc/riscv-none-embed/8.2.0/../../../../riscv-none-embed/lib/rv32imacxw/ilp32/libnosys.a(read.o)
                0x0000000000005498                _read
 *(.rodata)
 *fill*         0x00000000000054a4        0x0 
 .rodata        0x00000000000054a4        0xd ./User/rtc.o
 *(.rodata*)
 *fill*         0x00000000000054b1        0x3 
 .rodata.CalGlucose.cst4
                0x00000000000054b4       0x24 ./User/Calculation.o
 .rodata.CalGlucose.str1.4
                0x00000000000054d8       0xd0 ./User/Calculation.o
 .rodata.State_Process
                0x00000000000055a8       0x3c ./User/main.o
 .rodata.GetMidADC.str1.4
                0x00000000000055e4       0x2a ./User/main.o
 *fill*         0x000000000000560e        0x2 
 .rodata.OPA2_Init.str1.4
                0x0000000000005610       0x12 ./User/main.o
 *fill*         0x0000000000005622        0x2 
 .rodata.State_Process.str1.4
                0x0000000000005624      0x33e ./User/main.o
 *fill*         0x0000000000005962        0x2 
 .rodata.TIM1_PWM_Init.str1.4
                0x0000000000005964       0x2b ./User/main.o
 *fill*         0x000000000000598f        0x1 
 .rodata.main.str1.4
                0x0000000000005990       0xe7 ./User/main.o
 *fill*         0x0000000000005a77        0x1 
 .rodata.CSWTCH.10
                0x0000000000005a78        0xa ./User/param_table.o
 *fill*         0x0000000000005a82        0x2 
 .rodata.CSWTCH.11
                0x0000000000005a84        0xa ./User/param_table.o
 *fill*         0x0000000000005a8e        0x2 
 .rodata.CSWTCH.12
                0x0000000000005a90        0xa ./User/param_table.o
 *fill*         0x0000000000005a9a        0x2 
 .rodata.CSWTCH.4
                0x0000000000005a9c       0x14 ./User/param_table.o
 .rodata.CSWTCH.5
                0x0000000000005ab0        0xc ./User/param_table.o
 .rodata.PARAM_Init.str1.4
                0x0000000000005abc       0x5a ./User/param_table.o
 *fill*         0x0000000000005b16        0x2 
 .rodata.StripType_GetName.str1.4
                0x0000000000005b18        0x8 ./User/param_table.o
 .rodata.Unit_GetSymbol.str1.4
                0x0000000000005b20        0x2 ./User/param_table.o
 *fill*         0x0000000000005b22        0x2 
 .rodata.str1.4
                0x0000000000005b24       0x64 ./User/param_table.o
 .rodata.RTC_Config.str1.4
                0x0000000000005b88       0x57 ./User/rtc.o
 *fill*         0x0000000000005bdf        0x1 
 .rodata.RTC_Init.str1.4
                0x0000000000005be0       0x11 ./User/rtc.o
 *fill*         0x0000000000005bf1        0x3 
 .rodata.RTC_SetTime.str1.4
                0x0000000000005bf4       0x2e ./User/rtc.o
 *fill*         0x0000000000005c22        0x2 
 .rodata.RTC_SyncWithParam.str1.4
                0x0000000000005c24       0x4d ./User/rtc.o
 *fill*         0x0000000000005c71        0x3 
 .rodata.RTC_UpdateParam.str1.4
                0x0000000000005c74       0x6a ./User/rtc.o
 *fill*         0x0000000000005cde        0x2 
 .rodata.STRIP_DETECT_UpdateWPWMDuty
                0x0000000000005ce0       0x14 ./User/strip_detect.o
 .rodata.STRIP_DETECT_DetermineStripType.cst4
                0x0000000000005cf4        0x4 ./User/strip_detect.o
 .rodata.STRIP_DETECT_HandleInsertedEvent.str1.4
                0x0000000000005cf8       0x3d ./User/strip_detect.o
 *fill*         0x0000000000005d35        0x3 
 .rodata.STRIP_DETECT_Init.str1.4
                0x0000000000005d38       0x24 ./User/strip_detect.o
 .rodata.STRIP_DETECT_Process.cst4
                0x0000000000005d5c        0x8 ./User/strip_detect.o
 .rodata.STRIP_DETECT_Process.str1.4
                0x0000000000005d64       0x7c ./User/strip_detect.o
 .rodata.System_SetState.str1.4
                0x0000000000005de0       0x19 ./User/system_state.o
 *fill*         0x0000000000005df9        0x3 
 .rodata.UART2_Receive_Byte_ISR
                0x0000000000005dfc       0x18 ./User/uart_protocol.o
 .rodata.UART_ProcessStripInsertedCmd.str1.4
                0x0000000000005e14       0xbc ./User/uart_protocol.o
 .rodata.UART_Protocol_Init.str1.4
                0x0000000000005ed0       0x1b ./User/uart_protocol.o
 *fill*         0x0000000000005eeb        0x1 
 .rodata.UART_SendStripTypeAck.str1.4
                0x0000000000005eec       0x2c ./User/uart_protocol.o
 .rodata.UART_UpdateBloodCountdown.str1.4
                0x0000000000005f18       0x91 ./User/uart_protocol.o
 *fill*         0x0000000000005fa9        0x3 
 .rodata.Get_Raw_Test_Data.str1.4
                0x0000000000005fac        0xb ./User/uart_protocol_stubs.o
 *fill*         0x0000000000005fb7        0x1 
 .rodata.__divsf3
                0x0000000000005fb8       0x80 /Applications/MounRiver Studio 2.app/Contents/Resources/app/resources/darwin/components/WCH/Toolchain/RISC-V Embedded GCC/bin/../lib/gcc/riscv-none-embed/8.2.0/rv32imacxw/ilp32/libgcc.a(divsf3.o)
 .rodata.__mulsf3
                0x0000000000006038       0x40 /Applications/MounRiver Studio 2.app/Contents/Resources/app/resources/darwin/components/WCH/Toolchain/RISC-V Embedded GCC/bin/../lib/gcc/riscv-none-embed/8.2.0/rv32imacxw/ilp32/libgcc.a(mulsf3.o)
 .rodata.__clz_tab
                0x0000000000006078      0x100 /Applications/MounRiver Studio 2.app/Contents/Resources/app/resources/darwin/components/WCH/Toolchain/RISC-V Embedded GCC/bin/../lib/gcc/riscv-none-embed/8.2.0/rv32imacxw/ilp32/libgcc.a(_clz.o)
                0x0000000000006078                __clz_tab
 .rodata.__sf_fake_stderr
                0x0000000000006178       0x20 /Applications/MounRiver Studio 2.app/Contents/Resources/app/resources/darwin/components/WCH/Toolchain/RISC-V Embedded GCC/bin/../lib/gcc/riscv-none-embed/8.2.0/../../../../riscv-none-embed/lib/rv32imacxw/ilp32/libg_nano.a(lib_a-findfp.o)
                0x0000000000006178                __sf_fake_stderr
 .rodata.__sf_fake_stdin
                0x0000000000006198       0x20 /Applications/MounRiver Studio 2.app/Contents/Resources/app/resources/darwin/components/WCH/Toolchain/RISC-V Embedded GCC/bin/../lib/gcc/riscv-none-embed/8.2.0/../../../../riscv-none-embed/lib/rv32imacxw/ilp32/libg_nano.a(lib_a-findfp.o)
                0x0000000000006198                __sf_fake_stdin
 .rodata.__sf_fake_stdout
                0x00000000000061b8       0x20 /Applications/MounRiver Studio 2.app/Contents/Resources/app/resources/darwin/components/WCH/Toolchain/RISC-V Embedded GCC/bin/../lib/gcc/riscv-none-embed/8.2.0/../../../../riscv-none-embed/lib/rv32imacxw/ilp32/libg_nano.a(lib_a-findfp.o)
                0x00000000000061b8                __sf_fake_stdout
 .rodata._vfprintf_r.str1.4
                0x00000000000061d8       0x13 /Applications/MounRiver Studio 2.app/Contents/Resources/app/resources/darwin/components/WCH/Toolchain/RISC-V Embedded GCC/bin/../lib/gcc/riscv-none-embed/8.2.0/../../../../riscv-none-embed/lib/rv32imacxw/ilp32/libg_nano.a(lib_a-nano-vfprintf.o)
 *fill*         0x00000000000061eb        0x1 
 .rodata._printf_i.str1.4
                0x00000000000061ec       0x28 /Applications/MounRiver Studio 2.app/Contents/Resources/app/resources/darwin/components/WCH/Toolchain/RISC-V Embedded GCC/bin/../lib/gcc/riscv-none-embed/8.2.0/../../../../riscv-none-embed/lib/rv32imacxw/ilp32/libg_nano.a(lib_a-nano-vfprintf_i.o)
                                         0x25 (size before relaxing)
 *(.gnu.linkonce.t.*)
                0x0000000000006214                . = ALIGN (0x4)

.rela.dyn       0x0000000000006214        0x0
 .rela.init     0x0000000000006214        0x0 ./User/Calculation.o
 .rela.vector   0x0000000000006214        0x0 ./User/Calculation.o
 .rela.text.handle_reset
                0x0000000000006214        0x0 ./User/Calculation.o
 .rela.text._sbrk
                0x0000000000006214        0x0 ./User/Calculation.o
 .rela.sdata.curbrk.4652
                0x0000000000006214        0x0 ./User/Calculation.o
 .rela.text._sbrk_r
                0x0000000000006214        0x0 ./User/Calculation.o
 .rela.text._vfprintf_r
                0x0000000000006214        0x0 ./User/Calculation.o
 .rela.text._write_r
                0x0000000000006214        0x0 ./User/Calculation.o
 .rela.text._close_r
                0x0000000000006214        0x0 ./User/Calculation.o
 .rela.text._fstat_r
                0x0000000000006214        0x0 ./User/Calculation.o
 .rela.text._isatty_r
                0x0000000000006214        0x0 ./User/Calculation.o
 .rela.text._lseek_r
                0x0000000000006214        0x0 ./User/Calculation.o
 .rela.text._read_r
                0x0000000000006214        0x0 ./User/Calculation.o
 .rela.text._close
                0x0000000000006214        0x0 ./User/Calculation.o
 .rela.text._fstat
                0x0000000000006214        0x0 ./User/Calculation.o
 .rela.text._isatty
                0x0000000000006214        0x0 ./User/Calculation.o
 .rela.text._lseek
                0x0000000000006214        0x0 ./User/Calculation.o
 .rela.text._read
                0x0000000000006214        0x0 ./User/Calculation.o

.fini           0x0000000000006214        0x0
 *(SORT_NONE(.fini))
                0x0000000000006214                . = ALIGN (0x4)
                [!provide]                        PROVIDE (_etext = .)
                [!provide]                        PROVIDE (_eitcm = .)

.preinit_array  0x0000000000006214        0x0
                [!provide]                        PROVIDE (__preinit_array_start = .)
 *(.preinit_array)
                [!provide]                        PROVIDE (__preinit_array_end = .)

.init_array     0x0000000000006214        0x0
                [!provide]                        PROVIDE (__init_array_start = .)
 *(SORT_BY_INIT_PRIORITY(.init_array.*) SORT_BY_INIT_PRIORITY(.ctors.*))
 *(.init_array EXCLUDE_FILE(*crtend?.o *crtend.o *crtbegin?.o *crtbegin.o) .ctors)
                [!provide]                        PROVIDE (__init_array_end = .)

.fini_array     0x0000000000006214        0x0
                [!provide]                        PROVIDE (__fini_array_start = .)
 *(SORT_BY_INIT_PRIORITY(.fini_array.*) SORT_BY_INIT_PRIORITY(.dtors.*))
 *(.fini_array EXCLUDE_FILE(*crtend?.o *crtend.o *crtbegin?.o *crtbegin.o) .dtors)
                [!provide]                        PROVIDE (__fini_array_end = .)

.ctors
 *crtbegin.o(.ctors)
 *crtbegin?.o(.ctors)
 *(EXCLUDE_FILE(*crtend?.o *crtend.o) .ctors)
 *(SORT_BY_NAME(.ctors.*))
 *(.ctors)

.dtors
 *crtbegin.o(.dtors)
 *crtbegin?.o(.dtors)
 *(EXCLUDE_FILE(*crtend?.o *crtend.o) .dtors)
 *(SORT_BY_NAME(.dtors.*))
 *(.dtors)

.dalign         0x0000000020000000        0x0 load address 0x0000000000006214
                0x0000000020000000                . = ALIGN (0x4)
                0x0000000020000000                PROVIDE (_data_vma = .)

.dlalign        0x0000000000006214        0x0
                0x0000000000006214                . = ALIGN (0x4)
                0x0000000000006214                PROVIDE (_data_lma = .)

.data           0x0000000020000000       0xb0 load address 0x0000000000006214
 *(.gnu.linkonce.r.*)
 *(.data .data.*)
 .data.stripInfo
                0x0000000020000000       0x18 ./User/strip_detect.o
 .data.APBAHBPrescTable
                0x0000000020000018       0x10 ./Peripheral/src/ch32v20x_rcc.o
 .data.impure_data
                0x0000000020000028       0x60 /Applications/MounRiver Studio 2.app/Contents/Resources/app/resources/darwin/components/WCH/Toolchain/RISC-V Embedded GCC/bin/../lib/gcc/riscv-none-embed/8.2.0/../../../../riscv-none-embed/lib/rv32imacxw/ilp32/libg_nano.a(lib_a-impure.o)
 *(.gnu.linkonce.d.*)
                0x0000000020000088                . = ALIGN (0x8)
                0x0000000020000888                PROVIDE (__global_pointer$ = (. + 0x800))
 *(.sdata .sdata.*)
 .sdata.measureStep.5638
                0x0000000020000088        0x1 ./User/main.o
 *fill*         0x0000000020000089        0x3 
 .sdata.SystemCoreClock
                0x000000002000008c        0x4 ./User/system_ch32v20x.o
                0x000000002000008c                SystemCoreClock
 .sdata.blood_countdown
                0x0000000020000090        0x1 ./User/uart_protocol.o
 *fill*         0x0000000020000091        0x3 
 .sdata.ADCPrescTable
                0x0000000020000094        0x4 ./Peripheral/src/ch32v20x_rcc.o
 .sdata.curbrk.4652
                0x0000000020000098        0x4 ./Debug/debug.o
 .sdata._impure_ptr
                0x000000002000009c        0x4 /Applications/MounRiver Studio 2.app/Contents/Resources/app/resources/darwin/components/WCH/Toolchain/RISC-V Embedded GCC/bin/../lib/gcc/riscv-none-embed/8.2.0/../../../../riscv-none-embed/lib/rv32imacxw/ilp32/libg_nano.a(lib_a-impure.o)
                0x000000002000009c                _impure_ptr
 *(.sdata2.*)
 .sdata2.CSWTCH.1
                0x00000000200000a0        0x6 ./User/Calculation.o
 *fill*         0x00000000200000a6        0x2 
 .sdata2._global_impure_ptr
                0x00000000200000a8        0x4 /Applications/MounRiver Studio 2.app/Contents/Resources/app/resources/darwin/components/WCH/Toolchain/RISC-V Embedded GCC/bin/../lib/gcc/riscv-none-embed/8.2.0/../../../../riscv-none-embed/lib/rv32imacxw/ilp32/libg_nano.a(lib_a-impure.o)
                0x00000000200000a8                _global_impure_ptr
 *(.gnu.linkonce.s.*)
                0x00000000200000b0                . = ALIGN (0x8)
 *fill*         0x00000000200000ac        0x4 
 *(.srodata.cst16)
 *(.srodata.cst8)
 *(.srodata.cst4)
 *(.srodata.cst2)
 *(.srodata .srodata.*)
                0x00000000200000b0                . = ALIGN (0x4)
                0x00000000200000b0                PROVIDE (_edata = .)

.bss            0x00000000200000b0      0x8d8 load address 0x00000000000062c4
                0x00000000200000b0                . = ALIGN (0x4)
                0x00000000200000b0                PROVIDE (_sbss = .)
 *(.sbss*)
 .sbss.wGlucose
                0x00000000200000b0        0x2 ./User/Calculation.o
                0x00000000200000b0                wGlucose
 .sbss.W_ADC    0x00000000200000b2        0x2 ./User/main.o
                0x00000000200000b2                W_ADC
 .sbss.calculationDone.5666
                0x00000000200000b4        0x1 ./User/main.o
 *fill*         0x00000000200000b5        0x1 
 .sbss.evWidth1.5640
                0x00000000200000b6        0x2 ./User/main.o
 .sbss.evWidth2.5643
                0x00000000200000b8        0x2 ./User/main.o
 *fill*         0x00000000200000ba        0x2 
 .sbss.lastState.5621
                0x00000000200000bc        0x4 ./User/main.o
 .sbss.parametersLoaded.5646
                0x00000000200000c0        0x1 ./User/main.o
 *fill*         0x00000000200000c1        0x3 
 .sbss.stepStartTime.5639
                0x00000000200000c4        0x4 ./User/main.o
 .sbss.systemTick.5647
                0x00000000200000c8        0x4 ./User/main.o
 .sbss.tpl1.5641
                0x00000000200000cc        0x2 ./User/main.o
 .sbss.tpl2.5644
                0x00000000200000ce        0x2 ./User/main.o
 .sbss.trd1.5642
                0x00000000200000d0        0x2 ./User/main.o
 .sbss.trd2.5645
                0x00000000200000d2        0x2 ./User/main.o
 .sbss.currentSystemState
                0x00000000200000d4        0x4 ./User/system_state.o
 .sbss.blood_detected
                0x00000000200000d8        0x1 ./User/uart_protocol.o
 .sbss.dataCnt.5258
                0x00000000200000d9        0x1 ./User/uart_protocol.o
 .sbss.dataLen.5257
                0x00000000200000da        0x1 ./User/uart_protocol.o
 *fill*         0x00000000200000db        0x1 
 .sbss.g_batteryVoltage
                0x00000000200000dc        0x2 ./User/uart_protocol.o
                0x00000000200000dc                g_batteryVoltage
 .sbss.packet_received
                0x00000000200000de        0x1 ./User/uart_protocol.o
 *fill*         0x00000000200000df        0x1 
 .sbss.rx_index
                0x00000000200000e0        0x2 ./User/uart_protocol.o
 .sbss.state.5256
                0x00000000200000e2        0x1 ./User/uart_protocol.o
 .sbss.test_in_progress
                0x00000000200000e3        0x1 ./User/uart_protocol.o
 .sbss.MCU_Version
                0x00000000200000e4        0x1 ./Peripheral/src/ch32v20x_gpio.o
                0x00000000200000e4                MCU_Version
 *fill*         0x00000000200000e5        0x3 
 .sbss.NVIC_Priority_Group
                0x00000000200000e8        0x4 ./Peripheral/src/ch32v20x_misc.o
                0x00000000200000e8                NVIC_Priority_Group
 .sbss.p_ms     0x00000000200000ec        0x2 ./Debug/debug.o
 .sbss.p_us     0x00000000200000ee        0x1 ./Debug/debug.o
 *fill*         0x00000000200000ef        0x1 
 .sbss.__malloc_free_list
                0x00000000200000f0        0x4 /Applications/MounRiver Studio 2.app/Contents/Resources/app/resources/darwin/components/WCH/Toolchain/RISC-V Embedded GCC/bin/../lib/gcc/riscv-none-embed/8.2.0/../../../../riscv-none-embed/lib/rv32imacxw/ilp32/libg_nano.a(lib_a-nano-mallocr.o)
                0x00000000200000f0                __malloc_free_list
 .sbss.__malloc_sbrk_start
                0x00000000200000f4        0x4 /Applications/MounRiver Studio 2.app/Contents/Resources/app/resources/darwin/components/WCH/Toolchain/RISC-V Embedded GCC/bin/../lib/gcc/riscv-none-embed/8.2.0/../../../../riscv-none-embed/lib/rv32imacxw/ilp32/libg_nano.a(lib_a-nano-mallocr.o)
                0x00000000200000f4                __malloc_sbrk_start
 *(.gnu.linkonce.sb.*)
 *(.bss*)
 .bss.USART_DMA_CTRL
                0x00000000200000f8      0x101 ./User/main.o
                0x00000000200000f8                USART_DMA_CTRL
 *fill*         0x00000000200001f9        0x3 
 .bss.ring_buffer
                0x00000000200001fc      0x406 ./User/main.o
                0x00000000200001fc                ring_buffer
 *fill*         0x0000000020000602        0x2 
 .bss.param_table
                0x0000000020000604      0x2a6 ./User/param_table.o
 *fill*         0x00000000200008aa        0x2 
 .bss.current_raw_data
                0x00000000200008ac       0x3c ./User/uart_protocol.o
 .bss.current_test_result
                0x00000000200008e8       0x1a ./User/uart_protocol.o
 *fill*         0x0000000020000902        0x2 
 .bss.rx_buffer
                0x0000000020000904       0x40 ./User/uart_protocol.o
 .bss.tx_buffer
                0x0000000020000944       0x40 ./User/uart_protocol.o
 *(.gnu.linkonce.b.*)
 *(COMMON*)
 COMMON         0x0000000020000984        0x4 /Applications/MounRiver Studio 2.app/Contents/Resources/app/resources/darwin/components/WCH/Toolchain/RISC-V Embedded GCC/bin/../lib/gcc/riscv-none-embed/8.2.0/../../../../riscv-none-embed/lib/rv32imacxw/ilp32/libg_nano.a(lib_a-reent.o)
                0x0000000020000984                errno
                0x0000000020000988                . = ALIGN (0x4)
                0x0000000020000988                PROVIDE (_ebss = .)
                0x0000000020000988                PROVIDE (_end = _ebss)
                [!provide]                        PROVIDE (end = .)

.stack          0x0000000020004800      0x800
                0x0000000020004800                PROVIDE (_heap_end = .)
                0x0000000020004800                . = ALIGN (0x4)
                [!provide]                        PROVIDE (_susrstack = .)
                0x0000000020005000                . = (. + __stack_size)
 *fill*         0x0000000020004800      0x800 
                0x0000000020005000                PROVIDE (_eusrstack = .)
OUTPUT(CH32V203G8R6.elf elf32-littleriscv)

.debug_info     0x0000000000000000    0x1c345
 .debug_info    0x0000000000000000      0xbd8 ./User/Calculation.o
 .debug_info    0x0000000000000bd8      0xbb5 ./User/ch32v20x_it.o
 .debug_info    0x000000000000178d     0x2b44 ./User/main.o
 .debug_info    0x00000000000042d1     0x195f ./User/param_table.o
 .debug_info    0x0000000000005c30     0x1044 ./User/rtc.o
 .debug_info    0x0000000000006c74     0x1a85 ./User/strip_detect.o
 .debug_info    0x00000000000086f9      0xb30 ./User/system_ch32v20x.o
 .debug_info    0x0000000000009229      0x9f2 ./User/system_state.o
 .debug_info    0x0000000000009c1b     0x2314 ./User/uart_protocol.o
 .debug_info    0x000000000000bf2f      0xf45 ./User/uart_protocol_stubs.o
 .debug_info    0x000000000000ce74       0x22 ./Startup/startup_ch32v20x_D6.o
 .debug_info    0x000000000000ce96     0x16eb ./Peripheral/src/ch32v20x_adc.o
 .debug_info    0x000000000000e581     0x1091 ./Peripheral/src/ch32v20x_bkp.o
 .debug_info    0x000000000000f612      0xd16 ./Peripheral/src/ch32v20x_dma.o
 .debug_info    0x0000000000010328     0x15d2 ./Peripheral/src/ch32v20x_flash.o
 .debug_info    0x00000000000118fa     0x1349 ./Peripheral/src/ch32v20x_gpio.o
 .debug_info    0x0000000000012c43      0xe61 ./Peripheral/src/ch32v20x_misc.o
 .debug_info    0x0000000000013aa4      0xb1d ./Peripheral/src/ch32v20x_opa.o
 .debug_info    0x00000000000145c1     0x1049 ./Peripheral/src/ch32v20x_pwr.o
 .debug_info    0x000000000001560a     0x1268 ./Peripheral/src/ch32v20x_rcc.o
 .debug_info    0x0000000000016872      0xdc9 ./Peripheral/src/ch32v20x_rtc.o
 .debug_info    0x000000000001763b     0x2ab3 ./Peripheral/src/ch32v20x_tim.o
 .debug_info    0x000000000001a0ee     0x1335 ./Peripheral/src/ch32v20x_usart.o
 .debug_info    0x000000000001b423      0xf22 ./Debug/debug.o

.debug_abbrev   0x0000000000000000     0x4c42
 .debug_abbrev  0x0000000000000000      0x2a4 ./User/Calculation.o
 .debug_abbrev  0x00000000000002a4      0x22c ./User/ch32v20x_it.o
 .debug_abbrev  0x00000000000004d0      0x3f6 ./User/main.o
 .debug_abbrev  0x00000000000008c6      0x48d ./User/param_table.o
 .debug_abbrev  0x0000000000000d53      0x2ba ./User/rtc.o
 .debug_abbrev  0x000000000000100d      0x48c ./User/strip_detect.o
 .debug_abbrev  0x0000000000001499      0x2b0 ./User/system_ch32v20x.o
 .debug_abbrev  0x0000000000001749      0x255 ./User/system_state.o
 .debug_abbrev  0x000000000000199e      0x4e2 ./User/uart_protocol.o
 .debug_abbrev  0x0000000000001e80      0x32f ./User/uart_protocol_stubs.o
 .debug_abbrev  0x00000000000021af       0x12 ./Startup/startup_ch32v20x_D6.o
 .debug_abbrev  0x00000000000021c1      0x3a9 ./Peripheral/src/ch32v20x_adc.o
 .debug_abbrev  0x000000000000256a      0x2cc ./Peripheral/src/ch32v20x_bkp.o
 .debug_abbrev  0x0000000000002836      0x302 ./Peripheral/src/ch32v20x_dma.o
 .debug_abbrev  0x0000000000002b38      0x468 ./Peripheral/src/ch32v20x_flash.o
 .debug_abbrev  0x0000000000002fa0      0x34b ./Peripheral/src/ch32v20x_gpio.o
 .debug_abbrev  0x00000000000032eb      0x2ea ./Peripheral/src/ch32v20x_misc.o
 .debug_abbrev  0x00000000000035d5      0x252 ./Peripheral/src/ch32v20x_opa.o
 .debug_abbrev  0x0000000000003827      0x399 ./Peripheral/src/ch32v20x_pwr.o
 .debug_abbrev  0x0000000000003bc0      0x36b ./Peripheral/src/ch32v20x_rcc.o
 .debug_abbrev  0x0000000000003f2b      0x30b ./Peripheral/src/ch32v20x_rtc.o
 .debug_abbrev  0x0000000000004236      0x418 ./Peripheral/src/ch32v20x_tim.o
 .debug_abbrev  0x000000000000464e      0x312 ./Peripheral/src/ch32v20x_usart.o
 .debug_abbrev  0x0000000000004960      0x2e2 ./Debug/debug.o

.debug_loc      0x0000000000000000     0x8112
 .debug_loc     0x0000000000000000       0xf9 ./User/Calculation.o
 .debug_loc     0x00000000000000f9      0x46f ./User/main.o
 .debug_loc     0x0000000000000568     0x100f ./User/param_table.o
 .debug_loc     0x0000000000001577      0x406 ./User/rtc.o
 .debug_loc     0x000000000000197d      0x153 ./User/strip_detect.o
 .debug_loc     0x0000000000001ad0       0xac ./User/system_ch32v20x.o
 .debug_loc     0x0000000000001b7c       0x2c ./User/system_state.o
 .debug_loc     0x0000000000001ba8     0x12a5 ./User/uart_protocol.o
 .debug_loc     0x0000000000002e4d       0xdd ./User/uart_protocol_stubs.o
 .debug_loc     0x0000000000002f2a      0xab6 ./Peripheral/src/ch32v20x_adc.o
 .debug_loc     0x00000000000039e0       0xd8 ./Peripheral/src/ch32v20x_bkp.o
 .debug_loc     0x0000000000003ab8      0x155 ./Peripheral/src/ch32v20x_dma.o
 .debug_loc     0x0000000000003c0d      0xc9b ./Peripheral/src/ch32v20x_flash.o
 .debug_loc     0x00000000000048a8      0x8a1 ./Peripheral/src/ch32v20x_gpio.o
 .debug_loc     0x0000000000005149       0x2d ./Peripheral/src/ch32v20x_misc.o
 .debug_loc     0x0000000000005176       0x56 ./Peripheral/src/ch32v20x_opa.o
 .debug_loc     0x00000000000051cc      0x29e ./Peripheral/src/ch32v20x_pwr.o
 .debug_loc     0x000000000000546a      0x797 ./Peripheral/src/ch32v20x_rcc.o
 .debug_loc     0x0000000000005c01      0x377 ./Peripheral/src/ch32v20x_rtc.o
 .debug_loc     0x0000000000005f78     0x190e ./Peripheral/src/ch32v20x_tim.o
 .debug_loc     0x0000000000007886      0x715 ./Peripheral/src/ch32v20x_usart.o
 .debug_loc     0x0000000000007f9b      0x177 ./Debug/debug.o

.debug_aranges  0x0000000000000000      0xe78
 .debug_aranges
                0x0000000000000000       0x20 ./User/Calculation.o
 .debug_aranges
                0x0000000000000020       0x28 ./User/ch32v20x_it.o
 .debug_aranges
                0x0000000000000048       0x70 ./User/main.o
 .debug_aranges
                0x00000000000000b8       0xd8 ./User/param_table.o
 .debug_aranges
                0x0000000000000190       0x48 ./User/rtc.o
 .debug_aranges
                0x00000000000001d8       0x68 ./User/strip_detect.o
 .debug_aranges
                0x0000000000000240       0x28 ./User/system_ch32v20x.o
 .debug_aranges
                0x0000000000000268       0x28 ./User/system_state.o
 .debug_aranges
                0x0000000000000290       0xd8 ./User/uart_protocol.o
 .debug_aranges
                0x0000000000000368       0x50 ./User/uart_protocol_stubs.o
 .debug_aranges
                0x00000000000003b8       0x30 ./Startup/startup_ch32v20x_D6.o
 .debug_aranges
                0x00000000000003e8      0x150 ./Peripheral/src/ch32v20x_adc.o
 .debug_aranges
                0x0000000000000538       0x78 ./Peripheral/src/ch32v20x_bkp.o
 .debug_aranges
                0x00000000000005b0       0x60 ./Peripheral/src/ch32v20x_dma.o
 .debug_aranges
                0x0000000000000610      0x110 ./Peripheral/src/ch32v20x_flash.o
 .debug_aranges
                0x0000000000000720       0xb0 ./Peripheral/src/ch32v20x_gpio.o
 .debug_aranges
                0x00000000000007d0       0x28 ./Peripheral/src/ch32v20x_misc.o
 .debug_aranges
                0x00000000000007f8       0x38 ./Peripheral/src/ch32v20x_opa.o
 .debug_aranges
                0x0000000000000830       0x88 ./Peripheral/src/ch32v20x_pwr.o
 .debug_aranges
                0x00000000000008b8      0x130 ./Peripheral/src/ch32v20x_rcc.o
 .debug_aranges
                0x00000000000009e8       0x80 ./Peripheral/src/ch32v20x_rtc.o
 .debug_aranges
                0x0000000000000a68      0x2d0 ./Peripheral/src/ch32v20x_tim.o
 .debug_aranges
                0x0000000000000d38       0xf0 ./Peripheral/src/ch32v20x_usart.o
 .debug_aranges
                0x0000000000000e28       0x50 ./Debug/debug.o

.debug_ranges   0x0000000000000000     0x1280
 .debug_ranges  0x0000000000000000       0x10 ./User/Calculation.o
 .debug_ranges  0x0000000000000010       0x18 ./User/ch32v20x_it.o
 .debug_ranges  0x0000000000000028       0xc8 ./User/main.o
 .debug_ranges  0x00000000000000f0      0x468 ./User/param_table.o
 .debug_ranges  0x0000000000000558       0x38 ./User/rtc.o
 .debug_ranges  0x0000000000000590       0x90 ./User/strip_detect.o
 .debug_ranges  0x0000000000000620       0x18 ./User/system_ch32v20x.o
 .debug_ranges  0x0000000000000638       0x18 ./User/system_state.o
 .debug_ranges  0x0000000000000650      0x188 ./User/uart_protocol.o
 .debug_ranges  0x00000000000007d8       0x60 ./User/uart_protocol_stubs.o
 .debug_ranges  0x0000000000000838       0x28 ./Startup/startup_ch32v20x_D6.o
 .debug_ranges  0x0000000000000860      0x140 ./Peripheral/src/ch32v20x_adc.o
 .debug_ranges  0x00000000000009a0       0x68 ./Peripheral/src/ch32v20x_bkp.o
 .debug_ranges  0x0000000000000a08       0x50 ./Peripheral/src/ch32v20x_dma.o
 .debug_ranges  0x0000000000000a58      0x100 ./Peripheral/src/ch32v20x_flash.o
 .debug_ranges  0x0000000000000b58       0xa0 ./Peripheral/src/ch32v20x_gpio.o
 .debug_ranges  0x0000000000000bf8       0x48 ./Peripheral/src/ch32v20x_misc.o
 .debug_ranges  0x0000000000000c40       0x28 ./Peripheral/src/ch32v20x_opa.o
 .debug_ranges  0x0000000000000c68       0x78 ./Peripheral/src/ch32v20x_pwr.o
 .debug_ranges  0x0000000000000ce0      0x120 ./Peripheral/src/ch32v20x_rcc.o
 .debug_ranges  0x0000000000000e00       0x70 ./Peripheral/src/ch32v20x_rtc.o
 .debug_ranges  0x0000000000000e70      0x2f0 ./Peripheral/src/ch32v20x_tim.o
 .debug_ranges  0x0000000000001160       0xe0 ./Peripheral/src/ch32v20x_usart.o
 .debug_ranges  0x0000000000001240       0x40 ./Debug/debug.o

.debug_line     0x0000000000000000    0x16ea8
 .debug_line    0x0000000000000000      0x5bd ./User/Calculation.o
 .debug_line    0x00000000000005bd      0x37e ./User/ch32v20x_it.o
 .debug_line    0x000000000000093b     0x1dbb ./User/main.o
 .debug_line    0x00000000000026f6     0x1b54 ./User/param_table.o
 .debug_line    0x000000000000424a      0xa4c ./User/rtc.o
 .debug_line    0x0000000000004c96      0xda0 ./User/strip_detect.o
 .debug_line    0x0000000000005a36      0x69b ./User/system_ch32v20x.o
 .debug_line    0x00000000000060d1      0x3d5 ./User/system_state.o
 .debug_line    0x00000000000064a6     0x1b68 ./User/uart_protocol.o
 .debug_line    0x000000000000800e      0x7d9 ./User/uart_protocol_stubs.o
 .debug_line    0x00000000000087e7      0x121 ./Startup/startup_ch32v20x_D6.o
 .debug_line    0x0000000000008908     0x1bb8 ./Peripheral/src/ch32v20x_adc.o
 .debug_line    0x000000000000a4c0      0x755 ./Peripheral/src/ch32v20x_bkp.o
 .debug_line    0x000000000000ac15      0x8a2 ./Peripheral/src/ch32v20x_dma.o
 .debug_line    0x000000000000b4b7     0x2620 ./Peripheral/src/ch32v20x_flash.o
 .debug_line    0x000000000000dad7     0x16f6 ./Peripheral/src/ch32v20x_gpio.o
 .debug_line    0x000000000000f1cd      0x4c8 ./Peripheral/src/ch32v20x_misc.o
 .debug_line    0x000000000000f695      0x549 ./Peripheral/src/ch32v20x_opa.o
 .debug_line    0x000000000000fbde      0xc56 ./Peripheral/src/ch32v20x_pwr.o
 .debug_line    0x0000000000010834     0x127e ./Peripheral/src/ch32v20x_rcc.o
 .debug_line    0x0000000000011ab2      0xa90 ./Peripheral/src/ch32v20x_rtc.o
 .debug_line    0x0000000000012542     0x31db ./Peripheral/src/ch32v20x_tim.o
 .debug_line    0x000000000001571d      0xf61 ./Peripheral/src/ch32v20x_usart.o
 .debug_line    0x000000000001667e      0x82a ./Debug/debug.o

.debug_str      0x0000000000000000     0x481a
 .debug_str     0x0000000000000000      0x65d ./User/Calculation.o
                                        0x6da (size before relaxing)
 .debug_str     0x000000000000065d       0xed ./User/ch32v20x_it.o
                                        0x6a5 (size before relaxing)
 .debug_str     0x000000000000074a     0x10cc ./User/main.o
                                       0x182d (size before relaxing)
 .debug_str     0x0000000000001816      0x30a ./User/param_table.o
                                        0xa95 (size before relaxing)
 .debug_str     0x0000000000001b20      0x1b0 ./User/rtc.o
                                        0x829 (size before relaxing)
 .debug_str     0x0000000000001cd0      0x3b2 ./User/strip_detect.o
                                        0xf82 (size before relaxing)
 .debug_str     0x0000000000002082       0xf2 ./User/system_ch32v20x.o
                                        0x6bf (size before relaxing)
 .debug_str     0x0000000000002174       0x33 ./User/system_state.o
                                        0x6a1 (size before relaxing)
 .debug_str     0x00000000000021a7      0x3cb ./User/uart_protocol.o
                                        0xd0b (size before relaxing)
 .debug_str     0x0000000000002572       0x33 ./User/uart_protocol_stubs.o
                                        0x8ff (size before relaxing)
 .debug_str     0x00000000000025a5       0x2d ./Startup/startup_ch32v20x_D6.o
                                         0x76 (size before relaxing)
 .debug_str     0x00000000000025d2      0x40e ./Peripheral/src/ch32v20x_adc.o
                                        0xc37 (size before relaxing)
 .debug_str     0x00000000000029e0      0x376 ./Peripheral/src/ch32v20x_bkp.o
                                        0xac5 (size before relaxing)
 .debug_str     0x0000000000002d56       0xcb ./Peripheral/src/ch32v20x_dma.o
                                        0x813 (size before relaxing)
 .debug_str     0x0000000000002e21      0x497 ./Peripheral/src/ch32v20x_flash.o
                                        0xb3f (size before relaxing)
 .debug_str     0x00000000000032b8      0x236 ./Peripheral/src/ch32v20x_gpio.o
                                        0x9dc (size before relaxing)
 .debug_str     0x00000000000034ee       0x9c ./Peripheral/src/ch32v20x_misc.o
                                        0xa9e (size before relaxing)
 .debug_str     0x000000000000358a       0x56 ./Peripheral/src/ch32v20x_opa.o
                                        0x6db (size before relaxing)
 .debug_str     0x00000000000035e0      0x1a0 ./Peripheral/src/ch32v20x_pwr.o
                                        0x87c (size before relaxing)
 .debug_str     0x0000000000003780      0x34c ./Peripheral/src/ch32v20x_rcc.o
                                        0xaee (size before relaxing)
 .debug_str     0x0000000000003acc      0x14b ./Peripheral/src/ch32v20x_rtc.o
                                        0x826 (size before relaxing)
 .debug_str     0x0000000000003c17      0x8bb ./Peripheral/src/ch32v20x_tim.o
                                       0x12d9 (size before relaxing)
 .debug_str     0x00000000000044d2      0x2dd ./Peripheral/src/ch32v20x_usart.o
                                        0xb0a (size before relaxing)
 .debug_str     0x00000000000047af       0x6b ./Debug/debug.o
                                        0x931 (size before relaxing)

.comment        0x0000000000000000       0x32
 .comment       0x0000000000000000       0x32 ./User/Calculation.o
                                         0x33 (size before relaxing)
 .comment       0x0000000000000032       0x33 ./User/ch32v20x_it.o
 .comment       0x0000000000000032       0x33 ./User/main.o
 .comment       0x0000000000000032       0x33 ./User/param_table.o
 .comment       0x0000000000000032       0x33 ./User/rtc.o
 .comment       0x0000000000000032       0x33 ./User/strip_detect.o
 .comment       0x0000000000000032       0x33 ./User/system_ch32v20x.o
 .comment       0x0000000000000032       0x33 ./User/system_state.o
 .comment       0x0000000000000032       0x33 ./User/uart_protocol.o
 .comment       0x0000000000000032       0x33 ./User/uart_protocol_stubs.o
 .comment       0x0000000000000032       0x33 ./Peripheral/src/ch32v20x_adc.o
 .comment       0x0000000000000032       0x33 ./Peripheral/src/ch32v20x_bkp.o
 .comment       0x0000000000000032       0x33 ./Peripheral/src/ch32v20x_dma.o
 .comment       0x0000000000000032       0x33 ./Peripheral/src/ch32v20x_flash.o
 .comment       0x0000000000000032       0x33 ./Peripheral/src/ch32v20x_gpio.o
 .comment       0x0000000000000032       0x33 ./Peripheral/src/ch32v20x_misc.o
 .comment       0x0000000000000032       0x33 ./Peripheral/src/ch32v20x_opa.o
 .comment       0x0000000000000032       0x33 ./Peripheral/src/ch32v20x_pwr.o
 .comment       0x0000000000000032       0x33 ./Peripheral/src/ch32v20x_rcc.o
 .comment       0x0000000000000032       0x33 ./Peripheral/src/ch32v20x_rtc.o
 .comment       0x0000000000000032       0x33 ./Peripheral/src/ch32v20x_tim.o
 .comment       0x0000000000000032       0x33 ./Peripheral/src/ch32v20x_usart.o
 .comment       0x0000000000000032       0x33 ./Debug/debug.o
 .comment       0x0000000000000032       0x33 /Applications/MounRiver Studio 2.app/Contents/Resources/app/resources/darwin/components/WCH/Toolchain/RISC-V Embedded GCC/bin/../lib/gcc/riscv-none-embed/8.2.0/rv32imacxw/ilp32/libgcc.a(addsf3.o)
 .comment       0x0000000000000032       0x33 /Applications/MounRiver Studio 2.app/Contents/Resources/app/resources/darwin/components/WCH/Toolchain/RISC-V Embedded GCC/bin/../lib/gcc/riscv-none-embed/8.2.0/rv32imacxw/ilp32/libgcc.a(divsf3.o)
 .comment       0x0000000000000032       0x33 /Applications/MounRiver Studio 2.app/Contents/Resources/app/resources/darwin/components/WCH/Toolchain/RISC-V Embedded GCC/bin/../lib/gcc/riscv-none-embed/8.2.0/rv32imacxw/ilp32/libgcc.a(gesf2.o)
 .comment       0x0000000000000032       0x33 /Applications/MounRiver Studio 2.app/Contents/Resources/app/resources/darwin/components/WCH/Toolchain/RISC-V Embedded GCC/bin/../lib/gcc/riscv-none-embed/8.2.0/rv32imacxw/ilp32/libgcc.a(lesf2.o)
 .comment       0x0000000000000032       0x33 /Applications/MounRiver Studio 2.app/Contents/Resources/app/resources/darwin/components/WCH/Toolchain/RISC-V Embedded GCC/bin/../lib/gcc/riscv-none-embed/8.2.0/rv32imacxw/ilp32/libgcc.a(mulsf3.o)
 .comment       0x0000000000000032       0x33 /Applications/MounRiver Studio 2.app/Contents/Resources/app/resources/darwin/components/WCH/Toolchain/RISC-V Embedded GCC/bin/../lib/gcc/riscv-none-embed/8.2.0/rv32imacxw/ilp32/libgcc.a(subsf3.o)
 .comment       0x0000000000000032       0x33 /Applications/MounRiver Studio 2.app/Contents/Resources/app/resources/darwin/components/WCH/Toolchain/RISC-V Embedded GCC/bin/../lib/gcc/riscv-none-embed/8.2.0/rv32imacxw/ilp32/libgcc.a(fixunssfsi.o)
 .comment       0x0000000000000032       0x33 /Applications/MounRiver Studio 2.app/Contents/Resources/app/resources/darwin/components/WCH/Toolchain/RISC-V Embedded GCC/bin/../lib/gcc/riscv-none-embed/8.2.0/rv32imacxw/ilp32/libgcc.a(floatunsisf.o)
 .comment       0x0000000000000032       0x33 /Applications/MounRiver Studio 2.app/Contents/Resources/app/resources/darwin/components/WCH/Toolchain/RISC-V Embedded GCC/bin/../lib/gcc/riscv-none-embed/8.2.0/rv32imacxw/ilp32/libgcc.a(extendsfdf2.o)
 .comment       0x0000000000000032       0x33 /Applications/MounRiver Studio 2.app/Contents/Resources/app/resources/darwin/components/WCH/Toolchain/RISC-V Embedded GCC/bin/../lib/gcc/riscv-none-embed/8.2.0/rv32imacxw/ilp32/libgcc.a(_clzsi2.o)
 .comment       0x0000000000000032       0x33 /Applications/MounRiver Studio 2.app/Contents/Resources/app/resources/darwin/components/WCH/Toolchain/RISC-V Embedded GCC/bin/../lib/gcc/riscv-none-embed/8.2.0/rv32imacxw/ilp32/libgcc.a(_clz.o)

.debug_frame    0x0000000000000000     0x2ba0
 .debug_frame   0x0000000000000000       0x44 ./User/Calculation.o
 .debug_frame   0x0000000000000044       0x30 ./User/ch32v20x_it.o
 .debug_frame   0x0000000000000074      0x1c8 ./User/main.o
 .debug_frame   0x000000000000023c      0x254 ./User/param_table.o
 .debug_frame   0x0000000000000490      0x100 ./User/rtc.o
 .debug_frame   0x0000000000000590      0x134 ./User/strip_detect.o
 .debug_frame   0x00000000000006c4       0x30 ./User/system_ch32v20x.o
 .debug_frame   0x00000000000006f4       0x40 ./User/system_state.o
 .debug_frame   0x0000000000000734      0x338 ./User/uart_protocol.o
 .debug_frame   0x0000000000000a6c       0xc8 ./User/uart_protocol_stubs.o
 .debug_frame   0x0000000000000b34      0x2b4 ./Peripheral/src/ch32v20x_adc.o
 .debug_frame   0x0000000000000de8       0xec ./Peripheral/src/ch32v20x_bkp.o
 .debug_frame   0x0000000000000ed4       0xcc ./Peripheral/src/ch32v20x_dma.o
 .debug_frame   0x0000000000000fa0      0x380 ./Peripheral/src/ch32v20x_flash.o
 .debug_frame   0x0000000000001320      0x170 ./Peripheral/src/ch32v20x_gpio.o
 .debug_frame   0x0000000000001490       0x30 ./Peripheral/src/ch32v20x_misc.o
 .debug_frame   0x00000000000014c0       0x50 ./Peripheral/src/ch32v20x_opa.o
 .debug_frame   0x0000000000001510       0xfc ./Peripheral/src/ch32v20x_pwr.o
 .debug_frame   0x000000000000160c      0x254 ./Peripheral/src/ch32v20x_rcc.o
 .debug_frame   0x0000000000001860      0x12c ./Peripheral/src/ch32v20x_rtc.o
 .debug_frame   0x000000000000198c      0x614 ./Peripheral/src/ch32v20x_tim.o
 .debug_frame   0x0000000000001fa0      0x1e4 ./Peripheral/src/ch32v20x_usart.o
 .debug_frame   0x0000000000002184       0xb8 ./Debug/debug.o
 .debug_frame   0x000000000000223c       0x30 /Applications/MounRiver Studio 2.app/Contents/Resources/app/resources/darwin/components/WCH/Toolchain/RISC-V Embedded GCC/bin/../lib/gcc/riscv-none-embed/8.2.0/../../../../riscv-none-embed/lib/rv32imacxw/ilp32/libg_nano.a(lib_a-malloc.o)
 .debug_frame   0x000000000000226c       0x20 /Applications/MounRiver Studio 2.app/Contents/Resources/app/resources/darwin/components/WCH/Toolchain/RISC-V Embedded GCC/bin/../lib/gcc/riscv-none-embed/8.2.0/../../../../riscv-none-embed/lib/rv32imacxw/ilp32/libg_nano.a(lib_a-memcpy.o)
 .debug_frame   0x000000000000228c       0x40 /Applications/MounRiver Studio 2.app/Contents/Resources/app/resources/darwin/components/WCH/Toolchain/RISC-V Embedded GCC/bin/../lib/gcc/riscv-none-embed/8.2.0/../../../../riscv-none-embed/lib/rv32imacxw/ilp32/libg_nano.a(lib_a-nano-freer.o)
 .debug_frame   0x00000000000022cc       0x40 /Applications/MounRiver Studio 2.app/Contents/Resources/app/resources/darwin/components/WCH/Toolchain/RISC-V Embedded GCC/bin/../lib/gcc/riscv-none-embed/8.2.0/../../../../riscv-none-embed/lib/rv32imacxw/ilp32/libg_nano.a(lib_a-nano-mallocr.o)