Archive member included to satisfy reference by file (symbol)

/Applications/MounRiver Studio 2.app/Contents/Resources/app/resources/darwin/components/WCH/Toolchain/RISC-V Embedded GCC/bin/../lib/gcc/riscv-none-embed/8.2.0/rv32imacxw/ilp32/libgcc.a(gesf2.o)
                              ./User/strip_detect.o (__gtsf2)
/Applications/MounRiver Studio 2.app/Contents/Resources/app/resources/darwin/components/WCH/Toolchain/RISC-V Embedded GCC/bin/../lib/gcc/riscv-none-embed/8.2.0/rv32imacxw/ilp32/libgcc.a(mulsf3.o)
                              ./User/strip_detect.o (__mulsf3)
/Applications/MounRiver Studio 2.app/Contents/Resources/app/resources/darwin/components/WCH/Toolchain/RISC-V Embedded GCC/bin/../lib/gcc/riscv-none-embed/8.2.0/rv32imacxw/ilp32/libgcc.a(floatunsisf.o)
                              ./User/strip_detect.o (__floatunsisf)
/Applications/MounRiver Studio 2.app/Contents/Resources/app/resources/darwin/components/WCH/Toolchain/RISC-V Embedded GCC/bin/../lib/gcc/riscv-none-embed/8.2.0/rv32imacxw/ilp32/libgcc.a(extendsfdf2.o)
                              ./User/strip_detect.o (__extendsfdf2)
/Applications/MounRiver Studio 2.app/Contents/Resources/app/resources/darwin/components/WCH/Toolchain/RISC-V Embedded GCC/bin/../lib/gcc/riscv-none-embed/8.2.0/rv32imacxw/ilp32/libgcc.a(save-restore.o)
                              ./User/rtc.o (__riscv_save_9)
/Applications/MounRiver Studio 2.app/Contents/Resources/app/resources/darwin/components/WCH/Toolchain/RISC-V Embedded GCC/bin/../lib/gcc/riscv-none-embed/8.2.0/rv32imacxw/ilp32/libgcc.a(_clzsi2.o)
                              /Applications/MounRiver Studio 2.app/Contents/Resources/app/resources/darwin/components/WCH/Toolchain/RISC-V Embedded GCC/bin/../lib/gcc/riscv-none-embed/8.2.0/rv32imacxw/ilp32/libgcc.a(mulsf3.o) (__clzsi2)
/Applications/MounRiver Studio 2.app/Contents/Resources/app/resources/darwin/components/WCH/Toolchain/RISC-V Embedded GCC/bin/../lib/gcc/riscv-none-embed/8.2.0/rv32imacxw/ilp32/libgcc.a(_clz.o)
                              /Applications/MounRiver Studio 2.app/Contents/Resources/app/resources/darwin/components/WCH/Toolchain/RISC-V Embedded GCC/bin/../lib/gcc/riscv-none-embed/8.2.0/rv32imacxw/ilp32/libgcc.a(_clzsi2.o) (__clz_tab)
/Applications/MounRiver Studio 2.app/Contents/Resources/app/resources/darwin/components/WCH/Toolchain/RISC-V Embedded GCC/bin/../lib/gcc/riscv-none-embed/8.2.0/../../../../riscv-none-embed/lib/rv32imacxw/ilp32/libg_nano.a(lib_a-memcpy.o)
                              ./User/main.o (memcpy)
/Applications/MounRiver Studio 2.app/Contents/Resources/app/resources/darwin/components/WCH/Toolchain/RISC-V Embedded GCC/bin/../lib/gcc/riscv-none-embed/8.2.0/../../../../riscv-none-embed/lib/rv32imacxw/ilp32/libg_nano.a(lib_a-memset.o)
                              ./User/main.o (memset)
/Applications/MounRiver Studio 2.app/Contents/Resources/app/resources/darwin/components/WCH/Toolchain/RISC-V Embedded GCC/bin/../lib/gcc/riscv-none-embed/8.2.0/../../../../riscv-none-embed/lib/rv32imacxw/ilp32/libg_nano.a(lib_a-printf.o)
                              ./User/main.o (printf)
/Applications/MounRiver Studio 2.app/Contents/Resources/app/resources/darwin/components/WCH/Toolchain/RISC-V Embedded GCC/bin/../lib/gcc/riscv-none-embed/8.2.0/../../../../riscv-none-embed/lib/rv32imacxw/ilp32/libg_nano.a(lib_a-puts.o)
                              ./User/main.o (puts)
/Applications/MounRiver Studio 2.app/Contents/Resources/app/resources/darwin/components/WCH/Toolchain/RISC-V Embedded GCC/bin/../lib/gcc/riscv-none-embed/8.2.0/../../../../riscv-none-embed/lib/rv32imacxw/ilp32/libg_nano.a(lib_a-wbuf.o)
                              /Applications/MounRiver Studio 2.app/Contents/Resources/app/resources/darwin/components/WCH/Toolchain/RISC-V Embedded GCC/bin/../lib/gcc/riscv-none-embed/8.2.0/../../../../riscv-none-embed/lib/rv32imacxw/ilp32/libg_nano.a(lib_a-puts.o) (__swbuf_r)
/Applications/MounRiver Studio 2.app/Contents/Resources/app/resources/darwin/components/WCH/Toolchain/RISC-V Embedded GCC/bin/../lib/gcc/riscv-none-embed/8.2.0/../../../../riscv-none-embed/lib/rv32imacxw/ilp32/libg_nano.a(lib_a-wsetup.o)
                              /Applications/MounRiver Studio 2.app/Contents/Resources/app/resources/darwin/components/WCH/Toolchain/RISC-V Embedded GCC/bin/../lib/gcc/riscv-none-embed/8.2.0/../../../../riscv-none-embed/lib/rv32imacxw/ilp32/libg_nano.a(lib_a-puts.o) (__swsetup_r)
/Applications/MounRiver Studio 2.app/Contents/Resources/app/resources/darwin/components/WCH/Toolchain/RISC-V Embedded GCC/bin/../lib/gcc/riscv-none-embed/8.2.0/../../../../riscv-none-embed/lib/rv32imacxw/ilp32/libg_nano.a(lib_a-fflush.o)
                              /Applications/MounRiver Studio 2.app/Contents/Resources/app/resources/darwin/components/WCH/Toolchain/RISC-V Embedded GCC/bin/../lib/gcc/riscv-none-embed/8.2.0/../../../../riscv-none-embed/lib/rv32imacxw/ilp32/libg_nano.a(lib_a-wbuf.o) (_fflush_r)
[...]
Memory Configuration

Name             Origin             Length             Attributes
FLASH            0x0000000000000000 0x0000000000010000 xr
RAM              0x0000000020000000 0x0000000000005000 xrw
*default*        0x0000000000000000 0xffffffffffffffff

Linker script and memory map

LOAD ./User/ch32v20x_it.o
LOAD ./User/main.o
LOAD ./User/param_table.o
LOAD ./User/rtc.o
LOAD ./User/strip_detect.o
LOAD ./User/system_ch32v20x.o
LOAD ./User/uart_protocol.o
LOAD ./User/uart_protocol_stubs.o
LOAD ./Startup/startup_ch32v20x_D6.o
LOAD ./Peripheral/src/ch32v20x_adc.o
LOAD ./Peripheral/src/ch32v20x_bkp.o
LOAD ./Peripheral/src/ch32v20x_can.o
LOAD ./Peripheral/src/ch32v20x_crc.o
LOAD ./Peripheral/src/ch32v20x_dbgmcu.o
LOAD ./Peripheral/src/ch32v20x_dma.o
LOAD ./Peripheral/src/ch32v20x_exti.o
LOAD ./Peripheral/src/ch32v20x_flash.o
LOAD ./Peripheral/src/ch32v20x_gpio.o
LOAD ./Peripheral/src/ch32v20x_i2c.o
LOAD ./Peripheral/src/ch32v20x_iwdg.o
LOAD ./Peripheral/src/ch32v20x_misc.o
LOAD ./Peripheral/src/ch32v20x_opa.o
LOAD ./Peripheral/src/ch32v20x_pwr.o
LOAD ./Peripheral/src/ch32v20x_rcc.o
LOAD ./Peripheral/src/ch32v20x_rtc.o
LOAD ./Peripheral/src/ch32v20x_spi.o
LOAD ./Peripheral/src/ch32v20x_tim.o
LOAD ./Peripheral/src/ch32v20x_usart.o
LOAD ./Peripheral/src/ch32v20x_wwdg.o
LOAD ./Debug/debug.o
LOAD ./Core/core_riscv.o
LOAD /Applications/MounRiver Studio 2.app/Contents/Resources/app/resources/darwin/components/WCH/Toolchain/RISC-V Embedded GCC/bin/../lib/gcc/riscv-none-embed/8.2.0/rv32imacxw/ilp32/libgcc.a
LOAD /Applications/MounRiver Studio 2.app/Contents/Resources/app/resources/darwin/components/WCH/Toolchain/RISC-V Embedded GCC/bin/../lib/gcc/riscv-none-embed/8.2.0/../../../../riscv-none-embed/lib/rv32imacxw/ilp32/libg_nano.a
LOAD /Applications/MounRiver Studio 2.app/Contents/Resources/app/resources/darwin/components/WCH/Toolchain/RISC-V Embedded GCC/bin/../lib/gcc/riscv-none-embed/8.2.0/../../../../riscv-none-embed/lib/rv32imacxw/ilp32/libc_nano.a
LOAD /Applications/MounRiver Studio 2.app/Contents/Resources/app/resources/darwin/components/WCH/Toolchain/RISC-V Embedded GCC/bin/../lib/gcc/riscv-none-embed/8.2.0/rv32imacxw/ilp32/libgcc.a
START GROUP
LOAD /Applications/MounRiver Studio 2.app/Contents/Resources/app/resources/darwin/components/WCH/Toolchain/RISC-V Embedded GCC/bin/../lib/gcc/riscv-none-embed/8.2.0/rv32imacxw/ilp32/libgcc.a
LOAD /Applications/MounRiver Studio 2.app/Contents/Resources/app/resources/darwin/components/WCH/Toolchain/RISC-V Embedded GCC/bin/../lib/gcc/riscv-none-embed/8.2.0/../../../../riscv-none-embed/lib/rv32imacxw/ilp32/libc_nano.a
LOAD /Applications/MounRiver Studio 2.app/Contents/Resources/app/resources/darwin/components/WCH/Toolchain/RISC-V Embedded GCC/bin/../lib/gcc/riscv-none-embed/8.2.0/../../../../riscv-none-embed/lib/rv32imacxw/ilp32/libnosys.a
END GROUP
START GROUP
LOAD /Applications/MounRiver Studio 2.app/Contents/Resources/app/resources/darwin/components/WCH/Toolchain/RISC-V Embedded GCC/bin/../lib/gcc/riscv-none-embed/8.2.0/rv32imacxw/ilp32/libgcc.a
LOAD /Applications/MounRiver Studio 2.app/Contents/Resources/app/resources/darwin/components/WCH/Toolchain/RISC-V Embedded GCC/bin/../lib/gcc/riscv-none-embed/8.2.0/../../../../riscv-none-embed/lib/rv32imacxw/ilp32/libc_nano.a
LOAD /Applications/MounRiver Studio 2.app/Contents/Resources/app/resources/darwin/components/WCH/Toolchain/RISC-V Embedded GCC/bin/../lib/gcc/riscv-none-embed/8.2.0/../../../../riscv-none-embed/lib/rv32imacxw/ilp32/libnosys.a
END GROUP
                0x0000000000000800                __stack_size = 0x800
                [!provide]                        PROVIDE (_stack_size = __stack_size)

.init           0x0000000000000000        0x4
                0x0000000000000000                _sinit = .
                0x0000000000000000                . = ALIGN (0x4)
 *(SORT_NONE(.init))
 .init          0x0000000000000000        0x4 ./Startup/startup_ch32v20x_D6.o
                0x0000000000000000                _start
                0x0000000000000004                . = ALIGN (0x4)
                0x0000000000000004                _einit = .

.vector         0x0000000000000004       0xfc
 *(.vector)
 .vector        0x0000000000000004       0xfc ./Startup/startup_ch32v20x_D6.o
                0x0000000000000100                . = ALIGN (0x40)

.text           0x0000000000000100     0x42e4
                0x0000000000000100                . = ALIGN (0x4)
 *(.text)
 .text          0x0000000000000100       0x60 /Applications/MounRiver Studio 2.app/Contents/Resources/app/resources/darwin/components/WCH/Toolchain/RISC-V Embedded GCC/bin/../lib/gcc/riscv-none-embed/8.2.0/rv32imacxw/ilp32/libgcc.a(save-restore.o)
                0x0000000000000100                __riscv_save_12
                0x0000000000000108                __riscv_save_10
                0x0000000000000108                __riscv_save_8
                0x0000000000000108                __riscv_save_11
                0x0000000000000108                __riscv_save_9
                0x0000000000000116                __riscv_save_4
                0x0000000000000116                __riscv_save_7
                0x0000000000000116                __riscv_save_6
                0x0000000000000116                __riscv_save_5
                0x0000000000000130                __riscv_save_3
                0x0000000000000130                __riscv_save_2
                0x0000000000000130                __riscv_save_0
                0x0000000000000130                __riscv_save_1
                0x000000000000013c                __riscv_restore_12
                0x0000000000000140                __riscv_restore_8
                0x0000000000000140                __riscv_restore_10
                0x0000000000000140                __riscv_restore_9
                0x0000000000000140                __riscv_restore_11
                0x000000000000014a                __riscv_restore_5
                0x000000000000014a                __riscv_restore_7
                0x000000000000014a                __riscv_restore_4
                0x000000000000014a                __riscv_restore_6
                0x0000000000000154                __riscv_restore_3
                0x0000000000000154                __riscv_restore_1
                0x0000000000000154                __riscv_restore_0
                0x0000000000000154                __riscv_restore_2
 .text          0x0000000000000160       0xa8 /Applications/MounRiver Studio 2.app/Contents/Resources/app/resources/darwin/components/WCH/Toolchain/RISC-V Embedded GCC/bin/../lib/gcc/riscv-none-embed/8.2.0/../../../../riscv-none-embed/lib/rv32imacxw/ilp32/libg_nano.a(lib_a-memset.o)
                0x0000000000000160                memset
 *(.text.*)
 .text.NMI_Handler
                0x0000000000000208        0x2 ./User/ch32v20x_it.o
                0x0000000000000208                NMI_Handler
 .text.HardFault_Handler
                0x000000000000020a       0x10 ./User/ch32v20x_it.o
                0x000000000000020a                HardFault_Handler
 .text.USARTx_CFG
                0x000000000000021a       0xa4 ./User/main.o
                0x000000000000021a                USARTx_CFG
 .text.DMA_INIT
                0x00000000000002be       0x96 ./User/main.o
                0x00000000000002be                DMA_INIT
 .text.ring_buffer_push_huge
                0x0000000000000354       0x9a ./User/main.o
                0x0000000000000354                ring_buffer_push_huge
 .text.startup.main
                0x00000000000003ee      0x104 ./User/main.o
                0x00000000000003ee                main
 .text.USART2_IRQHandler
                0x00000000000004f2       0xce ./User/main.o
                0x00000000000004f2                USART2_IRQHandler
 .text.DMA1_Channel6_IRQHandler
                0x00000000000005c0       0x8e ./User/main.o
                0x00000000000005c0                DMA1_Channel6_IRQHandler
 .text.PARAM_GetByte
                0x000000000000064e       0x16 ./User/param_table.o
                0x000000000000064e                PARAM_GetByte
 .text.PARAM_SetByte
                0x0000000000000664       0x12 ./User/param_table.o
                0x0000000000000664                PARAM_SetByte
 .text.PARAM_GetWord
                0x0000000000000676       0x1c ./User/param_table.o
                0x0000000000000676                PARAM_GetWord
 .text.PARAM_SetWord
                0x0000000000000692       0x16 ./User/param_table.o
                0x0000000000000692                PARAM_SetWord
 .text.PARAM_VerifyChecksum
                0x00000000000006a8       0x34 ./User/param_table.o
                0x00000000000006a8                PARAM_VerifyChecksum
 .text.PARAM_UpdateChecksum
                0x00000000000006dc       0x3e ./User/param_table.o
                0x00000000000006dc                PARAM_UpdateChecksum
 .text.PARAM_SaveToFlash
                0x000000000000071a       0x38 ./User/param_table.o
                0x000000000000071a                PARAM_SaveToFlash
 .text.PARAM_LoadFromFlash
                0x0000000000000752       0x26 ./User/param_table.o
                0x0000000000000752                PARAM_LoadFromFlash
 .text.PARAM_SetDefault
                0x0000000000000778       0xe4 ./User/param_table.o
                0x0000000000000778                PARAM_SetDefault
 .text.PARAM_Init
                0x000000000000085c       0x2e ./User/param_table.o
                0x000000000000085c                PARAM_Init
 .text.StripType_GetName
                0x000000000000088a       0x20 ./User/param_table.o
                0x000000000000088a                StripType_GetName
 .text.Unit_GetSymbol
                0x00000000000008aa       0x20 ./User/param_table.o
                0x00000000000008aa                Unit_GetSymbol
 .text.PARAM_GetDateTime
                0x00000000000008ca       0x42 ./User/param_table.o
                0x00000000000008ca                PARAM_GetDateTime
 .text.PARAM_SetDateTime
                0x000000000000090c       0x6a ./User/param_table.o
                0x000000000000090c                PARAM_SetDateTime
 .text.RTC_SetTime
                0x0000000000000976       0xca ./User/rtc.o
                0x0000000000000976                RTC_SetTime
 .text.RTC_GetTime
                0x0000000000000a40       0xa6 ./User/rtc.o
                0x0000000000000a40                RTC_GetTime
 .text.RTC_SyncWithParam
                0x0000000000000ae6       0x4a ./User/rtc.o
                0x0000000000000ae6                RTC_SyncWithParam
 .text.RTC_Init
                0x0000000000000b30       0x5e ./User/rtc.o
                0x0000000000000b30                RTC_Init
 .text.RTC_UpdateParam
                0x0000000000000b8e       0x60 ./User/rtc.o
                0x0000000000000b8e                RTC_UpdateParam
 .text.RTC_Config
                0x0000000000000bee       0x76 ./User/rtc.o
                0x0000000000000bee                RTC_Config
 .text.STRIP_DETECT_DetermineStripType
                0x0000000000000c64       0x62 ./User/strip_detect.o
 .text.STRIP_DETECT_ReadADC.constprop.0
                0x0000000000000cc6       0x3a ./User/strip_detect.o
 .text.STRIP_DETECT_Init
                0x0000000000000d00       0xf8 ./User/strip_detect.o
                0x0000000000000d00                STRIP_DETECT_Init
 .text.STRIP_DETECT_Process
                0x0000000000000df8      0x100 ./User/strip_detect.o
                0x0000000000000df8                STRIP_DETECT_Process
 .text.STRIP_DETECT_HandleInsertedEvent
                0x0000000000000ef8       0x88 ./User/strip_detect.o
                0x0000000000000ef8                STRIP_DETECT_HandleInsertedEvent
 .text.STRIP_DETECT_SetPinStatus
                0x0000000000000f80        0xe ./User/strip_detect.o
                0x0000000000000f80                STRIP_DETECT_SetPinStatus
 .text.SystemInit
                0x0000000000000f8e       0x8e ./User/system_ch32v20x.o
                0x0000000000000f8e                SystemInit
 .text.UART_Protocol_Init
                0x000000000000101c       0x44 ./User/uart_protocol.o
                0x000000000000101c                UART_Protocol_Init
 .text.UART_CalculateChecksum
                0x0000000000001060       0x22 ./User/uart_protocol.o
                0x0000000000001060                UART_CalculateChecksum
 .text.UART_SendPacket.part.1
                0x0000000000001082       0x8a ./User/uart_protocol.o
 .text.UART_VerifyChecksum
                0x000000000000110c       0x2c ./User/uart_protocol.o
                0x000000000000110c                UART_VerifyChecksum
 .text.UART_SendPacket
                0x0000000000001138       0x16 ./User/uart_protocol.o
                0x0000000000001138                UART_SendPacket
 .text.UART_SendSyncTimeAck
                0x000000000000114e       0x18 ./User/uart_protocol.o
                0x000000000000114e                UART_SendSyncTimeAck
 .text.UART_SendStatusAck
                0x0000000000001166       0x46 ./User/uart_protocol.o
                0x0000000000001166                UART_SendStatusAck
 .text.UART_SendParamAck
                0x00000000000011ac       0x18 ./User/uart_protocol.o
                0x00000000000011ac                UART_SendParamAck
 .text.UART_SendBloodNotify
                0x00000000000011c4       0x18 ./User/uart_protocol.o
                0x00000000000011c4                UART_SendBloodNotify
 .text.UART_SendResultAck
                0x00000000000011dc       0xb2 ./User/uart_protocol.o
                0x00000000000011dc                UART_SendResultAck
 .text.UART_SendRawDataAck
                0x000000000000128e      0x144 ./User/uart_protocol.o
                0x000000000000128e                UART_SendRawDataAck
 .text.UART_SendErrorAck
                0x00000000000013d2       0x1a ./User/uart_protocol.o
                0x00000000000013d2                UART_SendErrorAck
 .text.UART_ProcessSyncTime
                0x00000000000013ec       0xfe ./User/uart_protocol.o
                0x00000000000013ec                UART_ProcessSyncTime
 .text.UART_ProcessGetStatus
                0x00000000000014ea       0x34 ./User/uart_protocol.o
                0x00000000000014ea                UART_ProcessGetStatus
 .text.UART_ProcessSetParam
                0x000000000000151e       0x4c ./User/uart_protocol.o
                0x000000000000151e                UART_ProcessSetParam
 .text.UART_ProcessCheckBlood
                0x000000000000156a       0x50 ./User/uart_protocol.o
                0x000000000000156a                UART_ProcessCheckBlood
 .text.UART_ProcessGetResult
                0x00000000000015ba       0x6e ./User/uart_protocol.o
                0x00000000000015ba                UART_ProcessGetResult
 .text.UART_ProcessGetRawData
                0x0000000000001628       0x40 ./User/uart_protocol.o
                0x0000000000001628                UART_ProcessGetRawData
 .text.UART2_Receive_Byte_ISR
                0x0000000000001668       0xee ./User/uart_protocol.o
                0x0000000000001668                UART2_Receive_Byte_ISR
 .text.UART_ProcessStripInsertedCmd
                0x0000000000001756       0x82 ./User/uart_protocol.o
                0x0000000000001756                UART_ProcessStripInsertedCmd
 .text.UART_ProcessPacket
                0x00000000000017d8       0x96 ./User/uart_protocol.o
                0x00000000000017d8                UART_ProcessPacket
 .text.UART_Protocol_Process
                0x000000000000186e       0x44 ./User/uart_protocol.o
                0x000000000000186e                UART_Protocol_Process
 .text.UART_SendStripTypeAck
                0x00000000000018b2       0x3c ./User/uart_protocol.o
                0x00000000000018b2                UART_SendStripTypeAck
 .text.Get_Battery_Voltage
                0x00000000000018ee        0xe ./User/uart_protocol_stubs.o
                0x00000000000018ee                Get_Battery_Voltage
 .text.Get_Temperature
                0x00000000000018fc        0x6 ./User/uart_protocol_stubs.o
                0x00000000000018fc                Get_Temperature
 .text.Check_Strip_Status
                0x0000000000001902        0x4 ./User/uart_protocol_stubs.o
                0x0000000000001902                Check_Strip_Status
 .text.Check_Blood_Status
                0x0000000000001906       0x20 ./User/uart_protocol_stubs.o
                0x0000000000001906                Check_Blood_Status
 .text.Perform_Test
                0x0000000000001926        0x4 ./User/uart_protocol_stubs.o
                0x0000000000001926                Perform_Test
 .text.Get_Test_Data
                0x000000000000192a       0x78 ./User/uart_protocol_stubs.o
                0x000000000000192a                Get_Test_Data
 .text.Get_Raw_Test_Data
                0x00000000000019a2       0x8e ./User/uart_protocol_stubs.o
                0x00000000000019a2                Get_Raw_Test_Data
 .text.vector_handler
                0x0000000000001a30        0x2 ./Startup/startup_ch32v20x_D6.o
                0x0000000000001a30                USBWakeUp_IRQHandler
                0x0000000000001a30                TIM1_CC_IRQHandler
                0x0000000000001a30                SysTick_Handler
                0x0000000000001a30                PVD_IRQHandler
                0x0000000000001a30                EXTI3_IRQHandler
                0x0000000000001a30                USBFS_IRQHandler
                0x0000000000001a30                EXTI0_IRQHandler
                0x0000000000001a30                I2C2_EV_IRQHandler
                0x0000000000001a30                ADC1_2_IRQHandler
                0x0000000000001a30                Break_Point_Handler
                0x0000000000001a30                SPI1_IRQHandler
                0x0000000000001a30                TAMPER_IRQHandler
                0x0000000000001a30                Ecall_M_Mode_Handler
                0x0000000000001a30                DMA1_Channel4_IRQHandler
                0x0000000000001a30                USART3_IRQHandler
                0x0000000000001a30                RTC_IRQHandler
                0x0000000000001a30                DMA1_Channel7_IRQHandler
                0x0000000000001a30                CAN1_RX1_IRQHandler
                0x0000000000001a30                TIM4_IRQHandler
                0x0000000000001a30                I2C1_EV_IRQHandler
                0x0000000000001a30                UART4_IRQHandler
                0x0000000000001a30                TIM3_IRQHandler
                0x0000000000001a30                RCC_IRQHandler
                0x0000000000001a30                TIM1_TRG_COM_IRQHandler
                0x0000000000001a30                DMA1_Channel1_IRQHandler
                0x0000000000001a30                EXTI15_10_IRQHandler
                0x0000000000001a30                DMA1_Channel8_IRQHandler
                0x0000000000001a30                EXTI9_5_IRQHandler
                0x0000000000001a30                SPI2_IRQHandler
                0x0000000000001a30                DMA1_Channel5_IRQHandler
                0x0000000000001a30                EXTI4_IRQHandler
                0x0000000000001a30                USB_LP_CAN1_RX0_IRQHandler
                0x0000000000001a30                USB_HP_CAN1_TX_IRQHandler
                0x0000000000001a30                DMA1_Channel3_IRQHandler
                0x0000000000001a30                TIM1_UP_IRQHandler
                0x0000000000001a30                WWDG_IRQHandler
                0x0000000000001a30                Ecall_U_Mode_Handler
                0x0000000000001a30                TIM2_IRQHandler
                0x0000000000001a30                SW_Handler
                0x0000000000001a30                TIM1_BRK_IRQHandler
                0x0000000000001a30                EXTI1_IRQHandler
                0x0000000000001a30                RTCAlarm_IRQHandler
                0x0000000000001a30                I2C2_ER_IRQHandler
                0x0000000000001a30                DMA1_Channel2_IRQHandler
                0x0000000000001a30                CAN1_SCE_IRQHandler
                0x0000000000001a30                FLASH_IRQHandler
                0x0000000000001a30                USBFSWakeUp_IRQHandler
                0x0000000000001a30                USART1_IRQHandler
                0x0000000000001a30                I2C1_ER_IRQHandler
                0x0000000000001a30                EXTI2_IRQHandler
 .text.handle_reset
                0x0000000000001a32       0x86 ./Startup/startup_ch32v20x_D6.o
                0x0000000000001a32                handle_reset
 .text.ADC_DeInit
                0x0000000000001ab8       0x40 ./Peripheral/src/ch32v20x_adc.o
                0x0000000000001ab8                ADC_DeInit
 .text.ADC_Init
                0x0000000000001af8       0x56 ./Peripheral/src/ch32v20x_adc.o
                0x0000000000001af8                ADC_Init
 .text.ADC_Cmd  0x0000000000001b4e       0x10 ./Peripheral/src/ch32v20x_adc.o
                0x0000000000001b4e                ADC_Cmd
 .text.ADC_ResetCalibration
                0x0000000000001b5e        0xa ./Peripheral/src/ch32v20x_adc.o
                0x0000000000001b5e                ADC_ResetCalibration
 .text.ADC_GetResetCalibrationStatus
                0x0000000000001b68        0x8 ./Peripheral/src/ch32v20x_adc.o
                0x0000000000001b68                ADC_GetResetCalibrationStatus
 .text.ADC_StartCalibration
                0x0000000000001b70        0xa ./Peripheral/src/ch32v20x_adc.o
                0x0000000000001b70                ADC_StartCalibration
 .text.ADC_GetCalibrationStatus
                0x0000000000001b7a        0x8 ./Peripheral/src/ch32v20x_adc.o
                0x0000000000001b7a                ADC_GetCalibrationStatus
 .text.ADC_SoftwareStartConvCmd
                0x0000000000001b82       0x18 ./Peripheral/src/ch32v20x_adc.o
                0x0000000000001b82                ADC_SoftwareStartConvCmd
 .text.ADC_RegularChannelConfig
                0x0000000000001b9a       0xb8 ./Peripheral/src/ch32v20x_adc.o
                0x0000000000001b9a                ADC_RegularChannelConfig
 .text.ADC_GetConversionValue
                0x0000000000001c52        0x8 ./Peripheral/src/ch32v20x_adc.o
                0x0000000000001c52                ADC_GetConversionValue
 .text.ADC_GetFlagStatus
                0x0000000000001c5a        0xa ./Peripheral/src/ch32v20x_adc.o
                0x0000000000001c5a                ADC_GetFlagStatus
 .text.BKP_DeInit
                0x0000000000001c64       0x10 ./Peripheral/src/ch32v20x_bkp.o
                0x0000000000001c64                BKP_DeInit
 .text.BKP_WriteBackupRegister
                0x0000000000001c74       0x1c ./Peripheral/src/ch32v20x_bkp.o
                0x0000000000001c74                BKP_WriteBackupRegister
 .text.BKP_ReadBackupRegister
                0x0000000000001c90       0x1c ./Peripheral/src/ch32v20x_bkp.o
                0x0000000000001c90                BKP_ReadBackupRegister
 .text.DMA_DeInit
                0x0000000000001cac       0x9c ./Peripheral/src/ch32v20x_dma.o
                0x0000000000001cac                DMA_DeInit
 .text.DMA_Init
                0x0000000000001d48       0x38 ./Peripheral/src/ch32v20x_dma.o
                0x0000000000001d48                DMA_Init
 .text.DMA_Cmd  0x0000000000001d80       0x14 ./Peripheral/src/ch32v20x_dma.o
                0x0000000000001d80                DMA_Cmd
 .text.DMA_ITConfig
                0x0000000000001d94       0x12 ./Peripheral/src/ch32v20x_dma.o
                0x0000000000001d94                DMA_ITConfig
 .text.DMA_SetCurrDataCounter
                0x0000000000001da6        0x4 ./Peripheral/src/ch32v20x_dma.o
                0x0000000000001da6                DMA_SetCurrDataCounter
 .text.DMA_ClearITPendingBit
                0x0000000000001daa        0x8 ./Peripheral/src/ch32v20x_dma.o
                0x0000000000001daa                DMA_ClearITPendingBit
 .text.FLASH_Unlock
                0x0000000000001db2       0x1a ./Peripheral/src/ch32v20x_flash.o
                0x0000000000001db2                FLASH_Unlock
 .text.FLASH_Lock
                0x0000000000001dcc        0xe ./Peripheral/src/ch32v20x_flash.o
                0x0000000000001dcc                FLASH_Lock
 .text.FLASH_GetBank1Status
                0x0000000000001dda       0x18 ./Peripheral/src/ch32v20x_flash.o
                0x0000000000001dda                FLASH_GetBank1Status
 .text.FLASH_WaitForLastOperation
                0x0000000000001df2       0x20 ./Peripheral/src/ch32v20x_flash.o
                0x0000000000001df2                FLASH_WaitForLastOperation
 .text.FLASH_ErasePage
                0x0000000000001e12       0x38 ./Peripheral/src/ch32v20x_flash.o
                0x0000000000001e12                FLASH_ErasePage
 .text.FLASH_ProgramHalfWord
                0x0000000000001e4a       0x34 ./Peripheral/src/ch32v20x_flash.o
                0x0000000000001e4a                FLASH_ProgramHalfWord
 .text.GPIO_Init
                0x0000000000001e7e       0xf2 ./Peripheral/src/ch32v20x_gpio.o
                0x0000000000001e7e                GPIO_Init
 .text.GPIO_SetBits
                0x0000000000001f70       0x14 ./Peripheral/src/ch32v20x_gpio.o
                0x0000000000001f70                GPIO_SetBits
 .text.GPIO_ResetBits
                0x0000000000001f84       0x14 ./Peripheral/src/ch32v20x_gpio.o
                0x0000000000001f84                GPIO_ResetBits
 .text.NVIC_PriorityGroupConfig
                0x0000000000001f98        0x6 ./Peripheral/src/ch32v20x_misc.o
                0x0000000000001f98                NVIC_PriorityGroupConfig
 .text.NVIC_Init
                0x0000000000001f9e       0x54 ./Peripheral/src/ch32v20x_misc.o
                0x0000000000001f9e                NVIC_Init
 .text.PWR_BackupAccessCmd
                0x0000000000001ff2       0x16 ./Peripheral/src/ch32v20x_pwr.o
                0x0000000000001ff2                PWR_BackupAccessCmd
 .text.RCC_ADCCLKConfig
                0x0000000000002008       0x12 ./Peripheral/src/ch32v20x_rcc.o
                0x0000000000002008                RCC_ADCCLKConfig
 .text.RCC_LSICmd
                0x000000000000201a       0x14 ./Peripheral/src/ch32v20x_rcc.o
                0x000000000000201a                RCC_LSICmd
 .text.RCC_RTCCLKConfig
                0x000000000000202e        0xc ./Peripheral/src/ch32v20x_rcc.o
                0x000000000000202e                RCC_RTCCLKConfig
 .text.RCC_RTCCLKCmd
                0x000000000000203a       0x20 ./Peripheral/src/ch32v20x_rcc.o
                0x000000000000203a                RCC_RTCCLKCmd
 .text.RCC_GetClocksFreq
                0x000000000000205a       0xbe ./Peripheral/src/ch32v20x_rcc.o
                0x000000000000205a                RCC_GetClocksFreq
 .text.RCC_AHBPeriphClockCmd
                0x0000000000002118       0x1e ./Peripheral/src/ch32v20x_rcc.o
                0x0000000000002118                RCC_AHBPeriphClockCmd
 .text.RCC_APB2PeriphClockCmd
                0x0000000000002136       0x1e ./Peripheral/src/ch32v20x_rcc.o
                0x0000000000002136                RCC_APB2PeriphClockCmd
 .text.RCC_APB1PeriphClockCmd
                0x0000000000002154       0x1e ./Peripheral/src/ch32v20x_rcc.o
                0x0000000000002154                RCC_APB1PeriphClockCmd
 .text.RCC_APB2PeriphResetCmd
                0x0000000000002172       0x1e ./Peripheral/src/ch32v20x_rcc.o
                0x0000000000002172                RCC_APB2PeriphResetCmd
 .text.RCC_BackupResetCmd
                0x0000000000002190       0x20 ./Peripheral/src/ch32v20x_rcc.o
                0x0000000000002190                RCC_BackupResetCmd
 .text.RCC_GetFlagStatus
                0x00000000000021b0       0x2e ./Peripheral/src/ch32v20x_rcc.o
                0x00000000000021b0                RCC_GetFlagStatus
 .text.RTC_ITConfig
                0x00000000000021de       0x1a ./Peripheral/src/ch32v20x_rtc.o
                0x00000000000021de                RTC_ITConfig
 .text.RTC_EnterConfigMode
                0x00000000000021f8       0x12 ./Peripheral/src/ch32v20x_rtc.o
                0x00000000000021f8                RTC_EnterConfigMode
 .text.RTC_ExitConfigMode
                0x000000000000220a       0x18 ./Peripheral/src/ch32v20x_rtc.o
                0x000000000000220a                RTC_ExitConfigMode
 .text.RTC_GetCounter
                0x0000000000002222       0x5a ./Peripheral/src/ch32v20x_rtc.o
                0x0000000000002222                RTC_GetCounter
 .text.RTC_SetCounter
                0x000000000000227c       0x28 ./Peripheral/src/ch32v20x_rtc.o
                0x000000000000227c                RTC_SetCounter
 .text.RTC_SetPrescaler
                0x00000000000022a4       0x2a ./Peripheral/src/ch32v20x_rtc.o
                0x00000000000022a4                RTC_SetPrescaler
 .text.RTC_WaitForLastTask
                0x00000000000022ce       0x10 ./Peripheral/src/ch32v20x_rtc.o
                0x00000000000022ce                RTC_WaitForLastTask
 .text.RTC_WaitForSynchro
                0x00000000000022de       0x24 ./Peripheral/src/ch32v20x_rtc.o
                0x00000000000022de                RTC_WaitForSynchro
 .text.USART_Init
                0x0000000000002302       0x90 ./Peripheral/src/ch32v20x_usart.o
                0x0000000000002302                USART_Init
 .text.USART_Cmd
                0x0000000000002392       0x16 ./Peripheral/src/ch32v20x_usart.o
                0x0000000000002392                USART_Cmd
 .text.USART_ITConfig
                0x00000000000023a8       0x36 ./Peripheral/src/ch32v20x_usart.o
                0x00000000000023a8                USART_ITConfig
 .text.USART_DMACmd
                0x00000000000023de       0x12 ./Peripheral/src/ch32v20x_usart.o
                0x00000000000023de                USART_DMACmd
 .text.USART_SendData
                0x00000000000023f0        0x8 ./Peripheral/src/ch32v20x_usart.o
                0x00000000000023f0                USART_SendData
 .text.USART_ReceiveData
                0x00000000000023f8        0x8 ./Peripheral/src/ch32v20x_usart.o
                0x00000000000023f8                USART_ReceiveData
 .text.USART_GetFlagStatus
                0x0000000000002400        0xa ./Peripheral/src/ch32v20x_usart.o
                0x0000000000002400                USART_GetFlagStatus
 .text.USART_GetITStatus
                0x000000000000240a       0x3c ./Peripheral/src/ch32v20x_usart.o
                0x000000000000240a                USART_GetITStatus
 .text.Delay_Init
                0x0000000000002446       0x2a ./Debug/debug.o
                0x0000000000002446                Delay_Init
 .text.Delay_Ms
                0x0000000000002470       0x36 ./Debug/debug.o
                0x0000000000002470                Delay_Ms
 .text.USART_Printf_Init
                0x00000000000024a6       0x5a ./Debug/debug.o
                0x00000000000024a6                USART_Printf_Init
 .text._write   0x0000000000002500       0x3e ./Debug/debug.o
                0x0000000000002500                _write
 .text._sbrk    0x000000000000253e       0x26 ./Debug/debug.o
                0x000000000000253e                _sbrk
 .text.__gesf2  0x0000000000002564       0x86 /Applications/MounRiver Studio 2.app/Contents/Resources/app/resources/darwin/components/WCH/Toolchain/RISC-V Embedded GCC/bin/../lib/gcc/riscv-none-embed/8.2.0/rv32imacxw/ilp32/libgcc.a(gesf2.o)
                0x0000000000002564                __gtsf2
                0x0000000000002564                __gesf2
 .text.__mulsf3
                0x00000000000025ea      0x290 /Applications/MounRiver Studio 2.app/Contents/Resources/app/resources/darwin/components/WCH/Toolchain/RISC-V Embedded GCC/bin/../lib/gcc/riscv-none-embed/8.2.0/rv32imacxw/ilp32/libgcc.a(mulsf3.o)
                0x00000000000025ea                __mulsf3
 .text.__floatunsisf
                0x000000000000287a       0xce /Applications/MounRiver Studio 2.app/Contents/Resources/app/resources/darwin/components/WCH/Toolchain/RISC-V Embedded GCC/bin/../lib/gcc/riscv-none-embed/8.2.0/rv32imacxw/ilp32/libgcc.a(floatunsisf.o)
                0x000000000000287a                __floatunsisf
 .text.__extendsfdf2
                0x0000000000002948       0xac /Applications/MounRiver Studio 2.app/Contents/Resources/app/resources/darwin/components/WCH/Toolchain/RISC-V Embedded GCC/bin/../lib/gcc/riscv-none-embed/8.2.0/rv32imacxw/ilp32/libgcc.a(extendsfdf2.o)
                0x0000000000002948                __extendsfdf2
 .text.__clzsi2
                0x00000000000029f4       0x6e /Applications/MounRiver Studio 2.app/Contents/Resources/app/resources/darwin/components/WCH/Toolchain/RISC-V Embedded GCC/bin/../lib/gcc/riscv-none-embed/8.2.0/rv32imacxw/ilp32/libgcc.a(_clzsi2.o)
                0x00000000000029f4                __clzsi2
 .text.memcpy   0x0000000000002a62       0xb2 /Applications/MounRiver Studio 2.app/Contents/Resources/app/resources/darwin/components/WCH/Toolchain/RISC-V Embedded GCC/bin/../lib/gcc/riscv-none-embed/8.2.0/../../../../riscv-none-embed/lib/rv32imacxw/ilp32/libg_nano.a(lib_a-memcpy.o)
                0x0000000000002a62                memcpy
 .text.printf   0x0000000000002b14       0x40 /Applications/MounRiver Studio 2.app/Contents/Resources/app/resources/darwin/components/WCH/Toolchain/RISC-V Embedded GCC/bin/../lib/gcc/riscv-none-embed/8.2.0/../../../../riscv-none-embed/lib/rv32imacxw/ilp32/libg_nano.a(lib_a-printf.o)
                0x0000000000002b14                printf
                0x0000000000002b14                iprintf
 .text._puts_r  0x0000000000002b54       0xd4 /Applications/MounRiver Studio 2.app/Contents/Resources/app/resources/darwin/components/WCH/Toolchain/RISC-V Embedded GCC/bin/../lib/gcc/riscv-none-embed/8.2.0/../../../../riscv-none-embed/lib/rv32imacxw/ilp32/libg_nano.a(lib_a-puts.o)
                0x0000000000002b54                _puts_r
 .text.puts     0x0000000000002c28        0xc /Applications/MounRiver Studio 2.app/Contents/Resources/app/resources/darwin/components/WCH/Toolchain/RISC-V Embedded GCC/bin/../lib/gcc/riscv-none-embed/8.2.0/../../../../riscv-none-embed/lib/rv32imacxw/ilp32/libg_nano.a(lib_a-puts.o)
                0x0000000000002c28                puts
 .text.__swbuf_r
                0x0000000000002c34       0xbc /Applications/MounRiver Studio 2.app/Contents/Resources/app/resources/darwin/components/WCH/Toolchain/RISC-V Embedded GCC/bin/../lib/gcc/riscv-none-embed/8.2.0/../../../../riscv-none-embed/lib/rv32imacxw/ilp32/libg_nano.a(lib_a-wbuf.o)
                0x0000000000002c34                __swbuf_r
 .text.__swsetup_r
                0x0000000000002cf0       0xfc /Applications/MounRiver Studio 2.app/Contents/Resources/app/resources/darwin/components/WCH/Toolchain/RISC-V Embedded GCC/bin/../lib/gcc/riscv-none-embed/8.2.0/../../../../riscv-none-embed/lib/rv32imacxw/ilp32/libg_nano.a(lib_a-wsetup.o)
                0x0000000000002cf0                __swsetup_r
 .text.__sflush_r
                0x0000000000002dec      0x130 /Applications/MounRiver Studio 2.app/Contents/Resources/app/resources/darwin/components/WCH/Toolchain/RISC-V Embedded GCC/bin/../lib/gcc/riscv-none-embed/8.2.0/../../../../riscv-none-embed/lib/rv32imacxw/ilp32/libg_nano.a(lib_a-fflush.o)
                0x0000000000002dec                __sflush_r
 .text._fflush_r
                0x0000000000002f1c       0x66 /Applications/MounRiver Studio 2.app/Contents/Resources/app/resources/darwin/components/WCH/Toolchain/RISC-V Embedded GCC/bin/../lib/gcc/riscv-none-embed/8.2.0/../../../../riscv-none-embed/lib/rv32imacxw/ilp32/libg_nano.a(lib_a-fflush.o)
                0x0000000000002f1c                _fflush_r
 .text.std      0x0000000000002f82       0x66 /Applications/MounRiver Studio 2.app/Contents/Resources/app/resources/darwin/components/WCH/Toolchain/RISC-V Embedded GCC/bin/../lib/gcc/riscv-none-embed/8.2.0/../../../../riscv-none-embed/lib/rv32imacxw/ilp32/libg_nano.a(lib_a-findfp.o)
 .text._cleanup_r
                0x0000000000002fe8        0xa /Applications/MounRiver Studio 2.app/Contents/Resources/app/resources/darwin/components/WCH/Toolchain/RISC-V Embedded GCC/bin/../lib/gcc/riscv-none-embed/8.2.0/../../../../riscv-none-embed/lib/rv32imacxw/ilp32/libg_nano.a(lib_a-findfp.o)
                0x0000000000002fe8                _cleanup_r
 .text.__sfmoreglue
                0x0000000000002ff2       0x46 /Applications/MounRiver Studio 2.app/Contents/Resources/app/resources/darwin/components/WCH/Toolchain/RISC-V Embedded GCC/bin/../lib/gcc/riscv-none-embed/8.2.0/../../../../riscv-none-embed/lib/rv32imacxw/ilp32/libg_nano.a(lib_a-findfp.o)
                0x0000000000002ff2                __sfmoreglue
 .text.__sinit  0x0000000000003038       0x6c /Applications/MounRiver Studio 2.app/Contents/Resources/app/resources/darwin/components/WCH/Toolchain/RISC-V Embedded GCC/bin/../lib/gcc/riscv-none-embed/8.2.0/../../../../riscv-none-embed/lib/rv32imacxw/ilp32/libg_nano.a(lib_a-findfp.o)
                0x0000000000003038                __sinit
 .text.__sfp    0x00000000000030a4       0xa0 /Applications/MounRiver Studio 2.app/Contents/Resources/app/resources/darwin/components/WCH/Toolchain/RISC-V Embedded GCC/bin/../lib/gcc/riscv-none-embed/8.2.0/../../../../riscv-none-embed/lib/rv32imacxw/ilp32/libg_nano.a(lib_a-findfp.o)
                0x00000000000030a4                __sfp
 .text._fwalk_reent
                0x0000000000003144       0x6a /Applications/MounRiver Studio 2.app/Contents/Resources/app/resources/darwin/components/WCH/Toolchain/RISC-V Embedded GCC/bin/../lib/gcc/riscv-none-embed/8.2.0/../../../../riscv-none-embed/lib/rv32imacxw/ilp32/libg_nano.a(lib_a-fwalk.o)
                0x0000000000003144                _fwalk_reent
 .text.__swhatbuf_r
                0x00000000000031ae       0x58 /Applications/MounRiver Studio 2.app/Contents/Resources/app/resources/darwin/components/WCH/Toolchain/RISC-V Embedded GCC/bin/../lib/gcc/riscv-none-embed/8.2.0/../../../../riscv-none-embed/lib/rv32imacxw/ilp32/libg_nano.a(lib_a-makebuf.o)
                0x00000000000031ae                __swhatbuf_r
 .text.__smakebuf_r
                0x0000000000003206       0x92 /Applications/MounRiver Studio 2.app/Contents/Resources/app/resources/darwin/components/WCH/Toolchain/RISC-V Embedded GCC/bin/../lib/gcc/riscv-none-embed/8.2.0/../../../../riscv-none-embed/lib/rv32imacxw/ilp32/libg_nano.a(lib_a-makebuf.o)
                0x0000000000003206                __smakebuf_r
 .text._free_r  0x0000000000003298       0xa8 /Applications/MounRiver Studio 2.app/Contents/Resources/app/resources/darwin/components/WCH/Toolchain/RISC-V Embedded GCC/bin/../lib/gcc/riscv-none-embed/8.2.0/../../../../riscv-none-embed/lib/rv32imacxw/ilp32/libg_nano.a(lib_a-nano-freer.o)
                0x0000000000003298                _free_r
 .text._malloc_r
                0x0000000000003340       0xd4 /Applications/MounRiver Studio 2.app/Contents/Resources/app/resources/darwin/components/WCH/Toolchain/RISC-V Embedded GCC/bin/../lib/gcc/riscv-none-embed/8.2.0/../../../../riscv-none-embed/lib/rv32imacxw/ilp32/libg_nano.a(lib_a-nano-mallocr.o)
                0x0000000000003340                _malloc_r
 .text.__sfputc_r
                0x0000000000003414       0x28 /Applications/MounRiver Studio 2.app/Contents/Resources/app/resources/darwin/components/WCH/Toolchain/RISC-V Embedded GCC/bin/../lib/gcc/riscv-none-embed/8.2.0/../../../../riscv-none-embed/lib/rv32imacxw/ilp32/libg_nano.a(lib_a-nano-vfprintf.o)
 .text.__sfputs_r
                0x000000000000343c       0x42 /Applications/MounRiver Studio 2.app/Contents/Resources/app/resources/darwin/components/WCH/Toolchain/RISC-V Embedded GCC/bin/../lib/gcc/riscv-none-embed/8.2.0/../../../../riscv-none-embed/lib/rv32imacxw/ilp32/libg_nano.a(lib_a-nano-vfprintf.o)
                0x000000000000343c                __sfputs_r
 .text._vfprintf_r
                0x000000000000347e      0x288 /Applications/MounRiver Studio 2.app/Contents/Resources/app/resources/darwin/components/WCH/Toolchain/RISC-V Embedded GCC/bin/../lib/gcc/riscv-none-embed/8.2.0/../../../../riscv-none-embed/lib/rv32imacxw/ilp32/libg_nano.a(lib_a-nano-vfprintf.o)
                0x000000000000347e                _vfiprintf_r
                0x000000000000347e                _vfprintf_r
 .text._printf_common
                0x0000000000003706      0x10c /Applications/MounRiver Studio 2.app/Contents/Resources/app/resources/darwin/components/WCH/Toolchain/RISC-V Embedded GCC/bin/../lib/gcc/riscv-none-embed/8.2.0/../../../../riscv-none-embed/lib/rv32imacxw/ilp32/libg_nano.a(lib_a-nano-vfprintf_i.o)
                0x0000000000003706                _printf_common
 .text._printf_i
                0x0000000000003812      0x2a2 /Applications/MounRiver Studio 2.app/Contents/Resources/app/resources/darwin/components/WCH/Toolchain/RISC-V Embedded GCC/bin/../lib/gcc/riscv-none-embed/8.2.0/../../../../riscv-none-embed/lib/rv32imacxw/ilp32/libg_nano.a(lib_a-nano-vfprintf_i.o)
                0x0000000000003812                _printf_i
 .text._sbrk_r  0x0000000000003ab4       0x2a /Applications/MounRiver Studio 2.app/Contents/Resources/app/resources/darwin/components/WCH/Toolchain/RISC-V Embedded GCC/bin/../lib/gcc/riscv-none-embed/8.2.0/../../../../riscv-none-embed/lib/rv32imacxw/ilp32/libg_nano.a(lib_a-sbrkr.o)
                0x0000000000003ab4                _sbrk_r
 .text.__sread  0x0000000000003ade       0x2c /Applications/MounRiver Studio 2.app/Contents/Resources/app/resources/darwin/components/WCH/Toolchain/RISC-V Embedded GCC/bin/../lib/gcc/riscv-none-embed/8.2.0/../../../../riscv-none-embed/lib/rv32imacxw/ilp32/libg_nano.a(lib_a-stdio.o)
                0x0000000000003ade                __sread
 .text.__swrite
                0x0000000000003b0a       0x48 /Applications/MounRiver Studio 2.app/Contents/Resources/app/resources/darwin/components/WCH/Toolchain/RISC-V Embedded GCC/bin/../lib/gcc/riscv-none-embed/8.2.0/../../../../riscv-none-embed/lib/rv32imacxw/ilp32/libg_nano.a(lib_a-stdio.o)
                0x0000000000003b0a                __swrite
 .text.__sseek  0x0000000000003b52       0x30 /Applications/MounRiver Studio 2.app/Contents/Resources/app/resources/darwin/components/WCH/Toolchain/RISC-V Embedded GCC/bin/../lib/gcc/riscv-none-embed/8.2.0/../../../../riscv-none-embed/lib/rv32imacxw/ilp32/libg_nano.a(lib_a-stdio.o)
                0x0000000000003b52                __sseek
 .text.__sclose
                0x0000000000003b82        0x6 /Applications/MounRiver Studio 2.app/Contents/Resources/app/resources/darwin/components/WCH/Toolchain/RISC-V Embedded GCC/bin/../lib/gcc/riscv-none-embed/8.2.0/../../../../riscv-none-embed/lib/rv32imacxw/ilp32/libg_nano.a(lib_a-stdio.o)
                0x0000000000003b82                __sclose
 .text._write_r
                0x0000000000003b88       0x2e /Applications/MounRiver Studio 2.app/Contents/Resources/app/resources/darwin/components/WCH/Toolchain/RISC-V Embedded GCC/bin/../lib/gcc/riscv-none-embed/8.2.0/../../../../riscv-none-embed/lib/rv32imacxw/ilp32/libg_nano.a(lib_a-writer.o)
                0x0000000000003b88                _write_r
 .text._close_r
                0x0000000000003bb6       0x28 /Applications/MounRiver Studio 2.app/Contents/Resources/app/resources/darwin/components/WCH/Toolchain/RISC-V Embedded GCC/bin/../lib/gcc/riscv-none-embed/8.2.0/../../../../riscv-none-embed/lib/rv32imacxw/ilp32/libg_nano.a(lib_a-closer.o)
                0x0000000000003bb6                _close_r
 .text._fstat_r
                0x0000000000003bde       0x2a /Applications/MounRiver Studio 2.app/Contents/Resources/app/resources/darwin/components/WCH/Toolchain/RISC-V Embedded GCC/bin/../lib/gcc/riscv-none-embed/8.2.0/../../../../riscv-none-embed/lib/rv32imacxw/ilp32/libg_nano.a(lib_a-fstatr.o)
                0x0000000000003bde                _fstat_r
 .text._isatty_r
                0x0000000000003c08       0x28 /Applications/MounRiver Studio 2.app/Contents/Resources/app/resources/darwin/components/WCH/Toolchain/RISC-V Embedded GCC/bin/../lib/gcc/riscv-none-embed/8.2.0/../../../../riscv-none-embed/lib/rv32imacxw/ilp32/libg_nano.a(lib_a-isattyr.o)
                0x0000000000003c08                _isatty_r
 .text._lseek_r
                0x0000000000003c30       0x2c /Applications/MounRiver Studio 2.app/Contents/Resources/app/resources/darwin/components/WCH/Toolchain/RISC-V Embedded GCC/bin/../lib/gcc/riscv-none-embed/8.2.0/../../../../riscv-none-embed/lib/rv32imacxw/ilp32/libg_nano.a(lib_a-lseekr.o)
                0x0000000000003c30                _lseek_r
 .text.memchr   0x0000000000003c5c       0x18 /Applications/MounRiver Studio 2.app/Contents/Resources/app/resources/darwin/components/WCH/Toolchain/RISC-V Embedded GCC/bin/../lib/gcc/riscv-none-embed/8.2.0/../../../../riscv-none-embed/lib/rv32imacxw/ilp32/libg_nano.a(lib_a-memchr.o)
                0x0000000000003c5c                memchr
 .text.__malloc_lock
                0x0000000000003c74        0x2 /Applications/MounRiver Studio 2.app/Contents/Resources/app/resources/darwin/components/WCH/Toolchain/RISC-V Embedded GCC/bin/../lib/gcc/riscv-none-embed/8.2.0/../../../../riscv-none-embed/lib/rv32imacxw/ilp32/libg_nano.a(lib_a-mlock.o)
                0x0000000000003c74                __malloc_lock
 .text.__malloc_unlock
                0x0000000000003c76        0x2 /Applications/MounRiver Studio 2.app/Contents/Resources/app/resources/darwin/components/WCH/Toolchain/RISC-V Embedded GCC/bin/../lib/gcc/riscv-none-embed/8.2.0/../../../../riscv-none-embed/lib/rv32imacxw/ilp32/libg_nano.a(lib_a-mlock.o)
                0x0000000000003c76                __malloc_unlock
 .text._read_r  0x0000000000003c78       0x2c /Applications/MounRiver Studio 2.app/Contents/Resources/app/resources/darwin/components/WCH/Toolchain/RISC-V Embedded GCC/bin/../lib/gcc/riscv-none-embed/8.2.0/../../../../riscv-none-embed/lib/rv32imacxw/ilp32/libg_nano.a(lib_a-readr.o)
                0x0000000000003c78                _read_r
 .text._close   0x0000000000003ca4        0xc /Applications/MounRiver Studio 2.app/Contents/Resources/app/resources/darwin/components/WCH/Toolchain/RISC-V Embedded GCC/bin/../lib/gcc/riscv-none-embed/8.2.0/../../../../riscv-none-embed/lib/rv32imacxw/ilp32/libnosys.a(close.o)
                0x0000000000003ca4                _close
 .text._fstat   0x0000000000003cb0        0xc /Applications/MounRiver Studio 2.app/Contents/Resources/app/resources/darwin/components/WCH/Toolchain/RISC-V Embedded GCC/bin/../lib/gcc/riscv-none-embed/8.2.0/../../../../riscv-none-embed/lib/rv32imacxw/ilp32/libnosys.a(fstat.o)
                0x0000000000003cb0                _fstat
 .text._isatty  0x0000000000003cbc        0xc /Applications/MounRiver Studio 2.app/Contents/Resources/app/resources/darwin/components/WCH/Toolchain/RISC-V Embedded GCC/bin/../lib/gcc/riscv-none-embed/8.2.0/../../../../riscv-none-embed/lib/rv32imacxw/ilp32/libnosys.a(isatty.o)
                0x0000000000003cbc                _isatty
 .text._lseek   0x0000000000003cc8        0xc /Applications/MounRiver Studio 2.app/Contents/Resources/app/resources/darwin/components/WCH/Toolchain/RISC-V Embedded GCC/bin/../lib/gcc/riscv-none-embed/8.2.0/../../../../riscv-none-embed/lib/rv32imacxw/ilp32/libnosys.a(lseek.o)
                0x0000000000003cc8                _lseek
 .text._read    0x0000000000003cd4        0xc /Applications/MounRiver Studio 2.app/Contents/Resources/app/resources/darwin/components/WCH/Toolchain/RISC-V Embedded GCC/bin/../lib/gcc/riscv-none-embed/8.2.0/../../../../riscv-none-embed/lib/rv32imacxw/ilp32/libnosys.a(read.o)
                0x0000000000003cd4                _read
 *(.rodata)
 .rodata        0x0000000000003ce0        0xd ./User/rtc.o
 *(.rodata*)
 *fill*         0x0000000000003ced        0x3 
 .rodata.main.str1.4
                0x0000000000003cf0       0xe7 ./User/main.o
 *fill*         0x0000000000003dd7        0x1 
 .rodata.CSWTCH.4
                0x0000000000003dd8       0x14 ./User/param_table.o
 .rodata.CSWTCH.5
                0x0000000000003dec        0xc ./User/param_table.o
 .rodata.PARAM_Init.str1.4
                0x0000000000003df8       0x5a ./User/param_table.o
 *fill*         0x0000000000003e52        0x2 
 .rodata.StripType_GetName.str1.4
                0x0000000000003e54        0x8 ./User/param_table.o
 .rodata.Unit_GetSymbol.str1.4
                0x0000000000003e5c        0x2 ./User/param_table.o
 *fill*         0x0000000000003e5e        0x2 
 .rodata.str1.4
                0x0000000000003e60       0x64 ./User/param_table.o
 .rodata.RTC_Config.str1.4
                0x0000000000003ec4       0x57 ./User/rtc.o
 *fill*         0x0000000000003f1b        0x1 
 .rodata.RTC_Init.str1.4
                0x0000000000003f1c       0x11 ./User/rtc.o
 *fill*         0x0000000000003f2d        0x3 
 .rodata.RTC_SetTime.str1.4
                0x0000000000003f30       0x2e ./User/rtc.o
 *fill*         0x0000000000003f5e        0x2 
 .rodata.RTC_SyncWithParam.str1.4
                0x0000000000003f60       0x4d ./User/rtc.o
 *fill*         0x0000000000003fad        0x3 
 .rodata.RTC_UpdateParam.str1.4
                0x0000000000003fb0       0x6a ./User/rtc.o
 *fill*         0x000000000000401a        0x2 
 .rodata.STRIP_DETECT_DetermineStripType.cst4
                0x000000000000401c        0x4 ./User/strip_detect.o
 .rodata.STRIP_DETECT_HandleInsertedEvent.str1.4
                0x0000000000004020       0x3d ./User/strip_detect.o
 *fill*         0x000000000000405d        0x3 
 .rodata.STRIP_DETECT_Init.str1.4
                0x0000000000004060       0x24 ./User/strip_detect.o
 .rodata.STRIP_DETECT_Process.cst4
                0x0000000000004084        0x8 ./User/strip_detect.o
 .rodata.STRIP_DETECT_Process.str1.4
                0x000000000000408c       0x51 ./User/strip_detect.o
 *fill*         0x00000000000040dd        0x3 
 .rodata.UART2_Receive_Byte_ISR
                0x00000000000040e0       0x18 ./User/uart_protocol.o
 .rodata.UART_ProcessStripInsertedCmd.str1.4
                0x00000000000040f8       0xbc ./User/uart_protocol.o
 .rodata.UART_Protocol_Init.str1.4
                0x00000000000041b4       0x1b ./User/uart_protocol.o
 *fill*         0x00000000000041cf        0x1 
 .rodata.UART_SendStripTypeAck.str1.4
                0x00000000000041d0       0x2c ./User/uart_protocol.o
 .rodata.Get_Raw_Test_Data.str1.4
                0x00000000000041fc        0xb ./User/uart_protocol_stubs.o
 *fill*         0x0000000000004207        0x1 
 .rodata.__mulsf3
                0x0000000000004208       0x40 /Applications/MounRiver Studio 2.app/Contents/Resources/app/resources/darwin/components/WCH/Toolchain/RISC-V Embedded GCC/bin/../lib/gcc/riscv-none-embed/8.2.0/rv32imacxw/ilp32/libgcc.a(mulsf3.o)
 .rodata.__clz_tab
                0x0000000000004248      0x100 /Applications/MounRiver Studio 2.app/Contents/Resources/app/resources/darwin/components/WCH/Toolchain/RISC-V Embedded GCC/bin/../lib/gcc/riscv-none-embed/8.2.0/rv32imacxw/ilp32/libgcc.a(_clz.o)
                0x0000000000004248                __clz_tab
 .rodata.__sf_fake_stderr
                0x0000000000004348       0x20 /Applications/MounRiver Studio 2.app/Contents/Resources/app/resources/darwin/components/WCH/Toolchain/RISC-V Embedded GCC/bin/../lib/gcc/riscv-none-embed/8.2.0/../../../../riscv-none-embed/lib/rv32imacxw/ilp32/libg_nano.a(lib_a-findfp.o)
                0x0000000000004348                __sf_fake_stderr
 .rodata.__sf_fake_stdin
                0x0000000000004368       0x20 /Applications/MounRiver Studio 2.app/Contents/Resources/app/resources/darwin/components/WCH/Toolchain/RISC-V Embedded GCC/bin/../lib/gcc/riscv-none-embed/8.2.0/../../../../riscv-none-embed/lib/rv32imacxw/ilp32/libg_nano.a(lib_a-findfp.o)
                0x0000000000004368                __sf_fake_stdin
 .rodata.__sf_fake_stdout
                0x0000000000004388       0x20 /Applications/MounRiver Studio 2.app/Contents/Resources/app/resources/darwin/components/WCH/Toolchain/RISC-V Embedded GCC/bin/../lib/gcc/riscv-none-embed/8.2.0/../../../../riscv-none-embed/lib/rv32imacxw/ilp32/libg_nano.a(lib_a-findfp.o)
                0x0000000000004388                __sf_fake_stdout
 .rodata._vfprintf_r.str1.4
                0x00000000000043a8       0x13 /Applications/MounRiver Studio 2.app/Contents/Resources/app/resources/darwin/components/WCH/Toolchain/RISC-V Embedded GCC/bin/../lib/gcc/riscv-none-embed/8.2.0/../../../../riscv-none-embed/lib/rv32imacxw/ilp32/libg_nano.a(lib_a-nano-vfprintf.o)
 *fill*         0x00000000000043bb        0x1 
 .rodata._printf_i.str1.4
                0x00000000000043bc       0x28 /Applications/MounRiver Studio 2.app/Contents/Resources/app/resources/darwin/components/WCH/Toolchain/RISC-V Embedded GCC/bin/../lib/gcc/riscv-none-embed/8.2.0/../../../../riscv-none-embed/lib/rv32imacxw/ilp32/libg_nano.a(lib_a-nano-vfprintf_i.o)
                                         0x25 (size before relaxing)
 *(.gnu.linkonce.t.*)
                0x00000000000043e4                . = ALIGN (0x4)

.rela.dyn       0x00000000000043e4        0x0
 .rela.init     0x00000000000043e4        0x0 ./User/ch32v20x_it.o
 .rela.vector   0x00000000000043e4        0x0 ./User/ch32v20x_it.o
 .rela.text.handle_reset
                0x00000000000043e4        0x0 ./User/ch32v20x_it.o
 .rela.text._sbrk
                0x00000000000043e4        0x0 ./User/ch32v20x_it.o
 .rela.sdata.curbrk.4652
                0x00000000000043e4        0x0 ./User/ch32v20x_it.o
 .rela.text._vfprintf_r
                0x00000000000043e4        0x0 ./User/ch32v20x_it.o
 .rela.text._sbrk_r
                0x00000000000043e4        0x0 ./User/ch32v20x_it.o
 .rela.text._write_r
                0x00000000000043e4        0x0 ./User/ch32v20x_it.o
 .rela.text._close_r
                0x00000000000043e4        0x0 ./User/ch32v20x_it.o
 .rela.text._fstat_r
                0x00000000000043e4        0x0 ./User/ch32v20x_it.o
 .rela.text._isatty_r
                0x00000000000043e4        0x0 ./User/ch32v20x_it.o
 .rela.text._lseek_r
                0x00000000000043e4        0x0 ./User/ch32v20x_it.o
 .rela.text._read_r
                0x00000000000043e4        0x0 ./User/ch32v20x_it.o
 .rela.text._close
                0x00000000000043e4        0x0 ./User/ch32v20x_it.o
 .rela.text._fstat
                0x00000000000043e4        0x0 ./User/ch32v20x_it.o
 .rela.text._isatty
                0x00000000000043e4        0x0 ./User/ch32v20x_it.o
 .rela.text._lseek
                0x00000000000043e4        0x0 ./User/ch32v20x_it.o
 .rela.text._read
                0x00000000000043e4        0x0 ./User/ch32v20x_it.o

.fini           0x00000000000043e4        0x0
 *(SORT_NONE(.fini))
                0x00000000000043e4                . = ALIGN (0x4)
                [!provide]                        PROVIDE (_etext = .)
                [!provide]                        PROVIDE (_eitcm = .)

.preinit_array  0x00000000000043e4        0x0
                [!provide]                        PROVIDE (__preinit_array_start = .)
 *(.preinit_array)
                [!provide]                        PROVIDE (__preinit_array_end = .)

.init_array     0x00000000000043e4        0x0
                [!provide]                        PROVIDE (__init_array_start = .)
 *(SORT_BY_INIT_PRIORITY(.init_array.*) SORT_BY_INIT_PRIORITY(.ctors.*))
 *(.init_array EXCLUDE_FILE(*crtend?.o *crtend.o *crtbegin?.o *crtbegin.o) .ctors)
                [!provide]                        PROVIDE (__init_array_end = .)

.fini_array     0x00000000000043e4        0x0
                [!provide]                        PROVIDE (__fini_array_start = .)
 *(SORT_BY_INIT_PRIORITY(.fini_array.*) SORT_BY_INIT_PRIORITY(.dtors.*))
 *(.fini_array EXCLUDE_FILE(*crtend?.o *crtend.o *crtbegin?.o *crtbegin.o) .dtors)
                [!provide]                        PROVIDE (__fini_array_end = .)

.ctors
 *crtbegin.o(.ctors)
 *crtbegin?.o(.ctors)
 *(EXCLUDE_FILE(*crtend?.o *crtend.o) .ctors)
 *(SORT_BY_NAME(.ctors.*))
 *(.ctors)

.dtors
 *crtbegin.o(.dtors)
 *crtbegin?.o(.dtors)
 *(EXCLUDE_FILE(*crtend?.o *crtend.o) .dtors)
 *(SORT_BY_NAME(.dtors.*))
 *(.dtors)

.dalign         0x0000000020000000        0x0 load address 0x00000000000043e4
                0x0000000020000000                . = ALIGN (0x4)
                0x0000000020000000                PROVIDE (_data_vma = .)

.dlalign        0x00000000000043e4        0x0
                0x00000000000043e4                . = ALIGN (0x4)
                0x00000000000043e4                PROVIDE (_data_lma = .)

.data           0x0000000020000000       0xa0 load address 0x00000000000043e4
 *(.gnu.linkonce.r.*)
 *(.data .data.*)
 .data.stripInfo
                0x0000000020000000       0x18 ./User/strip_detect.o
 .data.APBAHBPrescTable
                0x0000000020000018       0x10 ./Peripheral/src/ch32v20x_rcc.o
 .data.impure_data
                0x0000000020000028       0x60 /Applications/MounRiver Studio 2.app/Contents/Resources/app/resources/darwin/components/WCH/Toolchain/RISC-V Embedded GCC/bin/../lib/gcc/riscv-none-embed/8.2.0/../../../../riscv-none-embed/lib/rv32imacxw/ilp32/libg_nano.a(lib_a-impure.o)
 *(.gnu.linkonce.d.*)
                0x0000000020000088                . = ALIGN (0x8)
                0x0000000020000888                PROVIDE (__global_pointer$ = (. + 0x800))
 *(.sdata .sdata.*)
 .sdata.SystemCoreClock
                0x0000000020000088        0x4 ./User/system_ch32v20x.o
                0x0000000020000088                SystemCoreClock
 .sdata.blood_countdown
                0x000000002000008c        0x1 ./User/uart_protocol.o
 *fill*         0x000000002000008d        0x3 
 .sdata.ADCPrescTable
                0x0000000020000090        0x4 ./Peripheral/src/ch32v20x_rcc.o
 .sdata.curbrk.4652
                0x0000000020000094        0x4 ./Debug/debug.o
 .sdata._impure_ptr
                0x0000000020000098        0x4 /Applications/MounRiver Studio 2.app/Contents/Resources/app/resources/darwin/components/WCH/Toolchain/RISC-V Embedded GCC/bin/../lib/gcc/riscv-none-embed/8.2.0/../../../../riscv-none-embed/lib/rv32imacxw/ilp32/libg_nano.a(lib_a-impure.o)
                0x0000000020000098                _impure_ptr
 *(.sdata2.*)
 .sdata2._global_impure_ptr
                0x000000002000009c        0x4 /Applications/MounRiver Studio 2.app/Contents/Resources/app/resources/darwin/components/WCH/Toolchain/RISC-V Embedded GCC/bin/../lib/gcc/riscv-none-embed/8.2.0/../../../../riscv-none-embed/lib/rv32imacxw/ilp32/libg_nano.a(lib_a-impure.o)
                0x000000002000009c                _global_impure_ptr
 *(.gnu.linkonce.s.*)
                0x00000000200000a0                . = ALIGN (0x8)
 *(.srodata.cst16)
 *(.srodata.cst8)
 *(.srodata.cst4)
 *(.srodata.cst2)
 *(.srodata .srodata.*)
                0x00000000200000a0                . = ALIGN (0x4)
                0x00000000200000a0                PROVIDE (_edata = .)

.bss            0x00000000200000a0      0x8b0 load address 0x0000000000004484
                0x00000000200000a0                . = ALIGN (0x4)
                0x00000000200000a0                PROVIDE (_sbss = .)
 *(.sbss*)
 .sbss.blood_detected
                0x00000000200000a0        0x1 ./User/uart_protocol.o
 .sbss.dataCnt.5242
                0x00000000200000a1        0x1 ./User/uart_protocol.o
 .sbss.dataLen.5241
                0x00000000200000a2        0x1 ./User/uart_protocol.o
 *fill*         0x00000000200000a3        0x1 
 .sbss.g_batteryVoltage
                0x00000000200000a4        0x2 ./User/uart_protocol.o
                0x00000000200000a4                g_batteryVoltage
 .sbss.packet_received
                0x00000000200000a6        0x1 ./User/uart_protocol.o
 *fill*         0x00000000200000a7        0x1 
 .sbss.rx_index
                0x00000000200000a8        0x2 ./User/uart_protocol.o
 .sbss.state.5240
                0x00000000200000aa        0x1 ./User/uart_protocol.o
 .sbss.test_in_progress
                0x00000000200000ab        0x1 ./User/uart_protocol.o
 .sbss.counter.5045
                0x00000000200000ac        0x1 ./User/uart_protocol_stubs.o
 .sbss.MCU_Version
                0x00000000200000ad        0x1 ./Peripheral/src/ch32v20x_gpio.o
                0x00000000200000ad                MCU_Version
 *fill*         0x00000000200000ae        0x2 
 .sbss.NVIC_Priority_Group
                0x00000000200000b0        0x4 ./Peripheral/src/ch32v20x_misc.o
                0x00000000200000b0                NVIC_Priority_Group
 .sbss.p_ms     0x00000000200000b4        0x2 ./Debug/debug.o
 .sbss.p_us     0x00000000200000b6        0x1 ./Debug/debug.o
 *fill*         0x00000000200000b7        0x1 
 .sbss.__malloc_free_list
                0x00000000200000b8        0x4 /Applications/MounRiver Studio 2.app/Contents/Resources/app/resources/darwin/components/WCH/Toolchain/RISC-V Embedded GCC/bin/../lib/gcc/riscv-none-embed/8.2.0/../../../../riscv-none-embed/lib/rv32imacxw/ilp32/libg_nano.a(lib_a-nano-mallocr.o)
                0x00000000200000b8                __malloc_free_list
 .sbss.__malloc_sbrk_start
                0x00000000200000bc        0x4 /Applications/MounRiver Studio 2.app/Contents/Resources/app/resources/darwin/components/WCH/Toolchain/RISC-V Embedded GCC/bin/../lib/gcc/riscv-none-embed/8.2.0/../../../../riscv-none-embed/lib/rv32imacxw/ilp32/libg_nano.a(lib_a-nano-mallocr.o)
                0x00000000200000bc                __malloc_sbrk_start
 *(.gnu.linkonce.sb.*)
 *(.bss*)
 .bss.USART_DMA_CTRL
                0x00000000200000c0      0x101 ./User/main.o
                0x00000000200000c0                USART_DMA_CTRL
 *fill*         0x00000000200001c1        0x3 
 .bss.ring_buffer
                0x00000000200001c4      0x406 ./User/main.o
                0x00000000200001c4                ring_buffer
 *fill*         0x00000000200005ca        0x2 
 .bss.param_table
                0x00000000200005cc      0x2a6 ./User/param_table.o
 *fill*         0x0000000020000872        0x2 
 .bss.current_raw_data
                0x0000000020000874       0x3c ./User/uart_protocol.o
 .bss.current_test_result
                0x00000000200008b0       0x1a ./User/uart_protocol.o
 *fill*         0x00000000200008ca        0x2 
 .bss.rx_buffer
                0x00000000200008cc       0x40 ./User/uart_protocol.o
 .bss.tx_buffer
                0x000000002000090c       0x40 ./User/uart_protocol.o
 *(.gnu.linkonce.b.*)
 *(COMMON*)
 COMMON         0x000000002000094c        0x4 /Applications/MounRiver Studio 2.app/Contents/Resources/app/resources/darwin/components/WCH/Toolchain/RISC-V Embedded GCC/bin/../lib/gcc/riscv-none-embed/8.2.0/../../../../riscv-none-embed/lib/rv32imacxw/ilp32/libg_nano.a(lib_a-reent.o)
                0x000000002000094c                errno
                0x0000000020000950                . = ALIGN (0x4)
                0x0000000020000950                PROVIDE (_ebss = .)
                0x0000000020000950                PROVIDE (_end = _ebss)
                [!provide]                        PROVIDE (end = .)

.stack          0x0000000020004800      0x800
                0x0000000020004800                PROVIDE (_heap_end = .)
                0x0000000020004800                . = ALIGN (0x4)
                [!provide]                        PROVIDE (_susrstack = .)
                0x0000000020005000                . = (. + __stack_size)
 *fill*         0x0000000020004800      0x800 
                0x0000000020005000                PROVIDE (_eusrstack = .)
OUTPUT(CH32V203G8R6.elf elf32-littleriscv)

.debug_info     0x0000000000000000    0x15d3d
 .debug_info    0x0000000000000000      0xbb5 ./User/ch32v20x_it.o
 .debug_info    0x0000000000000bb5     0x194d ./User/main.o
 .debug_info    0x0000000000002502     0x17e7 ./User/param_table.o
 .debug_info    0x0000000000003ce9     0x1044 ./User/rtc.o
 .debug_info    0x0000000000004d2d     0x15d7 ./User/strip_detect.o
 .debug_info    0x0000000000006304      0xb30 ./User/system_ch32v20x.o
 .debug_info    0x0000000000006e34     0x219c ./User/uart_protocol.o
 .debug_info    0x0000000000008fd0      0xe6c ./User/uart_protocol_stubs.o
 .debug_info    0x0000000000009e3c       0x22 ./Startup/startup_ch32v20x_D6.o
 .debug_info    0x0000000000009e5e     0x16eb ./Peripheral/src/ch32v20x_adc.o
 .debug_info    0x000000000000b549     0x1091 ./Peripheral/src/ch32v20x_bkp.o
 .debug_info    0x000000000000c5da      0xd16 ./Peripheral/src/ch32v20x_dma.o
 .debug_info    0x000000000000d2f0     0x15d2 ./Peripheral/src/ch32v20x_flash.o
 .debug_info    0x000000000000e8c2     0x1349 ./Peripheral/src/ch32v20x_gpio.o
 .debug_info    0x000000000000fc0b      0xe61 ./Peripheral/src/ch32v20x_misc.o
 .debug_info    0x0000000000010a6c     0x1049 ./Peripheral/src/ch32v20x_pwr.o
 .debug_info    0x0000000000011ab5     0x1268 ./Peripheral/src/ch32v20x_rcc.o
 .debug_info    0x0000000000012d1d      0xdc9 ./Peripheral/src/ch32v20x_rtc.o
 .debug_info    0x0000000000013ae6     0x1335 ./Peripheral/src/ch32v20x_usart.o
 .debug_info    0x0000000000014e1b      0xf22 ./Debug/debug.o

.debug_abbrev   0x0000000000000000     0x3fd0
 .debug_abbrev  0x0000000000000000      0x22c ./User/ch32v20x_it.o
 .debug_abbrev  0x000000000000022c      0x399 ./User/main.o
 .debug_abbrev  0x00000000000005c5      0x48d ./User/param_table.o
 .debug_abbrev  0x0000000000000a52      0x2ba ./User/rtc.o
 .debug_abbrev  0x0000000000000d0c      0x42d ./User/strip_detect.o
 .debug_abbrev  0x0000000000001139      0x2b0 ./User/system_ch32v20x.o
 .debug_abbrev  0x00000000000013e9      0x4bd ./User/uart_protocol.o
 .debug_abbrev  0x00000000000018a6      0x301 ./User/uart_protocol_stubs.o
 .debug_abbrev  0x0000000000001ba7       0x12 ./Startup/startup_ch32v20x_D6.o
 .debug_abbrev  0x0000000000001bb9      0x3a9 ./Peripheral/src/ch32v20x_adc.o
 .debug_abbrev  0x0000000000001f62      0x2cc ./Peripheral/src/ch32v20x_bkp.o
 .debug_abbrev  0x000000000000222e      0x302 ./Peripheral/src/ch32v20x_dma.o
 .debug_abbrev  0x0000000000002530      0x468 ./Peripheral/src/ch32v20x_flash.o
 .debug_abbrev  0x0000000000002998      0x34b ./Peripheral/src/ch32v20x_gpio.o
 .debug_abbrev  0x0000000000002ce3      0x2ea ./Peripheral/src/ch32v20x_misc.o
 .debug_abbrev  0x0000000000002fcd      0x399 ./Peripheral/src/ch32v20x_pwr.o
 .debug_abbrev  0x0000000000003366      0x36b ./Peripheral/src/ch32v20x_rcc.o
 .debug_abbrev  0x00000000000036d1      0x30b ./Peripheral/src/ch32v20x_rtc.o
 .debug_abbrev  0x00000000000039dc      0x312 ./Peripheral/src/ch32v20x_usart.o
 .debug_abbrev  0x0000000000003cee      0x2e2 ./Debug/debug.o

.debug_aranges  0x0000000000000000      0xaf8
 .debug_aranges
                0x0000000000000000       0x28 ./User/ch32v20x_it.o
 .debug_aranges
                0x0000000000000028       0x50 ./User/main.o
 .debug_aranges
                0x0000000000000078       0xd8 ./User/param_table.o
 .debug_aranges
                0x0000000000000150       0x48 ./User/rtc.o
 .debug_aranges
                0x0000000000000198       0x60 ./User/strip_detect.o
 .debug_aranges
                0x00000000000001f8       0x28 ./User/system_ch32v20x.o
 .debug_aranges
                0x0000000000000220       0xd0 ./User/uart_protocol.o
 .debug_aranges
                0x00000000000002f0       0x50 ./User/uart_protocol_stubs.o
 .debug_aranges
                0x0000000000000340       0x30 ./Startup/startup_ch32v20x_D6.o
 .debug_aranges
                0x0000000000000370      0x150 ./Peripheral/src/ch32v20x_adc.o
 .debug_aranges
                0x00000000000004c0       0x78 ./Peripheral/src/ch32v20x_bkp.o
 .debug_aranges
                0x0000000000000538       0x60 ./Peripheral/src/ch32v20x_dma.o
 .debug_aranges
                0x0000000000000598      0x110 ./Peripheral/src/ch32v20x_flash.o
 .debug_aranges
                0x00000000000006a8       0xb0 ./Peripheral/src/ch32v20x_gpio.o
 .debug_aranges
                0x0000000000000758       0x28 ./Peripheral/src/ch32v20x_misc.o
 .debug_aranges
                0x0000000000000780       0x88 ./Peripheral/src/ch32v20x_pwr.o
 .debug_aranges
                0x0000000000000808      0x130 ./Peripheral/src/ch32v20x_rcc.o
 .debug_aranges
                0x0000000000000938       0x80 ./Peripheral/src/ch32v20x_rtc.o
 .debug_aranges
                0x00000000000009b8       0xf0 ./Peripheral/src/ch32v20x_usart.o
 .debug_aranges
                0x0000000000000aa8       0x50 ./Debug/debug.o

.debug_ranges   0x0000000000000000      0xd08
 .debug_ranges  0x0000000000000000       0x18 ./User/ch32v20x_it.o
 .debug_ranges  0x0000000000000018       0x40 ./User/main.o
 .debug_ranges  0x0000000000000058      0x2e0 ./User/param_table.o
 .debug_ranges  0x0000000000000338       0x38 ./User/rtc.o
 .debug_ranges  0x0000000000000370       0x88 ./User/strip_detect.o
 .debug_ranges  0x00000000000003f8       0x18 ./User/system_ch32v20x.o
 .debug_ranges  0x0000000000000410      0x168 ./User/uart_protocol.o
 .debug_ranges  0x0000000000000578       0x60 ./User/uart_protocol_stubs.o
 .debug_ranges  0x00000000000005d8       0x28 ./Startup/startup_ch32v20x_D6.o
 .debug_ranges  0x0000000000000600      0x140 ./Peripheral/src/ch32v20x_adc.o
 .debug_ranges  0x0000000000000740       0x68 ./Peripheral/src/ch32v20x_bkp.o
 .debug_ranges  0x00000000000007a8       0x50 ./Peripheral/src/ch32v20x_dma.o
 .debug_ranges  0x00000000000007f8      0x100 ./Peripheral/src/ch32v20x_flash.o
 .debug_ranges  0x00000000000008f8       0xa0 ./Peripheral/src/ch32v20x_gpio.o
 .debug_ranges  0x0000000000000998       0x48 ./Peripheral/src/ch32v20x_misc.o
 .debug_ranges  0x00000000000009e0       0x78 ./Peripheral/src/ch32v20x_pwr.o
 .debug_ranges  0x0000000000000a58      0x120 ./Peripheral/src/ch32v20x_rcc.o
 .debug_ranges  0x0000000000000b78       0x70 ./Peripheral/src/ch32v20x_rtc.o
 .debug_ranges  0x0000000000000be8       0xe0 ./Peripheral/src/ch32v20x_usart.o
 .debug_ranges  0x0000000000000cc8       0x40 ./Debug/debug.o

.debug_line     0x0000000000000000    0x118ea
 .debug_line    0x0000000000000000      0x37e ./User/ch32v20x_it.o
 .debug_line    0x000000000000037e      0xe33 ./User/main.o
 .debug_line    0x00000000000011b1     0x17a6 ./User/param_table.o
 .debug_line    0x0000000000002957      0xa4c ./User/rtc.o
 .debug_line    0x00000000000033a3      0xd08 ./User/strip_detect.o
 .debug_line    0x00000000000040ab      0x69b ./User/system_ch32v20x.o
 .debug_line    0x0000000000004746     0x1a4e ./User/uart_protocol.o
 .debug_line    0x0000000000006194      0x7b9 ./User/uart_protocol_stubs.o
 .debug_line    0x000000000000694d      0x121 ./Startup/startup_ch32v20x_D6.o
 .debug_line    0x0000000000006a6e     0x1bb8 ./Peripheral/src/ch32v20x_adc.o
 .debug_line    0x0000000000008626      0x755 ./Peripheral/src/ch32v20x_bkp.o
 .debug_line    0x0000000000008d7b      0x8a2 ./Peripheral/src/ch32v20x_dma.o
 .debug_line    0x000000000000961d     0x2620 ./Peripheral/src/ch32v20x_flash.o
 .debug_line    0x000000000000bc3d     0x16f6 ./Peripheral/src/ch32v20x_gpio.o
 .debug_line    0x000000000000d333      0x4c8 ./Peripheral/src/ch32v20x_misc.o
 .debug_line    0x000000000000d7fb      0xc56 ./Peripheral/src/ch32v20x_pwr.o
 .debug_line    0x000000000000e451     0x127e ./Peripheral/src/ch32v20x_rcc.o
 .debug_line    0x000000000000f6cf      0xa90 ./Peripheral/src/ch32v20x_rtc.o
 .debug_line    0x000000000001015f      0xf61 ./Peripheral/src/ch32v20x_usart.o
 .debug_line    0x00000000000110c0      0x82a ./Debug/debug.o

.debug_str      0x0000000000000000     0x38ca
 .debug_str     0x0000000000000000      0x625 ./User/ch32v20x_it.o
                                        0x6a5 (size before relaxing)
 .debug_str     0x0000000000000625      0xa61 ./User/main.o
                                       0x10a5 (size before relaxing)
 .debug_str     0x0000000000001086      0x33d ./User/param_table.o
                                        0xa95 (size before relaxing)
 .debug_str     0x00000000000013c3      0x1b0 ./User/rtc.o
                                        0x829 (size before relaxing)
 .debug_str     0x0000000000001573      0x479 ./User/strip_detect.o
                                        0xd44 (size before relaxing)
 .debug_str     0x00000000000019ec       0xf2 ./User/system_ch32v20x.o
                                        0x6bf (size before relaxing)
 .debug_str     0x0000000000001ade      0x3bf ./User/uart_protocol.o
                                        0xc94 (size before relaxing)
 .debug_str     0x0000000000001e9d       0x33 ./User/uart_protocol_stubs.o
                                        0x7bc (size before relaxing)
 .debug_str     0x0000000000001ed0       0x2d ./Startup/startup_ch32v20x_D6.o
                                         0x76 (size before relaxing)
 .debug_str     0x0000000000001efd      0x40e ./Peripheral/src/ch32v20x_adc.o
                                        0xc37 (size before relaxing)
 .debug_str     0x000000000000230b      0x3f8 ./Peripheral/src/ch32v20x_bkp.o
                                        0xac5 (size before relaxing)
 .debug_str     0x0000000000002703       0xd1 ./Peripheral/src/ch32v20x_dma.o
                                        0x813 (size before relaxing)
 .debug_str     0x00000000000027d4      0x49c ./Peripheral/src/ch32v20x_flash.o
                                        0xb3f (size before relaxing)
 .debug_str     0x0000000000002c70      0x236 ./Peripheral/src/ch32v20x_gpio.o
                                        0x9dc (size before relaxing)
 .debug_str     0x0000000000002ea6       0x9c ./Peripheral/src/ch32v20x_misc.o
                                        0xa9e (size before relaxing)
 .debug_str     0x0000000000002f42      0x1a0 ./Peripheral/src/ch32v20x_pwr.o
                                        0x87c (size before relaxing)
 .debug_str     0x00000000000030e2      0x34c ./Peripheral/src/ch32v20x_rcc.o
                                        0xaee (size before relaxing)
 .debug_str     0x000000000000342e      0x14b ./Peripheral/src/ch32v20x_rtc.o
                                        0x826 (size before relaxing)
 .debug_str     0x0000000000003579      0x2dd ./Peripheral/src/ch32v20x_usart.o
                                        0xb0a (size before relaxing)
 .debug_str     0x0000000000003856       0x74 ./Debug/debug.o
                                        0x931 (size before relaxing)

.comment        0x0000000000000000       0x32
 .comment       0x0000000000000000       0x32 ./User/ch32v20x_it.o
                                         0x33 (size before relaxing)
 .comment       0x0000000000000032       0x33 ./User/main.o
 .comment       0x0000000000000032       0x33 ./User/param_table.o
 .comment       0x0000000000000032       0x33 ./User/rtc.o
 .comment       0x0000000000000032       0x33 ./User/strip_detect.o
 .comment       0x0000000000000032       0x33 ./User/system_ch32v20x.o
 .comment       0x0000000000000032       0x33 ./User/uart_protocol.o
 .comment       0x0000000000000032       0x33 ./User/uart_protocol_stubs.o
 .comment       0x0000000000000032       0x33 ./Peripheral/src/ch32v20x_adc.o
 .comment       0x0000000000000032       0x33 ./Peripheral/src/ch32v20x_bkp.o
 .comment       0x0000000000000032       0x33 ./Peripheral/src/ch32v20x_dma.o
 .comment       0x0000000000000032       0x33 ./Peripheral/src/ch32v20x_flash.o
 .comment       0x0000000000000032       0x33 ./Peripheral/src/ch32v20x_gpio.o
 .comment       0x0000000000000032       0x33 ./Peripheral/src/ch32v20x_misc.o
 .comment       0x0000000000000032       0x33 ./Peripheral/src/ch32v20x_pwr.o
 .comment       0x0000000000000032       0x33 ./Peripheral/src/ch32v20x_rcc.o
 .comment       0x0000000000000032       0x33 ./Peripheral/src/ch32v20x_rtc.o
 .comment       0x0000000000000032       0x33 ./Peripheral/src/ch32v20x_usart.o
 .comment       0x0000000000000032       0x33 ./Debug/debug.o
 .comment       0x0000000000000032       0x33 /Applications/MounRiver Studio 2.app/Contents/Resources/app/resources/darwin/components/WCH/Toolchain/RISC-V Embedded GCC/bin/../lib/gcc/riscv-none-embed/8.2.0/rv32imacxw/ilp32/libgcc.a(gesf2.o)
 .comment       0x0000000000000032       0x33 /Applications/MounRiver Studio 2.app/Contents/Resources/app/resources/darwin/components/WCH/Toolchain/RISC-V Embedded GCC/bin/../lib/gcc/riscv-none-embed/8.2.0/rv32imacxw/ilp32/libgcc.a(mulsf3.o)
 .comment       0x0000000000000032       0x33 /Applications/MounRiver Studio 2.app/Contents/Resources/app/resources/darwin/components/WCH/Toolchain/RISC-V Embedded GCC/bin/../lib/gcc/riscv-none-embed/8.2.0/rv32imacxw/ilp32/libgcc.a(floatunsisf.o)
 .comment       0x0000000000000032       0x33 /Applications/MounRiver Studio 2.app/Contents/Resources/app/resources/darwin/components/WCH/Toolchain/RISC-V Embedded GCC/bin/../lib/gcc/riscv-none-embed/8.2.0/rv32imacxw/ilp32/libgcc.a(extendsfdf2.o)
 .comment       0x0000000000000032       0x33 /Applications/MounRiver Studio 2.app/Contents/Resources/app/resources/darwin/components/WCH/Toolchain/RISC-V Embedded GCC/bin/../lib/gcc/riscv-none-embed/8.2.0/rv32imacxw/ilp32/libgcc.a(_clzsi2.o)
 .comment       0x0000000000000032       0x33 /Applications/MounRiver Studio 2.app/Contents/Resources/app/resources/darwin/components/WCH/Toolchain/RISC-V Embedded GCC/bin/../lib/gcc/riscv-none-embed/8.2.0/rv32imacxw/ilp32/libgcc.a(_clz.o)

.debug_frame    0x0000000000000000     0x2398
 .debug_frame   0x0000000000000000       0x30 ./User/ch32v20x_it.o
 .debug_frame   0x0000000000000030      0x114 ./User/main.o
 .debug_frame   0x0000000000000144      0x254 ./User/param_table.o
 .debug_frame   0x0000000000000398      0x100 ./User/rtc.o
 .debug_frame   0x0000000000000498      0x11c ./User/strip_detect.o
 .debug_frame   0x00000000000005b4       0x30 ./User/system_ch32v20x.o
 .debug_frame   0x00000000000005e4      0x310 ./User/uart_protocol.o
 .debug_frame   0x00000000000008f4       0xcc ./User/uart_protocol_stubs.o
 .debug_frame   0x00000000000009c0      0x2b4 ./Peripheral/src/ch32v20x_adc.o
 .debug_frame   0x0000000000000c74       0xec ./Peripheral/src/ch32v20x_bkp.o
 .debug_frame   0x0000000000000d60       0xcc ./Peripheral/src/ch32v20x_dma.o
 .debug_frame   0x0000000000000e2c      0x380 ./Peripheral/src/ch32v20x_flash.o
 .debug_frame   0x00000000000011ac      0x170 ./Peripheral/src/ch32v20x_gpio.o
 .debug_frame   0x000000000000131c       0x30 ./Peripheral/src/ch32v20x_misc.o
 .debug_frame   0x000000000000134c       0xfc ./Peripheral/src/ch32v20x_pwr.o
 .debug_frame   0x0000000000001448      0x254 ./Peripheral/src/ch32v20x_rcc.o
 .debug_frame   0x000000000000169c      0x12c ./Peripheral/src/ch32v20x_rtc.o
 .debug_frame   0x00000000000017c8      0x1e4 ./Peripheral/src/ch32v20x_usart.o
 .debug_frame   0x00000000000019ac       0xb8 ./Debug/debug.o
 .debug_frame   0x0000000000001a64       0x20 /Applications/MounRiver Studio 2.app/Contents/Resources/app/resources/darwin/components/WCH/Toolchain/RISC-V Embedded GCC/bin/../lib/gcc/riscv-none-embed/8.2.0/../../../../riscv-none-embed/lib/rv32imacxw/ilp32/libg_nano.a(lib_a-memcpy.o)
 .debug_frame   0x0000000000001a84       0x54 /Applications/MounRiver Studio 2.app/Contents/Resources/app/resources/darwin/components/WCH/Toolchain/RISC-V Embedded GCC/bin/../lib/gcc/riscv-none-embed/8.2.0/../../../../riscv-none-embed/lib/rv32imacxw/ilp32/libg_nano.a(lib_a-printf.o)
 .debug_frame   0x0000000000001ad8       0x54 /Applications/MounRiver Studio 2.app/Contents/Resources/app/resources/darwin/components/WCH/Toolchain/RISC-V Embedded GCC/bin/../lib/gcc/riscv-none-embed/8.2.0/../../../../riscv-none-embed/lib/rv32imacxw/ilp32/libg_nano.a(lib_a-puts.o)
 .debug_frame   0x0000000000001b2c       0x50 /Applications/MounRiver Studio 2.app/Contents/Resources/app/resources/darwin/components/WCH/Toolchain/RISC-V Embedded GCC/bin/../lib/gcc/riscv-none-embed/8.2.0/../../../../riscv-none-embed/lib/rv32imacxw/ilp32/libg_nano.a(lib_a-wbuf.o)
 .debug_frame   0x0000000000001b7c       0x3c /Applications/MounRiver Studio 2.app/Contents/Resources/app/resources/darwin/components/WCH/Toolchain/RISC-V Embedded GCC/bin/../lib/gcc/riscv-none-embed/8.2.0/../../../../riscv-none-embed/lib/rv32imacxw/ilp32/libg_nano.a(lib_a-wsetup.o)
 .debug_frame   0x0000000000001bb8       0x7c /Applications/MounRiver Studio 2.app/Contents/Resources/app/resources/darwin/components/WCH/Toolchain/RISC-V Embedded GCC/bin/../lib/gcc/riscv-none-embed/8.2.0/../../../../riscv-none-embed/lib/rv32imacxw/ilp32/libg_nano.a(lib_a-fflush.o)
 .debug_frame   0x0000000000001c34      0x148 /Applications/MounRiver Studio 2.app/Contents/Resources/app/resources/darwin/components/WCH/Toolchain/RISC-V Embedded GCC/bin/../lib/gcc/riscv-none-embed/8.2.0/../../../../riscv-none-embed/lib/rv32imacxw/ilp32/libg_nano.a(lib_a-findfp.o)
 .debug_frame   0x0000000000001d7c       0x88 /Applications/MounRiver Studio 2.app/Contents/Resources/app/resources/darwin/components/WCH/Toolchain/RISC-V Embedded GCC/bin/../lib/gcc/riscv-none-embed/8.2.0/../../../../riscv-none-embed/lib/rv32imacxw/ilp32/libg_nano.a(lib_a-fwalk.o)
 .debug_frame   0x0000000000001e04       0x64 /Applications/MounRiver Studio 2.app/Contents/Resources/app/resources/darwin/components/WCH/Toolchain/RISC-V Embedded GCC/bin/../lib/gcc/riscv-none-embed/8.2.0/../../../../riscv-none-embed/lib/rv32imacxw/ilp32/libg_nano.a(lib_a-makebuf.o)
 .debug_frame   0x0000000000001e68       0x40 /Applications/MounRiver Studio 2.app/Contents/Resources/app/resources/darwin/components/WCH/Toolchain/RISC-V Embedded GCC/bin/../lib/gcc/riscv-none-embed/8.2.0/../../../../riscv-none-embed/lib/rv32imacxw/ilp32/libg_nano.a(lib_a-nano-freer.o)
 .debug_frame   0x0000000000001ea8       0x40 /Applications/MounRiver Studio 2.app/Contents/Resources/app/resources/darwin/components/WCH/Toolchain/RISC-V Embedded GCC/bin/../lib/gcc/riscv-none-embed/8.2.0/../../../../riscv-none-embed/lib/rv32imacxw/ilp32/libg_nano.a(lib_a-nano-mallocr.o)
 .debug_frame   0x0000000000001ee8       0xd0 /Applications/MounRiver Studio 2.app/Contents/Resources/app/resources/darwin/components/WCH/Toolchain/RISC-V Embedded GCC/bin/../lib/gcc/riscv-none-embed/8.2.0/../../../../riscv-none-embed/lib/rv32imacxw/ilp32/libg_nano.a(lib_a-nano-vfprintf.o)
 .debug_frame   0x0000000000001fb8       0x8c /Applications/MounRiver Studio 2.app/Contents/Resources/app/resources/darwin/components/WCH/Toolchain/RISC-V Embedded GCC/bin/../lib/gcc/riscv-none-embed/8.2.0/../../../../riscv-none-embed/lib/rv32imacxw/ilp32/libg_nano.a(lib_a-nano-vfprintf_i.o)
 .debug_frame   0x0000000000002044       0x30 /Applications/MounRiver Studio 2.app/Contents/Resources/app/resources/darwin/components/WCH/Toolchain/RISC-V Embedded GCC/bin/../lib/gcc/riscv-none-embed/8.2.0/../../../../riscv-none-embed/lib/rv32imacxw/ilp32/libg_nano.a(lib_a-sbrkr.o)
 .debug_frame   0x0000000000002074       0xa4 /Applications/MounRiver Studio 2.app/Contents/Resources/app/resources/darwin/components/WCH/Toolchain/RISC-V Embedded GCC/bin/../lib/gcc/riscv-none-embed/8.2.0/../../../../riscv-none-embed/lib/rv32imacxw/ilp32/libg_nano.a(lib_a-stdio.o)
 .debug_frame   0x0000000000002118       0x30 /Applications/MounRiver Studio 2.app/Contents/Resources/app/resources/darwin/components/WCH/Toolchain/RISC-V Embedded GCC/bin/../lib/gcc/riscv-none-embed/8.2.0/../../../../riscv-none-embed/lib/rv32imacxw/ilp32/libg_nano.a(lib_a-writer.o)
 .debug_frame   0x0000000000002148       0x30 /Applications/MounRiver Studio 2.app/Contents/Resources/app/resources/darwin/components/WCH/Toolchain/RISC-V Embedded GCC/bin/../lib/gcc/riscv-none-embed/8.2.0/../../../../riscv-none-embed/lib/rv32imacxw/ilp32/libg_nano.a(lib_a-closer.o)
 .debug_frame   0x0000000000002178       0x30 /Applications/MounRiver Studio 2.app/Contents/Resources/app/resources/darwin/components/WCH/Toolchain/RISC-V Embedded GCC/bin/../lib/gcc/riscv-none-embed/8.2.0/../../../../riscv-none-embed/lib/rv32imacxw/ilp32/libg_nano.a(lib_a-fstatr.o)
 .debug_frame   0x00000000000021a8       0x30 /Applications/MounRiver Studio 2.app/Contents/Resources/app/resources/darwin/components/WCH/Toolchain/RISC-V Embedded GCC/bin/../lib/gcc/riscv-none-embed/8.2.0/../../../../riscv-none-embed/lib/rv32imacxw/ilp32/libg_nano.a(lib_a-isattyr.o)
 .debug_frame   0x00000000000021d8       0x30 /Applications/MounRiver Studio 2.app/Contents/Resources/app/resources/darwin/components/WCH/Toolchain/RISC-V Embedded GCC/bin/../lib/gcc/riscv-none-embed/8.2.0/../../../../riscv-none-embed/lib/rv32imacxw/ilp32/libg_nano.a(lib_a-lseekr.o)
 .debug_frame   0x0000000000002208       0x20 /Applications/MounRiver Studio 2.app/Contents/Resources/app/resources/darwin/components/WCH/Toolchain/RISC-V Embedded GCC/bin/../lib/gcc/riscv-none-embed/8.2.0/../../../../riscv-none-embed/lib/rv32imacxw/ilp32/libg_nano.a(lib_a-memchr.o)
 .debug_frame   0x0000000000002228       0x30 /Applications/MounRiver Studio 2.app/Contents/Resources/app/resources/darwin/components/WCH/Toolchain/RISC-V Embedded GCC/bin/../lib/gcc/riscv-none-embed/8.2.0/../../../../riscv-none-embed/lib/rv32imacxw/ilp32/libg_nano.a(lib_a-mlock.o)
 .debug_frame   0x0000000000002258       0x30 /Applications/MounRiver Studio 2.app/Contents/Resources/app/resources/darwin/components/WCH/Toolchain/RISC-V Embedded GCC/bin/../lib/gcc/riscv-none-embed/8.2.0/../../../../riscv-none-embed/lib/rv32imacxw/ilp32/libg_nano.a(lib_a-readr.o)
 .debug_frame   0x0000000000002288       0x70 /Applications/MounRiver Studio 2.app/Contents/Resources/app/resources/darwin/components/WCH/Toolchain/RISC-V Embedded GCC/bin/../lib/gcc/riscv-none-embed/8.2.0/../../../../riscv-none-embed/lib/rv32imacxw/ilp32/libg_nano.a(lib_a-reent.o)
 .debug_frame   0x00000000000022f8       0x20 /Applications/MounRiver Studio 2.app/Contents/Resources/app/resources/darwin/components/WCH/Toolchain/RISC-V Embedded GCC/bin/../lib/gcc/riscv-none-embed/8.2.0/../../../../riscv-none-embed/lib/rv32imacxw/ilp32/libnosys.a(close.o)
 .debug_frame   0x0000000000002318       0x20 /Applications/MounRiver Studio 2.app/Contents/Resources/app/resources/darwin/components/WCH/Toolchain/RISC-V Embedded GCC/bin/../lib/gcc/riscv-none-embed/8.2.0/../../../../riscv-none-embed/lib/rv32imacxw/ilp32/libnosys.a(fstat.o)
 .debug_frame   0x0000000000002338       0x20 /Applications/MounRiver Studio 2.app/Contents/Resources/app/resources/darwin/components/WCH/Toolchain/RISC-V Embedded GCC/bin/../lib/gcc/riscv-none-embed/8.2.0/../../../../riscv-none-embed/lib/rv32imacxw/ilp32/libnosys.a(isatty.o)
 .debug_frame   0x0000000000002358       0x20 /Applications/MounRiver Studio 2.app/Contents/Resources/app/resources/darwin/components/WCH/Toolchain/RISC-V Embedded GCC/bin/../lib/gcc/riscv-none-embed/8.2.0/../../../../riscv-none-embed/lib/rv32imacxw/ilp32/libnosys.a(lseek.o)
 .debug_frame   0x0000000000002378       0x20 /Applications/MounRiver Studio 2.app/Contents/Resources/app/resources/darwin/components/WCH/Toolchain/RISC-V Embedded GCC/bin/../lib/gcc/riscv-none-embed/8.2.0/../../../../riscv-none-embed/lib/rv32imacxw/ilp32/libnosys.a(read.o)

.debug_loc      0x0000000000000000     0x6187
 .debug_loc     0x0000000000000000      0x130 ./User/main.o
 .debug_loc     0x0000000000000130      0xf8e ./User/param_table.o
 .debug_loc     0x00000000000010be      0x406 ./User/rtc.o
 .debug_loc     0x00000000000014c4       0xbf ./User/strip_detect.o
 .debug_loc     0x0000000000001583       0xac ./User/system_ch32v20x.o
 .debug_loc     0x000000000000162f     0x1235 ./User/uart_protocol.o
 .debug_loc     0x0000000000002864       0x9f ./User/uart_protocol_stubs.o
 .debug_loc     0x0000000000002903      0xab6 ./Peripheral/src/ch32v20x_adc.o
 .debug_loc     0x00000000000033b9       0xd8 ./Peripheral/src/ch32v20x_bkp.o
 .debug_loc     0x0000000000003491      0x155 ./Peripheral/src/ch32v20x_dma.o
 .debug_loc     0x00000000000035e6      0xc9b ./Peripheral/src/ch32v20x_flash.o
 .debug_loc     0x0000000000004281      0x8a1 ./Peripheral/src/ch32v20x_gpio.o
 .debug_loc     0x0000000000004b22       0x2d ./Peripheral/src/ch32v20x_misc.o
 .debug_loc     0x0000000000004b4f      0x29e ./Peripheral/src/ch32v20x_pwr.o
 .debug_loc     0x0000000000004ded      0x797 ./Peripheral/src/ch32v20x_rcc.o
 .debug_loc     0x0000000000005584      0x377 ./Peripheral/src/ch32v20x_rtc.o
 .debug_loc     0x00000000000058fb      0x715 ./Peripheral/src/ch32v20x_usart.o
 .debug_loc     0x0000000000006010      0x177 ./Debug/debug.o

.stab           0x0000000000000000       0x84
 .stab          0x0000000000000000       0x24 /Applications/MounRiver Studio 2.app/Contents/Resources/app/resources/darwin/components/WCH/Toolchain/RISC-V Embedded GCC/bin/../lib/gcc/riscv-none-embed/8.2.0/../../../../riscv-none-embed/lib/rv32imacxw/ilp32/libnosys.a(close.o)
 .stab          0x0000000000000024       0x18 /Applications/MounRiver Studio 2.app/Contents/Resources/app/resources/darwin/components/WCH/Toolchain/RISC-V Embedded GCC/bin/../lib/gcc/riscv-none-embed/8.2.0/../../../../riscv-none-embed/lib/rv32imacxw/ilp32/libnosys.a(fstat.o)
                                         0x24 (size before relaxing)
 .stab          0x000000000000003c       0x18 /Applications/MounRiver Studio 2.app/Contents/Resources/app/resources/darwin/components/WCH/Toolchain/RISC-V Embedded GCC/bin/../lib/gcc/riscv-none-embed/8.2.0/../../../../riscv-none-embed/lib/rv32imacxw/ilp32/libnosys.a(isatty.o)
                                         0x24 (size before relaxing)
 .stab          0x0000000000000054       0x18 /Applications/MounRiver Studio 2.app/Contents/Resources/app/resources/darwin/components/WCH/Toolchain/RISC-V Embedded GCC/bin/../lib/gcc/riscv-none-embed/8.2.0/../../../../riscv-none-embed/lib/rv32imacxw/ilp32/libnosys.a(lseek.o)
                                         0x24 (size before relaxing)
 .stab          0x000000000000006c       0x18 /Applications/MounRiver Studio 2.app/Contents/Resources/app/resources/darwin/components/WCH/Toolchain/RISC-V Embedded GCC/bin/../lib/gcc/riscv-none-embed/8.2.0/../../../../riscv-none-embed/lib/rv32imacxw/ilp32/libnosys.a(read.o)
                                         0x24 (size before relaxing)

.stabstr        0x0000000000000000      0x117
 .stabstr       0x0000000000000000      0x117 /Applications/MounRiver Studio 2.app/Contents/Resources/app/resources/darwin/components/WCH/Toolchain/RISC-V Embedded GCC/bin/../lib/gcc/riscv-none-embed/8.2.0/../../../../riscv-none-embed/lib/rv32imacxw/ilp32/libnosys.a(close.o)
