Archive member included to satisfy reference by file (symbol)

/Applications/MounRiver Studio 2.app/Contents/Resources/app/resources/darwin/components/WCH/Toolchain/RISC-V Embedded GCC/bin/../lib/gcc/riscv-none-embed/8.2.0/rv32imacxw/ilp32/libgcc.a(save-restore.o)
                              ./User/flash_param.o (__riscv_save_7)
/Applications/MounRiver Studio 2.app/Contents/Resources/app/resources/darwin/components/WCH/Toolchain/RISC-V Embedded GCC/bin/../lib/gcc/riscv-none-embed/8.2.0/../../../../riscv-none-embed/lib/rv32imacxw/ilp32/libg_nano.a(lib_a-memcpy.o)
                              ./User/flash_param.o (memcpy)
/Applications/MounRiver Studio 2.app/Contents/Resources/app/resources/darwin/components/WCH/Toolchain/RISC-V Embedded GCC/bin/../lib/gcc/riscv-none-embed/8.2.0/../../../../riscv-none-embed/lib/rv32imacxw/ilp32/libg_nano.a(lib_a-memset.o)
                              ./User/param_code_table.o (memset)
/Applications/MounRiver Studio 2.app/Contents/Resources/app/resources/darwin/components/WCH/Toolchain/RISC-V Embedded GCC/bin/../lib/gcc/riscv-none-embed/8.2.0/../../../../riscv-none-embed/lib/rv32imacxw/ilp32/libg_nano.a(lib_a-printf.o)
                              ./User/main.o (printf)
/Applications/MounRiver Studio 2.app/Contents/Resources/app/resources/darwin/components/WCH/Toolchain/RISC-V Embedded GCC/bin/../lib/gcc/riscv-none-embed/8.2.0/../../../../riscv-none-embed/lib/rv32imacxw/ilp32/libg_nano.a(lib_a-puts.o)
                              ./User/flash_param.o (puts)
/Applications/MounRiver Studio 2.app/Contents/Resources/app/resources/darwin/components/WCH/Toolchain/RISC-V Embedded GCC/bin/../lib/gcc/riscv-none-embed/8.2.0/../../../../riscv-none-embed/lib/rv32imacxw/ilp32/libg_nano.a(lib_a-wbuf.o)
                              /Applications/MounRiver Studio 2.app/Contents/Resources/app/resources/darwin/components/WCH/Toolchain/RISC-V Embedded GCC/bin/../lib/gcc/riscv-none-embed/8.2.0/../../../../riscv-none-embed/lib/rv32imacxw/ilp32/libg_nano.a(lib_a-puts.o) (__swbuf_r)
/Applications/MounRiver Studio 2.app/Contents/Resources/app/resources/darwin/components/WCH/Toolchain/RISC-V Embedded GCC/bin/../lib/gcc/riscv-none-embed/8.2.0/../../../../riscv-none-embed/lib/rv32imacxw/ilp32/libg_nano.a(lib_a-wsetup.o)
                              /Applications/MounRiver Studio 2.app/Contents/Resources/app/resources/darwin/components/WCH/Toolchain/RISC-V Embedded GCC/bin/../lib/gcc/riscv-none-embed/8.2.0/../../../../riscv-none-embed/lib/rv32imacxw/ilp32/libg_nano.a(lib_a-puts.o) (__swsetup_r)
/Applications/MounRiver Studio 2.app/Contents/Resources/app/resources/darwin/components/WCH/Toolchain/RISC-V Embedded GCC/bin/../lib/gcc/riscv-none-embed/8.2.0/../../../../riscv-none-embed/lib/rv32imacxw/ilp32/libg_nano.a(lib_a-fflush.o)
                              /Applications/MounRiver Studio 2.app/Contents/Resources/app/resources/darwin/components/WCH/Toolchain/RISC-V Embedded GCC/bin/../lib/gcc/riscv-none-embed/8.2.0/../../../../riscv-none-embed/lib/rv32imacxw/ilp32/libg_nano.a(lib_a-wbuf.o) (_fflush_r)
/Applications/MounRiver Studio 2.app/Contents/Resources/app/resources/darwin/components/WCH/Toolchain/RISC-V Embedded GCC/bin/../lib/gcc/riscv-none-embed/8.2.0/../../../../riscv-none-embed/lib/rv32imacxw/ilp32/libg_nano.a(lib_a-findfp.o)
                              /Applications/MounRiver Studio 2.app/Contents/Resources/app/resources/darwin/components/WCH/Toolchain/RISC-V Embedded GCC/bin/../lib/gcc/riscv-none-embed/8.2.0/../../../../riscv-none-embed/lib/rv32imacxw/ilp32/libg_nano.a(lib_a-printf.o) (__sinit)
/Applications/MounRiver Studio 2.app/Contents/Resources/app/resources/darwin/components/WCH/Toolchain/RISC-V Embedded GCC/bin/../lib/gcc/riscv-none-embed/8.2.0/../../../../riscv-none-embed/lib/rv32imacxw/ilp32/libg_nano.a(lib_a-fwalk.o)
                              /Applications/MounRiver Studio 2.app/Contents/Resources/app/resources/darwin/components/WCH/Toolchain/RISC-V Embedded GCC/bin/../lib/gcc/riscv-none-embed/8.2.0/../../../../riscv-none-embed/lib/rv32imacxw/ilp32/libg_nano.a(lib_a-findfp.o) (_fwalk)
/Applications/MounRiver Studio 2.app/Contents/Resources/app/resources/darwin/components/WCH/Toolchain/RISC-V Embedded GCC/bin/../lib/gcc/riscv-none-embed/8.2.0/../../../../riscv-none-embed/lib/rv32imacxw/ilp32/libg_nano.a(lib_a-impure.o)
                              /Applications/MounRiver Studio 2.app/Contents/Resources/app/resources/darwin/components/WCH/Toolchain/RISC-V Embedded GCC/bin/../lib/gcc/riscv-none-embed/8.2.0/../../../../riscv-none-embed/lib/rv32imacxw/ilp32/libg_nano.a(lib_a-fflush.o) (_global_impure_ptr)
/Applications/MounRiver Studio 2.app/Contents/Resources/app/resources/darwin/components/WCH/Toolchain/RISC-V Embedded GCC/bin/../lib/gcc/riscv-none-embed/8.2.0/../../../../riscv-none-embed/lib/rv32imacxw/ilp32/libg_nano.a(lib_a-makebuf.o)
[...]
Memory Configuration

Name             Origin             Length             Attributes
FLASH            0x0000000000000000 0x0000000000010000 xr
RAM              0x0000000020000000 0x0000000000005000 xrw
*default*        0x0000000000000000 0xffffffffffffffff

Linker script and memory map

LOAD ./User/ch32v20x_it.o
LOAD ./User/flash_param.o
LOAD ./User/main.o
LOAD ./User/param_code_table.o
LOAD ./User/system_ch32v20x.o
LOAD ./User/uart_protocol.o
LOAD ./Startup/startup_ch32v20x_D6.o
LOAD ./Peripheral/src/ch32v20x_adc.o
LOAD ./Peripheral/src/ch32v20x_bkp.o
LOAD ./Peripheral/src/ch32v20x_can.o
LOAD ./Peripheral/src/ch32v20x_crc.o
LOAD ./Peripheral/src/ch32v20x_dbgmcu.o
LOAD ./Peripheral/src/ch32v20x_dma.o
LOAD ./Peripheral/src/ch32v20x_exti.o
LOAD ./Peripheral/src/ch32v20x_flash.o
LOAD ./Peripheral/src/ch32v20x_gpio.o
LOAD ./Peripheral/src/ch32v20x_i2c.o
LOAD ./Peripheral/src/ch32v20x_iwdg.o
LOAD ./Peripheral/src/ch32v20x_misc.o
LOAD ./Peripheral/src/ch32v20x_opa.o
LOAD ./Peripheral/src/ch32v20x_pwr.o
LOAD ./Peripheral/src/ch32v20x_rcc.o
LOAD ./Peripheral/src/ch32v20x_rtc.o
LOAD ./Peripheral/src/ch32v20x_spi.o
LOAD ./Peripheral/src/ch32v20x_tim.o
LOAD ./Peripheral/src/ch32v20x_usart.o
LOAD ./Peripheral/src/ch32v20x_wwdg.o
LOAD ./Debug/debug.o
LOAD ./Core/core_riscv.o
LOAD /Applications/MounRiver Studio 2.app/Contents/Resources/app/resources/darwin/components/WCH/Toolchain/RISC-V Embedded GCC/bin/../lib/gcc/riscv-none-embed/8.2.0/rv32imacxw/ilp32/libgcc.a
LOAD /Applications/MounRiver Studio 2.app/Contents/Resources/app/resources/darwin/components/WCH/Toolchain/RISC-V Embedded GCC/bin/../lib/gcc/riscv-none-embed/8.2.0/../../../../riscv-none-embed/lib/rv32imacxw/ilp32/libg_nano.a
LOAD /Applications/MounRiver Studio 2.app/Contents/Resources/app/resources/darwin/components/WCH/Toolchain/RISC-V Embedded GCC/bin/../lib/gcc/riscv-none-embed/8.2.0/../../../../riscv-none-embed/lib/rv32imacxw/ilp32/libc_nano.a
LOAD /Applications/MounRiver Studio 2.app/Contents/Resources/app/resources/darwin/components/WCH/Toolchain/RISC-V Embedded GCC/bin/../lib/gcc/riscv-none-embed/8.2.0/rv32imacxw/ilp32/libgcc.a
START GROUP
LOAD /Applications/MounRiver Studio 2.app/Contents/Resources/app/resources/darwin/components/WCH/Toolchain/RISC-V Embedded GCC/bin/../lib/gcc/riscv-none-embed/8.2.0/rv32imacxw/ilp32/libgcc.a
LOAD /Applications/MounRiver Studio 2.app/Contents/Resources/app/resources/darwin/components/WCH/Toolchain/RISC-V Embedded GCC/bin/../lib/gcc/riscv-none-embed/8.2.0/../../../../riscv-none-embed/lib/rv32imacxw/ilp32/libc_nano.a
LOAD /Applications/MounRiver Studio 2.app/Contents/Resources/app/resources/darwin/components/WCH/Toolchain/RISC-V Embedded GCC/bin/../lib/gcc/riscv-none-embed/8.2.0/../../../../riscv-none-embed/lib/rv32imacxw/ilp32/libnosys.a
END GROUP
START GROUP
LOAD /Applications/MounRiver Studio 2.app/Contents/Resources/app/resources/darwin/components/WCH/Toolchain/RISC-V Embedded GCC/bin/../lib/gcc/riscv-none-embed/8.2.0/rv32imacxw/ilp32/libgcc.a
LOAD /Applications/MounRiver Studio 2.app/Contents/Resources/app/resources/darwin/components/WCH/Toolchain/RISC-V Embedded GCC/bin/../lib/gcc/riscv-none-embed/8.2.0/../../../../riscv-none-embed/lib/rv32imacxw/ilp32/libc_nano.a
LOAD /Applications/MounRiver Studio 2.app/Contents/Resources/app/resources/darwin/components/WCH/Toolchain/RISC-V Embedded GCC/bin/../lib/gcc/riscv-none-embed/8.2.0/../../../../riscv-none-embed/lib/rv32imacxw/ilp32/libnosys.a
END GROUP
                0x0000000000000800                __stack_size = 0x800
                [!provide]                        PROVIDE (_stack_size = __stack_size)

.init           0x0000000000000000        0x4
                0x0000000000000000                _sinit = .
                0x0000000000000000                . = ALIGN (0x4)
 *(SORT_NONE(.init))
 .init          0x0000000000000000        0x4 ./Startup/startup_ch32v20x_D6.o
                0x0000000000000000                _start
                0x0000000000000004                . = ALIGN (0x4)
                0x0000000000000004                _einit = .

.vector         0x0000000000000004       0xfc
 *(.vector)
 .vector        0x0000000000000004       0xfc ./Startup/startup_ch32v20x_D6.o
                0x0000000000000100                . = ALIGN (0x40)

.text           0x0000000000000100     0x2e70
                0x0000000000000100                . = ALIGN (0x4)
 *(.text)
 .text          0x0000000000000100       0x60 /Applications/MounRiver Studio 2.app/Contents/Resources/app/resources/darwin/components/WCH/Toolchain/RISC-V Embedded GCC/bin/../lib/gcc/riscv-none-embed/8.2.0/rv32imacxw/ilp32/libgcc.a(save-restore.o)
                0x0000000000000100                __riscv_save_12
                0x0000000000000108                __riscv_save_10
                0x0000000000000108                __riscv_save_8
                0x0000000000000108                __riscv_save_11
                0x0000000000000108                __riscv_save_9
                0x0000000000000116                __riscv_save_4
                0x0000000000000116                __riscv_save_7
                0x0000000000000116                __riscv_save_6
                0x0000000000000116                __riscv_save_5
                0x0000000000000130                __riscv_save_3
                0x0000000000000130                __riscv_save_2
                0x0000000000000130                __riscv_save_0
                0x0000000000000130                __riscv_save_1
                0x000000000000013c                __riscv_restore_12
                0x0000000000000140                __riscv_restore_8
                0x0000000000000140                __riscv_restore_10
                0x0000000000000140                __riscv_restore_9
                0x0000000000000140                __riscv_restore_11
                0x000000000000014a                __riscv_restore_5
                0x000000000000014a                __riscv_restore_7
                0x000000000000014a                __riscv_restore_4
                0x000000000000014a                __riscv_restore_6
                0x0000000000000154                __riscv_restore_3
                0x0000000000000154                __riscv_restore_1
                0x0000000000000154                __riscv_restore_0
                0x0000000000000154                __riscv_restore_2
 .text          0x0000000000000160       0xa8 /Applications/MounRiver Studio 2.app/Contents/Resources/app/resources/darwin/components/WCH/Toolchain/RISC-V Embedded GCC/bin/../lib/gcc/riscv-none-embed/8.2.0/../../../../riscv-none-embed/lib/rv32imacxw/ilp32/libg_nano.a(lib_a-memset.o)
                0x0000000000000160                memset
 *(.text.*)
 .text.NMI_Handler
                0x0000000000000208        0x2 ./User/ch32v20x_it.o
                0x0000000000000208                NMI_Handler
 .text.HardFault_Handler
                0x000000000000020a       0x10 ./User/ch32v20x_it.o
                0x000000000000020a                HardFault_Handler
 .text.FLASH_WriteBuffer
                0x000000000000021a       0x7c ./User/flash_param.o
                0x000000000000021a                FLASH_WriteBuffer
 .text.FLASH_ReadBuffer
                0x0000000000000296       0x32 ./User/flash_param.o
                0x0000000000000296                FLASH_ReadBuffer
 .text.PARAM_ReadBlock.part.0
                0x00000000000002c8       0xa2 ./User/flash_param.o
 .text.PARAM_Init
                0x000000000000036a      0x17a ./User/flash_param.o
                0x000000000000036a                PARAM_Init
 .text.PARAM_UpdateBlock.part.1
                0x00000000000004e4      0x114 ./User/flash_param.o
 .text.PARAM_UpdateDateTime
                0x00000000000005f8       0x6c ./User/flash_param.o
                0x00000000000005f8                PARAM_UpdateDateTime
 .text.PrintParamInfo
                0x0000000000000664      0x152 ./User/main.o
                0x0000000000000664                PrintParamInfo
 .text.startup.main
                0x00000000000007b6       0xf8 ./User/main.o
                0x00000000000007b6                main
 .text.ParamCodeTable_CalculateChecksum
                0x00000000000008ae       0x20 ./User/param_code_table.o
                0x00000000000008ae                ParamCodeTable_CalculateChecksum
 .text.ParamCodeTable_Save
                0x00000000000008ce       0x6a ./User/param_code_table.o
                0x00000000000008ce                ParamCodeTable_Save
 .text.ParamCodeTable_Reset
                0x0000000000000938       0xee ./User/param_code_table.o
                0x0000000000000938                ParamCodeTable_Reset
 .text.ParamCodeTable_VerifyChecksum
                0x0000000000000a26       0x22 ./User/param_code_table.o
                0x0000000000000a26                ParamCodeTable_VerifyChecksum
 .text.ParamCodeTable_Load
                0x0000000000000a48       0x1e ./User/param_code_table.o
                0x0000000000000a48                ParamCodeTable_Load
 .text.ParamCodeTable_Init
                0x0000000000000a66       0x10 ./User/param_code_table.o
                0x0000000000000a66                ParamCodeTable_Init
 .text.GetStripTypeName
                0x0000000000000a76       0x20 ./User/param_code_table.o
                0x0000000000000a76                GetStripTypeName
 .text.SystemInit
                0x0000000000000a96       0xa8 ./User/system_ch32v20x.o
                0x0000000000000a96                SystemInit
 .text.SystemCoreClockUpdate
                0x0000000000000b3e       0x8e ./User/system_ch32v20x.o
                0x0000000000000b3e                SystemCoreClockUpdate
 .text.UART_Calculate_Checksum
                0x0000000000000bcc       0x22 ./User/uart_protocol.o
                0x0000000000000bcc                UART_Calculate_Checksum
 .text.UART_Protocol_Init
                0x0000000000000bee      0x162 ./User/uart_protocol.o
                0x0000000000000bee                UART_Protocol_Init
 .text.UART_Send_Packet
                0x0000000000000d50       0x8c ./User/uart_protocol.o
                0x0000000000000d50                UART_Send_Packet
 .text.UART_Send_Error
                0x0000000000000ddc       0x1c ./User/uart_protocol.o
                0x0000000000000ddc                UART_Send_Error
 .text.USART2_IRQHandler
                0x0000000000000df8       0x74 ./User/uart_protocol.o
                0x0000000000000df8                USART2_IRQHandler
 .text.DMA1_Channel6_IRQHandler
                0x0000000000000e6c       0x1c ./User/uart_protocol.o
                0x0000000000000e6c                DMA1_Channel6_IRQHandler
 .text.UART_Handle_SyncTime
                0x0000000000000e88       0xb4 ./User/uart_protocol.o
                0x0000000000000e88                UART_Handle_SyncTime
 .text.UART_Handle_ReqStatus
                0x0000000000000f3c       0x32 ./User/uart_protocol.o
                0x0000000000000f3c                UART_Handle_ReqStatus
 .text.UART_Handle_SetCodeEvent
                0x0000000000000f6e       0x3e ./User/uart_protocol.o
                0x0000000000000f6e                UART_Handle_SetCodeEvent
 .text.UART_Handle_ReqResult
                0x0000000000000fac       0xbc ./User/uart_protocol.o
                0x0000000000000fac                UART_Handle_ReqResult
 .text.UART_Handle_ReqRawData
                0x0000000000001068       0x2a ./User/uart_protocol.o
                0x0000000000001068                UART_Handle_ReqRawData
 .text.UART_Process_Packet
                0x0000000000001092       0x7c ./User/uart_protocol.o
 .text.UART_Check_DMA_Received_Data
                0x000000000000110e       0xa0 ./User/uart_protocol.o
                0x000000000000110e                UART_Check_DMA_Received_Data
 .text.vector_handler
                0x00000000000011ae        0x2 ./Startup/startup_ch32v20x_D6.o
                0x00000000000011ae                USBWakeUp_IRQHandler
                0x00000000000011ae                TIM1_CC_IRQHandler
                0x00000000000011ae                SysTick_Handler
                0x00000000000011ae                PVD_IRQHandler
                0x00000000000011ae                EXTI3_IRQHandler
                0x00000000000011ae                USBFS_IRQHandler
                0x00000000000011ae                EXTI0_IRQHandler
                0x00000000000011ae                I2C2_EV_IRQHandler
                0x00000000000011ae                ADC1_2_IRQHandler
                0x00000000000011ae                Break_Point_Handler
                0x00000000000011ae                SPI1_IRQHandler
                0x00000000000011ae                TAMPER_IRQHandler
                0x00000000000011ae                Ecall_M_Mode_Handler
                0x00000000000011ae                DMA1_Channel4_IRQHandler
                0x00000000000011ae                USART3_IRQHandler
                0x00000000000011ae                RTC_IRQHandler
                0x00000000000011ae                DMA1_Channel7_IRQHandler
                0x00000000000011ae                CAN1_RX1_IRQHandler
                0x00000000000011ae                TIM4_IRQHandler
                0x00000000000011ae                I2C1_EV_IRQHandler
                0x00000000000011ae                UART4_IRQHandler
                0x00000000000011ae                TIM3_IRQHandler
                0x00000000000011ae                RCC_IRQHandler
                0x00000000000011ae                TIM1_TRG_COM_IRQHandler
                0x00000000000011ae                DMA1_Channel1_IRQHandler
                0x00000000000011ae                EXTI15_10_IRQHandler
                0x00000000000011ae                DMA1_Channel8_IRQHandler
                0x00000000000011ae                EXTI9_5_IRQHandler
                0x00000000000011ae                SPI2_IRQHandler
                0x00000000000011ae                DMA1_Channel5_IRQHandler
                0x00000000000011ae                EXTI4_IRQHandler
                0x00000000000011ae                USB_LP_CAN1_RX0_IRQHandler
                0x00000000000011ae                USB_HP_CAN1_TX_IRQHandler
                0x00000000000011ae                DMA1_Channel3_IRQHandler
                0x00000000000011ae                TIM1_UP_IRQHandler
                0x00000000000011ae                WWDG_IRQHandler
                0x00000000000011ae                Ecall_U_Mode_Handler
                0x00000000000011ae                TIM2_IRQHandler
                0x00000000000011ae                SW_Handler
                0x00000000000011ae                TIM1_BRK_IRQHandler
                0x00000000000011ae                EXTI1_IRQHandler
                0x00000000000011ae                RTCAlarm_IRQHandler
                0x00000000000011ae                I2C2_ER_IRQHandler
                0x00000000000011ae                DMA1_Channel2_IRQHandler
                0x00000000000011ae                CAN1_SCE_IRQHandler
                0x00000000000011ae                FLASH_IRQHandler
                0x00000000000011ae                USBFSWakeUp_IRQHandler
                0x00000000000011ae                USART1_IRQHandler
                0x00000000000011ae                I2C1_ER_IRQHandler
                0x00000000000011ae                EXTI2_IRQHandler
 .text.handle_reset
                0x00000000000011b0       0x86 ./Startup/startup_ch32v20x_D6.o
                0x00000000000011b0                handle_reset
 .text.DBGMCU_GetCHIPID
                0x0000000000001236        0xa ./Peripheral/src/ch32v20x_dbgmcu.o
                0x0000000000001236                DBGMCU_GetCHIPID
 .text.DMA_DeInit
                0x0000000000001240       0x9c ./Peripheral/src/ch32v20x_dma.o
                0x0000000000001240                DMA_DeInit
 .text.DMA_Init
                0x00000000000012dc       0x38 ./Peripheral/src/ch32v20x_dma.o
                0x00000000000012dc                DMA_Init
 .text.DMA_Cmd  0x0000000000001314       0x14 ./Peripheral/src/ch32v20x_dma.o
                0x0000000000001314                DMA_Cmd
 .text.DMA_ITConfig
                0x0000000000001328       0x12 ./Peripheral/src/ch32v20x_dma.o
                0x0000000000001328                DMA_ITConfig
 .text.DMA_GetCurrDataCounter
                0x000000000000133a        0x8 ./Peripheral/src/ch32v20x_dma.o
                0x000000000000133a                DMA_GetCurrDataCounter
 .text.DMA_GetFlagStatus
                0x0000000000001342        0xe ./Peripheral/src/ch32v20x_dma.o
                0x0000000000001342                DMA_GetFlagStatus
 .text.DMA_GetITStatus
                0x0000000000001350        0xa ./Peripheral/src/ch32v20x_dma.o
                0x0000000000001350                DMA_GetITStatus
 .text.DMA_ClearITPendingBit
                0x000000000000135a        0x8 ./Peripheral/src/ch32v20x_dma.o
                0x000000000000135a                DMA_ClearITPendingBit
 .text.FLASH_Unlock
                0x0000000000001362       0x1a ./Peripheral/src/ch32v20x_flash.o
                0x0000000000001362                FLASH_Unlock
 .text.FLASH_Lock
                0x000000000000137c        0xe ./Peripheral/src/ch32v20x_flash.o
                0x000000000000137c                FLASH_Lock
 .text.FLASH_GetBank1Status
                0x000000000000138a       0x18 ./Peripheral/src/ch32v20x_flash.o
                0x000000000000138a                FLASH_GetBank1Status
 .text.FLASH_WaitForLastOperation
                0x00000000000013a2       0x20 ./Peripheral/src/ch32v20x_flash.o
                0x00000000000013a2                FLASH_WaitForLastOperation
 .text.FLASH_ErasePage
                0x00000000000013c2       0x38 ./Peripheral/src/ch32v20x_flash.o
                0x00000000000013c2                FLASH_ErasePage
 .text.FLASH_ProgramWord
                0x00000000000013fa       0x4e ./Peripheral/src/ch32v20x_flash.o
                0x00000000000013fa                FLASH_ProgramWord
 .text.GPIO_Init
                0x0000000000001448       0xf2 ./Peripheral/src/ch32v20x_gpio.o
                0x0000000000001448                GPIO_Init
 .text.NVIC_PriorityGroupConfig
                0x000000000000153a        0x6 ./Peripheral/src/ch32v20x_misc.o
                0x000000000000153a                NVIC_PriorityGroupConfig
 .text.NVIC_Init
                0x0000000000001540       0x54 ./Peripheral/src/ch32v20x_misc.o
                0x0000000000001540                NVIC_Init
 .text.RCC_GetClocksFreq
                0x0000000000001594       0xbe ./Peripheral/src/ch32v20x_rcc.o
                0x0000000000001594                RCC_GetClocksFreq
 .text.RCC_AHBPeriphClockCmd
                0x0000000000001652       0x1e ./Peripheral/src/ch32v20x_rcc.o
                0x0000000000001652                RCC_AHBPeriphClockCmd
 .text.RCC_APB2PeriphClockCmd
                0x0000000000001670       0x1e ./Peripheral/src/ch32v20x_rcc.o
                0x0000000000001670                RCC_APB2PeriphClockCmd
 .text.RCC_APB1PeriphClockCmd
                0x000000000000168e       0x1e ./Peripheral/src/ch32v20x_rcc.o
                0x000000000000168e                RCC_APB1PeriphClockCmd
 .text.USART_Init
                0x00000000000016ac       0x8e ./Peripheral/src/ch32v20x_usart.o
                0x00000000000016ac                USART_Init
 .text.USART_Cmd
                0x000000000000173a       0x16 ./Peripheral/src/ch32v20x_usart.o
                0x000000000000173a                USART_Cmd
 .text.USART_ITConfig
                0x0000000000001750       0x36 ./Peripheral/src/ch32v20x_usart.o
                0x0000000000001750                USART_ITConfig
 .text.USART_DMACmd
                0x0000000000001786       0x12 ./Peripheral/src/ch32v20x_usart.o
                0x0000000000001786                USART_DMACmd
 .text.USART_SendData
                0x0000000000001798        0x8 ./Peripheral/src/ch32v20x_usart.o
                0x0000000000001798                USART_SendData
 .text.USART_GetFlagStatus
                0x00000000000017a0        0xa ./Peripheral/src/ch32v20x_usart.o
                0x00000000000017a0                USART_GetFlagStatus
 .text.USART_GetITStatus
                0x00000000000017aa       0x3c ./Peripheral/src/ch32v20x_usart.o
                0x00000000000017aa                USART_GetITStatus
 .text.USART_ClearITPendingBit
                0x00000000000017e6       0x14 ./Peripheral/src/ch32v20x_usart.o
                0x00000000000017e6                USART_ClearITPendingBit
 .text.Delay_Init
                0x00000000000017fa       0x2a ./Debug/debug.o
                0x00000000000017fa                Delay_Init
 .text.Delay_Ms
                0x0000000000001824       0x36 ./Debug/debug.o
                0x0000000000001824                Delay_Ms
 .text.USART_Printf_Init
                0x000000000000185a       0x54 ./Debug/debug.o
                0x000000000000185a                USART_Printf_Init
 .text._write   0x00000000000018ae       0x3a ./Debug/debug.o
                0x00000000000018ae                _write
 .text._sbrk    0x00000000000018e8       0x26 ./Debug/debug.o
                0x00000000000018e8                _sbrk
 .text.memcpy   0x000000000000190e       0xb2 /Applications/MounRiver Studio 2.app/Contents/Resources/app/resources/darwin/components/WCH/Toolchain/RISC-V Embedded GCC/bin/../lib/gcc/riscv-none-embed/8.2.0/../../../../riscv-none-embed/lib/rv32imacxw/ilp32/libg_nano.a(lib_a-memcpy.o)
                0x000000000000190e                memcpy
 .text.printf   0x00000000000019c0       0x40 /Applications/MounRiver Studio 2.app/Contents/Resources/app/resources/darwin/components/WCH/Toolchain/RISC-V Embedded GCC/bin/../lib/gcc/riscv-none-embed/8.2.0/../../../../riscv-none-embed/lib/rv32imacxw/ilp32/libg_nano.a(lib_a-printf.o)
                0x00000000000019c0                printf
                0x00000000000019c0                iprintf
 .text._puts_r  0x0000000000001a00       0xd4 /Applications/MounRiver Studio 2.app/Contents/Resources/app/resources/darwin/components/WCH/Toolchain/RISC-V Embedded GCC/bin/../lib/gcc/riscv-none-embed/8.2.0/../../../../riscv-none-embed/lib/rv32imacxw/ilp32/libg_nano.a(lib_a-puts.o)
                0x0000000000001a00                _puts_r
 .text.puts     0x0000000000001ad4        0xa /Applications/MounRiver Studio 2.app/Contents/Resources/app/resources/darwin/components/WCH/Toolchain/RISC-V Embedded GCC/bin/../lib/gcc/riscv-none-embed/8.2.0/../../../../riscv-none-embed/lib/rv32imacxw/ilp32/libg_nano.a(lib_a-puts.o)
                0x0000000000001ad4                puts
 .text.__swbuf_r
                0x0000000000001ade       0xbc /Applications/MounRiver Studio 2.app/Contents/Resources/app/resources/darwin/components/WCH/Toolchain/RISC-V Embedded GCC/bin/../lib/gcc/riscv-none-embed/8.2.0/../../../../riscv-none-embed/lib/rv32imacxw/ilp32/libg_nano.a(lib_a-wbuf.o)
                0x0000000000001ade                __swbuf_r
 .text.__swsetup_r
                0x0000000000001b9a       0xfc /Applications/MounRiver Studio 2.app/Contents/Resources/app/resources/darwin/components/WCH/Toolchain/RISC-V Embedded GCC/bin/../lib/gcc/riscv-none-embed/8.2.0/../../../../riscv-none-embed/lib/rv32imacxw/ilp32/libg_nano.a(lib_a-wsetup.o)
                0x0000000000001b9a                __swsetup_r
 .text.__sflush_r
                0x0000000000001c96      0x130 /Applications/MounRiver Studio 2.app/Contents/Resources/app/resources/darwin/components/WCH/Toolchain/RISC-V Embedded GCC/bin/../lib/gcc/riscv-none-embed/8.2.0/../../../../riscv-none-embed/lib/rv32imacxw/ilp32/libg_nano.a(lib_a-fflush.o)
                0x0000000000001c96                __sflush_r
 .text._fflush_r
                0x0000000000001dc6       0x64 /Applications/MounRiver Studio 2.app/Contents/Resources/app/resources/darwin/components/WCH/Toolchain/RISC-V Embedded GCC/bin/../lib/gcc/riscv-none-embed/8.2.0/../../../../riscv-none-embed/lib/rv32imacxw/ilp32/libg_nano.a(lib_a-fflush.o)
                0x0000000000001dc6                _fflush_r
 .text.std      0x0000000000001e2a       0x66 /Applications/MounRiver Studio 2.app/Contents/Resources/app/resources/darwin/components/WCH/Toolchain/RISC-V Embedded GCC/bin/../lib/gcc/riscv-none-embed/8.2.0/../../../../riscv-none-embed/lib/rv32imacxw/ilp32/libg_nano.a(lib_a-findfp.o)
 .text._cleanup_r
                0x0000000000001e90        0xa /Applications/MounRiver Studio 2.app/Contents/Resources/app/resources/darwin/components/WCH/Toolchain/RISC-V Embedded GCC/bin/../lib/gcc/riscv-none-embed/8.2.0/../../../../riscv-none-embed/lib/rv32imacxw/ilp32/libg_nano.a(lib_a-findfp.o)
                0x0000000000001e90                _cleanup_r
 .text.__sfmoreglue
                0x0000000000001e9a       0x46 /Applications/MounRiver Studio 2.app/Contents/Resources/app/resources/darwin/components/WCH/Toolchain/RISC-V Embedded GCC/bin/../lib/gcc/riscv-none-embed/8.2.0/../../../../riscv-none-embed/lib/rv32imacxw/ilp32/libg_nano.a(lib_a-findfp.o)
                0x0000000000001e9a                __sfmoreglue
 .text.__sinit  0x0000000000001ee0       0x66 /Applications/MounRiver Studio 2.app/Contents/Resources/app/resources/darwin/components/WCH/Toolchain/RISC-V Embedded GCC/bin/../lib/gcc/riscv-none-embed/8.2.0/../../../../riscv-none-embed/lib/rv32imacxw/ilp32/libg_nano.a(lib_a-findfp.o)
                0x0000000000001ee0                __sinit
 .text.__sfp    0x0000000000001f46       0x9c /Applications/MounRiver Studio 2.app/Contents/Resources/app/resources/darwin/components/WCH/Toolchain/RISC-V Embedded GCC/bin/../lib/gcc/riscv-none-embed/8.2.0/../../../../riscv-none-embed/lib/rv32imacxw/ilp32/libg_nano.a(lib_a-findfp.o)
                0x0000000000001f46                __sfp
 .text._fwalk_reent
                0x0000000000001fe2       0x6a /Applications/MounRiver Studio 2.app/Contents/Resources/app/resources/darwin/components/WCH/Toolchain/RISC-V Embedded GCC/bin/../lib/gcc/riscv-none-embed/8.2.0/../../../../riscv-none-embed/lib/rv32imacxw/ilp32/libg_nano.a(lib_a-fwalk.o)
                0x0000000000001fe2                _fwalk_reent
 .text.__swhatbuf_r
                0x000000000000204c       0x58 /Applications/MounRiver Studio 2.app/Contents/Resources/app/resources/darwin/components/WCH/Toolchain/RISC-V Embedded GCC/bin/../lib/gcc/riscv-none-embed/8.2.0/../../../../riscv-none-embed/lib/rv32imacxw/ilp32/libg_nano.a(lib_a-makebuf.o)
                0x000000000000204c                __swhatbuf_r
 .text.__smakebuf_r
                0x00000000000020a4       0x90 /Applications/MounRiver Studio 2.app/Contents/Resources/app/resources/darwin/components/WCH/Toolchain/RISC-V Embedded GCC/bin/../lib/gcc/riscv-none-embed/8.2.0/../../../../riscv-none-embed/lib/rv32imacxw/ilp32/libg_nano.a(lib_a-makebuf.o)
                0x00000000000020a4                __smakebuf_r
 .text._free_r  0x0000000000002134       0xa8 /Applications/MounRiver Studio 2.app/Contents/Resources/app/resources/darwin/components/WCH/Toolchain/RISC-V Embedded GCC/bin/../lib/gcc/riscv-none-embed/8.2.0/../../../../riscv-none-embed/lib/rv32imacxw/ilp32/libg_nano.a(lib_a-nano-freer.o)
                0x0000000000002134                _free_r
 .text._malloc_r
                0x00000000000021dc       0xd4 /Applications/MounRiver Studio 2.app/Contents/Resources/app/resources/darwin/components/WCH/Toolchain/RISC-V Embedded GCC/bin/../lib/gcc/riscv-none-embed/8.2.0/../../../../riscv-none-embed/lib/rv32imacxw/ilp32/libg_nano.a(lib_a-nano-mallocr.o)
                0x00000000000021dc                _malloc_r
 .text.__sfputc_r
                0x00000000000022b0       0x28 /Applications/MounRiver Studio 2.app/Contents/Resources/app/resources/darwin/components/WCH/Toolchain/RISC-V Embedded GCC/bin/../lib/gcc/riscv-none-embed/8.2.0/../../../../riscv-none-embed/lib/rv32imacxw/ilp32/libg_nano.a(lib_a-nano-vfprintf.o)
 .text.__sfputs_r
                0x00000000000022d8       0x40 /Applications/MounRiver Studio 2.app/Contents/Resources/app/resources/darwin/components/WCH/Toolchain/RISC-V Embedded GCC/bin/../lib/gcc/riscv-none-embed/8.2.0/../../../../riscv-none-embed/lib/rv32imacxw/ilp32/libg_nano.a(lib_a-nano-vfprintf.o)
                0x00000000000022d8                __sfputs_r
 .text._vfprintf_r
                0x0000000000002318      0x286 /Applications/MounRiver Studio 2.app/Contents/Resources/app/resources/darwin/components/WCH/Toolchain/RISC-V Embedded GCC/bin/../lib/gcc/riscv-none-embed/8.2.0/../../../../riscv-none-embed/lib/rv32imacxw/ilp32/libg_nano.a(lib_a-nano-vfprintf.o)
                0x0000000000002318                _vfiprintf_r
                0x0000000000002318                _vfprintf_r
 .text._printf_common
                0x000000000000259e      0x10c /Applications/MounRiver Studio 2.app/Contents/Resources/app/resources/darwin/components/WCH/Toolchain/RISC-V Embedded GCC/bin/../lib/gcc/riscv-none-embed/8.2.0/../../../../riscv-none-embed/lib/rv32imacxw/ilp32/libg_nano.a(lib_a-nano-vfprintf_i.o)
                0x000000000000259e                _printf_common
 .text._printf_i
                0x00000000000026aa      0x2a2 /Applications/MounRiver Studio 2.app/Contents/Resources/app/resources/darwin/components/WCH/Toolchain/RISC-V Embedded GCC/bin/../lib/gcc/riscv-none-embed/8.2.0/../../../../riscv-none-embed/lib/rv32imacxw/ilp32/libg_nano.a(lib_a-nano-vfprintf_i.o)
                0x00000000000026aa                _printf_i
 .text._sbrk_r  0x000000000000294c       0x2a /Applications/MounRiver Studio 2.app/Contents/Resources/app/resources/darwin/components/WCH/Toolchain/RISC-V Embedded GCC/bin/../lib/gcc/riscv-none-embed/8.2.0/../../../../riscv-none-embed/lib/rv32imacxw/ilp32/libg_nano.a(lib_a-sbrkr.o)
                0x000000000000294c                _sbrk_r
 .text.__sread  0x0000000000002976       0x2c /Applications/MounRiver Studio 2.app/Contents/Resources/app/resources/darwin/components/WCH/Toolchain/RISC-V Embedded GCC/bin/../lib/gcc/riscv-none-embed/8.2.0/../../../../riscv-none-embed/lib/rv32imacxw/ilp32/libg_nano.a(lib_a-stdio.o)
                0x0000000000002976                __sread
 .text.__swrite
                0x00000000000029a2       0x48 /Applications/MounRiver Studio 2.app/Contents/Resources/app/resources/darwin/components/WCH/Toolchain/RISC-V Embedded GCC/bin/../lib/gcc/riscv-none-embed/8.2.0/../../../../riscv-none-embed/lib/rv32imacxw/ilp32/libg_nano.a(lib_a-stdio.o)
                0x00000000000029a2                __swrite
 .text.__sseek  0x00000000000029ea       0x30 /Applications/MounRiver Studio 2.app/Contents/Resources/app/resources/darwin/components/WCH/Toolchain/RISC-V Embedded GCC/bin/../lib/gcc/riscv-none-embed/8.2.0/../../../../riscv-none-embed/lib/rv32imacxw/ilp32/libg_nano.a(lib_a-stdio.o)
                0x00000000000029ea                __sseek
 .text.__sclose
                0x0000000000002a1a        0x6 /Applications/MounRiver Studio 2.app/Contents/Resources/app/resources/darwin/components/WCH/Toolchain/RISC-V Embedded GCC/bin/../lib/gcc/riscv-none-embed/8.2.0/../../../../riscv-none-embed/lib/rv32imacxw/ilp32/libg_nano.a(lib_a-stdio.o)
                0x0000000000002a1a                __sclose
 .text._write_r
                0x0000000000002a20       0x2e /Applications/MounRiver Studio 2.app/Contents/Resources/app/resources/darwin/components/WCH/Toolchain/RISC-V Embedded GCC/bin/../lib/gcc/riscv-none-embed/8.2.0/../../../../riscv-none-embed/lib/rv32imacxw/ilp32/libg_nano.a(lib_a-writer.o)
                0x0000000000002a20                _write_r
 .text._close_r
                0x0000000000002a4e       0x28 /Applications/MounRiver Studio 2.app/Contents/Resources/app/resources/darwin/components/WCH/Toolchain/RISC-V Embedded GCC/bin/../lib/gcc/riscv-none-embed/8.2.0/../../../../riscv-none-embed/lib/rv32imacxw/ilp32/libg_nano.a(lib_a-closer.o)
                0x0000000000002a4e                _close_r
 .text._fstat_r
                0x0000000000002a76       0x2a /Applications/MounRiver Studio 2.app/Contents/Resources/app/resources/darwin/components/WCH/Toolchain/RISC-V Embedded GCC/bin/../lib/gcc/riscv-none-embed/8.2.0/../../../../riscv-none-embed/lib/rv32imacxw/ilp32/libg_nano.a(lib_a-fstatr.o)
                0x0000000000002a76                _fstat_r
 .text._isatty_r
                0x0000000000002aa0       0x28 /Applications/MounRiver Studio 2.app/Contents/Resources/app/resources/darwin/components/WCH/Toolchain/RISC-V Embedded GCC/bin/../lib/gcc/riscv-none-embed/8.2.0/../../../../riscv-none-embed/lib/rv32imacxw/ilp32/libg_nano.a(lib_a-isattyr.o)
                0x0000000000002aa0                _isatty_r
 .text._lseek_r
                0x0000000000002ac8       0x2c /Applications/MounRiver Studio 2.app/Contents/Resources/app/resources/darwin/components/WCH/Toolchain/RISC-V Embedded GCC/bin/../lib/gcc/riscv-none-embed/8.2.0/../../../../riscv-none-embed/lib/rv32imacxw/ilp32/libg_nano.a(lib_a-lseekr.o)
                0x0000000000002ac8                _lseek_r
 .text.memchr   0x0000000000002af4       0x18 /Applications/MounRiver Studio 2.app/Contents/Resources/app/resources/darwin/components/WCH/Toolchain/RISC-V Embedded GCC/bin/../lib/gcc/riscv-none-embed/8.2.0/../../../../riscv-none-embed/lib/rv32imacxw/ilp32/libg_nano.a(lib_a-memchr.o)
                0x0000000000002af4                memchr
 .text.__malloc_lock
                0x0000000000002b0c        0x2 /Applications/MounRiver Studio 2.app/Contents/Resources/app/resources/darwin/components/WCH/Toolchain/RISC-V Embedded GCC/bin/../lib/gcc/riscv-none-embed/8.2.0/../../../../riscv-none-embed/lib/rv32imacxw/ilp32/libg_nano.a(lib_a-mlock.o)
                0x0000000000002b0c                __malloc_lock
 .text.__malloc_unlock
                0x0000000000002b0e        0x2 /Applications/MounRiver Studio 2.app/Contents/Resources/app/resources/darwin/components/WCH/Toolchain/RISC-V Embedded GCC/bin/../lib/gcc/riscv-none-embed/8.2.0/../../../../riscv-none-embed/lib/rv32imacxw/ilp32/libg_nano.a(lib_a-mlock.o)
                0x0000000000002b0e                __malloc_unlock
 .text._read_r  0x0000000000002b10       0x2c /Applications/MounRiver Studio 2.app/Contents/Resources/app/resources/darwin/components/WCH/Toolchain/RISC-V Embedded GCC/bin/../lib/gcc/riscv-none-embed/8.2.0/../../../../riscv-none-embed/lib/rv32imacxw/ilp32/libg_nano.a(lib_a-readr.o)
                0x0000000000002b10                _read_r
 .text._close   0x0000000000002b3c        0xc /Applications/MounRiver Studio 2.app/Contents/Resources/app/resources/darwin/components/WCH/Toolchain/RISC-V Embedded GCC/bin/../lib/gcc/riscv-none-embed/8.2.0/../../../../riscv-none-embed/lib/rv32imacxw/ilp32/libnosys.a(close.o)
                0x0000000000002b3c                _close
 .text._fstat   0x0000000000002b48        0xc /Applications/MounRiver Studio 2.app/Contents/Resources/app/resources/darwin/components/WCH/Toolchain/RISC-V Embedded GCC/bin/../lib/gcc/riscv-none-embed/8.2.0/../../../../riscv-none-embed/lib/rv32imacxw/ilp32/libnosys.a(fstat.o)
                0x0000000000002b48                _fstat
 .text._isatty  0x0000000000002b54        0xc /Applications/MounRiver Studio 2.app/Contents/Resources/app/resources/darwin/components/WCH/Toolchain/RISC-V Embedded GCC/bin/../lib/gcc/riscv-none-embed/8.2.0/../../../../riscv-none-embed/lib/rv32imacxw/ilp32/libnosys.a(isatty.o)
                0x0000000000002b54                _isatty
 .text._lseek   0x0000000000002b60        0xc /Applications/MounRiver Studio 2.app/Contents/Resources/app/resources/darwin/components/WCH/Toolchain/RISC-V Embedded GCC/bin/../lib/gcc/riscv-none-embed/8.2.0/../../../../riscv-none-embed/lib/rv32imacxw/ilp32/libnosys.a(lseek.o)
                0x0000000000002b60                _lseek
 .text._read    0x0000000000002b6c        0xc /Applications/MounRiver Studio 2.app/Contents/Resources/app/resources/darwin/components/WCH/Toolchain/RISC-V Embedded GCC/bin/../lib/gcc/riscv-none-embed/8.2.0/../../../../riscv-none-embed/lib/rv32imacxw/ilp32/libnosys.a(read.o)
                0x0000000000002b6c                _read
 *(.rodata)
 *(.rodata*)
 .rodata.PARAM_Init.str1.4
                0x0000000000002b78       0x19 ./User/flash_param.o
 *fill*         0x0000000000002b91        0x3 
 .rodata.PrintParamInfo
                0x0000000000002b94       0x14 ./User/main.o
 .rodata.PrintParamInfo.str1.4
                0x0000000000002ba8      0x1a6 ./User/main.o
 *fill*         0x0000000000002d4e        0x2 
 .rodata.main.str1.4
                0x0000000000002d50      0x11c ./User/main.o
 .rodata.CSWTCH.10
                0x0000000000002e6c       0x14 ./User/param_code_table.o
 .rodata.DefaultSystemParams
                0x0000000000002e80       0x14 ./User/param_code_table.o
 .rodata.GetStripTypeName.str1.4
                0x0000000000002e94        0x8 ./User/param_code_table.o
 .rodata.str1.4
                0x0000000000002e9c       0x14 ./User/param_code_table.o
 .rodata.UART_Process_Packet
                0x0000000000002eb0       0x18 ./User/uart_protocol.o
 .rodata.CSWTCH.17
                0x0000000000002ec8        0xa ./User/uart_protocol.o
 *fill*         0x0000000000002ed2        0x2 
 .rodata.__sf_fake_stderr
                0x0000000000002ed4       0x20 /Applications/MounRiver Studio 2.app/Contents/Resources/app/resources/darwin/components/WCH/Toolchain/RISC-V Embedded GCC/bin/../lib/gcc/riscv-none-embed/8.2.0/../../../../riscv-none-embed/lib/rv32imacxw/ilp32/libg_nano.a(lib_a-findfp.o)
                0x0000000000002ed4                __sf_fake_stderr
 .rodata.__sf_fake_stdin
                0x0000000000002ef4       0x20 /Applications/MounRiver Studio 2.app/Contents/Resources/app/resources/darwin/components/WCH/Toolchain/RISC-V Embedded GCC/bin/../lib/gcc/riscv-none-embed/8.2.0/../../../../riscv-none-embed/lib/rv32imacxw/ilp32/libg_nano.a(lib_a-findfp.o)
                0x0000000000002ef4                __sf_fake_stdin
 .rodata.__sf_fake_stdout
                0x0000000000002f14       0x20 /Applications/MounRiver Studio 2.app/Contents/Resources/app/resources/darwin/components/WCH/Toolchain/RISC-V Embedded GCC/bin/../lib/gcc/riscv-none-embed/8.2.0/../../../../riscv-none-embed/lib/rv32imacxw/ilp32/libg_nano.a(lib_a-findfp.o)
                0x0000000000002f14                __sf_fake_stdout
 .rodata._vfprintf_r.str1.4
                0x0000000000002f34       0x13 /Applications/MounRiver Studio 2.app/Contents/Resources/app/resources/darwin/components/WCH/Toolchain/RISC-V Embedded GCC/bin/../lib/gcc/riscv-none-embed/8.2.0/../../../../riscv-none-embed/lib/rv32imacxw/ilp32/libg_nano.a(lib_a-nano-vfprintf.o)
 *fill*         0x0000000000002f47        0x1 
 .rodata._printf_i.str1.4
                0x0000000000002f48       0x28 /Applications/MounRiver Studio 2.app/Contents/Resources/app/resources/darwin/components/WCH/Toolchain/RISC-V Embedded GCC/bin/../lib/gcc/riscv-none-embed/8.2.0/../../../../riscv-none-embed/lib/rv32imacxw/ilp32/libg_nano.a(lib_a-nano-vfprintf_i.o)
                                         0x25 (size before relaxing)
 *(.gnu.linkonce.t.*)
                0x0000000000002f70                . = ALIGN (0x4)

.rela.dyn       0x0000000000002f70        0x0
 .rela.init     0x0000000000002f70        0x0 ./User/ch32v20x_it.o
 .rela.vector   0x0000000000002f70        0x0 ./User/ch32v20x_it.o
 .rela.text.handle_reset
                0x0000000000002f70        0x0 ./User/ch32v20x_it.o
 .rela.text._sbrk
                0x0000000000002f70        0x0 ./User/ch32v20x_it.o
 .rela.sdata.curbrk.4652
                0x0000000000002f70        0x0 ./User/ch32v20x_it.o
 .rela.text._vfprintf_r
                0x0000000000002f70        0x0 ./User/ch32v20x_it.o
 .rela.text._sbrk_r
                0x0000000000002f70        0x0 ./User/ch32v20x_it.o
 .rela.text._write_r
                0x0000000000002f70        0x0 ./User/ch32v20x_it.o
 .rela.text._close_r
                0x0000000000002f70        0x0 ./User/ch32v20x_it.o
 .rela.text._fstat_r
                0x0000000000002f70        0x0 ./User/ch32v20x_it.o
 .rela.text._isatty_r
                0x0000000000002f70        0x0 ./User/ch32v20x_it.o
 .rela.text._lseek_r
                0x0000000000002f70        0x0 ./User/ch32v20x_it.o
 .rela.text._read_r
                0x0000000000002f70        0x0 ./User/ch32v20x_it.o
 .rela.text._close
                0x0000000000002f70        0x0 ./User/ch32v20x_it.o
 .rela.text._fstat
                0x0000000000002f70        0x0 ./User/ch32v20x_it.o
 .rela.text._isatty
                0x0000000000002f70        0x0 ./User/ch32v20x_it.o
 .rela.text._lseek
                0x0000000000002f70        0x0 ./User/ch32v20x_it.o
 .rela.text._read
                0x0000000000002f70        0x0 ./User/ch32v20x_it.o

.fini           0x0000000000002f70        0x0
 *(SORT_NONE(.fini))
                0x0000000000002f70                . = ALIGN (0x4)
                [!provide]                        PROVIDE (_etext = .)
                [!provide]                        PROVIDE (_eitcm = .)

.preinit_array  0x0000000000002f70        0x0
                [!provide]                        PROVIDE (__preinit_array_start = .)
 *(.preinit_array)
                [!provide]                        PROVIDE (__preinit_array_end = .)

.init_array     0x0000000000002f70        0x0
                [!provide]                        PROVIDE (__init_array_start = .)
 *(SORT_BY_INIT_PRIORITY(.init_array.*) SORT_BY_INIT_PRIORITY(.ctors.*))
 *(.init_array EXCLUDE_FILE(*crtend?.o *crtend.o *crtbegin?.o *crtbegin.o) .ctors)
                [!provide]                        PROVIDE (__init_array_end = .)

.fini_array     0x0000000000002f70        0x0
                [!provide]                        PROVIDE (__fini_array_start = .)
 *(SORT_BY_INIT_PRIORITY(.fini_array.*) SORT_BY_INIT_PRIORITY(.dtors.*))
 *(.fini_array EXCLUDE_FILE(*crtend?.o *crtend.o *crtbegin?.o *crtbegin.o) .dtors)
                [!provide]                        PROVIDE (__fini_array_end = .)

.ctors
 *crtbegin.o(.ctors)
 *crtbegin?.o(.ctors)
 *(EXCLUDE_FILE(*crtend?.o *crtend.o) .ctors)
 *(SORT_BY_NAME(.ctors.*))
 *(.ctors)

.dtors
 *crtbegin.o(.dtors)
 *crtbegin?.o(.dtors)
 *(EXCLUDE_FILE(*crtend?.o *crtend.o) .dtors)
 *(SORT_BY_NAME(.dtors.*))
 *(.dtors)

.dalign         0x0000000020000000        0x0 load address 0x0000000000002f70
                0x0000000020000000                . = ALIGN (0x4)
                0x0000000020000000                PROVIDE (_data_vma = .)

.dlalign        0x0000000000002f70        0x0
                0x0000000000002f70                . = ALIGN (0x4)
                0x0000000000002f70                PROVIDE (_data_lma = .)

.data           0x0000000020000000       0x98 load address 0x0000000000002f70
 *(.gnu.linkonce.r.*)
 *(.data .data.*)
 .data.AHBPrescTable
                0x0000000020000000       0x10 ./User/system_ch32v20x.o
                0x0000000020000000                AHBPrescTable
 .data.APBAHBPrescTable
                0x0000000020000010       0x10 ./Peripheral/src/ch32v20x_rcc.o
 .data.impure_data
                0x0000000020000020       0x60 /Applications/MounRiver Studio 2.app/Contents/Resources/app/resources/darwin/components/WCH/Toolchain/RISC-V Embedded GCC/bin/../lib/gcc/riscv-none-embed/8.2.0/../../../../riscv-none-embed/lib/rv32imacxw/ilp32/libg_nano.a(lib_a-impure.o)
 *(.gnu.linkonce.d.*)
                0x0000000020000080                . = ALIGN (0x8)
                0x0000000020000880                PROVIDE (__global_pointer$ = (. + 0x800))
 *(.sdata .sdata.*)
 .sdata.activeParamBlockAddr
                0x0000000020000080        0x4 ./User/flash_param.o
 .sdata.SystemCoreClock
                0x0000000020000084        0x4 ./User/system_ch32v20x.o
                0x0000000020000084                SystemCoreClock
 .sdata.ADCPrescTable
                0x0000000020000088        0x4 ./Peripheral/src/ch32v20x_rcc.o
 .sdata.curbrk.4652
                0x000000002000008c        0x4 ./Debug/debug.o
 .sdata._impure_ptr
                0x0000000020000090        0x4 /Applications/MounRiver Studio 2.app/Contents/Resources/app/resources/darwin/components/WCH/Toolchain/RISC-V Embedded GCC/bin/../lib/gcc/riscv-none-embed/8.2.0/../../../../riscv-none-embed/lib/rv32imacxw/ilp32/libg_nano.a(lib_a-impure.o)
                0x0000000020000090                _impure_ptr
 *(.sdata2.*)
 .sdata2._global_impure_ptr
                0x0000000020000094        0x4 /Applications/MounRiver Studio 2.app/Contents/Resources/app/resources/darwin/components/WCH/Toolchain/RISC-V Embedded GCC/bin/../lib/gcc/riscv-none-embed/8.2.0/../../../../riscv-none-embed/lib/rv32imacxw/ilp32/libg_nano.a(lib_a-impure.o)
                0x0000000020000094                _global_impure_ptr
 *(.gnu.linkonce.s.*)
                0x0000000020000098                . = ALIGN (0x8)
 *(.srodata.cst16)
 *(.srodata.cst8)
 *(.srodata.cst4)
 *(.srodata.cst2)
 *(.srodata .srodata.*)
                0x0000000020000098                . = ALIGN (0x4)
                0x0000000020000098                PROVIDE (_edata = .)

.bss            0x0000000020000098      0x460 load address 0x0000000000003008
                0x0000000020000098                . = ALIGN (0x4)
                0x0000000020000098                PROVIDE (_sbss = .)
 *(.sbss*)
 .sbss.Test_Record
                0x0000000020000098        0x4 ./User/uart_protocol.o
 .sbss.dmaRxCompleteFlag
                0x000000002000009c        0x1 ./User/uart_protocol.o
 *fill*         0x000000002000009d        0x3 
 .sbss.errorData
                0x00000000200000a0        0x2 ./User/uart_protocol.o
 .sbss.rxDataCount
                0x00000000200000a2        0x1 ./User/uart_protocol.o
 *fill*         0x00000000200000a3        0x1 
 .sbss.rxState  0x00000000200000a4        0x4 ./User/uart_protocol.o
 .sbss.MCU_Version
                0x00000000200000a8        0x1 ./Peripheral/src/ch32v20x_gpio.o
                0x00000000200000a8                MCU_Version
 *fill*         0x00000000200000a9        0x3 
 .sbss.NVIC_Priority_Group
                0x00000000200000ac        0x4 ./Peripheral/src/ch32v20x_misc.o
                0x00000000200000ac                NVIC_Priority_Group
 .sbss.p_ms     0x00000000200000b0        0x2 ./Debug/debug.o
 .sbss.p_us     0x00000000200000b2        0x1 ./Debug/debug.o
 *fill*         0x00000000200000b3        0x1 
 .sbss.__malloc_free_list
                0x00000000200000b4        0x4 /Applications/MounRiver Studio 2.app/Contents/Resources/app/resources/darwin/components/WCH/Toolchain/RISC-V Embedded GCC/bin/../lib/gcc/riscv-none-embed/8.2.0/../../../../riscv-none-embed/lib/rv32imacxw/ilp32/libg_nano.a(lib_a-nano-mallocr.o)
                0x00000000200000b4                __malloc_free_list
 .sbss.__malloc_sbrk_start
                0x00000000200000b8        0x4 /Applications/MounRiver Studio 2.app/Contents/Resources/app/resources/darwin/components/WCH/Toolchain/RISC-V Embedded GCC/bin/../lib/gcc/riscv-none-embed/8.2.0/../../../../riscv-none-embed/lib/rv32imacxw/ilp32/libg_nano.a(lib_a-nano-mallocr.o)
                0x00000000200000b8                __malloc_sbrk_start
 *(.gnu.linkonce.sb.*)
 *(.bss*)
 .bss.ParamCodeTable
                0x00000000200000bc      0x2a0 ./User/param_code_table.o
                0x00000000200000bc                ParamCodeTable
 .bss.rxDMABuffer
                0x000000002000035c       0x85 ./User/uart_protocol.o
 *fill*         0x00000000200003e1        0x3 
 .bss.rxPacket  0x00000000200003e4       0x85 ./User/uart_protocol.o
 *fill*         0x0000000020000469        0x3 
 .bss.txBuffer  0x000000002000046c       0x85 ./User/uart_protocol.o
 *(.gnu.linkonce.b.*)
 *(COMMON*)
 *fill*         0x00000000200004f1        0x3 
 COMMON         0x00000000200004f4        0x4 /Applications/MounRiver Studio 2.app/Contents/Resources/app/resources/darwin/components/WCH/Toolchain/RISC-V Embedded GCC/bin/../lib/gcc/riscv-none-embed/8.2.0/../../../../riscv-none-embed/lib/rv32imacxw/ilp32/libg_nano.a(lib_a-reent.o)
                0x00000000200004f4                errno
                0x00000000200004f8                . = ALIGN (0x4)
                0x00000000200004f8                PROVIDE (_ebss = .)
                0x00000000200004f8                PROVIDE (_end = _ebss)
                [!provide]                        PROVIDE (end = .)

.stack          0x0000000020004800      0x800
                0x0000000020004800                PROVIDE (_heap_end = .)
                0x0000000020004800                . = ALIGN (0x4)
                [!provide]                        PROVIDE (_susrstack = .)
                0x0000000020005000                . = (. + __stack_size)
 *fill*         0x0000000020004800      0x800 
                0x0000000020005000                PROVIDE (_eusrstack = .)
OUTPUT(CH32V203G8R6.elf elf32-littleriscv)

.debug_info     0x0000000000000000    0x1005a
 .debug_info    0x0000000000000000      0xbb5 ./User/ch32v20x_it.o
 .debug_info    0x0000000000000bb5     0x1d0b ./User/flash_param.o
 .debug_info    0x00000000000028c0     0x123b ./User/main.o
 .debug_info    0x0000000000003afb     0x1330 ./User/param_code_table.o
 .debug_info    0x0000000000004e2b      0xb30 ./User/system_ch32v20x.o
 .debug_info    0x000000000000595b     0x2303 ./User/uart_protocol.o
 .debug_info    0x0000000000007c5e       0x22 ./Startup/startup_ch32v20x_D6.o
 .debug_info    0x0000000000007c80      0xa89 ./Peripheral/src/ch32v20x_dbgmcu.o
 .debug_info    0x0000000000008709      0xd16 ./Peripheral/src/ch32v20x_dma.o
 .debug_info    0x000000000000941f     0x15d2 ./Peripheral/src/ch32v20x_flash.o
 .debug_info    0x000000000000a9f1     0x1349 ./Peripheral/src/ch32v20x_gpio.o
 .debug_info    0x000000000000bd3a      0xe61 ./Peripheral/src/ch32v20x_misc.o
 .debug_info    0x000000000000cb9b     0x1268 ./Peripheral/src/ch32v20x_rcc.o
 .debug_info    0x000000000000de03     0x1335 ./Peripheral/src/ch32v20x_usart.o
 .debug_info    0x000000000000f138      0xf22 ./Debug/debug.o

.debug_abbrev   0x0000000000000000     0x2e39
 .debug_abbrev  0x0000000000000000      0x22c ./User/ch32v20x_it.o
 .debug_abbrev  0x000000000000022c      0x47e ./User/flash_param.o
 .debug_abbrev  0x00000000000006aa      0x29e ./User/main.o
 .debug_abbrev  0x0000000000000948      0x37b ./User/param_code_table.o
 .debug_abbrev  0x0000000000000cc3      0x2b0 ./User/system_ch32v20x.o
 .debug_abbrev  0x0000000000000f73      0x4bf ./User/uart_protocol.o
 .debug_abbrev  0x0000000000001432       0x12 ./Startup/startup_ch32v20x_D6.o
 .debug_abbrev  0x0000000000001444      0x2f7 ./Peripheral/src/ch32v20x_dbgmcu.o
 .debug_abbrev  0x000000000000173b      0x302 ./Peripheral/src/ch32v20x_dma.o
 .debug_abbrev  0x0000000000001a3d      0x468 ./Peripheral/src/ch32v20x_flash.o
 .debug_abbrev  0x0000000000001ea5      0x34b ./Peripheral/src/ch32v20x_gpio.o
 .debug_abbrev  0x00000000000021f0      0x2ea ./Peripheral/src/ch32v20x_misc.o
 .debug_abbrev  0x00000000000024da      0x36b ./Peripheral/src/ch32v20x_rcc.o
 .debug_abbrev  0x0000000000002845      0x312 ./Peripheral/src/ch32v20x_usart.o
 .debug_abbrev  0x0000000000002b57      0x2e2 ./Debug/debug.o

.debug_aranges  0x0000000000000000      0x730
 .debug_aranges
                0x0000000000000000       0x28 ./User/ch32v20x_it.o
 .debug_aranges
                0x0000000000000028       0x88 ./User/flash_param.o
 .debug_aranges
                0x00000000000000b0       0x28 ./User/main.o
 .debug_aranges
                0x00000000000000d8       0x70 ./User/param_code_table.o
 .debug_aranges
                0x0000000000000148       0x28 ./User/system_ch32v20x.o
 .debug_aranges
                0x0000000000000170       0x90 ./User/uart_protocol.o
 .debug_aranges
                0x0000000000000200       0x30 ./Startup/startup_ch32v20x_D6.o
 .debug_aranges
                0x0000000000000230       0x48 ./Peripheral/src/ch32v20x_dbgmcu.o
 .debug_aranges
                0x0000000000000278       0x60 ./Peripheral/src/ch32v20x_dma.o
 .debug_aranges
                0x00000000000002d8      0x110 ./Peripheral/src/ch32v20x_flash.o
 .debug_aranges
                0x00000000000003e8       0xb0 ./Peripheral/src/ch32v20x_gpio.o
 .debug_aranges
                0x0000000000000498       0x28 ./Peripheral/src/ch32v20x_misc.o
 .debug_aranges
                0x00000000000004c0      0x130 ./Peripheral/src/ch32v20x_rcc.o
 .debug_aranges
                0x00000000000005f0       0xf0 ./Peripheral/src/ch32v20x_usart.o
 .debug_aranges
                0x00000000000006e0       0x50 ./Debug/debug.o

.debug_ranges   0x0000000000000000      0x860
 .debug_ranges  0x0000000000000000       0x18 ./User/ch32v20x_it.o
 .debug_ranges  0x0000000000000018      0x188 ./User/flash_param.o
 .debug_ranges  0x00000000000001a0       0x18 ./User/main.o
 .debug_ranges  0x00000000000001b8       0xb0 ./User/param_code_table.o
 .debug_ranges  0x0000000000000268       0x18 ./User/system_ch32v20x.o
 .debug_ranges  0x0000000000000280       0xf0 ./User/uart_protocol.o
 .debug_ranges  0x0000000000000370       0x28 ./Startup/startup_ch32v20x_D6.o
 .debug_ranges  0x0000000000000398       0x50 ./Peripheral/src/ch32v20x_dbgmcu.o
 .debug_ranges  0x00000000000003e8       0x50 ./Peripheral/src/ch32v20x_dma.o
 .debug_ranges  0x0000000000000438      0x100 ./Peripheral/src/ch32v20x_flash.o
 .debug_ranges  0x0000000000000538       0xa0 ./Peripheral/src/ch32v20x_gpio.o
 .debug_ranges  0x00000000000005d8       0x48 ./Peripheral/src/ch32v20x_misc.o
 .debug_ranges  0x0000000000000620      0x120 ./Peripheral/src/ch32v20x_rcc.o
 .debug_ranges  0x0000000000000740       0xe0 ./Peripheral/src/ch32v20x_usart.o
 .debug_ranges  0x0000000000000820       0x40 ./Debug/debug.o

.debug_line     0x0000000000000000     0xc24a
 .debug_line    0x0000000000000000      0x37e ./User/ch32v20x_it.o
 .debug_line    0x000000000000037e     0x1663 ./User/flash_param.o
 .debug_line    0x00000000000019e1      0x6a1 ./User/main.o
 .debug_line    0x0000000000002082      0xac4 ./User/param_code_table.o
 .debug_line    0x0000000000002b46      0x69d ./User/system_ch32v20x.o
 .debug_line    0x00000000000031e3     0x1664 ./User/uart_protocol.o
 .debug_line    0x0000000000004847      0x121 ./Startup/startup_ch32v20x_D6.o
 .debug_line    0x0000000000004968      0x459 ./Peripheral/src/ch32v20x_dbgmcu.o
 .debug_line    0x0000000000004dc1      0x8a2 ./Peripheral/src/ch32v20x_dma.o
 .debug_line    0x0000000000005663     0x2620 ./Peripheral/src/ch32v20x_flash.o
 .debug_line    0x0000000000007c83     0x16f6 ./Peripheral/src/ch32v20x_gpio.o
 .debug_line    0x0000000000009379      0x4c8 ./Peripheral/src/ch32v20x_misc.o
 .debug_line    0x0000000000009841     0x127e ./Peripheral/src/ch32v20x_rcc.o
 .debug_line    0x000000000000aabf      0xf61 ./Peripheral/src/ch32v20x_usart.o
 .debug_line    0x000000000000ba20      0x82a ./Debug/debug.o

.debug_str      0x0000000000000000     0x2a65
 .debug_str     0x0000000000000000      0x642 ./User/ch32v20x_it.o
                                        0x6a5 (size before relaxing)
 .debug_str     0x0000000000000642      0x682 ./User/flash_param.o
                                        0xc84 (size before relaxing)
 .debug_str     0x0000000000000cc4       0xfd ./User/main.o
                                        0x9bf (size before relaxing)
 .debug_str     0x0000000000000dc1      0x138 ./User/param_code_table.o
                                        0x9fa (size before relaxing)
 .debug_str     0x0000000000000ef9       0xdd ./User/system_ch32v20x.o
                                        0x6c0 (size before relaxing)
 .debug_str     0x0000000000000fd6      0xaf0 ./User/uart_protocol.o
                                       0x14a0 (size before relaxing)
 .debug_str     0x0000000000001ac6       0x2d ./Startup/startup_ch32v20x_D6.o
                                         0x76 (size before relaxing)
 .debug_str     0x0000000000001af3       0x87 ./Peripheral/src/ch32v20x_dbgmcu.o
                                        0x666 (size before relaxing)
 .debug_str     0x0000000000001b7a       0xd2 ./Peripheral/src/ch32v20x_dma.o
                                        0x813 (size before relaxing)
 .debug_str     0x0000000000001c4c      0x40a ./Peripheral/src/ch32v20x_flash.o
                                        0xb3f (size before relaxing)
 .debug_str     0x0000000000002056      0x269 ./Peripheral/src/ch32v20x_gpio.o
                                        0x9dc (size before relaxing)
 .debug_str     0x00000000000022bf       0x9c ./Peripheral/src/ch32v20x_misc.o
                                        0xa9e (size before relaxing)
 .debug_str     0x000000000000235b      0x3af ./Peripheral/src/ch32v20x_rcc.o
                                        0xaee (size before relaxing)
 .debug_str     0x000000000000270a      0x2de ./Peripheral/src/ch32v20x_usart.o
                                        0xb0a (size before relaxing)
 .debug_str     0x00000000000029e8       0x7d ./Debug/debug.o
                                        0x931 (size before relaxing)

.comment        0x0000000000000000       0x32
 .comment       0x0000000000000000       0x32 ./User/ch32v20x_it.o
                                         0x33 (size before relaxing)
 .comment       0x0000000000000032       0x33 ./User/flash_param.o
 .comment       0x0000000000000032       0x33 ./User/main.o
 .comment       0x0000000000000032       0x33 ./User/param_code_table.o
 .comment       0x0000000000000032       0x33 ./User/system_ch32v20x.o
 .comment       0x0000000000000032       0x33 ./User/uart_protocol.o
 .comment       0x0000000000000032       0x33 ./Peripheral/src/ch32v20x_dbgmcu.o
 .comment       0x0000000000000032       0x33 ./Peripheral/src/ch32v20x_dma.o
 .comment       0x0000000000000032       0x33 ./Peripheral/src/ch32v20x_flash.o
 .comment       0x0000000000000032       0x33 ./Peripheral/src/ch32v20x_gpio.o
 .comment       0x0000000000000032       0x33 ./Peripheral/src/ch32v20x_misc.o
 .comment       0x0000000000000032       0x33 ./Peripheral/src/ch32v20x_rcc.o
 .comment       0x0000000000000032       0x33 ./Peripheral/src/ch32v20x_usart.o
 .comment       0x0000000000000032       0x33 ./Debug/debug.o

.debug_frame    0x0000000000000000     0x1a20
 .debug_frame   0x0000000000000000       0x30 ./User/ch32v20x_it.o
 .debug_frame   0x0000000000000030      0x1dc ./User/flash_param.o
 .debug_frame   0x000000000000020c       0x4c ./User/main.o
 .debug_frame   0x0000000000000258      0x110 ./User/param_code_table.o
 .debug_frame   0x0000000000000368       0x30 ./User/system_ch32v20x.o
 .debug_frame   0x0000000000000398      0x208 ./User/uart_protocol.o
 .debug_frame   0x00000000000005a0       0x70 ./Peripheral/src/ch32v20x_dbgmcu.o
 .debug_frame   0x0000000000000610       0xcc ./Peripheral/src/ch32v20x_dma.o
 .debug_frame   0x00000000000006dc      0x380 ./Peripheral/src/ch32v20x_flash.o
 .debug_frame   0x0000000000000a5c      0x170 ./Peripheral/src/ch32v20x_gpio.o
 .debug_frame   0x0000000000000bcc       0x30 ./Peripheral/src/ch32v20x_misc.o
 .debug_frame   0x0000000000000bfc      0x254 ./Peripheral/src/ch32v20x_rcc.o
 .debug_frame   0x0000000000000e50      0x1e4 ./Peripheral/src/ch32v20x_usart.o
 .debug_frame   0x0000000000001034       0xb8 ./Debug/debug.o
 .debug_frame   0x00000000000010ec       0x20 /Applications/MounRiver Studio 2.app/Contents/Resources/app/resources/darwin/components/WCH/Toolchain/RISC-V Embedded GCC/bin/../lib/gcc/riscv-none-embed/8.2.0/../../../../riscv-none-embed/lib/rv32imacxw/ilp32/libg_nano.a(lib_a-memcpy.o)
 .debug_frame   0x000000000000110c       0x54 /Applications/MounRiver Studio 2.app/Contents/Resources/app/resources/darwin/components/WCH/Toolchain/RISC-V Embedded GCC/bin/../lib/gcc/riscv-none-embed/8.2.0/../../../../riscv-none-embed/lib/rv32imacxw/ilp32/libg_nano.a(lib_a-printf.o)
 .debug_frame   0x0000000000001160       0x54 /Applications/MounRiver Studio 2.app/Contents/Resources/app/resources/darwin/components/WCH/Toolchain/RISC-V Embedded GCC/bin/../lib/gcc/riscv-none-embed/8.2.0/../../../../riscv-none-embed/lib/rv32imacxw/ilp32/libg_nano.a(lib_a-puts.o)
 .debug_frame   0x00000000000011b4       0x50 /Applications/MounRiver Studio 2.app/Contents/Resources/app/resources/darwin/components/WCH/Toolchain/RISC-V Embedded GCC/bin/../lib/gcc/riscv-none-embed/8.2.0/../../../../riscv-none-embed/lib/rv32imacxw/ilp32/libg_nano.a(lib_a-wbuf.o)
 .debug_frame   0x0000000000001204       0x3c /Applications/MounRiver Studio 2.app/Contents/Resources/app/resources/darwin/components/WCH/Toolchain/RISC-V Embedded GCC/bin/../lib/gcc/riscv-none-embed/8.2.0/../../../../riscv-none-embed/lib/rv32imacxw/ilp32/libg_nano.a(lib_a-wsetup.o)
 .debug_frame   0x0000000000001240       0x7c /Applications/MounRiver Studio 2.app/Contents/Resources/app/resources/darwin/components/WCH/Toolchain/RISC-V Embedded GCC/bin/../lib/gcc/riscv-none-embed/8.2.0/../../../../riscv-none-embed/lib/rv32imacxw/ilp32/libg_nano.a(lib_a-fflush.o)
 .debug_frame   0x00000000000012bc      0x148 /Applications/MounRiver Studio 2.app/Contents/Resources/app/resources/darwin/components/WCH/Toolchain/RISC-V Embedded GCC/bin/../lib/gcc/riscv-none-embed/8.2.0/../../../../riscv-none-embed/lib/rv32imacxw/ilp32/libg_nano.a(lib_a-findfp.o)
 .debug_frame   0x0000000000001404       0x88 /Applications/MounRiver Studio 2.app/Contents/Resources/app/resources/darwin/components/WCH/Toolchain/RISC-V Embedded GCC/bin/../lib/gcc/riscv-none-embed/8.2.0/../../../../riscv-none-embed/lib/rv32imacxw/ilp32/libg_nano.a(lib_a-fwalk.o)
 .debug_frame   0x000000000000148c       0x64 /Applications/MounRiver Studio 2.app/Contents/Resources/app/resources/darwin/components/WCH/Toolchain/RISC-V Embedded GCC/bin/../lib/gcc/riscv-none-embed/8.2.0/../../../../riscv-none-embed/lib/rv32imacxw/ilp32/libg_nano.a(lib_a-makebuf.o)
 .debug_frame   0x00000000000014f0       0x40 /Applications/MounRiver Studio 2.app/Contents/Resources/app/resources/darwin/components/WCH/Toolchain/RISC-V Embedded GCC/bin/../lib/gcc/riscv-none-embed/8.2.0/../../../../riscv-none-embed/lib/rv32imacxw/ilp32/libg_nano.a(lib_a-nano-freer.o)
 .debug_frame   0x0000000000001530       0x40 /Applications/MounRiver Studio 2.app/Contents/Resources/app/resources/darwin/components/WCH/Toolchain/RISC-V Embedded GCC/bin/../lib/gcc/riscv-none-embed/8.2.0/../../../../riscv-none-embed/lib/rv32imacxw/ilp32/libg_nano.a(lib_a-nano-mallocr.o)
 .debug_frame   0x0000000000001570       0xd0 /Applications/MounRiver Studio 2.app/Contents/Resources/app/resources/darwin/components/WCH/Toolchain/RISC-V Embedded GCC/bin/../lib/gcc/riscv-none-embed/8.2.0/../../../../riscv-none-embed/lib/rv32imacxw/ilp32/libg_nano.a(lib_a-nano-vfprintf.o)
 .debug_frame   0x0000000000001640       0x8c /Applications/MounRiver Studio 2.app/Contents/Resources/app/resources/darwin/components/WCH/Toolchain/RISC-V Embedded GCC/bin/../lib/gcc/riscv-none-embed/8.2.0/../../../../riscv-none-embed/lib/rv32imacxw/ilp32/libg_nano.a(lib_a-nano-vfprintf_i.o)
 .debug_frame   0x00000000000016cc       0x30 /Applications/MounRiver Studio 2.app/Contents/Resources/app/resources/darwin/components/WCH/Toolchain/RISC-V Embedded GCC/bin/../lib/gcc/riscv-none-embed/8.2.0/../../../../riscv-none-embed/lib/rv32imacxw/ilp32/libg_nano.a(lib_a-sbrkr.o)
 .debug_frame   0x00000000000016fc       0xa4 /Applications/MounRiver Studio 2.app/Contents/Resources/app/resources/darwin/components/WCH/Toolchain/RISC-V Embedded GCC/bin/../lib/gcc/riscv-none-embed/8.2.0/../../../../riscv-none-embed/lib/rv32imacxw/ilp32/libg_nano.a(lib_a-stdio.o)
 .debug_frame   0x00000000000017a0       0x30 /Applications/MounRiver Studio 2.app/Contents/Resources/app/resources/darwin/components/WCH/Toolchain/RISC-V Embedded GCC/bin/../lib/gcc/riscv-none-embed/8.2.0/../../../../riscv-none-embed/lib/rv32imacxw/ilp32/libg_nano.a(lib_a-writer.o)
 .debug_frame   0x00000000000017d0       0x30 /Applications/MounRiver Studio 2.app/Contents/Resources/app/resources/darwin/components/WCH/Toolchain/RISC-V Embedded GCC/bin/../lib/gcc/riscv-none-embed/8.2.0/../../../../riscv-none-embed/lib/rv32imacxw/ilp32/libg_nano.a(lib_a-closer.o)
 .debug_frame   0x0000000000001800       0x30 /Applications/MounRiver Studio 2.app/Contents/Resources/app/resources/darwin/components/WCH/Toolchain/RISC-V Embedded GCC/bin/../lib/gcc/riscv-none-embed/8.2.0/../../../../riscv-none-embed/lib/rv32imacxw/ilp32/libg_nano.a(lib_a-fstatr.o)
 .debug_frame   0x0000000000001830       0x30 /Applications/MounRiver Studio 2.app/Contents/Resources/app/resources/darwin/components/WCH/Toolchain/RISC-V Embedded GCC/bin/../lib/gcc/riscv-none-embed/8.2.0/../../../../riscv-none-embed/lib/rv32imacxw/ilp32/libg_nano.a(lib_a-isattyr.o)
 .debug_frame   0x0000000000001860       0x30 /Applications/MounRiver Studio 2.app/Contents/Resources/app/resources/darwin/components/WCH/Toolchain/RISC-V Embedded GCC/bin/../lib/gcc/riscv-none-embed/8.2.0/../../../../riscv-none-embed/lib/rv32imacxw/ilp32/libg_nano.a(lib_a-lseekr.o)
 .debug_frame   0x0000000000001890       0x20 /Applications/MounRiver Studio 2.app/Contents/Resources/app/resources/darwin/components/WCH/Toolchain/RISC-V Embedded GCC/bin/../lib/gcc/riscv-none-embed/8.2.0/../../../../riscv-none-embed/lib/rv32imacxw/ilp32/libg_nano.a(lib_a-memchr.o)
 .debug_frame   0x00000000000018b0       0x30 /Applications/MounRiver Studio 2.app/Contents/Resources/app/resources/darwin/components/WCH/Toolchain/RISC-V Embedded GCC/bin/../lib/gcc/riscv-none-embed/8.2.0/../../../../riscv-none-embed/lib/rv32imacxw/ilp32/libg_nano.a(lib_a-mlock.o)
 .debug_frame   0x00000000000018e0       0x30 /Applications/MounRiver Studio 2.app/Contents/Resources/app/resources/darwin/components/WCH/Toolchain/RISC-V Embedded GCC/bin/../lib/gcc/riscv-none-embed/8.2.0/../../../../riscv-none-embed/lib/rv32imacxw/ilp32/libg_nano.a(lib_a-readr.o)
 .debug_frame   0x0000000000001910       0x70 /Applications/MounRiver Studio 2.app/Contents/Resources/app/resources/darwin/components/WCH/Toolchain/RISC-V Embedded GCC/bin/../lib/gcc/riscv-none-embed/8.2.0/../../../../riscv-none-embed/lib/rv32imacxw/ilp32/libg_nano.a(lib_a-reent.o)
 .debug_frame   0x0000000000001980       0x20 /Applications/MounRiver Studio 2.app/Contents/Resources/app/resources/darwin/components/WCH/Toolchain/RISC-V Embedded GCC/bin/../lib/gcc/riscv-none-embed/8.2.0/../../../../riscv-none-embed/lib/rv32imacxw/ilp32/libnosys.a(close.o)
 .debug_frame   0x00000000000019a0       0x20 /Applications/MounRiver Studio 2.app/Contents/Resources/app/resources/darwin/components/WCH/Toolchain/RISC-V Embedded GCC/bin/../lib/gcc/riscv-none-embed/8.2.0/../../../../riscv-none-embed/lib/rv32imacxw/ilp32/libnosys.a(fstat.o)
 .debug_frame   0x00000000000019c0       0x20 /Applications/MounRiver Studio 2.app/Contents/Resources/app/resources/darwin/components/WCH/Toolchain/RISC-V Embedded GCC/bin/../lib/gcc/riscv-none-embed/8.2.0/../../../../riscv-none-embed/lib/rv32imacxw/ilp32/libnosys.a(isatty.o)
 .debug_frame   0x00000000000019e0       0x20 /Applications/MounRiver Studio 2.app/Contents/Resources/app/resources/darwin/components/WCH/Toolchain/RISC-V Embedded GCC/bin/../lib/gcc/riscv-none-embed/8.2.0/../../../../riscv-none-embed/lib/rv32imacxw/ilp32/libnosys.a(lseek.o)
 .debug_frame   0x0000000000001a00       0x20 /Applications/MounRiver Studio 2.app/Contents/Resources/app/resources/darwin/components/WCH/Toolchain/RISC-V Embedded GCC/bin/../lib/gcc/riscv-none-embed/8.2.0/../../../../riscv-none-embed/lib/rv32imacxw/ilp32/libnosys.a(read.o)

.debug_loc      0x0000000000000000     0x3f3c
 .debug_loc     0x0000000000000000      0xc7f ./User/flash_param.o
 .debug_loc     0x0000000000000c7f       0x29 ./User/main.o
 .debug_loc     0x0000000000000ca8      0x2a3 ./User/param_code_table.o
 .debug_loc     0x0000000000000f4b       0xac ./User/system_ch32v20x.o
 .debug_loc     0x0000000000000ff7      0x7e8 ./User/uart_protocol.o
 .debug_loc     0x00000000000017df       0x7c ./Peripheral/src/ch32v20x_dbgmcu.o
 .debug_loc     0x000000000000185b      0x155 ./Peripheral/src/ch32v20x_dma.o
 .debug_loc     0x00000000000019b0      0xc9b ./Peripheral/src/ch32v20x_flash.o
 .debug_loc     0x000000000000264b      0x8a1 ./Peripheral/src/ch32v20x_gpio.o
 .debug_loc     0x0000000000002eec       0x2d ./Peripheral/src/ch32v20x_misc.o
 .debug_loc     0x0000000000002f19      0x797 ./Peripheral/src/ch32v20x_rcc.o
 .debug_loc     0x00000000000036b0      0x715 ./Peripheral/src/ch32v20x_usart.o
 .debug_loc     0x0000000000003dc5      0x177 ./Debug/debug.o

.stab           0x0000000000000000       0x84
 .stab          0x0000000000000000       0x24 /Applications/MounRiver Studio 2.app/Contents/Resources/app/resources/darwin/components/WCH/Toolchain/RISC-V Embedded GCC/bin/../lib/gcc/riscv-none-embed/8.2.0/../../../../riscv-none-embed/lib/rv32imacxw/ilp32/libnosys.a(close.o)
 .stab          0x0000000000000024       0x18 /Applications/MounRiver Studio 2.app/Contents/Resources/app/resources/darwin/components/WCH/Toolchain/RISC-V Embedded GCC/bin/../lib/gcc/riscv-none-embed/8.2.0/../../../../riscv-none-embed/lib/rv32imacxw/ilp32/libnosys.a(fstat.o)
                                         0x24 (size before relaxing)
 .stab          0x000000000000003c       0x18 /Applications/MounRiver Studio 2.app/Contents/Resources/app/resources/darwin/components/WCH/Toolchain/RISC-V Embedded GCC/bin/../lib/gcc/riscv-none-embed/8.2.0/../../../../riscv-none-embed/lib/rv32imacxw/ilp32/libnosys.a(isatty.o)
                                         0x24 (size before relaxing)
 .stab          0x0000000000000054       0x18 /Applications/MounRiver Studio 2.app/Contents/Resources/app/resources/darwin/components/WCH/Toolchain/RISC-V Embedded GCC/bin/../lib/gcc/riscv-none-embed/8.2.0/../../../../riscv-none-embed/lib/rv32imacxw/ilp32/libnosys.a(lseek.o)
                                         0x24 (size before relaxing)
 .stab          0x000000000000006c       0x18 /Applications/MounRiver Studio 2.app/Contents/Resources/app/resources/darwin/components/WCH/Toolchain/RISC-V Embedded GCC/bin/../lib/gcc/riscv-none-embed/8.2.0/../../../../riscv-none-embed/lib/rv32imacxw/ilp32/libnosys.a(read.o)
                                         0x24 (size before relaxing)

.stabstr        0x0000000000000000      0x117
 .stabstr       0x0000000000000000      0x117 /Applications/MounRiver Studio 2.app/Contents/Resources/app/resources/darwin/components/WCH/Toolchain/RISC-V Embedded GCC/bin/../lib/gcc/riscv-none-embed/8.2.0/../../../../riscv-none-embed/lib/rv32imacxw/ilp32/libnosys.a(close.o)
