Archive member included to satisfy reference by file (symbol)

/Applications/MounRiver Studio 2.app/Contents/Resources/app/resources/darwin/components/WCH/Toolchain/RISC-V Embedded GCC/bin/../lib/gcc/riscv-none-embed/8.2.0/rv32imacxw/ilp32/libgcc.a(divsf3.o)
                              ./User/param_table_example.o (__divsf3)
/Applications/MounRiver Studio 2.app/Contents/Resources/app/resources/darwin/components/WCH/Toolchain/RISC-V Embedded GCC/bin/../lib/gcc/riscv-none-embed/8.2.0/rv32imacxw/ilp32/libgcc.a(gesf2.o)
                              ./User/strip_detect.o (__gtsf2)
/Applications/MounRiver Studio 2.app/Contents/Resources/app/resources/darwin/components/WCH/Toolchain/RISC-V Embedded GCC/bin/../lib/gcc/riscv-none-embed/8.2.0/rv32imacxw/ilp32/libgcc.a(mulsf3.o)
                              ./User/strip_detect.o (__mulsf3)
/Applications/MounRiver Studio 2.app/Contents/Resources/app/resources/darwin/components/WCH/Toolchain/RISC-V Embedded GCC/bin/../lib/gcc/riscv-none-embed/8.2.0/rv32imacxw/ilp32/libgcc.a(floatsisf.o)
                              ./User/param_table_example.o (__floatsisf)
/Applications/MounRiver Studio 2.app/Contents/Resources/app/resources/darwin/components/WCH/Toolchain/RISC-V Embedded GCC/bin/../lib/gcc/riscv-none-embed/8.2.0/rv32imacxw/ilp32/libgcc.a(floatunsisf.o)
                              ./User/strip_detect.o (__floatunsisf)
/Applications/MounRiver Studio 2.app/Contents/Resources/app/resources/darwin/components/WCH/Toolchain/RISC-V Embedded GCC/bin/../lib/gcc/riscv-none-embed/8.2.0/rv32imacxw/ilp32/libgcc.a(extendsfdf2.o)
                              ./User/param_table_example.o (__extendsfdf2)
/Applications/MounRiver Studio 2.app/Contents/Resources/app/resources/darwin/components/WCH/Toolchain/RISC-V Embedded GCC/bin/../lib/gcc/riscv-none-embed/8.2.0/rv32imacxw/ilp32/libgcc.a(save-restore.o)
                              ./Peripheral/src/ch32v20x_flash.o (__riscv_save_7)
/Applications/MounRiver Studio 2.app/Contents/Resources/app/resources/darwin/components/WCH/Toolchain/RISC-V Embedded GCC/bin/../lib/gcc/riscv-none-embed/8.2.0/rv32imacxw/ilp32/libgcc.a(_clzsi2.o)
                              /Applications/MounRiver Studio 2.app/Contents/Resources/app/resources/darwin/components/WCH/Toolchain/RISC-V Embedded GCC/bin/../lib/gcc/riscv-none-embed/8.2.0/rv32imacxw/ilp32/libgcc.a(divsf3.o) (__clzsi2)
/Applications/MounRiver Studio 2.app/Contents/Resources/app/resources/darwin/components/WCH/Toolchain/RISC-V Embedded GCC/bin/../lib/gcc/riscv-none-embed/8.2.0/rv32imacxw/ilp32/libgcc.a(_clz.o)
                              /Applications/MounRiver Studio 2.app/Contents/Resources/app/resources/darwin/components/WCH/Toolchain/RISC-V Embedded GCC/bin/../lib/gcc/riscv-none-embed/8.2.0/rv32imacxw/ilp32/libgcc.a(_clzsi2.o) (__clz_tab)
/Applications/MounRiver Studio 2.app/Contents/Resources/app/resources/darwin/components/WCH/Toolchain/RISC-V Embedded GCC/bin/../lib/gcc/riscv-none-embed/8.2.0/../../../../riscv-none-embed/lib/rv32imacxw/ilp32/libg_nano.a(lib_a-memcpy.o)
                              ./User/main.o (memcpy)
/Applications/MounRiver Studio 2.app/Contents/Resources/app/resources/darwin/components/WCH/Toolchain/RISC-V Embedded GCC/bin/../lib/gcc/riscv-none-embed/8.2.0/../../../../riscv-none-embed/lib/rv32imacxw/ilp32/libg_nano.a(lib_a-memset.o)
                              ./User/main.o (memset)
/Applications/MounRiver Studio 2.app/Contents/Resources/app/resources/darwin/components/WCH/Toolchain/RISC-V Embedded GCC/bin/../lib/gcc/riscv-none-embed/8.2.0/../../../../riscv-none-embed/lib/rv32imacxw/ilp32/libg_nano.a(lib_a-printf.o)
                              ./User/main.o (printf)
/Applications/MounRiver Studio 2.app/Contents/Resources/app/resources/darwin/components/WCH/Toolchain/RISC-V Embedded GCC/bin/../lib/gcc/riscv-none-embed/8.2.0/../../../../riscv-none-embed/lib/rv32imacxw/ilp32/libg_nano.a(lib_a-puts.o)
                              ./User/main.o (puts)
/Applications/MounRiver Studio 2.app/Contents/Resources/app/resources/darwin/components/WCH/Toolchain/RISC-V Embedded GCC/bin/../lib/gcc/riscv-none-embed/8.2.0/../../../../riscv-none-embed/lib/rv32imacxw/ilp32/libg_nano.a(lib_a-wbuf.o)
                              /Applications/MounRiver Studio 2.app/Contents/Resources/app/resources/darwin/components/WCH/Toolchain/RISC-V Embedded GCC/bin/../lib/gcc/riscv-none-embed/8.2.0/../../../../riscv-none-embed/lib/rv32imacxw/ilp32/libg_nano.a(lib_a-puts.o) (__swbuf_r)
/Applications/MounRiver Studio 2.app/Contents/Resources/app/resources/darwin/components/WCH/Toolchain/RISC-V Embedded GCC/bin/../lib/gcc/riscv-none-embed/8.2.0/../../../../riscv-none-embed/lib/rv32imacxw/ilp32/libg_nano.a(lib_a-wsetup.o)
[...]
Memory Configuration

Name             Origin             Length             Attributes
FLASH            0x0000000000000000 0x0000000000010000 xr
RAM              0x0000000020000000 0x0000000000005000 xrw
*default*        0x0000000000000000 0xffffffffffffffff

Linker script and memory map

LOAD ./User/ch32v20x_it.o
LOAD ./User/main.o
LOAD ./User/param_table.o
LOAD ./User/param_table_example.o
LOAD ./User/param_utils.o
LOAD ./User/strip_detect.o
LOAD ./User/system_ch32v20x.o
LOAD ./User/uart_protocol.o
LOAD ./User/uart_protocol_stubs.o
LOAD ./Startup/startup_ch32v20x_D6.o
LOAD ./Peripheral/src/ch32v20x_adc.o
LOAD ./Peripheral/src/ch32v20x_bkp.o
LOAD ./Peripheral/src/ch32v20x_can.o
LOAD ./Peripheral/src/ch32v20x_crc.o
LOAD ./Peripheral/src/ch32v20x_dbgmcu.o
LOAD ./Peripheral/src/ch32v20x_dma.o
LOAD ./Peripheral/src/ch32v20x_exti.o
LOAD ./Peripheral/src/ch32v20x_flash.o
LOAD ./Peripheral/src/ch32v20x_gpio.o
LOAD ./Peripheral/src/ch32v20x_i2c.o
LOAD ./Peripheral/src/ch32v20x_iwdg.o
LOAD ./Peripheral/src/ch32v20x_misc.o
LOAD ./Peripheral/src/ch32v20x_opa.o
LOAD ./Peripheral/src/ch32v20x_pwr.o
LOAD ./Peripheral/src/ch32v20x_rcc.o
LOAD ./Peripheral/src/ch32v20x_rtc.o
LOAD ./Peripheral/src/ch32v20x_spi.o
LOAD ./Peripheral/src/ch32v20x_tim.o
LOAD ./Peripheral/src/ch32v20x_usart.o
LOAD ./Peripheral/src/ch32v20x_wwdg.o
LOAD ./Debug/debug.o
LOAD ./Core/core_riscv.o
LOAD /Applications/MounRiver Studio 2.app/Contents/Resources/app/resources/darwin/components/WCH/Toolchain/RISC-V Embedded GCC/bin/../lib/gcc/riscv-none-embed/8.2.0/rv32imacxw/ilp32/libgcc.a
LOAD /Applications/MounRiver Studio 2.app/Contents/Resources/app/resources/darwin/components/WCH/Toolchain/RISC-V Embedded GCC/bin/../lib/gcc/riscv-none-embed/8.2.0/../../../../riscv-none-embed/lib/rv32imacxw/ilp32/libg_nano.a
LOAD /Applications/MounRiver Studio 2.app/Contents/Resources/app/resources/darwin/components/WCH/Toolchain/RISC-V Embedded GCC/bin/../lib/gcc/riscv-none-embed/8.2.0/../../../../riscv-none-embed/lib/rv32imacxw/ilp32/libc_nano.a
LOAD /Applications/MounRiver Studio 2.app/Contents/Resources/app/resources/darwin/components/WCH/Toolchain/RISC-V Embedded GCC/bin/../lib/gcc/riscv-none-embed/8.2.0/rv32imacxw/ilp32/libgcc.a
START GROUP
LOAD /Applications/MounRiver Studio 2.app/Contents/Resources/app/resources/darwin/components/WCH/Toolchain/RISC-V Embedded GCC/bin/../lib/gcc/riscv-none-embed/8.2.0/rv32imacxw/ilp32/libgcc.a
LOAD /Applications/MounRiver Studio 2.app/Contents/Resources/app/resources/darwin/components/WCH/Toolchain/RISC-V Embedded GCC/bin/../lib/gcc/riscv-none-embed/8.2.0/../../../../riscv-none-embed/lib/rv32imacxw/ilp32/libc_nano.a
LOAD /Applications/MounRiver Studio 2.app/Contents/Resources/app/resources/darwin/components/WCH/Toolchain/RISC-V Embedded GCC/bin/../lib/gcc/riscv-none-embed/8.2.0/../../../../riscv-none-embed/lib/rv32imacxw/ilp32/libnosys.a
END GROUP
START GROUP
LOAD /Applications/MounRiver Studio 2.app/Contents/Resources/app/resources/darwin/components/WCH/Toolchain/RISC-V Embedded GCC/bin/../lib/gcc/riscv-none-embed/8.2.0/rv32imacxw/ilp32/libgcc.a
LOAD /Applications/MounRiver Studio 2.app/Contents/Resources/app/resources/darwin/components/WCH/Toolchain/RISC-V Embedded GCC/bin/../lib/gcc/riscv-none-embed/8.2.0/../../../../riscv-none-embed/lib/rv32imacxw/ilp32/libc_nano.a
LOAD /Applications/MounRiver Studio 2.app/Contents/Resources/app/resources/darwin/components/WCH/Toolchain/RISC-V Embedded GCC/bin/../lib/gcc/riscv-none-embed/8.2.0/../../../../riscv-none-embed/lib/rv32imacxw/ilp32/libnosys.a
END GROUP
                0x0000000000000800                __stack_size = 0x800
                [!provide]                        PROVIDE (_stack_size = __stack_size)

.init           0x0000000000000000        0x4
                0x0000000000000000                _sinit = .
                0x0000000000000000                . = ALIGN (0x4)
 *(SORT_NONE(.init))
 .init          0x0000000000000000        0x4 ./Startup/startup_ch32v20x_D6.o
                0x0000000000000000                _start
                0x0000000000000004                . = ALIGN (0x4)
                0x0000000000000004                _einit = .

.vector         0x0000000000000004       0xfc
 *(.vector)
 .vector        0x0000000000000004       0xfc ./Startup/startup_ch32v20x_D6.o
                0x0000000000000100                . = ALIGN (0x40)

.text           0x0000000000000100     0x3cbc
                0x0000000000000100                . = ALIGN (0x4)
 *(.text)
 .text          0x0000000000000100       0x60 /Applications/MounRiver Studio 2.app/Contents/Resources/app/resources/darwin/components/WCH/Toolchain/RISC-V Embedded GCC/bin/../lib/gcc/riscv-none-embed/8.2.0/rv32imacxw/ilp32/libgcc.a(save-restore.o)
                0x0000000000000100                __riscv_save_12
                0x0000000000000108                __riscv_save_10
                0x0000000000000108                __riscv_save_8
                0x0000000000000108                __riscv_save_11
                0x0000000000000108                __riscv_save_9
                0x0000000000000116                __riscv_save_4
                0x0000000000000116                __riscv_save_7
                0x0000000000000116                __riscv_save_6
                0x0000000000000116                __riscv_save_5
                0x0000000000000130                __riscv_save_3
                0x0000000000000130                __riscv_save_2
                0x0000000000000130                __riscv_save_0
                0x0000000000000130                __riscv_save_1
                0x000000000000013c                __riscv_restore_12
                0x0000000000000140                __riscv_restore_8
                0x0000000000000140                __riscv_restore_10
                0x0000000000000140                __riscv_restore_9
                0x0000000000000140                __riscv_restore_11
                0x000000000000014a                __riscv_restore_5
                0x000000000000014a                __riscv_restore_7
                0x000000000000014a                __riscv_restore_4
                0x000000000000014a                __riscv_restore_6
                0x0000000000000154                __riscv_restore_3
                0x0000000000000154                __riscv_restore_1
                0x0000000000000154                __riscv_restore_0
                0x0000000000000154                __riscv_restore_2
 .text          0x0000000000000160       0xa8 /Applications/MounRiver Studio 2.app/Contents/Resources/app/resources/darwin/components/WCH/Toolchain/RISC-V Embedded GCC/bin/../lib/gcc/riscv-none-embed/8.2.0/../../../../riscv-none-embed/lib/rv32imacxw/ilp32/libg_nano.a(lib_a-memset.o)
                0x0000000000000160                memset
 *(.text.*)
 .text.NMI_Handler
                0x0000000000000208        0x2 ./User/ch32v20x_it.o
                0x0000000000000208                NMI_Handler
 .text.HardFault_Handler
                0x000000000000020a       0x10 ./User/ch32v20x_it.o
                0x000000000000020a                HardFault_Handler
 .text.USARTx_CFG
                0x000000000000021a       0xa4 ./User/main.o
                0x000000000000021a                USARTx_CFG
 .text.DMA_INIT
                0x00000000000002be       0x96 ./User/main.o
                0x00000000000002be                DMA_INIT
 .text.ring_buffer_push_huge
                0x0000000000000354       0x9a ./User/main.o
                0x0000000000000354                ring_buffer_push_huge
 .text.startup.main
                0x00000000000003ee       0xf8 ./User/main.o
                0x00000000000003ee                main
 .text.USART2_IRQHandler
                0x00000000000004e6       0xce ./User/main.o
                0x00000000000004e6                USART2_IRQHandler
 .text.DMA1_Channel6_IRQHandler
                0x00000000000005b4       0x8e ./User/main.o
                0x00000000000005b4                DMA1_Channel6_IRQHandler
 .text.PARAM_GetValue
                0x0000000000000642       0x2c ./User/param_table.o
                0x0000000000000642                PARAM_GetValue
 .text.PARAM_CalculateChecksum
                0x000000000000066e       0x20 ./User/param_table.o
                0x000000000000066e                PARAM_CalculateChecksum
 .text.PARAM_CalculateCRC16
                0x000000000000068e       0x40 ./User/param_table.o
                0x000000000000068e                PARAM_CalculateCRC16
 .text.PARAM_LoadFromFlash
                0x00000000000006ce       0x5e ./User/param_table.o
                0x00000000000006ce                PARAM_LoadFromFlash
 .text.PARAM_SaveToFlash
                0x000000000000072c       0x90 ./User/param_table.o
                0x000000000000072c                PARAM_SaveToFlash
 .text.PARAM_Backup
                0x00000000000007bc       0x16 ./User/param_table.o
                0x00000000000007bc                PARAM_Backup
 .text.PARAM_SetValue
                0x00000000000007d2       0x42 ./User/param_table.o
                0x00000000000007d2                PARAM_SetValue
 .text.PARAM_LoadDefaults
                0x0000000000000814       0xe4 ./User/param_table.o
                0x0000000000000814                PARAM_LoadDefaults
 .text.PARAM_Init
                0x00000000000008f8       0x30 ./User/param_table.o
                0x00000000000008f8                PARAM_Init
 .text.PARAM_GetByte
                0x0000000000000928       0x1a ./User/param_utils.o
                0x0000000000000928                PARAM_GetByte
 .text.PARAM_GetWord
                0x0000000000000942       0x1a ./User/param_utils.o
                0x0000000000000942                PARAM_GetWord
 .text.PARAM_SetByte
                0x000000000000095c       0x16 ./User/param_utils.o
                0x000000000000095c                PARAM_SetByte
 .text.PARAM_SetWord
                0x0000000000000972       0x16 ./User/param_utils.o
                0x0000000000000972                PARAM_SetWord
 .text.PARAM_GetDateTime
                0x0000000000000988       0x4c ./User/param_utils.o
                0x0000000000000988                PARAM_GetDateTime
 .text.PARAM_SetDateTime
                0x00000000000009d4       0xb6 ./User/param_utils.o
                0x00000000000009d4                PARAM_SetDateTime
 .text.StripType_GetName
                0x0000000000000a8a       0x20 ./User/param_utils.o
                0x0000000000000a8a                StripType_GetName
 .text.Unit_GetSymbol
                0x0000000000000aaa       0x20 ./User/param_utils.o
                0x0000000000000aaa                Unit_GetSymbol
 .text.STRIP_DETECT_DetermineStripType
                0x0000000000000aca       0x62 ./User/strip_detect.o
 .text.STRIP_DETECT_ReadADC.constprop.0
                0x0000000000000b2c       0x3a ./User/strip_detect.o
 .text.STRIP_DETECT_Init
                0x0000000000000b66       0xf8 ./User/strip_detect.o
                0x0000000000000b66                STRIP_DETECT_Init
 .text.STRIP_DETECT_Process
                0x0000000000000c5e       0xfc ./User/strip_detect.o
                0x0000000000000c5e                STRIP_DETECT_Process
 .text.STRIP_DETECT_HandleInsertedEvent
                0x0000000000000d5a       0x86 ./User/strip_detect.o
                0x0000000000000d5a                STRIP_DETECT_HandleInsertedEvent
 .text.STRIP_DETECT_SetPinStatus
                0x0000000000000de0        0xe ./User/strip_detect.o
                0x0000000000000de0                STRIP_DETECT_SetPinStatus
 .text.SystemInit
                0x0000000000000dee       0x8e ./User/system_ch32v20x.o
                0x0000000000000dee                SystemInit
 .text.UART_Protocol_Init
                0x0000000000000e7c       0x44 ./User/uart_protocol.o
                0x0000000000000e7c                UART_Protocol_Init
 .text.UART_CalculateChecksum
                0x0000000000000ec0       0x22 ./User/uart_protocol.o
                0x0000000000000ec0                UART_CalculateChecksum
 .text.UART_SendPacket.part.1
                0x0000000000000ee2       0x8a ./User/uart_protocol.o
 .text.UART_VerifyChecksum
                0x0000000000000f6c       0x2c ./User/uart_protocol.o
                0x0000000000000f6c                UART_VerifyChecksum
 .text.UART_SendPacket
                0x0000000000000f98       0x16 ./User/uart_protocol.o
                0x0000000000000f98                UART_SendPacket
 .text.UART_SendSyncTimeAck
                0x0000000000000fae       0x18 ./User/uart_protocol.o
                0x0000000000000fae                UART_SendSyncTimeAck
 .text.UART_SendStatusAck
                0x0000000000000fc6       0x46 ./User/uart_protocol.o
                0x0000000000000fc6                UART_SendStatusAck
 .text.UART_SendParamAck
                0x000000000000100c       0x18 ./User/uart_protocol.o
                0x000000000000100c                UART_SendParamAck
 .text.UART_SendBloodNotify
                0x0000000000001024       0x18 ./User/uart_protocol.o
                0x0000000000001024                UART_SendBloodNotify
 .text.UART_SendResultAck
                0x000000000000103c       0xb2 ./User/uart_protocol.o
                0x000000000000103c                UART_SendResultAck
 .text.UART_SendRawDataAck
                0x00000000000010ee      0x144 ./User/uart_protocol.o
                0x00000000000010ee                UART_SendRawDataAck
 .text.UART_SendErrorAck
                0x0000000000001232       0x1a ./User/uart_protocol.o
                0x0000000000001232                UART_SendErrorAck
 .text.UART_ProcessSyncTime
                0x000000000000124c       0xdc ./User/uart_protocol.o
                0x000000000000124c                UART_ProcessSyncTime
 .text.UART_ProcessGetStatus
                0x0000000000001328       0x34 ./User/uart_protocol.o
                0x0000000000001328                UART_ProcessGetStatus
 .text.UART_ProcessSetParam
                0x000000000000135c       0x4c ./User/uart_protocol.o
                0x000000000000135c                UART_ProcessSetParam
 .text.UART_ProcessCheckBlood
                0x00000000000013a8       0x50 ./User/uart_protocol.o
                0x00000000000013a8                UART_ProcessCheckBlood
 .text.UART_ProcessGetResult
                0x00000000000013f8       0x6e ./User/uart_protocol.o
                0x00000000000013f8                UART_ProcessGetResult
 .text.UART_ProcessGetRawData
                0x0000000000001466       0x40 ./User/uart_protocol.o
                0x0000000000001466                UART_ProcessGetRawData
 .text.UART2_Receive_Byte_ISR
                0x00000000000014a6       0xee ./User/uart_protocol.o
                0x00000000000014a6                UART2_Receive_Byte_ISR
 .text.UART_ProcessStripInsertedCmd
                0x0000000000001594       0x48 ./User/uart_protocol.o
                0x0000000000001594                UART_ProcessStripInsertedCmd
 .text.UART_ProcessPacket
                0x00000000000015dc       0x94 ./User/uart_protocol.o
                0x00000000000015dc                UART_ProcessPacket
 .text.UART_Protocol_Process
                0x0000000000001670       0x44 ./User/uart_protocol.o
                0x0000000000001670                UART_Protocol_Process
 .text.UART_SendStripTypeAck
                0x00000000000016b4       0x2c ./User/uart_protocol.o
                0x00000000000016b4                UART_SendStripTypeAck
 .text.Get_Battery_Voltage
                0x00000000000016e0        0x8 ./User/uart_protocol_stubs.o
                0x00000000000016e0                Get_Battery_Voltage
 .text.Get_Temperature
                0x00000000000016e8        0x6 ./User/uart_protocol_stubs.o
                0x00000000000016e8                Get_Temperature
 .text.Check_Strip_Status
                0x00000000000016ee        0x4 ./User/uart_protocol_stubs.o
                0x00000000000016ee                Check_Strip_Status
 .text.Check_Blood_Status
                0x00000000000016f2       0x20 ./User/uart_protocol_stubs.o
                0x00000000000016f2                Check_Blood_Status
 .text.Perform_Test
                0x0000000000001712        0x4 ./User/uart_protocol_stubs.o
                0x0000000000001712                Perform_Test
 .text.Get_Test_Data
                0x0000000000001716       0x7c ./User/uart_protocol_stubs.o
                0x0000000000001716                Get_Test_Data
 .text.Get_Raw_Test_Data
                0x0000000000001792       0x8e ./User/uart_protocol_stubs.o
                0x0000000000001792                Get_Raw_Test_Data
 .text.vector_handler
                0x0000000000001820        0x2 ./Startup/startup_ch32v20x_D6.o
                0x0000000000001820                USBWakeUp_IRQHandler
                0x0000000000001820                TIM1_CC_IRQHandler
                0x0000000000001820                SysTick_Handler
                0x0000000000001820                PVD_IRQHandler
                0x0000000000001820                EXTI3_IRQHandler
                0x0000000000001820                USBFS_IRQHandler
                0x0000000000001820                EXTI0_IRQHandler
                0x0000000000001820                I2C2_EV_IRQHandler
                0x0000000000001820                ADC1_2_IRQHandler
                0x0000000000001820                Break_Point_Handler
                0x0000000000001820                SPI1_IRQHandler
                0x0000000000001820                TAMPER_IRQHandler
                0x0000000000001820                Ecall_M_Mode_Handler
                0x0000000000001820                DMA1_Channel4_IRQHandler
                0x0000000000001820                USART3_IRQHandler
                0x0000000000001820                RTC_IRQHandler
                0x0000000000001820                DMA1_Channel7_IRQHandler
                0x0000000000001820                CAN1_RX1_IRQHandler
                0x0000000000001820                TIM4_IRQHandler
                0x0000000000001820                I2C1_EV_IRQHandler
                0x0000000000001820                UART4_IRQHandler
                0x0000000000001820                TIM3_IRQHandler
                0x0000000000001820                RCC_IRQHandler
                0x0000000000001820                TIM1_TRG_COM_IRQHandler
                0x0000000000001820                DMA1_Channel1_IRQHandler
                0x0000000000001820                EXTI15_10_IRQHandler
                0x0000000000001820                DMA1_Channel8_IRQHandler
                0x0000000000001820                EXTI9_5_IRQHandler
                0x0000000000001820                SPI2_IRQHandler
                0x0000000000001820                DMA1_Channel5_IRQHandler
                0x0000000000001820                EXTI4_IRQHandler
                0x0000000000001820                USB_LP_CAN1_RX0_IRQHandler
                0x0000000000001820                USB_HP_CAN1_TX_IRQHandler
                0x0000000000001820                DMA1_Channel3_IRQHandler
                0x0000000000001820                TIM1_UP_IRQHandler
                0x0000000000001820                WWDG_IRQHandler
                0x0000000000001820                Ecall_U_Mode_Handler
                0x0000000000001820                TIM2_IRQHandler
                0x0000000000001820                SW_Handler
                0x0000000000001820                TIM1_BRK_IRQHandler
                0x0000000000001820                EXTI1_IRQHandler
                0x0000000000001820                RTCAlarm_IRQHandler
                0x0000000000001820                I2C2_ER_IRQHandler
                0x0000000000001820                DMA1_Channel2_IRQHandler
                0x0000000000001820                CAN1_SCE_IRQHandler
                0x0000000000001820                FLASH_IRQHandler
                0x0000000000001820                USBFSWakeUp_IRQHandler
                0x0000000000001820                USART1_IRQHandler
                0x0000000000001820                I2C1_ER_IRQHandler
                0x0000000000001820                EXTI2_IRQHandler
 .text.handle_reset
                0x0000000000001822       0x86 ./Startup/startup_ch32v20x_D6.o
                0x0000000000001822                handle_reset
 .text.ADC_DeInit
                0x00000000000018a8       0x40 ./Peripheral/src/ch32v20x_adc.o
                0x00000000000018a8                ADC_DeInit
 .text.ADC_Init
                0x00000000000018e8       0x56 ./Peripheral/src/ch32v20x_adc.o
                0x00000000000018e8                ADC_Init
 .text.ADC_Cmd  0x000000000000193e       0x10 ./Peripheral/src/ch32v20x_adc.o
                0x000000000000193e                ADC_Cmd
 .text.ADC_ResetCalibration
                0x000000000000194e        0xa ./Peripheral/src/ch32v20x_adc.o
                0x000000000000194e                ADC_ResetCalibration
 .text.ADC_GetResetCalibrationStatus
                0x0000000000001958        0x8 ./Peripheral/src/ch32v20x_adc.o
                0x0000000000001958                ADC_GetResetCalibrationStatus
 .text.ADC_StartCalibration
                0x0000000000001960        0xa ./Peripheral/src/ch32v20x_adc.o
                0x0000000000001960                ADC_StartCalibration
 .text.ADC_GetCalibrationStatus
                0x000000000000196a        0x8 ./Peripheral/src/ch32v20x_adc.o
                0x000000000000196a                ADC_GetCalibrationStatus
 .text.ADC_SoftwareStartConvCmd
                0x0000000000001972       0x18 ./Peripheral/src/ch32v20x_adc.o
                0x0000000000001972                ADC_SoftwareStartConvCmd
 .text.ADC_RegularChannelConfig
                0x000000000000198a       0xb8 ./Peripheral/src/ch32v20x_adc.o
                0x000000000000198a                ADC_RegularChannelConfig
 .text.ADC_GetConversionValue
                0x0000000000001a42        0x8 ./Peripheral/src/ch32v20x_adc.o
                0x0000000000001a42                ADC_GetConversionValue
 .text.ADC_GetFlagStatus
                0x0000000000001a4a        0xa ./Peripheral/src/ch32v20x_adc.o
                0x0000000000001a4a                ADC_GetFlagStatus
 .text.DMA_DeInit
                0x0000000000001a54       0x9c ./Peripheral/src/ch32v20x_dma.o
                0x0000000000001a54                DMA_DeInit
 .text.DMA_Init
                0x0000000000001af0       0x38 ./Peripheral/src/ch32v20x_dma.o
                0x0000000000001af0                DMA_Init
 .text.DMA_Cmd  0x0000000000001b28       0x14 ./Peripheral/src/ch32v20x_dma.o
                0x0000000000001b28                DMA_Cmd
 .text.DMA_ITConfig
                0x0000000000001b3c       0x12 ./Peripheral/src/ch32v20x_dma.o
                0x0000000000001b3c                DMA_ITConfig
 .text.DMA_SetCurrDataCounter
                0x0000000000001b4e        0x4 ./Peripheral/src/ch32v20x_dma.o
                0x0000000000001b4e                DMA_SetCurrDataCounter
 .text.DMA_ClearITPendingBit
                0x0000000000001b52        0x8 ./Peripheral/src/ch32v20x_dma.o
                0x0000000000001b52                DMA_ClearITPendingBit
 .text.FLASH_Unlock
                0x0000000000001b5a       0x1a ./Peripheral/src/ch32v20x_flash.o
                0x0000000000001b5a                FLASH_Unlock
 .text.FLASH_Lock
                0x0000000000001b74        0xe ./Peripheral/src/ch32v20x_flash.o
                0x0000000000001b74                FLASH_Lock
 .text.FLASH_GetBank1Status
                0x0000000000001b82       0x18 ./Peripheral/src/ch32v20x_flash.o
                0x0000000000001b82                FLASH_GetBank1Status
 .text.FLASH_WaitForLastOperation
                0x0000000000001b9a       0x20 ./Peripheral/src/ch32v20x_flash.o
                0x0000000000001b9a                FLASH_WaitForLastOperation
 .text.FLASH_ErasePage
                0x0000000000001bba       0x38 ./Peripheral/src/ch32v20x_flash.o
                0x0000000000001bba                FLASH_ErasePage
 .text.FLASH_ProgramHalfWord
                0x0000000000001bf2       0x34 ./Peripheral/src/ch32v20x_flash.o
                0x0000000000001bf2                FLASH_ProgramHalfWord
 .text.GPIO_Init
                0x0000000000001c26       0xf2 ./Peripheral/src/ch32v20x_gpio.o
                0x0000000000001c26                GPIO_Init
 .text.GPIO_SetBits
                0x0000000000001d18       0x14 ./Peripheral/src/ch32v20x_gpio.o
                0x0000000000001d18                GPIO_SetBits
 .text.GPIO_ResetBits
                0x0000000000001d2c       0x14 ./Peripheral/src/ch32v20x_gpio.o
                0x0000000000001d2c                GPIO_ResetBits
 .text.NVIC_PriorityGroupConfig
                0x0000000000001d40        0x6 ./Peripheral/src/ch32v20x_misc.o
                0x0000000000001d40                NVIC_PriorityGroupConfig
 .text.NVIC_Init
                0x0000000000001d46       0x54 ./Peripheral/src/ch32v20x_misc.o
                0x0000000000001d46                NVIC_Init
 .text.RCC_ADCCLKConfig
                0x0000000000001d9a       0x12 ./Peripheral/src/ch32v20x_rcc.o
                0x0000000000001d9a                RCC_ADCCLKConfig
 .text.RCC_GetClocksFreq
                0x0000000000001dac       0xbe ./Peripheral/src/ch32v20x_rcc.o
                0x0000000000001dac                RCC_GetClocksFreq
 .text.RCC_AHBPeriphClockCmd
                0x0000000000001e6a       0x1e ./Peripheral/src/ch32v20x_rcc.o
                0x0000000000001e6a                RCC_AHBPeriphClockCmd
 .text.RCC_APB2PeriphClockCmd
                0x0000000000001e88       0x1e ./Peripheral/src/ch32v20x_rcc.o
                0x0000000000001e88                RCC_APB2PeriphClockCmd
 .text.RCC_APB1PeriphClockCmd
                0x0000000000001ea6       0x1e ./Peripheral/src/ch32v20x_rcc.o
                0x0000000000001ea6                RCC_APB1PeriphClockCmd
 .text.RCC_APB2PeriphResetCmd
                0x0000000000001ec4       0x1e ./Peripheral/src/ch32v20x_rcc.o
                0x0000000000001ec4                RCC_APB2PeriphResetCmd
 .text.USART_Init
                0x0000000000001ee2       0x90 ./Peripheral/src/ch32v20x_usart.o
                0x0000000000001ee2                USART_Init
 .text.USART_Cmd
                0x0000000000001f72       0x16 ./Peripheral/src/ch32v20x_usart.o
                0x0000000000001f72                USART_Cmd
 .text.USART_ITConfig
                0x0000000000001f88       0x36 ./Peripheral/src/ch32v20x_usart.o
                0x0000000000001f88                USART_ITConfig
 .text.USART_DMACmd
                0x0000000000001fbe       0x12 ./Peripheral/src/ch32v20x_usart.o
                0x0000000000001fbe                USART_DMACmd
 .text.USART_SendData
                0x0000000000001fd0        0x8 ./Peripheral/src/ch32v20x_usart.o
                0x0000000000001fd0                USART_SendData
 .text.USART_ReceiveData
                0x0000000000001fd8        0x8 ./Peripheral/src/ch32v20x_usart.o
                0x0000000000001fd8                USART_ReceiveData
 .text.USART_GetFlagStatus
                0x0000000000001fe0        0xa ./Peripheral/src/ch32v20x_usart.o
                0x0000000000001fe0                USART_GetFlagStatus
 .text.USART_GetITStatus
                0x0000000000001fea       0x3c ./Peripheral/src/ch32v20x_usart.o
                0x0000000000001fea                USART_GetITStatus
 .text.Delay_Init
                0x0000000000002026       0x2a ./Debug/debug.o
                0x0000000000002026                Delay_Init
 .text.Delay_Ms
                0x0000000000002050       0x36 ./Debug/debug.o
                0x0000000000002050                Delay_Ms
 .text.USART_Printf_Init
                0x0000000000002086       0x5a ./Debug/debug.o
                0x0000000000002086                USART_Printf_Init
 .text._write   0x00000000000020e0       0x3e ./Debug/debug.o
                0x00000000000020e0                _write
 .text._sbrk    0x000000000000211e       0x26 ./Debug/debug.o
                0x000000000000211e                _sbrk
 .text.__gesf2  0x0000000000002144       0x86 /Applications/MounRiver Studio 2.app/Contents/Resources/app/resources/darwin/components/WCH/Toolchain/RISC-V Embedded GCC/bin/../lib/gcc/riscv-none-embed/8.2.0/rv32imacxw/ilp32/libgcc.a(gesf2.o)
                0x0000000000002144                __gtsf2
                0x0000000000002144                __gesf2
 .text.__mulsf3
                0x00000000000021ca      0x290 /Applications/MounRiver Studio 2.app/Contents/Resources/app/resources/darwin/components/WCH/Toolchain/RISC-V Embedded GCC/bin/../lib/gcc/riscv-none-embed/8.2.0/rv32imacxw/ilp32/libgcc.a(mulsf3.o)
                0x00000000000021ca                __mulsf3
 .text.__floatunsisf
                0x000000000000245a       0xce /Applications/MounRiver Studio 2.app/Contents/Resources/app/resources/darwin/components/WCH/Toolchain/RISC-V Embedded GCC/bin/../lib/gcc/riscv-none-embed/8.2.0/rv32imacxw/ilp32/libgcc.a(floatunsisf.o)
                0x000000000000245a                __floatunsisf
 .text.__extendsfdf2
                0x0000000000002528       0xac /Applications/MounRiver Studio 2.app/Contents/Resources/app/resources/darwin/components/WCH/Toolchain/RISC-V Embedded GCC/bin/../lib/gcc/riscv-none-embed/8.2.0/rv32imacxw/ilp32/libgcc.a(extendsfdf2.o)
                0x0000000000002528                __extendsfdf2
 .text.__clzsi2
                0x00000000000025d4       0x6e /Applications/MounRiver Studio 2.app/Contents/Resources/app/resources/darwin/components/WCH/Toolchain/RISC-V Embedded GCC/bin/../lib/gcc/riscv-none-embed/8.2.0/rv32imacxw/ilp32/libgcc.a(_clzsi2.o)
                0x00000000000025d4                __clzsi2
 .text.memcpy   0x0000000000002642       0xb2 /Applications/MounRiver Studio 2.app/Contents/Resources/app/resources/darwin/components/WCH/Toolchain/RISC-V Embedded GCC/bin/../lib/gcc/riscv-none-embed/8.2.0/../../../../riscv-none-embed/lib/rv32imacxw/ilp32/libg_nano.a(lib_a-memcpy.o)
                0x0000000000002642                memcpy
 .text.printf   0x00000000000026f4       0x40 /Applications/MounRiver Studio 2.app/Contents/Resources/app/resources/darwin/components/WCH/Toolchain/RISC-V Embedded GCC/bin/../lib/gcc/riscv-none-embed/8.2.0/../../../../riscv-none-embed/lib/rv32imacxw/ilp32/libg_nano.a(lib_a-printf.o)
                0x00000000000026f4                printf
                0x00000000000026f4                iprintf
 .text._puts_r  0x0000000000002734       0xd4 /Applications/MounRiver Studio 2.app/Contents/Resources/app/resources/darwin/components/WCH/Toolchain/RISC-V Embedded GCC/bin/../lib/gcc/riscv-none-embed/8.2.0/../../../../riscv-none-embed/lib/rv32imacxw/ilp32/libg_nano.a(lib_a-puts.o)
                0x0000000000002734                _puts_r
 .text.puts     0x0000000000002808        0xc /Applications/MounRiver Studio 2.app/Contents/Resources/app/resources/darwin/components/WCH/Toolchain/RISC-V Embedded GCC/bin/../lib/gcc/riscv-none-embed/8.2.0/../../../../riscv-none-embed/lib/rv32imacxw/ilp32/libg_nano.a(lib_a-puts.o)
                0x0000000000002808                puts
 .text.__swbuf_r
                0x0000000000002814       0xbc /Applications/MounRiver Studio 2.app/Contents/Resources/app/resources/darwin/components/WCH/Toolchain/RISC-V Embedded GCC/bin/../lib/gcc/riscv-none-embed/8.2.0/../../../../riscv-none-embed/lib/rv32imacxw/ilp32/libg_nano.a(lib_a-wbuf.o)
                0x0000000000002814                __swbuf_r
 .text.__swsetup_r
                0x00000000000028d0       0xfc /Applications/MounRiver Studio 2.app/Contents/Resources/app/resources/darwin/components/WCH/Toolchain/RISC-V Embedded GCC/bin/../lib/gcc/riscv-none-embed/8.2.0/../../../../riscv-none-embed/lib/rv32imacxw/ilp32/libg_nano.a(lib_a-wsetup.o)
                0x00000000000028d0                __swsetup_r
 .text.__sflush_r
                0x00000000000029cc      0x130 /Applications/MounRiver Studio 2.app/Contents/Resources/app/resources/darwin/components/WCH/Toolchain/RISC-V Embedded GCC/bin/../lib/gcc/riscv-none-embed/8.2.0/../../../../riscv-none-embed/lib/rv32imacxw/ilp32/libg_nano.a(lib_a-fflush.o)
                0x00000000000029cc                __sflush_r
 .text._fflush_r
                0x0000000000002afc       0x66 /Applications/MounRiver Studio 2.app/Contents/Resources/app/resources/darwin/components/WCH/Toolchain/RISC-V Embedded GCC/bin/../lib/gcc/riscv-none-embed/8.2.0/../../../../riscv-none-embed/lib/rv32imacxw/ilp32/libg_nano.a(lib_a-fflush.o)
                0x0000000000002afc                _fflush_r
 .text.std      0x0000000000002b62       0x66 /Applications/MounRiver Studio 2.app/Contents/Resources/app/resources/darwin/components/WCH/Toolchain/RISC-V Embedded GCC/bin/../lib/gcc/riscv-none-embed/8.2.0/../../../../riscv-none-embed/lib/rv32imacxw/ilp32/libg_nano.a(lib_a-findfp.o)
 .text._cleanup_r
                0x0000000000002bc8        0xa /Applications/MounRiver Studio 2.app/Contents/Resources/app/resources/darwin/components/WCH/Toolchain/RISC-V Embedded GCC/bin/../lib/gcc/riscv-none-embed/8.2.0/../../../../riscv-none-embed/lib/rv32imacxw/ilp32/libg_nano.a(lib_a-findfp.o)
                0x0000000000002bc8                _cleanup_r
 .text.__sfmoreglue
                0x0000000000002bd2       0x46 /Applications/MounRiver Studio 2.app/Contents/Resources/app/resources/darwin/components/WCH/Toolchain/RISC-V Embedded GCC/bin/../lib/gcc/riscv-none-embed/8.2.0/../../../../riscv-none-embed/lib/rv32imacxw/ilp32/libg_nano.a(lib_a-findfp.o)
                0x0000000000002bd2                __sfmoreglue
 .text.__sinit  0x0000000000002c18       0x6c /Applications/MounRiver Studio 2.app/Contents/Resources/app/resources/darwin/components/WCH/Toolchain/RISC-V Embedded GCC/bin/../lib/gcc/riscv-none-embed/8.2.0/../../../../riscv-none-embed/lib/rv32imacxw/ilp32/libg_nano.a(lib_a-findfp.o)
                0x0000000000002c18                __sinit
 .text.__sfp    0x0000000000002c84       0xa0 /Applications/MounRiver Studio 2.app/Contents/Resources/app/resources/darwin/components/WCH/Toolchain/RISC-V Embedded GCC/bin/../lib/gcc/riscv-none-embed/8.2.0/../../../../riscv-none-embed/lib/rv32imacxw/ilp32/libg_nano.a(lib_a-findfp.o)
                0x0000000000002c84                __sfp
 .text._fwalk_reent
                0x0000000000002d24       0x6a /Applications/MounRiver Studio 2.app/Contents/Resources/app/resources/darwin/components/WCH/Toolchain/RISC-V Embedded GCC/bin/../lib/gcc/riscv-none-embed/8.2.0/../../../../riscv-none-embed/lib/rv32imacxw/ilp32/libg_nano.a(lib_a-fwalk.o)
                0x0000000000002d24                _fwalk_reent
 .text.__swhatbuf_r
                0x0000000000002d8e       0x58 /Applications/MounRiver Studio 2.app/Contents/Resources/app/resources/darwin/components/WCH/Toolchain/RISC-V Embedded GCC/bin/../lib/gcc/riscv-none-embed/8.2.0/../../../../riscv-none-embed/lib/rv32imacxw/ilp32/libg_nano.a(lib_a-makebuf.o)
                0x0000000000002d8e                __swhatbuf_r
 .text.__smakebuf_r
                0x0000000000002de6       0x92 /Applications/MounRiver Studio 2.app/Contents/Resources/app/resources/darwin/components/WCH/Toolchain/RISC-V Embedded GCC/bin/../lib/gcc/riscv-none-embed/8.2.0/../../../../riscv-none-embed/lib/rv32imacxw/ilp32/libg_nano.a(lib_a-makebuf.o)
                0x0000000000002de6                __smakebuf_r
 .text._free_r  0x0000000000002e78       0xa8 /Applications/MounRiver Studio 2.app/Contents/Resources/app/resources/darwin/components/WCH/Toolchain/RISC-V Embedded GCC/bin/../lib/gcc/riscv-none-embed/8.2.0/../../../../riscv-none-embed/lib/rv32imacxw/ilp32/libg_nano.a(lib_a-nano-freer.o)
                0x0000000000002e78                _free_r
 .text._malloc_r
                0x0000000000002f20       0xd4 /Applications/MounRiver Studio 2.app/Contents/Resources/app/resources/darwin/components/WCH/Toolchain/RISC-V Embedded GCC/bin/../lib/gcc/riscv-none-embed/8.2.0/../../../../riscv-none-embed/lib/rv32imacxw/ilp32/libg_nano.a(lib_a-nano-mallocr.o)
                0x0000000000002f20                _malloc_r
 .text.__sfputc_r
                0x0000000000002ff4       0x28 /Applications/MounRiver Studio 2.app/Contents/Resources/app/resources/darwin/components/WCH/Toolchain/RISC-V Embedded GCC/bin/../lib/gcc/riscv-none-embed/8.2.0/../../../../riscv-none-embed/lib/rv32imacxw/ilp32/libg_nano.a(lib_a-nano-vfprintf.o)
 .text.__sfputs_r
                0x000000000000301c       0x42 /Applications/MounRiver Studio 2.app/Contents/Resources/app/resources/darwin/components/WCH/Toolchain/RISC-V Embedded GCC/bin/../lib/gcc/riscv-none-embed/8.2.0/../../../../riscv-none-embed/lib/rv32imacxw/ilp32/libg_nano.a(lib_a-nano-vfprintf.o)
                0x000000000000301c                __sfputs_r
 .text._vfprintf_r
                0x000000000000305e      0x288 /Applications/MounRiver Studio 2.app/Contents/Resources/app/resources/darwin/components/WCH/Toolchain/RISC-V Embedded GCC/bin/../lib/gcc/riscv-none-embed/8.2.0/../../../../riscv-none-embed/lib/rv32imacxw/ilp32/libg_nano.a(lib_a-nano-vfprintf.o)
                0x000000000000305e                _vfiprintf_r
                0x000000000000305e                _vfprintf_r
 .text._printf_common
                0x00000000000032e6      0x10c /Applications/MounRiver Studio 2.app/Contents/Resources/app/resources/darwin/components/WCH/Toolchain/RISC-V Embedded GCC/bin/../lib/gcc/riscv-none-embed/8.2.0/../../../../riscv-none-embed/lib/rv32imacxw/ilp32/libg_nano.a(lib_a-nano-vfprintf_i.o)
                0x00000000000032e6                _printf_common
 .text._printf_i
                0x00000000000033f2      0x2a2 /Applications/MounRiver Studio 2.app/Contents/Resources/app/resources/darwin/components/WCH/Toolchain/RISC-V Embedded GCC/bin/../lib/gcc/riscv-none-embed/8.2.0/../../../../riscv-none-embed/lib/rv32imacxw/ilp32/libg_nano.a(lib_a-nano-vfprintf_i.o)
                0x00000000000033f2                _printf_i
 .text._sbrk_r  0x0000000000003694       0x2a /Applications/MounRiver Studio 2.app/Contents/Resources/app/resources/darwin/components/WCH/Toolchain/RISC-V Embedded GCC/bin/../lib/gcc/riscv-none-embed/8.2.0/../../../../riscv-none-embed/lib/rv32imacxw/ilp32/libg_nano.a(lib_a-sbrkr.o)
                0x0000000000003694                _sbrk_r
 .text.__sread  0x00000000000036be       0x2c /Applications/MounRiver Studio 2.app/Contents/Resources/app/resources/darwin/components/WCH/Toolchain/RISC-V Embedded GCC/bin/../lib/gcc/riscv-none-embed/8.2.0/../../../../riscv-none-embed/lib/rv32imacxw/ilp32/libg_nano.a(lib_a-stdio.o)
                0x00000000000036be                __sread
 .text.__swrite
                0x00000000000036ea       0x48 /Applications/MounRiver Studio 2.app/Contents/Resources/app/resources/darwin/components/WCH/Toolchain/RISC-V Embedded GCC/bin/../lib/gcc/riscv-none-embed/8.2.0/../../../../riscv-none-embed/lib/rv32imacxw/ilp32/libg_nano.a(lib_a-stdio.o)
                0x00000000000036ea                __swrite
 .text.__sseek  0x0000000000003732       0x30 /Applications/MounRiver Studio 2.app/Contents/Resources/app/resources/darwin/components/WCH/Toolchain/RISC-V Embedded GCC/bin/../lib/gcc/riscv-none-embed/8.2.0/../../../../riscv-none-embed/lib/rv32imacxw/ilp32/libg_nano.a(lib_a-stdio.o)
                0x0000000000003732                __sseek
 .text.__sclose
                0x0000000000003762        0x6 /Applications/MounRiver Studio 2.app/Contents/Resources/app/resources/darwin/components/WCH/Toolchain/RISC-V Embedded GCC/bin/../lib/gcc/riscv-none-embed/8.2.0/../../../../riscv-none-embed/lib/rv32imacxw/ilp32/libg_nano.a(lib_a-stdio.o)
                0x0000000000003762                __sclose
 .text._write_r
                0x0000000000003768       0x2e /Applications/MounRiver Studio 2.app/Contents/Resources/app/resources/darwin/components/WCH/Toolchain/RISC-V Embedded GCC/bin/../lib/gcc/riscv-none-embed/8.2.0/../../../../riscv-none-embed/lib/rv32imacxw/ilp32/libg_nano.a(lib_a-writer.o)
                0x0000000000003768                _write_r
 .text._close_r
                0x0000000000003796       0x28 /Applications/MounRiver Studio 2.app/Contents/Resources/app/resources/darwin/components/WCH/Toolchain/RISC-V Embedded GCC/bin/../lib/gcc/riscv-none-embed/8.2.0/../../../../riscv-none-embed/lib/rv32imacxw/ilp32/libg_nano.a(lib_a-closer.o)
                0x0000000000003796                _close_r
 .text._fstat_r
                0x00000000000037be       0x2a /Applications/MounRiver Studio 2.app/Contents/Resources/app/resources/darwin/components/WCH/Toolchain/RISC-V Embedded GCC/bin/../lib/gcc/riscv-none-embed/8.2.0/../../../../riscv-none-embed/lib/rv32imacxw/ilp32/libg_nano.a(lib_a-fstatr.o)
                0x00000000000037be                _fstat_r
 .text._isatty_r
                0x00000000000037e8       0x28 /Applications/MounRiver Studio 2.app/Contents/Resources/app/resources/darwin/components/WCH/Toolchain/RISC-V Embedded GCC/bin/../lib/gcc/riscv-none-embed/8.2.0/../../../../riscv-none-embed/lib/rv32imacxw/ilp32/libg_nano.a(lib_a-isattyr.o)
                0x00000000000037e8                _isatty_r
 .text._lseek_r
                0x0000000000003810       0x2c /Applications/MounRiver Studio 2.app/Contents/Resources/app/resources/darwin/components/WCH/Toolchain/RISC-V Embedded GCC/bin/../lib/gcc/riscv-none-embed/8.2.0/../../../../riscv-none-embed/lib/rv32imacxw/ilp32/libg_nano.a(lib_a-lseekr.o)
                0x0000000000003810                _lseek_r
 .text.memchr   0x000000000000383c       0x18 /Applications/MounRiver Studio 2.app/Contents/Resources/app/resources/darwin/components/WCH/Toolchain/RISC-V Embedded GCC/bin/../lib/gcc/riscv-none-embed/8.2.0/../../../../riscv-none-embed/lib/rv32imacxw/ilp32/libg_nano.a(lib_a-memchr.o)
                0x000000000000383c                memchr
 .text.__malloc_lock
                0x0000000000003854        0x2 /Applications/MounRiver Studio 2.app/Contents/Resources/app/resources/darwin/components/WCH/Toolchain/RISC-V Embedded GCC/bin/../lib/gcc/riscv-none-embed/8.2.0/../../../../riscv-none-embed/lib/rv32imacxw/ilp32/libg_nano.a(lib_a-mlock.o)
                0x0000000000003854                __malloc_lock
 .text.__malloc_unlock
                0x0000000000003856        0x2 /Applications/MounRiver Studio 2.app/Contents/Resources/app/resources/darwin/components/WCH/Toolchain/RISC-V Embedded GCC/bin/../lib/gcc/riscv-none-embed/8.2.0/../../../../riscv-none-embed/lib/rv32imacxw/ilp32/libg_nano.a(lib_a-mlock.o)
                0x0000000000003856                __malloc_unlock
 .text._read_r  0x0000000000003858       0x2c /Applications/MounRiver Studio 2.app/Contents/Resources/app/resources/darwin/components/WCH/Toolchain/RISC-V Embedded GCC/bin/../lib/gcc/riscv-none-embed/8.2.0/../../../../riscv-none-embed/lib/rv32imacxw/ilp32/libg_nano.a(lib_a-readr.o)
                0x0000000000003858                _read_r
 .text._close   0x0000000000003884        0xc /Applications/MounRiver Studio 2.app/Contents/Resources/app/resources/darwin/components/WCH/Toolchain/RISC-V Embedded GCC/bin/../lib/gcc/riscv-none-embed/8.2.0/../../../../riscv-none-embed/lib/rv32imacxw/ilp32/libnosys.a(close.o)
                0x0000000000003884                _close
 .text._fstat   0x0000000000003890        0xc /Applications/MounRiver Studio 2.app/Contents/Resources/app/resources/darwin/components/WCH/Toolchain/RISC-V Embedded GCC/bin/../lib/gcc/riscv-none-embed/8.2.0/../../../../riscv-none-embed/lib/rv32imacxw/ilp32/libnosys.a(fstat.o)
                0x0000000000003890                _fstat
 .text._isatty  0x000000000000389c        0xc /Applications/MounRiver Studio 2.app/Contents/Resources/app/resources/darwin/components/WCH/Toolchain/RISC-V Embedded GCC/bin/../lib/gcc/riscv-none-embed/8.2.0/../../../../riscv-none-embed/lib/rv32imacxw/ilp32/libnosys.a(isatty.o)
                0x000000000000389c                _isatty
 .text._lseek   0x00000000000038a8        0xc /Applications/MounRiver Studio 2.app/Contents/Resources/app/resources/darwin/components/WCH/Toolchain/RISC-V Embedded GCC/bin/../lib/gcc/riscv-none-embed/8.2.0/../../../../riscv-none-embed/lib/rv32imacxw/ilp32/libnosys.a(lseek.o)
                0x00000000000038a8                _lseek
 .text._read    0x00000000000038b4        0xc /Applications/MounRiver Studio 2.app/Contents/Resources/app/resources/darwin/components/WCH/Toolchain/RISC-V Embedded GCC/bin/../lib/gcc/riscv-none-embed/8.2.0/../../../../riscv-none-embed/lib/rv32imacxw/ilp32/libnosys.a(read.o)
                0x00000000000038b4                _read
 *(.rodata)
 *(.rodata*)
 .rodata.main.str1.4
                0x00000000000038c0       0xd7 ./User/main.o
 *fill*         0x0000000000003997        0x1 
 .rodata.CSWTCH.8
                0x0000000000003998       0x14 ./User/param_utils.o
 .rodata.CSWTCH.9
                0x00000000000039ac        0xc ./User/param_utils.o
 .rodata.StripType_GetName.str1.4
                0x00000000000039b8        0x8 ./User/param_utils.o
 .rodata.str1.4
                0x00000000000039c0       0x8f ./User/param_utils.o
 *fill*         0x0000000000003a4f        0x1 
 .rodata.STRIP_DETECT_DetermineStripType.cst4
                0x0000000000003a50        0x4 ./User/strip_detect.o
 .rodata.STRIP_DETECT_HandleInsertedEvent.str1.4
                0x0000000000003a54       0x3d ./User/strip_detect.o
 *fill*         0x0000000000003a91        0x3 
 .rodata.STRIP_DETECT_Init.str1.4
                0x0000000000003a94       0x24 ./User/strip_detect.o
 .rodata.STRIP_DETECT_Process.cst4
                0x0000000000003ab8        0x8 ./User/strip_detect.o
 .rodata.STRIP_DETECT_Process.str1.4
                0x0000000000003ac0       0x51 ./User/strip_detect.o
 *fill*         0x0000000000003b11        0x3 
 .rodata.UART2_Receive_Byte_ISR
                0x0000000000003b14       0x18 ./User/uart_protocol.o
 .rodata.UART_ProcessStripInsertedCmd.str1.4
                0x0000000000003b2c       0x6c ./User/uart_protocol.o
 .rodata.UART_Protocol_Init.str1.4
                0x0000000000003b98       0x1b ./User/uart_protocol.o
 *fill*         0x0000000000003bb3        0x1 
 .rodata.UART_SendStripTypeAck.str1.4
                0x0000000000003bb4       0x1d ./User/uart_protocol.o
 *fill*         0x0000000000003bd1        0x3 
 .rodata.Get_Raw_Test_Data.str1.4
                0x0000000000003bd4        0xb ./User/uart_protocol_stubs.o
 *fill*         0x0000000000003bdf        0x1 
 .rodata.__mulsf3
                0x0000000000003be0       0x40 /Applications/MounRiver Studio 2.app/Contents/Resources/app/resources/darwin/components/WCH/Toolchain/RISC-V Embedded GCC/bin/../lib/gcc/riscv-none-embed/8.2.0/rv32imacxw/ilp32/libgcc.a(mulsf3.o)
 .rodata.__clz_tab
                0x0000000000003c20      0x100 /Applications/MounRiver Studio 2.app/Contents/Resources/app/resources/darwin/components/WCH/Toolchain/RISC-V Embedded GCC/bin/../lib/gcc/riscv-none-embed/8.2.0/rv32imacxw/ilp32/libgcc.a(_clz.o)
                0x0000000000003c20                __clz_tab
 .rodata.__sf_fake_stderr
                0x0000000000003d20       0x20 /Applications/MounRiver Studio 2.app/Contents/Resources/app/resources/darwin/components/WCH/Toolchain/RISC-V Embedded GCC/bin/../lib/gcc/riscv-none-embed/8.2.0/../../../../riscv-none-embed/lib/rv32imacxw/ilp32/libg_nano.a(lib_a-findfp.o)
                0x0000000000003d20                __sf_fake_stderr
 .rodata.__sf_fake_stdin
                0x0000000000003d40       0x20 /Applications/MounRiver Studio 2.app/Contents/Resources/app/resources/darwin/components/WCH/Toolchain/RISC-V Embedded GCC/bin/../lib/gcc/riscv-none-embed/8.2.0/../../../../riscv-none-embed/lib/rv32imacxw/ilp32/libg_nano.a(lib_a-findfp.o)
                0x0000000000003d40                __sf_fake_stdin
 .rodata.__sf_fake_stdout
                0x0000000000003d60       0x20 /Applications/MounRiver Studio 2.app/Contents/Resources/app/resources/darwin/components/WCH/Toolchain/RISC-V Embedded GCC/bin/../lib/gcc/riscv-none-embed/8.2.0/../../../../riscv-none-embed/lib/rv32imacxw/ilp32/libg_nano.a(lib_a-findfp.o)
                0x0000000000003d60                __sf_fake_stdout
 .rodata._vfprintf_r.str1.4
                0x0000000000003d80       0x13 /Applications/MounRiver Studio 2.app/Contents/Resources/app/resources/darwin/components/WCH/Toolchain/RISC-V Embedded GCC/bin/../lib/gcc/riscv-none-embed/8.2.0/../../../../riscv-none-embed/lib/rv32imacxw/ilp32/libg_nano.a(lib_a-nano-vfprintf.o)
 *fill*         0x0000000000003d93        0x1 
 .rodata._printf_i.str1.4
                0x0000000000003d94       0x28 /Applications/MounRiver Studio 2.app/Contents/Resources/app/resources/darwin/components/WCH/Toolchain/RISC-V Embedded GCC/bin/../lib/gcc/riscv-none-embed/8.2.0/../../../../riscv-none-embed/lib/rv32imacxw/ilp32/libg_nano.a(lib_a-nano-vfprintf_i.o)
                                         0x25 (size before relaxing)
 *(.gnu.linkonce.t.*)
                0x0000000000003dbc                . = ALIGN (0x4)

.rela.dyn       0x0000000000003dbc        0x0
 .rela.init     0x0000000000003dbc        0x0 ./User/ch32v20x_it.o
 .rela.vector   0x0000000000003dbc        0x0 ./User/ch32v20x_it.o
 .rela.text.handle_reset
                0x0000000000003dbc        0x0 ./User/ch32v20x_it.o
 .rela.text._sbrk
                0x0000000000003dbc        0x0 ./User/ch32v20x_it.o
 .rela.sdata.curbrk.4652
                0x0000000000003dbc        0x0 ./User/ch32v20x_it.o
 .rela.text._vfprintf_r
                0x0000000000003dbc        0x0 ./User/ch32v20x_it.o
 .rela.text._sbrk_r
                0x0000000000003dbc        0x0 ./User/ch32v20x_it.o
 .rela.text._write_r
                0x0000000000003dbc        0x0 ./User/ch32v20x_it.o
 .rela.text._close_r
                0x0000000000003dbc        0x0 ./User/ch32v20x_it.o
 .rela.text._fstat_r
                0x0000000000003dbc        0x0 ./User/ch32v20x_it.o
 .rela.text._isatty_r
                0x0000000000003dbc        0x0 ./User/ch32v20x_it.o
 .rela.text._lseek_r
                0x0000000000003dbc        0x0 ./User/ch32v20x_it.o
 .rela.text._read_r
                0x0000000000003dbc        0x0 ./User/ch32v20x_it.o
 .rela.text._close
                0x0000000000003dbc        0x0 ./User/ch32v20x_it.o
 .rela.text._fstat
                0x0000000000003dbc        0x0 ./User/ch32v20x_it.o
 .rela.text._isatty
                0x0000000000003dbc        0x0 ./User/ch32v20x_it.o
 .rela.text._lseek
                0x0000000000003dbc        0x0 ./User/ch32v20x_it.o
 .rela.text._read
                0x0000000000003dbc        0x0 ./User/ch32v20x_it.o

.fini           0x0000000000003dbc        0x0
 *(SORT_NONE(.fini))
                0x0000000000003dbc                . = ALIGN (0x4)
                [!provide]                        PROVIDE (_etext = .)
                [!provide]                        PROVIDE (_eitcm = .)

.preinit_array  0x0000000000003dbc        0x0
                [!provide]                        PROVIDE (__preinit_array_start = .)
 *(.preinit_array)
                [!provide]                        PROVIDE (__preinit_array_end = .)

.init_array     0x0000000000003dbc        0x0
                [!provide]                        PROVIDE (__init_array_start = .)
 *(SORT_BY_INIT_PRIORITY(.init_array.*) SORT_BY_INIT_PRIORITY(.ctors.*))
 *(.init_array EXCLUDE_FILE(*crtend?.o *crtend.o *crtbegin?.o *crtbegin.o) .ctors)
                [!provide]                        PROVIDE (__init_array_end = .)

.fini_array     0x0000000000003dbc        0x0
                [!provide]                        PROVIDE (__fini_array_start = .)
 *(SORT_BY_INIT_PRIORITY(.fini_array.*) SORT_BY_INIT_PRIORITY(.dtors.*))
 *(.fini_array EXCLUDE_FILE(*crtend?.o *crtend.o *crtbegin?.o *crtbegin.o) .dtors)
                [!provide]                        PROVIDE (__fini_array_end = .)

.ctors
 *crtbegin.o(.ctors)
 *crtbegin?.o(.ctors)
 *(EXCLUDE_FILE(*crtend?.o *crtend.o) .ctors)
 *(SORT_BY_NAME(.ctors.*))
 *(.ctors)

.dtors
 *crtbegin.o(.dtors)
 *crtbegin?.o(.dtors)
 *(EXCLUDE_FILE(*crtend?.o *crtend.o) .dtors)
 *(SORT_BY_NAME(.dtors.*))
 *(.dtors)

.dalign         0x0000000020000000        0x0 load address 0x0000000000003dbc
                0x0000000020000000                . = ALIGN (0x4)
                0x0000000020000000                PROVIDE (_data_vma = .)

.dlalign        0x0000000000003dbc        0x0
                0x0000000000003dbc                . = ALIGN (0x4)
                0x0000000000003dbc                PROVIDE (_data_lma = .)

.data           0x0000000020000000       0xa0 load address 0x0000000000003dbc
 *(.gnu.linkonce.r.*)
 *(.data .data.*)
 .data.stripInfo
                0x0000000020000000       0x18 ./User/strip_detect.o
 .data.APBAHBPrescTable
                0x0000000020000018       0x10 ./Peripheral/src/ch32v20x_rcc.o
 .data.impure_data
                0x0000000020000028       0x60 /Applications/MounRiver Studio 2.app/Contents/Resources/app/resources/darwin/components/WCH/Toolchain/RISC-V Embedded GCC/bin/../lib/gcc/riscv-none-embed/8.2.0/../../../../riscv-none-embed/lib/rv32imacxw/ilp32/libg_nano.a(lib_a-impure.o)
 *(.gnu.linkonce.d.*)
                0x0000000020000088                . = ALIGN (0x8)
                0x0000000020000888                PROVIDE (__global_pointer$ = (. + 0x800))
 *(.sdata .sdata.*)
 .sdata.SystemCoreClock
                0x0000000020000088        0x4 ./User/system_ch32v20x.o
                0x0000000020000088                SystemCoreClock
 .sdata.blood_countdown
                0x000000002000008c        0x1 ./User/uart_protocol.o
 *fill*         0x000000002000008d        0x3 
 .sdata.ADCPrescTable
                0x0000000020000090        0x4 ./Peripheral/src/ch32v20x_rcc.o
 .sdata.curbrk.4652
                0x0000000020000094        0x4 ./Debug/debug.o
 .sdata._impure_ptr
                0x0000000020000098        0x4 /Applications/MounRiver Studio 2.app/Contents/Resources/app/resources/darwin/components/WCH/Toolchain/RISC-V Embedded GCC/bin/../lib/gcc/riscv-none-embed/8.2.0/../../../../riscv-none-embed/lib/rv32imacxw/ilp32/libg_nano.a(lib_a-impure.o)
                0x0000000020000098                _impure_ptr
 *(.sdata2.*)
 .sdata2._global_impure_ptr
                0x000000002000009c        0x4 /Applications/MounRiver Studio 2.app/Contents/Resources/app/resources/darwin/components/WCH/Toolchain/RISC-V Embedded GCC/bin/../lib/gcc/riscv-none-embed/8.2.0/../../../../riscv-none-embed/lib/rv32imacxw/ilp32/libg_nano.a(lib_a-impure.o)
                0x000000002000009c                _global_impure_ptr
 *(.gnu.linkonce.s.*)
                0x00000000200000a0                . = ALIGN (0x8)
 *(.srodata.cst16)
 *(.srodata.cst8)
 *(.srodata.cst4)
 *(.srodata.cst2)
 *(.srodata .srodata.*)
                0x00000000200000a0                . = ALIGN (0x4)
                0x00000000200000a0                PROVIDE (_edata = .)

.bss            0x00000000200000a0      0x964 load address 0x0000000000003e5c
                0x00000000200000a0                . = ALIGN (0x4)
                0x00000000200000a0                PROVIDE (_sbss = .)
 *(.sbss*)
 .sbss.g_paramInitialized
                0x00000000200000a0        0x1 ./User/param_table.o
 .sbss.blood_detected
                0x00000000200000a1        0x1 ./User/uart_protocol.o
 .sbss.dataCnt.5467
                0x00000000200000a2        0x1 ./User/uart_protocol.o
 .sbss.dataLen.5466
                0x00000000200000a3        0x1 ./User/uart_protocol.o
 .sbss.packet_received
                0x00000000200000a4        0x1 ./User/uart_protocol.o
 *fill*         0x00000000200000a5        0x1 
 .sbss.rx_index
                0x00000000200000a6        0x2 ./User/uart_protocol.o
 .sbss.state.5465
                0x00000000200000a8        0x1 ./User/uart_protocol.o
 .sbss.test_in_progress
                0x00000000200000a9        0x1 ./User/uart_protocol.o
 .sbss.counter.5291
                0x00000000200000aa        0x1 ./User/uart_protocol_stubs.o
 .sbss.MCU_Version
                0x00000000200000ab        0x1 ./Peripheral/src/ch32v20x_gpio.o
                0x00000000200000ab                MCU_Version
 .sbss.NVIC_Priority_Group
                0x00000000200000ac        0x4 ./Peripheral/src/ch32v20x_misc.o
                0x00000000200000ac                NVIC_Priority_Group
 .sbss.p_ms     0x00000000200000b0        0x2 ./Debug/debug.o
 .sbss.p_us     0x00000000200000b2        0x1 ./Debug/debug.o
 *fill*         0x00000000200000b3        0x1 
 .sbss.__malloc_free_list
                0x00000000200000b4        0x4 /Applications/MounRiver Studio 2.app/Contents/Resources/app/resources/darwin/components/WCH/Toolchain/RISC-V Embedded GCC/bin/../lib/gcc/riscv-none-embed/8.2.0/../../../../riscv-none-embed/lib/rv32imacxw/ilp32/libg_nano.a(lib_a-nano-mallocr.o)
                0x00000000200000b4                __malloc_free_list
 .sbss.__malloc_sbrk_start
                0x00000000200000b8        0x4 /Applications/MounRiver Studio 2.app/Contents/Resources/app/resources/darwin/components/WCH/Toolchain/RISC-V Embedded GCC/bin/../lib/gcc/riscv-none-embed/8.2.0/../../../../riscv-none-embed/lib/rv32imacxw/ilp32/libg_nano.a(lib_a-nano-mallocr.o)
                0x00000000200000b8                __malloc_sbrk_start
 *(.gnu.linkonce.sb.*)
 *(.bss*)
 .bss.USART_DMA_CTRL
                0x00000000200000bc      0x101 ./User/main.o
                0x00000000200000bc                USART_DMA_CTRL
 *fill*         0x00000000200001bd        0x3 
 .bss.ring_buffer
                0x00000000200001c0      0x406 ./User/main.o
                0x00000000200001c0                ring_buffer
 *fill*         0x00000000200005c6        0x2 
 .bss.g_paramTable
                0x00000000200005c8      0x35e ./User/param_table.o
 *fill*         0x0000000020000926        0x2 
 .bss.current_raw_data
                0x0000000020000928       0x3c ./User/uart_protocol.o
 .bss.current_test_result
                0x0000000020000964       0x1a ./User/uart_protocol.o
 *fill*         0x000000002000097e        0x2 
 .bss.rx_buffer
                0x0000000020000980       0x40 ./User/uart_protocol.o
 .bss.tx_buffer
                0x00000000200009c0       0x40 ./User/uart_protocol.o
 *(.gnu.linkonce.b.*)
 *(COMMON*)
 COMMON         0x0000000020000a00        0x4 /Applications/MounRiver Studio 2.app/Contents/Resources/app/resources/darwin/components/WCH/Toolchain/RISC-V Embedded GCC/bin/../lib/gcc/riscv-none-embed/8.2.0/../../../../riscv-none-embed/lib/rv32imacxw/ilp32/libg_nano.a(lib_a-reent.o)
                0x0000000020000a00                errno
                0x0000000020000a04                . = ALIGN (0x4)
                0x0000000020000a04                PROVIDE (_ebss = .)
                0x0000000020000a04                PROVIDE (_end = _ebss)
                [!provide]                        PROVIDE (end = .)

.stack          0x0000000020004800      0x800
                0x0000000020004800                PROVIDE (_heap_end = .)
                0x0000000020004800                . = ALIGN (0x4)
                [!provide]                        PROVIDE (_susrstack = .)
                0x0000000020005000                . = (. + __stack_size)
 *fill*         0x0000000020004800      0x800 
                0x0000000020005000                PROVIDE (_eusrstack = .)
OUTPUT(CH32V203G8R6.elf elf32-littleriscv)

.debug_info     0x0000000000000000    0x17865
 .debug_info    0x0000000000000000      0xbb5 ./User/ch32v20x_it.o
 .debug_info    0x0000000000000bb5     0x2700 ./User/main.o
 .debug_info    0x00000000000032b5     0x1e81 ./User/param_table.o
 .debug_info    0x0000000000005136     0x1d8a ./User/param_utils.o
 .debug_info    0x0000000000006ec0     0x23b5 ./User/strip_detect.o
 .debug_info    0x0000000000009275      0xb30 ./User/system_ch32v20x.o
 .debug_info    0x0000000000009da5     0x2e34 ./User/uart_protocol.o
 .debug_info    0x000000000000cbd9     0x1c2e ./User/uart_protocol_stubs.o
 .debug_info    0x000000000000e807       0x22 ./Startup/startup_ch32v20x_D6.o
 .debug_info    0x000000000000e829     0x16eb ./Peripheral/src/ch32v20x_adc.o
 .debug_info    0x000000000000ff14      0xd16 ./Peripheral/src/ch32v20x_dma.o
 .debug_info    0x0000000000010c2a     0x15d2 ./Peripheral/src/ch32v20x_flash.o
 .debug_info    0x00000000000121fc     0x1349 ./Peripheral/src/ch32v20x_gpio.o
 .debug_info    0x0000000000013545      0xe61 ./Peripheral/src/ch32v20x_misc.o
 .debug_info    0x00000000000143a6     0x1268 ./Peripheral/src/ch32v20x_rcc.o
 .debug_info    0x000000000001560e     0x1335 ./Peripheral/src/ch32v20x_usart.o
 .debug_info    0x0000000000016943      0xf22 ./Debug/debug.o

.debug_abbrev   0x0000000000000000     0x3699
 .debug_abbrev  0x0000000000000000      0x22c ./User/ch32v20x_it.o
 .debug_abbrev  0x000000000000022c      0x3cc ./User/main.o
 .debug_abbrev  0x00000000000005f8      0x474 ./User/param_table.o
 .debug_abbrev  0x0000000000000a6c      0x295 ./User/param_utils.o
 .debug_abbrev  0x0000000000000d01      0x44d ./User/strip_detect.o
 .debug_abbrev  0x000000000000114e      0x2b0 ./User/system_ch32v20x.o
 .debug_abbrev  0x00000000000013fe      0x4c3 ./User/uart_protocol.o
 .debug_abbrev  0x00000000000018c1      0x31f ./User/uart_protocol_stubs.o
 .debug_abbrev  0x0000000000001be0       0x12 ./Startup/startup_ch32v20x_D6.o
 .debug_abbrev  0x0000000000001bf2      0x3a9 ./Peripheral/src/ch32v20x_adc.o
 .debug_abbrev  0x0000000000001f9b      0x302 ./Peripheral/src/ch32v20x_dma.o
 .debug_abbrev  0x000000000000229d      0x468 ./Peripheral/src/ch32v20x_flash.o
 .debug_abbrev  0x0000000000002705      0x34b ./Peripheral/src/ch32v20x_gpio.o
 .debug_abbrev  0x0000000000002a50      0x2ea ./Peripheral/src/ch32v20x_misc.o
 .debug_abbrev  0x0000000000002d3a      0x36b ./Peripheral/src/ch32v20x_rcc.o
 .debug_abbrev  0x00000000000030a5      0x312 ./Peripheral/src/ch32v20x_usart.o
 .debug_abbrev  0x00000000000033b7      0x2e2 ./Debug/debug.o

.debug_aranges  0x0000000000000000      0x930
 .debug_aranges
                0x0000000000000000       0x28 ./User/ch32v20x_it.o
 .debug_aranges
                0x0000000000000028       0x50 ./User/main.o
 .debug_aranges
                0x0000000000000078       0x70 ./User/param_table.o
 .debug_aranges
                0x00000000000000e8       0x70 ./User/param_utils.o
 .debug_aranges
                0x0000000000000158       0x60 ./User/strip_detect.o
 .debug_aranges
                0x00000000000001b8       0x28 ./User/system_ch32v20x.o
 .debug_aranges
                0x00000000000001e0       0xd0 ./User/uart_protocol.o
 .debug_aranges
                0x00000000000002b0       0x48 ./User/uart_protocol_stubs.o
 .debug_aranges
                0x00000000000002f8       0x30 ./Startup/startup_ch32v20x_D6.o
 .debug_aranges
                0x0000000000000328      0x150 ./Peripheral/src/ch32v20x_adc.o
 .debug_aranges
                0x0000000000000478       0x60 ./Peripheral/src/ch32v20x_dma.o
 .debug_aranges
                0x00000000000004d8      0x110 ./Peripheral/src/ch32v20x_flash.o
 .debug_aranges
                0x00000000000005e8       0xb0 ./Peripheral/src/ch32v20x_gpio.o
 .debug_aranges
                0x0000000000000698       0x28 ./Peripheral/src/ch32v20x_misc.o
 .debug_aranges
                0x00000000000006c0      0x130 ./Peripheral/src/ch32v20x_rcc.o
 .debug_aranges
                0x00000000000007f0       0xf0 ./Peripheral/src/ch32v20x_usart.o
 .debug_aranges
                0x00000000000008e0       0x50 ./Debug/debug.o

.debug_ranges   0x0000000000000000      0x9c0
 .debug_ranges  0x0000000000000000       0x18 ./User/ch32v20x_it.o
 .debug_ranges  0x0000000000000018       0x40 ./User/main.o
 .debug_ranges  0x0000000000000058       0xc0 ./User/param_table.o
 .debug_ranges  0x0000000000000118       0x60 ./User/param_utils.o
 .debug_ranges  0x0000000000000178       0x88 ./User/strip_detect.o
 .debug_ranges  0x0000000000000200       0x18 ./User/system_ch32v20x.o
 .debug_ranges  0x0000000000000218      0x168 ./User/uart_protocol.o
 .debug_ranges  0x0000000000000380       0x60 ./User/uart_protocol_stubs.o
 .debug_ranges  0x00000000000003e0       0x28 ./Startup/startup_ch32v20x_D6.o
 .debug_ranges  0x0000000000000408      0x140 ./Peripheral/src/ch32v20x_adc.o
 .debug_ranges  0x0000000000000548       0x50 ./Peripheral/src/ch32v20x_dma.o
 .debug_ranges  0x0000000000000598      0x100 ./Peripheral/src/ch32v20x_flash.o
 .debug_ranges  0x0000000000000698       0xa0 ./Peripheral/src/ch32v20x_gpio.o
 .debug_ranges  0x0000000000000738       0x48 ./Peripheral/src/ch32v20x_misc.o
 .debug_ranges  0x0000000000000780      0x120 ./Peripheral/src/ch32v20x_rcc.o
 .debug_ranges  0x00000000000008a0       0xe0 ./Peripheral/src/ch32v20x_usart.o
 .debug_ranges  0x0000000000000980       0x40 ./Debug/debug.o

.debug_line     0x0000000000000000     0xed66
 .debug_line    0x0000000000000000      0x37e ./User/ch32v20x_it.o
 .debug_line    0x000000000000037e      0xe2f ./User/main.o
 .debug_line    0x00000000000011ad      0xe0a ./User/param_table.o
 .debug_line    0x0000000000001fb7      0x79b ./User/param_utils.o
 .debug_line    0x0000000000002752      0xd19 ./User/strip_detect.o
 .debug_line    0x000000000000346b      0x69b ./User/system_ch32v20x.o
 .debug_line    0x0000000000003b06     0x1986 ./User/uart_protocol.o
 .debug_line    0x000000000000548c      0x778 ./User/uart_protocol_stubs.o
 .debug_line    0x0000000000005c04      0x121 ./Startup/startup_ch32v20x_D6.o
 .debug_line    0x0000000000005d25     0x1bb8 ./Peripheral/src/ch32v20x_adc.o
 .debug_line    0x00000000000078dd      0x8a2 ./Peripheral/src/ch32v20x_dma.o
 .debug_line    0x000000000000817f     0x2620 ./Peripheral/src/ch32v20x_flash.o
 .debug_line    0x000000000000a79f     0x16f6 ./Peripheral/src/ch32v20x_gpio.o
 .debug_line    0x000000000000be95      0x4c8 ./Peripheral/src/ch32v20x_misc.o
 .debug_line    0x000000000000c35d     0x127e ./Peripheral/src/ch32v20x_rcc.o
 .debug_line    0x000000000000d5db      0xf61 ./Peripheral/src/ch32v20x_usart.o
 .debug_line    0x000000000000e53c      0x82a ./Debug/debug.o

.debug_str      0x0000000000000000     0x37e2
 .debug_str     0x0000000000000000      0x634 ./User/ch32v20x_it.o
                                        0x6a5 (size before relaxing)
 .debug_str     0x0000000000000634     0x111b ./User/main.o
                                       0x1775 (size before relaxing)
 .debug_str     0x000000000000174f      0x356 ./User/param_table.o
                                       0x1057 (size before relaxing)
 .debug_str     0x0000000000001aa5      0x10a ./User/param_utils.o
                                        0xfa0 (size before relaxing)
 .debug_str     0x0000000000001baf      0x479 ./User/strip_detect.o
                                       0x1429 (size before relaxing)
 .debug_str     0x0000000000002028       0xf2 ./User/system_ch32v20x.o
                                        0x6bf (size before relaxing)
 .debug_str     0x000000000000211a      0x3a1 ./User/uart_protocol.o
                                       0x1347 (size before relaxing)
 .debug_str     0x00000000000024bb       0x3b ./User/uart_protocol_stubs.o
                                        0xe5f (size before relaxing)
 .debug_str     0x00000000000024f6       0x2d ./Startup/startup_ch32v20x_D6.o
                                         0x76 (size before relaxing)
 .debug_str     0x0000000000002523      0x40e ./Peripheral/src/ch32v20x_adc.o
                                        0xc37 (size before relaxing)
 .debug_str     0x0000000000002931       0xd1 ./Peripheral/src/ch32v20x_dma.o
                                        0x813 (size before relaxing)
 .debug_str     0x0000000000002a02      0x40b ./Peripheral/src/ch32v20x_flash.o
                                        0xb3f (size before relaxing)
 .debug_str     0x0000000000002e0d      0x236 ./Peripheral/src/ch32v20x_gpio.o
                                        0x9dc (size before relaxing)
 .debug_str     0x0000000000003043       0x9c ./Peripheral/src/ch32v20x_misc.o
                                        0xa9e (size before relaxing)
 .debug_str     0x00000000000030df      0x3b2 ./Peripheral/src/ch32v20x_rcc.o
                                        0xaee (size before relaxing)
 .debug_str     0x0000000000003491      0x2dd ./Peripheral/src/ch32v20x_usart.o
                                        0xb0a (size before relaxing)
 .debug_str     0x000000000000376e       0x74 ./Debug/debug.o
                                        0x931 (size before relaxing)

.comment        0x0000000000000000       0x32
 .comment       0x0000000000000000       0x32 ./User/ch32v20x_it.o
                                         0x33 (size before relaxing)
 .comment       0x0000000000000032       0x33 ./User/main.o
 .comment       0x0000000000000032       0x33 ./User/param_table.o
 .comment       0x0000000000000032       0x33 ./User/param_utils.o
 .comment       0x0000000000000032       0x33 ./User/strip_detect.o
 .comment       0x0000000000000032       0x33 ./User/system_ch32v20x.o
 .comment       0x0000000000000032       0x33 ./User/uart_protocol.o
 .comment       0x0000000000000032       0x33 ./User/uart_protocol_stubs.o
 .comment       0x0000000000000032       0x33 ./Peripheral/src/ch32v20x_adc.o
 .comment       0x0000000000000032       0x33 ./Peripheral/src/ch32v20x_dma.o
 .comment       0x0000000000000032       0x33 ./Peripheral/src/ch32v20x_flash.o
 .comment       0x0000000000000032       0x33 ./Peripheral/src/ch32v20x_gpio.o
 .comment       0x0000000000000032       0x33 ./Peripheral/src/ch32v20x_misc.o
 .comment       0x0000000000000032       0x33 ./Peripheral/src/ch32v20x_rcc.o
 .comment       0x0000000000000032       0x33 ./Peripheral/src/ch32v20x_usart.o
 .comment       0x0000000000000032       0x33 ./Debug/debug.o
 .comment       0x0000000000000032       0x33 /Applications/MounRiver Studio 2.app/Contents/Resources/app/resources/darwin/components/WCH/Toolchain/RISC-V Embedded GCC/bin/../lib/gcc/riscv-none-embed/8.2.0/rv32imacxw/ilp32/libgcc.a(gesf2.o)
 .comment       0x0000000000000032       0x33 /Applications/MounRiver Studio 2.app/Contents/Resources/app/resources/darwin/components/WCH/Toolchain/RISC-V Embedded GCC/bin/../lib/gcc/riscv-none-embed/8.2.0/rv32imacxw/ilp32/libgcc.a(mulsf3.o)
 .comment       0x0000000000000032       0x33 /Applications/MounRiver Studio 2.app/Contents/Resources/app/resources/darwin/components/WCH/Toolchain/RISC-V Embedded GCC/bin/../lib/gcc/riscv-none-embed/8.2.0/rv32imacxw/ilp32/libgcc.a(floatunsisf.o)
 .comment       0x0000000000000032       0x33 /Applications/MounRiver Studio 2.app/Contents/Resources/app/resources/darwin/components/WCH/Toolchain/RISC-V Embedded GCC/bin/../lib/gcc/riscv-none-embed/8.2.0/rv32imacxw/ilp32/libgcc.a(extendsfdf2.o)
 .comment       0x0000000000000032       0x33 /Applications/MounRiver Studio 2.app/Contents/Resources/app/resources/darwin/components/WCH/Toolchain/RISC-V Embedded GCC/bin/../lib/gcc/riscv-none-embed/8.2.0/rv32imacxw/ilp32/libgcc.a(_clzsi2.o)
 .comment       0x0000000000000032       0x33 /Applications/MounRiver Studio 2.app/Contents/Resources/app/resources/darwin/components/WCH/Toolchain/RISC-V Embedded GCC/bin/../lib/gcc/riscv-none-embed/8.2.0/rv32imacxw/ilp32/libgcc.a(_clz.o)

.debug_frame    0x0000000000000000     0x1f98
 .debug_frame   0x0000000000000000       0x30 ./User/ch32v20x_it.o
 .debug_frame   0x0000000000000030      0x114 ./User/main.o
 .debug_frame   0x0000000000000144      0x140 ./User/param_table.o
 .debug_frame   0x0000000000000284      0x150 ./User/param_utils.o
 .debug_frame   0x00000000000003d4      0x11c ./User/strip_detect.o
 .debug_frame   0x00000000000004f0       0x30 ./User/system_ch32v20x.o
 .debug_frame   0x0000000000000520      0x2f4 ./User/uart_protocol.o
 .debug_frame   0x0000000000000814       0xc0 ./User/uart_protocol_stubs.o
 .debug_frame   0x00000000000008d4      0x2b4 ./Peripheral/src/ch32v20x_adc.o
 .debug_frame   0x0000000000000b88       0xcc ./Peripheral/src/ch32v20x_dma.o
 .debug_frame   0x0000000000000c54      0x380 ./Peripheral/src/ch32v20x_flash.o
 .debug_frame   0x0000000000000fd4      0x170 ./Peripheral/src/ch32v20x_gpio.o
 .debug_frame   0x0000000000001144       0x30 ./Peripheral/src/ch32v20x_misc.o
 .debug_frame   0x0000000000001174      0x254 ./Peripheral/src/ch32v20x_rcc.o
 .debug_frame   0x00000000000013c8      0x1e4 ./Peripheral/src/ch32v20x_usart.o
 .debug_frame   0x00000000000015ac       0xb8 ./Debug/debug.o
 .debug_frame   0x0000000000001664       0x20 /Applications/MounRiver Studio 2.app/Contents/Resources/app/resources/darwin/components/WCH/Toolchain/RISC-V Embedded GCC/bin/../lib/gcc/riscv-none-embed/8.2.0/../../../../riscv-none-embed/lib/rv32imacxw/ilp32/libg_nano.a(lib_a-memcpy.o)
 .debug_frame   0x0000000000001684       0x54 /Applications/MounRiver Studio 2.app/Contents/Resources/app/resources/darwin/components/WCH/Toolchain/RISC-V Embedded GCC/bin/../lib/gcc/riscv-none-embed/8.2.0/../../../../riscv-none-embed/lib/rv32imacxw/ilp32/libg_nano.a(lib_a-printf.o)
 .debug_frame   0x00000000000016d8       0x54 /Applications/MounRiver Studio 2.app/Contents/Resources/app/resources/darwin/components/WCH/Toolchain/RISC-V Embedded GCC/bin/../lib/gcc/riscv-none-embed/8.2.0/../../../../riscv-none-embed/lib/rv32imacxw/ilp32/libg_nano.a(lib_a-puts.o)
 .debug_frame   0x000000000000172c       0x50 /Applications/MounRiver Studio 2.app/Contents/Resources/app/resources/darwin/components/WCH/Toolchain/RISC-V Embedded GCC/bin/../lib/gcc/riscv-none-embed/8.2.0/../../../../riscv-none-embed/lib/rv32imacxw/ilp32/libg_nano.a(lib_a-wbuf.o)
 .debug_frame   0x000000000000177c       0x3c /Applications/MounRiver Studio 2.app/Contents/Resources/app/resources/darwin/components/WCH/Toolchain/RISC-V Embedded GCC/bin/../lib/gcc/riscv-none-embed/8.2.0/../../../../riscv-none-embed/lib/rv32imacxw/ilp32/libg_nano.a(lib_a-wsetup.o)
 .debug_frame   0x00000000000017b8       0x7c /Applications/MounRiver Studio 2.app/Contents/Resources/app/resources/darwin/components/WCH/Toolchain/RISC-V Embedded GCC/bin/../lib/gcc/riscv-none-embed/8.2.0/../../../../riscv-none-embed/lib/rv32imacxw/ilp32/libg_nano.a(lib_a-fflush.o)
 .debug_frame   0x0000000000001834      0x148 /Applications/MounRiver Studio 2.app/Contents/Resources/app/resources/darwin/components/WCH/Toolchain/RISC-V Embedded GCC/bin/../lib/gcc/riscv-none-embed/8.2.0/../../../../riscv-none-embed/lib/rv32imacxw/ilp32/libg_nano.a(lib_a-findfp.o)
 .debug_frame   0x000000000000197c       0x88 /Applications/MounRiver Studio 2.app/Contents/Resources/app/resources/darwin/components/WCH/Toolchain/RISC-V Embedded GCC/bin/../lib/gcc/riscv-none-embed/8.2.0/../../../../riscv-none-embed/lib/rv32imacxw/ilp32/libg_nano.a(lib_a-fwalk.o)
 .debug_frame   0x0000000000001a04       0x64 /Applications/MounRiver Studio 2.app/Contents/Resources/app/resources/darwin/components/WCH/Toolchain/RISC-V Embedded GCC/bin/../lib/gcc/riscv-none-embed/8.2.0/../../../../riscv-none-embed/lib/rv32imacxw/ilp32/libg_nano.a(lib_a-makebuf.o)
 .debug_frame   0x0000000000001a68       0x40 /Applications/MounRiver Studio 2.app/Contents/Resources/app/resources/darwin/components/WCH/Toolchain/RISC-V Embedded GCC/bin/../lib/gcc/riscv-none-embed/8.2.0/../../../../riscv-none-embed/lib/rv32imacxw/ilp32/libg_nano.a(lib_a-nano-freer.o)
 .debug_frame   0x0000000000001aa8       0x40 /Applications/MounRiver Studio 2.app/Contents/Resources/app/resources/darwin/components/WCH/Toolchain/RISC-V Embedded GCC/bin/../lib/gcc/riscv-none-embed/8.2.0/../../../../riscv-none-embed/lib/rv32imacxw/ilp32/libg_nano.a(lib_a-nano-mallocr.o)
 .debug_frame   0x0000000000001ae8       0xd0 /Applications/MounRiver Studio 2.app/Contents/Resources/app/resources/darwin/components/WCH/Toolchain/RISC-V Embedded GCC/bin/../lib/gcc/riscv-none-embed/8.2.0/../../../../riscv-none-embed/lib/rv32imacxw/ilp32/libg_nano.a(lib_a-nano-vfprintf.o)
 .debug_frame   0x0000000000001bb8       0x8c /Applications/MounRiver Studio 2.app/Contents/Resources/app/resources/darwin/components/WCH/Toolchain/RISC-V Embedded GCC/bin/../lib/gcc/riscv-none-embed/8.2.0/../../../../riscv-none-embed/lib/rv32imacxw/ilp32/libg_nano.a(lib_a-nano-vfprintf_i.o)
 .debug_frame   0x0000000000001c44       0x30 /Applications/MounRiver Studio 2.app/Contents/Resources/app/resources/darwin/components/WCH/Toolchain/RISC-V Embedded GCC/bin/../lib/gcc/riscv-none-embed/8.2.0/../../../../riscv-none-embed/lib/rv32imacxw/ilp32/libg_nano.a(lib_a-sbrkr.o)
 .debug_frame   0x0000000000001c74       0xa4 /Applications/MounRiver Studio 2.app/Contents/Resources/app/resources/darwin/components/WCH/Toolchain/RISC-V Embedded GCC/bin/../lib/gcc/riscv-none-embed/8.2.0/../../../../riscv-none-embed/lib/rv32imacxw/ilp32/libg_nano.a(lib_a-stdio.o)
 .debug_frame   0x0000000000001d18       0x30 /Applications/MounRiver Studio 2.app/Contents/Resources/app/resources/darwin/components/WCH/Toolchain/RISC-V Embedded GCC/bin/../lib/gcc/riscv-none-embed/8.2.0/../../../../riscv-none-embed/lib/rv32imacxw/ilp32/libg_nano.a(lib_a-writer.o)
 .debug_frame   0x0000000000001d48       0x30 /Applications/MounRiver Studio 2.app/Contents/Resources/app/resources/darwin/components/WCH/Toolchain/RISC-V Embedded GCC/bin/../lib/gcc/riscv-none-embed/8.2.0/../../../../riscv-none-embed/lib/rv32imacxw/ilp32/libg_nano.a(lib_a-closer.o)
 .debug_frame   0x0000000000001d78       0x30 /Applications/MounRiver Studio 2.app/Contents/Resources/app/resources/darwin/components/WCH/Toolchain/RISC-V Embedded GCC/bin/../lib/gcc/riscv-none-embed/8.2.0/../../../../riscv-none-embed/lib/rv32imacxw/ilp32/libg_nano.a(lib_a-fstatr.o)
 .debug_frame   0x0000000000001da8       0x30 /Applications/MounRiver Studio 2.app/Contents/Resources/app/resources/darwin/components/WCH/Toolchain/RISC-V Embedded GCC/bin/../lib/gcc/riscv-none-embed/8.2.0/../../../../riscv-none-embed/lib/rv32imacxw/ilp32/libg_nano.a(lib_a-isattyr.o)
 .debug_frame   0x0000000000001dd8       0x30 /Applications/MounRiver Studio 2.app/Contents/Resources/app/resources/darwin/components/WCH/Toolchain/RISC-V Embedded GCC/bin/../lib/gcc/riscv-none-embed/8.2.0/../../../../riscv-none-embed/lib/rv32imacxw/ilp32/libg_nano.a(lib_a-lseekr.o)
 .debug_frame   0x0000000000001e08       0x20 /Applications/MounRiver Studio 2.app/Contents/Resources/app/resources/darwin/components/WCH/Toolchain/RISC-V Embedded GCC/bin/../lib/gcc/riscv-none-embed/8.2.0/../../../../riscv-none-embed/lib/rv32imacxw/ilp32/libg_nano.a(lib_a-memchr.o)
 .debug_frame   0x0000000000001e28       0x30 /Applications/MounRiver Studio 2.app/Contents/Resources/app/resources/darwin/components/WCH/Toolchain/RISC-V Embedded GCC/bin/../lib/gcc/riscv-none-embed/8.2.0/../../../../riscv-none-embed/lib/rv32imacxw/ilp32/libg_nano.a(lib_a-mlock.o)
 .debug_frame   0x0000000000001e58       0x30 /Applications/MounRiver Studio 2.app/Contents/Resources/app/resources/darwin/components/WCH/Toolchain/RISC-V Embedded GCC/bin/../lib/gcc/riscv-none-embed/8.2.0/../../../../riscv-none-embed/lib/rv32imacxw/ilp32/libg_nano.a(lib_a-readr.o)
 .debug_frame   0x0000000000001e88       0x70 /Applications/MounRiver Studio 2.app/Contents/Resources/app/resources/darwin/components/WCH/Toolchain/RISC-V Embedded GCC/bin/../lib/gcc/riscv-none-embed/8.2.0/../../../../riscv-none-embed/lib/rv32imacxw/ilp32/libg_nano.a(lib_a-reent.o)
 .debug_frame   0x0000000000001ef8       0x20 /Applications/MounRiver Studio 2.app/Contents/Resources/app/resources/darwin/components/WCH/Toolchain/RISC-V Embedded GCC/bin/../lib/gcc/riscv-none-embed/8.2.0/../../../../riscv-none-embed/lib/rv32imacxw/ilp32/libnosys.a(close.o)
 .debug_frame   0x0000000000001f18       0x20 /Applications/MounRiver Studio 2.app/Contents/Resources/app/resources/darwin/components/WCH/Toolchain/RISC-V Embedded GCC/bin/../lib/gcc/riscv-none-embed/8.2.0/../../../../riscv-none-embed/lib/rv32imacxw/ilp32/libnosys.a(fstat.o)
 .debug_frame   0x0000000000001f38       0x20 /Applications/MounRiver Studio 2.app/Contents/Resources/app/resources/darwin/components/WCH/Toolchain/RISC-V Embedded GCC/bin/../lib/gcc/riscv-none-embed/8.2.0/../../../../riscv-none-embed/lib/rv32imacxw/ilp32/libnosys.a(isatty.o)
 .debug_frame   0x0000000000001f58       0x20 /Applications/MounRiver Studio 2.app/Contents/Resources/app/resources/darwin/components/WCH/Toolchain/RISC-V Embedded GCC/bin/../lib/gcc/riscv-none-embed/8.2.0/../../../../riscv-none-embed/lib/rv32imacxw/ilp32/libnosys.a(lseek.o)
 .debug_frame   0x0000000000001f78       0x20 /Applications/MounRiver Studio 2.app/Contents/Resources/app/resources/darwin/components/WCH/Toolchain/RISC-V Embedded GCC/bin/../lib/gcc/riscv-none-embed/8.2.0/../../../../riscv-none-embed/lib/rv32imacxw/ilp32/libnosys.a(read.o)

.debug_loc      0x0000000000000000     0x4edc
 .debug_loc     0x0000000000000000      0x130 ./User/main.o
 .debug_loc     0x0000000000000130      0x3e3 ./User/param_table.o
 .debug_loc     0x0000000000000513      0x466 ./User/param_utils.o
 .debug_loc     0x0000000000000979       0xbf ./User/strip_detect.o
 .debug_loc     0x0000000000000a38       0xac ./User/system_ch32v20x.o
 .debug_loc     0x0000000000000ae4     0x11d5 ./User/uart_protocol.o
 .debug_loc     0x0000000000001cb9       0x8c ./User/uart_protocol_stubs.o
 .debug_loc     0x0000000000001d45      0xab6 ./Peripheral/src/ch32v20x_adc.o
 .debug_loc     0x00000000000027fb      0x155 ./Peripheral/src/ch32v20x_dma.o
 .debug_loc     0x0000000000002950      0xc9b ./Peripheral/src/ch32v20x_flash.o
 .debug_loc     0x00000000000035eb      0x8a1 ./Peripheral/src/ch32v20x_gpio.o
 .debug_loc     0x0000000000003e8c       0x2d ./Peripheral/src/ch32v20x_misc.o
 .debug_loc     0x0000000000003eb9      0x797 ./Peripheral/src/ch32v20x_rcc.o
 .debug_loc     0x0000000000004650      0x715 ./Peripheral/src/ch32v20x_usart.o
 .debug_loc     0x0000000000004d65      0x177 ./Debug/debug.o

.stab           0x0000000000000000       0x84
 .stab          0x0000000000000000       0x24 /Applications/MounRiver Studio 2.app/Contents/Resources/app/resources/darwin/components/WCH/Toolchain/RISC-V Embedded GCC/bin/../lib/gcc/riscv-none-embed/8.2.0/../../../../riscv-none-embed/lib/rv32imacxw/ilp32/libnosys.a(close.o)
 .stab          0x0000000000000024       0x18 /Applications/MounRiver Studio 2.app/Contents/Resources/app/resources/darwin/components/WCH/Toolchain/RISC-V Embedded GCC/bin/../lib/gcc/riscv-none-embed/8.2.0/../../../../riscv-none-embed/lib/rv32imacxw/ilp32/libnosys.a(fstat.o)
                                         0x24 (size before relaxing)
 .stab          0x000000000000003c       0x18 /Applications/MounRiver Studio 2.app/Contents/Resources/app/resources/darwin/components/WCH/Toolchain/RISC-V Embedded GCC/bin/../lib/gcc/riscv-none-embed/8.2.0/../../../../riscv-none-embed/lib/rv32imacxw/ilp32/libnosys.a(isatty.o)
                                         0x24 (size before relaxing)
 .stab          0x0000000000000054       0x18 /Applications/MounRiver Studio 2.app/Contents/Resources/app/resources/darwin/components/WCH/Toolchain/RISC-V Embedded GCC/bin/../lib/gcc/riscv-none-embed/8.2.0/../../../../riscv-none-embed/lib/rv32imacxw/ilp32/libnosys.a(lseek.o)
                                         0x24 (size before relaxing)
 .stab          0x000000000000006c       0x18 /Applications/MounRiver Studio 2.app/Contents/Resources/app/resources/darwin/components/WCH/Toolchain/RISC-V Embedded GCC/bin/../lib/gcc/riscv-none-embed/8.2.0/../../../../riscv-none-embed/lib/rv32imacxw/ilp32/libnosys.a(read.o)
                                         0x24 (size before relaxing)

.stabstr        0x0000000000000000      0x117
 .stabstr       0x0000000000000000      0x117 /Applications/MounRiver Studio 2.app/Contents/Resources/app/resources/darwin/components/WCH/Toolchain/RISC-V Embedded GCC/bin/../lib/gcc/riscv-none-embed/8.2.0/../../../../riscv-none-embed/lib/rv32imacxw/ilp32/libnosys.a(close.o)
