Archive member included to satisfy reference by file (symbol)

/Applications/MounRiver Studio 2.app/Contents/Resources/app/resources/darwin/components/WCH/Toolchain/RISC-V Embedded GCC/bin/../lib/gcc/riscv-none-embed/8.2.0/rv32imacxw/ilp32/libgcc.a(addsf3.o)
                              ./User/Calculation.o (__addsf3)
/Applications/MounRiver Studio 2.app/Contents/Resources/app/resources/darwin/components/WCH/Toolchain/RISC-V Embedded GCC/bin/../lib/gcc/riscv-none-embed/8.2.0/rv32imacxw/ilp32/libgcc.a(divsf3.o)
                              ./User/Calculation.o (__divsf3)
/Applications/MounRiver Studio 2.app/Contents/Resources/app/resources/darwin/components/WCH/Toolchain/RISC-V Embedded GCC/bin/../lib/gcc/riscv-none-embed/8.2.0/rv32imacxw/ilp32/libgcc.a(gesf2.o)
                              ./User/Calculation.o (__gtsf2)
/Applications/MounRiver Studio 2.app/Contents/Resources/app/resources/darwin/components/WCH/Toolchain/RISC-V Embedded GCC/bin/../lib/gcc/riscv-none-embed/8.2.0/rv32imacxw/ilp32/libgcc.a(lesf2.o)
                              ./User/Calculation.o (__ltsf2)
/Applications/MounRiver Studio 2.app/Contents/Resources/app/resources/darwin/components/WCH/Toolchain/RISC-V Embedded GCC/bin/../lib/gcc/riscv-none-embed/8.2.0/rv32imacxw/ilp32/libgcc.a(mulsf3.o)
                              ./User/Calculation.o (__mulsf3)
/Applications/MounRiver Studio 2.app/Contents/Resources/app/resources/darwin/components/WCH/Toolchain/RISC-V Embedded GCC/bin/../lib/gcc/riscv-none-embed/8.2.0/rv32imacxw/ilp32/libgcc.a(subsf3.o)
                              ./User/Calculation.o (__subsf3)
/Applications/MounRiver Studio 2.app/Contents/Resources/app/resources/darwin/components/WCH/Toolchain/RISC-V Embedded GCC/bin/../lib/gcc/riscv-none-embed/8.2.0/rv32imacxw/ilp32/libgcc.a(fixunssfsi.o)
                              ./User/Calculation.o (__fixunssfsi)
/Applications/MounRiver Studio 2.app/Contents/Resources/app/resources/darwin/components/WCH/Toolchain/RISC-V Embedded GCC/bin/../lib/gcc/riscv-none-embed/8.2.0/rv32imacxw/ilp32/libgcc.a(floatunsisf.o)
                              ./User/Calculation.o (__floatunsisf)
/Applications/MounRiver Studio 2.app/Contents/Resources/app/resources/darwin/components/WCH/Toolchain/RISC-V Embedded GCC/bin/../lib/gcc/riscv-none-embed/8.2.0/rv32imacxw/ilp32/libgcc.a(extendsfdf2.o)
                              ./User/Calculation.o (__extendsfdf2)
/Applications/MounRiver Studio 2.app/Contents/Resources/app/resources/darwin/components/WCH/Toolchain/RISC-V Embedded GCC/bin/../lib/gcc/riscv-none-embed/8.2.0/rv32imacxw/ilp32/libgcc.a(save-restore.o)
                              ./User/main.o (__riscv_save_9)
/Applications/MounRiver Studio 2.app/Contents/Resources/app/resources/darwin/components/WCH/Toolchain/RISC-V Embedded GCC/bin/../lib/gcc/riscv-none-embed/8.2.0/rv32imacxw/ilp32/libgcc.a(_clzsi2.o)
                              /Applications/MounRiver Studio 2.app/Contents/Resources/app/resources/darwin/components/WCH/Toolchain/RISC-V Embedded GCC/bin/../lib/gcc/riscv-none-embed/8.2.0/rv32imacxw/ilp32/libgcc.a(addsf3.o) (__clzsi2)
/Applications/MounRiver Studio 2.app/Contents/Resources/app/resources/darwin/components/WCH/Toolchain/RISC-V Embedded GCC/bin/../lib/gcc/riscv-none-embed/8.2.0/rv32imacxw/ilp32/libgcc.a(_clz.o)
                              /Applications/MounRiver Studio 2.app/Contents/Resources/app/resources/darwin/components/WCH/Toolchain/RISC-V Embedded GCC/bin/../lib/gcc/riscv-none-embed/8.2.0/rv32imacxw/ilp32/libgcc.a(_clzsi2.o) (__clz_tab)
/Applications/MounRiver Studio 2.app/Contents/Resources/app/resources/darwin/components/WCH/Toolchain/RISC-V Embedded GCC/bin/../lib/gcc/riscv-none-embed/8.2.0/../../../../riscv-none-embed/lib/rv32imacxw/ilp32/libg_nano.a(lib_a-malloc.o)
                              ./User/main.o (malloc)
/Applications/MounRiver Studio 2.app/Contents/Resources/app/resources/darwin/components/WCH/Toolchain/RISC-V Embedded GCC/bin/../lib/gcc/riscv-none-embed/8.2.0/../../../../riscv-none-embed/lib/rv32imacxw/ilp32/libg_nano.a(lib_a-memcpy.o)
                              ./User/main.o (memcpy)
/Applications/MounRiver Studio 2.app/Contents/Resources/app/resources/darwin/components/WCH/Toolchain/RISC-V Embedded GCC/bin/../lib/gcc/riscv-none-embed/8.2.0/../../../../riscv-none-embed/lib/rv32imacxw/ilp32/libg_nano.a(lib_a-memset.o)
                              ./User/main.o (memset)
/Applications/MounRiver Studio 2.app/Contents/Resources/app/resources/darwin/components/WCH/Toolchain/RISC-V Embedded GCC/bin/../lib/gcc/riscv-none-embed/8.2.0/../../../../riscv-none-embed/lib/rv32imacxw/ilp32/libg_nano.a(lib_a-nano-freer.o)
                              /Applications/MounRiver Studio 2.app/Contents/Resources/app/resources/darwin/components/WCH/Toolchain/RISC-V Embedded GCC/bin/../lib/gcc/riscv-none-embed/8.2.0/../../../../riscv-none-embed/lib/rv32imacxw/ilp32/libg_nano.a(lib_a-malloc.o) (_free_r)
[...]
Memory Configuration

Name             Origin             Length             Attributes
FLASH            0x0000000000000000 0x0000000000010000 xr
RAM              0x0000000020000000 0x0000000000005000 xrw
*default*        0x0000000000000000 0xffffffffffffffff

Linker script and memory map

LOAD ./User/Calculation.o
LOAD ./User/ch32v20x_it.o
LOAD ./User/main.o
LOAD ./User/param_table.o
LOAD ./User/rtc.o
LOAD ./User/strip_detect.o
LOAD ./User/system_ch32v20x.o
LOAD ./User/system_state.o
LOAD ./User/uart_protocol.o
LOAD ./User/uart_protocol_stubs.o
LOAD ./Startup/startup_ch32v20x_D6.o
LOAD ./Peripheral/src/ch32v20x_adc.o
LOAD ./Peripheral/src/ch32v20x_bkp.o
LOAD ./Peripheral/src/ch32v20x_can.o
LOAD ./Peripheral/src/ch32v20x_crc.o
LOAD ./Peripheral/src/ch32v20x_dbgmcu.o
LOAD ./Peripheral/src/ch32v20x_dma.o
LOAD ./Peripheral/src/ch32v20x_exti.o
LOAD ./Peripheral/src/ch32v20x_flash.o
LOAD ./Peripheral/src/ch32v20x_gpio.o
LOAD ./Peripheral/src/ch32v20x_i2c.o
LOAD ./Peripheral/src/ch32v20x_iwdg.o
LOAD ./Peripheral/src/ch32v20x_misc.o
LOAD ./Peripheral/src/ch32v20x_opa.o
LOAD ./Peripheral/src/ch32v20x_pwr.o
LOAD ./Peripheral/src/ch32v20x_rcc.o
LOAD ./Peripheral/src/ch32v20x_rtc.o
LOAD ./Peripheral/src/ch32v20x_spi.o
LOAD ./Peripheral/src/ch32v20x_tim.o
LOAD ./Peripheral/src/ch32v20x_usart.o
LOAD ./Peripheral/src/ch32v20x_wwdg.o
LOAD ./Debug/debug.o
LOAD ./Core/core_riscv.o
LOAD /Applications/MounRiver Studio 2.app/Contents/Resources/app/resources/darwin/components/WCH/Toolchain/RISC-V Embedded GCC/bin/../lib/gcc/riscv-none-embed/8.2.0/rv32imacxw/ilp32/libgcc.a
LOAD /Applications/MounRiver Studio 2.app/Contents/Resources/app/resources/darwin/components/WCH/Toolchain/RISC-V Embedded GCC/bin/../lib/gcc/riscv-none-embed/8.2.0/../../../../riscv-none-embed/lib/rv32imacxw/ilp32/libg_nano.a
LOAD /Applications/MounRiver Studio 2.app/Contents/Resources/app/resources/darwin/components/WCH/Toolchain/RISC-V Embedded GCC/bin/../lib/gcc/riscv-none-embed/8.2.0/../../../../riscv-none-embed/lib/rv32imacxw/ilp32/libc_nano.a
LOAD /Applications/MounRiver Studio 2.app/Contents/Resources/app/resources/darwin/components/WCH/Toolchain/RISC-V Embedded GCC/bin/../lib/gcc/riscv-none-embed/8.2.0/rv32imacxw/ilp32/libgcc.a
START GROUP
LOAD /Applications/MounRiver Studio 2.app/Contents/Resources/app/resources/darwin/components/WCH/Toolchain/RISC-V Embedded GCC/bin/../lib/gcc/riscv-none-embed/8.2.0/rv32imacxw/ilp32/libgcc.a
LOAD /Applications/MounRiver Studio 2.app/Contents/Resources/app/resources/darwin/components/WCH/Toolchain/RISC-V Embedded GCC/bin/../lib/gcc/riscv-none-embed/8.2.0/../../../../riscv-none-embed/lib/rv32imacxw/ilp32/libc_nano.a
LOAD /Applications/MounRiver Studio 2.app/Contents/Resources/app/resources/darwin/components/WCH/Toolchain/RISC-V Embedded GCC/bin/../lib/gcc/riscv-none-embed/8.2.0/../../../../riscv-none-embed/lib/rv32imacxw/ilp32/libnosys.a
END GROUP
START GROUP
LOAD /Applications/MounRiver Studio 2.app/Contents/Resources/app/resources/darwin/components/WCH/Toolchain/RISC-V Embedded GCC/bin/../lib/gcc/riscv-none-embed/8.2.0/rv32imacxw/ilp32/libgcc.a
LOAD /Applications/MounRiver Studio 2.app/Contents/Resources/app/resources/darwin/components/WCH/Toolchain/RISC-V Embedded GCC/bin/../lib/gcc/riscv-none-embed/8.2.0/../../../../riscv-none-embed/lib/rv32imacxw/ilp32/libc_nano.a
LOAD /Applications/MounRiver Studio 2.app/Contents/Resources/app/resources/darwin/components/WCH/Toolchain/RISC-V Embedded GCC/bin/../lib/gcc/riscv-none-embed/8.2.0/../../../../riscv-none-embed/lib/rv32imacxw/ilp32/libnosys.a
END GROUP
                0x0000000000000800                __stack_size = 0x800
                [!provide]                        PROVIDE (_stack_size = __stack_size)

.init           0x0000000000000000        0x4
                0x0000000000000000                _sinit = .
                0x0000000000000000                . = ALIGN (0x4)
 *(SORT_NONE(.init))
 .init          0x0000000000000000        0x4 ./Startup/startup_ch32v20x_D6.o
                0x0000000000000000                _start
                0x0000000000000004                . = ALIGN (0x4)
                0x0000000000000004                _einit = .

.vector         0x0000000000000004       0xfc
 *(.vector)
 .vector        0x0000000000000004       0xfc ./Startup/startup_ch32v20x_D6.o
                0x0000000000000100                . = ALIGN (0x40)

.text           0x0000000000000100     0x5e84
                0x0000000000000100                . = ALIGN (0x4)
 *(.text)
 .text          0x0000000000000100       0x60 /Applications/MounRiver Studio 2.app/Contents/Resources/app/resources/darwin/components/WCH/Toolchain/RISC-V Embedded GCC/bin/../lib/gcc/riscv-none-embed/8.2.0/rv32imacxw/ilp32/libgcc.a(save-restore.o)
                0x0000000000000100                __riscv_save_12
                0x0000000000000108                __riscv_save_10
                0x0000000000000108                __riscv_save_8
                0x0000000000000108                __riscv_save_11
                0x0000000000000108                __riscv_save_9
                0x0000000000000116                __riscv_save_4
                0x0000000000000116                __riscv_save_7
                0x0000000000000116                __riscv_save_6
                0x0000000000000116                __riscv_save_5
                0x0000000000000130                __riscv_save_3
                0x0000000000000130                __riscv_save_2
                0x0000000000000130                __riscv_save_0
                0x0000000000000130                __riscv_save_1
                0x000000000000013c                __riscv_restore_12
                0x0000000000000140                __riscv_restore_8
                0x0000000000000140                __riscv_restore_10
                0x0000000000000140                __riscv_restore_9
                0x0000000000000140                __riscv_restore_11
                0x000000000000014a                __riscv_restore_5
                0x000000000000014a                __riscv_restore_7
                0x000000000000014a                __riscv_restore_4
                0x000000000000014a                __riscv_restore_6
                0x0000000000000154                __riscv_restore_3
                0x0000000000000154                __riscv_restore_1
                0x0000000000000154                __riscv_restore_0
                0x0000000000000154                __riscv_restore_2
 .text          0x0000000000000160       0xa8 /Applications/MounRiver Studio 2.app/Contents/Resources/app/resources/darwin/components/WCH/Toolchain/RISC-V Embedded GCC/bin/../lib/gcc/riscv-none-embed/8.2.0/../../../../riscv-none-embed/lib/rv32imacxw/ilp32/libg_nano.a(lib_a-memset.o)
                0x0000000000000160                memset
 *(.text.*)
 .text.CalGlucose
                0x0000000000000208      0x170 ./User/Calculation.o
                0x0000000000000208                CalGlucose
 .text.NMI_Handler
                0x0000000000000378        0x2 ./User/ch32v20x_it.o
                0x0000000000000378                NMI_Handler
 .text.HardFault_Handler
                0x000000000000037a       0x10 ./User/ch32v20x_it.o
                0x000000000000037a                HardFault_Handler
 .text.GetMidADC
                0x000000000000038a      0x10a ./User/main.o
                0x000000000000038a                GetMidADC
 .text.USARTx_CFG
                0x0000000000000494       0xa4 ./User/main.o
                0x0000000000000494                USARTx_CFG
 .text.DMA_INIT
                0x0000000000000538       0x96 ./User/main.o
                0x0000000000000538                DMA_INIT
 .text.ring_buffer_push_huge
                0x00000000000005ce       0x9a ./User/main.o
                0x00000000000005ce                ring_buffer_push_huge
 .text.OPA2_Init
                0x0000000000000668       0x62 ./User/main.o
                0x0000000000000668                OPA2_Init
 .text.TIM1_PWM_Init
                0x00000000000006ca       0xde ./User/main.o
                0x00000000000006ca                TIM1_PWM_Init
 .text.State_Process
                0x00000000000007a8      0x434 ./User/main.o
                0x00000000000007a8                State_Process
 .text.startup.main
                0x0000000000000bdc      0x110 ./User/main.o
                0x0000000000000bdc                main
 .text.USART2_IRQHandler
                0x0000000000000cec       0xd0 ./User/main.o
                0x0000000000000cec                USART2_IRQHandler
 .text.DMA1_Channel6_IRQHandler
                0x0000000000000dbc       0x90 ./User/main.o
                0x0000000000000dbc                DMA1_Channel6_IRQHandler
 .text.PARAM_GetByte
                0x0000000000000e4c       0x16 ./User/param_table.o
                0x0000000000000e4c                PARAM_GetByte
 .text.PARAM_SetByte
                0x0000000000000e62       0x12 ./User/param_table.o
                0x0000000000000e62                PARAM_SetByte
 .text.PARAM_GetWord
                0x0000000000000e74       0x1c ./User/param_table.o
                0x0000000000000e74                PARAM_GetWord
 .text.PARAM_SetWord
                0x0000000000000e90       0x16 ./User/param_table.o
                0x0000000000000e90                PARAM_SetWord
 .text.PARAM_VerifyChecksum
                0x0000000000000ea6       0x34 ./User/param_table.o
                0x0000000000000ea6                PARAM_VerifyChecksum
 .text.PARAM_UpdateChecksum
                0x0000000000000eda       0x3e ./User/param_table.o
                0x0000000000000eda                PARAM_UpdateChecksum
 .text.PARAM_SaveToFlash
                0x0000000000000f18       0x3a ./User/param_table.o
                0x0000000000000f18                PARAM_SaveToFlash
 .text.PARAM_LoadFromFlash
                0x0000000000000f52       0x26 ./User/param_table.o
                0x0000000000000f52                PARAM_LoadFromFlash
 .text.PARAM_SetDefault
                0x0000000000000f78      0x13c ./User/param_table.o
                0x0000000000000f78                PARAM_SetDefault
 .text.PARAM_Init
                0x00000000000010b4       0x2e ./User/param_table.o
                0x00000000000010b4                PARAM_Init
 .text.StripType_GetName
                0x00000000000010e2       0x20 ./User/param_table.o
                0x00000000000010e2                StripType_GetName
 .text.Unit_GetSymbol
                0x0000000000001102       0x20 ./User/param_table.o
                0x0000000000001102                Unit_GetSymbol
 .text.PARAM_GetDateTime
                0x0000000000001122       0x42 ./User/param_table.o
                0x0000000000001122                PARAM_GetDateTime
 .text.PARAM_SetDateTime
                0x0000000000001164       0x6a ./User/param_table.o
                0x0000000000001164                PARAM_SetDateTime
 .text.PARAM_GetStripParameters
                0x00000000000011ce       0x5a ./User/param_table.o
                0x00000000000011ce                PARAM_GetStripParameters
 .text.PARAM_GetTimingParameters
                0x0000000000001228       0xe2 ./User/param_table.o
                0x0000000000001228                PARAM_GetTimingParameters
 .text.RTC_SetTime
                0x000000000000130a       0xca ./User/rtc.o
                0x000000000000130a                RTC_SetTime
 .text.RTC_GetTime
                0x00000000000013d4       0xa6 ./User/rtc.o
                0x00000000000013d4                RTC_GetTime
 .text.RTC_SyncWithParam
                0x000000000000147a       0x4a ./User/rtc.o
                0x000000000000147a                RTC_SyncWithParam
 .text.RTC_Init
                0x00000000000014c4       0x5e ./User/rtc.o
                0x00000000000014c4                RTC_Init
 .text.RTC_UpdateParam
                0x0000000000001522       0x62 ./User/rtc.o
                0x0000000000001522                RTC_UpdateParam
 .text.RTC_Config
                0x0000000000001584       0x76 ./User/rtc.o
                0x0000000000001584                RTC_Config
 .text.STRIP_DETECT_DetermineStripType
                0x00000000000015fa       0x62 ./User/strip_detect.o
 .text.STRIP_DETECT_UpdateWPWMDuty
                0x000000000000165c       0x60 ./User/strip_detect.o
 .text.STRIP_DETECT_ReadADC.constprop.0
                0x00000000000016bc       0x3a ./User/strip_detect.o
 .text.STRIP_DETECT_Init
                0x00000000000016f6       0xdc ./User/strip_detect.o
                0x00000000000016f6                STRIP_DETECT_Init
 .text.STRIP_DETECT_Process
                0x00000000000017d2      0x114 ./User/strip_detect.o
                0x00000000000017d2                STRIP_DETECT_Process
 .text.STRIP_DETECT_HandleInsertedEvent
                0x00000000000018e6       0xa2 ./User/strip_detect.o
                0x00000000000018e6                STRIP_DETECT_HandleInsertedEvent
 .text.STRIP_DETECT_GetStripType
                0x0000000000001988        0xa ./User/strip_detect.o
                0x0000000000001988                STRIP_DETECT_GetStripType
 .text.STRIP_DETECT_SetPinStatus
                0x0000000000001992        0xe ./User/strip_detect.o
                0x0000000000001992                STRIP_DETECT_SetPinStatus
 .text.SystemInit
                0x00000000000019a0       0x8e ./User/system_ch32v20x.o
                0x00000000000019a0                SystemInit
 .text.System_SetState
                0x0000000000001a2e       0x24 ./User/system_state.o
                0x0000000000001a2e                System_SetState
 .text.System_GetState
                0x0000000000001a52        0x6 ./User/system_state.o
                0x0000000000001a52                System_GetState
 .text.UART_Protocol_Init
                0x0000000000001a58       0x44 ./User/uart_protocol.o
                0x0000000000001a58                UART_Protocol_Init
 .text.UART_CalculateChecksum
                0x0000000000001a9c       0x22 ./User/uart_protocol.o
                0x0000000000001a9c                UART_CalculateChecksum
 .text.UART_SendPacket.part.1
                0x0000000000001abe       0x8a ./User/uart_protocol.o
 .text.UART_VerifyChecksum
                0x0000000000001b48       0x2c ./User/uart_protocol.o
                0x0000000000001b48                UART_VerifyChecksum
 .text.UART_SendSyncTimeAck
                0x0000000000001b74       0x18 ./User/uart_protocol.o
                0x0000000000001b74                UART_SendSyncTimeAck
 .text.UART_SendStatusAck
                0x0000000000001b8c       0x46 ./User/uart_protocol.o
                0x0000000000001b8c                UART_SendStatusAck
 .text.UART_SendParamAck
                0x0000000000001bd2       0x18 ./User/uart_protocol.o
                0x0000000000001bd2                UART_SendParamAck
 .text.UART_SendBloodNotify
                0x0000000000001bea       0x1a ./User/uart_protocol.o
                0x0000000000001bea                UART_SendBloodNotify
 .text.UART_SendResultAck
                0x0000000000001c04       0xb4 ./User/uart_protocol.o
                0x0000000000001c04                UART_SendResultAck
 .text.UART_SendRawDataAck
                0x0000000000001cb8       0x3c ./User/uart_protocol.o
                0x0000000000001cb8                UART_SendRawDataAck
 .text.UART_SendErrorAck
                0x0000000000001cf4       0x1c ./User/uart_protocol.o
                0x0000000000001cf4                UART_SendErrorAck
 .text.UART_ProcessSyncTime
                0x0000000000001d10       0xfe ./User/uart_protocol.o
                0x0000000000001d10                UART_ProcessSyncTime
 .text.UART_ProcessGetStatus
                0x0000000000001e0e       0x36 ./User/uart_protocol.o
                0x0000000000001e0e                UART_ProcessGetStatus
 .text.UART_ProcessSetParam
                0x0000000000001e44       0x4e ./User/uart_protocol.o
                0x0000000000001e44                UART_ProcessSetParam
 .text.UART_ProcessCheckBlood
                0x0000000000001e92       0x56 ./User/uart_protocol.o
                0x0000000000001e92                UART_ProcessCheckBlood
 .text.UART_ProcessGetResult
                0x0000000000001ee8       0x4e ./User/uart_protocol.o
                0x0000000000001ee8                UART_ProcessGetResult
 .text.UART_ProcessGetRawData
                0x0000000000001f36       0x44 ./User/uart_protocol.o
                0x0000000000001f36                UART_ProcessGetRawData
 .text.UART2_Receive_Byte_ISR
                0x0000000000001f7a       0xee ./User/uart_protocol.o
                0x0000000000001f7a                UART2_Receive_Byte_ISR
 .text.UART_ProcessStripInsertedCmd
                0x0000000000002068       0x82 ./User/uart_protocol.o
                0x0000000000002068                UART_ProcessStripInsertedCmd
 .text.UART_ProcessPacket
                0x00000000000020ea       0x98 ./User/uart_protocol.o
                0x00000000000020ea                UART_ProcessPacket
 .text.UART_Protocol_Process
                0x0000000000002182       0x46 ./User/uart_protocol.o
                0x0000000000002182                UART_Protocol_Process
 .text.UART_SendStripTypeAck
                0x00000000000021c8       0x3c ./User/uart_protocol.o
                0x00000000000021c8                UART_SendStripTypeAck
 .text.Get_Battery_Voltage
                0x0000000000002204        0xe ./User/uart_protocol_stubs.o
                0x0000000000002204                Get_Battery_Voltage
 .text.Get_Temperature
                0x0000000000002212        0x6 ./User/uart_protocol_stubs.o
                0x0000000000002212                Get_Temperature
 .text.Check_Strip_Status
                0x0000000000002218        0x4 ./User/uart_protocol_stubs.o
                0x0000000000002218                Check_Strip_Status
 .text.Check_Blood_Status
                0x000000000000221c       0x20 ./User/uart_protocol_stubs.o
                0x000000000000221c                Check_Blood_Status
 .text.Get_Test_Data
                0x000000000000223c       0x7a ./User/uart_protocol_stubs.o
                0x000000000000223c                Get_Test_Data
 .text.Get_Raw_Test_Data
                0x00000000000022b6       0x94 ./User/uart_protocol_stubs.o
                0x00000000000022b6                Get_Raw_Test_Data
 .text.vector_handler
                0x000000000000234a        0x2 ./Startup/startup_ch32v20x_D6.o
                0x000000000000234a                USBWakeUp_IRQHandler
                0x000000000000234a                TIM1_CC_IRQHandler
                0x000000000000234a                SysTick_Handler
                0x000000000000234a                PVD_IRQHandler
                0x000000000000234a                EXTI3_IRQHandler
                0x000000000000234a                USBFS_IRQHandler
                0x000000000000234a                EXTI0_IRQHandler
                0x000000000000234a                I2C2_EV_IRQHandler
                0x000000000000234a                ADC1_2_IRQHandler
                0x000000000000234a                Break_Point_Handler
                0x000000000000234a                SPI1_IRQHandler
                0x000000000000234a                TAMPER_IRQHandler
                0x000000000000234a                Ecall_M_Mode_Handler
                0x000000000000234a                DMA1_Channel4_IRQHandler
                0x000000000000234a                USART3_IRQHandler
                0x000000000000234a                RTC_IRQHandler
                0x000000000000234a                DMA1_Channel7_IRQHandler
                0x000000000000234a                CAN1_RX1_IRQHandler
                0x000000000000234a                TIM4_IRQHandler
                0x000000000000234a                I2C1_EV_IRQHandler
                0x000000000000234a                UART4_IRQHandler
                0x000000000000234a                TIM3_IRQHandler
                0x000000000000234a                RCC_IRQHandler
                0x000000000000234a                TIM1_TRG_COM_IRQHandler
                0x000000000000234a                DMA1_Channel1_IRQHandler
                0x000000000000234a                EXTI15_10_IRQHandler
                0x000000000000234a                DMA1_Channel8_IRQHandler
                0x000000000000234a                EXTI9_5_IRQHandler
                0x000000000000234a                SPI2_IRQHandler
                0x000000000000234a                DMA1_Channel5_IRQHandler
                0x000000000000234a                EXTI4_IRQHandler
                0x000000000000234a                USB_LP_CAN1_RX0_IRQHandler
                0x000000000000234a                USB_HP_CAN1_TX_IRQHandler
                0x000000000000234a                DMA1_Channel3_IRQHandler
                0x000000000000234a                TIM1_UP_IRQHandler
                0x000000000000234a                WWDG_IRQHandler
                0x000000000000234a                Ecall_U_Mode_Handler
                0x000000000000234a                TIM2_IRQHandler
                0x000000000000234a                SW_Handler
                0x000000000000234a                TIM1_BRK_IRQHandler
                0x000000000000234a                EXTI1_IRQHandler
                0x000000000000234a                RTCAlarm_IRQHandler
                0x000000000000234a                I2C2_ER_IRQHandler
                0x000000000000234a                DMA1_Channel2_IRQHandler
                0x000000000000234a                CAN1_SCE_IRQHandler
                0x000000000000234a                FLASH_IRQHandler
                0x000000000000234a                USBFSWakeUp_IRQHandler
                0x000000000000234a                USART1_IRQHandler
                0x000000000000234a                I2C1_ER_IRQHandler
                0x000000000000234a                EXTI2_IRQHandler
 .text.handle_reset
                0x000000000000234c       0x86 ./Startup/startup_ch32v20x_D6.o
                0x000000000000234c                handle_reset
 .text.ADC_DeInit
                0x00000000000023d2       0x40 ./Peripheral/src/ch32v20x_adc.o
                0x00000000000023d2                ADC_DeInit
 .text.ADC_Init
                0x0000000000002412       0x56 ./Peripheral/src/ch32v20x_adc.o
                0x0000000000002412                ADC_Init
 .text.ADC_Cmd  0x0000000000002468       0x10 ./Peripheral/src/ch32v20x_adc.o
                0x0000000000002468                ADC_Cmd
 .text.ADC_ResetCalibration
                0x0000000000002478        0xa ./Peripheral/src/ch32v20x_adc.o
                0x0000000000002478                ADC_ResetCalibration
 .text.ADC_GetResetCalibrationStatus
                0x0000000000002482        0x8 ./Peripheral/src/ch32v20x_adc.o
                0x0000000000002482                ADC_GetResetCalibrationStatus
 .text.ADC_StartCalibration
                0x000000000000248a        0xa ./Peripheral/src/ch32v20x_adc.o
                0x000000000000248a                ADC_StartCalibration
 .text.ADC_GetCalibrationStatus
                0x0000000000002494        0x8 ./Peripheral/src/ch32v20x_adc.o
                0x0000000000002494                ADC_GetCalibrationStatus
 .text.ADC_SoftwareStartConvCmd
                0x000000000000249c       0x18 ./Peripheral/src/ch32v20x_adc.o
                0x000000000000249c                ADC_SoftwareStartConvCmd
 .text.ADC_RegularChannelConfig
                0x00000000000024b4       0xb8 ./Peripheral/src/ch32v20x_adc.o
                0x00000000000024b4                ADC_RegularChannelConfig
 .text.ADC_GetConversionValue
                0x000000000000256c        0x8 ./Peripheral/src/ch32v20x_adc.o
                0x000000000000256c                ADC_GetConversionValue
 .text.ADC_GetFlagStatus
                0x0000000000002574        0xa ./Peripheral/src/ch32v20x_adc.o
                0x0000000000002574                ADC_GetFlagStatus
 .text.BKP_DeInit
                0x000000000000257e       0x10 ./Peripheral/src/ch32v20x_bkp.o
                0x000000000000257e                BKP_DeInit
 .text.BKP_WriteBackupRegister
                0x000000000000258e       0x1c ./Peripheral/src/ch32v20x_bkp.o
                0x000000000000258e                BKP_WriteBackupRegister
 .text.BKP_ReadBackupRegister
                0x00000000000025aa       0x1c ./Peripheral/src/ch32v20x_bkp.o
                0x00000000000025aa                BKP_ReadBackupRegister
 .text.DMA_DeInit
                0x00000000000025c6       0x9c ./Peripheral/src/ch32v20x_dma.o
                0x00000000000025c6                DMA_DeInit
 .text.DMA_Init
                0x0000000000002662       0x38 ./Peripheral/src/ch32v20x_dma.o
                0x0000000000002662                DMA_Init
 .text.DMA_Cmd  0x000000000000269a       0x14 ./Peripheral/src/ch32v20x_dma.o
                0x000000000000269a                DMA_Cmd
 .text.DMA_ITConfig
                0x00000000000026ae       0x12 ./Peripheral/src/ch32v20x_dma.o
                0x00000000000026ae                DMA_ITConfig
 .text.DMA_SetCurrDataCounter
                0x00000000000026c0        0x4 ./Peripheral/src/ch32v20x_dma.o
                0x00000000000026c0                DMA_SetCurrDataCounter
 .text.DMA_ClearITPendingBit
                0x00000000000026c4        0x8 ./Peripheral/src/ch32v20x_dma.o
                0x00000000000026c4                DMA_ClearITPendingBit
 .text.FLASH_Unlock
                0x00000000000026cc       0x1a ./Peripheral/src/ch32v20x_flash.o
                0x00000000000026cc                FLASH_Unlock
 .text.FLASH_Lock
                0x00000000000026e6        0xe ./Peripheral/src/ch32v20x_flash.o
                0x00000000000026e6                FLASH_Lock
 .text.FLASH_GetBank1Status
                0x00000000000026f4       0x18 ./Peripheral/src/ch32v20x_flash.o
                0x00000000000026f4                FLASH_GetBank1Status
 .text.FLASH_WaitForLastOperation
                0x000000000000270c       0x24 ./Peripheral/src/ch32v20x_flash.o
                0x000000000000270c                FLASH_WaitForLastOperation
 .text.FLASH_ErasePage
                0x0000000000002730       0x3c ./Peripheral/src/ch32v20x_flash.o
                0x0000000000002730                FLASH_ErasePage
 .text.FLASH_ProgramHalfWord
                0x000000000000276c       0x38 ./Peripheral/src/ch32v20x_flash.o
                0x000000000000276c                FLASH_ProgramHalfWord
 .text.GPIO_Init
                0x00000000000027a4       0xf2 ./Peripheral/src/ch32v20x_gpio.o
                0x00000000000027a4                GPIO_Init
 .text.GPIO_SetBits
                0x0000000000002896       0x14 ./Peripheral/src/ch32v20x_gpio.o
                0x0000000000002896                GPIO_SetBits
 .text.GPIO_ResetBits
                0x00000000000028aa       0x14 ./Peripheral/src/ch32v20x_gpio.o
                0x00000000000028aa                GPIO_ResetBits
 .text.NVIC_PriorityGroupConfig
                0x00000000000028be        0x6 ./Peripheral/src/ch32v20x_misc.o
                0x00000000000028be                NVIC_PriorityGroupConfig
 .text.NVIC_Init
                0x00000000000028c4       0x54 ./Peripheral/src/ch32v20x_misc.o
                0x00000000000028c4                NVIC_Init
 .text.OPA_Init
                0x0000000000002918       0x36 ./Peripheral/src/ch32v20x_opa.o
                0x0000000000002918                OPA_Init
 .text.OPA_Cmd  0x000000000000294e       0x2c ./Peripheral/src/ch32v20x_opa.o
                0x000000000000294e                OPA_Cmd
 .text.PWR_BackupAccessCmd
                0x000000000000297a       0x16 ./Peripheral/src/ch32v20x_pwr.o
                0x000000000000297a                PWR_BackupAccessCmd
 .text.RCC_ADCCLKConfig
                0x0000000000002990       0x12 ./Peripheral/src/ch32v20x_rcc.o
                0x0000000000002990                RCC_ADCCLKConfig
 .text.RCC_LSICmd
                0x00000000000029a2       0x14 ./Peripheral/src/ch32v20x_rcc.o
                0x00000000000029a2                RCC_LSICmd
 .text.RCC_RTCCLKConfig
                0x00000000000029b6        0xc ./Peripheral/src/ch32v20x_rcc.o
                0x00000000000029b6                RCC_RTCCLKConfig
 .text.RCC_RTCCLKCmd
                0x00000000000029c2       0x20 ./Peripheral/src/ch32v20x_rcc.o
                0x00000000000029c2                RCC_RTCCLKCmd
 .text.RCC_GetClocksFreq
                0x00000000000029e2       0xbe ./Peripheral/src/ch32v20x_rcc.o
                0x00000000000029e2                RCC_GetClocksFreq
 .text.RCC_AHBPeriphClockCmd
                0x0000000000002aa0       0x1e ./Peripheral/src/ch32v20x_rcc.o
                0x0000000000002aa0                RCC_AHBPeriphClockCmd
 .text.RCC_APB2PeriphClockCmd
                0x0000000000002abe       0x1e ./Peripheral/src/ch32v20x_rcc.o
                0x0000000000002abe                RCC_APB2PeriphClockCmd
 .text.RCC_APB1PeriphClockCmd
                0x0000000000002adc       0x1e ./Peripheral/src/ch32v20x_rcc.o
                0x0000000000002adc                RCC_APB1PeriphClockCmd
 .text.RCC_APB2PeriphResetCmd
                0x0000000000002afa       0x1e ./Peripheral/src/ch32v20x_rcc.o
                0x0000000000002afa                RCC_APB2PeriphResetCmd
 .text.RCC_BackupResetCmd
                0x0000000000002b18       0x20 ./Peripheral/src/ch32v20x_rcc.o
                0x0000000000002b18                RCC_BackupResetCmd
 .text.RCC_GetFlagStatus
                0x0000000000002b38       0x2e ./Peripheral/src/ch32v20x_rcc.o
                0x0000000000002b38                RCC_GetFlagStatus
 .text.RTC_ITConfig
                0x0000000000002b66       0x1a ./Peripheral/src/ch32v20x_rtc.o
                0x0000000000002b66                RTC_ITConfig
 .text.RTC_EnterConfigMode
                0x0000000000002b80       0x12 ./Peripheral/src/ch32v20x_rtc.o
                0x0000000000002b80                RTC_EnterConfigMode
 .text.RTC_ExitConfigMode
                0x0000000000002b92       0x18 ./Peripheral/src/ch32v20x_rtc.o
                0x0000000000002b92                RTC_ExitConfigMode
 .text.RTC_GetCounter
                0x0000000000002baa       0x5a ./Peripheral/src/ch32v20x_rtc.o
                0x0000000000002baa                RTC_GetCounter
 .text.RTC_SetCounter
                0x0000000000002c04       0x2c ./Peripheral/src/ch32v20x_rtc.o
                0x0000000000002c04                RTC_SetCounter
 .text.RTC_SetPrescaler
                0x0000000000002c30       0x2e ./Peripheral/src/ch32v20x_rtc.o
                0x0000000000002c30                RTC_SetPrescaler
 .text.RTC_WaitForLastTask
                0x0000000000002c5e       0x10 ./Peripheral/src/ch32v20x_rtc.o
                0x0000000000002c5e                RTC_WaitForLastTask
 .text.RTC_WaitForSynchro
                0x0000000000002c6e       0x24 ./Peripheral/src/ch32v20x_rtc.o
                0x0000000000002c6e                RTC_WaitForSynchro
 .text.TIM_TimeBaseInit
                0x0000000000002c92       0x6a ./Peripheral/src/ch32v20x_tim.o
                0x0000000000002c92                TIM_TimeBaseInit
 .text.TIM_OC3Init
                0x0000000000002cfc       0x94 ./Peripheral/src/ch32v20x_tim.o
                0x0000000000002cfc                TIM_OC3Init
 .text.TIM_BDTRConfig
                0x0000000000002d90       0x20 ./Peripheral/src/ch32v20x_tim.o
                0x0000000000002d90                TIM_BDTRConfig
 .text.TIM_Cmd  0x0000000000002db0       0x18 ./Peripheral/src/ch32v20x_tim.o
                0x0000000000002db0                TIM_Cmd
 .text.TIM_CtrlPWMOutputs
                0x0000000000002dc8       0x16 ./Peripheral/src/ch32v20x_tim.o
                0x0000000000002dc8                TIM_CtrlPWMOutputs
 .text.TIM_ARRPreloadConfig
                0x0000000000002dde       0x1a ./Peripheral/src/ch32v20x_tim.o
                0x0000000000002dde                TIM_ARRPreloadConfig
 .text.TIM_OC3PreloadConfig
                0x0000000000002df8        0xe ./Peripheral/src/ch32v20x_tim.o
                0x0000000000002df8                TIM_OC3PreloadConfig
 .text.TIM_SetCompare3
                0x0000000000002e06        0x4 ./Peripheral/src/ch32v20x_tim.o
                0x0000000000002e06                TIM_SetCompare3
 .text.USART_Init
                0x0000000000002e0a       0x90 ./Peripheral/src/ch32v20x_usart.o
                0x0000000000002e0a                USART_Init
 .text.USART_Cmd
                0x0000000000002e9a       0x16 ./Peripheral/src/ch32v20x_usart.o
                0x0000000000002e9a                USART_Cmd
 .text.USART_ITConfig
                0x0000000000002eb0       0x36 ./Peripheral/src/ch32v20x_usart.o
                0x0000000000002eb0                USART_ITConfig
 .text.USART_DMACmd
                0x0000000000002ee6       0x12 ./Peripheral/src/ch32v20x_usart.o
                0x0000000000002ee6                USART_DMACmd
 .text.USART_SendData
                0x0000000000002ef8        0x8 ./Peripheral/src/ch32v20x_usart.o
                0x0000000000002ef8                USART_SendData
 .text.USART_ReceiveData
                0x0000000000002f00        0x8 ./Peripheral/src/ch32v20x_usart.o
                0x0000000000002f00                USART_ReceiveData
 .text.USART_GetFlagStatus
                0x0000000000002f08        0xa ./Peripheral/src/ch32v20x_usart.o
                0x0000000000002f08                USART_GetFlagStatus
 .text.USART_GetITStatus
                0x0000000000002f12       0x3c ./Peripheral/src/ch32v20x_usart.o
                0x0000000000002f12                USART_GetITStatus
 .text.Delay_Init
                0x0000000000002f4e       0x2a ./Debug/debug.o
                0x0000000000002f4e                Delay_Init
 .text.Delay_Us
                0x0000000000002f78       0x36 ./Debug/debug.o
                0x0000000000002f78                Delay_Us
 .text.Delay_Ms
                0x0000000000002fae       0x36 ./Debug/debug.o
                0x0000000000002fae                Delay_Ms
 .text.USART_Printf_Init
                0x0000000000002fe4       0x5a ./Debug/debug.o
                0x0000000000002fe4                USART_Printf_Init
 .text._write   0x000000000000303e       0x3e ./Debug/debug.o
                0x000000000000303e                _write
 .text._sbrk    0x000000000000307c       0x26 ./Debug/debug.o
                0x000000000000307c                _sbrk
 .text.__addsf3
                0x00000000000030a2      0x36a /Applications/MounRiver Studio 2.app/Contents/Resources/app/resources/darwin/components/WCH/Toolchain/RISC-V Embedded GCC/bin/../lib/gcc/riscv-none-embed/8.2.0/rv32imacxw/ilp32/libgcc.a(addsf3.o)
                0x00000000000030a2                __addsf3
 .text.__divsf3
                0x000000000000340c      0x2b2 /Applications/MounRiver Studio 2.app/Contents/Resources/app/resources/darwin/components/WCH/Toolchain/RISC-V Embedded GCC/bin/../lib/gcc/riscv-none-embed/8.2.0/rv32imacxw/ilp32/libgcc.a(divsf3.o)
                0x000000000000340c                __divsf3
 .text.__gesf2  0x00000000000036be       0x86 /Applications/MounRiver Studio 2.app/Contents/Resources/app/resources/darwin/components/WCH/Toolchain/RISC-V Embedded GCC/bin/../lib/gcc/riscv-none-embed/8.2.0/rv32imacxw/ilp32/libgcc.a(gesf2.o)
                0x00000000000036be                __gtsf2
                0x00000000000036be                __gesf2
 .text.__lesf2  0x0000000000003744       0x8c /Applications/MounRiver Studio 2.app/Contents/Resources/app/resources/darwin/components/WCH/Toolchain/RISC-V Embedded GCC/bin/../lib/gcc/riscv-none-embed/8.2.0/rv32imacxw/ilp32/libgcc.a(lesf2.o)
                0x0000000000003744                __lesf2
                0x0000000000003744                __ltsf2
 .text.__mulsf3
                0x00000000000037d0      0x290 /Applications/MounRiver Studio 2.app/Contents/Resources/app/resources/darwin/components/WCH/Toolchain/RISC-V Embedded GCC/bin/../lib/gcc/riscv-none-embed/8.2.0/rv32imacxw/ilp32/libgcc.a(mulsf3.o)
                0x00000000000037d0                __mulsf3
 .text.__subsf3
                0x0000000000003a60      0x388 /Applications/MounRiver Studio 2.app/Contents/Resources/app/resources/darwin/components/WCH/Toolchain/RISC-V Embedded GCC/bin/../lib/gcc/riscv-none-embed/8.2.0/rv32imacxw/ilp32/libgcc.a(subsf3.o)
                0x0000000000003a60                __subsf3
 .text.__fixunssfsi
                0x0000000000003de8       0x56 /Applications/MounRiver Studio 2.app/Contents/Resources/app/resources/darwin/components/WCH/Toolchain/RISC-V Embedded GCC/bin/../lib/gcc/riscv-none-embed/8.2.0/rv32imacxw/ilp32/libgcc.a(fixunssfsi.o)
                0x0000000000003de8                __fixunssfsi
 .text.__floatunsisf
                0x0000000000003e3e       0xce /Applications/MounRiver Studio 2.app/Contents/Resources/app/resources/darwin/components/WCH/Toolchain/RISC-V Embedded GCC/bin/../lib/gcc/riscv-none-embed/8.2.0/rv32imacxw/ilp32/libgcc.a(floatunsisf.o)
                0x0000000000003e3e                __floatunsisf
 .text.__extendsfdf2
                0x0000000000003f0c       0xac /Applications/MounRiver Studio 2.app/Contents/Resources/app/resources/darwin/components/WCH/Toolchain/RISC-V Embedded GCC/bin/../lib/gcc/riscv-none-embed/8.2.0/rv32imacxw/ilp32/libgcc.a(extendsfdf2.o)
                0x0000000000003f0c                __extendsfdf2
 .text.__clzsi2
                0x0000000000003fb8       0x6e /Applications/MounRiver Studio 2.app/Contents/Resources/app/resources/darwin/components/WCH/Toolchain/RISC-V Embedded GCC/bin/../lib/gcc/riscv-none-embed/8.2.0/rv32imacxw/ilp32/libgcc.a(_clzsi2.o)
                0x0000000000003fb8                __clzsi2
 .text.malloc   0x0000000000004026        0xa /Applications/MounRiver Studio 2.app/Contents/Resources/app/resources/darwin/components/WCH/Toolchain/RISC-V Embedded GCC/bin/../lib/gcc/riscv-none-embed/8.2.0/../../../../riscv-none-embed/lib/rv32imacxw/ilp32/libg_nano.a(lib_a-malloc.o)
                0x0000000000004026                malloc
 .text.free     0x0000000000004030        0xa /Applications/MounRiver Studio 2.app/Contents/Resources/app/resources/darwin/components/WCH/Toolchain/RISC-V Embedded GCC/bin/../lib/gcc/riscv-none-embed/8.2.0/../../../../riscv-none-embed/lib/rv32imacxw/ilp32/libg_nano.a(lib_a-malloc.o)
                0x0000000000004030                free
 .text.memcpy   0x000000000000403a       0xb2 /Applications/MounRiver Studio 2.app/Contents/Resources/app/resources/darwin/components/WCH/Toolchain/RISC-V Embedded GCC/bin/../lib/gcc/riscv-none-embed/8.2.0/../../../../riscv-none-embed/lib/rv32imacxw/ilp32/libg_nano.a(lib_a-memcpy.o)
                0x000000000000403a                memcpy
 .text._free_r  0x00000000000040ec       0xa8 /Applications/MounRiver Studio 2.app/Contents/Resources/app/resources/darwin/components/WCH/Toolchain/RISC-V Embedded GCC/bin/../lib/gcc/riscv-none-embed/8.2.0/../../../../riscv-none-embed/lib/rv32imacxw/ilp32/libg_nano.a(lib_a-nano-freer.o)
                0x00000000000040ec                _free_r
 .text._malloc_r
                0x0000000000004194       0xd4 /Applications/MounRiver Studio 2.app/Contents/Resources/app/resources/darwin/components/WCH/Toolchain/RISC-V Embedded GCC/bin/../lib/gcc/riscv-none-embed/8.2.0/../../../../riscv-none-embed/lib/rv32imacxw/ilp32/libg_nano.a(lib_a-nano-mallocr.o)
                0x0000000000004194                _malloc_r
 .text.printf   0x0000000000004268       0x40 /Applications/MounRiver Studio 2.app/Contents/Resources/app/resources/darwin/components/WCH/Toolchain/RISC-V Embedded GCC/bin/../lib/gcc/riscv-none-embed/8.2.0/../../../../riscv-none-embed/lib/rv32imacxw/ilp32/libg_nano.a(lib_a-printf.o)
                0x0000000000004268                printf
                0x0000000000004268                iprintf
 .text._puts_r  0x00000000000042a8       0xd4 /Applications/MounRiver Studio 2.app/Contents/Resources/app/resources/darwin/components/WCH/Toolchain/RISC-V Embedded GCC/bin/../lib/gcc/riscv-none-embed/8.2.0/../../../../riscv-none-embed/lib/rv32imacxw/ilp32/libg_nano.a(lib_a-puts.o)
                0x00000000000042a8                _puts_r
 .text.puts     0x000000000000437c        0xc /Applications/MounRiver Studio 2.app/Contents/Resources/app/resources/darwin/components/WCH/Toolchain/RISC-V Embedded GCC/bin/../lib/gcc/riscv-none-embed/8.2.0/../../../../riscv-none-embed/lib/rv32imacxw/ilp32/libg_nano.a(lib_a-puts.o)
                0x000000000000437c                puts
 .text._sbrk_r  0x0000000000004388       0x2a /Applications/MounRiver Studio 2.app/Contents/Resources/app/resources/darwin/components/WCH/Toolchain/RISC-V Embedded GCC/bin/../lib/gcc/riscv-none-embed/8.2.0/../../../../riscv-none-embed/lib/rv32imacxw/ilp32/libg_nano.a(lib_a-sbrkr.o)
                0x0000000000004388                _sbrk_r
 .text.__swbuf_r
                0x00000000000043b2       0xbc /Applications/MounRiver Studio 2.app/Contents/Resources/app/resources/darwin/components/WCH/Toolchain/RISC-V Embedded GCC/bin/../lib/gcc/riscv-none-embed/8.2.0/../../../../riscv-none-embed/lib/rv32imacxw/ilp32/libg_nano.a(lib_a-wbuf.o)
                0x00000000000043b2                __swbuf_r
 .text.__swsetup_r
                0x000000000000446e       0xfe /Applications/MounRiver Studio 2.app/Contents/Resources/app/resources/darwin/components/WCH/Toolchain/RISC-V Embedded GCC/bin/../lib/gcc/riscv-none-embed/8.2.0/../../../../riscv-none-embed/lib/rv32imacxw/ilp32/libg_nano.a(lib_a-wsetup.o)
                0x000000000000446e                __swsetup_r
 .text.__sflush_r
                0x000000000000456c      0x132 /Applications/MounRiver Studio 2.app/Contents/Resources/app/resources/darwin/components/WCH/Toolchain/RISC-V Embedded GCC/bin/../lib/gcc/riscv-none-embed/8.2.0/../../../../riscv-none-embed/lib/rv32imacxw/ilp32/libg_nano.a(lib_a-fflush.o)
                0x000000000000456c                __sflush_r
 .text._fflush_r
                0x000000000000469e       0x66 /Applications/MounRiver Studio 2.app/Contents/Resources/app/resources/darwin/components/WCH/Toolchain/RISC-V Embedded GCC/bin/../lib/gcc/riscv-none-embed/8.2.0/../../../../riscv-none-embed/lib/rv32imacxw/ilp32/libg_nano.a(lib_a-fflush.o)
                0x000000000000469e                _fflush_r
 .text.std      0x0000000000004704       0x66 /Applications/MounRiver Studio 2.app/Contents/Resources/app/resources/darwin/components/WCH/Toolchain/RISC-V Embedded GCC/bin/../lib/gcc/riscv-none-embed/8.2.0/../../../../riscv-none-embed/lib/rv32imacxw/ilp32/libg_nano.a(lib_a-findfp.o)
 .text._cleanup_r
                0x000000000000476a        0xa /Applications/MounRiver Studio 2.app/Contents/Resources/app/resources/darwin/components/WCH/Toolchain/RISC-V Embedded GCC/bin/../lib/gcc/riscv-none-embed/8.2.0/../../../../riscv-none-embed/lib/rv32imacxw/ilp32/libg_nano.a(lib_a-findfp.o)
                0x000000000000476a                _cleanup_r
 .text.__sfmoreglue
                0x0000000000004774       0x48 /Applications/MounRiver Studio 2.app/Contents/Resources/app/resources/darwin/components/WCH/Toolchain/RISC-V Embedded GCC/bin/../lib/gcc/riscv-none-embed/8.2.0/../../../../riscv-none-embed/lib/rv32imacxw/ilp32/libg_nano.a(lib_a-findfp.o)
                0x0000000000004774                __sfmoreglue
 .text.__sinit  0x00000000000047bc       0x6c /Applications/MounRiver Studio 2.app/Contents/Resources/app/resources/darwin/components/WCH/Toolchain/RISC-V Embedded GCC/bin/../lib/gcc/riscv-none-embed/8.2.0/../../../../riscv-none-embed/lib/rv32imacxw/ilp32/libg_nano.a(lib_a-findfp.o)
                0x00000000000047bc                __sinit
 .text.__sfp    0x0000000000004828       0xa0 /Applications/MounRiver Studio 2.app/Contents/Resources/app/resources/darwin/components/WCH/Toolchain/RISC-V Embedded GCC/bin/../lib/gcc/riscv-none-embed/8.2.0/../../../../riscv-none-embed/lib/rv32imacxw/ilp32/libg_nano.a(lib_a-findfp.o)
                0x0000000000004828                __sfp
 .text._fwalk_reent
                0x00000000000048c8       0x6a /Applications/MounRiver Studio 2.app/Contents/Resources/app/resources/darwin/components/WCH/Toolchain/RISC-V Embedded GCC/bin/../lib/gcc/riscv-none-embed/8.2.0/../../../../riscv-none-embed/lib/rv32imacxw/ilp32/libg_nano.a(lib_a-fwalk.o)
                0x00000000000048c8                _fwalk_reent
 .text.__swhatbuf_r
                0x0000000000004932       0x58 /Applications/MounRiver Studio 2.app/Contents/Resources/app/resources/darwin/components/WCH/Toolchain/RISC-V Embedded GCC/bin/../lib/gcc/riscv-none-embed/8.2.0/../../../../riscv-none-embed/lib/rv32imacxw/ilp32/libg_nano.a(lib_a-makebuf.o)
                0x0000000000004932                __swhatbuf_r
 .text.__smakebuf_r
                0x000000000000498a       0x94 /Applications/MounRiver Studio 2.app/Contents/Resources/app/resources/darwin/components/WCH/Toolchain/RISC-V Embedded GCC/bin/../lib/gcc/riscv-none-embed/8.2.0/../../../../riscv-none-embed/lib/rv32imacxw/ilp32/libg_nano.a(lib_a-makebuf.o)
                0x000000000000498a                __smakebuf_r
 .text.__malloc_lock
                0x0000000000004a1e        0x2 /Applications/MounRiver Studio 2.app/Contents/Resources/app/resources/darwin/components/WCH/Toolchain/RISC-V Embedded GCC/bin/../lib/gcc/riscv-none-embed/8.2.0/../../../../riscv-none-embed/lib/rv32imacxw/ilp32/libg_nano.a(lib_a-mlock.o)
                0x0000000000004a1e                __malloc_lock
 .text.__malloc_unlock
                0x0000000000004a20        0x2 /Applications/MounRiver Studio 2.app/Contents/Resources/app/resources/darwin/components/WCH/Toolchain/RISC-V Embedded GCC/bin/../lib/gcc/riscv-none-embed/8.2.0/../../../../riscv-none-embed/lib/rv32imacxw/ilp32/libg_nano.a(lib_a-mlock.o)
                0x0000000000004a20                __malloc_unlock
 .text.__sfputc_r
                0x0000000000004a22       0x28 /Applications/MounRiver Studio 2.app/Contents/Resources/app/resources/darwin/components/WCH/Toolchain/RISC-V Embedded GCC/bin/../lib/gcc/riscv-none-embed/8.2.0/../../../../riscv-none-embed/lib/rv32imacxw/ilp32/libg_nano.a(lib_a-nano-vfprintf.o)
 .text.__sfputs_r
                0x0000000000004a4a       0x42 /Applications/MounRiver Studio 2.app/Contents/Resources/app/resources/darwin/components/WCH/Toolchain/RISC-V Embedded GCC/bin/../lib/gcc/riscv-none-embed/8.2.0/../../../../riscv-none-embed/lib/rv32imacxw/ilp32/libg_nano.a(lib_a-nano-vfprintf.o)
                0x0000000000004a4a                __sfputs_r
 .text._vfprintf_r
                0x0000000000004a8c      0x288 /Applications/MounRiver Studio 2.app/Contents/Resources/app/resources/darwin/components/WCH/Toolchain/RISC-V Embedded GCC/bin/../lib/gcc/riscv-none-embed/8.2.0/../../../../riscv-none-embed/lib/rv32imacxw/ilp32/libg_nano.a(lib_a-nano-vfprintf.o)
                0x0000000000004a8c                _vfiprintf_r
                0x0000000000004a8c                _vfprintf_r
 .text._printf_common
                0x0000000000004d14      0x10c /Applications/MounRiver Studio 2.app/Contents/Resources/app/resources/darwin/components/WCH/Toolchain/RISC-V Embedded GCC/bin/../lib/gcc/riscv-none-embed/8.2.0/../../../../riscv-none-embed/lib/rv32imacxw/ilp32/libg_nano.a(lib_a-nano-vfprintf_i.o)
                0x0000000000004d14                _printf_common
 .text._printf_i
                0x0000000000004e20      0x2a2 /Applications/MounRiver Studio 2.app/Contents/Resources/app/resources/darwin/components/WCH/Toolchain/RISC-V Embedded GCC/bin/../lib/gcc/riscv-none-embed/8.2.0/../../../../riscv-none-embed/lib/rv32imacxw/ilp32/libg_nano.a(lib_a-nano-vfprintf_i.o)
                0x0000000000004e20                _printf_i
 .text.__sread  0x00000000000050c2       0x2c /Applications/MounRiver Studio 2.app/Contents/Resources/app/resources/darwin/components/WCH/Toolchain/RISC-V Embedded GCC/bin/../lib/gcc/riscv-none-embed/8.2.0/../../../../riscv-none-embed/lib/rv32imacxw/ilp32/libg_nano.a(lib_a-stdio.o)
                0x00000000000050c2                __sread
 .text.__swrite
                0x00000000000050ee       0x48 /Applications/MounRiver Studio 2.app/Contents/Resources/app/resources/darwin/components/WCH/Toolchain/RISC-V Embedded GCC/bin/../lib/gcc/riscv-none-embed/8.2.0/../../../../riscv-none-embed/lib/rv32imacxw/ilp32/libg_nano.a(lib_a-stdio.o)
                0x00000000000050ee                __swrite
 .text.__sseek  0x0000000000005136       0x30 /Applications/MounRiver Studio 2.app/Contents/Resources/app/resources/darwin/components/WCH/Toolchain/RISC-V Embedded GCC/bin/../lib/gcc/riscv-none-embed/8.2.0/../../../../riscv-none-embed/lib/rv32imacxw/ilp32/libg_nano.a(lib_a-stdio.o)
                0x0000000000005136                __sseek
 .text.__sclose
                0x0000000000005166        0x6 /Applications/MounRiver Studio 2.app/Contents/Resources/app/resources/darwin/components/WCH/Toolchain/RISC-V Embedded GCC/bin/../lib/gcc/riscv-none-embed/8.2.0/../../../../riscv-none-embed/lib/rv32imacxw/ilp32/libg_nano.a(lib_a-stdio.o)
                0x0000000000005166                __sclose
 .text._write_r
                0x000000000000516c       0x2e /Applications/MounRiver Studio 2.app/Contents/Resources/app/resources/darwin/components/WCH/Toolchain/RISC-V Embedded GCC/bin/../lib/gcc/riscv-none-embed/8.2.0/../../../../riscv-none-embed/lib/rv32imacxw/ilp32/libg_nano.a(lib_a-writer.o)
                0x000000000000516c                _write_r
 .text._close_r
                0x000000000000519a       0x28 /Applications/MounRiver Studio 2.app/Contents/Resources/app/resources/darwin/components/WCH/Toolchain/RISC-V Embedded GCC/bin/../lib/gcc/riscv-none-embed/8.2.0/../../../../riscv-none-embed/lib/rv32imacxw/ilp32/libg_nano.a(lib_a-closer.o)
                0x000000000000519a                _close_r
 .text._fstat_r
                0x00000000000051c2       0x2a /Applications/MounRiver Studio 2.app/Contents/Resources/app/resources/darwin/components/WCH/Toolchain/RISC-V Embedded GCC/bin/../lib/gcc/riscv-none-embed/8.2.0/../../../../riscv-none-embed/lib/rv32imacxw/ilp32/libg_nano.a(lib_a-fstatr.o)
                0x00000000000051c2                _fstat_r
 .text._isatty_r
                0x00000000000051ec       0x28 /Applications/MounRiver Studio 2.app/Contents/Resources/app/resources/darwin/components/WCH/Toolchain/RISC-V Embedded GCC/bin/../lib/gcc/riscv-none-embed/8.2.0/../../../../riscv-none-embed/lib/rv32imacxw/ilp32/libg_nano.a(lib_a-isattyr.o)
                0x00000000000051ec                _isatty_r
 .text._lseek_r
                0x0000000000005214       0x2c /Applications/MounRiver Studio 2.app/Contents/Resources/app/resources/darwin/components/WCH/Toolchain/RISC-V Embedded GCC/bin/../lib/gcc/riscv-none-embed/8.2.0/../../../../riscv-none-embed/lib/rv32imacxw/ilp32/libg_nano.a(lib_a-lseekr.o)
                0x0000000000005214                _lseek_r
 .text.memchr   0x0000000000005240       0x18 /Applications/MounRiver Studio 2.app/Contents/Resources/app/resources/darwin/components/WCH/Toolchain/RISC-V Embedded GCC/bin/../lib/gcc/riscv-none-embed/8.2.0/../../../../riscv-none-embed/lib/rv32imacxw/ilp32/libg_nano.a(lib_a-memchr.o)
                0x0000000000005240                memchr
 .text._read_r  0x0000000000005258       0x2c /Applications/MounRiver Studio 2.app/Contents/Resources/app/resources/darwin/components/WCH/Toolchain/RISC-V Embedded GCC/bin/../lib/gcc/riscv-none-embed/8.2.0/../../../../riscv-none-embed/lib/rv32imacxw/ilp32/libg_nano.a(lib_a-readr.o)
                0x0000000000005258                _read_r
 .text._close   0x0000000000005284        0xc /Applications/MounRiver Studio 2.app/Contents/Resources/app/resources/darwin/components/WCH/Toolchain/RISC-V Embedded GCC/bin/../lib/gcc/riscv-none-embed/8.2.0/../../../../riscv-none-embed/lib/rv32imacxw/ilp32/libnosys.a(close.o)
                0x0000000000005284                _close
 .text._fstat   0x0000000000005290        0xc /Applications/MounRiver Studio 2.app/Contents/Resources/app/resources/darwin/components/WCH/Toolchain/RISC-V Embedded GCC/bin/../lib/gcc/riscv-none-embed/8.2.0/../../../../riscv-none-embed/lib/rv32imacxw/ilp32/libnosys.a(fstat.o)
                0x0000000000005290                _fstat
 .text._isatty  0x000000000000529c        0xc /Applications/MounRiver Studio 2.app/Contents/Resources/app/resources/darwin/components/WCH/Toolchain/RISC-V Embedded GCC/bin/../lib/gcc/riscv-none-embed/8.2.0/../../../../riscv-none-embed/lib/rv32imacxw/ilp32/libnosys.a(isatty.o)
                0x000000000000529c                _isatty
 .text._lseek   0x00000000000052a8        0xc /Applications/MounRiver Studio 2.app/Contents/Resources/app/resources/darwin/components/WCH/Toolchain/RISC-V Embedded GCC/bin/../lib/gcc/riscv-none-embed/8.2.0/../../../../riscv-none-embed/lib/rv32imacxw/ilp32/libnosys.a(lseek.o)
                0x00000000000052a8                _lseek
 .text._read    0x00000000000052b4        0xc /Applications/MounRiver Studio 2.app/Contents/Resources/app/resources/darwin/components/WCH/Toolchain/RISC-V Embedded GCC/bin/../lib/gcc/riscv-none-embed/8.2.0/../../../../riscv-none-embed/lib/rv32imacxw/ilp32/libnosys.a(read.o)
                0x00000000000052b4                _read
 *(.rodata)
 *fill*         0x00000000000052c0        0x0 
 .rodata        0x00000000000052c0        0xd ./User/rtc.o
 *(.rodata*)
 *fill*         0x00000000000052cd        0x3 
 .rodata.CalGlucose.cst4
                0x00000000000052d0       0x28 ./User/Calculation.o
 .rodata.CalGlucose.str1.4
                0x00000000000052f8       0xb4 ./User/Calculation.o
 .rodata.State_Process
                0x00000000000053ac       0x3c ./User/main.o
 .rodata.GetMidADC.str1.4
                0x00000000000053e8       0x2a ./User/main.o
 *fill*         0x0000000000005412        0x2 
 .rodata.OPA2_Init.str1.4
                0x0000000000005414       0x12 ./User/main.o
 *fill*         0x0000000000005426        0x2 
 .rodata.State_Process.str1.4
                0x0000000000005428      0x33e ./User/main.o
 *fill*         0x0000000000005766        0x2 
 .rodata.TIM1_PWM_Init.str1.4
                0x0000000000005768       0x2b ./User/main.o
 *fill*         0x0000000000005793        0x1 
 .rodata.main.str1.4
                0x0000000000005794       0xe7 ./User/main.o
 *fill*         0x000000000000587b        0x1 
 .rodata.CSWTCH.10
                0x000000000000587c        0xa ./User/param_table.o
 *fill*         0x0000000000005886        0x2 
 .rodata.CSWTCH.11
                0x0000000000005888        0xa ./User/param_table.o
 *fill*         0x0000000000005892        0x2 
 .rodata.CSWTCH.12
                0x0000000000005894        0xa ./User/param_table.o
 *fill*         0x000000000000589e        0x2 
 .rodata.CSWTCH.4
                0x00000000000058a0       0x14 ./User/param_table.o
 .rodata.CSWTCH.5
                0x00000000000058b4        0xc ./User/param_table.o
 .rodata.PARAM_Init.str1.4
                0x00000000000058c0       0x5a ./User/param_table.o
 *fill*         0x000000000000591a        0x2 
 .rodata.StripType_GetName.str1.4
                0x000000000000591c        0x8 ./User/param_table.o
 .rodata.Unit_GetSymbol.str1.4
                0x0000000000005924        0x2 ./User/param_table.o
 *fill*         0x0000000000005926        0x2 
 .rodata.str1.4
                0x0000000000005928       0x64 ./User/param_table.o
 .rodata.RTC_Config.str1.4
                0x000000000000598c       0x57 ./User/rtc.o
 *fill*         0x00000000000059e3        0x1 
 .rodata.RTC_Init.str1.4
                0x00000000000059e4       0x11 ./User/rtc.o
 *fill*         0x00000000000059f5        0x3 
 .rodata.RTC_SetTime.str1.4
                0x00000000000059f8       0x2e ./User/rtc.o
 *fill*         0x0000000000005a26        0x2 
 .rodata.RTC_SyncWithParam.str1.4
                0x0000000000005a28       0x4d ./User/rtc.o
 *fill*         0x0000000000005a75        0x3 
 .rodata.RTC_UpdateParam.str1.4
                0x0000000000005a78       0x6a ./User/rtc.o
 *fill*         0x0000000000005ae2        0x2 
 .rodata.STRIP_DETECT_UpdateWPWMDuty
                0x0000000000005ae4       0x14 ./User/strip_detect.o
 .rodata.STRIP_DETECT_DetermineStripType.cst4
                0x0000000000005af8        0x4 ./User/strip_detect.o
 .rodata.STRIP_DETECT_HandleInsertedEvent.str1.4
                0x0000000000005afc       0x3d ./User/strip_detect.o
 *fill*         0x0000000000005b39        0x3 
 .rodata.STRIP_DETECT_Init.str1.4
                0x0000000000005b3c       0x24 ./User/strip_detect.o
 .rodata.STRIP_DETECT_Process.cst4
                0x0000000000005b60        0x8 ./User/strip_detect.o
 .rodata.STRIP_DETECT_Process.str1.4
                0x0000000000005b68       0x7c ./User/strip_detect.o
 .rodata.System_SetState.str1.4
                0x0000000000005be4       0x19 ./User/system_state.o
 *fill*         0x0000000000005bfd        0x3 
 .rodata.UART2_Receive_Byte_ISR
                0x0000000000005c00       0x18 ./User/uart_protocol.o
 .rodata.UART_ProcessStripInsertedCmd.str1.4
                0x0000000000005c18       0xbc ./User/uart_protocol.o
 .rodata.UART_Protocol_Init.str1.4
                0x0000000000005cd4       0x1b ./User/uart_protocol.o
 *fill*         0x0000000000005cef        0x1 
 .rodata.UART_SendStripTypeAck.str1.4
                0x0000000000005cf0       0x2c ./User/uart_protocol.o
 .rodata.Get_Raw_Test_Data.str1.4
                0x0000000000005d1c        0xb ./User/uart_protocol_stubs.o
 *fill*         0x0000000000005d27        0x1 
 .rodata.__divsf3
                0x0000000000005d28       0x80 /Applications/MounRiver Studio 2.app/Contents/Resources/app/resources/darwin/components/WCH/Toolchain/RISC-V Embedded GCC/bin/../lib/gcc/riscv-none-embed/8.2.0/rv32imacxw/ilp32/libgcc.a(divsf3.o)
 .rodata.__mulsf3
                0x0000000000005da8       0x40 /Applications/MounRiver Studio 2.app/Contents/Resources/app/resources/darwin/components/WCH/Toolchain/RISC-V Embedded GCC/bin/../lib/gcc/riscv-none-embed/8.2.0/rv32imacxw/ilp32/libgcc.a(mulsf3.o)
 .rodata.__clz_tab
                0x0000000000005de8      0x100 /Applications/MounRiver Studio 2.app/Contents/Resources/app/resources/darwin/components/WCH/Toolchain/RISC-V Embedded GCC/bin/../lib/gcc/riscv-none-embed/8.2.0/rv32imacxw/ilp32/libgcc.a(_clz.o)
                0x0000000000005de8                __clz_tab
 .rodata.__sf_fake_stderr
                0x0000000000005ee8       0x20 /Applications/MounRiver Studio 2.app/Contents/Resources/app/resources/darwin/components/WCH/Toolchain/RISC-V Embedded GCC/bin/../lib/gcc/riscv-none-embed/8.2.0/../../../../riscv-none-embed/lib/rv32imacxw/ilp32/libg_nano.a(lib_a-findfp.o)
                0x0000000000005ee8                __sf_fake_stderr
 .rodata.__sf_fake_stdin
                0x0000000000005f08       0x20 /Applications/MounRiver Studio 2.app/Contents/Resources/app/resources/darwin/components/WCH/Toolchain/RISC-V Embedded GCC/bin/../lib/gcc/riscv-none-embed/8.2.0/../../../../riscv-none-embed/lib/rv32imacxw/ilp32/libg_nano.a(lib_a-findfp.o)
                0x0000000000005f08                __sf_fake_stdin
 .rodata.__sf_fake_stdout
                0x0000000000005f28       0x20 /Applications/MounRiver Studio 2.app/Contents/Resources/app/resources/darwin/components/WCH/Toolchain/RISC-V Embedded GCC/bin/../lib/gcc/riscv-none-embed/8.2.0/../../../../riscv-none-embed/lib/rv32imacxw/ilp32/libg_nano.a(lib_a-findfp.o)
                0x0000000000005f28                __sf_fake_stdout
 .rodata._vfprintf_r.str1.4
                0x0000000000005f48       0x13 /Applications/MounRiver Studio 2.app/Contents/Resources/app/resources/darwin/components/WCH/Toolchain/RISC-V Embedded GCC/bin/../lib/gcc/riscv-none-embed/8.2.0/../../../../riscv-none-embed/lib/rv32imacxw/ilp32/libg_nano.a(lib_a-nano-vfprintf.o)
 *fill*         0x0000000000005f5b        0x1 
 .rodata._printf_i.str1.4
                0x0000000000005f5c       0x28 /Applications/MounRiver Studio 2.app/Contents/Resources/app/resources/darwin/components/WCH/Toolchain/RISC-V Embedded GCC/bin/../lib/gcc/riscv-none-embed/8.2.0/../../../../riscv-none-embed/lib/rv32imacxw/ilp32/libg_nano.a(lib_a-nano-vfprintf_i.o)
                                         0x25 (size before relaxing)
 *(.gnu.linkonce.t.*)
                0x0000000000005f84                . = ALIGN (0x4)

.rela.dyn       0x0000000000005f84        0x0
 .rela.init     0x0000000000005f84        0x0 ./User/Calculation.o
 .rela.vector   0x0000000000005f84        0x0 ./User/Calculation.o
 .rela.text.handle_reset
                0x0000000000005f84        0x0 ./User/Calculation.o
 .rela.text._sbrk
                0x0000000000005f84        0x0 ./User/Calculation.o
 .rela.sdata.curbrk.4652
                0x0000000000005f84        0x0 ./User/Calculation.o
 .rela.text._sbrk_r
                0x0000000000005f84        0x0 ./User/Calculation.o
 .rela.text._vfprintf_r
                0x0000000000005f84        0x0 ./User/Calculation.o
 .rela.text._write_r
                0x0000000000005f84        0x0 ./User/Calculation.o
 .rela.text._close_r
                0x0000000000005f84        0x0 ./User/Calculation.o
 .rela.text._fstat_r
                0x0000000000005f84        0x0 ./User/Calculation.o
 .rela.text._isatty_r
                0x0000000000005f84        0x0 ./User/Calculation.o
 .rela.text._lseek_r
                0x0000000000005f84        0x0 ./User/Calculation.o
 .rela.text._read_r
                0x0000000000005f84        0x0 ./User/Calculation.o
 .rela.text._close
                0x0000000000005f84        0x0 ./User/Calculation.o
 .rela.text._fstat
                0x0000000000005f84        0x0 ./User/Calculation.o
 .rela.text._isatty
                0x0000000000005f84        0x0 ./User/Calculation.o
 .rela.text._lseek
                0x0000000000005f84        0x0 ./User/Calculation.o
 .rela.text._read
                0x0000000000005f84        0x0 ./User/Calculation.o

.fini           0x0000000000005f84        0x0
 *(SORT_NONE(.fini))
                0x0000000000005f84                . = ALIGN (0x4)
                [!provide]                        PROVIDE (_etext = .)
                [!provide]                        PROVIDE (_eitcm = .)

.preinit_array  0x0000000000005f84        0x0
                [!provide]                        PROVIDE (__preinit_array_start = .)
 *(.preinit_array)
                [!provide]                        PROVIDE (__preinit_array_end = .)

.init_array     0x0000000000005f84        0x0
                [!provide]                        PROVIDE (__init_array_start = .)
 *(SORT_BY_INIT_PRIORITY(.init_array.*) SORT_BY_INIT_PRIORITY(.ctors.*))
 *(.init_array EXCLUDE_FILE(*crtend?.o *crtend.o *crtbegin?.o *crtbegin.o) .ctors)
                [!provide]                        PROVIDE (__init_array_end = .)

.fini_array     0x0000000000005f84        0x0
                [!provide]                        PROVIDE (__fini_array_start = .)
 *(SORT_BY_INIT_PRIORITY(.fini_array.*) SORT_BY_INIT_PRIORITY(.dtors.*))
 *(.fini_array EXCLUDE_FILE(*crtend?.o *crtend.o *crtbegin?.o *crtbegin.o) .dtors)
                [!provide]                        PROVIDE (__fini_array_end = .)

.ctors
 *crtbegin.o(.ctors)
 *crtbegin?.o(.ctors)
 *(EXCLUDE_FILE(*crtend?.o *crtend.o) .ctors)
 *(SORT_BY_NAME(.ctors.*))
 *(.ctors)

.dtors
 *crtbegin.o(.dtors)
 *crtbegin?.o(.dtors)
 *(EXCLUDE_FILE(*crtend?.o *crtend.o) .dtors)
 *(SORT_BY_NAME(.dtors.*))
 *(.dtors)

.dalign         0x0000000020000000        0x0 load address 0x0000000000005f84
                0x0000000020000000                . = ALIGN (0x4)
                0x0000000020000000                PROVIDE (_data_vma = .)

.dlalign        0x0000000000005f84        0x0
                0x0000000000005f84                . = ALIGN (0x4)
                0x0000000000005f84                PROVIDE (_data_lma = .)

.data           0x0000000020000000       0xb0 load address 0x0000000000005f84
 *(.gnu.linkonce.r.*)
 *(.data .data.*)
 .data.stripInfo
                0x0000000020000000       0x18 ./User/strip_detect.o
 .data.APBAHBPrescTable
                0x0000000020000018       0x10 ./Peripheral/src/ch32v20x_rcc.o
 .data.impure_data
                0x0000000020000028       0x60 /Applications/MounRiver Studio 2.app/Contents/Resources/app/resources/darwin/components/WCH/Toolchain/RISC-V Embedded GCC/bin/../lib/gcc/riscv-none-embed/8.2.0/../../../../riscv-none-embed/lib/rv32imacxw/ilp32/libg_nano.a(lib_a-impure.o)
 *(.gnu.linkonce.d.*)
                0x0000000020000088                . = ALIGN (0x8)
                0x0000000020000888                PROVIDE (__global_pointer$ = (. + 0x800))
 *(.sdata .sdata.*)
 .sdata.measureStep.5636
                0x0000000020000088        0x1 ./User/main.o
 *fill*         0x0000000020000089        0x3 
 .sdata.SystemCoreClock
                0x000000002000008c        0x4 ./User/system_ch32v20x.o
                0x000000002000008c                SystemCoreClock
 .sdata.blood_countdown
                0x0000000020000090        0x1 ./User/uart_protocol.o
 *fill*         0x0000000020000091        0x3 
 .sdata.ADCPrescTable
                0x0000000020000094        0x4 ./Peripheral/src/ch32v20x_rcc.o
 .sdata.curbrk.4652
                0x0000000020000098        0x4 ./Debug/debug.o
 .sdata._impure_ptr
                0x000000002000009c        0x4 /Applications/MounRiver Studio 2.app/Contents/Resources/app/resources/darwin/components/WCH/Toolchain/RISC-V Embedded GCC/bin/../lib/gcc/riscv-none-embed/8.2.0/../../../../riscv-none-embed/lib/rv32imacxw/ilp32/libg_nano.a(lib_a-impure.o)
                0x000000002000009c                _impure_ptr
 *(.sdata2.*)
 .sdata2.CSWTCH.1
                0x00000000200000a0        0x6 ./User/Calculation.o
 *fill*         0x00000000200000a6        0x2 
 .sdata2._global_impure_ptr
                0x00000000200000a8        0x4 /Applications/MounRiver Studio 2.app/Contents/Resources/app/resources/darwin/components/WCH/Toolchain/RISC-V Embedded GCC/bin/../lib/gcc/riscv-none-embed/8.2.0/../../../../riscv-none-embed/lib/rv32imacxw/ilp32/libg_nano.a(lib_a-impure.o)
                0x00000000200000a8                _global_impure_ptr
 *(.gnu.linkonce.s.*)
                0x00000000200000b0                . = ALIGN (0x8)
 *fill*         0x00000000200000ac        0x4 
 *(.srodata.cst16)
 *(.srodata.cst8)
 *(.srodata.cst4)
 *(.srodata.cst2)
 *(.srodata .srodata.*)
                0x00000000200000b0                . = ALIGN (0x4)
                0x00000000200000b0                PROVIDE (_edata = .)

.bss            0x00000000200000b0      0x8d8 load address 0x0000000000006034
                0x00000000200000b0                . = ALIGN (0x4)
                0x00000000200000b0                PROVIDE (_sbss = .)
 *(.sbss*)
 .sbss.wGlucose
                0x00000000200000b0        0x2 ./User/Calculation.o
                0x00000000200000b0                wGlucose
 .sbss.W_ADC    0x00000000200000b2        0x2 ./User/main.o
                0x00000000200000b2                W_ADC
 .sbss.calculationDone.5664
                0x00000000200000b4        0x1 ./User/main.o
 *fill*         0x00000000200000b5        0x1 
 .sbss.evWidth1.5638
                0x00000000200000b6        0x2 ./User/main.o
 .sbss.evWidth2.5641
                0x00000000200000b8        0x2 ./User/main.o
 *fill*         0x00000000200000ba        0x2 
 .sbss.lastState.5619
                0x00000000200000bc        0x4 ./User/main.o
 .sbss.parametersLoaded.5644
                0x00000000200000c0        0x1 ./User/main.o
 *fill*         0x00000000200000c1        0x3 
 .sbss.stepStartTime.5637
                0x00000000200000c4        0x4 ./User/main.o
 .sbss.systemTick.5645
                0x00000000200000c8        0x4 ./User/main.o
 .sbss.tpl1.5639
                0x00000000200000cc        0x2 ./User/main.o
 .sbss.tpl2.5642
                0x00000000200000ce        0x2 ./User/main.o
 .sbss.trd1.5640
                0x00000000200000d0        0x2 ./User/main.o
 .sbss.trd2.5643
                0x00000000200000d2        0x2 ./User/main.o
 .sbss.currentSystemState
                0x00000000200000d4        0x4 ./User/system_state.o
 .sbss.blood_detected
                0x00000000200000d8        0x1 ./User/uart_protocol.o
 .sbss.dataCnt.5248
                0x00000000200000d9        0x1 ./User/uart_protocol.o
 .sbss.dataLen.5247
                0x00000000200000da        0x1 ./User/uart_protocol.o
 *fill*         0x00000000200000db        0x1 
 .sbss.g_batteryVoltage
                0x00000000200000dc        0x2 ./User/uart_protocol.o
                0x00000000200000dc                g_batteryVoltage
 .sbss.packet_received
                0x00000000200000de        0x1 ./User/uart_protocol.o
 *fill*         0x00000000200000df        0x1 
 .sbss.rx_index
                0x00000000200000e0        0x2 ./User/uart_protocol.o
 .sbss.state.5246
                0x00000000200000e2        0x1 ./User/uart_protocol.o
 .sbss.test_in_progress
                0x00000000200000e3        0x1 ./User/uart_protocol.o
 .sbss.counter.5049
                0x00000000200000e4        0x1 ./User/uart_protocol_stubs.o
 .sbss.MCU_Version
                0x00000000200000e5        0x1 ./Peripheral/src/ch32v20x_gpio.o
                0x00000000200000e5                MCU_Version
 *fill*         0x00000000200000e6        0x2 
 .sbss.NVIC_Priority_Group
                0x00000000200000e8        0x4 ./Peripheral/src/ch32v20x_misc.o
                0x00000000200000e8                NVIC_Priority_Group
 .sbss.p_ms     0x00000000200000ec        0x2 ./Debug/debug.o
 .sbss.p_us     0x00000000200000ee        0x1 ./Debug/debug.o
 *fill*         0x00000000200000ef        0x1 
 .sbss.__malloc_free_list
                0x00000000200000f0        0x4 /Applications/MounRiver Studio 2.app/Contents/Resources/app/resources/darwin/components/WCH/Toolchain/RISC-V Embedded GCC/bin/../lib/gcc/riscv-none-embed/8.2.0/../../../../riscv-none-embed/lib/rv32imacxw/ilp32/libg_nano.a(lib_a-nano-mallocr.o)
                0x00000000200000f0                __malloc_free_list
 .sbss.__malloc_sbrk_start
                0x00000000200000f4        0x4 /Applications/MounRiver Studio 2.app/Contents/Resources/app/resources/darwin/components/WCH/Toolchain/RISC-V Embedded GCC/bin/../lib/gcc/riscv-none-embed/8.2.0/../../../../riscv-none-embed/lib/rv32imacxw/ilp32/libg_nano.a(lib_a-nano-mallocr.o)
                0x00000000200000f4                __malloc_sbrk_start
 *(.gnu.linkonce.sb.*)
 *(.bss*)
 .bss.USART_DMA_CTRL
                0x00000000200000f8      0x101 ./User/main.o
                0x00000000200000f8                USART_DMA_CTRL
 *fill*         0x00000000200001f9        0x3 
 .bss.ring_buffer
                0x00000000200001fc      0x406 ./User/main.o
                0x00000000200001fc                ring_buffer
 *fill*         0x0000000020000602        0x2 
 .bss.param_table
                0x0000000020000604      0x2a6 ./User/param_table.o
 *fill*         0x00000000200008aa        0x2 
 .bss.current_raw_data
                0x00000000200008ac       0x3c ./User/uart_protocol.o
 .bss.current_test_result
                0x00000000200008e8       0x1a ./User/uart_protocol.o
 *fill*         0x0000000020000902        0x2 
 .bss.rx_buffer
                0x0000000020000904       0x40 ./User/uart_protocol.o
 .bss.tx_buffer
                0x0000000020000944       0x40 ./User/uart_protocol.o
 *(.gnu.linkonce.b.*)
 *(COMMON*)
 COMMON         0x0000000020000984        0x4 /Applications/MounRiver Studio 2.app/Contents/Resources/app/resources/darwin/components/WCH/Toolchain/RISC-V Embedded GCC/bin/../lib/gcc/riscv-none-embed/8.2.0/../../../../riscv-none-embed/lib/rv32imacxw/ilp32/libg_nano.a(lib_a-reent.o)
                0x0000000020000984                errno
                0x0000000020000988                . = ALIGN (0x4)
                0x0000000020000988                PROVIDE (_ebss = .)
                0x0000000020000988                PROVIDE (_end = _ebss)
                [!provide]                        PROVIDE (end = .)

.stack          0x0000000020004800      0x800
                0x0000000020004800                PROVIDE (_heap_end = .)
                0x0000000020004800                . = ALIGN (0x4)
                [!provide]                        PROVIDE (_susrstack = .)
                0x0000000020005000                . = (. + __stack_size)
 *fill*         0x0000000020004800      0x800 
                0x0000000020005000                PROVIDE (_eusrstack = .)
OUTPUT(CH32V203G8R6.elf elf32-littleriscv)

.debug_info     0x0000000000000000    0x1c05e
 .debug_info    0x0000000000000000      0xb92 ./User/Calculation.o
 .debug_info    0x0000000000000b92      0xbb5 ./User/ch32v20x_it.o
 .debug_info    0x0000000000001747     0x2b44 ./User/main.o
 .debug_info    0x000000000000428b     0x195f ./User/param_table.o
 .debug_info    0x0000000000005bea     0x1044 ./User/rtc.o
 .debug_info    0x0000000000006c2e     0x1a85 ./User/strip_detect.o
 .debug_info    0x00000000000086b3      0xb30 ./User/system_ch32v20x.o
 .debug_info    0x00000000000091e3      0x9f2 ./User/system_state.o
 .debug_info    0x0000000000009bd5     0x2146 ./User/uart_protocol.o
 .debug_info    0x000000000000bd1b      0xe72 ./User/uart_protocol_stubs.o
 .debug_info    0x000000000000cb8d       0x22 ./Startup/startup_ch32v20x_D6.o
 .debug_info    0x000000000000cbaf     0x16eb ./Peripheral/src/ch32v20x_adc.o
 .debug_info    0x000000000000e29a     0x1091 ./Peripheral/src/ch32v20x_bkp.o
 .debug_info    0x000000000000f32b      0xd16 ./Peripheral/src/ch32v20x_dma.o
 .debug_info    0x0000000000010041     0x15d2 ./Peripheral/src/ch32v20x_flash.o
 .debug_info    0x0000000000011613     0x1349 ./Peripheral/src/ch32v20x_gpio.o
 .debug_info    0x000000000001295c      0xe61 ./Peripheral/src/ch32v20x_misc.o
 .debug_info    0x00000000000137bd      0xb1d ./Peripheral/src/ch32v20x_opa.o
 .debug_info    0x00000000000142da     0x1049 ./Peripheral/src/ch32v20x_pwr.o
 .debug_info    0x0000000000015323     0x1268 ./Peripheral/src/ch32v20x_rcc.o
 .debug_info    0x000000000001658b      0xdc9 ./Peripheral/src/ch32v20x_rtc.o
 .debug_info    0x0000000000017354     0x2ab3 ./Peripheral/src/ch32v20x_tim.o
 .debug_info    0x0000000000019e07     0x1335 ./Peripheral/src/ch32v20x_usart.o
 .debug_info    0x000000000001b13c      0xf22 ./Debug/debug.o

.debug_abbrev   0x0000000000000000     0x4bd3
 .debug_abbrev  0x0000000000000000      0x299 ./User/Calculation.o
 .debug_abbrev  0x0000000000000299      0x22c ./User/ch32v20x_it.o
 .debug_abbrev  0x00000000000004c5      0x3f6 ./User/main.o
 .debug_abbrev  0x00000000000008bb      0x48d ./User/param_table.o
 .debug_abbrev  0x0000000000000d48      0x2ba ./User/rtc.o
 .debug_abbrev  0x0000000000001002      0x48c ./User/strip_detect.o
 .debug_abbrev  0x000000000000148e      0x2b0 ./User/system_ch32v20x.o
 .debug_abbrev  0x000000000000173e      0x255 ./User/system_state.o
 .debug_abbrev  0x0000000000001993      0x4a3 ./User/uart_protocol.o
 .debug_abbrev  0x0000000000001e36      0x30a ./User/uart_protocol_stubs.o
 .debug_abbrev  0x0000000000002140       0x12 ./Startup/startup_ch32v20x_D6.o
 .debug_abbrev  0x0000000000002152      0x3a9 ./Peripheral/src/ch32v20x_adc.o
 .debug_abbrev  0x00000000000024fb      0x2cc ./Peripheral/src/ch32v20x_bkp.o
 .debug_abbrev  0x00000000000027c7      0x302 ./Peripheral/src/ch32v20x_dma.o
 .debug_abbrev  0x0000000000002ac9      0x468 ./Peripheral/src/ch32v20x_flash.o
 .debug_abbrev  0x0000000000002f31      0x34b ./Peripheral/src/ch32v20x_gpio.o
 .debug_abbrev  0x000000000000327c      0x2ea ./Peripheral/src/ch32v20x_misc.o
 .debug_abbrev  0x0000000000003566      0x252 ./Peripheral/src/ch32v20x_opa.o
 .debug_abbrev  0x00000000000037b8      0x399 ./Peripheral/src/ch32v20x_pwr.o
 .debug_abbrev  0x0000000000003b51      0x36b ./Peripheral/src/ch32v20x_rcc.o
 .debug_abbrev  0x0000000000003ebc      0x30b ./Peripheral/src/ch32v20x_rtc.o
 .debug_abbrev  0x00000000000041c7      0x418 ./Peripheral/src/ch32v20x_tim.o
 .debug_abbrev  0x00000000000045df      0x312 ./Peripheral/src/ch32v20x_usart.o
 .debug_abbrev  0x00000000000048f1      0x2e2 ./Debug/debug.o

.debug_loc      0x0000000000000000     0x7f0b
 .debug_loc     0x0000000000000000       0xe3 ./User/Calculation.o
 .debug_loc     0x00000000000000e3      0x46f ./User/main.o
 .debug_loc     0x0000000000000552     0x100f ./User/param_table.o
 .debug_loc     0x0000000000001561      0x406 ./User/rtc.o
 .debug_loc     0x0000000000001967      0x153 ./User/strip_detect.o
 .debug_loc     0x0000000000001aba       0xac ./User/system_ch32v20x.o
 .debug_loc     0x0000000000001b66       0x2c ./User/system_state.o
 .debug_loc     0x0000000000001b92     0x10f2 ./User/uart_protocol.o
 .debug_loc     0x0000000000002c84       0x9f ./User/uart_protocol_stubs.o
 .debug_loc     0x0000000000002d23      0xab6 ./Peripheral/src/ch32v20x_adc.o
 .debug_loc     0x00000000000037d9       0xd8 ./Peripheral/src/ch32v20x_bkp.o
 .debug_loc     0x00000000000038b1      0x155 ./Peripheral/src/ch32v20x_dma.o
 .debug_loc     0x0000000000003a06      0xc9b ./Peripheral/src/ch32v20x_flash.o
 .debug_loc     0x00000000000046a1      0x8a1 ./Peripheral/src/ch32v20x_gpio.o
 .debug_loc     0x0000000000004f42       0x2d ./Peripheral/src/ch32v20x_misc.o
 .debug_loc     0x0000000000004f6f       0x56 ./Peripheral/src/ch32v20x_opa.o
 .debug_loc     0x0000000000004fc5      0x29e ./Peripheral/src/ch32v20x_pwr.o
 .debug_loc     0x0000000000005263      0x797 ./Peripheral/src/ch32v20x_rcc.o
 .debug_loc     0x00000000000059fa      0x377 ./Peripheral/src/ch32v20x_rtc.o
 .debug_loc     0x0000000000005d71     0x190e ./Peripheral/src/ch32v20x_tim.o
 .debug_loc     0x000000000000767f      0x715 ./Peripheral/src/ch32v20x_usart.o
 .debug_loc     0x0000000000007d94      0x177 ./Debug/debug.o

.debug_aranges  0x0000000000000000      0xe70
 .debug_aranges
                0x0000000000000000       0x20 ./User/Calculation.o
 .debug_aranges
                0x0000000000000020       0x28 ./User/ch32v20x_it.o
 .debug_aranges
                0x0000000000000048       0x70 ./User/main.o
 .debug_aranges
                0x00000000000000b8       0xd8 ./User/param_table.o
 .debug_aranges
                0x0000000000000190       0x48 ./User/rtc.o
 .debug_aranges
                0x00000000000001d8       0x68 ./User/strip_detect.o
 .debug_aranges
                0x0000000000000240       0x28 ./User/system_ch32v20x.o
 .debug_aranges
                0x0000000000000268       0x28 ./User/system_state.o
 .debug_aranges
                0x0000000000000290       0xd0 ./User/uart_protocol.o
 .debug_aranges
                0x0000000000000360       0x50 ./User/uart_protocol_stubs.o
 .debug_aranges
                0x00000000000003b0       0x30 ./Startup/startup_ch32v20x_D6.o
 .debug_aranges
                0x00000000000003e0      0x150 ./Peripheral/src/ch32v20x_adc.o
 .debug_aranges
                0x0000000000000530       0x78 ./Peripheral/src/ch32v20x_bkp.o
 .debug_aranges
                0x00000000000005a8       0x60 ./Peripheral/src/ch32v20x_dma.o
 .debug_aranges
                0x0000000000000608      0x110 ./Peripheral/src/ch32v20x_flash.o
 .debug_aranges
                0x0000000000000718       0xb0 ./Peripheral/src/ch32v20x_gpio.o
 .debug_aranges
                0x00000000000007c8       0x28 ./Peripheral/src/ch32v20x_misc.o
 .debug_aranges
                0x00000000000007f0       0x38 ./Peripheral/src/ch32v20x_opa.o
 .debug_aranges
                0x0000000000000828       0x88 ./Peripheral/src/ch32v20x_pwr.o
 .debug_aranges
                0x00000000000008b0      0x130 ./Peripheral/src/ch32v20x_rcc.o
 .debug_aranges
                0x00000000000009e0       0x80 ./Peripheral/src/ch32v20x_rtc.o
 .debug_aranges
                0x0000000000000a60      0x2d0 ./Peripheral/src/ch32v20x_tim.o
 .debug_aranges
                0x0000000000000d30       0xf0 ./Peripheral/src/ch32v20x_usart.o
 .debug_aranges
                0x0000000000000e20       0x50 ./Debug/debug.o

.debug_ranges   0x0000000000000000     0x1270
 .debug_ranges  0x0000000000000000       0x10 ./User/Calculation.o
 .debug_ranges  0x0000000000000010       0x18 ./User/ch32v20x_it.o
 .debug_ranges  0x0000000000000028       0xc8 ./User/main.o
 .debug_ranges  0x00000000000000f0      0x468 ./User/param_table.o
 .debug_ranges  0x0000000000000558       0x38 ./User/rtc.o
 .debug_ranges  0x0000000000000590       0x90 ./User/strip_detect.o
 .debug_ranges  0x0000000000000620       0x18 ./User/system_ch32v20x.o
 .debug_ranges  0x0000000000000638       0x18 ./User/system_state.o
 .debug_ranges  0x0000000000000650      0x178 ./User/uart_protocol.o
 .debug_ranges  0x00000000000007c8       0x60 ./User/uart_protocol_stubs.o
 .debug_ranges  0x0000000000000828       0x28 ./Startup/startup_ch32v20x_D6.o
 .debug_ranges  0x0000000000000850      0x140 ./Peripheral/src/ch32v20x_adc.o
 .debug_ranges  0x0000000000000990       0x68 ./Peripheral/src/ch32v20x_bkp.o
 .debug_ranges  0x00000000000009f8       0x50 ./Peripheral/src/ch32v20x_dma.o
 .debug_ranges  0x0000000000000a48      0x100 ./Peripheral/src/ch32v20x_flash.o
 .debug_ranges  0x0000000000000b48       0xa0 ./Peripheral/src/ch32v20x_gpio.o
 .debug_ranges  0x0000000000000be8       0x48 ./Peripheral/src/ch32v20x_misc.o
 .debug_ranges  0x0000000000000c30       0x28 ./Peripheral/src/ch32v20x_opa.o
 .debug_ranges  0x0000000000000c58       0x78 ./Peripheral/src/ch32v20x_pwr.o
 .debug_ranges  0x0000000000000cd0      0x120 ./Peripheral/src/ch32v20x_rcc.o
 .debug_ranges  0x0000000000000df0       0x70 ./Peripheral/src/ch32v20x_rtc.o
 .debug_ranges  0x0000000000000e60      0x2f0 ./Peripheral/src/ch32v20x_tim.o
 .debug_ranges  0x0000000000001150       0xe0 ./Peripheral/src/ch32v20x_usart.o
 .debug_ranges  0x0000000000001230       0x40 ./Debug/debug.o

.debug_line     0x0000000000000000    0x16a95
 .debug_line    0x0000000000000000      0x579 ./User/Calculation.o
 .debug_line    0x0000000000000579      0x37e ./User/ch32v20x_it.o
 .debug_line    0x00000000000008f7     0x1dbb ./User/main.o
 .debug_line    0x00000000000026b2     0x1b54 ./User/param_table.o
 .debug_line    0x0000000000004206      0xa4c ./User/rtc.o
 .debug_line    0x0000000000004c52      0xda0 ./User/strip_detect.o
 .debug_line    0x00000000000059f2      0x69b ./User/system_ch32v20x.o
 .debug_line    0x000000000000608d      0x3d5 ./User/system_state.o
 .debug_line    0x0000000000006462     0x17a7 ./User/uart_protocol.o
 .debug_line    0x0000000000007c09      0x7cb ./User/uart_protocol_stubs.o
 .debug_line    0x00000000000083d4      0x121 ./Startup/startup_ch32v20x_D6.o
 .debug_line    0x00000000000084f5     0x1bb8 ./Peripheral/src/ch32v20x_adc.o
 .debug_line    0x000000000000a0ad      0x755 ./Peripheral/src/ch32v20x_bkp.o
 .debug_line    0x000000000000a802      0x8a2 ./Peripheral/src/ch32v20x_dma.o
 .debug_line    0x000000000000b0a4     0x2620 ./Peripheral/src/ch32v20x_flash.o
 .debug_line    0x000000000000d6c4     0x16f6 ./Peripheral/src/ch32v20x_gpio.o
 .debug_line    0x000000000000edba      0x4c8 ./Peripheral/src/ch32v20x_misc.o
 .debug_line    0x000000000000f282      0x549 ./Peripheral/src/ch32v20x_opa.o
 .debug_line    0x000000000000f7cb      0xc56 ./Peripheral/src/ch32v20x_pwr.o
 .debug_line    0x0000000000010421     0x127e ./Peripheral/src/ch32v20x_rcc.o
 .debug_line    0x000000000001169f      0xa90 ./Peripheral/src/ch32v20x_rtc.o
 .debug_line    0x000000000001212f     0x31db ./Peripheral/src/ch32v20x_tim.o
 .debug_line    0x000000000001530a      0xf61 ./Peripheral/src/ch32v20x_usart.o
 .debug_line    0x000000000001626b      0x82a ./Debug/debug.o

.debug_str      0x0000000000000000     0x47f6
 .debug_str     0x0000000000000000      0x629 ./User/Calculation.o
                                        0x6ae (size before relaxing)
 .debug_str     0x0000000000000629       0xe3 ./User/ch32v20x_it.o
                                        0x6a5 (size before relaxing)
 .debug_str     0x000000000000070c     0x110a ./User/main.o
                                       0x182d (size before relaxing)
 .debug_str     0x0000000000001816      0x30a ./User/param_table.o
                                        0xa95 (size before relaxing)
 .debug_str     0x0000000000001b20      0x1b0 ./User/rtc.o
                                        0x829 (size before relaxing)
 .debug_str     0x0000000000001cd0      0x3b2 ./User/strip_detect.o
                                        0xf82 (size before relaxing)
 .debug_str     0x0000000000002082       0xf2 ./User/system_ch32v20x.o
                                        0x6bf (size before relaxing)
 .debug_str     0x0000000000002174       0x33 ./User/system_state.o
                                        0x6a1 (size before relaxing)
 .debug_str     0x00000000000021a7      0x3a7 ./User/uart_protocol.o
                                        0xc7c (size before relaxing)
 .debug_str     0x000000000000254e       0x33 ./User/uart_protocol_stubs.o
                                        0x7be (size before relaxing)
 .debug_str     0x0000000000002581       0x2d ./Startup/startup_ch32v20x_D6.o
                                         0x76 (size before relaxing)
 .debug_str     0x00000000000025ae      0x40e ./Peripheral/src/ch32v20x_adc.o
                                        0xc37 (size before relaxing)
 .debug_str     0x00000000000029bc      0x376 ./Peripheral/src/ch32v20x_bkp.o
                                        0xac5 (size before relaxing)
 .debug_str     0x0000000000002d32       0xcb ./Peripheral/src/ch32v20x_dma.o
                                        0x813 (size before relaxing)
 .debug_str     0x0000000000002dfd      0x497 ./Peripheral/src/ch32v20x_flash.o
                                        0xb3f (size before relaxing)
 .debug_str     0x0000000000003294      0x236 ./Peripheral/src/ch32v20x_gpio.o
                                        0x9dc (size before relaxing)
 .debug_str     0x00000000000034ca       0x9c ./Peripheral/src/ch32v20x_misc.o
                                        0xa9e (size before relaxing)
 .debug_str     0x0000000000003566       0x56 ./Peripheral/src/ch32v20x_opa.o
                                        0x6db (size before relaxing)
 .debug_str     0x00000000000035bc      0x1a0 ./Peripheral/src/ch32v20x_pwr.o
                                        0x87c (size before relaxing)
 .debug_str     0x000000000000375c      0x34c ./Peripheral/src/ch32v20x_rcc.o
                                        0xaee (size before relaxing)
 .debug_str     0x0000000000003aa8      0x14b ./Peripheral/src/ch32v20x_rtc.o
                                        0x826 (size before relaxing)
 .debug_str     0x0000000000003bf3      0x8bb ./Peripheral/src/ch32v20x_tim.o
                                       0x12d9 (size before relaxing)
 .debug_str     0x00000000000044ae      0x2dd ./Peripheral/src/ch32v20x_usart.o
                                        0xb0a (size before relaxing)
 .debug_str     0x000000000000478b       0x6b ./Debug/debug.o
                                        0x931 (size before relaxing)

.comment        0x0000000000000000       0x32
 .comment       0x0000000000000000       0x32 ./User/Calculation.o
                                         0x33 (size before relaxing)
 .comment       0x0000000000000032       0x33 ./User/ch32v20x_it.o
 .comment       0x0000000000000032       0x33 ./User/main.o
 .comment       0x0000000000000032       0x33 ./User/param_table.o
 .comment       0x0000000000000032       0x33 ./User/rtc.o
 .comment       0x0000000000000032       0x33 ./User/strip_detect.o
 .comment       0x0000000000000032       0x33 ./User/system_ch32v20x.o
 .comment       0x0000000000000032       0x33 ./User/system_state.o
 .comment       0x0000000000000032       0x33 ./User/uart_protocol.o
 .comment       0x0000000000000032       0x33 ./User/uart_protocol_stubs.o
 .comment       0x0000000000000032       0x33 ./Peripheral/src/ch32v20x_adc.o
 .comment       0x0000000000000032       0x33 ./Peripheral/src/ch32v20x_bkp.o
 .comment       0x0000000000000032       0x33 ./Peripheral/src/ch32v20x_dma.o
 .comment       0x0000000000000032       0x33 ./Peripheral/src/ch32v20x_flash.o
 .comment       0x0000000000000032       0x33 ./Peripheral/src/ch32v20x_gpio.o
 .comment       0x0000000000000032       0x33 ./Peripheral/src/ch32v20x_misc.o
 .comment       0x0000000000000032       0x33 ./Peripheral/src/ch32v20x_opa.o
 .comment       0x0000000000000032       0x33 ./Peripheral/src/ch32v20x_pwr.o
 .comment       0x0000000000000032       0x33 ./Peripheral/src/ch32v20x_rcc.o
 .comment       0x0000000000000032       0x33 ./Peripheral/src/ch32v20x_rtc.o
 .comment       0x0000000000000032       0x33 ./Peripheral/src/ch32v20x_tim.o
 .comment       0x0000000000000032       0x33 ./Peripheral/src/ch32v20x_usart.o
 .comment       0x0000000000000032       0x33 ./Debug/debug.o
 .comment       0x0000000000000032       0x33 /Applications/MounRiver Studio 2.app/Contents/Resources/app/resources/darwin/components/WCH/Toolchain/RISC-V Embedded GCC/bin/../lib/gcc/riscv-none-embed/8.2.0/rv32imacxw/ilp32/libgcc.a(addsf3.o)
 .comment       0x0000000000000032       0x33 /Applications/MounRiver Studio 2.app/Contents/Resources/app/resources/darwin/components/WCH/Toolchain/RISC-V Embedded GCC/bin/../lib/gcc/riscv-none-embed/8.2.0/rv32imacxw/ilp32/libgcc.a(divsf3.o)
 .comment       0x0000000000000032       0x33 /Applications/MounRiver Studio 2.app/Contents/Resources/app/resources/darwin/components/WCH/Toolchain/RISC-V Embedded GCC/bin/../lib/gcc/riscv-none-embed/8.2.0/rv32imacxw/ilp32/libgcc.a(gesf2.o)
 .comment       0x0000000000000032       0x33 /Applications/MounRiver Studio 2.app/Contents/Resources/app/resources/darwin/components/WCH/Toolchain/RISC-V Embedded GCC/bin/../lib/gcc/riscv-none-embed/8.2.0/rv32imacxw/ilp32/libgcc.a(lesf2.o)
 .comment       0x0000000000000032       0x33 /Applications/MounRiver Studio 2.app/Contents/Resources/app/resources/darwin/components/WCH/Toolchain/RISC-V Embedded GCC/bin/../lib/gcc/riscv-none-embed/8.2.0/rv32imacxw/ilp32/libgcc.a(mulsf3.o)
 .comment       0x0000000000000032       0x33 /Applications/MounRiver Studio 2.app/Contents/Resources/app/resources/darwin/components/WCH/Toolchain/RISC-V Embedded GCC/bin/../lib/gcc/riscv-none-embed/8.2.0/rv32imacxw/ilp32/libgcc.a(subsf3.o)
 .comment       0x0000000000000032       0x33 /Applications/MounRiver Studio 2.app/Contents/Resources/app/resources/darwin/components/WCH/Toolchain/RISC-V Embedded GCC/bin/../lib/gcc/riscv-none-embed/8.2.0/rv32imacxw/ilp32/libgcc.a(fixunssfsi.o)
 .comment       0x0000000000000032       0x33 /Applications/MounRiver Studio 2.app/Contents/Resources/app/resources/darwin/components/WCH/Toolchain/RISC-V Embedded GCC/bin/../lib/gcc/riscv-none-embed/8.2.0/rv32imacxw/ilp32/libgcc.a(floatunsisf.o)
 .comment       0x0000000000000032       0x33 /Applications/MounRiver Studio 2.app/Contents/Resources/app/resources/darwin/components/WCH/Toolchain/RISC-V Embedded GCC/bin/../lib/gcc/riscv-none-embed/8.2.0/rv32imacxw/ilp32/libgcc.a(extendsfdf2.o)
 .comment       0x0000000000000032       0x33 /Applications/MounRiver Studio 2.app/Contents/Resources/app/resources/darwin/components/WCH/Toolchain/RISC-V Embedded GCC/bin/../lib/gcc/riscv-none-embed/8.2.0/rv32imacxw/ilp32/libgcc.a(_clzsi2.o)
 .comment       0x0000000000000032       0x33 /Applications/MounRiver Studio 2.app/Contents/Resources/app/resources/darwin/components/WCH/Toolchain/RISC-V Embedded GCC/bin/../lib/gcc/riscv-none-embed/8.2.0/rv32imacxw/ilp32/libgcc.a(_clz.o)

.debug_frame    0x0000000000000000     0x2b68
 .debug_frame   0x0000000000000000       0x44 ./User/Calculation.o
 .debug_frame   0x0000000000000044       0x30 ./User/ch32v20x_it.o
 .debug_frame   0x0000000000000074      0x1c8 ./User/main.o
 .debug_frame   0x000000000000023c      0x254 ./User/param_table.o
 .debug_frame   0x0000000000000490      0x100 ./User/rtc.o
 .debug_frame   0x0000000000000590      0x134 ./User/strip_detect.o
 .debug_frame   0x00000000000006c4       0x30 ./User/system_ch32v20x.o
 .debug_frame   0x00000000000006f4       0x40 ./User/system_state.o
 .debug_frame   0x0000000000000734      0x30c ./User/uart_protocol.o
 .debug_frame   0x0000000000000a40       0xbc ./User/uart_protocol_stubs.o
 .debug_frame   0x0000000000000afc      0x2b4 ./Peripheral/src/ch32v20x_adc.o
 .debug_frame   0x0000000000000db0       0xec ./Peripheral/src/ch32v20x_bkp.o
 .debug_frame   0x0000000000000e9c       0xcc ./Peripheral/src/ch32v20x_dma.o
 .debug_frame   0x0000000000000f68      0x380 ./Peripheral/src/ch32v20x_flash.o
 .debug_frame   0x00000000000012e8      0x170 ./Peripheral/src/ch32v20x_gpio.o
 .debug_frame   0x0000000000001458       0x30 ./Peripheral/src/ch32v20x_misc.o
 .debug_frame   0x0000000000001488       0x50 ./Peripheral/src/ch32v20x_opa.o
 .debug_frame   0x00000000000014d8       0xfc ./Peripheral/src/ch32v20x_pwr.o
 .debug_frame   0x00000000000015d4      0x254 ./Peripheral/src/ch32v20x_rcc.o
 .debug_frame   0x0000000000001828      0x12c ./Peripheral/src/ch32v20x_rtc.o
 .debug_frame   0x0000000000001954      0x614 ./Peripheral/src/ch32v20x_tim.o
 .debug_frame   0x0000000000001f68      0x1e4 ./Peripheral/src/ch32v20x_usart.o
 .debug_frame   0x000000000000214c       0xb8 ./Debug/debug.o
 .debug_frame   0x0000000000002204       0x30 /Applications/MounRiver Studio 2.app/Contents/Resources/app/resources/darwin/components/WCH/Toolchain/RISC-V Embedded GCC/bin/../lib/gcc/riscv-none-embed/8.2.0/../../../../riscv-none-embed/lib/rv32imacxw/ilp32/libg_nano.a(lib_a-malloc.o)
 .debug_frame   0x0000000000002234       0x20 /Applications/MounRiver Studio 2.app/Contents/Resources/app/resources/darwin/components/WCH/Toolchain/RISC-V Embedded GCC/bin/../lib/gcc/riscv-none-embed/8.2.0/../../../../riscv-none-embed/lib/rv32imacxw/ilp32/libg_nano.a(lib_a-memcpy.o)
 .debug_frame   0x0000000000002254       0x40 /Applications/MounRiver Studio 2.app/Contents/Resources/app/resources/darwin/components/WCH/Toolchain/RISC-V Embedded GCC/bin/../lib/gcc/riscv-none-embed/8.2.0/../../../../riscv-none-embed/lib/rv32imacxw/ilp32/libg_nano.a(lib_a-nano-freer.o)
 .debug_frame   0x0000000000002294       0x40 /Applications/MounRiver Studio 2.app/Contents/Resources/app/resources/darwin/components/WCH/Toolchain/RISC-V Embedded GCC/bin/../lib/gcc/riscv-none-embed/8.2.0/../../../../riscv-none-embed/lib/rv32imacxw/ilp32/libg_nano.a(lib_a-nano-mallocr.o)
 .debug_frame   0x00000000000022d4       0x54 /Applications/MounRiver Studio 2.app/Contents/Resources/app/resources/darwin/components/WCH/Toolchain/RISC-V Embedded GCC/bin/../lib/gcc/riscv-none-embed/8.2.0/../../../../riscv-none-embed/lib/rv32imacxw/ilp32/libg_nano.a(lib_a-printf.o)