Archive member included to satisfy reference by file (symbol)

/Applications/MounRiver Studio 2.app/Contents/Resources/app/resources/darwin/components/WCH/Toolchain/RISC-V Embedded GCC/bin/../lib/gcc/riscv-none-embed/8.2.0/rv32imacxw/ilp32/libgcc.a(addsf3.o)
                              ./User/Calculation.o (__addsf3)
/Applications/MounRiver Studio 2.app/Contents/Resources/app/resources/darwin/components/WCH/Toolchain/RISC-V Embedded GCC/bin/../lib/gcc/riscv-none-embed/8.2.0/rv32imacxw/ilp32/libgcc.a(divsf3.o)
                              ./User/Calculation.o (__divsf3)
/Applications/MounRiver Studio 2.app/Contents/Resources/app/resources/darwin/components/WCH/Toolchain/RISC-V Embedded GCC/bin/../lib/gcc/riscv-none-embed/8.2.0/rv32imacxw/ilp32/libgcc.a(gesf2.o)
                              ./User/Calculation.o (__gtsf2)
/Applications/MounRiver Studio 2.app/Contents/Resources/app/resources/darwin/components/WCH/Toolchain/RISC-V Embedded GCC/bin/../lib/gcc/riscv-none-embed/8.2.0/rv32imacxw/ilp32/libgcc.a(lesf2.o)
                              ./User/Calculation.o (__ltsf2)
/Applications/MounRiver Studio 2.app/Contents/Resources/app/resources/darwin/components/WCH/Toolchain/RISC-V Embedded GCC/bin/../lib/gcc/riscv-none-embed/8.2.0/rv32imacxw/ilp32/libgcc.a(mulsf3.o)
                              ./User/Calculation.o (__mulsf3)
/Applications/MounRiver Studio 2.app/Contents/Resources/app/resources/darwin/components/WCH/Toolchain/RISC-V Embedded GCC/bin/../lib/gcc/riscv-none-embed/8.2.0/rv32imacxw/ilp32/libgcc.a(subsf3.o)
                              ./User/Calculation.o (__subsf3)
/Applications/MounRiver Studio 2.app/Contents/Resources/app/resources/darwin/components/WCH/Toolchain/RISC-V Embedded GCC/bin/../lib/gcc/riscv-none-embed/8.2.0/rv32imacxw/ilp32/libgcc.a(fixunssfsi.o)
                              ./User/Calculation.o (__fixunssfsi)
/Applications/MounRiver Studio 2.app/Contents/Resources/app/resources/darwin/components/WCH/Toolchain/RISC-V Embedded GCC/bin/../lib/gcc/riscv-none-embed/8.2.0/rv32imacxw/ilp32/libgcc.a(floatunsisf.o)
                              ./User/Calculation.o (__floatunsisf)
/Applications/MounRiver Studio 2.app/Contents/Resources/app/resources/darwin/components/WCH/Toolchain/RISC-V Embedded GCC/bin/../lib/gcc/riscv-none-embed/8.2.0/rv32imacxw/ilp32/libgcc.a(extendsfdf2.o)
                              ./User/Calculation.o (__extendsfdf2)
/Applications/MounRiver Studio 2.app/Contents/Resources/app/resources/darwin/components/WCH/Toolchain/RISC-V Embedded GCC/bin/../lib/gcc/riscv-none-embed/8.2.0/rv32imacxw/ilp32/libgcc.a(save-restore.o)
                              ./User/main.o (__riscv_save_9)
/Applications/MounRiver Studio 2.app/Contents/Resources/app/resources/darwin/components/WCH/Toolchain/RISC-V Embedded GCC/bin/../lib/gcc/riscv-none-embed/8.2.0/rv32imacxw/ilp32/libgcc.a(_clzsi2.o)
                              /Applications/MounRiver Studio 2.app/Contents/Resources/app/resources/darwin/components/WCH/Toolchain/RISC-V Embedded GCC/bin/../lib/gcc/riscv-none-embed/8.2.0/rv32imacxw/ilp32/libgcc.a(addsf3.o) (__clzsi2)
/Applications/MounRiver Studio 2.app/Contents/Resources/app/resources/darwin/components/WCH/Toolchain/RISC-V Embedded GCC/bin/../lib/gcc/riscv-none-embed/8.2.0/rv32imacxw/ilp32/libgcc.a(_clz.o)
                              /Applications/MounRiver Studio 2.app/Contents/Resources/app/resources/darwin/components/WCH/Toolchain/RISC-V Embedded GCC/bin/../lib/gcc/riscv-none-embed/8.2.0/rv32imacxw/ilp32/libgcc.a(_clzsi2.o) (__clz_tab)
/Applications/MounRiver Studio 2.app/Contents/Resources/app/resources/darwin/components/WCH/Toolchain/RISC-V Embedded GCC/bin/../lib/gcc/riscv-none-embed/8.2.0/../../../../riscv-none-embed/lib/rv32imacxw/ilp32/libg_nano.a(lib_a-malloc.o)
                              ./User/main.o (malloc)
/Applications/MounRiver Studio 2.app/Contents/Resources/app/resources/darwin/components/WCH/Toolchain/RISC-V Embedded GCC/bin/../lib/gcc/riscv-none-embed/8.2.0/../../../../riscv-none-embed/lib/rv32imacxw/ilp32/libg_nano.a(lib_a-memcpy.o)
                              ./User/main.o (memcpy)
/Applications/MounRiver Studio 2.app/Contents/Resources/app/resources/darwin/components/WCH/Toolchain/RISC-V Embedded GCC/bin/../lib/gcc/riscv-none-embed/8.2.0/../../../../riscv-none-embed/lib/rv32imacxw/ilp32/libg_nano.a(lib_a-memset.o)
                              ./User/main.o (memset)
/Applications/MounRiver Studio 2.app/Contents/Resources/app/resources/darwin/components/WCH/Toolchain/RISC-V Embedded GCC/bin/../lib/gcc/riscv-none-embed/8.2.0/../../../../riscv-none-embed/lib/rv32imacxw/ilp32/libg_nano.a(lib_a-nano-freer.o)
                              /Applications/MounRiver Studio 2.app/Contents/Resources/app/resources/darwin/components/WCH/Toolchain/RISC-V Embedded GCC/bin/../lib/gcc/riscv-none-embed/8.2.0/../../../../riscv-none-embed/lib/rv32imacxw/ilp32/libg_nano.a(lib_a-malloc.o) (_free_r)
[...]
Memory Configuration

Name             Origin             Length             Attributes
FLASH            0x0000000000000000 0x0000000000010000 xr
RAM              0x0000000020000000 0x0000000000005000 xrw
*default*        0x0000000000000000 0xffffffffffffffff

Linker script and memory map

LOAD ./User/Calculation.o
LOAD ./User/ch32v20x_it.o
LOAD ./User/main.o
LOAD ./User/param_table.o
LOAD ./User/rtc.o
LOAD ./User/strip_detect.o
LOAD ./User/system_ch32v20x.o
LOAD ./User/system_state.o
LOAD ./User/uart_protocol.o
LOAD ./User/uart_protocol_stubs.o
LOAD ./Startup/startup_ch32v20x_D6.o
LOAD ./Peripheral/src/ch32v20x_adc.o
LOAD ./Peripheral/src/ch32v20x_bkp.o
LOAD ./Peripheral/src/ch32v20x_can.o
LOAD ./Peripheral/src/ch32v20x_crc.o
LOAD ./Peripheral/src/ch32v20x_dbgmcu.o
LOAD ./Peripheral/src/ch32v20x_dma.o
LOAD ./Peripheral/src/ch32v20x_exti.o
LOAD ./Peripheral/src/ch32v20x_flash.o
LOAD ./Peripheral/src/ch32v20x_gpio.o
LOAD ./Peripheral/src/ch32v20x_i2c.o
LOAD ./Peripheral/src/ch32v20x_iwdg.o
LOAD ./Peripheral/src/ch32v20x_misc.o
LOAD ./Peripheral/src/ch32v20x_opa.o
LOAD ./Peripheral/src/ch32v20x_pwr.o
LOAD ./Peripheral/src/ch32v20x_rcc.o
LOAD ./Peripheral/src/ch32v20x_rtc.o
LOAD ./Peripheral/src/ch32v20x_spi.o
LOAD ./Peripheral/src/ch32v20x_tim.o
LOAD ./Peripheral/src/ch32v20x_usart.o
LOAD ./Peripheral/src/ch32v20x_wwdg.o
LOAD ./Debug/debug.o
LOAD ./Core/core_riscv.o
LOAD /Applications/MounRiver Studio 2.app/Contents/Resources/app/resources/darwin/components/WCH/Toolchain/RISC-V Embedded GCC/bin/../lib/gcc/riscv-none-embed/8.2.0/rv32imacxw/ilp32/libgcc.a
LOAD /Applications/MounRiver Studio 2.app/Contents/Resources/app/resources/darwin/components/WCH/Toolchain/RISC-V Embedded GCC/bin/../lib/gcc/riscv-none-embed/8.2.0/../../../../riscv-none-embed/lib/rv32imacxw/ilp32/libg_nano.a
LOAD /Applications/MounRiver Studio 2.app/Contents/Resources/app/resources/darwin/components/WCH/Toolchain/RISC-V Embedded GCC/bin/../lib/gcc/riscv-none-embed/8.2.0/../../../../riscv-none-embed/lib/rv32imacxw/ilp32/libc_nano.a
LOAD /Applications/MounRiver Studio 2.app/Contents/Resources/app/resources/darwin/components/WCH/Toolchain/RISC-V Embedded GCC/bin/../lib/gcc/riscv-none-embed/8.2.0/rv32imacxw/ilp32/libgcc.a
START GROUP
LOAD /Applications/MounRiver Studio 2.app/Contents/Resources/app/resources/darwin/components/WCH/Toolchain/RISC-V Embedded GCC/bin/../lib/gcc/riscv-none-embed/8.2.0/rv32imacxw/ilp32/libgcc.a
LOAD /Applications/MounRiver Studio 2.app/Contents/Resources/app/resources/darwin/components/WCH/Toolchain/RISC-V Embedded GCC/bin/../lib/gcc/riscv-none-embed/8.2.0/../../../../riscv-none-embed/lib/rv32imacxw/ilp32/libc_nano.a
LOAD /Applications/MounRiver Studio 2.app/Contents/Resources/app/resources/darwin/components/WCH/Toolchain/RISC-V Embedded GCC/bin/../lib/gcc/riscv-none-embed/8.2.0/../../../../riscv-none-embed/lib/rv32imacxw/ilp32/libnosys.a
END GROUP
START GROUP
LOAD /Applications/MounRiver Studio 2.app/Contents/Resources/app/resources/darwin/components/WCH/Toolchain/RISC-V Embedded GCC/bin/../lib/gcc/riscv-none-embed/8.2.0/rv32imacxw/ilp32/libgcc.a
LOAD /Applications/MounRiver Studio 2.app/Contents/Resources/app/resources/darwin/components/WCH/Toolchain/RISC-V Embedded GCC/bin/../lib/gcc/riscv-none-embed/8.2.0/../../../../riscv-none-embed/lib/rv32imacxw/ilp32/libc_nano.a
LOAD /Applications/MounRiver Studio 2.app/Contents/Resources/app/resources/darwin/components/WCH/Toolchain/RISC-V Embedded GCC/bin/../lib/gcc/riscv-none-embed/8.2.0/../../../../riscv-none-embed/lib/rv32imacxw/ilp32/libnosys.a
END GROUP
                0x0000000000000800                __stack_size = 0x800
                [!provide]                        PROVIDE (_stack_size = __stack_size)

.init           0x0000000000000000        0x4
                0x0000000000000000                _sinit = .
                0x0000000000000000                . = ALIGN (0x4)
 *(SORT_NONE(.init))
 .init          0x0000000000000000        0x4 ./Startup/startup_ch32v20x_D6.o
                0x0000000000000000                _start
                0x0000000000000004                . = ALIGN (0x4)
                0x0000000000000004                _einit = .

.vector         0x0000000000000004       0xfc
 *(.vector)
 .vector        0x0000000000000004       0xfc ./Startup/startup_ch32v20x_D6.o
                0x0000000000000100                . = ALIGN (0x40)

.text           0x0000000000000100     0x5fe4
                0x0000000000000100                . = ALIGN (0x4)
 *(.text)
 .text          0x0000000000000100       0x60 /Applications/MounRiver Studio 2.app/Contents/Resources/app/resources/darwin/components/WCH/Toolchain/RISC-V Embedded GCC/bin/../lib/gcc/riscv-none-embed/8.2.0/rv32imacxw/ilp32/libgcc.a(save-restore.o)
                0x0000000000000100                __riscv_save_12
                0x0000000000000108                __riscv_save_10
                0x0000000000000108                __riscv_save_8
                0x0000000000000108                __riscv_save_11
                0x0000000000000108                __riscv_save_9
                0x0000000000000116                __riscv_save_4
                0x0000000000000116                __riscv_save_7
                0x0000000000000116                __riscv_save_6
                0x0000000000000116                __riscv_save_5
                0x0000000000000130                __riscv_save_3
                0x0000000000000130                __riscv_save_2
                0x0000000000000130                __riscv_save_0
                0x0000000000000130                __riscv_save_1
                0x000000000000013c                __riscv_restore_12
                0x0000000000000140                __riscv_restore_8
                0x0000000000000140                __riscv_restore_10
                0x0000000000000140                __riscv_restore_9
                0x0000000000000140                __riscv_restore_11
                0x000000000000014a                __riscv_restore_5
                0x000000000000014a                __riscv_restore_7
                0x000000000000014a                __riscv_restore_4
                0x000000000000014a                __riscv_restore_6
                0x0000000000000154                __riscv_restore_3
                0x0000000000000154                __riscv_restore_1
                0x0000000000000154                __riscv_restore_0
                0x0000000000000154                __riscv_restore_2
 .text          0x0000000000000160       0xa8 /Applications/MounRiver Studio 2.app/Contents/Resources/app/resources/darwin/components/WCH/Toolchain/RISC-V Embedded GCC/bin/../lib/gcc/riscv-none-embed/8.2.0/../../../../riscv-none-embed/lib/rv32imacxw/ilp32/libg_nano.a(lib_a-memset.o)
                0x0000000000000160                memset
 *(.text.*)
 .text.CalGlucose
                0x0000000000000208      0x188 ./User/Calculation.o
                0x0000000000000208                CalGlucose
 .text.NMI_Handler
                0x0000000000000390        0x2 ./User/ch32v20x_it.o
                0x0000000000000390                NMI_Handler
 .text.HardFault_Handler
                0x0000000000000392       0x10 ./User/ch32v20x_it.o
                0x0000000000000392                HardFault_Handler
 .text.GetMidADC
                0x00000000000003a2      0x10a ./User/main.o
                0x00000000000003a2                GetMidADC
 .text.USARTx_CFG
                0x00000000000004ac       0xa4 ./User/main.o
                0x00000000000004ac                USARTx_CFG
 .text.DMA_INIT
                0x0000000000000550       0x96 ./User/main.o
                0x0000000000000550                DMA_INIT
 .text.ring_buffer_push_huge
                0x00000000000005e6       0x9a ./User/main.o
                0x00000000000005e6                ring_buffer_push_huge
 .text.OPA2_Init
                0x0000000000000680       0x62 ./User/main.o
                0x0000000000000680                OPA2_Init
 .text.TIM1_PWM_Init
                0x00000000000006e2       0xde ./User/main.o
                0x00000000000006e2                TIM1_PWM_Init
 .text.State_Process
                0x00000000000007c0      0x434 ./User/main.o
                0x00000000000007c0                State_Process
 .text.startup.main
                0x0000000000000bf4      0x110 ./User/main.o
                0x0000000000000bf4                main
 .text.USART2_IRQHandler
                0x0000000000000d04       0xd0 ./User/main.o
                0x0000000000000d04                USART2_IRQHandler
 .text.DMA1_Channel6_IRQHandler
                0x0000000000000dd4       0x90 ./User/main.o
                0x0000000000000dd4                DMA1_Channel6_IRQHandler
 .text.PARAM_GetByte
                0x0000000000000e64       0x16 ./User/param_table.o
                0x0000000000000e64                PARAM_GetByte
 .text.PARAM_SetByte
                0x0000000000000e7a       0x12 ./User/param_table.o
                0x0000000000000e7a                PARAM_SetByte
 .text.PARAM_GetWord
                0x0000000000000e8c       0x1c ./User/param_table.o
                0x0000000000000e8c                PARAM_GetWord
 .text.PARAM_SetWord
                0x0000000000000ea8       0x16 ./User/param_table.o
                0x0000000000000ea8                PARAM_SetWord
 .text.PARAM_VerifyChecksum
                0x0000000000000ebe       0x34 ./User/param_table.o
                0x0000000000000ebe                PARAM_VerifyChecksum
 .text.PARAM_UpdateChecksum
                0x0000000000000ef2       0x3e ./User/param_table.o
                0x0000000000000ef2                PARAM_UpdateChecksum
 .text.PARAM_SaveToFlash
                0x0000000000000f30       0x3a ./User/param_table.o
                0x0000000000000f30                PARAM_SaveToFlash
 .text.PARAM_LoadFromFlash
                0x0000000000000f6a       0x26 ./User/param_table.o
                0x0000000000000f6a                PARAM_LoadFromFlash
 .text.PARAM_SetDefault
                0x0000000000000f90      0x13c ./User/param_table.o
                0x0000000000000f90                PARAM_SetDefault
 .text.PARAM_Init
                0x00000000000010cc       0x2e ./User/param_table.o
                0x00000000000010cc                PARAM_Init
 .text.StripType_GetName
                0x00000000000010fa       0x20 ./User/param_table.o
                0x00000000000010fa                StripType_GetName
 .text.Unit_GetSymbol
                0x000000000000111a       0x20 ./User/param_table.o
                0x000000000000111a                Unit_GetSymbol
 .text.PARAM_GetDateTime
                0x000000000000113a       0x42 ./User/param_table.o
                0x000000000000113a                PARAM_GetDateTime
 .text.PARAM_SetDateTime
                0x000000000000117c       0x6a ./User/param_table.o
                0x000000000000117c                PARAM_SetDateTime
 .text.PARAM_GetStripParameters
                0x00000000000011e6       0x5a ./User/param_table.o
                0x00000000000011e6                PARAM_GetStripParameters
 .text.PARAM_GetTimingParameters
                0x0000000000001240       0xe2 ./User/param_table.o
                0x0000000000001240                PARAM_GetTimingParameters
 .text.RTC_SetTime
                0x0000000000001322       0xca ./User/rtc.o
                0x0000000000001322                RTC_SetTime
 .text.RTC_GetTime
                0x00000000000013ec       0xa6 ./User/rtc.o
                0x00000000000013ec                RTC_GetTime
 .text.RTC_SyncWithParam
                0x0000000000001492       0x4c ./User/rtc.o
                0x0000000000001492                RTC_SyncWithParam
 .text.RTC_Init
                0x00000000000014de       0x5e ./User/rtc.o
                0x00000000000014de                RTC_Init
 .text.RTC_UpdateParam
                0x000000000000153c       0x62 ./User/rtc.o
                0x000000000000153c                RTC_UpdateParam
 .text.RTC_Config
                0x000000000000159e       0x76 ./User/rtc.o
                0x000000000000159e                RTC_Config
 .text.STRIP_DETECT_DetermineStripType
                0x0000000000001614       0x62 ./User/strip_detect.o
 .text.STRIP_DETECT_UpdateWPWMDuty
                0x0000000000001676       0x60 ./User/strip_detect.o
 .text.STRIP_DETECT_ReadADC.constprop.0
                0x00000000000016d6       0x3a ./User/strip_detect.o
 .text.STRIP_DETECT_Init
                0x0000000000001710       0xdc ./User/strip_detect.o
                0x0000000000001710                STRIP_DETECT_Init
 .text.STRIP_DETECT_Process
                0x00000000000017ec      0x114 ./User/strip_detect.o
                0x00000000000017ec                STRIP_DETECT_Process
 .text.STRIP_DETECT_HandleInsertedEvent
                0x0000000000001900       0xa2 ./User/strip_detect.o
                0x0000000000001900                STRIP_DETECT_HandleInsertedEvent
 .text.STRIP_DETECT_GetStripType
                0x00000000000019a2        0xa ./User/strip_detect.o
                0x00000000000019a2                STRIP_DETECT_GetStripType
 .text.STRIP_DETECT_SetPinStatus
                0x00000000000019ac        0xe ./User/strip_detect.o
                0x00000000000019ac                STRIP_DETECT_SetPinStatus
 .text.SystemInit
                0x00000000000019ba       0x8e ./User/system_ch32v20x.o
                0x00000000000019ba                SystemInit
 .text.System_SetState
                0x0000000000001a48       0x24 ./User/system_state.o
                0x0000000000001a48                System_SetState
 .text.System_GetState
                0x0000000000001a6c        0x6 ./User/system_state.o
                0x0000000000001a6c                System_GetState
 .text.UART_Protocol_Init
                0x0000000000001a72       0x44 ./User/uart_protocol.o
                0x0000000000001a72                UART_Protocol_Init
 .text.UART_CalculateChecksum
                0x0000000000001ab6       0x22 ./User/uart_protocol.o
                0x0000000000001ab6                UART_CalculateChecksum
 .text.UART_SendPacket.part.1
                0x0000000000001ad8       0x8a ./User/uart_protocol.o
 .text.UART_VerifyChecksum
                0x0000000000001b62       0x2c ./User/uart_protocol.o
                0x0000000000001b62                UART_VerifyChecksum
 .text.UART_SendPacket
                0x0000000000001b8e       0x16 ./User/uart_protocol.o
                0x0000000000001b8e                UART_SendPacket
 .text.UART_SendSyncTimeAck
                0x0000000000001ba4       0x18 ./User/uart_protocol.o
                0x0000000000001ba4                UART_SendSyncTimeAck
 .text.UART_SendStatusAck
                0x0000000000001bbc       0x48 ./User/uart_protocol.o
                0x0000000000001bbc                UART_SendStatusAck
 .text.UART_SendParamAck
                0x0000000000001c04       0x1a ./User/uart_protocol.o
                0x0000000000001c04                UART_SendParamAck
 .text.UART_SendBloodNotify
                0x0000000000001c1e       0x1a ./User/uart_protocol.o
                0x0000000000001c1e                UART_SendBloodNotify
 .text.UART_SendResultAck
                0x0000000000001c38       0xb4 ./User/uart_protocol.o
                0x0000000000001c38                UART_SendResultAck
 .text.UART_SendRawDataAck
                0x0000000000001cec      0x146 ./User/uart_protocol.o
                0x0000000000001cec                UART_SendRawDataAck
 .text.UART_SendErrorAck
                0x0000000000001e32       0x1c ./User/uart_protocol.o
                0x0000000000001e32                UART_SendErrorAck
 .text.UART_ProcessSyncTime
                0x0000000000001e4e       0xfe ./User/uart_protocol.o
                0x0000000000001e4e                UART_ProcessSyncTime
 .text.UART_ProcessGetStatus
                0x0000000000001f4c       0x36 ./User/uart_protocol.o
                0x0000000000001f4c                UART_ProcessGetStatus
 .text.UART_ProcessSetParam
                0x0000000000001f82       0x4e ./User/uart_protocol.o
                0x0000000000001f82                UART_ProcessSetParam
 .text.UART_ProcessCheckBlood
                0x0000000000001fd0       0x56 ./User/uart_protocol.o
                0x0000000000001fd0                UART_ProcessCheckBlood
 .text.UART_ProcessGetResult
                0x0000000000002026       0x4e ./User/uart_protocol.o
                0x0000000000002026                UART_ProcessGetResult
 .text.UART_ProcessGetRawData
                0x0000000000002074       0x44 ./User/uart_protocol.o
                0x0000000000002074                UART_ProcessGetRawData
 .text.UART2_Receive_Byte_ISR
                0x00000000000020b8       0xee ./User/uart_protocol.o
                0x00000000000020b8                UART2_Receive_Byte_ISR
 .text.UART_ProcessStripInsertedCmd
                0x00000000000021a6       0x82 ./User/uart_protocol.o
                0x00000000000021a6                UART_ProcessStripInsertedCmd
 .text.UART_ProcessPacket
                0x0000000000002228       0x98 ./User/uart_protocol.o
                0x0000000000002228                UART_ProcessPacket
 .text.UART_Protocol_Process
                0x00000000000022c0       0x46 ./User/uart_protocol.o
                0x00000000000022c0                UART_Protocol_Process
 .text.UART_SendStripTypeAck
                0x0000000000002306       0x3c ./User/uart_protocol.o
                0x0000000000002306                UART_SendStripTypeAck
 .text.Get_Battery_Voltage
                0x0000000000002342        0xe ./User/uart_protocol_stubs.o
                0x0000000000002342                Get_Battery_Voltage
 .text.Get_Temperature
                0x0000000000002350        0x6 ./User/uart_protocol_stubs.o
                0x0000000000002350                Get_Temperature
 .text.Check_Strip_Status
                0x0000000000002356        0x4 ./User/uart_protocol_stubs.o
                0x0000000000002356                Check_Strip_Status
 .text.Check_Blood_Status
                0x000000000000235a       0x20 ./User/uart_protocol_stubs.o
                0x000000000000235a                Check_Blood_Status
 .text.Get_Test_Data
                0x000000000000237a       0x84 ./User/uart_protocol_stubs.o
                0x000000000000237a                Get_Test_Data
 .text.Get_Raw_Test_Data
                0x00000000000023fe       0x94 ./User/uart_protocol_stubs.o
                0x00000000000023fe                Get_Raw_Test_Data
 .text.vector_handler
                0x0000000000002492        0x2 ./Startup/startup_ch32v20x_D6.o
                0x0000000000002492                USBWakeUp_IRQHandler
                0x0000000000002492                TIM1_CC_IRQHandler
                0x0000000000002492                SysTick_Handler
                0x0000000000002492                PVD_IRQHandler
                0x0000000000002492                EXTI3_IRQHandler
                0x0000000000002492                USBFS_IRQHandler
                0x0000000000002492                EXTI0_IRQHandler
                0x0000000000002492                I2C2_EV_IRQHandler
                0x0000000000002492                ADC1_2_IRQHandler
                0x0000000000002492                Break_Point_Handler
                0x0000000000002492                SPI1_IRQHandler
                0x0000000000002492                TAMPER_IRQHandler
                0x0000000000002492                Ecall_M_Mode_Handler
                0x0000000000002492                DMA1_Channel4_IRQHandler
                0x0000000000002492                USART3_IRQHandler
                0x0000000000002492                RTC_IRQHandler
                0x0000000000002492                DMA1_Channel7_IRQHandler
                0x0000000000002492                CAN1_RX1_IRQHandler
                0x0000000000002492                TIM4_IRQHandler
                0x0000000000002492                I2C1_EV_IRQHandler
                0x0000000000002492                UART4_IRQHandler
                0x0000000000002492                TIM3_IRQHandler
                0x0000000000002492                RCC_IRQHandler
                0x0000000000002492                TIM1_TRG_COM_IRQHandler
                0x0000000000002492                DMA1_Channel1_IRQHandler
                0x0000000000002492                EXTI15_10_IRQHandler
                0x0000000000002492                DMA1_Channel8_IRQHandler
                0x0000000000002492                EXTI9_5_IRQHandler
                0x0000000000002492                SPI2_IRQHandler
                0x0000000000002492                DMA1_Channel5_IRQHandler
                0x0000000000002492                EXTI4_IRQHandler
                0x0000000000002492                USB_LP_CAN1_RX0_IRQHandler
                0x0000000000002492                USB_HP_CAN1_TX_IRQHandler
                0x0000000000002492                DMA1_Channel3_IRQHandler
                0x0000000000002492                TIM1_UP_IRQHandler
                0x0000000000002492                WWDG_IRQHandler
                0x0000000000002492                Ecall_U_Mode_Handler
                0x0000000000002492                TIM2_IRQHandler
                0x0000000000002492                SW_Handler
                0x0000000000002492                TIM1_BRK_IRQHandler
                0x0000000000002492                EXTI1_IRQHandler
                0x0000000000002492                RTCAlarm_IRQHandler
                0x0000000000002492                I2C2_ER_IRQHandler
                0x0000000000002492                DMA1_Channel2_IRQHandler
                0x0000000000002492                CAN1_SCE_IRQHandler
                0x0000000000002492                FLASH_IRQHandler
                0x0000000000002492                USBFSWakeUp_IRQHandler
                0x0000000000002492                USART1_IRQHandler
                0x0000000000002492                I2C1_ER_IRQHandler
                0x0000000000002492                EXTI2_IRQHandler
 .text.handle_reset
                0x0000000000002494       0x86 ./Startup/startup_ch32v20x_D6.o
                0x0000000000002494                handle_reset
 .text.ADC_DeInit
                0x000000000000251a       0x40 ./Peripheral/src/ch32v20x_adc.o
                0x000000000000251a                ADC_DeInit
 .text.ADC_Init
                0x000000000000255a       0x56 ./Peripheral/src/ch32v20x_adc.o
                0x000000000000255a                ADC_Init
 .text.ADC_Cmd  0x00000000000025b0       0x10 ./Peripheral/src/ch32v20x_adc.o
                0x00000000000025b0                ADC_Cmd
 .text.ADC_ResetCalibration
                0x00000000000025c0        0xa ./Peripheral/src/ch32v20x_adc.o
                0x00000000000025c0                ADC_ResetCalibration
 .text.ADC_GetResetCalibrationStatus
                0x00000000000025ca        0x8 ./Peripheral/src/ch32v20x_adc.o
                0x00000000000025ca                ADC_GetResetCalibrationStatus
 .text.ADC_StartCalibration
                0x00000000000025d2        0xa ./Peripheral/src/ch32v20x_adc.o
                0x00000000000025d2                ADC_StartCalibration
 .text.ADC_GetCalibrationStatus
                0x00000000000025dc        0x8 ./Peripheral/src/ch32v20x_adc.o
                0x00000000000025dc                ADC_GetCalibrationStatus
 .text.ADC_SoftwareStartConvCmd
                0x00000000000025e4       0x18 ./Peripheral/src/ch32v20x_adc.o
                0x00000000000025e4                ADC_SoftwareStartConvCmd
 .text.ADC_RegularChannelConfig
                0x00000000000025fc       0xb8 ./Peripheral/src/ch32v20x_adc.o
                0x00000000000025fc                ADC_RegularChannelConfig
 .text.ADC_GetConversionValue
                0x00000000000026b4        0x8 ./Peripheral/src/ch32v20x_adc.o
                0x00000000000026b4                ADC_GetConversionValue
 .text.ADC_GetFlagStatus
                0x00000000000026bc        0xa ./Peripheral/src/ch32v20x_adc.o
                0x00000000000026bc                ADC_GetFlagStatus
 .text.BKP_DeInit
                0x00000000000026c6       0x10 ./Peripheral/src/ch32v20x_bkp.o
                0x00000000000026c6                BKP_DeInit
 .text.BKP_WriteBackupRegister
                0x00000000000026d6       0x1c ./Peripheral/src/ch32v20x_bkp.o
                0x00000000000026d6                BKP_WriteBackupRegister
 .text.BKP_ReadBackupRegister
                0x00000000000026f2       0x1c ./Peripheral/src/ch32v20x_bkp.o
                0x00000000000026f2                BKP_ReadBackupRegister
 .text.DMA_DeInit
                0x000000000000270e       0x9c ./Peripheral/src/ch32v20x_dma.o
                0x000000000000270e                DMA_DeInit
 .text.DMA_Init
                0x00000000000027aa       0x38 ./Peripheral/src/ch32v20x_dma.o
                0x00000000000027aa                DMA_Init
 .text.DMA_Cmd  0x00000000000027e2       0x14 ./Peripheral/src/ch32v20x_dma.o
                0x00000000000027e2                DMA_Cmd
 .text.DMA_ITConfig
                0x00000000000027f6       0x12 ./Peripheral/src/ch32v20x_dma.o
                0x00000000000027f6                DMA_ITConfig
 .text.DMA_SetCurrDataCounter
                0x0000000000002808        0x4 ./Peripheral/src/ch32v20x_dma.o
                0x0000000000002808                DMA_SetCurrDataCounter
 .text.DMA_ClearITPendingBit
                0x000000000000280c        0x8 ./Peripheral/src/ch32v20x_dma.o
                0x000000000000280c                DMA_ClearITPendingBit
 .text.FLASH_Unlock
                0x0000000000002814       0x1a ./Peripheral/src/ch32v20x_flash.o
                0x0000000000002814                FLASH_Unlock
 .text.FLASH_Lock
                0x000000000000282e        0xe ./Peripheral/src/ch32v20x_flash.o
                0x000000000000282e                FLASH_Lock
 .text.FLASH_GetBank1Status
                0x000000000000283c       0x18 ./Peripheral/src/ch32v20x_flash.o
                0x000000000000283c                FLASH_GetBank1Status
 .text.FLASH_WaitForLastOperation
                0x0000000000002854       0x24 ./Peripheral/src/ch32v20x_flash.o
                0x0000000000002854                FLASH_WaitForLastOperation
 .text.FLASH_ErasePage
                0x0000000000002878       0x3c ./Peripheral/src/ch32v20x_flash.o
                0x0000000000002878                FLASH_ErasePage
 .text.FLASH_ProgramHalfWord
                0x00000000000028b4       0x38 ./Peripheral/src/ch32v20x_flash.o
                0x00000000000028b4                FLASH_ProgramHalfWord
 .text.GPIO_Init
                0x00000000000028ec       0xf2 ./Peripheral/src/ch32v20x_gpio.o
                0x00000000000028ec                GPIO_Init
 .text.GPIO_SetBits
                0x00000000000029de       0x14 ./Peripheral/src/ch32v20x_gpio.o
                0x00000000000029de                GPIO_SetBits
 .text.GPIO_ResetBits
                0x00000000000029f2       0x14 ./Peripheral/src/ch32v20x_gpio.o
                0x00000000000029f2                GPIO_ResetBits
 .text.NVIC_PriorityGroupConfig
                0x0000000000002a06        0x6 ./Peripheral/src/ch32v20x_misc.o
                0x0000000000002a06                NVIC_PriorityGroupConfig
 .text.NVIC_Init
                0x0000000000002a0c       0x54 ./Peripheral/src/ch32v20x_misc.o
                0x0000000000002a0c                NVIC_Init
 .text.OPA_Init
                0x0000000000002a60       0x36 ./Peripheral/src/ch32v20x_opa.o
                0x0000000000002a60                OPA_Init
 .text.OPA_Cmd  0x0000000000002a96       0x2c ./Peripheral/src/ch32v20x_opa.o
                0x0000000000002a96                OPA_Cmd
 .text.PWR_BackupAccessCmd
                0x0000000000002ac2       0x16 ./Peripheral/src/ch32v20x_pwr.o
                0x0000000000002ac2                PWR_BackupAccessCmd
 .text.RCC_ADCCLKConfig
                0x0000000000002ad8       0x12 ./Peripheral/src/ch32v20x_rcc.o
                0x0000000000002ad8                RCC_ADCCLKConfig
 .text.RCC_LSICmd
                0x0000000000002aea       0x14 ./Peripheral/src/ch32v20x_rcc.o
                0x0000000000002aea                RCC_LSICmd
 .text.RCC_RTCCLKConfig
                0x0000000000002afe        0xc ./Peripheral/src/ch32v20x_rcc.o
                0x0000000000002afe                RCC_RTCCLKConfig
 .text.RCC_RTCCLKCmd
                0x0000000000002b0a       0x20 ./Peripheral/src/ch32v20x_rcc.o
                0x0000000000002b0a                RCC_RTCCLKCmd
 .text.RCC_GetClocksFreq
                0x0000000000002b2a       0xbe ./Peripheral/src/ch32v20x_rcc.o
                0x0000000000002b2a                RCC_GetClocksFreq
 .text.RCC_AHBPeriphClockCmd
                0x0000000000002be8       0x1e ./Peripheral/src/ch32v20x_rcc.o
                0x0000000000002be8                RCC_AHBPeriphClockCmd
 .text.RCC_APB2PeriphClockCmd
                0x0000000000002c06       0x1e ./Peripheral/src/ch32v20x_rcc.o
                0x0000000000002c06                RCC_APB2PeriphClockCmd
 .text.RCC_APB1PeriphClockCmd
                0x0000000000002c24       0x1e ./Peripheral/src/ch32v20x_rcc.o
                0x0000000000002c24                RCC_APB1PeriphClockCmd
 .text.RCC_APB2PeriphResetCmd
                0x0000000000002c42       0x1e ./Peripheral/src/ch32v20x_rcc.o
                0x0000000000002c42                RCC_APB2PeriphResetCmd
 .text.RCC_BackupResetCmd
                0x0000000000002c60       0x20 ./Peripheral/src/ch32v20x_rcc.o
                0x0000000000002c60                RCC_BackupResetCmd
 .text.RCC_GetFlagStatus
                0x0000000000002c80       0x2e ./Peripheral/src/ch32v20x_rcc.o
                0x0000000000002c80                RCC_GetFlagStatus
 .text.RTC_ITConfig
                0x0000000000002cae       0x1a ./Peripheral/src/ch32v20x_rtc.o
                0x0000000000002cae                RTC_ITConfig
 .text.RTC_EnterConfigMode
                0x0000000000002cc8       0x12 ./Peripheral/src/ch32v20x_rtc.o
                0x0000000000002cc8                RTC_EnterConfigMode
 .text.RTC_ExitConfigMode
                0x0000000000002cda       0x18 ./Peripheral/src/ch32v20x_rtc.o
                0x0000000000002cda                RTC_ExitConfigMode
 .text.RTC_GetCounter
                0x0000000000002cf2       0x5a ./Peripheral/src/ch32v20x_rtc.o
                0x0000000000002cf2                RTC_GetCounter
 .text.RTC_SetCounter
                0x0000000000002d4c       0x2c ./Peripheral/src/ch32v20x_rtc.o
                0x0000000000002d4c                RTC_SetCounter
 .text.RTC_SetPrescaler
                0x0000000000002d78       0x2e ./Peripheral/src/ch32v20x_rtc.o
                0x0000000000002d78                RTC_SetPrescaler
 .text.RTC_WaitForLastTask
                0x0000000000002da6       0x10 ./Peripheral/src/ch32v20x_rtc.o
                0x0000000000002da6                RTC_WaitForLastTask
 .text.RTC_WaitForSynchro
                0x0000000000002db6       0x24 ./Peripheral/src/ch32v20x_rtc.o
                0x0000000000002db6                RTC_WaitForSynchro
 .text.TIM_TimeBaseInit
                0x0000000000002dda       0x6a ./Peripheral/src/ch32v20x_tim.o
                0x0000000000002dda                TIM_TimeBaseInit
 .text.TIM_OC3Init
                0x0000000000002e44       0x94 ./Peripheral/src/ch32v20x_tim.o
                0x0000000000002e44                TIM_OC3Init
 .text.TIM_BDTRConfig
                0x0000000000002ed8       0x20 ./Peripheral/src/ch32v20x_tim.o
                0x0000000000002ed8                TIM_BDTRConfig
 .text.TIM_Cmd  0x0000000000002ef8       0x18 ./Peripheral/src/ch32v20x_tim.o
                0x0000000000002ef8                TIM_Cmd
 .text.TIM_CtrlPWMOutputs
                0x0000000000002f10       0x16 ./Peripheral/src/ch32v20x_tim.o
                0x0000000000002f10                TIM_CtrlPWMOutputs
 .text.TIM_ARRPreloadConfig
                0x0000000000002f26       0x1a ./Peripheral/src/ch32v20x_tim.o
                0x0000000000002f26                TIM_ARRPreloadConfig
 .text.TIM_OC3PreloadConfig
                0x0000000000002f40        0xe ./Peripheral/src/ch32v20x_tim.o
                0x0000000000002f40                TIM_OC3PreloadConfig
 .text.TIM_SetCompare3
                0x0000000000002f4e        0x4 ./Peripheral/src/ch32v20x_tim.o
                0x0000000000002f4e                TIM_SetCompare3
 .text.USART_Init
                0x0000000000002f52       0x90 ./Peripheral/src/ch32v20x_usart.o
                0x0000000000002f52                USART_Init
 .text.USART_Cmd
                0x0000000000002fe2       0x16 ./Peripheral/src/ch32v20x_usart.o
                0x0000000000002fe2                USART_Cmd
 .text.USART_ITConfig
                0x0000000000002ff8       0x36 ./Peripheral/src/ch32v20x_usart.o
                0x0000000000002ff8                USART_ITConfig
 .text.USART_DMACmd
                0x000000000000302e       0x12 ./Peripheral/src/ch32v20x_usart.o
                0x000000000000302e                USART_DMACmd
 .text.USART_SendData
                0x0000000000003040        0x8 ./Peripheral/src/ch32v20x_usart.o
                0x0000000000003040                USART_SendData
 .text.USART_ReceiveData
                0x0000000000003048        0x8 ./Peripheral/src/ch32v20x_usart.o
                0x0000000000003048                USART_ReceiveData
 .text.USART_GetFlagStatus
                0x0000000000003050        0xa ./Peripheral/src/ch32v20x_usart.o
                0x0000000000003050                USART_GetFlagStatus
 .text.USART_GetITStatus
                0x000000000000305a       0x3c ./Peripheral/src/ch32v20x_usart.o
                0x000000000000305a                USART_GetITStatus
 .text.Delay_Init
                0x0000000000003096       0x2a ./Debug/debug.o
                0x0000000000003096                Delay_Init
 .text.Delay_Us
                0x00000000000030c0       0x36 ./Debug/debug.o
                0x00000000000030c0                Delay_Us
 .text.Delay_Ms
                0x00000000000030f6       0x36 ./Debug/debug.o
                0x00000000000030f6                Delay_Ms
 .text.USART_Printf_Init
                0x000000000000312c       0x5a ./Debug/debug.o
                0x000000000000312c                USART_Printf_Init
 .text._write   0x0000000000003186       0x3e ./Debug/debug.o
                0x0000000000003186                _write
 .text._sbrk    0x00000000000031c4       0x26 ./Debug/debug.o
                0x00000000000031c4                _sbrk
 .text.__addsf3
                0x00000000000031ea      0x36a /Applications/MounRiver Studio 2.app/Contents/Resources/app/resources/darwin/components/WCH/Toolchain/RISC-V Embedded GCC/bin/../lib/gcc/riscv-none-embed/8.2.0/rv32imacxw/ilp32/libgcc.a(addsf3.o)
                0x00000000000031ea                __addsf3
 .text.__divsf3
                0x0000000000003554      0x2b2 /Applications/MounRiver Studio 2.app/Contents/Resources/app/resources/darwin/components/WCH/Toolchain/RISC-V Embedded GCC/bin/../lib/gcc/riscv-none-embed/8.2.0/rv32imacxw/ilp32/libgcc.a(divsf3.o)
                0x0000000000003554                __divsf3
 .text.__gesf2  0x0000000000003806       0x86 /Applications/MounRiver Studio 2.app/Contents/Resources/app/resources/darwin/components/WCH/Toolchain/RISC-V Embedded GCC/bin/../lib/gcc/riscv-none-embed/8.2.0/rv32imacxw/ilp32/libgcc.a(gesf2.o)
                0x0000000000003806                __gtsf2
                0x0000000000003806                __gesf2
 .text.__lesf2  0x000000000000388c       0x8c /Applications/MounRiver Studio 2.app/Contents/Resources/app/resources/darwin/components/WCH/Toolchain/RISC-V Embedded GCC/bin/../lib/gcc/riscv-none-embed/8.2.0/rv32imacxw/ilp32/libgcc.a(lesf2.o)
                0x000000000000388c                __lesf2
                0x000000000000388c                __ltsf2
 .text.__mulsf3
                0x0000000000003918      0x290 /Applications/MounRiver Studio 2.app/Contents/Resources/app/resources/darwin/components/WCH/Toolchain/RISC-V Embedded GCC/bin/../lib/gcc/riscv-none-embed/8.2.0/rv32imacxw/ilp32/libgcc.a(mulsf3.o)
                0x0000000000003918                __mulsf3
 .text.__subsf3
                0x0000000000003ba8      0x388 /Applications/MounRiver Studio 2.app/Contents/Resources/app/resources/darwin/components/WCH/Toolchain/RISC-V Embedded GCC/bin/../lib/gcc/riscv-none-embed/8.2.0/rv32imacxw/ilp32/libgcc.a(subsf3.o)
                0x0000000000003ba8                __subsf3
 .text.__fixunssfsi
                0x0000000000003f30       0x56 /Applications/MounRiver Studio 2.app/Contents/Resources/app/resources/darwin/components/WCH/Toolchain/RISC-V Embedded GCC/bin/../lib/gcc/riscv-none-embed/8.2.0/rv32imacxw/ilp32/libgcc.a(fixunssfsi.o)
                0x0000000000003f30                __fixunssfsi
 .text.__floatunsisf
                0x0000000000003f86       0xce /Applications/MounRiver Studio 2.app/Contents/Resources/app/resources/darwin/components/WCH/Toolchain/RISC-V Embedded GCC/bin/../lib/gcc/riscv-none-embed/8.2.0/rv32imacxw/ilp32/libgcc.a(floatunsisf.o)
                0x0000000000003f86                __floatunsisf
 .text.__extendsfdf2
                0x0000000000004054       0xac /Applications/MounRiver Studio 2.app/Contents/Resources/app/resources/darwin/components/WCH/Toolchain/RISC-V Embedded GCC/bin/../lib/gcc/riscv-none-embed/8.2.0/rv32imacxw/ilp32/libgcc.a(extendsfdf2.o)
                0x0000000000004054                __extendsfdf2
 .text.__clzsi2
                0x0000000000004100       0x6e /Applications/MounRiver Studio 2.app/Contents/Resources/app/resources/darwin/components/WCH/Toolchain/RISC-V Embedded GCC/bin/../lib/gcc/riscv-none-embed/8.2.0/rv32imacxw/ilp32/libgcc.a(_clzsi2.o)
                0x0000000000004100                __clzsi2
 .text.malloc   0x000000000000416e        0xa /Applications/MounRiver Studio 2.app/Contents/Resources/app/resources/darwin/components/WCH/Toolchain/RISC-V Embedded GCC/bin/../lib/gcc/riscv-none-embed/8.2.0/../../../../riscv-none-embed/lib/rv32imacxw/ilp32/libg_nano.a(lib_a-malloc.o)
                0x000000000000416e                malloc
 .text.free     0x0000000000004178        0xa /Applications/MounRiver Studio 2.app/Contents/Resources/app/resources/darwin/components/WCH/Toolchain/RISC-V Embedded GCC/bin/../lib/gcc/riscv-none-embed/8.2.0/../../../../riscv-none-embed/lib/rv32imacxw/ilp32/libg_nano.a(lib_a-malloc.o)
                0x0000000000004178                free
 .text.memcpy   0x0000000000004182       0xb2 /Applications/MounRiver Studio 2.app/Contents/Resources/app/resources/darwin/components/WCH/Toolchain/RISC-V Embedded GCC/bin/../lib/gcc/riscv-none-embed/8.2.0/../../../../riscv-none-embed/lib/rv32imacxw/ilp32/libg_nano.a(lib_a-memcpy.o)
                0x0000000000004182                memcpy
 .text._free_r  0x0000000000004234       0xa8 /Applications/MounRiver Studio 2.app/Contents/Resources/app/resources/darwin/components/WCH/Toolchain/RISC-V Embedded GCC/bin/../lib/gcc/riscv-none-embed/8.2.0/../../../../riscv-none-embed/lib/rv32imacxw/ilp32/libg_nano.a(lib_a-nano-freer.o)
                0x0000000000004234                _free_r
 .text._malloc_r
                0x00000000000042dc       0xd4 /Applications/MounRiver Studio 2.app/Contents/Resources/app/resources/darwin/components/WCH/Toolchain/RISC-V Embedded GCC/bin/../lib/gcc/riscv-none-embed/8.2.0/../../../../riscv-none-embed/lib/rv32imacxw/ilp32/libg_nano.a(lib_a-nano-mallocr.o)
                0x00000000000042dc                _malloc_r
 .text.printf   0x00000000000043b0       0x40 /Applications/MounRiver Studio 2.app/Contents/Resources/app/resources/darwin/components/WCH/Toolchain/RISC-V Embedded GCC/bin/../lib/gcc/riscv-none-embed/8.2.0/../../../../riscv-none-embed/lib/rv32imacxw/ilp32/libg_nano.a(lib_a-printf.o)
                0x00000000000043b0                printf
                0x00000000000043b0                iprintf
 .text._puts_r  0x00000000000043f0       0xd4 /Applications/MounRiver Studio 2.app/Contents/Resources/app/resources/darwin/components/WCH/Toolchain/RISC-V Embedded GCC/bin/../lib/gcc/riscv-none-embed/8.2.0/../../../../riscv-none-embed/lib/rv32imacxw/ilp32/libg_nano.a(lib_a-puts.o)
                0x00000000000043f0                _puts_r
 .text.puts     0x00000000000044c4        0xc /Applications/MounRiver Studio 2.app/Contents/Resources/app/resources/darwin/components/WCH/Toolchain/RISC-V Embedded GCC/bin/../lib/gcc/riscv-none-embed/8.2.0/../../../../riscv-none-embed/lib/rv32imacxw/ilp32/libg_nano.a(lib_a-puts.o)
                0x00000000000044c4                puts
 .text._sbrk_r  0x00000000000044d0       0x2a /Applications/MounRiver Studio 2.app/Contents/Resources/app/resources/darwin/components/WCH/Toolchain/RISC-V Embedded GCC/bin/../lib/gcc/riscv-none-embed/8.2.0/../../../../riscv-none-embed/lib/rv32imacxw/ilp32/libg_nano.a(lib_a-sbrkr.o)
                0x00000000000044d0                _sbrk_r
 .text.__swbuf_r
                0x00000000000044fa       0xbc /Applications/MounRiver Studio 2.app/Contents/Resources/app/resources/darwin/components/WCH/Toolchain/RISC-V Embedded GCC/bin/../lib/gcc/riscv-none-embed/8.2.0/../../../../riscv-none-embed/lib/rv32imacxw/ilp32/libg_nano.a(lib_a-wbuf.o)
                0x00000000000044fa                __swbuf_r
 .text.__swsetup_r
                0x00000000000045b6       0xfe /Applications/MounRiver Studio 2.app/Contents/Resources/app/resources/darwin/components/WCH/Toolchain/RISC-V Embedded GCC/bin/../lib/gcc/riscv-none-embed/8.2.0/../../../../riscv-none-embed/lib/rv32imacxw/ilp32/libg_nano.a(lib_a-wsetup.o)
                0x00000000000045b6                __swsetup_r
 .text.__sflush_r
                0x00000000000046b4      0x132 /Applications/MounRiver Studio 2.app/Contents/Resources/app/resources/darwin/components/WCH/Toolchain/RISC-V Embedded GCC/bin/../lib/gcc/riscv-none-embed/8.2.0/../../../../riscv-none-embed/lib/rv32imacxw/ilp32/libg_nano.a(lib_a-fflush.o)
                0x00000000000046b4                __sflush_r
 .text._fflush_r
                0x00000000000047e6       0x66 /Applications/MounRiver Studio 2.app/Contents/Resources/app/resources/darwin/components/WCH/Toolchain/RISC-V Embedded GCC/bin/../lib/gcc/riscv-none-embed/8.2.0/../../../../riscv-none-embed/lib/rv32imacxw/ilp32/libg_nano.a(lib_a-fflush.o)
                0x00000000000047e6                _fflush_r
 .text.std      0x000000000000484c       0x66 /Applications/MounRiver Studio 2.app/Contents/Resources/app/resources/darwin/components/WCH/Toolchain/RISC-V Embedded GCC/bin/../lib/gcc/riscv-none-embed/8.2.0/../../../../riscv-none-embed/lib/rv32imacxw/ilp32/libg_nano.a(lib_a-findfp.o)
 .text._cleanup_r
                0x00000000000048b2        0xa /Applications/MounRiver Studio 2.app/Contents/Resources/app/resources/darwin/components/WCH/Toolchain/RISC-V Embedded GCC/bin/../lib/gcc/riscv-none-embed/8.2.0/../../../../riscv-none-embed/lib/rv32imacxw/ilp32/libg_nano.a(lib_a-findfp.o)
                0x00000000000048b2                _cleanup_r
 .text.__sfmoreglue
                0x00000000000048bc       0x48 /Applications/MounRiver Studio 2.app/Contents/Resources/app/resources/darwin/components/WCH/Toolchain/RISC-V Embedded GCC/bin/../lib/gcc/riscv-none-embed/8.2.0/../../../../riscv-none-embed/lib/rv32imacxw/ilp32/libg_nano.a(lib_a-findfp.o)
                0x00000000000048bc                __sfmoreglue
 .text.__sinit  0x0000000000004904       0x6c /Applications/MounRiver Studio 2.app/Contents/Resources/app/resources/darwin/components/WCH/Toolchain/RISC-V Embedded GCC/bin/../lib/gcc/riscv-none-embed/8.2.0/../../../../riscv-none-embed/lib/rv32imacxw/ilp32/libg_nano.a(lib_a-findfp.o)
                0x0000000000004904                __sinit
 .text.__sfp    0x0000000000004970       0xa0 /Applications/MounRiver Studio 2.app/Contents/Resources/app/resources/darwin/components/WCH/Toolchain/RISC-V Embedded GCC/bin/../lib/gcc/riscv-none-embed/8.2.0/../../../../riscv-none-embed/lib/rv32imacxw/ilp32/libg_nano.a(lib_a-findfp.o)
                0x0000000000004970                __sfp
 .text._fwalk_reent
                0x0000000000004a10       0x6a /Applications/MounRiver Studio 2.app/Contents/Resources/app/resources/darwin/components/WCH/Toolchain/RISC-V Embedded GCC/bin/../lib/gcc/riscv-none-embed/8.2.0/../../../../riscv-none-embed/lib/rv32imacxw/ilp32/libg_nano.a(lib_a-fwalk.o)
                0x0000000000004a10                _fwalk_reent
 .text.__swhatbuf_r
                0x0000000000004a7a       0x58 /Applications/MounRiver Studio 2.app/Contents/Resources/app/resources/darwin/components/WCH/Toolchain/RISC-V Embedded GCC/bin/../lib/gcc/riscv-none-embed/8.2.0/../../../../riscv-none-embed/lib/rv32imacxw/ilp32/libg_nano.a(lib_a-makebuf.o)
                0x0000000000004a7a                __swhatbuf_r
 .text.__smakebuf_r
                0x0000000000004ad2       0x94 /Applications/MounRiver Studio 2.app/Contents/Resources/app/resources/darwin/components/WCH/Toolchain/RISC-V Embedded GCC/bin/../lib/gcc/riscv-none-embed/8.2.0/../../../../riscv-none-embed/lib/rv32imacxw/ilp32/libg_nano.a(lib_a-makebuf.o)
                0x0000000000004ad2                __smakebuf_r
 .text.__malloc_lock
                0x0000000000004b66        0x2 /Applications/MounRiver Studio 2.app/Contents/Resources/app/resources/darwin/components/WCH/Toolchain/RISC-V Embedded GCC/bin/../lib/gcc/riscv-none-embed/8.2.0/../../../../riscv-none-embed/lib/rv32imacxw/ilp32/libg_nano.a(lib_a-mlock.o)
                0x0000000000004b66                __malloc_lock
 .text.__malloc_unlock
                0x0000000000004b68        0x2 /Applications/MounRiver Studio 2.app/Contents/Resources/app/resources/darwin/components/WCH/Toolchain/RISC-V Embedded GCC/bin/../lib/gcc/riscv-none-embed/8.2.0/../../../../riscv-none-embed/lib/rv32imacxw/ilp32/libg_nano.a(lib_a-mlock.o)
                0x0000000000004b68                __malloc_unlock
 .text.__sfputc_r
                0x0000000000004b6a       0x28 /Applications/MounRiver Studio 2.app/Contents/Resources/app/resources/darwin/components/WCH/Toolchain/RISC-V Embedded GCC/bin/../lib/gcc/riscv-none-embed/8.2.0/../../../../riscv-none-embed/lib/rv32imacxw/ilp32/libg_nano.a(lib_a-nano-vfprintf.o)
 .text.__sfputs_r
                0x0000000000004b92       0x42 /Applications/MounRiver Studio 2.app/Contents/Resources/app/resources/darwin/components/WCH/Toolchain/RISC-V Embedded GCC/bin/../lib/gcc/riscv-none-embed/8.2.0/../../../../riscv-none-embed/lib/rv32imacxw/ilp32/libg_nano.a(lib_a-nano-vfprintf.o)
                0x0000000000004b92                __sfputs_r
 .text._vfprintf_r
                0x0000000000004bd4      0x288 /Applications/MounRiver Studio 2.app/Contents/Resources/app/resources/darwin/components/WCH/Toolchain/RISC-V Embedded GCC/bin/../lib/gcc/riscv-none-embed/8.2.0/../../../../riscv-none-embed/lib/rv32imacxw/ilp32/libg_nano.a(lib_a-nano-vfprintf.o)
                0x0000000000004bd4                _vfiprintf_r
                0x0000000000004bd4                _vfprintf_r
 .text._printf_common
                0x0000000000004e5c      0x10c /Applications/MounRiver Studio 2.app/Contents/Resources/app/resources/darwin/components/WCH/Toolchain/RISC-V Embedded GCC/bin/../lib/gcc/riscv-none-embed/8.2.0/../../../../riscv-none-embed/lib/rv32imacxw/ilp32/libg_nano.a(lib_a-nano-vfprintf_i.o)
                0x0000000000004e5c                _printf_common
 .text._printf_i
                0x0000000000004f68      0x2a2 /Applications/MounRiver Studio 2.app/Contents/Resources/app/resources/darwin/components/WCH/Toolchain/RISC-V Embedded GCC/bin/../lib/gcc/riscv-none-embed/8.2.0/../../../../riscv-none-embed/lib/rv32imacxw/ilp32/libg_nano.a(lib_a-nano-vfprintf_i.o)
                0x0000000000004f68                _printf_i
 .text.__sread  0x000000000000520a       0x2c /Applications/MounRiver Studio 2.app/Contents/Resources/app/resources/darwin/components/WCH/Toolchain/RISC-V Embedded GCC/bin/../lib/gcc/riscv-none-embed/8.2.0/../../../../riscv-none-embed/lib/rv32imacxw/ilp32/libg_nano.a(lib_a-stdio.o)
                0x000000000000520a                __sread
 .text.__swrite
                0x0000000000005236       0x48 /Applications/MounRiver Studio 2.app/Contents/Resources/app/resources/darwin/components/WCH/Toolchain/RISC-V Embedded GCC/bin/../lib/gcc/riscv-none-embed/8.2.0/../../../../riscv-none-embed/lib/rv32imacxw/ilp32/libg_nano.a(lib_a-stdio.o)
                0x0000000000005236                __swrite
 .text.__sseek  0x000000000000527e       0x30 /Applications/MounRiver Studio 2.app/Contents/Resources/app/resources/darwin/components/WCH/Toolchain/RISC-V Embedded GCC/bin/../lib/gcc/riscv-none-embed/8.2.0/../../../../riscv-none-embed/lib/rv32imacxw/ilp32/libg_nano.a(lib_a-stdio.o)
                0x000000000000527e                __sseek
 .text.__sclose
                0x00000000000052ae        0x6 /Applications/MounRiver Studio 2.app/Contents/Resources/app/resources/darwin/components/WCH/Toolchain/RISC-V Embedded GCC/bin/../lib/gcc/riscv-none-embed/8.2.0/../../../../riscv-none-embed/lib/rv32imacxw/ilp32/libg_nano.a(lib_a-stdio.o)
                0x00000000000052ae                __sclose
 .text._write_r
                0x00000000000052b4       0x2e /Applications/MounRiver Studio 2.app/Contents/Resources/app/resources/darwin/components/WCH/Toolchain/RISC-V Embedded GCC/bin/../lib/gcc/riscv-none-embed/8.2.0/../../../../riscv-none-embed/lib/rv32imacxw/ilp32/libg_nano.a(lib_a-writer.o)
                0x00000000000052b4                _write_r
 .text._close_r
                0x00000000000052e2       0x28 /Applications/MounRiver Studio 2.app/Contents/Resources/app/resources/darwin/components/WCH/Toolchain/RISC-V Embedded GCC/bin/../lib/gcc/riscv-none-embed/8.2.0/../../../../riscv-none-embed/lib/rv32imacxw/ilp32/libg_nano.a(lib_a-closer.o)
                0x00000000000052e2                _close_r
 .text._fstat_r
                0x000000000000530a       0x2a /Applications/MounRiver Studio 2.app/Contents/Resources/app/resources/darwin/components/WCH/Toolchain/RISC-V Embedded GCC/bin/../lib/gcc/riscv-none-embed/8.2.0/../../../../riscv-none-embed/lib/rv32imacxw/ilp32/libg_nano.a(lib_a-fstatr.o)
                0x000000000000530a                _fstat_r
 .text._isatty_r
                0x0000000000005334       0x28 /Applications/MounRiver Studio 2.app/Contents/Resources/app/resources/darwin/components/WCH/Toolchain/RISC-V Embedded GCC/bin/../lib/gcc/riscv-none-embed/8.2.0/../../../../riscv-none-embed/lib/rv32imacxw/ilp32/libg_nano.a(lib_a-isattyr.o)
                0x0000000000005334                _isatty_r
 .text._lseek_r
                0x000000000000535c       0x2c /Applications/MounRiver Studio 2.app/Contents/Resources/app/resources/darwin/components/WCH/Toolchain/RISC-V Embedded GCC/bin/../lib/gcc/riscv-none-embed/8.2.0/../../../../riscv-none-embed/lib/rv32imacxw/ilp32/libg_nano.a(lib_a-lseekr.o)
                0x000000000000535c                _lseek_r
 .text.memchr   0x0000000000005388       0x18 /Applications/MounRiver Studio 2.app/Contents/Resources/app/resources/darwin/components/WCH/Toolchain/RISC-V Embedded GCC/bin/../lib/gcc/riscv-none-embed/8.2.0/../../../../riscv-none-embed/lib/rv32imacxw/ilp32/libg_nano.a(lib_a-memchr.o)
                0x0000000000005388                memchr
 .text._read_r  0x00000000000053a0       0x2c /Applications/MounRiver Studio 2.app/Contents/Resources/app/resources/darwin/components/WCH/Toolchain/RISC-V Embedded GCC/bin/../lib/gcc/riscv-none-embed/8.2.0/../../../../riscv-none-embed/lib/rv32imacxw/ilp32/libg_nano.a(lib_a-readr.o)
                0x00000000000053a0                _read_r
 .text._close   0x00000000000053cc        0xc /Applications/MounRiver Studio 2.app/Contents/Resources/app/resources/darwin/components/WCH/Toolchain/RISC-V Embedded GCC/bin/../lib/gcc/riscv-none-embed/8.2.0/../../../../riscv-none-embed/lib/rv32imacxw/ilp32/libnosys.a(close.o)
                0x00000000000053cc                _close
 .text._fstat   0x00000000000053d8        0xc /Applications/MounRiver Studio 2.app/Contents/Resources/app/resources/darwin/components/WCH/Toolchain/RISC-V Embedded GCC/bin/../lib/gcc/riscv-none-embed/8.2.0/../../../../riscv-none-embed/lib/rv32imacxw/ilp32/libnosys.a(fstat.o)
                0x00000000000053d8                _fstat
 .text._isatty  0x00000000000053e4        0xc /Applications/MounRiver Studio 2.app/Contents/Resources/app/resources/darwin/components/WCH/Toolchain/RISC-V Embedded GCC/bin/../lib/gcc/riscv-none-embed/8.2.0/../../../../riscv-none-embed/lib/rv32imacxw/ilp32/libnosys.a(isatty.o)
                0x00000000000053e4                _isatty
 .text._lseek   0x00000000000053f0        0xc /Applications/MounRiver Studio 2.app/Contents/Resources/app/resources/darwin/components/WCH/Toolchain/RISC-V Embedded GCC/bin/../lib/gcc/riscv-none-embed/8.2.0/../../../../riscv-none-embed/lib/rv32imacxw/ilp32/libnosys.a(lseek.o)
                0x00000000000053f0                _lseek
 .text._read    0x00000000000053fc        0xc /Applications/MounRiver Studio 2.app/Contents/Resources/app/resources/darwin/components/WCH/Toolchain/RISC-V Embedded GCC/bin/../lib/gcc/riscv-none-embed/8.2.0/../../../../riscv-none-embed/lib/rv32imacxw/ilp32/libnosys.a(read.o)
                0x00000000000053fc                _read
 *(.rodata)
 *fill*         0x0000000000005408        0x0 
 .rodata        0x0000000000005408        0xd ./User/rtc.o
 *(.rodata*)
 *fill*         0x0000000000005415        0x3 
 .rodata.CalGlucose.cst4
                0x0000000000005418       0x24 ./User/Calculation.o
 .rodata.CalGlucose.str1.4
                0x000000000000543c       0xd0 ./User/Calculation.o
 .rodata.State_Process
                0x000000000000550c       0x3c ./User/main.o
 .rodata.GetMidADC.str1.4
                0x0000000000005548       0x2a ./User/main.o
 *fill*         0x0000000000005572        0x2 
 .rodata.OPA2_Init.str1.4
                0x0000000000005574       0x12 ./User/main.o
 *fill*         0x0000000000005586        0x2 
 .rodata.State_Process.str1.4
                0x0000000000005588      0x33e ./User/main.o
 *fill*         0x00000000000058c6        0x2 
 .rodata.TIM1_PWM_Init.str1.4
                0x00000000000058c8       0x2b ./User/main.o
 *fill*         0x00000000000058f3        0x1 
 .rodata.main.str1.4
                0x00000000000058f4       0xe7 ./User/main.o
 *fill*         0x00000000000059db        0x1 
 .rodata.CSWTCH.10
                0x00000000000059dc        0xa ./User/param_table.o
 *fill*         0x00000000000059e6        0x2 
 .rodata.CSWTCH.11
                0x00000000000059e8        0xa ./User/param_table.o
 *fill*         0x00000000000059f2        0x2 
 .rodata.CSWTCH.12
                0x00000000000059f4        0xa ./User/param_table.o
 *fill*         0x00000000000059fe        0x2 
 .rodata.CSWTCH.4
                0x0000000000005a00       0x14 ./User/param_table.o
 .rodata.CSWTCH.5
                0x0000000000005a14        0xc ./User/param_table.o
 .rodata.PARAM_Init.str1.4
                0x0000000000005a20       0x5a ./User/param_table.o
 *fill*         0x0000000000005a7a        0x2 
 .rodata.StripType_GetName.str1.4
                0x0000000000005a7c        0x8 ./User/param_table.o
 .rodata.Unit_GetSymbol.str1.4
                0x0000000000005a84        0x2 ./User/param_table.o
 *fill*         0x0000000000005a86        0x2 
 .rodata.str1.4
                0x0000000000005a88       0x64 ./User/param_table.o
 .rodata.RTC_Config.str1.4
                0x0000000000005aec       0x57 ./User/rtc.o
 *fill*         0x0000000000005b43        0x1 
 .rodata.RTC_Init.str1.4
                0x0000000000005b44       0x11 ./User/rtc.o
 *fill*         0x0000000000005b55        0x3 
 .rodata.RTC_SetTime.str1.4
                0x0000000000005b58       0x2e ./User/rtc.o
 *fill*         0x0000000000005b86        0x2 
 .rodata.RTC_SyncWithParam.str1.4
                0x0000000000005b88       0x4d ./User/rtc.o
 *fill*         0x0000000000005bd5        0x3 
 .rodata.RTC_UpdateParam.str1.4
                0x0000000000005bd8       0x6a ./User/rtc.o
 *fill*         0x0000000000005c42        0x2 
 .rodata.STRIP_DETECT_UpdateWPWMDuty
                0x0000000000005c44       0x14 ./User/strip_detect.o
 .rodata.STRIP_DETECT_DetermineStripType.cst4
                0x0000000000005c58        0x4 ./User/strip_detect.o
 .rodata.STRIP_DETECT_HandleInsertedEvent.str1.4
                0x0000000000005c5c       0x3d ./User/strip_detect.o
 *fill*         0x0000000000005c99        0x3 
 .rodata.STRIP_DETECT_Init.str1.4
                0x0000000000005c9c       0x24 ./User/strip_detect.o
 .rodata.STRIP_DETECT_Process.cst4
                0x0000000000005cc0        0x8 ./User/strip_detect.o
 .rodata.STRIP_DETECT_Process.str1.4
                0x0000000000005cc8       0x7c ./User/strip_detect.o
 .rodata.System_SetState.str1.4
                0x0000000000005d44       0x19 ./User/system_state.o
 *fill*         0x0000000000005d5d        0x3 
 .rodata.UART2_Receive_Byte_ISR
                0x0000000000005d60       0x18 ./User/uart_protocol.o
 .rodata.UART_ProcessStripInsertedCmd.str1.4
                0x0000000000005d78       0xbc ./User/uart_protocol.o
 .rodata.UART_Protocol_Init.str1.4
                0x0000000000005e34       0x1b ./User/uart_protocol.o
 *fill*         0x0000000000005e4f        0x1 
 .rodata.UART_SendStripTypeAck.str1.4
                0x0000000000005e50       0x2c ./User/uart_protocol.o
 .rodata.Get_Raw_Test_Data.str1.4
                0x0000000000005e7c        0xb ./User/uart_protocol_stubs.o
 *fill*         0x0000000000005e87        0x1 
 .rodata.__divsf3
                0x0000000000005e88       0x80 /Applications/MounRiver Studio 2.app/Contents/Resources/app/resources/darwin/components/WCH/Toolchain/RISC-V Embedded GCC/bin/../lib/gcc/riscv-none-embed/8.2.0/rv32imacxw/ilp32/libgcc.a(divsf3.o)
 .rodata.__mulsf3
                0x0000000000005f08       0x40 /Applications/MounRiver Studio 2.app/Contents/Resources/app/resources/darwin/components/WCH/Toolchain/RISC-V Embedded GCC/bin/../lib/gcc/riscv-none-embed/8.2.0/rv32imacxw/ilp32/libgcc.a(mulsf3.o)
 .rodata.__clz_tab
                0x0000000000005f48      0x100 /Applications/MounRiver Studio 2.app/Contents/Resources/app/resources/darwin/components/WCH/Toolchain/RISC-V Embedded GCC/bin/../lib/gcc/riscv-none-embed/8.2.0/rv32imacxw/ilp32/libgcc.a(_clz.o)
                0x0000000000005f48                __clz_tab
 .rodata.__sf_fake_stderr
                0x0000000000006048       0x20 /Applications/MounRiver Studio 2.app/Contents/Resources/app/resources/darwin/components/WCH/Toolchain/RISC-V Embedded GCC/bin/../lib/gcc/riscv-none-embed/8.2.0/../../../../riscv-none-embed/lib/rv32imacxw/ilp32/libg_nano.a(lib_a-findfp.o)
                0x0000000000006048                __sf_fake_stderr
 .rodata.__sf_fake_stdin
                0x0000000000006068       0x20 /Applications/MounRiver Studio 2.app/Contents/Resources/app/resources/darwin/components/WCH/Toolchain/RISC-V Embedded GCC/bin/../lib/gcc/riscv-none-embed/8.2.0/../../../../riscv-none-embed/lib/rv32imacxw/ilp32/libg_nano.a(lib_a-findfp.o)
                0x0000000000006068                __sf_fake_stdin
 .rodata.__sf_fake_stdout
                0x0000000000006088       0x20 /Applications/MounRiver Studio 2.app/Contents/Resources/app/resources/darwin/components/WCH/Toolchain/RISC-V Embedded GCC/bin/../lib/gcc/riscv-none-embed/8.2.0/../../../../riscv-none-embed/lib/rv32imacxw/ilp32/libg_nano.a(lib_a-findfp.o)
                0x0000000000006088                __sf_fake_stdout
 .rodata._vfprintf_r.str1.4
                0x00000000000060a8       0x13 /Applications/MounRiver Studio 2.app/Contents/Resources/app/resources/darwin/components/WCH/Toolchain/RISC-V Embedded GCC/bin/../lib/gcc/riscv-none-embed/8.2.0/../../../../riscv-none-embed/lib/rv32imacxw/ilp32/libg_nano.a(lib_a-nano-vfprintf.o)
 *fill*         0x00000000000060bb        0x1 
 .rodata._printf_i.str1.4
                0x00000000000060bc       0x28 /Applications/MounRiver Studio 2.app/Contents/Resources/app/resources/darwin/components/WCH/Toolchain/RISC-V Embedded GCC/bin/../lib/gcc/riscv-none-embed/8.2.0/../../../../riscv-none-embed/lib/rv32imacxw/ilp32/libg_nano.a(lib_a-nano-vfprintf_i.o)
                                         0x25 (size before relaxing)
 *(.gnu.linkonce.t.*)
                0x00000000000060e4                . = ALIGN (0x4)

.rela.dyn       0x00000000000060e4        0x0
 .rela.init     0x00000000000060e4        0x0 ./User/Calculation.o
 .rela.vector   0x00000000000060e4        0x0 ./User/Calculation.o
 .rela.text.handle_reset
                0x00000000000060e4        0x0 ./User/Calculation.o
 .rela.text._sbrk
                0x00000000000060e4        0x0 ./User/Calculation.o
 .rela.sdata.curbrk.4652
                0x00000000000060e4        0x0 ./User/Calculation.o
 .rela.text._sbrk_r
                0x00000000000060e4        0x0 ./User/Calculation.o
 .rela.text._vfprintf_r
                0x00000000000060e4        0x0 ./User/Calculation.o
 .rela.text._write_r
                0x00000000000060e4        0x0 ./User/Calculation.o
 .rela.text._close_r
                0x00000000000060e4        0x0 ./User/Calculation.o
 .rela.text._fstat_r
                0x00000000000060e4        0x0 ./User/Calculation.o
 .rela.text._isatty_r
                0x00000000000060e4        0x0 ./User/Calculation.o
 .rela.text._lseek_r
                0x00000000000060e4        0x0 ./User/Calculation.o
 .rela.text._read_r
                0x00000000000060e4        0x0 ./User/Calculation.o
 .rela.text._close
                0x00000000000060e4        0x0 ./User/Calculation.o
 .rela.text._fstat
                0x00000000000060e4        0x0 ./User/Calculation.o
 .rela.text._isatty
                0x00000000000060e4        0x0 ./User/Calculation.o
 .rela.text._lseek
                0x00000000000060e4        0x0 ./User/Calculation.o
 .rela.text._read
                0x00000000000060e4        0x0 ./User/Calculation.o

.fini           0x00000000000060e4        0x0
 *(SORT_NONE(.fini))
                0x00000000000060e4                . = ALIGN (0x4)
                [!provide]                        PROVIDE (_etext = .)
                [!provide]                        PROVIDE (_eitcm = .)

.preinit_array  0x00000000000060e4        0x0
                [!provide]                        PROVIDE (__preinit_array_start = .)
 *(.preinit_array)
                [!provide]                        PROVIDE (__preinit_array_end = .)

.init_array     0x00000000000060e4        0x0
                [!provide]                        PROVIDE (__init_array_start = .)
 *(SORT_BY_INIT_PRIORITY(.init_array.*) SORT_BY_INIT_PRIORITY(.ctors.*))
 *(.init_array EXCLUDE_FILE(*crtend?.o *crtend.o *crtbegin?.o *crtbegin.o) .ctors)
                [!provide]                        PROVIDE (__init_array_end = .)

.fini_array     0x00000000000060e4        0x0
                [!provide]                        PROVIDE (__fini_array_start = .)
 *(SORT_BY_INIT_PRIORITY(.fini_array.*) SORT_BY_INIT_PRIORITY(.dtors.*))
 *(.fini_array EXCLUDE_FILE(*crtend?.o *crtend.o *crtbegin?.o *crtbegin.o) .dtors)
                [!provide]                        PROVIDE (__fini_array_end = .)

.ctors
 *crtbegin.o(.ctors)
 *crtbegin?.o(.ctors)
 *(EXCLUDE_FILE(*crtend?.o *crtend.o) .ctors)
 *(SORT_BY_NAME(.ctors.*))
 *(.ctors)

.dtors
 *crtbegin.o(.dtors)
 *crtbegin?.o(.dtors)
 *(EXCLUDE_FILE(*crtend?.o *crtend.o) .dtors)
 *(SORT_BY_NAME(.dtors.*))
 *(.dtors)

.dalign         0x0000000020000000        0x0 load address 0x00000000000060e4
                0x0000000020000000                . = ALIGN (0x4)
                0x0000000020000000                PROVIDE (_data_vma = .)

.dlalign        0x00000000000060e4        0x0
                0x00000000000060e4                . = ALIGN (0x4)
                0x00000000000060e4                PROVIDE (_data_lma = .)

.data           0x0000000020000000       0xb0 load address 0x00000000000060e4
 *(.gnu.linkonce.r.*)
 *(.data .data.*)
 .data.stripInfo
                0x0000000020000000       0x18 ./User/strip_detect.o
 .data.APBAHBPrescTable
                0x0000000020000018       0x10 ./Peripheral/src/ch32v20x_rcc.o
 .data.impure_data
                0x0000000020000028       0x60 /Applications/MounRiver Studio 2.app/Contents/Resources/app/resources/darwin/components/WCH/Toolchain/RISC-V Embedded GCC/bin/../lib/gcc/riscv-none-embed/8.2.0/../../../../riscv-none-embed/lib/rv32imacxw/ilp32/libg_nano.a(lib_a-impure.o)
 *(.gnu.linkonce.d.*)
                0x0000000020000088                . = ALIGN (0x8)
                0x0000000020000888                PROVIDE (__global_pointer$ = (. + 0x800))
 *(.sdata .sdata.*)
 .sdata.measureStep.5636
                0x0000000020000088        0x1 ./User/main.o
 *fill*         0x0000000020000089        0x3 
 .sdata.SystemCoreClock
                0x000000002000008c        0x4 ./User/system_ch32v20x.o
                0x000000002000008c                SystemCoreClock
 .sdata.blood_countdown
                0x0000000020000090        0x1 ./User/uart_protocol.o
 *fill*         0x0000000020000091        0x3 
 .sdata.ADCPrescTable
                0x0000000020000094        0x4 ./Peripheral/src/ch32v20x_rcc.o
 .sdata.curbrk.4652
                0x0000000020000098        0x4 ./Debug/debug.o
 .sdata._impure_ptr
                0x000000002000009c        0x4 /Applications/MounRiver Studio 2.app/Contents/Resources/app/resources/darwin/components/WCH/Toolchain/RISC-V Embedded GCC/bin/../lib/gcc/riscv-none-embed/8.2.0/../../../../riscv-none-embed/lib/rv32imacxw/ilp32/libg_nano.a(lib_a-impure.o)
                0x000000002000009c                _impure_ptr
 *(.sdata2.*)
 .sdata2.CSWTCH.1
                0x00000000200000a0        0x6 ./User/Calculation.o
 *fill*         0x00000000200000a6        0x2 
 .sdata2._global_impure_ptr
                0x00000000200000a8        0x4 /Applications/MounRiver Studio 2.app/Contents/Resources/app/resources/darwin/components/WCH/Toolchain/RISC-V Embedded GCC/bin/../lib/gcc/riscv-none-embed/8.2.0/../../../../riscv-none-embed/lib/rv32imacxw/ilp32/libg_nano.a(lib_a-impure.o)
                0x00000000200000a8                _global_impure_ptr
 *(.gnu.linkonce.s.*)
                0x00000000200000b0                . = ALIGN (0x8)
 *fill*         0x00000000200000ac        0x4 
 *(.srodata.cst16)
 *(.srodata.cst8)
 *(.srodata.cst4)
 *(.srodata.cst2)
 *(.srodata .srodata.*)
                0x00000000200000b0                . = ALIGN (0x4)
                0x00000000200000b0                PROVIDE (_edata = .)

.bss            0x00000000200000b0      0x8d8 load address 0x0000000000006194
                0x00000000200000b0                . = ALIGN (0x4)
                0x00000000200000b0                PROVIDE (_sbss = .)
 *(.sbss*)
 .sbss.wGlucose
                0x00000000200000b0        0x2 ./User/Calculation.o
                0x00000000200000b0                wGlucose
 .sbss.W_ADC    0x00000000200000b2        0x2 ./User/main.o
                0x00000000200000b2                W_ADC
 .sbss.calculationDone.5664
                0x00000000200000b4        0x1 ./User/main.o
 *fill*         0x00000000200000b5        0x1 
 .sbss.evWidth1.5638
                0x00000000200000b6        0x2 ./User/main.o
 .sbss.evWidth2.5641
                0x00000000200000b8        0x2 ./User/main.o
 *fill*         0x00000000200000ba        0x2 
 .sbss.lastState.5619
                0x00000000200000bc        0x4 ./User/main.o
 .sbss.parametersLoaded.5644
                0x00000000200000c0        0x1 ./User/main.o
 *fill*         0x00000000200000c1        0x3 
 .sbss.stepStartTime.5637
                0x00000000200000c4        0x4 ./User/main.o
 .sbss.systemTick.5645
                0x00000000200000c8        0x4 ./User/main.o
 .sbss.tpl1.5639
                0x00000000200000cc        0x2 ./User/main.o
 .sbss.tpl2.5642
                0x00000000200000ce        0x2 ./User/main.o
 .sbss.trd1.5640
                0x00000000200000d0        0x2 ./User/main.o
 .sbss.trd2.5643
                0x00000000200000d2        0x2 ./User/main.o
 .sbss.currentSystemState
                0x00000000200000d4        0x4 ./User/system_state.o
 .sbss.blood_detected
                0x00000000200000d8        0x1 ./User/uart_protocol.o
 .sbss.dataCnt.5256
                0x00000000200000d9        0x1 ./User/uart_protocol.o
 .sbss.dataLen.5255
                0x00000000200000da        0x1 ./User/uart_protocol.o
 *fill*         0x00000000200000db        0x1 
 .sbss.g_batteryVoltage
                0x00000000200000dc        0x2 ./User/uart_protocol.o
                0x00000000200000dc                g_batteryVoltage
 .sbss.packet_received
                0x00000000200000de        0x1 ./User/uart_protocol.o
 *fill*         0x00000000200000df        0x1 
 .sbss.rx_index
                0x00000000200000e0        0x2 ./User/uart_protocol.o
 .sbss.state.5254
                0x00000000200000e2        0x1 ./User/uart_protocol.o
 .sbss.test_in_progress
                0x00000000200000e3        0x1 ./User/uart_protocol.o
 .sbss.counter.5097
                0x00000000200000e4        0x1 ./User/uart_protocol_stubs.o
 .sbss.MCU_Version
                0x00000000200000e5        0x1 ./Peripheral/src/ch32v20x_gpio.o
                0x00000000200000e5                MCU_Version
 *fill*         0x00000000200000e6        0x2 
 .sbss.NVIC_Priority_Group
                0x00000000200000e8        0x4 ./Peripheral/src/ch32v20x_misc.o
                0x00000000200000e8                NVIC_Priority_Group
 .sbss.p_ms     0x00000000200000ec        0x2 ./Debug/debug.o
 .sbss.p_us     0x00000000200000ee        0x1 ./Debug/debug.o
 *fill*         0x00000000200000ef        0x1 
 .sbss.__malloc_free_list
                0x00000000200000f0        0x4 /Applications/MounRiver Studio 2.app/Contents/Resources/app/resources/darwin/components/WCH/Toolchain/RISC-V Embedded GCC/bin/../lib/gcc/riscv-none-embed/8.2.0/../../../../riscv-none-embed/lib/rv32imacxw/ilp32/libg_nano.a(lib_a-nano-mallocr.o)
                0x00000000200000f0                __malloc_free_list
 .sbss.__malloc_sbrk_start
                0x00000000200000f4        0x4 /Applications/MounRiver Studio 2.app/Contents/Resources/app/resources/darwin/components/WCH/Toolchain/RISC-V Embedded GCC/bin/../lib/gcc/riscv-none-embed/8.2.0/../../../../riscv-none-embed/lib/rv32imacxw/ilp32/libg_nano.a(lib_a-nano-mallocr.o)
                0x00000000200000f4                __malloc_sbrk_start
 *(.gnu.linkonce.sb.*)
 *(.bss*)
 .bss.USART_DMA_CTRL
                0x00000000200000f8      0x101 ./User/main.o
                0x00000000200000f8                USART_DMA_CTRL
 *fill*         0x00000000200001f9        0x3 
 .bss.ring_buffer
                0x00000000200001fc      0x406 ./User/main.o
                0x00000000200001fc                ring_buffer
 *fill*         0x0000000020000602        0x2 
 .bss.param_table
                0x0000000020000604      0x2a6 ./User/param_table.o
 *fill*         0x00000000200008aa        0x2 
 .bss.current_raw_data
                0x00000000200008ac       0x3c ./User/uart_protocol.o
 .bss.current_test_result
                0x00000000200008e8       0x1a ./User/uart_protocol.o
 *fill*         0x0000000020000902        0x2 
 .bss.rx_buffer
                0x0000000020000904       0x40 ./User/uart_protocol.o
 .bss.tx_buffer
                0x0000000020000944       0x40 ./User/uart_protocol.o
 *(.gnu.linkonce.b.*)
 *(COMMON*)
 COMMON         0x0000000020000984        0x4 /Applications/MounRiver Studio 2.app/Contents/Resources/app/resources/darwin/components/WCH/Toolchain/RISC-V Embedded GCC/bin/../lib/gcc/riscv-none-embed/8.2.0/../../../../riscv-none-embed/lib/rv32imacxw/ilp32/libg_nano.a(lib_a-reent.o)
                0x0000000020000984                errno
                0x0000000020000988                . = ALIGN (0x4)
                0x0000000020000988                PROVIDE (_ebss = .)
                0x0000000020000988                PROVIDE (_end = _ebss)
                [!provide]                        PROVIDE (end = .)

.stack          0x0000000020004800      0x800
                0x0000000020004800                PROVIDE (_heap_end = .)
                0x0000000020004800                . = ALIGN (0x4)
                [!provide]                        PROVIDE (_susrstack = .)
                0x0000000020005000                . = (. + __stack_size)
 *fill*         0x0000000020004800      0x800 
                0x0000000020005000                PROVIDE (_eusrstack = .)
OUTPUT(CH32V203G8R6.elf elf32-littleriscv)

.debug_info     0x0000000000000000    0x1c119
 .debug_info    0x0000000000000000      0xbd8 ./User/Calculation.o
 .debug_info    0x0000000000000bd8      0xbb5 ./User/ch32v20x_it.o
 .debug_info    0x000000000000178d     0x2b44 ./User/main.o
 .debug_info    0x00000000000042d1     0x195f ./User/param_table.o
 .debug_info    0x0000000000005c30     0x1044 ./User/rtc.o
 .debug_info    0x0000000000006c74     0x1a85 ./User/strip_detect.o
 .debug_info    0x00000000000086f9      0xb30 ./User/system_ch32v20x.o
 .debug_info    0x0000000000009229      0x9f2 ./User/system_state.o
 .debug_info    0x0000000000009c1b     0x2146 ./User/uart_protocol.o
 .debug_info    0x000000000000bd61      0xee7 ./User/uart_protocol_stubs.o
 .debug_info    0x000000000000cc48       0x22 ./Startup/startup_ch32v20x_D6.o
 .debug_info    0x000000000000cc6a     0x16eb ./Peripheral/src/ch32v20x_adc.o
 .debug_info    0x000000000000e355     0x1091 ./Peripheral/src/ch32v20x_bkp.o
 .debug_info    0x000000000000f3e6      0xd16 ./Peripheral/src/ch32v20x_dma.o
 .debug_info    0x00000000000100fc     0x15d2 ./Peripheral/src/ch32v20x_flash.o
 .debug_info    0x00000000000116ce     0x1349 ./Peripheral/src/ch32v20x_gpio.o
 .debug_info    0x0000000000012a17      0xe61 ./Peripheral/src/ch32v20x_misc.o
 .debug_info    0x0000000000013878      0xb1d ./Peripheral/src/ch32v20x_opa.o
 .debug_info    0x0000000000014395     0x1049 ./Peripheral/src/ch32v20x_pwr.o
 .debug_info    0x00000000000153de     0x1268 ./Peripheral/src/ch32v20x_rcc.o
 .debug_info    0x0000000000016646      0xdc9 ./Peripheral/src/ch32v20x_rtc.o
 .debug_info    0x000000000001740f     0x2ab3 ./Peripheral/src/ch32v20x_tim.o
 .debug_info    0x0000000000019ec2     0x1335 ./Peripheral/src/ch32v20x_usart.o
 .debug_info    0x000000000001b1f7      0xf22 ./Debug/debug.o

.debug_abbrev   0x0000000000000000     0x4c1d
 .debug_abbrev  0x0000000000000000      0x2a4 ./User/Calculation.o
 .debug_abbrev  0x00000000000002a4      0x22c ./User/ch32v20x_it.o
 .debug_abbrev  0x00000000000004d0      0x3f6 ./User/main.o
 .debug_abbrev  0x00000000000008c6      0x48d ./User/param_table.o
 .debug_abbrev  0x0000000000000d53      0x2ba ./User/rtc.o
 .debug_abbrev  0x000000000000100d      0x48c ./User/strip_detect.o
 .debug_abbrev  0x0000000000001499      0x2b0 ./User/system_ch32v20x.o
 .debug_abbrev  0x0000000000001749      0x255 ./User/system_state.o
 .debug_abbrev  0x000000000000199e      0x4bd ./User/uart_protocol.o
 .debug_abbrev  0x0000000000001e5b      0x32f ./User/uart_protocol_stubs.o
 .debug_abbrev  0x000000000000218a       0x12 ./Startup/startup_ch32v20x_D6.o
 .debug_abbrev  0x000000000000219c      0x3a9 ./Peripheral/src/ch32v20x_adc.o
 .debug_abbrev  0x0000000000002545      0x2cc ./Peripheral/src/ch32v20x_bkp.o
 .debug_abbrev  0x0000000000002811      0x302 ./Peripheral/src/ch32v20x_dma.o
 .debug_abbrev  0x0000000000002b13      0x468 ./Peripheral/src/ch32v20x_flash.o
 .debug_abbrev  0x0000000000002f7b      0x34b ./Peripheral/src/ch32v20x_gpio.o
 .debug_abbrev  0x00000000000032c6      0x2ea ./Peripheral/src/ch32v20x_misc.o
 .debug_abbrev  0x00000000000035b0      0x252 ./Peripheral/src/ch32v20x_opa.o
 .debug_abbrev  0x0000000000003802      0x399 ./Peripheral/src/ch32v20x_pwr.o
 .debug_abbrev  0x0000000000003b9b      0x36b ./Peripheral/src/ch32v20x_rcc.o
 .debug_abbrev  0x0000000000003f06      0x30b ./Peripheral/src/ch32v20x_rtc.o
 .debug_abbrev  0x0000000000004211      0x418 ./Peripheral/src/ch32v20x_tim.o
 .debug_abbrev  0x0000000000004629      0x312 ./Peripheral/src/ch32v20x_usart.o
 .debug_abbrev  0x000000000000493b      0x2e2 ./Debug/debug.o

.debug_loc      0x0000000000000000     0x804b
 .debug_loc     0x0000000000000000       0xf9 ./User/Calculation.o
 .debug_loc     0x00000000000000f9      0x46f ./User/main.o
 .debug_loc     0x0000000000000568     0x100f ./User/param_table.o
 .debug_loc     0x0000000000001577      0x406 ./User/rtc.o
 .debug_loc     0x000000000000197d      0x153 ./User/strip_detect.o
 .debug_loc     0x0000000000001ad0       0xac ./User/system_ch32v20x.o
 .debug_loc     0x0000000000001b7c       0x2c ./User/system_state.o
 .debug_loc     0x0000000000001ba8     0x11fe ./User/uart_protocol.o
 .debug_loc     0x0000000000002da6       0xbd ./User/uart_protocol_stubs.o
 .debug_loc     0x0000000000002e63      0xab6 ./Peripheral/src/ch32v20x_adc.o
 .debug_loc     0x0000000000003919       0xd8 ./Peripheral/src/ch32v20x_bkp.o
 .debug_loc     0x00000000000039f1      0x155 ./Peripheral/src/ch32v20x_dma.o
 .debug_loc     0x0000000000003b46      0xc9b ./Peripheral/src/ch32v20x_flash.o
 .debug_loc     0x00000000000047e1      0x8a1 ./Peripheral/src/ch32v20x_gpio.o
 .debug_loc     0x0000000000005082       0x2d ./Peripheral/src/ch32v20x_misc.o
 .debug_loc     0x00000000000050af       0x56 ./Peripheral/src/ch32v20x_opa.o
 .debug_loc     0x0000000000005105      0x29e ./Peripheral/src/ch32v20x_pwr.o
 .debug_loc     0x00000000000053a3      0x797 ./Peripheral/src/ch32v20x_rcc.o
 .debug_loc     0x0000000000005b3a      0x377 ./Peripheral/src/ch32v20x_rtc.o
 .debug_loc     0x0000000000005eb1     0x190e ./Peripheral/src/ch32v20x_tim.o
 .debug_loc     0x00000000000077bf      0x715 ./Peripheral/src/ch32v20x_usart.o
 .debug_loc     0x0000000000007ed4      0x177 ./Debug/debug.o

.debug_aranges  0x0000000000000000      0xe70
 .debug_aranges
                0x0000000000000000       0x20 ./User/Calculation.o
 .debug_aranges
                0x0000000000000020       0x28 ./User/ch32v20x_it.o
 .debug_aranges
                0x0000000000000048       0x70 ./User/main.o
 .debug_aranges
                0x00000000000000b8       0xd8 ./User/param_table.o
 .debug_aranges
                0x0000000000000190       0x48 ./User/rtc.o
 .debug_aranges
                0x00000000000001d8       0x68 ./User/strip_detect.o
 .debug_aranges
                0x0000000000000240       0x28 ./User/system_ch32v20x.o
 .debug_aranges
                0x0000000000000268       0x28 ./User/system_state.o
 .debug_aranges
                0x0000000000000290       0xd0 ./User/uart_protocol.o
 .debug_aranges
                0x0000000000000360       0x50 ./User/uart_protocol_stubs.o
 .debug_aranges
                0x00000000000003b0       0x30 ./Startup/startup_ch32v20x_D6.o
 .debug_aranges
                0x00000000000003e0      0x150 ./Peripheral/src/ch32v20x_adc.o
 .debug_aranges
                0x0000000000000530       0x78 ./Peripheral/src/ch32v20x_bkp.o
 .debug_aranges
                0x00000000000005a8       0x60 ./Peripheral/src/ch32v20x_dma.o
 .debug_aranges
                0x0000000000000608      0x110 ./Peripheral/src/ch32v20x_flash.o
 .debug_aranges
                0x0000000000000718       0xb0 ./Peripheral/src/ch32v20x_gpio.o
 .debug_aranges
                0x00000000000007c8       0x28 ./Peripheral/src/ch32v20x_misc.o
 .debug_aranges
                0x00000000000007f0       0x38 ./Peripheral/src/ch32v20x_opa.o
 .debug_aranges
                0x0000000000000828       0x88 ./Peripheral/src/ch32v20x_pwr.o
 .debug_aranges
                0x00000000000008b0      0x130 ./Peripheral/src/ch32v20x_rcc.o
 .debug_aranges
                0x00000000000009e0       0x80 ./Peripheral/src/ch32v20x_rtc.o
 .debug_aranges
                0x0000000000000a60      0x2d0 ./Peripheral/src/ch32v20x_tim.o
 .debug_aranges
                0x0000000000000d30       0xf0 ./Peripheral/src/ch32v20x_usart.o
 .debug_aranges
                0x0000000000000e20       0x50 ./Debug/debug.o

.debug_ranges   0x0000000000000000     0x1260
 .debug_ranges  0x0000000000000000       0x10 ./User/Calculation.o
 .debug_ranges  0x0000000000000010       0x18 ./User/ch32v20x_it.o
 .debug_ranges  0x0000000000000028       0xc8 ./User/main.o
 .debug_ranges  0x00000000000000f0      0x468 ./User/param_table.o
 .debug_ranges  0x0000000000000558       0x38 ./User/rtc.o
 .debug_ranges  0x0000000000000590       0x90 ./User/strip_detect.o
 .debug_ranges  0x0000000000000620       0x18 ./User/system_ch32v20x.o
 .debug_ranges  0x0000000000000638       0x18 ./User/system_state.o
 .debug_ranges  0x0000000000000650      0x168 ./User/uart_protocol.o
 .debug_ranges  0x00000000000007b8       0x60 ./User/uart_protocol_stubs.o
 .debug_ranges  0x0000000000000818       0x28 ./Startup/startup_ch32v20x_D6.o
 .debug_ranges  0x0000000000000840      0x140 ./Peripheral/src/ch32v20x_adc.o
 .debug_ranges  0x0000000000000980       0x68 ./Peripheral/src/ch32v20x_bkp.o
 .debug_ranges  0x00000000000009e8       0x50 ./Peripheral/src/ch32v20x_dma.o
 .debug_ranges  0x0000000000000a38      0x100 ./Peripheral/src/ch32v20x_flash.o
 .debug_ranges  0x0000000000000b38       0xa0 ./Peripheral/src/ch32v20x_gpio.o
 .debug_ranges  0x0000000000000bd8       0x48 ./Peripheral/src/ch32v20x_misc.o
 .debug_ranges  0x0000000000000c20       0x28 ./Peripheral/src/ch32v20x_opa.o
 .debug_ranges  0x0000000000000c48       0x78 ./Peripheral/src/ch32v20x_pwr.o
 .debug_ranges  0x0000000000000cc0      0x120 ./Peripheral/src/ch32v20x_rcc.o
 .debug_ranges  0x0000000000000de0       0x70 ./Peripheral/src/ch32v20x_rtc.o
 .debug_ranges  0x0000000000000e50      0x2f0 ./Peripheral/src/ch32v20x_tim.o
 .debug_ranges  0x0000000000001140       0xe0 ./Peripheral/src/ch32v20x_usart.o
 .debug_ranges  0x0000000000001220       0x40 ./Debug/debug.o

.debug_line     0x0000000000000000    0x16d3f
 .debug_line    0x0000000000000000      0x5bd ./User/Calculation.o
 .debug_line    0x00000000000005bd      0x37e ./User/ch32v20x_it.o
 .debug_line    0x000000000000093b     0x1dbb ./User/main.o
 .debug_line    0x00000000000026f6     0x1b54 ./User/param_table.o
 .debug_line    0x000000000000424a      0xa4c ./User/rtc.o
 .debug_line    0x0000000000004c96      0xda0 ./User/strip_detect.o
 .debug_line    0x0000000000005a36      0x69b ./User/system_ch32v20x.o
 .debug_line    0x00000000000060d1      0x3d5 ./User/system_state.o
 .debug_line    0x00000000000064a6     0x19c9 ./User/uart_protocol.o
 .debug_line    0x0000000000007e6f      0x80f ./User/uart_protocol_stubs.o
 .debug_line    0x000000000000867e      0x121 ./Startup/startup_ch32v20x_D6.o
 .debug_line    0x000000000000879f     0x1bb8 ./Peripheral/src/ch32v20x_adc.o
 .debug_line    0x000000000000a357      0x755 ./Peripheral/src/ch32v20x_bkp.o
 .debug_line    0x000000000000aaac      0x8a2 ./Peripheral/src/ch32v20x_dma.o
 .debug_line    0x000000000000b34e     0x2620 ./Peripheral/src/ch32v20x_flash.o
 .debug_line    0x000000000000d96e     0x16f6 ./Peripheral/src/ch32v20x_gpio.o
 .debug_line    0x000000000000f064      0x4c8 ./Peripheral/src/ch32v20x_misc.o
 .debug_line    0x000000000000f52c      0x549 ./Peripheral/src/ch32v20x_opa.o
 .debug_line    0x000000000000fa75      0xc56 ./Peripheral/src/ch32v20x_pwr.o
 .debug_line    0x00000000000106cb     0x127e ./Peripheral/src/ch32v20x_rcc.o
 .debug_line    0x0000000000011949      0xa90 ./Peripheral/src/ch32v20x_rtc.o
 .debug_line    0x00000000000123d9     0x31db ./Peripheral/src/ch32v20x_tim.o
 .debug_line    0x00000000000155b4      0xf61 ./Peripheral/src/ch32v20x_usart.o
 .debug_line    0x0000000000016515      0x82a ./Debug/debug.o

.debug_str      0x0000000000000000     0x47f6
 .debug_str     0x0000000000000000      0x65d ./User/Calculation.o
                                        0x6da (size before relaxing)
 .debug_str     0x000000000000065d       0xed ./User/ch32v20x_it.o
                                        0x6a5 (size before relaxing)
 .debug_str     0x000000000000074a     0x10cc ./User/main.o
                                       0x182d (size before relaxing)
 .debug_str     0x0000000000001816      0x30a ./User/param_table.o
                                        0xa95 (size before relaxing)
 .debug_str     0x0000000000001b20      0x1b0 ./User/rtc.o
                                        0x829 (size before relaxing)
 .debug_str     0x0000000000001cd0      0x3b2 ./User/strip_detect.o
                                        0xf82 (size before relaxing)
 .debug_str     0x0000000000002082       0xf2 ./User/system_ch32v20x.o
                                        0x6bf (size before relaxing)
 .debug_str     0x0000000000002174       0x33 ./User/system_state.o
                                        0x6a1 (size before relaxing)
 .debug_str     0x00000000000021a7      0x3a7 ./User/uart_protocol.o
                                        0xc7c (size before relaxing)
 .debug_str     0x000000000000254e       0x33 ./User/uart_protocol_stubs.o
                                        0x845 (size before relaxing)
 .debug_str     0x0000000000002581       0x2d ./Startup/startup_ch32v20x_D6.o
                                         0x76 (size before relaxing)
 .debug_str     0x00000000000025ae      0x40e ./Peripheral/src/ch32v20x_adc.o
                                        0xc37 (size before relaxing)
 .debug_str     0x00000000000029bc      0x376 ./Peripheral/src/ch32v20x_bkp.o
                                        0xac5 (size before relaxing)
 .debug_str     0x0000000000002d32       0xcb ./Peripheral/src/ch32v20x_dma.o
                                        0x813 (size before relaxing)
 .debug_str     0x0000000000002dfd      0x497 ./Peripheral/src/ch32v20x_flash.o
                                        0xb3f (size before relaxing)
 .debug_str     0x0000000000003294      0x236 ./Peripheral/src/ch32v20x_gpio.o
                                        0x9dc (size before relaxing)
 .debug_str     0x00000000000034ca       0x9c ./Peripheral/src/ch32v20x_misc.o
                                        0xa9e (size before relaxing)
 .debug_str     0x0000000000003566       0x56 ./Peripheral/src/ch32v20x_opa.o
                                        0x6db (size before relaxing)
 .debug_str     0x00000000000035bc      0x1a0 ./Peripheral/src/ch32v20x_pwr.o
                                        0x87c (size before relaxing)
 .debug_str     0x000000000000375c      0x34c ./Peripheral/src/ch32v20x_rcc.o
                                        0xaee (size before relaxing)
 .debug_str     0x0000000000003aa8      0x14b ./Peripheral/src/ch32v20x_rtc.o
                                        0x826 (size before relaxing)
 .debug_str     0x0000000000003bf3      0x8bb ./Peripheral/src/ch32v20x_tim.o
                                       0x12d9 (size before relaxing)
 .debug_str     0x00000000000044ae      0x2dd ./Peripheral/src/ch32v20x_usart.o
                                        0xb0a (size before relaxing)
 .debug_str     0x000000000000478b       0x6b ./Debug/debug.o
                                        0x931 (size before relaxing)

.comment        0x0000000000000000       0x32
 .comment       0x0000000000000000       0x32 ./User/Calculation.o
                                         0x33 (size before relaxing)
 .comment       0x0000000000000032       0x33 ./User/ch32v20x_it.o
 .comment       0x0000000000000032       0x33 ./User/main.o
 .comment       0x0000000000000032       0x33 ./User/param_table.o
 .comment       0x0000000000000032       0x33 ./User/rtc.o
 .comment       0x0000000000000032       0x33 ./User/strip_detect.o
 .comment       0x0000000000000032       0x33 ./User/system_ch32v20x.o
 .comment       0x0000000000000032       0x33 ./User/system_state.o
 .comment       0x0000000000000032       0x33 ./User/uart_protocol.o
 .comment       0x0000000000000032       0x33 ./User/uart_protocol_stubs.o
 .comment       0x0000000000000032       0x33 ./Peripheral/src/ch32v20x_adc.o
 .comment       0x0000000000000032       0x33 ./Peripheral/src/ch32v20x_bkp.o
 .comment       0x0000000000000032       0x33 ./Peripheral/src/ch32v20x_dma.o
 .comment       0x0000000000000032       0x33 ./Peripheral/src/ch32v20x_flash.o
 .comment       0x0000000000000032       0x33 ./Peripheral/src/ch32v20x_gpio.o
 .comment       0x0000000000000032       0x33 ./Peripheral/src/ch32v20x_misc.o
 .comment       0x0000000000000032       0x33 ./Peripheral/src/ch32v20x_opa.o
 .comment       0x0000000000000032       0x33 ./Peripheral/src/ch32v20x_pwr.o
 .comment       0x0000000000000032       0x33 ./Peripheral/src/ch32v20x_rcc.o
 .comment       0x0000000000000032       0x33 ./Peripheral/src/ch32v20x_rtc.o
 .comment       0x0000000000000032       0x33 ./Peripheral/src/ch32v20x_tim.o
 .comment       0x0000000000000032       0x33 ./Peripheral/src/ch32v20x_usart.o
 .comment       0x0000000000000032       0x33 ./Debug/debug.o
 .comment       0x0000000000000032       0x33 /Applications/MounRiver Studio 2.app/Contents/Resources/app/resources/darwin/components/WCH/Toolchain/RISC-V Embedded GCC/bin/../lib/gcc/riscv-none-embed/8.2.0/rv32imacxw/ilp32/libgcc.a(addsf3.o)
 .comment       0x0000000000000032       0x33 /Applications/MounRiver Studio 2.app/Contents/Resources/app/resources/darwin/components/WCH/Toolchain/RISC-V Embedded GCC/bin/../lib/gcc/riscv-none-embed/8.2.0/rv32imacxw/ilp32/libgcc.a(divsf3.o)
 .comment       0x0000000000000032       0x33 /Applications/MounRiver Studio 2.app/Contents/Resources/app/resources/darwin/components/WCH/Toolchain/RISC-V Embedded GCC/bin/../lib/gcc/riscv-none-embed/8.2.0/rv32imacxw/ilp32/libgcc.a(gesf2.o)
 .comment       0x0000000000000032       0x33 /Applications/MounRiver Studio 2.app/Contents/Resources/app/resources/darwin/components/WCH/Toolchain/RISC-V Embedded GCC/bin/../lib/gcc/riscv-none-embed/8.2.0/rv32imacxw/ilp32/libgcc.a(lesf2.o)
 .comment       0x0000000000000032       0x33 /Applications/MounRiver Studio 2.app/Contents/Resources/app/resources/darwin/components/WCH/Toolchain/RISC-V Embedded GCC/bin/../lib/gcc/riscv-none-embed/8.2.0/rv32imacxw/ilp32/libgcc.a(mulsf3.o)
 .comment       0x0000000000000032       0x33 /Applications/MounRiver Studio 2.app/Contents/Resources/app/resources/darwin/components/WCH/Toolchain/RISC-V Embedded GCC/bin/../lib/gcc/riscv-none-embed/8.2.0/rv32imacxw/ilp32/libgcc.a(subsf3.o)
 .comment       0x0000000000000032       0x33 /Applications/MounRiver Studio 2.app/Contents/Resources/app/resources/darwin/components/WCH/Toolchain/RISC-V Embedded GCC/bin/../lib/gcc/riscv-none-embed/8.2.0/rv32imacxw/ilp32/libgcc.a(fixunssfsi.o)
 .comment       0x0000000000000032       0x33 /Applications/MounRiver Studio 2.app/Contents/Resources/app/resources/darwin/components/WCH/Toolchain/RISC-V Embedded GCC/bin/../lib/gcc/riscv-none-embed/8.2.0/rv32imacxw/ilp32/libgcc.a(floatunsisf.o)
 .comment       0x0000000000000032       0x33 /Applications/MounRiver Studio 2.app/Contents/Resources/app/resources/darwin/components/WCH/Toolchain/RISC-V Embedded GCC/bin/../lib/gcc/riscv-none-embed/8.2.0/rv32imacxw/ilp32/libgcc.a(extendsfdf2.o)
 .comment       0x0000000000000032       0x33 /Applications/MounRiver Studio 2.app/Contents/Resources/app/resources/darwin/components/WCH/Toolchain/RISC-V Embedded GCC/bin/../lib/gcc/riscv-none-embed/8.2.0/rv32imacxw/ilp32/libgcc.a(_clzsi2.o)
 .comment       0x0000000000000032       0x33 /Applications/MounRiver Studio 2.app/Contents/Resources/app/resources/darwin/components/WCH/Toolchain/RISC-V Embedded GCC/bin/../lib/gcc/riscv-none-embed/8.2.0/rv32imacxw/ilp32/libgcc.a(_clz.o)

.debug_frame    0x0000000000000000     0x2b6c
 .debug_frame   0x0000000000000000       0x44 ./User/Calculation.o
 .debug_frame   0x0000000000000044       0x30 ./User/ch32v20x_it.o
 .debug_frame   0x0000000000000074      0x1c8 ./User/main.o
 .debug_frame   0x000000000000023c      0x254 ./User/param_table.o
 .debug_frame   0x0000000000000490      0x100 ./User/rtc.o
 .debug_frame   0x0000000000000590      0x134 ./User/strip_detect.o
 .debug_frame   0x00000000000006c4       0x30 ./User/system_ch32v20x.o
 .debug_frame   0x00000000000006f4       0x40 ./User/system_state.o
 .debug_frame   0x0000000000000734      0x310 ./User/uart_protocol.o
 .debug_frame   0x0000000000000a44       0xbc ./User/uart_protocol_stubs.o
 .debug_frame   0x0000000000000b00      0x2b4 ./Peripheral/src/ch32v20x_adc.o
 .debug_frame   0x0000000000000db4       0xec ./Peripheral/src/ch32v20x_bkp.o
 .debug_frame   0x0000000000000ea0       0xcc ./Peripheral/src/ch32v20x_dma.o
 .debug_frame   0x0000000000000f6c      0x380 ./Peripheral/src/ch32v20x_flash.o
 .debug_frame   0x00000000000012ec      0x170 ./Peripheral/src/ch32v20x_gpio.o
 .debug_frame   0x000000000000145c       0x30 ./Peripheral/src/ch32v20x_misc.o
 .debug_frame   0x000000000000148c       0x50 ./Peripheral/src/ch32v20x_opa.o
 .debug_frame   0x00000000000014dc       0xfc ./Peripheral/src/ch32v20x_pwr.o
 .debug_frame   0x00000000000015d8      0x254 ./Peripheral/src/ch32v20x_rcc.o
 .debug_frame   0x000000000000182c      0x12c ./Peripheral/src/ch32v20x_rtc.o
 .debug_frame   0x0000000000001958      0x614 ./Peripheral/src/ch32v20x_tim.o
 .debug_frame   0x0000000000001f6c      0x1e4 ./Peripheral/src/ch32v20x_usart.o
 .debug_frame   0x0000000000002150       0xb8 ./Debug/debug.o
 .debug_frame   0x0000000000002208       0x30 /Applications/MounRiver Studio 2.app/Contents/Resources/app/resources/darwin/components/WCH/Toolchain/RISC-V Embedded GCC/bin/../lib/gcc/riscv-none-embed/8.2.0/../../../../riscv-none-embed/lib/rv32imacxw/ilp32/libg_nano.a(lib_a-malloc.o)
 .debug_frame   0x0000000000002238       0x20 /Applications/MounRiver Studio 2.app/Contents/Resources/app/resources/darwin/components/WCH/Toolchain/RISC-V Embedded GCC/bin/../lib/gcc/riscv-none-embed/8.2.0/../../../../riscv-none-embed/lib/rv32imacxw/ilp32/libg_nano.a(lib_a-memcpy.o)
 .debug_frame   0x0000000000002258       0x40 /Applications/MounRiver Studio 2.app/Contents/Resources/app/resources/darwin/components/WCH/Toolchain/RISC-V Embedded GCC/bin/../lib/gcc/riscv-none-embed/8.2.0/../../../../riscv-none-embed/lib/rv32imacxw/ilp32/libg_nano.a(lib_a-nano-freer.o)
 .debug_frame   0x0000000000002298       0x40 /Applications/MounRiver Studio 2.app/Contents/Resources/app/resources/darwin/components/WCH/Toolchain/RISC-V Embedded GCC/bin/../lib/gcc/riscv-none-embed/8.2.0/../../../../riscv-none-embed/lib/rv32imacxw/ilp32/libg_nano.a(lib_a-nano-mallocr.o)