Archive member included to satisfy reference by file (symbol)

/Applications/MounRiver Studio 2.app/Contents/Resources/app/resources/darwin/components/WCH/Toolchain/RISC-V Embedded GCC/bin/../lib/gcc/riscv-none-embed/8.2.0/rv32imacxw/ilp32/libgcc.a(divsf3.o)
                              ./User/main.o (__divsf3)
/Applications/MounRiver Studio 2.app/Contents/Resources/app/resources/darwin/components/WCH/Toolchain/RISC-V Embedded GCC/bin/../lib/gcc/riscv-none-embed/8.2.0/rv32imacxw/ilp32/libgcc.a(floatsisf.o)
                              ./User/main.o (__floatsisf)
/Applications/MounRiver Studio 2.app/Contents/Resources/app/resources/darwin/components/WCH/Toolchain/RISC-V Embedded GCC/bin/../lib/gcc/riscv-none-embed/8.2.0/rv32imacxw/ilp32/libgcc.a(extendsfdf2.o)
                              ./User/main.o (__extendsfdf2)
/Applications/MounRiver Studio 2.app/Contents/Resources/app/resources/darwin/components/WCH/Toolchain/RISC-V Embedded GCC/bin/../lib/gcc/riscv-none-embed/8.2.0/rv32imacxw/ilp32/libgcc.a(save-restore.o)
                              ./User/param_table.o (__riscv_save_12)
/Applications/MounRiver Studio 2.app/Contents/Resources/app/resources/darwin/components/WCH/Toolchain/RISC-V Embedded GCC/bin/../lib/gcc/riscv-none-embed/8.2.0/rv32imacxw/ilp32/libgcc.a(_clzsi2.o)
                              /Applications/MounRiver Studio 2.app/Contents/Resources/app/resources/darwin/components/WCH/Toolchain/RISC-V Embedded GCC/bin/../lib/gcc/riscv-none-embed/8.2.0/rv32imacxw/ilp32/libgcc.a(divsf3.o) (__clzsi2)
/Applications/MounRiver Studio 2.app/Contents/Resources/app/resources/darwin/components/WCH/Toolchain/RISC-V Embedded GCC/bin/../lib/gcc/riscv-none-embed/8.2.0/rv32imacxw/ilp32/libgcc.a(_clz.o)
                              /Applications/MounRiver Studio 2.app/Contents/Resources/app/resources/darwin/components/WCH/Toolchain/RISC-V Embedded GCC/bin/../lib/gcc/riscv-none-embed/8.2.0/rv32imacxw/ilp32/libgcc.a(_clzsi2.o) (__clz_tab)
/Applications/MounRiver Studio 2.app/Contents/Resources/app/resources/darwin/components/WCH/Toolchain/RISC-V Embedded GCC/bin/../lib/gcc/riscv-none-embed/8.2.0/../../../../riscv-none-embed/lib/rv32imacxw/ilp32/libg_nano.a(lib_a-memcpy.o)
                              ./User/param_storage.o (memcpy)
/Applications/MounRiver Studio 2.app/Contents/Resources/app/resources/darwin/components/WCH/Toolchain/RISC-V Embedded GCC/bin/../lib/gcc/riscv-none-embed/8.2.0/../../../../riscv-none-embed/lib/rv32imacxw/ilp32/libg_nano.a(lib_a-memset.o)
                              ./User/param_storage.o (memset)
/Applications/MounRiver Studio 2.app/Contents/Resources/app/resources/darwin/components/WCH/Toolchain/RISC-V Embedded GCC/bin/../lib/gcc/riscv-none-embed/8.2.0/../../../../riscv-none-embed/lib/rv32imacxw/ilp32/libg_nano.a(lib_a-printf.o)
                              ./User/main.o (printf)
/Applications/MounRiver Studio 2.app/Contents/Resources/app/resources/darwin/components/WCH/Toolchain/RISC-V Embedded GCC/bin/../lib/gcc/riscv-none-embed/8.2.0/../../../../riscv-none-embed/lib/rv32imacxw/ilp32/libg_nano.a(lib_a-puts.o)
                              ./User/main.o (puts)
/Applications/MounRiver Studio 2.app/Contents/Resources/app/resources/darwin/components/WCH/Toolchain/RISC-V Embedded GCC/bin/../lib/gcc/riscv-none-embed/8.2.0/../../../../riscv-none-embed/lib/rv32imacxw/ilp32/libg_nano.a(lib_a-strcpy.o)
                              ./User/param_storage.o (strcpy)
/Applications/MounRiver Studio 2.app/Contents/Resources/app/resources/darwin/components/WCH/Toolchain/RISC-V Embedded GCC/bin/../lib/gcc/riscv-none-embed/8.2.0/../../../../riscv-none-embed/lib/rv32imacxw/ilp32/libg_nano.a(lib_a-wbuf.o)
                              /Applications/MounRiver Studio 2.app/Contents/Resources/app/resources/darwin/components/WCH/Toolchain/RISC-V Embedded GCC/bin/../lib/gcc/riscv-none-embed/8.2.0/../../../../riscv-none-embed/lib/rv32imacxw/ilp32/libg_nano.a(lib_a-puts.o) (__swbuf_r)
/Applications/MounRiver Studio 2.app/Contents/Resources/app/resources/darwin/components/WCH/Toolchain/RISC-V Embedded GCC/bin/../lib/gcc/riscv-none-embed/8.2.0/../../../../riscv-none-embed/lib/rv32imacxw/ilp32/libg_nano.a(lib_a-wsetup.o)
                              /Applications/MounRiver Studio 2.app/Contents/Resources/app/resources/darwin/components/WCH/Toolchain/RISC-V Embedded GCC/bin/../lib/gcc/riscv-none-embed/8.2.0/../../../../riscv-none-embed/lib/rv32imacxw/ilp32/libg_nano.a(lib_a-puts.o) (__swsetup_r)
/Applications/MounRiver Studio 2.app/Contents/Resources/app/resources/darwin/components/WCH/Toolchain/RISC-V Embedded GCC/bin/../lib/gcc/riscv-none-embed/8.2.0/../../../../riscv-none-embed/lib/rv32imacxw/ilp32/libg_nano.a(lib_a-fflush.o)
                              /Applications/MounRiver Studio 2.app/Contents/Resources/app/resources/darwin/components/WCH/Toolchain/RISC-V Embedded GCC/bin/../lib/gcc/riscv-none-embed/8.2.0/../../../../riscv-none-embed/lib/rv32imacxw/ilp32/libg_nano.a(lib_a-wbuf.o) (_fflush_r)
[...]
Memory Configuration

Name             Origin             Length             Attributes
FLASH            0x0000000000000000 0x0000000000010000 xr
RAM              0x0000000020000000 0x0000000000005000 xrw
*default*        0x0000000000000000 0xffffffffffffffff

Linker script and memory map

LOAD ./User/ch32v20x_it.o
LOAD ./User/main.o
LOAD ./User/param_storage.o
LOAD ./User/param_table.o
LOAD ./User/system_ch32v20x.o
LOAD ./Startup/startup_ch32v20x_D6.o
LOAD ./Peripheral/src/ch32v20x_adc.o
LOAD ./Peripheral/src/ch32v20x_bkp.o
LOAD ./Peripheral/src/ch32v20x_can.o
LOAD ./Peripheral/src/ch32v20x_crc.o
LOAD ./Peripheral/src/ch32v20x_dbgmcu.o
LOAD ./Peripheral/src/ch32v20x_dma.o
LOAD ./Peripheral/src/ch32v20x_exti.o
LOAD ./Peripheral/src/ch32v20x_flash.o
LOAD ./Peripheral/src/ch32v20x_gpio.o
LOAD ./Peripheral/src/ch32v20x_i2c.o
LOAD ./Peripheral/src/ch32v20x_iwdg.o
LOAD ./Peripheral/src/ch32v20x_misc.o
LOAD ./Peripheral/src/ch32v20x_opa.o
LOAD ./Peripheral/src/ch32v20x_pwr.o
LOAD ./Peripheral/src/ch32v20x_rcc.o
LOAD ./Peripheral/src/ch32v20x_rtc.o
LOAD ./Peripheral/src/ch32v20x_spi.o
LOAD ./Peripheral/src/ch32v20x_tim.o
LOAD ./Peripheral/src/ch32v20x_usart.o
LOAD ./Peripheral/src/ch32v20x_wwdg.o
LOAD ./Debug/debug.o
LOAD ./Core/core_riscv.o
LOAD /Applications/MounRiver Studio 2.app/Contents/Resources/app/resources/darwin/components/WCH/Toolchain/RISC-V Embedded GCC/bin/../lib/gcc/riscv-none-embed/8.2.0/rv32imacxw/ilp32/libgcc.a
LOAD /Applications/MounRiver Studio 2.app/Contents/Resources/app/resources/darwin/components/WCH/Toolchain/RISC-V Embedded GCC/bin/../lib/gcc/riscv-none-embed/8.2.0/../../../../riscv-none-embed/lib/rv32imacxw/ilp32/libg_nano.a
LOAD /Applications/MounRiver Studio 2.app/Contents/Resources/app/resources/darwin/components/WCH/Toolchain/RISC-V Embedded GCC/bin/../lib/gcc/riscv-none-embed/8.2.0/../../../../riscv-none-embed/lib/rv32imacxw/ilp32/libc_nano.a
LOAD /Applications/MounRiver Studio 2.app/Contents/Resources/app/resources/darwin/components/WCH/Toolchain/RISC-V Embedded GCC/bin/../lib/gcc/riscv-none-embed/8.2.0/rv32imacxw/ilp32/libgcc.a
START GROUP
LOAD /Applications/MounRiver Studio 2.app/Contents/Resources/app/resources/darwin/components/WCH/Toolchain/RISC-V Embedded GCC/bin/../lib/gcc/riscv-none-embed/8.2.0/rv32imacxw/ilp32/libgcc.a
LOAD /Applications/MounRiver Studio 2.app/Contents/Resources/app/resources/darwin/components/WCH/Toolchain/RISC-V Embedded GCC/bin/../lib/gcc/riscv-none-embed/8.2.0/../../../../riscv-none-embed/lib/rv32imacxw/ilp32/libc_nano.a
LOAD /Applications/MounRiver Studio 2.app/Contents/Resources/app/resources/darwin/components/WCH/Toolchain/RISC-V Embedded GCC/bin/../lib/gcc/riscv-none-embed/8.2.0/../../../../riscv-none-embed/lib/rv32imacxw/ilp32/libnosys.a
END GROUP
START GROUP
LOAD /Applications/MounRiver Studio 2.app/Contents/Resources/app/resources/darwin/components/WCH/Toolchain/RISC-V Embedded GCC/bin/../lib/gcc/riscv-none-embed/8.2.0/rv32imacxw/ilp32/libgcc.a
LOAD /Applications/MounRiver Studio 2.app/Contents/Resources/app/resources/darwin/components/WCH/Toolchain/RISC-V Embedded GCC/bin/../lib/gcc/riscv-none-embed/8.2.0/../../../../riscv-none-embed/lib/rv32imacxw/ilp32/libc_nano.a
LOAD /Applications/MounRiver Studio 2.app/Contents/Resources/app/resources/darwin/components/WCH/Toolchain/RISC-V Embedded GCC/bin/../lib/gcc/riscv-none-embed/8.2.0/../../../../riscv-none-embed/lib/rv32imacxw/ilp32/libnosys.a
END GROUP
                0x0000000000000800                __stack_size = 0x800
                [!provide]                        PROVIDE (_stack_size = __stack_size)

.init           0x0000000000000000        0x4
                0x0000000000000000                _sinit = .
                0x0000000000000000                . = ALIGN (0x4)
 *(SORT_NONE(.init))
 .init          0x0000000000000000        0x4 ./Startup/startup_ch32v20x_D6.o
                0x0000000000000000                _start
                0x0000000000000004                . = ALIGN (0x4)
                0x0000000000000004                _einit = .

.vector         0x0000000000000004       0xfc
 *(.vector)
 .vector        0x0000000000000004       0xfc ./Startup/startup_ch32v20x_D6.o
                0x0000000000000100                . = ALIGN (0x40)

.text           0x0000000000000100     0x309c
                0x0000000000000100                . = ALIGN (0x4)
 *(.text)
 .text          0x0000000000000100       0x60 /Applications/MounRiver Studio 2.app/Contents/Resources/app/resources/darwin/components/WCH/Toolchain/RISC-V Embedded GCC/bin/../lib/gcc/riscv-none-embed/8.2.0/rv32imacxw/ilp32/libgcc.a(save-restore.o)
                0x0000000000000100                __riscv_save_12
                0x0000000000000108                __riscv_save_10
                0x0000000000000108                __riscv_save_8
                0x0000000000000108                __riscv_save_11
                0x0000000000000108                __riscv_save_9
                0x0000000000000116                __riscv_save_4
                0x0000000000000116                __riscv_save_7
                0x0000000000000116                __riscv_save_6
                0x0000000000000116                __riscv_save_5
                0x0000000000000130                __riscv_save_3
                0x0000000000000130                __riscv_save_2
                0x0000000000000130                __riscv_save_0
                0x0000000000000130                __riscv_save_1
                0x000000000000013c                __riscv_restore_12
                0x0000000000000140                __riscv_restore_8
                0x0000000000000140                __riscv_restore_10
                0x0000000000000140                __riscv_restore_9
                0x0000000000000140                __riscv_restore_11
                0x000000000000014a                __riscv_restore_5
                0x000000000000014a                __riscv_restore_7
                0x000000000000014a                __riscv_restore_4
                0x000000000000014a                __riscv_restore_6
                0x0000000000000154                __riscv_restore_3
                0x0000000000000154                __riscv_restore_1
                0x0000000000000154                __riscv_restore_0
                0x0000000000000154                __riscv_restore_2
 .text          0x0000000000000160       0xa8 /Applications/MounRiver Studio 2.app/Contents/Resources/app/resources/darwin/components/WCH/Toolchain/RISC-V Embedded GCC/bin/../lib/gcc/riscv-none-embed/8.2.0/../../../../riscv-none-embed/lib/rv32imacxw/ilp32/libg_nano.a(lib_a-memset.o)
                0x0000000000000160                memset
 *(.text.*)
 .text.NMI_Handler
                0x0000000000000208        0x2 ./User/ch32v20x_it.o
                0x0000000000000208                NMI_Handler
 .text.HardFault_Handler
                0x000000000000020a       0x10 ./User/ch32v20x_it.o
                0x000000000000020a                HardFault_Handler
 .text.printBasicSystemInfo
                0x000000000000021a      0x11a ./User/main.o
                0x000000000000021a                printBasicSystemInfo
 .text.printHardwareCalibInfo
                0x0000000000000334       0xb4 ./User/main.o
                0x0000000000000334                printHardwareCalibInfo
 .text.printBloodGlucoseInfo
                0x00000000000003e8       0xa4 ./User/main.o
                0x00000000000003e8                printBloodGlucoseInfo
 .text.simulateTest
                0x000000000000048c       0xe4 ./User/main.o
                0x000000000000048c                simulateTest
 .text.printTestRecords
                0x0000000000000570      0x10c ./User/main.o
                0x0000000000000570                printTestRecords
 .text.startup.main
                0x000000000000067c       0xf4 ./User/main.o
                0x000000000000067c                main
 .text.FlashErasePage
                0x0000000000000770       0x28 ./User/param_storage.o
 .text.FlashWrite
                0x0000000000000798       0x40 ./User/param_storage.o
 .text.CalculateCRC8.constprop.4
                0x00000000000007d8       0x40 ./User/param_storage.o
 .text.ValidateBlock
                0x0000000000000818       0x4c ./User/param_storage.o
 .text.UpdateBlockChecksum
                0x0000000000000864       0x2e ./User/param_storage.o
 .text.SetDefaultParameters
                0x0000000000000892       0x96 ./User/param_storage.o
 .text.PARAM_Init
                0x0000000000000928      0x126 ./User/param_storage.o
                0x0000000000000928                PARAM_Init
 .text.PARAM_ReadBlock
                0x0000000000000a4e       0x50 ./User/param_storage.o
                0x0000000000000a4e                PARAM_ReadBlock
 .text.PARAM_UpdateBlock
                0x0000000000000a9e       0x8a ./User/param_storage.o
                0x0000000000000a9e                PARAM_UpdateBlock
 .text.PARAM_GetDateTime
                0x0000000000000b28       0x5c ./User/param_storage.o
                0x0000000000000b28                PARAM_GetDateTime
 .text.PARAM_IncreaseTestCount
                0x0000000000000b84       0x24 ./User/param_storage.o
                0x0000000000000b84                PARAM_IncreaseTestCount
 .text.PARAM_SaveTestRecord
                0x0000000000000ba8       0x58 ./User/param_storage.o
                0x0000000000000ba8                PARAM_SaveTestRecord
 .text.PARAM_GetTestRecordCount
                0x0000000000000c00       0x28 ./User/param_storage.o
                0x0000000000000c00                PARAM_GetTestRecordCount
 .text.PARAM_ReadTestRecords
                0x0000000000000c28       0x90 ./User/param_storage.o
                0x0000000000000c28                PARAM_ReadTestRecords
 .text.SystemInit
                0x0000000000000cb8       0xa8 ./User/system_ch32v20x.o
                0x0000000000000cb8                SystemInit
 .text.SystemCoreClockUpdate
                0x0000000000000d60       0x8e ./User/system_ch32v20x.o
                0x0000000000000d60                SystemCoreClockUpdate
 .text.vector_handler
                0x0000000000000dee        0x2 ./Startup/startup_ch32v20x_D6.o
                0x0000000000000dee                USBWakeUp_IRQHandler
                0x0000000000000dee                TIM1_CC_IRQHandler
                0x0000000000000dee                SysTick_Handler
                0x0000000000000dee                PVD_IRQHandler
                0x0000000000000dee                EXTI3_IRQHandler
                0x0000000000000dee                USBFS_IRQHandler
                0x0000000000000dee                EXTI0_IRQHandler
                0x0000000000000dee                I2C2_EV_IRQHandler
                0x0000000000000dee                ADC1_2_IRQHandler
                0x0000000000000dee                Break_Point_Handler
                0x0000000000000dee                SPI1_IRQHandler
                0x0000000000000dee                TAMPER_IRQHandler
                0x0000000000000dee                Ecall_M_Mode_Handler
                0x0000000000000dee                DMA1_Channel4_IRQHandler
                0x0000000000000dee                USART3_IRQHandler
                0x0000000000000dee                RTC_IRQHandler
                0x0000000000000dee                DMA1_Channel7_IRQHandler
                0x0000000000000dee                CAN1_RX1_IRQHandler
                0x0000000000000dee                TIM4_IRQHandler
                0x0000000000000dee                I2C1_EV_IRQHandler
                0x0000000000000dee                DMA1_Channel6_IRQHandler
                0x0000000000000dee                UART4_IRQHandler
                0x0000000000000dee                TIM3_IRQHandler
                0x0000000000000dee                RCC_IRQHandler
                0x0000000000000dee                TIM1_TRG_COM_IRQHandler
                0x0000000000000dee                DMA1_Channel1_IRQHandler
                0x0000000000000dee                EXTI15_10_IRQHandler
                0x0000000000000dee                DMA1_Channel8_IRQHandler
                0x0000000000000dee                EXTI9_5_IRQHandler
                0x0000000000000dee                SPI2_IRQHandler
                0x0000000000000dee                DMA1_Channel5_IRQHandler
                0x0000000000000dee                EXTI4_IRQHandler
                0x0000000000000dee                USB_LP_CAN1_RX0_IRQHandler
                0x0000000000000dee                USB_HP_CAN1_TX_IRQHandler
                0x0000000000000dee                DMA1_Channel3_IRQHandler
                0x0000000000000dee                TIM1_UP_IRQHandler
                0x0000000000000dee                WWDG_IRQHandler
                0x0000000000000dee                Ecall_U_Mode_Handler
                0x0000000000000dee                TIM2_IRQHandler
                0x0000000000000dee                SW_Handler
                0x0000000000000dee                TIM1_BRK_IRQHandler
                0x0000000000000dee                EXTI1_IRQHandler
                0x0000000000000dee                RTCAlarm_IRQHandler
                0x0000000000000dee                USART2_IRQHandler
                0x0000000000000dee                I2C2_ER_IRQHandler
                0x0000000000000dee                DMA1_Channel2_IRQHandler
                0x0000000000000dee                CAN1_SCE_IRQHandler
                0x0000000000000dee                FLASH_IRQHandler
                0x0000000000000dee                USBFSWakeUp_IRQHandler
                0x0000000000000dee                USART1_IRQHandler
                0x0000000000000dee                I2C1_ER_IRQHandler
                0x0000000000000dee                EXTI2_IRQHandler
 .text.handle_reset
                0x0000000000000df0       0x86 ./Startup/startup_ch32v20x_D6.o
                0x0000000000000df0                handle_reset
 .text.DBGMCU_GetCHIPID
                0x0000000000000e76        0xa ./Peripheral/src/ch32v20x_dbgmcu.o
                0x0000000000000e76                DBGMCU_GetCHIPID
 .text.FLASH_Unlock
                0x0000000000000e80       0x1a ./Peripheral/src/ch32v20x_flash.o
                0x0000000000000e80                FLASH_Unlock
 .text.FLASH_Lock
                0x0000000000000e9a        0xe ./Peripheral/src/ch32v20x_flash.o
                0x0000000000000e9a                FLASH_Lock
 .text.FLASH_GetBank1Status
                0x0000000000000ea8       0x18 ./Peripheral/src/ch32v20x_flash.o
                0x0000000000000ea8                FLASH_GetBank1Status
 .text.FLASH_WaitForLastOperation
                0x0000000000000ec0       0x20 ./Peripheral/src/ch32v20x_flash.o
                0x0000000000000ec0                FLASH_WaitForLastOperation
 .text.FLASH_ErasePage
                0x0000000000000ee0       0x38 ./Peripheral/src/ch32v20x_flash.o
                0x0000000000000ee0                FLASH_ErasePage
 .text.FLASH_ProgramWord
                0x0000000000000f18       0x4e ./Peripheral/src/ch32v20x_flash.o
                0x0000000000000f18                FLASH_ProgramWord
 .text.GPIO_Init
                0x0000000000000f66       0xf2 ./Peripheral/src/ch32v20x_gpio.o
                0x0000000000000f66                GPIO_Init
 .text.NVIC_PriorityGroupConfig
                0x0000000000001058        0x6 ./Peripheral/src/ch32v20x_misc.o
                0x0000000000001058                NVIC_PriorityGroupConfig
 .text.RCC_GetClocksFreq
                0x000000000000105e       0xbe ./Peripheral/src/ch32v20x_rcc.o
                0x000000000000105e                RCC_GetClocksFreq
 .text.RCC_APB2PeriphClockCmd
                0x000000000000111c       0x1e ./Peripheral/src/ch32v20x_rcc.o
                0x000000000000111c                RCC_APB2PeriphClockCmd
 .text.USART_Init
                0x000000000000113a       0x8e ./Peripheral/src/ch32v20x_usart.o
                0x000000000000113a                USART_Init
 .text.USART_Cmd
                0x00000000000011c8       0x16 ./Peripheral/src/ch32v20x_usart.o
                0x00000000000011c8                USART_Cmd
 .text.USART_SendData
                0x00000000000011de        0x8 ./Peripheral/src/ch32v20x_usart.o
                0x00000000000011de                USART_SendData
 .text.USART_GetFlagStatus
                0x00000000000011e6        0xa ./Peripheral/src/ch32v20x_usart.o
                0x00000000000011e6                USART_GetFlagStatus
 .text.Delay_Init
                0x00000000000011f0       0x2a ./Debug/debug.o
                0x00000000000011f0                Delay_Init
 .text.Delay_Ms
                0x000000000000121a       0x36 ./Debug/debug.o
                0x000000000000121a                Delay_Ms
 .text.USART_Printf_Init
                0x0000000000001250       0x52 ./Debug/debug.o
                0x0000000000001250                USART_Printf_Init
 .text._write   0x00000000000012a2       0x3a ./Debug/debug.o
                0x00000000000012a2                _write
 .text._sbrk    0x00000000000012dc       0x26 ./Debug/debug.o
                0x00000000000012dc                _sbrk
 .text.__divsf3
                0x0000000000001302      0x2ae /Applications/MounRiver Studio 2.app/Contents/Resources/app/resources/darwin/components/WCH/Toolchain/RISC-V Embedded GCC/bin/../lib/gcc/riscv-none-embed/8.2.0/rv32imacxw/ilp32/libgcc.a(divsf3.o)
                0x0000000000001302                __divsf3
 .text.__floatsisf
                0x00000000000015b0       0xc6 /Applications/MounRiver Studio 2.app/Contents/Resources/app/resources/darwin/components/WCH/Toolchain/RISC-V Embedded GCC/bin/../lib/gcc/riscv-none-embed/8.2.0/rv32imacxw/ilp32/libgcc.a(floatsisf.o)
                0x00000000000015b0                __floatsisf
 .text.__extendsfdf2
                0x0000000000001676       0xac /Applications/MounRiver Studio 2.app/Contents/Resources/app/resources/darwin/components/WCH/Toolchain/RISC-V Embedded GCC/bin/../lib/gcc/riscv-none-embed/8.2.0/rv32imacxw/ilp32/libgcc.a(extendsfdf2.o)
                0x0000000000001676                __extendsfdf2
 .text.__clzsi2
                0x0000000000001722       0x6e /Applications/MounRiver Studio 2.app/Contents/Resources/app/resources/darwin/components/WCH/Toolchain/RISC-V Embedded GCC/bin/../lib/gcc/riscv-none-embed/8.2.0/rv32imacxw/ilp32/libgcc.a(_clzsi2.o)
                0x0000000000001722                __clzsi2
 .text.memcpy   0x0000000000001790       0xb2 /Applications/MounRiver Studio 2.app/Contents/Resources/app/resources/darwin/components/WCH/Toolchain/RISC-V Embedded GCC/bin/../lib/gcc/riscv-none-embed/8.2.0/../../../../riscv-none-embed/lib/rv32imacxw/ilp32/libg_nano.a(lib_a-memcpy.o)
                0x0000000000001790                memcpy
 .text.printf   0x0000000000001842       0x40 /Applications/MounRiver Studio 2.app/Contents/Resources/app/resources/darwin/components/WCH/Toolchain/RISC-V Embedded GCC/bin/../lib/gcc/riscv-none-embed/8.2.0/../../../../riscv-none-embed/lib/rv32imacxw/ilp32/libg_nano.a(lib_a-printf.o)
                0x0000000000001842                printf
                0x0000000000001842                iprintf
 .text._puts_r  0x0000000000001882       0xd4 /Applications/MounRiver Studio 2.app/Contents/Resources/app/resources/darwin/components/WCH/Toolchain/RISC-V Embedded GCC/bin/../lib/gcc/riscv-none-embed/8.2.0/../../../../riscv-none-embed/lib/rv32imacxw/ilp32/libg_nano.a(lib_a-puts.o)
                0x0000000000001882                _puts_r
 .text.puts     0x0000000000001956        0xa /Applications/MounRiver Studio 2.app/Contents/Resources/app/resources/darwin/components/WCH/Toolchain/RISC-V Embedded GCC/bin/../lib/gcc/riscv-none-embed/8.2.0/../../../../riscv-none-embed/lib/rv32imacxw/ilp32/libg_nano.a(lib_a-puts.o)
                0x0000000000001956                puts
 .text.strcpy   0x0000000000001960       0x10 /Applications/MounRiver Studio 2.app/Contents/Resources/app/resources/darwin/components/WCH/Toolchain/RISC-V Embedded GCC/bin/../lib/gcc/riscv-none-embed/8.2.0/../../../../riscv-none-embed/lib/rv32imacxw/ilp32/libg_nano.a(lib_a-strcpy.o)
                0x0000000000001960                strcpy
 .text.__swbuf_r
                0x0000000000001970       0xbc /Applications/MounRiver Studio 2.app/Contents/Resources/app/resources/darwin/components/WCH/Toolchain/RISC-V Embedded GCC/bin/../lib/gcc/riscv-none-embed/8.2.0/../../../../riscv-none-embed/lib/rv32imacxw/ilp32/libg_nano.a(lib_a-wbuf.o)
                0x0000000000001970                __swbuf_r
 .text.__swsetup_r
                0x0000000000001a2c       0xfc /Applications/MounRiver Studio 2.app/Contents/Resources/app/resources/darwin/components/WCH/Toolchain/RISC-V Embedded GCC/bin/../lib/gcc/riscv-none-embed/8.2.0/../../../../riscv-none-embed/lib/rv32imacxw/ilp32/libg_nano.a(lib_a-wsetup.o)
                0x0000000000001a2c                __swsetup_r
 .text.__sflush_r
                0x0000000000001b28      0x130 /Applications/MounRiver Studio 2.app/Contents/Resources/app/resources/darwin/components/WCH/Toolchain/RISC-V Embedded GCC/bin/../lib/gcc/riscv-none-embed/8.2.0/../../../../riscv-none-embed/lib/rv32imacxw/ilp32/libg_nano.a(lib_a-fflush.o)
                0x0000000000001b28                __sflush_r
 .text._fflush_r
                0x0000000000001c58       0x64 /Applications/MounRiver Studio 2.app/Contents/Resources/app/resources/darwin/components/WCH/Toolchain/RISC-V Embedded GCC/bin/../lib/gcc/riscv-none-embed/8.2.0/../../../../riscv-none-embed/lib/rv32imacxw/ilp32/libg_nano.a(lib_a-fflush.o)
                0x0000000000001c58                _fflush_r
 .text.std      0x0000000000001cbc       0x66 /Applications/MounRiver Studio 2.app/Contents/Resources/app/resources/darwin/components/WCH/Toolchain/RISC-V Embedded GCC/bin/../lib/gcc/riscv-none-embed/8.2.0/../../../../riscv-none-embed/lib/rv32imacxw/ilp32/libg_nano.a(lib_a-findfp.o)
 .text._cleanup_r
                0x0000000000001d22        0xa /Applications/MounRiver Studio 2.app/Contents/Resources/app/resources/darwin/components/WCH/Toolchain/RISC-V Embedded GCC/bin/../lib/gcc/riscv-none-embed/8.2.0/../../../../riscv-none-embed/lib/rv32imacxw/ilp32/libg_nano.a(lib_a-findfp.o)
                0x0000000000001d22                _cleanup_r
 .text.__sfmoreglue
                0x0000000000001d2c       0x46 /Applications/MounRiver Studio 2.app/Contents/Resources/app/resources/darwin/components/WCH/Toolchain/RISC-V Embedded GCC/bin/../lib/gcc/riscv-none-embed/8.2.0/../../../../riscv-none-embed/lib/rv32imacxw/ilp32/libg_nano.a(lib_a-findfp.o)
                0x0000000000001d2c                __sfmoreglue
 .text.__sinit  0x0000000000001d72       0x66 /Applications/MounRiver Studio 2.app/Contents/Resources/app/resources/darwin/components/WCH/Toolchain/RISC-V Embedded GCC/bin/../lib/gcc/riscv-none-embed/8.2.0/../../../../riscv-none-embed/lib/rv32imacxw/ilp32/libg_nano.a(lib_a-findfp.o)
                0x0000000000001d72                __sinit
 .text.__sfp    0x0000000000001dd8       0x9c /Applications/MounRiver Studio 2.app/Contents/Resources/app/resources/darwin/components/WCH/Toolchain/RISC-V Embedded GCC/bin/../lib/gcc/riscv-none-embed/8.2.0/../../../../riscv-none-embed/lib/rv32imacxw/ilp32/libg_nano.a(lib_a-findfp.o)
                0x0000000000001dd8                __sfp
 .text._fwalk_reent
                0x0000000000001e74       0x6a /Applications/MounRiver Studio 2.app/Contents/Resources/app/resources/darwin/components/WCH/Toolchain/RISC-V Embedded GCC/bin/../lib/gcc/riscv-none-embed/8.2.0/../../../../riscv-none-embed/lib/rv32imacxw/ilp32/libg_nano.a(lib_a-fwalk.o)
                0x0000000000001e74                _fwalk_reent
 .text.__swhatbuf_r
                0x0000000000001ede       0x58 /Applications/MounRiver Studio 2.app/Contents/Resources/app/resources/darwin/components/WCH/Toolchain/RISC-V Embedded GCC/bin/../lib/gcc/riscv-none-embed/8.2.0/../../../../riscv-none-embed/lib/rv32imacxw/ilp32/libg_nano.a(lib_a-makebuf.o)
                0x0000000000001ede                __swhatbuf_r
 .text.__smakebuf_r
                0x0000000000001f36       0x90 /Applications/MounRiver Studio 2.app/Contents/Resources/app/resources/darwin/components/WCH/Toolchain/RISC-V Embedded GCC/bin/../lib/gcc/riscv-none-embed/8.2.0/../../../../riscv-none-embed/lib/rv32imacxw/ilp32/libg_nano.a(lib_a-makebuf.o)
                0x0000000000001f36                __smakebuf_r
 .text._free_r  0x0000000000001fc6       0xa8 /Applications/MounRiver Studio 2.app/Contents/Resources/app/resources/darwin/components/WCH/Toolchain/RISC-V Embedded GCC/bin/../lib/gcc/riscv-none-embed/8.2.0/../../../../riscv-none-embed/lib/rv32imacxw/ilp32/libg_nano.a(lib_a-nano-freer.o)
                0x0000000000001fc6                _free_r
 .text._malloc_r
                0x000000000000206e       0xd4 /Applications/MounRiver Studio 2.app/Contents/Resources/app/resources/darwin/components/WCH/Toolchain/RISC-V Embedded GCC/bin/../lib/gcc/riscv-none-embed/8.2.0/../../../../riscv-none-embed/lib/rv32imacxw/ilp32/libg_nano.a(lib_a-nano-mallocr.o)
                0x000000000000206e                _malloc_r
 .text.__sfputc_r
                0x0000000000002142       0x28 /Applications/MounRiver Studio 2.app/Contents/Resources/app/resources/darwin/components/WCH/Toolchain/RISC-V Embedded GCC/bin/../lib/gcc/riscv-none-embed/8.2.0/../../../../riscv-none-embed/lib/rv32imacxw/ilp32/libg_nano.a(lib_a-nano-vfprintf.o)
 .text.__sfputs_r
                0x000000000000216a       0x40 /Applications/MounRiver Studio 2.app/Contents/Resources/app/resources/darwin/components/WCH/Toolchain/RISC-V Embedded GCC/bin/../lib/gcc/riscv-none-embed/8.2.0/../../../../riscv-none-embed/lib/rv32imacxw/ilp32/libg_nano.a(lib_a-nano-vfprintf.o)
                0x000000000000216a                __sfputs_r
 .text._vfprintf_r
                0x00000000000021aa      0x286 /Applications/MounRiver Studio 2.app/Contents/Resources/app/resources/darwin/components/WCH/Toolchain/RISC-V Embedded GCC/bin/../lib/gcc/riscv-none-embed/8.2.0/../../../../riscv-none-embed/lib/rv32imacxw/ilp32/libg_nano.a(lib_a-nano-vfprintf.o)
                0x00000000000021aa                _vfiprintf_r
                0x00000000000021aa                _vfprintf_r
 .text._printf_common
                0x0000000000002430      0x10c /Applications/MounRiver Studio 2.app/Contents/Resources/app/resources/darwin/components/WCH/Toolchain/RISC-V Embedded GCC/bin/../lib/gcc/riscv-none-embed/8.2.0/../../../../riscv-none-embed/lib/rv32imacxw/ilp32/libg_nano.a(lib_a-nano-vfprintf_i.o)
                0x0000000000002430                _printf_common
 .text._printf_i
                0x000000000000253c      0x2a0 /Applications/MounRiver Studio 2.app/Contents/Resources/app/resources/darwin/components/WCH/Toolchain/RISC-V Embedded GCC/bin/../lib/gcc/riscv-none-embed/8.2.0/../../../../riscv-none-embed/lib/rv32imacxw/ilp32/libg_nano.a(lib_a-nano-vfprintf_i.o)
                0x000000000000253c                _printf_i
 .text._sbrk_r  0x00000000000027dc       0x2a /Applications/MounRiver Studio 2.app/Contents/Resources/app/resources/darwin/components/WCH/Toolchain/RISC-V Embedded GCC/bin/../lib/gcc/riscv-none-embed/8.2.0/../../../../riscv-none-embed/lib/rv32imacxw/ilp32/libg_nano.a(lib_a-sbrkr.o)
                0x00000000000027dc                _sbrk_r
 .text.__sread  0x0000000000002806       0x2c /Applications/MounRiver Studio 2.app/Contents/Resources/app/resources/darwin/components/WCH/Toolchain/RISC-V Embedded GCC/bin/../lib/gcc/riscv-none-embed/8.2.0/../../../../riscv-none-embed/lib/rv32imacxw/ilp32/libg_nano.a(lib_a-stdio.o)
                0x0000000000002806                __sread
 .text.__swrite
                0x0000000000002832       0x48 /Applications/MounRiver Studio 2.app/Contents/Resources/app/resources/darwin/components/WCH/Toolchain/RISC-V Embedded GCC/bin/../lib/gcc/riscv-none-embed/8.2.0/../../../../riscv-none-embed/lib/rv32imacxw/ilp32/libg_nano.a(lib_a-stdio.o)
                0x0000000000002832                __swrite
 .text.__sseek  0x000000000000287a       0x30 /Applications/MounRiver Studio 2.app/Contents/Resources/app/resources/darwin/components/WCH/Toolchain/RISC-V Embedded GCC/bin/../lib/gcc/riscv-none-embed/8.2.0/../../../../riscv-none-embed/lib/rv32imacxw/ilp32/libg_nano.a(lib_a-stdio.o)
                0x000000000000287a                __sseek
 .text.__sclose
                0x00000000000028aa        0x6 /Applications/MounRiver Studio 2.app/Contents/Resources/app/resources/darwin/components/WCH/Toolchain/RISC-V Embedded GCC/bin/../lib/gcc/riscv-none-embed/8.2.0/../../../../riscv-none-embed/lib/rv32imacxw/ilp32/libg_nano.a(lib_a-stdio.o)
                0x00000000000028aa                __sclose
 .text._write_r
                0x00000000000028b0       0x2e /Applications/MounRiver Studio 2.app/Contents/Resources/app/resources/darwin/components/WCH/Toolchain/RISC-V Embedded GCC/bin/../lib/gcc/riscv-none-embed/8.2.0/../../../../riscv-none-embed/lib/rv32imacxw/ilp32/libg_nano.a(lib_a-writer.o)
                0x00000000000028b0                _write_r
 .text._close_r
                0x00000000000028de       0x28 /Applications/MounRiver Studio 2.app/Contents/Resources/app/resources/darwin/components/WCH/Toolchain/RISC-V Embedded GCC/bin/../lib/gcc/riscv-none-embed/8.2.0/../../../../riscv-none-embed/lib/rv32imacxw/ilp32/libg_nano.a(lib_a-closer.o)
                0x00000000000028de                _close_r
 .text._fstat_r
                0x0000000000002906       0x2a /Applications/MounRiver Studio 2.app/Contents/Resources/app/resources/darwin/components/WCH/Toolchain/RISC-V Embedded GCC/bin/../lib/gcc/riscv-none-embed/8.2.0/../../../../riscv-none-embed/lib/rv32imacxw/ilp32/libg_nano.a(lib_a-fstatr.o)
                0x0000000000002906                _fstat_r
 .text._isatty_r
                0x0000000000002930       0x28 /Applications/MounRiver Studio 2.app/Contents/Resources/app/resources/darwin/components/WCH/Toolchain/RISC-V Embedded GCC/bin/../lib/gcc/riscv-none-embed/8.2.0/../../../../riscv-none-embed/lib/rv32imacxw/ilp32/libg_nano.a(lib_a-isattyr.o)
                0x0000000000002930                _isatty_r
 .text._lseek_r
                0x0000000000002958       0x2c /Applications/MounRiver Studio 2.app/Contents/Resources/app/resources/darwin/components/WCH/Toolchain/RISC-V Embedded GCC/bin/../lib/gcc/riscv-none-embed/8.2.0/../../../../riscv-none-embed/lib/rv32imacxw/ilp32/libg_nano.a(lib_a-lseekr.o)
                0x0000000000002958                _lseek_r
 .text.memchr   0x0000000000002984       0x18 /Applications/MounRiver Studio 2.app/Contents/Resources/app/resources/darwin/components/WCH/Toolchain/RISC-V Embedded GCC/bin/../lib/gcc/riscv-none-embed/8.2.0/../../../../riscv-none-embed/lib/rv32imacxw/ilp32/libg_nano.a(lib_a-memchr.o)
                0x0000000000002984                memchr
 .text.__malloc_lock
                0x000000000000299c        0x2 /Applications/MounRiver Studio 2.app/Contents/Resources/app/resources/darwin/components/WCH/Toolchain/RISC-V Embedded GCC/bin/../lib/gcc/riscv-none-embed/8.2.0/../../../../riscv-none-embed/lib/rv32imacxw/ilp32/libg_nano.a(lib_a-mlock.o)
                0x000000000000299c                __malloc_lock
 .text.__malloc_unlock
                0x000000000000299e        0x2 /Applications/MounRiver Studio 2.app/Contents/Resources/app/resources/darwin/components/WCH/Toolchain/RISC-V Embedded GCC/bin/../lib/gcc/riscv-none-embed/8.2.0/../../../../riscv-none-embed/lib/rv32imacxw/ilp32/libg_nano.a(lib_a-mlock.o)
                0x000000000000299e                __malloc_unlock
 .text._read_r  0x00000000000029a0       0x2c /Applications/MounRiver Studio 2.app/Contents/Resources/app/resources/darwin/components/WCH/Toolchain/RISC-V Embedded GCC/bin/../lib/gcc/riscv-none-embed/8.2.0/../../../../riscv-none-embed/lib/rv32imacxw/ilp32/libg_nano.a(lib_a-readr.o)
                0x00000000000029a0                _read_r
 .text._close   0x00000000000029cc        0xc /Applications/MounRiver Studio 2.app/Contents/Resources/app/resources/darwin/components/WCH/Toolchain/RISC-V Embedded GCC/bin/../lib/gcc/riscv-none-embed/8.2.0/../../../../riscv-none-embed/lib/rv32imacxw/ilp32/libnosys.a(close.o)
                0x00000000000029cc                _close
 .text._fstat   0x00000000000029d8        0xc /Applications/MounRiver Studio 2.app/Contents/Resources/app/resources/darwin/components/WCH/Toolchain/RISC-V Embedded GCC/bin/../lib/gcc/riscv-none-embed/8.2.0/../../../../riscv-none-embed/lib/rv32imacxw/ilp32/libnosys.a(fstat.o)
                0x00000000000029d8                _fstat
 .text._isatty  0x00000000000029e4        0xc /Applications/MounRiver Studio 2.app/Contents/Resources/app/resources/darwin/components/WCH/Toolchain/RISC-V Embedded GCC/bin/../lib/gcc/riscv-none-embed/8.2.0/../../../../riscv-none-embed/lib/rv32imacxw/ilp32/libnosys.a(isatty.o)
                0x00000000000029e4                _isatty
 .text._lseek   0x00000000000029f0        0xc /Applications/MounRiver Studio 2.app/Contents/Resources/app/resources/darwin/components/WCH/Toolchain/RISC-V Embedded GCC/bin/../lib/gcc/riscv-none-embed/8.2.0/../../../../riscv-none-embed/lib/rv32imacxw/ilp32/libnosys.a(lseek.o)
                0x00000000000029f0                _lseek
 .text._read    0x00000000000029fc        0xc /Applications/MounRiver Studio 2.app/Contents/Resources/app/resources/darwin/components/WCH/Toolchain/RISC-V Embedded GCC/bin/../lib/gcc/riscv-none-embed/8.2.0/../../../../riscv-none-embed/lib/rv32imacxw/ilp32/libnosys.a(read.o)
                0x00000000000029fc                _read
 *(.rodata)
 *(.rodata*)
 .rodata.CSWTCH.19
                0x0000000000002a08        0xc ./User/main.o
 .rodata.CSWTCH.20
                0x0000000000002a14       0x14 ./User/main.o
 .rodata.CSWTCH.21
                0x0000000000002a28       0x14 ./User/main.o
 .rodata.CSWTCH.22
                0x0000000000002a3c        0xc ./User/main.o
 .rodata.main.str1.4
                0x0000000000002a48       0xab ./User/main.o
 *fill*         0x0000000000002af3        0x1 
 .rodata.printBasicSystemInfo.str1.4
                0x0000000000002af4      0x168 ./User/main.o
 .rodata.printBloodGlucoseInfo.str1.4
                0x0000000000002c5c       0xf5 ./User/main.o
 *fill*         0x0000000000002d51        0x3 
 .rodata.printHardwareCalibInfo.cst4
                0x0000000000002d54        0x4 ./User/main.o
 .rodata.printHardwareCalibInfo.str1.4
                0x0000000000002d58       0xc2 ./User/main.o
 *fill*         0x0000000000002e1a        0x2 
 .rodata.printTestRecords.str1.4
                0x0000000000002e1c       0x7e ./User/main.o
 *fill*         0x0000000000002e9a        0x2 
 .rodata.simulateTest.str1.4
                0x0000000000002e9c       0x65 ./User/main.o
 *fill*         0x0000000000002f01        0x3 
 .rodata.str1.4
                0x0000000000002f04       0x5e ./User/main.o
 *fill*         0x0000000000002f62        0x2 
 .rodata.SetDefaultParameters.cst4
                0x0000000000002f64        0x4 ./User/param_storage.o
 .rodata.SetDefaultParameters.str1.4
                0x0000000000002f68       0x17 ./User/param_storage.o
 *fill*         0x0000000000002f7f        0x1 
 .rodata.__divsf3
                0x0000000000002f80       0x80 /Applications/MounRiver Studio 2.app/Contents/Resources/app/resources/darwin/components/WCH/Toolchain/RISC-V Embedded GCC/bin/../lib/gcc/riscv-none-embed/8.2.0/rv32imacxw/ilp32/libgcc.a(divsf3.o)
 .rodata.__clz_tab
                0x0000000000003000      0x100 /Applications/MounRiver Studio 2.app/Contents/Resources/app/resources/darwin/components/WCH/Toolchain/RISC-V Embedded GCC/bin/../lib/gcc/riscv-none-embed/8.2.0/rv32imacxw/ilp32/libgcc.a(_clz.o)
                0x0000000000003000                __clz_tab
 .rodata.__sf_fake_stderr
                0x0000000000003100       0x20 /Applications/MounRiver Studio 2.app/Contents/Resources/app/resources/darwin/components/WCH/Toolchain/RISC-V Embedded GCC/bin/../lib/gcc/riscv-none-embed/8.2.0/../../../../riscv-none-embed/lib/rv32imacxw/ilp32/libg_nano.a(lib_a-findfp.o)
                0x0000000000003100                __sf_fake_stderr
 .rodata.__sf_fake_stdin
                0x0000000000003120       0x20 /Applications/MounRiver Studio 2.app/Contents/Resources/app/resources/darwin/components/WCH/Toolchain/RISC-V Embedded GCC/bin/../lib/gcc/riscv-none-embed/8.2.0/../../../../riscv-none-embed/lib/rv32imacxw/ilp32/libg_nano.a(lib_a-findfp.o)
                0x0000000000003120                __sf_fake_stdin
 .rodata.__sf_fake_stdout
                0x0000000000003140       0x20 /Applications/MounRiver Studio 2.app/Contents/Resources/app/resources/darwin/components/WCH/Toolchain/RISC-V Embedded GCC/bin/../lib/gcc/riscv-none-embed/8.2.0/../../../../riscv-none-embed/lib/rv32imacxw/ilp32/libg_nano.a(lib_a-findfp.o)
                0x0000000000003140                __sf_fake_stdout
 .rodata._vfprintf_r.str1.4
                0x0000000000003160       0x13 /Applications/MounRiver Studio 2.app/Contents/Resources/app/resources/darwin/components/WCH/Toolchain/RISC-V Embedded GCC/bin/../lib/gcc/riscv-none-embed/8.2.0/../../../../riscv-none-embed/lib/rv32imacxw/ilp32/libg_nano.a(lib_a-nano-vfprintf.o)
 *fill*         0x0000000000003173        0x1 
 .rodata._printf_i.str1.4
                0x0000000000003174       0x28 /Applications/MounRiver Studio 2.app/Contents/Resources/app/resources/darwin/components/WCH/Toolchain/RISC-V Embedded GCC/bin/../lib/gcc/riscv-none-embed/8.2.0/../../../../riscv-none-embed/lib/rv32imacxw/ilp32/libg_nano.a(lib_a-nano-vfprintf_i.o)
                                         0x25 (size before relaxing)
 *(.gnu.linkonce.t.*)
                0x000000000000319c                . = ALIGN (0x4)

.rela.dyn       0x000000000000319c        0x0
 .rela.init     0x000000000000319c        0x0 ./User/ch32v20x_it.o
 .rela.vector   0x000000000000319c        0x0 ./User/ch32v20x_it.o
 .rela.text.handle_reset
                0x000000000000319c        0x0 ./User/ch32v20x_it.o
 .rela.text._sbrk
                0x000000000000319c        0x0 ./User/ch32v20x_it.o
 .rela.sdata.curbrk.4652
                0x000000000000319c        0x0 ./User/ch32v20x_it.o
 .rela.text._vfprintf_r
                0x000000000000319c        0x0 ./User/ch32v20x_it.o
 .rela.text._sbrk_r
                0x000000000000319c        0x0 ./User/ch32v20x_it.o
 .rela.text._write_r
                0x000000000000319c        0x0 ./User/ch32v20x_it.o
 .rela.text._close_r
                0x000000000000319c        0x0 ./User/ch32v20x_it.o
 .rela.text._fstat_r
                0x000000000000319c        0x0 ./User/ch32v20x_it.o
 .rela.text._isatty_r
                0x000000000000319c        0x0 ./User/ch32v20x_it.o
 .rela.text._lseek_r
                0x000000000000319c        0x0 ./User/ch32v20x_it.o
 .rela.text._read_r
                0x000000000000319c        0x0 ./User/ch32v20x_it.o
 .rela.text._close
                0x000000000000319c        0x0 ./User/ch32v20x_it.o
 .rela.text._fstat
                0x000000000000319c        0x0 ./User/ch32v20x_it.o
 .rela.text._isatty
                0x000000000000319c        0x0 ./User/ch32v20x_it.o
 .rela.text._lseek
                0x000000000000319c        0x0 ./User/ch32v20x_it.o
 .rela.text._read
                0x000000000000319c        0x0 ./User/ch32v20x_it.o

.fini           0x000000000000319c        0x0
 *(SORT_NONE(.fini))
                0x000000000000319c                . = ALIGN (0x4)
                [!provide]                        PROVIDE (_etext = .)
                [!provide]                        PROVIDE (_eitcm = .)

.preinit_array  0x000000000000319c        0x0
                [!provide]                        PROVIDE (__preinit_array_start = .)
 *(.preinit_array)
                [!provide]                        PROVIDE (__preinit_array_end = .)

.init_array     0x000000000000319c        0x0
                [!provide]                        PROVIDE (__init_array_start = .)
 *(SORT_BY_INIT_PRIORITY(.init_array.*) SORT_BY_INIT_PRIORITY(.ctors.*))
 *(.init_array EXCLUDE_FILE(*crtend?.o *crtend.o *crtbegin?.o *crtbegin.o) .ctors)
                [!provide]                        PROVIDE (__init_array_end = .)

.fini_array     0x000000000000319c        0x0
                [!provide]                        PROVIDE (__fini_array_start = .)
 *(SORT_BY_INIT_PRIORITY(.fini_array.*) SORT_BY_INIT_PRIORITY(.dtors.*))
 *(.fini_array EXCLUDE_FILE(*crtend?.o *crtend.o *crtbegin?.o *crtbegin.o) .dtors)
                [!provide]                        PROVIDE (__fini_array_end = .)

.ctors
 *crtbegin.o(.ctors)
 *crtbegin?.o(.ctors)
 *(EXCLUDE_FILE(*crtend?.o *crtend.o) .ctors)
 *(SORT_BY_NAME(.ctors.*))
 *(.ctors)

.dtors
 *crtbegin.o(.dtors)
 *crtbegin?.o(.dtors)
 *(EXCLUDE_FILE(*crtend?.o *crtend.o) .dtors)
 *(SORT_BY_NAME(.dtors.*))
 *(.dtors)

.dalign         0x0000000020000000        0x0 load address 0x000000000000319c
                0x0000000020000000                . = ALIGN (0x4)
                0x0000000020000000                PROVIDE (_data_vma = .)

.dlalign        0x000000000000319c        0x0
                0x000000000000319c                . = ALIGN (0x4)
                0x000000000000319c                PROVIDE (_data_lma = .)

.data           0x0000000020000000       0xa0 load address 0x000000000000319c
 *(.gnu.linkonce.r.*)
 *(.data .data.*)
 .data.AHBPrescTable
                0x0000000020000000       0x10 ./User/system_ch32v20x.o
                0x0000000020000000                AHBPrescTable
 .data.APBAHBPrescTable
                0x0000000020000010       0x10 ./Peripheral/src/ch32v20x_rcc.o
 .data.impure_data
                0x0000000020000020       0x60 /Applications/MounRiver Studio 2.app/Contents/Resources/app/resources/darwin/components/WCH/Toolchain/RISC-V Embedded GCC/bin/../lib/gcc/riscv-none-embed/8.2.0/../../../../riscv-none-embed/lib/rv32imacxw/ilp32/libg_nano.a(lib_a-impure.o)
 *(.gnu.linkonce.d.*)
                0x0000000020000080                . = ALIGN (0x8)
                0x0000000020000880                PROVIDE (__global_pointer$ = (. + 0x800))
 *(.sdata .sdata.*)
 .sdata.testValue.5063
                0x0000000020000080        0x2 ./User/main.o
 *fill*         0x0000000020000082        0x2 
 .sdata.SystemCoreClock
                0x0000000020000084        0x4 ./User/system_ch32v20x.o
                0x0000000020000084                SystemCoreClock
 .sdata.ADCPrescTable
                0x0000000020000088        0x4 ./Peripheral/src/ch32v20x_rcc.o
 .sdata.curbrk.4652
                0x000000002000008c        0x4 ./Debug/debug.o
 .sdata._impure_ptr
                0x0000000020000090        0x4 /Applications/MounRiver Studio 2.app/Contents/Resources/app/resources/darwin/components/WCH/Toolchain/RISC-V Embedded GCC/bin/../lib/gcc/riscv-none-embed/8.2.0/../../../../riscv-none-embed/lib/rv32imacxw/ilp32/libg_nano.a(lib_a-impure.o)
                0x0000000020000090                _impure_ptr
 *(.sdata2.*)
 .sdata2.CSWTCH.32
                0x0000000020000094        0x7 ./User/param_storage.o
 *fill*         0x000000002000009b        0x1 
 .sdata2._global_impure_ptr
                0x000000002000009c        0x4 /Applications/MounRiver Studio 2.app/Contents/Resources/app/resources/darwin/components/WCH/Toolchain/RISC-V Embedded GCC/bin/../lib/gcc/riscv-none-embed/8.2.0/../../../../riscv-none-embed/lib/rv32imacxw/ilp32/libg_nano.a(lib_a-impure.o)
                0x000000002000009c                _global_impure_ptr
 *(.gnu.linkonce.s.*)
                0x00000000200000a0                . = ALIGN (0x8)
 *(.srodata.cst16)
 *(.srodata.cst8)
 *(.srodata.cst4)
 *(.srodata.cst2)
 *(.srodata .srodata.*)
                0x00000000200000a0                . = ALIGN (0x4)
                0x00000000200000a0                PROVIDE (_edata = .)

.bss            0x00000000200000a0      0x118 load address 0x000000000000323c
                0x00000000200000a0                . = ALIGN (0x4)
                0x00000000200000a0                PROVIDE (_sbss = .)
 *(.sbss*)
 .sbss.g_activeBlockAddr
                0x00000000200000a0        0x4 ./User/param_storage.o
 .sbss.g_isInitialized
                0x00000000200000a4        0x1 ./User/param_storage.o
 .sbss.MCU_Version
                0x00000000200000a5        0x1 ./Peripheral/src/ch32v20x_gpio.o
                0x00000000200000a5                MCU_Version
 *fill*         0x00000000200000a6        0x2 
 .sbss.NVIC_Priority_Group
                0x00000000200000a8        0x4 ./Peripheral/src/ch32v20x_misc.o
                0x00000000200000a8                NVIC_Priority_Group
 .sbss.p_ms     0x00000000200000ac        0x2 ./Debug/debug.o
 .sbss.p_us     0x00000000200000ae        0x1 ./Debug/debug.o
 *fill*         0x00000000200000af        0x1 
 .sbss.__malloc_free_list
                0x00000000200000b0        0x4 /Applications/MounRiver Studio 2.app/Contents/Resources/app/resources/darwin/components/WCH/Toolchain/RISC-V Embedded GCC/bin/../lib/gcc/riscv-none-embed/8.2.0/../../../../riscv-none-embed/lib/rv32imacxw/ilp32/libg_nano.a(lib_a-nano-mallocr.o)
                0x00000000200000b0                __malloc_free_list
 .sbss.__malloc_sbrk_start
                0x00000000200000b4        0x4 /Applications/MounRiver Studio 2.app/Contents/Resources/app/resources/darwin/components/WCH/Toolchain/RISC-V Embedded GCC/bin/../lib/gcc/riscv-none-embed/8.2.0/../../../../riscv-none-embed/lib/rv32imacxw/ilp32/libg_nano.a(lib_a-nano-mallocr.o)
                0x00000000200000b4                __malloc_sbrk_start
 *(.gnu.linkonce.sb.*)
 *(.bss*)
 .bss.g_basicParams
                0x00000000200000b8       0x16 ./User/main.o
 *fill*         0x00000000200000ce        0x2 
 .bss.g_bgParams
                0x00000000200000d0       0xb4 ./User/main.o
 .bss.g_calibParams
                0x0000000020000184       0x14 ./User/main.o
 .bss.g_testRecord
                0x0000000020000198       0x1a ./User/main.o
 *(.gnu.linkonce.b.*)
 *(COMMON*)
 *fill*         0x00000000200001b2        0x2 
 COMMON         0x00000000200001b4        0x4 /Applications/MounRiver Studio 2.app/Contents/Resources/app/resources/darwin/components/WCH/Toolchain/RISC-V Embedded GCC/bin/../lib/gcc/riscv-none-embed/8.2.0/../../../../riscv-none-embed/lib/rv32imacxw/ilp32/libg_nano.a(lib_a-reent.o)
                0x00000000200001b4                errno
                0x00000000200001b8                . = ALIGN (0x4)
                0x00000000200001b8                PROVIDE (_ebss = .)
                0x00000000200001b8                PROVIDE (_end = _ebss)
                [!provide]                        PROVIDE (end = .)

.stack          0x0000000020004800      0x800
                0x0000000020004800                PROVIDE (_heap_end = .)
                0x0000000020004800                . = ALIGN (0x4)
                [!provide]                        PROVIDE (_susrstack = .)
                0x0000000020005000                . = (. + __stack_size)
 *fill*         0x0000000020004800      0x800 
                0x0000000020005000                PROVIDE (_eusrstack = .)
OUTPUT(CH32V203G8R6.elf elf32-littleriscv)

.debug_info     0x0000000000000000     0xcc94
 .debug_info    0x0000000000000000      0xbb5 ./User/ch32v20x_it.o
 .debug_info    0x0000000000000bb5     0x1724 ./User/main.o
 .debug_info    0x00000000000022d9     0x27a5 ./User/param_storage.o
 .debug_info    0x0000000000004a7e      0xb30 ./User/system_ch32v20x.o
 .debug_info    0x00000000000055ae       0x22 ./Startup/startup_ch32v20x_D6.o
 .debug_info    0x00000000000055d0      0xa89 ./Peripheral/src/ch32v20x_dbgmcu.o
 .debug_info    0x0000000000006059     0x15d2 ./Peripheral/src/ch32v20x_flash.o
 .debug_info    0x000000000000762b     0x1349 ./Peripheral/src/ch32v20x_gpio.o
 .debug_info    0x0000000000008974      0xe61 ./Peripheral/src/ch32v20x_misc.o
 .debug_info    0x00000000000097d5     0x1268 ./Peripheral/src/ch32v20x_rcc.o
 .debug_info    0x000000000000aa3d     0x1335 ./Peripheral/src/ch32v20x_usart.o
 .debug_info    0x000000000000bd72      0xf22 ./Debug/debug.o

.debug_abbrev   0x0000000000000000     0x23a1
 .debug_abbrev  0x0000000000000000      0x22c ./User/ch32v20x_it.o
 .debug_abbrev  0x000000000000022c      0x2e1 ./User/main.o
 .debug_abbrev  0x000000000000050d      0x4df ./User/param_storage.o
 .debug_abbrev  0x00000000000009ec      0x2b0 ./User/system_ch32v20x.o
 .debug_abbrev  0x0000000000000c9c       0x12 ./Startup/startup_ch32v20x_D6.o
 .debug_abbrev  0x0000000000000cae      0x2f7 ./Peripheral/src/ch32v20x_dbgmcu.o
 .debug_abbrev  0x0000000000000fa5      0x468 ./Peripheral/src/ch32v20x_flash.o
 .debug_abbrev  0x000000000000140d      0x34b ./Peripheral/src/ch32v20x_gpio.o
 .debug_abbrev  0x0000000000001758      0x2ea ./Peripheral/src/ch32v20x_misc.o
 .debug_abbrev  0x0000000000001a42      0x36b ./Peripheral/src/ch32v20x_rcc.o
 .debug_abbrev  0x0000000000001dad      0x312 ./Peripheral/src/ch32v20x_usart.o
 .debug_abbrev  0x00000000000020bf      0x2e2 ./Debug/debug.o

.debug_aranges  0x0000000000000000      0x620
 .debug_aranges
                0x0000000000000000       0x28 ./User/ch32v20x_it.o
 .debug_aranges
                0x0000000000000028       0x48 ./User/main.o
 .debug_aranges
                0x0000000000000070       0xb8 ./User/param_storage.o
 .debug_aranges
                0x0000000000000128       0x28 ./User/system_ch32v20x.o
 .debug_aranges
                0x0000000000000150       0x30 ./Startup/startup_ch32v20x_D6.o
 .debug_aranges
                0x0000000000000180       0x48 ./Peripheral/src/ch32v20x_dbgmcu.o
 .debug_aranges
                0x00000000000001c8      0x110 ./Peripheral/src/ch32v20x_flash.o
 .debug_aranges
                0x00000000000002d8       0xb0 ./Peripheral/src/ch32v20x_gpio.o
 .debug_aranges
                0x0000000000000388       0x28 ./Peripheral/src/ch32v20x_misc.o
 .debug_aranges
                0x00000000000003b0      0x130 ./Peripheral/src/ch32v20x_rcc.o
 .debug_aranges
                0x00000000000004e0       0xf0 ./Peripheral/src/ch32v20x_usart.o
 .debug_aranges
                0x00000000000005d0       0x50 ./Debug/debug.o

.debug_ranges   0x0000000000000000      0x760
 .debug_ranges  0x0000000000000000       0x18 ./User/ch32v20x_it.o
 .debug_ranges  0x0000000000000018       0x98 ./User/main.o
 .debug_ranges  0x00000000000000b0      0x1f8 ./User/param_storage.o
 .debug_ranges  0x00000000000002a8       0x18 ./User/system_ch32v20x.o
 .debug_ranges  0x00000000000002c0       0x28 ./Startup/startup_ch32v20x_D6.o
 .debug_ranges  0x00000000000002e8       0x50 ./Peripheral/src/ch32v20x_dbgmcu.o
 .debug_ranges  0x0000000000000338      0x100 ./Peripheral/src/ch32v20x_flash.o
 .debug_ranges  0x0000000000000438       0xa0 ./Peripheral/src/ch32v20x_gpio.o
 .debug_ranges  0x00000000000004d8       0x48 ./Peripheral/src/ch32v20x_misc.o
 .debug_ranges  0x0000000000000520      0x120 ./Peripheral/src/ch32v20x_rcc.o
 .debug_ranges  0x0000000000000640       0xe0 ./Peripheral/src/ch32v20x_usart.o
 .debug_ranges  0x0000000000000720       0x40 ./Debug/debug.o

.debug_line     0x0000000000000000     0xa35c
 .debug_line    0x0000000000000000      0x37e ./User/ch32v20x_it.o
 .debug_line    0x000000000000037e      0xaf3 ./User/main.o
 .debug_line    0x0000000000000e71     0x1ced ./User/param_storage.o
 .debug_line    0x0000000000002b5e      0x69d ./User/system_ch32v20x.o
 .debug_line    0x00000000000031fb      0x121 ./Startup/startup_ch32v20x_D6.o
 .debug_line    0x000000000000331c      0x459 ./Peripheral/src/ch32v20x_dbgmcu.o
 .debug_line    0x0000000000003775     0x2620 ./Peripheral/src/ch32v20x_flash.o
 .debug_line    0x0000000000005d95     0x16f6 ./Peripheral/src/ch32v20x_gpio.o
 .debug_line    0x000000000000748b      0x4c8 ./Peripheral/src/ch32v20x_misc.o
 .debug_line    0x0000000000007953     0x127e ./Peripheral/src/ch32v20x_rcc.o
 .debug_line    0x0000000000008bd1      0xf61 ./Peripheral/src/ch32v20x_usart.o
 .debug_line    0x0000000000009b32      0x82a ./Debug/debug.o

.debug_str      0x0000000000000000     0x2701
 .debug_str     0x0000000000000000      0x642 ./User/ch32v20x_it.o
                                        0x6a5 (size before relaxing)
 .debug_str     0x0000000000000642      0x44b ./User/main.o
                                        0xa55 (size before relaxing)
 .debug_str     0x0000000000000a8d      0x64f ./User/param_storage.o
                                        0xf70 (size before relaxing)
 .debug_str     0x00000000000010dc       0xdd ./User/system_ch32v20x.o
                                        0x6c0 (size before relaxing)
 .debug_str     0x00000000000011b9       0x2d ./Startup/startup_ch32v20x_D6.o
                                         0x76 (size before relaxing)
 .debug_str     0x00000000000011e6       0xa6 ./Peripheral/src/ch32v20x_dbgmcu.o
                                        0x666 (size before relaxing)
 .debug_str     0x000000000000128c      0x426 ./Peripheral/src/ch32v20x_flash.o
                                        0xb3f (size before relaxing)
 .debug_str     0x00000000000016b2      0x3d8 ./Peripheral/src/ch32v20x_gpio.o
                                        0x9dc (size before relaxing)
 .debug_str     0x0000000000001a8a      0x401 ./Peripheral/src/ch32v20x_misc.o
                                        0xa9e (size before relaxing)
 .debug_str     0x0000000000001e8b      0x3f0 ./Peripheral/src/ch32v20x_rcc.o
                                        0xaee (size before relaxing)
 .debug_str     0x000000000000227b      0x3f5 ./Peripheral/src/ch32v20x_usart.o
                                        0xb0a (size before relaxing)
 .debug_str     0x0000000000002670       0x91 ./Debug/debug.o
                                        0x931 (size before relaxing)

.comment        0x0000000000000000       0x32
 .comment       0x0000000000000000       0x32 ./User/ch32v20x_it.o
                                         0x33 (size before relaxing)
 .comment       0x0000000000000032       0x33 ./User/main.o
 .comment       0x0000000000000032       0x33 ./User/param_storage.o
 .comment       0x0000000000000032       0x33 ./User/system_ch32v20x.o
 .comment       0x0000000000000032       0x33 ./Peripheral/src/ch32v20x_dbgmcu.o
 .comment       0x0000000000000032       0x33 ./Peripheral/src/ch32v20x_flash.o
 .comment       0x0000000000000032       0x33 ./Peripheral/src/ch32v20x_gpio.o
 .comment       0x0000000000000032       0x33 ./Peripheral/src/ch32v20x_misc.o
 .comment       0x0000000000000032       0x33 ./Peripheral/src/ch32v20x_rcc.o
 .comment       0x0000000000000032       0x33 ./Peripheral/src/ch32v20x_usart.o
 .comment       0x0000000000000032       0x33 ./Debug/debug.o
 .comment       0x0000000000000032       0x33 /Applications/MounRiver Studio 2.app/Contents/Resources/app/resources/darwin/components/WCH/Toolchain/RISC-V Embedded GCC/bin/../lib/gcc/riscv-none-embed/8.2.0/rv32imacxw/ilp32/libgcc.a(divsf3.o)
 .comment       0x0000000000000032       0x33 /Applications/MounRiver Studio 2.app/Contents/Resources/app/resources/darwin/components/WCH/Toolchain/RISC-V Embedded GCC/bin/../lib/gcc/riscv-none-embed/8.2.0/rv32imacxw/ilp32/libgcc.a(floatsisf.o)
 .comment       0x0000000000000032       0x33 /Applications/MounRiver Studio 2.app/Contents/Resources/app/resources/darwin/components/WCH/Toolchain/RISC-V Embedded GCC/bin/../lib/gcc/riscv-none-embed/8.2.0/rv32imacxw/ilp32/libgcc.a(extendsfdf2.o)
 .comment       0x0000000000000032       0x33 /Applications/MounRiver Studio 2.app/Contents/Resources/app/resources/darwin/components/WCH/Toolchain/RISC-V Embedded GCC/bin/../lib/gcc/riscv-none-embed/8.2.0/rv32imacxw/ilp32/libgcc.a(_clzsi2.o)
 .comment       0x0000000000000032       0x33 /Applications/MounRiver Studio 2.app/Contents/Resources/app/resources/darwin/components/WCH/Toolchain/RISC-V Embedded GCC/bin/../lib/gcc/riscv-none-embed/8.2.0/rv32imacxw/ilp32/libgcc.a(_clz.o)

.debug_frame    0x0000000000000000     0x1838
 .debug_frame   0x0000000000000000       0x30 ./User/ch32v20x_it.o
 .debug_frame   0x0000000000000030       0xe8 ./User/main.o
 .debug_frame   0x0000000000000118      0x31c ./User/param_storage.o
 .debug_frame   0x0000000000000434       0x30 ./User/system_ch32v20x.o
 .debug_frame   0x0000000000000464       0x70 ./Peripheral/src/ch32v20x_dbgmcu.o
 .debug_frame   0x00000000000004d4      0x380 ./Peripheral/src/ch32v20x_flash.o
 .debug_frame   0x0000000000000854      0x170 ./Peripheral/src/ch32v20x_gpio.o
 .debug_frame   0x00000000000009c4       0x30 ./Peripheral/src/ch32v20x_misc.o
 .debug_frame   0x00000000000009f4      0x254 ./Peripheral/src/ch32v20x_rcc.o
 .debug_frame   0x0000000000000c48      0x1e4 ./Peripheral/src/ch32v20x_usart.o
 .debug_frame   0x0000000000000e2c       0xb8 ./Debug/debug.o
 .debug_frame   0x0000000000000ee4       0x20 /Applications/MounRiver Studio 2.app/Contents/Resources/app/resources/darwin/components/WCH/Toolchain/RISC-V Embedded GCC/bin/../lib/gcc/riscv-none-embed/8.2.0/../../../../riscv-none-embed/lib/rv32imacxw/ilp32/libg_nano.a(lib_a-memcpy.o)
 .debug_frame   0x0000000000000f04       0x54 /Applications/MounRiver Studio 2.app/Contents/Resources/app/resources/darwin/components/WCH/Toolchain/RISC-V Embedded GCC/bin/../lib/gcc/riscv-none-embed/8.2.0/../../../../riscv-none-embed/lib/rv32imacxw/ilp32/libg_nano.a(lib_a-printf.o)
 .debug_frame   0x0000000000000f58       0x54 /Applications/MounRiver Studio 2.app/Contents/Resources/app/resources/darwin/components/WCH/Toolchain/RISC-V Embedded GCC/bin/../lib/gcc/riscv-none-embed/8.2.0/../../../../riscv-none-embed/lib/rv32imacxw/ilp32/libg_nano.a(lib_a-puts.o)
 .debug_frame   0x0000000000000fac       0x20 /Applications/MounRiver Studio 2.app/Contents/Resources/app/resources/darwin/components/WCH/Toolchain/RISC-V Embedded GCC/bin/../lib/gcc/riscv-none-embed/8.2.0/../../../../riscv-none-embed/lib/rv32imacxw/ilp32/libg_nano.a(lib_a-strcpy.o)
 .debug_frame   0x0000000000000fcc       0x50 /Applications/MounRiver Studio 2.app/Contents/Resources/app/resources/darwin/components/WCH/Toolchain/RISC-V Embedded GCC/bin/../lib/gcc/riscv-none-embed/8.2.0/../../../../riscv-none-embed/lib/rv32imacxw/ilp32/libg_nano.a(lib_a-wbuf.o)
 .debug_frame   0x000000000000101c       0x3c /Applications/MounRiver Studio 2.app/Contents/Resources/app/resources/darwin/components/WCH/Toolchain/RISC-V Embedded GCC/bin/../lib/gcc/riscv-none-embed/8.2.0/../../../../riscv-none-embed/lib/rv32imacxw/ilp32/libg_nano.a(lib_a-wsetup.o)
 .debug_frame   0x0000000000001058       0x7c /Applications/MounRiver Studio 2.app/Contents/Resources/app/resources/darwin/components/WCH/Toolchain/RISC-V Embedded GCC/bin/../lib/gcc/riscv-none-embed/8.2.0/../../../../riscv-none-embed/lib/rv32imacxw/ilp32/libg_nano.a(lib_a-fflush.o)
 .debug_frame   0x00000000000010d4      0x148 /Applications/MounRiver Studio 2.app/Contents/Resources/app/resources/darwin/components/WCH/Toolchain/RISC-V Embedded GCC/bin/../lib/gcc/riscv-none-embed/8.2.0/../../../../riscv-none-embed/lib/rv32imacxw/ilp32/libg_nano.a(lib_a-findfp.o)
 .debug_frame   0x000000000000121c       0x88 /Applications/MounRiver Studio 2.app/Contents/Resources/app/resources/darwin/components/WCH/Toolchain/RISC-V Embedded GCC/bin/../lib/gcc/riscv-none-embed/8.2.0/../../../../riscv-none-embed/lib/rv32imacxw/ilp32/libg_nano.a(lib_a-fwalk.o)
 .debug_frame   0x00000000000012a4       0x64 /Applications/MounRiver Studio 2.app/Contents/Resources/app/resources/darwin/components/WCH/Toolchain/RISC-V Embedded GCC/bin/../lib/gcc/riscv-none-embed/8.2.0/../../../../riscv-none-embed/lib/rv32imacxw/ilp32/libg_nano.a(lib_a-makebuf.o)
 .debug_frame   0x0000000000001308       0x40 /Applications/MounRiver Studio 2.app/Contents/Resources/app/resources/darwin/components/WCH/Toolchain/RISC-V Embedded GCC/bin/../lib/gcc/riscv-none-embed/8.2.0/../../../../riscv-none-embed/lib/rv32imacxw/ilp32/libg_nano.a(lib_a-nano-freer.o)
 .debug_frame   0x0000000000001348       0x40 /Applications/MounRiver Studio 2.app/Contents/Resources/app/resources/darwin/components/WCH/Toolchain/RISC-V Embedded GCC/bin/../lib/gcc/riscv-none-embed/8.2.0/../../../../riscv-none-embed/lib/rv32imacxw/ilp32/libg_nano.a(lib_a-nano-mallocr.o)
 .debug_frame   0x0000000000001388       0xd0 /Applications/MounRiver Studio 2.app/Contents/Resources/app/resources/darwin/components/WCH/Toolchain/RISC-V Embedded GCC/bin/../lib/gcc/riscv-none-embed/8.2.0/../../../../riscv-none-embed/lib/rv32imacxw/ilp32/libg_nano.a(lib_a-nano-vfprintf.o)
 .debug_frame   0x0000000000001458       0x8c /Applications/MounRiver Studio 2.app/Contents/Resources/app/resources/darwin/components/WCH/Toolchain/RISC-V Embedded GCC/bin/../lib/gcc/riscv-none-embed/8.2.0/../../../../riscv-none-embed/lib/rv32imacxw/ilp32/libg_nano.a(lib_a-nano-vfprintf_i.o)
 .debug_frame   0x00000000000014e4       0x30 /Applications/MounRiver Studio 2.app/Contents/Resources/app/resources/darwin/components/WCH/Toolchain/RISC-V Embedded GCC/bin/../lib/gcc/riscv-none-embed/8.2.0/../../../../riscv-none-embed/lib/rv32imacxw/ilp32/libg_nano.a(lib_a-sbrkr.o)
 .debug_frame   0x0000000000001514       0xa4 /Applications/MounRiver Studio 2.app/Contents/Resources/app/resources/darwin/components/WCH/Toolchain/RISC-V Embedded GCC/bin/../lib/gcc/riscv-none-embed/8.2.0/../../../../riscv-none-embed/lib/rv32imacxw/ilp32/libg_nano.a(lib_a-stdio.o)
 .debug_frame   0x00000000000015b8       0x30 /Applications/MounRiver Studio 2.app/Contents/Resources/app/resources/darwin/components/WCH/Toolchain/RISC-V Embedded GCC/bin/../lib/gcc/riscv-none-embed/8.2.0/../../../../riscv-none-embed/lib/rv32imacxw/ilp32/libg_nano.a(lib_a-writer.o)
 .debug_frame   0x00000000000015e8       0x30 /Applications/MounRiver Studio 2.app/Contents/Resources/app/resources/darwin/components/WCH/Toolchain/RISC-V Embedded GCC/bin/../lib/gcc/riscv-none-embed/8.2.0/../../../../riscv-none-embed/lib/rv32imacxw/ilp32/libg_nano.a(lib_a-closer.o)
 .debug_frame   0x0000000000001618       0x30 /Applications/MounRiver Studio 2.app/Contents/Resources/app/resources/darwin/components/WCH/Toolchain/RISC-V Embedded GCC/bin/../lib/gcc/riscv-none-embed/8.2.0/../../../../riscv-none-embed/lib/rv32imacxw/ilp32/libg_nano.a(lib_a-fstatr.o)
 .debug_frame   0x0000000000001648       0x30 /Applications/MounRiver Studio 2.app/Contents/Resources/app/resources/darwin/components/WCH/Toolchain/RISC-V Embedded GCC/bin/../lib/gcc/riscv-none-embed/8.2.0/../../../../riscv-none-embed/lib/rv32imacxw/ilp32/libg_nano.a(lib_a-isattyr.o)
 .debug_frame   0x0000000000001678       0x30 /Applications/MounRiver Studio 2.app/Contents/Resources/app/resources/darwin/components/WCH/Toolchain/RISC-V Embedded GCC/bin/../lib/gcc/riscv-none-embed/8.2.0/../../../../riscv-none-embed/lib/rv32imacxw/ilp32/libg_nano.a(lib_a-lseekr.o)
 .debug_frame   0x00000000000016a8       0x20 /Applications/MounRiver Studio 2.app/Contents/Resources/app/resources/darwin/components/WCH/Toolchain/RISC-V Embedded GCC/bin/../lib/gcc/riscv-none-embed/8.2.0/../../../../riscv-none-embed/lib/rv32imacxw/ilp32/libg_nano.a(lib_a-memchr.o)
 .debug_frame   0x00000000000016c8       0x30 /Applications/MounRiver Studio 2.app/Contents/Resources/app/resources/darwin/components/WCH/Toolchain/RISC-V Embedded GCC/bin/../lib/gcc/riscv-none-embed/8.2.0/../../../../riscv-none-embed/lib/rv32imacxw/ilp32/libg_nano.a(lib_a-mlock.o)
 .debug_frame   0x00000000000016f8       0x30 /Applications/MounRiver Studio 2.app/Contents/Resources/app/resources/darwin/components/WCH/Toolchain/RISC-V Embedded GCC/bin/../lib/gcc/riscv-none-embed/8.2.0/../../../../riscv-none-embed/lib/rv32imacxw/ilp32/libg_nano.a(lib_a-readr.o)
 .debug_frame   0x0000000000001728       0x70 /Applications/MounRiver Studio 2.app/Contents/Resources/app/resources/darwin/components/WCH/Toolchain/RISC-V Embedded GCC/bin/../lib/gcc/riscv-none-embed/8.2.0/../../../../riscv-none-embed/lib/rv32imacxw/ilp32/libg_nano.a(lib_a-reent.o)
 .debug_frame   0x0000000000001798       0x20 /Applications/MounRiver Studio 2.app/Contents/Resources/app/resources/darwin/components/WCH/Toolchain/RISC-V Embedded GCC/bin/../lib/gcc/riscv-none-embed/8.2.0/../../../../riscv-none-embed/lib/rv32imacxw/ilp32/libnosys.a(close.o)
 .debug_frame   0x00000000000017b8       0x20 /Applications/MounRiver Studio 2.app/Contents/Resources/app/resources/darwin/components/WCH/Toolchain/RISC-V Embedded GCC/bin/../lib/gcc/riscv-none-embed/8.2.0/../../../../riscv-none-embed/lib/rv32imacxw/ilp32/libnosys.a(fstat.o)
 .debug_frame   0x00000000000017d8       0x20 /Applications/MounRiver Studio 2.app/Contents/Resources/app/resources/darwin/components/WCH/Toolchain/RISC-V Embedded GCC/bin/../lib/gcc/riscv-none-embed/8.2.0/../../../../riscv-none-embed/lib/rv32imacxw/ilp32/libnosys.a(isatty.o)
 .debug_frame   0x00000000000017f8       0x20 /Applications/MounRiver Studio 2.app/Contents/Resources/app/resources/darwin/components/WCH/Toolchain/RISC-V Embedded GCC/bin/../lib/gcc/riscv-none-embed/8.2.0/../../../../riscv-none-embed/lib/rv32imacxw/ilp32/libnosys.a(lseek.o)
 .debug_frame   0x0000000000001818       0x20 /Applications/MounRiver Studio 2.app/Contents/Resources/app/resources/darwin/components/WCH/Toolchain/RISC-V Embedded GCC/bin/../lib/gcc/riscv-none-embed/8.2.0/../../../../riscv-none-embed/lib/rv32imacxw/ilp32/libnosys.a(read.o)

.debug_loc      0x0000000000000000     0x3b0d
 .debug_loc     0x0000000000000000      0x261 ./User/main.o
 .debug_loc     0x0000000000000261     0x11f8 ./User/param_storage.o
 .debug_loc     0x0000000000001459       0xac ./User/system_ch32v20x.o
 .debug_loc     0x0000000000001505       0x7c ./Peripheral/src/ch32v20x_dbgmcu.o
 .debug_loc     0x0000000000001581      0xc9b ./Peripheral/src/ch32v20x_flash.o
 .debug_loc     0x000000000000221c      0x8a1 ./Peripheral/src/ch32v20x_gpio.o
 .debug_loc     0x0000000000002abd       0x2d ./Peripheral/src/ch32v20x_misc.o
 .debug_loc     0x0000000000002aea      0x797 ./Peripheral/src/ch32v20x_rcc.o
 .debug_loc     0x0000000000003281      0x715 ./Peripheral/src/ch32v20x_usart.o
 .debug_loc     0x0000000000003996      0x177 ./Debug/debug.o

.stab           0x0000000000000000       0x84
 .stab          0x0000000000000000       0x24 /Applications/MounRiver Studio 2.app/Contents/Resources/app/resources/darwin/components/WCH/Toolchain/RISC-V Embedded GCC/bin/../lib/gcc/riscv-none-embed/8.2.0/../../../../riscv-none-embed/lib/rv32imacxw/ilp32/libnosys.a(close.o)
 .stab          0x0000000000000024       0x18 /Applications/MounRiver Studio 2.app/Contents/Resources/app/resources/darwin/components/WCH/Toolchain/RISC-V Embedded GCC/bin/../lib/gcc/riscv-none-embed/8.2.0/../../../../riscv-none-embed/lib/rv32imacxw/ilp32/libnosys.a(fstat.o)
                                         0x24 (size before relaxing)
 .stab          0x000000000000003c       0x18 /Applications/MounRiver Studio 2.app/Contents/Resources/app/resources/darwin/components/WCH/Toolchain/RISC-V Embedded GCC/bin/../lib/gcc/riscv-none-embed/8.2.0/../../../../riscv-none-embed/lib/rv32imacxw/ilp32/libnosys.a(isatty.o)
                                         0x24 (size before relaxing)
 .stab          0x0000000000000054       0x18 /Applications/MounRiver Studio 2.app/Contents/Resources/app/resources/darwin/components/WCH/Toolchain/RISC-V Embedded GCC/bin/../lib/gcc/riscv-none-embed/8.2.0/../../../../riscv-none-embed/lib/rv32imacxw/ilp32/libnosys.a(lseek.o)
                                         0x24 (size before relaxing)
 .stab          0x000000000000006c       0x18 /Applications/MounRiver Studio 2.app/Contents/Resources/app/resources/darwin/components/WCH/Toolchain/RISC-V Embedded GCC/bin/../lib/gcc/riscv-none-embed/8.2.0/../../../../riscv-none-embed/lib/rv32imacxw/ilp32/libnosys.a(read.o)
                                         0x24 (size before relaxing)

.stabstr        0x0000000000000000      0x117
 .stabstr       0x0000000000000000      0x117 /Applications/MounRiver Studio 2.app/Contents/Resources/app/resources/darwin/components/WCH/Toolchain/RISC-V Embedded GCC/bin/../lib/gcc/riscv-none-embed/8.2.0/../../../../riscv-none-embed/lib/rv32imacxw/ilp32/libnosys.a(close.o)
