Archive member included to satisfy reference by file (symbol)

/Applications/MounRiver Studio 2.app/Contents/Resources/app/resources/darwin/components/WCH/Toolchain/RISC-V Embedded GCC/bin/../lib/gcc/riscv-none-embed/8.2.0/rv32imacxw/ilp32/libgcc.a(gesf2.o)
                              ./User/strip_detect.o (__gtsf2)
/Applications/MounRiver Studio 2.app/Contents/Resources/app/resources/darwin/components/WCH/Toolchain/RISC-V Embedded GCC/bin/../lib/gcc/riscv-none-embed/8.2.0/rv32imacxw/ilp32/libgcc.a(mulsf3.o)
                              ./User/strip_detect.o (__mulsf3)
/Applications/MounRiver Studio 2.app/Contents/Resources/app/resources/darwin/components/WCH/Toolchain/RISC-V Embedded GCC/bin/../lib/gcc/riscv-none-embed/8.2.0/rv32imacxw/ilp32/libgcc.a(floatunsisf.o)
                              ./User/strip_detect.o (__floatunsisf)
/Applications/MounRiver Studio 2.app/Contents/Resources/app/resources/darwin/components/WCH/Toolchain/RISC-V Embedded GCC/bin/../lib/gcc/riscv-none-embed/8.2.0/rv32imacxw/ilp32/libgcc.a(extendsfdf2.o)
                              ./User/strip_detect.o (__extendsfdf2)
/Applications/MounRiver Studio 2.app/Contents/Resources/app/resources/darwin/components/WCH/Toolchain/RISC-V Embedded GCC/bin/../lib/gcc/riscv-none-embed/8.2.0/rv32imacxw/ilp32/libgcc.a(save-restore.o)
                              ./User/main.o (__riscv_save_9)
/Applications/MounRiver Studio 2.app/Contents/Resources/app/resources/darwin/components/WCH/Toolchain/RISC-V Embedded GCC/bin/../lib/gcc/riscv-none-embed/8.2.0/rv32imacxw/ilp32/libgcc.a(_clzsi2.o)
                              /Applications/MounRiver Studio 2.app/Contents/Resources/app/resources/darwin/components/WCH/Toolchain/RISC-V Embedded GCC/bin/../lib/gcc/riscv-none-embed/8.2.0/rv32imacxw/ilp32/libgcc.a(mulsf3.o) (__clzsi2)
/Applications/MounRiver Studio 2.app/Contents/Resources/app/resources/darwin/components/WCH/Toolchain/RISC-V Embedded GCC/bin/../lib/gcc/riscv-none-embed/8.2.0/rv32imacxw/ilp32/libgcc.a(_clz.o)
                              /Applications/MounRiver Studio 2.app/Contents/Resources/app/resources/darwin/components/WCH/Toolchain/RISC-V Embedded GCC/bin/../lib/gcc/riscv-none-embed/8.2.0/rv32imacxw/ilp32/libgcc.a(_clzsi2.o) (__clz_tab)
/Applications/MounRiver Studio 2.app/Contents/Resources/app/resources/darwin/components/WCH/Toolchain/RISC-V Embedded GCC/bin/../lib/gcc/riscv-none-embed/8.2.0/../../../../riscv-none-embed/lib/rv32imacxw/ilp32/libg_nano.a(lib_a-memcpy.o)
                              ./User/main.o (memcpy)
/Applications/MounRiver Studio 2.app/Contents/Resources/app/resources/darwin/components/WCH/Toolchain/RISC-V Embedded GCC/bin/../lib/gcc/riscv-none-embed/8.2.0/../../../../riscv-none-embed/lib/rv32imacxw/ilp32/libg_nano.a(lib_a-memset.o)
                              ./User/main.o (memset)
/Applications/MounRiver Studio 2.app/Contents/Resources/app/resources/darwin/components/WCH/Toolchain/RISC-V Embedded GCC/bin/../lib/gcc/riscv-none-embed/8.2.0/../../../../riscv-none-embed/lib/rv32imacxw/ilp32/libg_nano.a(lib_a-printf.o)
                              ./User/main.o (printf)
/Applications/MounRiver Studio 2.app/Contents/Resources/app/resources/darwin/components/WCH/Toolchain/RISC-V Embedded GCC/bin/../lib/gcc/riscv-none-embed/8.2.0/../../../../riscv-none-embed/lib/rv32imacxw/ilp32/libg_nano.a(lib_a-puts.o)
                              ./User/main.o (puts)
/Applications/MounRiver Studio 2.app/Contents/Resources/app/resources/darwin/components/WCH/Toolchain/RISC-V Embedded GCC/bin/../lib/gcc/riscv-none-embed/8.2.0/../../../../riscv-none-embed/lib/rv32imacxw/ilp32/libg_nano.a(lib_a-wbuf.o)
                              /Applications/MounRiver Studio 2.app/Contents/Resources/app/resources/darwin/components/WCH/Toolchain/RISC-V Embedded GCC/bin/../lib/gcc/riscv-none-embed/8.2.0/../../../../riscv-none-embed/lib/rv32imacxw/ilp32/libg_nano.a(lib_a-puts.o) (__swbuf_r)
/Applications/MounRiver Studio 2.app/Contents/Resources/app/resources/darwin/components/WCH/Toolchain/RISC-V Embedded GCC/bin/../lib/gcc/riscv-none-embed/8.2.0/../../../../riscv-none-embed/lib/rv32imacxw/ilp32/libg_nano.a(lib_a-wsetup.o)
                              /Applications/MounRiver Studio 2.app/Contents/Resources/app/resources/darwin/components/WCH/Toolchain/RISC-V Embedded GCC/bin/../lib/gcc/riscv-none-embed/8.2.0/../../../../riscv-none-embed/lib/rv32imacxw/ilp32/libg_nano.a(lib_a-puts.o) (__swsetup_r)
/Applications/MounRiver Studio 2.app/Contents/Resources/app/resources/darwin/components/WCH/Toolchain/RISC-V Embedded GCC/bin/../lib/gcc/riscv-none-embed/8.2.0/../../../../riscv-none-embed/lib/rv32imacxw/ilp32/libg_nano.a(lib_a-fflush.o)
                              /Applications/MounRiver Studio 2.app/Contents/Resources/app/resources/darwin/components/WCH/Toolchain/RISC-V Embedded GCC/bin/../lib/gcc/riscv-none-embed/8.2.0/../../../../riscv-none-embed/lib/rv32imacxw/ilp32/libg_nano.a(lib_a-wbuf.o) (_fflush_r)
[...]
Memory Configuration

Name             Origin             Length             Attributes
FLASH            0x0000000000000000 0x0000000000010000 xr
RAM              0x0000000020000000 0x0000000000005000 xrw
*default*        0x0000000000000000 0xffffffffffffffff

Linker script and memory map

LOAD ./User/ch32v20x_it.o
LOAD ./User/main.o
LOAD ./User/param_table.o
LOAD ./User/rtc.o
LOAD ./User/strip_detect.o
LOAD ./User/system_ch32v20x.o
LOAD ./User/system_state.o
LOAD ./User/uart_protocol.o
LOAD ./User/uart_protocol_stubs.o
LOAD ./Startup/startup_ch32v20x_D6.o
LOAD ./Peripheral/src/ch32v20x_adc.o
LOAD ./Peripheral/src/ch32v20x_bkp.o
LOAD ./Peripheral/src/ch32v20x_can.o
LOAD ./Peripheral/src/ch32v20x_crc.o
LOAD ./Peripheral/src/ch32v20x_dbgmcu.o
LOAD ./Peripheral/src/ch32v20x_dma.o
LOAD ./Peripheral/src/ch32v20x_exti.o
LOAD ./Peripheral/src/ch32v20x_flash.o
LOAD ./Peripheral/src/ch32v20x_gpio.o
LOAD ./Peripheral/src/ch32v20x_i2c.o
LOAD ./Peripheral/src/ch32v20x_iwdg.o
LOAD ./Peripheral/src/ch32v20x_misc.o
LOAD ./Peripheral/src/ch32v20x_opa.o
LOAD ./Peripheral/src/ch32v20x_pwr.o
LOAD ./Peripheral/src/ch32v20x_rcc.o
LOAD ./Peripheral/src/ch32v20x_rtc.o
LOAD ./Peripheral/src/ch32v20x_spi.o
LOAD ./Peripheral/src/ch32v20x_tim.o
LOAD ./Peripheral/src/ch32v20x_usart.o
LOAD ./Peripheral/src/ch32v20x_wwdg.o
LOAD ./Debug/debug.o
LOAD ./Core/core_riscv.o
LOAD /Applications/MounRiver Studio 2.app/Contents/Resources/app/resources/darwin/components/WCH/Toolchain/RISC-V Embedded GCC/bin/../lib/gcc/riscv-none-embed/8.2.0/rv32imacxw/ilp32/libgcc.a
LOAD /Applications/MounRiver Studio 2.app/Contents/Resources/app/resources/darwin/components/WCH/Toolchain/RISC-V Embedded GCC/bin/../lib/gcc/riscv-none-embed/8.2.0/../../../../riscv-none-embed/lib/rv32imacxw/ilp32/libg_nano.a
LOAD /Applications/MounRiver Studio 2.app/Contents/Resources/app/resources/darwin/components/WCH/Toolchain/RISC-V Embedded GCC/bin/../lib/gcc/riscv-none-embed/8.2.0/../../../../riscv-none-embed/lib/rv32imacxw/ilp32/libc_nano.a
LOAD /Applications/MounRiver Studio 2.app/Contents/Resources/app/resources/darwin/components/WCH/Toolchain/RISC-V Embedded GCC/bin/../lib/gcc/riscv-none-embed/8.2.0/rv32imacxw/ilp32/libgcc.a
START GROUP
LOAD /Applications/MounRiver Studio 2.app/Contents/Resources/app/resources/darwin/components/WCH/Toolchain/RISC-V Embedded GCC/bin/../lib/gcc/riscv-none-embed/8.2.0/rv32imacxw/ilp32/libgcc.a
LOAD /Applications/MounRiver Studio 2.app/Contents/Resources/app/resources/darwin/components/WCH/Toolchain/RISC-V Embedded GCC/bin/../lib/gcc/riscv-none-embed/8.2.0/../../../../riscv-none-embed/lib/rv32imacxw/ilp32/libc_nano.a
LOAD /Applications/MounRiver Studio 2.app/Contents/Resources/app/resources/darwin/components/WCH/Toolchain/RISC-V Embedded GCC/bin/../lib/gcc/riscv-none-embed/8.2.0/../../../../riscv-none-embed/lib/rv32imacxw/ilp32/libnosys.a
END GROUP
START GROUP
LOAD /Applications/MounRiver Studio 2.app/Contents/Resources/app/resources/darwin/components/WCH/Toolchain/RISC-V Embedded GCC/bin/../lib/gcc/riscv-none-embed/8.2.0/rv32imacxw/ilp32/libgcc.a
LOAD /Applications/MounRiver Studio 2.app/Contents/Resources/app/resources/darwin/components/WCH/Toolchain/RISC-V Embedded GCC/bin/../lib/gcc/riscv-none-embed/8.2.0/../../../../riscv-none-embed/lib/rv32imacxw/ilp32/libc_nano.a
LOAD /Applications/MounRiver Studio 2.app/Contents/Resources/app/resources/darwin/components/WCH/Toolchain/RISC-V Embedded GCC/bin/../lib/gcc/riscv-none-embed/8.2.0/../../../../riscv-none-embed/lib/rv32imacxw/ilp32/libnosys.a
END GROUP
                0x0000000000000800                __stack_size = 0x800
                [!provide]                        PROVIDE (_stack_size = __stack_size)

.init           0x0000000000000000        0x4
                0x0000000000000000                _sinit = .
                0x0000000000000000                . = ALIGN (0x4)
 *(SORT_NONE(.init))
 .init          0x0000000000000000        0x4 ./Startup/startup_ch32v20x_D6.o
                0x0000000000000000                _start
                0x0000000000000004                . = ALIGN (0x4)
                0x0000000000000004                _einit = .

.vector         0x0000000000000004       0xfc
 *(.vector)
 .vector        0x0000000000000004       0xfc ./Startup/startup_ch32v20x_D6.o
                0x0000000000000100                . = ALIGN (0x40)

.text           0x0000000000000100     0x4f94
                0x0000000000000100                . = ALIGN (0x4)
 *(.text)
 .text          0x0000000000000100       0x60 /Applications/MounRiver Studio 2.app/Contents/Resources/app/resources/darwin/components/WCH/Toolchain/RISC-V Embedded GCC/bin/../lib/gcc/riscv-none-embed/8.2.0/rv32imacxw/ilp32/libgcc.a(save-restore.o)
                0x0000000000000100                __riscv_save_12
                0x0000000000000108                __riscv_save_10
                0x0000000000000108                __riscv_save_8
                0x0000000000000108                __riscv_save_11
                0x0000000000000108                __riscv_save_9
                0x0000000000000116                __riscv_save_4
                0x0000000000000116                __riscv_save_7
                0x0000000000000116                __riscv_save_6
                0x0000000000000116                __riscv_save_5
                0x0000000000000130                __riscv_save_3
                0x0000000000000130                __riscv_save_2
                0x0000000000000130                __riscv_save_0
                0x0000000000000130                __riscv_save_1
                0x000000000000013c                __riscv_restore_12
                0x0000000000000140                __riscv_restore_8
                0x0000000000000140                __riscv_restore_10
                0x0000000000000140                __riscv_restore_9
                0x0000000000000140                __riscv_restore_11
                0x000000000000014a                __riscv_restore_5
                0x000000000000014a                __riscv_restore_7
                0x000000000000014a                __riscv_restore_4
                0x000000000000014a                __riscv_restore_6
                0x0000000000000154                __riscv_restore_3
                0x0000000000000154                __riscv_restore_1
                0x0000000000000154                __riscv_restore_0
                0x0000000000000154                __riscv_restore_2
 .text          0x0000000000000160       0xa8 /Applications/MounRiver Studio 2.app/Contents/Resources/app/resources/darwin/components/WCH/Toolchain/RISC-V Embedded GCC/bin/../lib/gcc/riscv-none-embed/8.2.0/../../../../riscv-none-embed/lib/rv32imacxw/ilp32/libg_nano.a(lib_a-memset.o)
                0x0000000000000160                memset
 *(.text.*)
 .text.NMI_Handler
                0x0000000000000208        0x2 ./User/ch32v20x_it.o
                0x0000000000000208                NMI_Handler
 .text.HardFault_Handler
                0x000000000000020a       0x10 ./User/ch32v20x_it.o
                0x000000000000020a                HardFault_Handler
 .text.USARTx_CFG
                0x000000000000021a       0xa4 ./User/main.o
                0x000000000000021a                USARTx_CFG
 .text.DMA_INIT
                0x00000000000002be       0x96 ./User/main.o
                0x00000000000002be                DMA_INIT
 .text.ring_buffer_push_huge
                0x0000000000000354       0x9a ./User/main.o
                0x0000000000000354                ring_buffer_push_huge
 .text.OPA2_Init
                0x00000000000003ee       0x62 ./User/main.o
                0x00000000000003ee                OPA2_Init
 .text.TIM1_PWM_Init
                0x0000000000000450       0xde ./User/main.o
                0x0000000000000450                TIM1_PWM_Init
 .text.State_Process
                0x000000000000052e      0x3d2 ./User/main.o
                0x000000000000052e                State_Process
 .text.startup.main
                0x0000000000000900      0x10e ./User/main.o
                0x0000000000000900                main
 .text.USART2_IRQHandler
                0x0000000000000a0e       0xd0 ./User/main.o
                0x0000000000000a0e                USART2_IRQHandler
 .text.DMA1_Channel6_IRQHandler
                0x0000000000000ade       0x90 ./User/main.o
                0x0000000000000ade                DMA1_Channel6_IRQHandler
 .text.PARAM_GetByte
                0x0000000000000b6e       0x16 ./User/param_table.o
                0x0000000000000b6e                PARAM_GetByte
 .text.PARAM_SetByte
                0x0000000000000b84       0x12 ./User/param_table.o
                0x0000000000000b84                PARAM_SetByte
 .text.PARAM_GetWord
                0x0000000000000b96       0x1c ./User/param_table.o
                0x0000000000000b96                PARAM_GetWord
 .text.PARAM_SetWord
                0x0000000000000bb2       0x16 ./User/param_table.o
                0x0000000000000bb2                PARAM_SetWord
 .text.PARAM_VerifyChecksum
                0x0000000000000bc8       0x34 ./User/param_table.o
                0x0000000000000bc8                PARAM_VerifyChecksum
 .text.PARAM_UpdateChecksum
                0x0000000000000bfc       0x3e ./User/param_table.o
                0x0000000000000bfc                PARAM_UpdateChecksum
 .text.PARAM_SaveToFlash
                0x0000000000000c3a       0x3a ./User/param_table.o
                0x0000000000000c3a                PARAM_SaveToFlash
 .text.PARAM_LoadFromFlash
                0x0000000000000c74       0x26 ./User/param_table.o
                0x0000000000000c74                PARAM_LoadFromFlash
 .text.PARAM_SetDefault
                0x0000000000000c9a      0x13c ./User/param_table.o
                0x0000000000000c9a                PARAM_SetDefault
 .text.PARAM_Init
                0x0000000000000dd6       0x2e ./User/param_table.o
                0x0000000000000dd6                PARAM_Init
 .text.StripType_GetName
                0x0000000000000e04       0x20 ./User/param_table.o
                0x0000000000000e04                StripType_GetName
 .text.Unit_GetSymbol
                0x0000000000000e24       0x20 ./User/param_table.o
                0x0000000000000e24                Unit_GetSymbol
 .text.PARAM_GetDateTime
                0x0000000000000e44       0x42 ./User/param_table.o
                0x0000000000000e44                PARAM_GetDateTime
 .text.PARAM_SetDateTime
                0x0000000000000e86       0x6a ./User/param_table.o
                0x0000000000000e86                PARAM_SetDateTime
 .text.PARAM_GetStripParameters
                0x0000000000000ef0       0x5a ./User/param_table.o
                0x0000000000000ef0                PARAM_GetStripParameters
 .text.PARAM_GetTimingParameters
                0x0000000000000f4a       0xdc ./User/param_table.o
                0x0000000000000f4a                PARAM_GetTimingParameters
 .text.RTC_SetTime
                0x0000000000001026       0xca ./User/rtc.o
                0x0000000000001026                RTC_SetTime
 .text.RTC_GetTime
                0x00000000000010f0       0xa6 ./User/rtc.o
                0x00000000000010f0                RTC_GetTime
 .text.RTC_SyncWithParam
                0x0000000000001196       0x4a ./User/rtc.o
                0x0000000000001196                RTC_SyncWithParam
 .text.RTC_Init
                0x00000000000011e0       0x5e ./User/rtc.o
                0x00000000000011e0                RTC_Init
 .text.RTC_UpdateParam
                0x000000000000123e       0x60 ./User/rtc.o
                0x000000000000123e                RTC_UpdateParam
 .text.RTC_Config
                0x000000000000129e       0x76 ./User/rtc.o
                0x000000000000129e                RTC_Config
 .text.STRIP_DETECT_DetermineStripType
                0x0000000000001314       0x62 ./User/strip_detect.o
 .text.STRIP_DETECT_UpdateWPWMDuty
                0x0000000000001376       0x60 ./User/strip_detect.o
 .text.STRIP_DETECT_ReadADC.constprop.0
                0x00000000000013d6       0x3a ./User/strip_detect.o
 .text.STRIP_DETECT_Init
                0x0000000000001410       0xdc ./User/strip_detect.o
                0x0000000000001410                STRIP_DETECT_Init
 .text.STRIP_DETECT_Process
                0x00000000000014ec      0x114 ./User/strip_detect.o
                0x00000000000014ec                STRIP_DETECT_Process
 .text.STRIP_DETECT_HandleInsertedEvent
                0x0000000000001600       0xa0 ./User/strip_detect.o
                0x0000000000001600                STRIP_DETECT_HandleInsertedEvent
 .text.STRIP_DETECT_GetStripType
                0x00000000000016a0        0xa ./User/strip_detect.o
                0x00000000000016a0                STRIP_DETECT_GetStripType
 .text.STRIP_DETECT_SetPinStatus
                0x00000000000016aa        0xe ./User/strip_detect.o
                0x00000000000016aa                STRIP_DETECT_SetPinStatus
 .text.SystemInit
                0x00000000000016b8       0x8e ./User/system_ch32v20x.o
                0x00000000000016b8                SystemInit
 .text.System_SetState
                0x0000000000001746       0x24 ./User/system_state.o
                0x0000000000001746                System_SetState
 .text.System_GetState
                0x000000000000176a        0x6 ./User/system_state.o
                0x000000000000176a                System_GetState
 .text.UART_Protocol_Init
                0x0000000000001770       0x44 ./User/uart_protocol.o
                0x0000000000001770                UART_Protocol_Init
 .text.UART_CalculateChecksum
                0x00000000000017b4       0x22 ./User/uart_protocol.o
                0x00000000000017b4                UART_CalculateChecksum
 .text.UART_SendPacket.part.1
                0x00000000000017d6       0x8a ./User/uart_protocol.o
 .text.UART_VerifyChecksum
                0x0000000000001860       0x2c ./User/uart_protocol.o
                0x0000000000001860                UART_VerifyChecksum
 .text.UART_SendPacket
                0x000000000000188c       0x16 ./User/uart_protocol.o
                0x000000000000188c                UART_SendPacket
 .text.UART_SendSyncTimeAck
                0x00000000000018a2       0x18 ./User/uart_protocol.o
                0x00000000000018a2                UART_SendSyncTimeAck
 .text.UART_SendStatusAck
                0x00000000000018ba       0x46 ./User/uart_protocol.o
                0x00000000000018ba                UART_SendStatusAck
 .text.UART_SendParamAck
                0x0000000000001900       0x18 ./User/uart_protocol.o
                0x0000000000001900                UART_SendParamAck
 .text.UART_SendBloodNotify
                0x0000000000001918       0x18 ./User/uart_protocol.o
                0x0000000000001918                UART_SendBloodNotify
 .text.UART_SendResultAck
                0x0000000000001930       0xb4 ./User/uart_protocol.o
                0x0000000000001930                UART_SendResultAck
 .text.UART_SendRawDataAck
                0x00000000000019e4      0x146 ./User/uart_protocol.o
                0x00000000000019e4                UART_SendRawDataAck
 .text.UART_SendErrorAck
                0x0000000000001b2a       0x1c ./User/uart_protocol.o
                0x0000000000001b2a                UART_SendErrorAck
 .text.UART_ProcessSyncTime
                0x0000000000001b46       0xfe ./User/uart_protocol.o
                0x0000000000001b46                UART_ProcessSyncTime
 .text.UART_ProcessGetStatus
                0x0000000000001c44       0x34 ./User/uart_protocol.o
                0x0000000000001c44                UART_ProcessGetStatus
 .text.UART_ProcessSetParam
                0x0000000000001c78       0x4c ./User/uart_protocol.o
                0x0000000000001c78                UART_ProcessSetParam
 .text.UART_ProcessCheckBlood
                0x0000000000001cc4       0x56 ./User/uart_protocol.o
                0x0000000000001cc4                UART_ProcessCheckBlood
 .text.UART_ProcessGetResult
                0x0000000000001d1a       0x76 ./User/uart_protocol.o
                0x0000000000001d1a                UART_ProcessGetResult
 .text.UART_ProcessGetRawData
                0x0000000000001d90       0x44 ./User/uart_protocol.o
                0x0000000000001d90                UART_ProcessGetRawData
 .text.UART2_Receive_Byte_ISR
                0x0000000000001dd4       0xee ./User/uart_protocol.o
                0x0000000000001dd4                UART2_Receive_Byte_ISR
 .text.UART_ProcessStripInsertedCmd
                0x0000000000001ec2       0x82 ./User/uart_protocol.o
                0x0000000000001ec2                UART_ProcessStripInsertedCmd
 .text.UART_ProcessPacket
                0x0000000000001f44       0x98 ./User/uart_protocol.o
                0x0000000000001f44                UART_ProcessPacket
 .text.UART_Protocol_Process
                0x0000000000001fdc       0x46 ./User/uart_protocol.o
                0x0000000000001fdc                UART_Protocol_Process
 .text.UART_SendStripTypeAck
                0x0000000000002022       0x3c ./User/uart_protocol.o
                0x0000000000002022                UART_SendStripTypeAck
 .text.Get_Battery_Voltage
                0x000000000000205e        0xe ./User/uart_protocol_stubs.o
                0x000000000000205e                Get_Battery_Voltage
 .text.Get_Temperature
                0x000000000000206c        0x6 ./User/uart_protocol_stubs.o
                0x000000000000206c                Get_Temperature
 .text.Check_Strip_Status
                0x0000000000002072        0x4 ./User/uart_protocol_stubs.o
                0x0000000000002072                Check_Strip_Status
 .text.Check_Blood_Status
                0x0000000000002076       0x20 ./User/uart_protocol_stubs.o
                0x0000000000002076                Check_Blood_Status
 .text.Perform_Test
                0x0000000000002096        0x4 ./User/uart_protocol_stubs.o
                0x0000000000002096                Perform_Test
 .text.Get_Test_Data
                0x000000000000209a       0x7a ./User/uart_protocol_stubs.o
                0x000000000000209a                Get_Test_Data
 .text.Get_Raw_Test_Data
                0x0000000000002114       0x90 ./User/uart_protocol_stubs.o
                0x0000000000002114                Get_Raw_Test_Data
 .text.vector_handler
                0x00000000000021a4        0x2 ./Startup/startup_ch32v20x_D6.o
                0x00000000000021a4                USBWakeUp_IRQHandler
                0x00000000000021a4                TIM1_CC_IRQHandler
                0x00000000000021a4                SysTick_Handler
                0x00000000000021a4                PVD_IRQHandler
                0x00000000000021a4                EXTI3_IRQHandler
                0x00000000000021a4                USBFS_IRQHandler
                0x00000000000021a4                EXTI0_IRQHandler
                0x00000000000021a4                I2C2_EV_IRQHandler
                0x00000000000021a4                ADC1_2_IRQHandler
                0x00000000000021a4                Break_Point_Handler
                0x00000000000021a4                SPI1_IRQHandler
                0x00000000000021a4                TAMPER_IRQHandler
                0x00000000000021a4                Ecall_M_Mode_Handler
                0x00000000000021a4                DMA1_Channel4_IRQHandler
                0x00000000000021a4                USART3_IRQHandler
                0x00000000000021a4                RTC_IRQHandler
                0x00000000000021a4                DMA1_Channel7_IRQHandler
                0x00000000000021a4                CAN1_RX1_IRQHandler
                0x00000000000021a4                TIM4_IRQHandler
                0x00000000000021a4                I2C1_EV_IRQHandler
                0x00000000000021a4                UART4_IRQHandler
                0x00000000000021a4                TIM3_IRQHandler
                0x00000000000021a4                RCC_IRQHandler
                0x00000000000021a4                TIM1_TRG_COM_IRQHandler
                0x00000000000021a4                DMA1_Channel1_IRQHandler
                0x00000000000021a4                EXTI15_10_IRQHandler
                0x00000000000021a4                DMA1_Channel8_IRQHandler
                0x00000000000021a4                EXTI9_5_IRQHandler
                0x00000000000021a4                SPI2_IRQHandler
                0x00000000000021a4                DMA1_Channel5_IRQHandler
                0x00000000000021a4                EXTI4_IRQHandler
                0x00000000000021a4                USB_LP_CAN1_RX0_IRQHandler
                0x00000000000021a4                USB_HP_CAN1_TX_IRQHandler
                0x00000000000021a4                DMA1_Channel3_IRQHandler
                0x00000000000021a4                TIM1_UP_IRQHandler
                0x00000000000021a4                WWDG_IRQHandler
                0x00000000000021a4                Ecall_U_Mode_Handler
                0x00000000000021a4                TIM2_IRQHandler
                0x00000000000021a4                SW_Handler
                0x00000000000021a4                TIM1_BRK_IRQHandler
                0x00000000000021a4                EXTI1_IRQHandler
                0x00000000000021a4                RTCAlarm_IRQHandler
                0x00000000000021a4                I2C2_ER_IRQHandler
                0x00000000000021a4                DMA1_Channel2_IRQHandler
                0x00000000000021a4                CAN1_SCE_IRQHandler
                0x00000000000021a4                FLASH_IRQHandler
                0x00000000000021a4                USBFSWakeUp_IRQHandler
                0x00000000000021a4                USART1_IRQHandler
                0x00000000000021a4                I2C1_ER_IRQHandler
                0x00000000000021a4                EXTI2_IRQHandler
 .text.handle_reset
                0x00000000000021a6       0x86 ./Startup/startup_ch32v20x_D6.o
                0x00000000000021a6                handle_reset
 .text.ADC_DeInit
                0x000000000000222c       0x40 ./Peripheral/src/ch32v20x_adc.o
                0x000000000000222c                ADC_DeInit
 .text.ADC_Init
                0x000000000000226c       0x56 ./Peripheral/src/ch32v20x_adc.o
                0x000000000000226c                ADC_Init
 .text.ADC_Cmd  0x00000000000022c2       0x10 ./Peripheral/src/ch32v20x_adc.o
                0x00000000000022c2                ADC_Cmd
 .text.ADC_ResetCalibration
                0x00000000000022d2        0xa ./Peripheral/src/ch32v20x_adc.o
                0x00000000000022d2                ADC_ResetCalibration
 .text.ADC_GetResetCalibrationStatus
                0x00000000000022dc        0x8 ./Peripheral/src/ch32v20x_adc.o
                0x00000000000022dc                ADC_GetResetCalibrationStatus
 .text.ADC_StartCalibration
                0x00000000000022e4        0xa ./Peripheral/src/ch32v20x_adc.o
                0x00000000000022e4                ADC_StartCalibration
 .text.ADC_GetCalibrationStatus
                0x00000000000022ee        0x8 ./Peripheral/src/ch32v20x_adc.o
                0x00000000000022ee                ADC_GetCalibrationStatus
 .text.ADC_SoftwareStartConvCmd
                0x00000000000022f6       0x18 ./Peripheral/src/ch32v20x_adc.o
                0x00000000000022f6                ADC_SoftwareStartConvCmd
 .text.ADC_RegularChannelConfig
                0x000000000000230e       0xb8 ./Peripheral/src/ch32v20x_adc.o
                0x000000000000230e                ADC_RegularChannelConfig
 .text.ADC_GetConversionValue
                0x00000000000023c6        0x8 ./Peripheral/src/ch32v20x_adc.o
                0x00000000000023c6                ADC_GetConversionValue
 .text.ADC_GetFlagStatus
                0x00000000000023ce        0xa ./Peripheral/src/ch32v20x_adc.o
                0x00000000000023ce                ADC_GetFlagStatus
 .text.BKP_DeInit
                0x00000000000023d8       0x10 ./Peripheral/src/ch32v20x_bkp.o
                0x00000000000023d8                BKP_DeInit
 .text.BKP_WriteBackupRegister
                0x00000000000023e8       0x1c ./Peripheral/src/ch32v20x_bkp.o
                0x00000000000023e8                BKP_WriteBackupRegister
 .text.BKP_ReadBackupRegister
                0x0000000000002404       0x1c ./Peripheral/src/ch32v20x_bkp.o
                0x0000000000002404                BKP_ReadBackupRegister
 .text.DMA_DeInit
                0x0000000000002420       0x9c ./Peripheral/src/ch32v20x_dma.o
                0x0000000000002420                DMA_DeInit
 .text.DMA_Init
                0x00000000000024bc       0x38 ./Peripheral/src/ch32v20x_dma.o
                0x00000000000024bc                DMA_Init
 .text.DMA_Cmd  0x00000000000024f4       0x14 ./Peripheral/src/ch32v20x_dma.o
                0x00000000000024f4                DMA_Cmd
 .text.DMA_ITConfig
                0x0000000000002508       0x12 ./Peripheral/src/ch32v20x_dma.o
                0x0000000000002508                DMA_ITConfig
 .text.DMA_SetCurrDataCounter
                0x000000000000251a        0x4 ./Peripheral/src/ch32v20x_dma.o
                0x000000000000251a                DMA_SetCurrDataCounter
 .text.DMA_ClearITPendingBit
                0x000000000000251e        0x8 ./Peripheral/src/ch32v20x_dma.o
                0x000000000000251e                DMA_ClearITPendingBit
 .text.FLASH_Unlock
                0x0000000000002526       0x1a ./Peripheral/src/ch32v20x_flash.o
                0x0000000000002526                FLASH_Unlock
 .text.FLASH_Lock
                0x0000000000002540        0xe ./Peripheral/src/ch32v20x_flash.o
                0x0000000000002540                FLASH_Lock
 .text.FLASH_GetBank1Status
                0x000000000000254e       0x18 ./Peripheral/src/ch32v20x_flash.o
                0x000000000000254e                FLASH_GetBank1Status
 .text.FLASH_WaitForLastOperation
                0x0000000000002566       0x24 ./Peripheral/src/ch32v20x_flash.o
                0x0000000000002566                FLASH_WaitForLastOperation
 .text.FLASH_ErasePage
                0x000000000000258a       0x3c ./Peripheral/src/ch32v20x_flash.o
                0x000000000000258a                FLASH_ErasePage
 .text.FLASH_ProgramHalfWord
                0x00000000000025c6       0x38 ./Peripheral/src/ch32v20x_flash.o
                0x00000000000025c6                FLASH_ProgramHalfWord
 .text.GPIO_Init
                0x00000000000025fe       0xf2 ./Peripheral/src/ch32v20x_gpio.o
                0x00000000000025fe                GPIO_Init
 .text.GPIO_SetBits
                0x00000000000026f0       0x14 ./Peripheral/src/ch32v20x_gpio.o
                0x00000000000026f0                GPIO_SetBits
 .text.GPIO_ResetBits
                0x0000000000002704       0x14 ./Peripheral/src/ch32v20x_gpio.o
                0x0000000000002704                GPIO_ResetBits
 .text.NVIC_PriorityGroupConfig
                0x0000000000002718        0x6 ./Peripheral/src/ch32v20x_misc.o
                0x0000000000002718                NVIC_PriorityGroupConfig
 .text.NVIC_Init
                0x000000000000271e       0x54 ./Peripheral/src/ch32v20x_misc.o
                0x000000000000271e                NVIC_Init
 .text.OPA_Init
                0x0000000000002772       0x36 ./Peripheral/src/ch32v20x_opa.o
                0x0000000000002772                OPA_Init
 .text.OPA_Cmd  0x00000000000027a8       0x2c ./Peripheral/src/ch32v20x_opa.o
                0x00000000000027a8                OPA_Cmd
 .text.PWR_BackupAccessCmd
                0x00000000000027d4       0x16 ./Peripheral/src/ch32v20x_pwr.o
                0x00000000000027d4                PWR_BackupAccessCmd
 .text.RCC_ADCCLKConfig
                0x00000000000027ea       0x12 ./Peripheral/src/ch32v20x_rcc.o
                0x00000000000027ea                RCC_ADCCLKConfig
 .text.RCC_LSICmd
                0x00000000000027fc       0x14 ./Peripheral/src/ch32v20x_rcc.o
                0x00000000000027fc                RCC_LSICmd
 .text.RCC_RTCCLKConfig
                0x0000000000002810        0xc ./Peripheral/src/ch32v20x_rcc.o
                0x0000000000002810                RCC_RTCCLKConfig
 .text.RCC_RTCCLKCmd
                0x000000000000281c       0x20 ./Peripheral/src/ch32v20x_rcc.o
                0x000000000000281c                RCC_RTCCLKCmd
 .text.RCC_GetClocksFreq
                0x000000000000283c       0xbe ./Peripheral/src/ch32v20x_rcc.o
                0x000000000000283c                RCC_GetClocksFreq
 .text.RCC_AHBPeriphClockCmd
                0x00000000000028fa       0x1e ./Peripheral/src/ch32v20x_rcc.o
                0x00000000000028fa                RCC_AHBPeriphClockCmd
 .text.RCC_APB2PeriphClockCmd
                0x0000000000002918       0x1e ./Peripheral/src/ch32v20x_rcc.o
                0x0000000000002918                RCC_APB2PeriphClockCmd
 .text.RCC_APB1PeriphClockCmd
                0x0000000000002936       0x1e ./Peripheral/src/ch32v20x_rcc.o
                0x0000000000002936                RCC_APB1PeriphClockCmd
 .text.RCC_APB2PeriphResetCmd
                0x0000000000002954       0x1e ./Peripheral/src/ch32v20x_rcc.o
                0x0000000000002954                RCC_APB2PeriphResetCmd
 .text.RCC_BackupResetCmd
                0x0000000000002972       0x20 ./Peripheral/src/ch32v20x_rcc.o
                0x0000000000002972                RCC_BackupResetCmd
 .text.RCC_GetFlagStatus
                0x0000000000002992       0x2e ./Peripheral/src/ch32v20x_rcc.o
                0x0000000000002992                RCC_GetFlagStatus
 .text.RTC_ITConfig
                0x00000000000029c0       0x1a ./Peripheral/src/ch32v20x_rtc.o
                0x00000000000029c0                RTC_ITConfig
 .text.RTC_EnterConfigMode
                0x00000000000029da       0x12 ./Peripheral/src/ch32v20x_rtc.o
                0x00000000000029da                RTC_EnterConfigMode
 .text.RTC_ExitConfigMode
                0x00000000000029ec       0x18 ./Peripheral/src/ch32v20x_rtc.o
                0x00000000000029ec                RTC_ExitConfigMode
 .text.RTC_GetCounter
                0x0000000000002a04       0x5a ./Peripheral/src/ch32v20x_rtc.o
                0x0000000000002a04                RTC_GetCounter
 .text.RTC_SetCounter
                0x0000000000002a5e       0x2c ./Peripheral/src/ch32v20x_rtc.o
                0x0000000000002a5e                RTC_SetCounter
 .text.RTC_SetPrescaler
                0x0000000000002a8a       0x2e ./Peripheral/src/ch32v20x_rtc.o
                0x0000000000002a8a                RTC_SetPrescaler
 .text.RTC_WaitForLastTask
                0x0000000000002ab8       0x10 ./Peripheral/src/ch32v20x_rtc.o
                0x0000000000002ab8                RTC_WaitForLastTask
 .text.RTC_WaitForSynchro
                0x0000000000002ac8       0x24 ./Peripheral/src/ch32v20x_rtc.o
                0x0000000000002ac8                RTC_WaitForSynchro
 .text.TIM_TimeBaseInit
                0x0000000000002aec       0x6a ./Peripheral/src/ch32v20x_tim.o
                0x0000000000002aec                TIM_TimeBaseInit
 .text.TIM_OC3Init
                0x0000000000002b56       0x94 ./Peripheral/src/ch32v20x_tim.o
                0x0000000000002b56                TIM_OC3Init
 .text.TIM_BDTRConfig
                0x0000000000002bea       0x20 ./Peripheral/src/ch32v20x_tim.o
                0x0000000000002bea                TIM_BDTRConfig
 .text.TIM_Cmd  0x0000000000002c0a       0x18 ./Peripheral/src/ch32v20x_tim.o
                0x0000000000002c0a                TIM_Cmd
 .text.TIM_CtrlPWMOutputs
                0x0000000000002c22       0x16 ./Peripheral/src/ch32v20x_tim.o
                0x0000000000002c22                TIM_CtrlPWMOutputs
 .text.TIM_ARRPreloadConfig
                0x0000000000002c38       0x1a ./Peripheral/src/ch32v20x_tim.o
                0x0000000000002c38                TIM_ARRPreloadConfig
 .text.TIM_OC3PreloadConfig
                0x0000000000002c52        0xe ./Peripheral/src/ch32v20x_tim.o
                0x0000000000002c52                TIM_OC3PreloadConfig
 .text.TIM_SetCompare3
                0x0000000000002c60        0x4 ./Peripheral/src/ch32v20x_tim.o
                0x0000000000002c60                TIM_SetCompare3
 .text.USART_Init
                0x0000000000002c64       0x90 ./Peripheral/src/ch32v20x_usart.o
                0x0000000000002c64                USART_Init
 .text.USART_Cmd
                0x0000000000002cf4       0x16 ./Peripheral/src/ch32v20x_usart.o
                0x0000000000002cf4                USART_Cmd
 .text.USART_ITConfig
                0x0000000000002d0a       0x36 ./Peripheral/src/ch32v20x_usart.o
                0x0000000000002d0a                USART_ITConfig
 .text.USART_DMACmd
                0x0000000000002d40       0x12 ./Peripheral/src/ch32v20x_usart.o
                0x0000000000002d40                USART_DMACmd
 .text.USART_SendData
                0x0000000000002d52        0x8 ./Peripheral/src/ch32v20x_usart.o
                0x0000000000002d52                USART_SendData
 .text.USART_ReceiveData
                0x0000000000002d5a        0x8 ./Peripheral/src/ch32v20x_usart.o
                0x0000000000002d5a                USART_ReceiveData
 .text.USART_GetFlagStatus
                0x0000000000002d62        0xa ./Peripheral/src/ch32v20x_usart.o
                0x0000000000002d62                USART_GetFlagStatus
 .text.USART_GetITStatus
                0x0000000000002d6c       0x3c ./Peripheral/src/ch32v20x_usart.o
                0x0000000000002d6c                USART_GetITStatus
 .text.Delay_Init
                0x0000000000002da8       0x2a ./Debug/debug.o
                0x0000000000002da8                Delay_Init
 .text.Delay_Ms
                0x0000000000002dd2       0x36 ./Debug/debug.o
                0x0000000000002dd2                Delay_Ms
 .text.USART_Printf_Init
                0x0000000000002e08       0x5a ./Debug/debug.o
                0x0000000000002e08                USART_Printf_Init
 .text._write   0x0000000000002e62       0x3e ./Debug/debug.o
                0x0000000000002e62                _write
 .text._sbrk    0x0000000000002ea0       0x26 ./Debug/debug.o
                0x0000000000002ea0                _sbrk
 .text.__gesf2  0x0000000000002ec6       0x86 /Applications/MounRiver Studio 2.app/Contents/Resources/app/resources/darwin/components/WCH/Toolchain/RISC-V Embedded GCC/bin/../lib/gcc/riscv-none-embed/8.2.0/rv32imacxw/ilp32/libgcc.a(gesf2.o)
                0x0000000000002ec6                __gtsf2
                0x0000000000002ec6                __gesf2
 .text.__mulsf3
                0x0000000000002f4c      0x290 /Applications/MounRiver Studio 2.app/Contents/Resources/app/resources/darwin/components/WCH/Toolchain/RISC-V Embedded GCC/bin/../lib/gcc/riscv-none-embed/8.2.0/rv32imacxw/ilp32/libgcc.a(mulsf3.o)
                0x0000000000002f4c                __mulsf3
 .text.__floatunsisf
                0x00000000000031dc       0xce /Applications/MounRiver Studio 2.app/Contents/Resources/app/resources/darwin/components/WCH/Toolchain/RISC-V Embedded GCC/bin/../lib/gcc/riscv-none-embed/8.2.0/rv32imacxw/ilp32/libgcc.a(floatunsisf.o)
                0x00000000000031dc                __floatunsisf
 .text.__extendsfdf2
                0x00000000000032aa       0xac /Applications/MounRiver Studio 2.app/Contents/Resources/app/resources/darwin/components/WCH/Toolchain/RISC-V Embedded GCC/bin/../lib/gcc/riscv-none-embed/8.2.0/rv32imacxw/ilp32/libgcc.a(extendsfdf2.o)
                0x00000000000032aa                __extendsfdf2
 .text.__clzsi2
                0x0000000000003356       0x6e /Applications/MounRiver Studio 2.app/Contents/Resources/app/resources/darwin/components/WCH/Toolchain/RISC-V Embedded GCC/bin/../lib/gcc/riscv-none-embed/8.2.0/rv32imacxw/ilp32/libgcc.a(_clzsi2.o)
                0x0000000000003356                __clzsi2
 .text.memcpy   0x00000000000033c4       0xb2 /Applications/MounRiver Studio 2.app/Contents/Resources/app/resources/darwin/components/WCH/Toolchain/RISC-V Embedded GCC/bin/../lib/gcc/riscv-none-embed/8.2.0/../../../../riscv-none-embed/lib/rv32imacxw/ilp32/libg_nano.a(lib_a-memcpy.o)
                0x00000000000033c4                memcpy
 .text.printf   0x0000000000003476       0x40 /Applications/MounRiver Studio 2.app/Contents/Resources/app/resources/darwin/components/WCH/Toolchain/RISC-V Embedded GCC/bin/../lib/gcc/riscv-none-embed/8.2.0/../../../../riscv-none-embed/lib/rv32imacxw/ilp32/libg_nano.a(lib_a-printf.o)
                0x0000000000003476                printf
                0x0000000000003476                iprintf
 .text._puts_r  0x00000000000034b6       0xd4 /Applications/MounRiver Studio 2.app/Contents/Resources/app/resources/darwin/components/WCH/Toolchain/RISC-V Embedded GCC/bin/../lib/gcc/riscv-none-embed/8.2.0/../../../../riscv-none-embed/lib/rv32imacxw/ilp32/libg_nano.a(lib_a-puts.o)
                0x00000000000034b6                _puts_r
 .text.puts     0x000000000000358a        0xc /Applications/MounRiver Studio 2.app/Contents/Resources/app/resources/darwin/components/WCH/Toolchain/RISC-V Embedded GCC/bin/../lib/gcc/riscv-none-embed/8.2.0/../../../../riscv-none-embed/lib/rv32imacxw/ilp32/libg_nano.a(lib_a-puts.o)
                0x000000000000358a                puts
 .text.__swbuf_r
                0x0000000000003596       0xbc /Applications/MounRiver Studio 2.app/Contents/Resources/app/resources/darwin/components/WCH/Toolchain/RISC-V Embedded GCC/bin/../lib/gcc/riscv-none-embed/8.2.0/../../../../riscv-none-embed/lib/rv32imacxw/ilp32/libg_nano.a(lib_a-wbuf.o)
                0x0000000000003596                __swbuf_r
 .text.__swsetup_r
                0x0000000000003652       0xfc /Applications/MounRiver Studio 2.app/Contents/Resources/app/resources/darwin/components/WCH/Toolchain/RISC-V Embedded GCC/bin/../lib/gcc/riscv-none-embed/8.2.0/../../../../riscv-none-embed/lib/rv32imacxw/ilp32/libg_nano.a(lib_a-wsetup.o)
                0x0000000000003652                __swsetup_r
 .text.__sflush_r
                0x000000000000374e      0x130 /Applications/MounRiver Studio 2.app/Contents/Resources/app/resources/darwin/components/WCH/Toolchain/RISC-V Embedded GCC/bin/../lib/gcc/riscv-none-embed/8.2.0/../../../../riscv-none-embed/lib/rv32imacxw/ilp32/libg_nano.a(lib_a-fflush.o)
                0x000000000000374e                __sflush_r
 .text._fflush_r
                0x000000000000387e       0x66 /Applications/MounRiver Studio 2.app/Contents/Resources/app/resources/darwin/components/WCH/Toolchain/RISC-V Embedded GCC/bin/../lib/gcc/riscv-none-embed/8.2.0/../../../../riscv-none-embed/lib/rv32imacxw/ilp32/libg_nano.a(lib_a-fflush.o)
                0x000000000000387e                _fflush_r
 .text.std      0x00000000000038e4       0x66 /Applications/MounRiver Studio 2.app/Contents/Resources/app/resources/darwin/components/WCH/Toolchain/RISC-V Embedded GCC/bin/../lib/gcc/riscv-none-embed/8.2.0/../../../../riscv-none-embed/lib/rv32imacxw/ilp32/libg_nano.a(lib_a-findfp.o)
 .text._cleanup_r
                0x000000000000394a        0xa /Applications/MounRiver Studio 2.app/Contents/Resources/app/resources/darwin/components/WCH/Toolchain/RISC-V Embedded GCC/bin/../lib/gcc/riscv-none-embed/8.2.0/../../../../riscv-none-embed/lib/rv32imacxw/ilp32/libg_nano.a(lib_a-findfp.o)
                0x000000000000394a                _cleanup_r
 .text.__sfmoreglue
                0x0000000000003954       0x46 /Applications/MounRiver Studio 2.app/Contents/Resources/app/resources/darwin/components/WCH/Toolchain/RISC-V Embedded GCC/bin/../lib/gcc/riscv-none-embed/8.2.0/../../../../riscv-none-embed/lib/rv32imacxw/ilp32/libg_nano.a(lib_a-findfp.o)
                0x0000000000003954                __sfmoreglue
 .text.__sinit  0x000000000000399a       0x6c /Applications/MounRiver Studio 2.app/Contents/Resources/app/resources/darwin/components/WCH/Toolchain/RISC-V Embedded GCC/bin/../lib/gcc/riscv-none-embed/8.2.0/../../../../riscv-none-embed/lib/rv32imacxw/ilp32/libg_nano.a(lib_a-findfp.o)
                0x000000000000399a                __sinit
 .text.__sfp    0x0000000000003a06       0xa0 /Applications/MounRiver Studio 2.app/Contents/Resources/app/resources/darwin/components/WCH/Toolchain/RISC-V Embedded GCC/bin/../lib/gcc/riscv-none-embed/8.2.0/../../../../riscv-none-embed/lib/rv32imacxw/ilp32/libg_nano.a(lib_a-findfp.o)
                0x0000000000003a06                __sfp
 .text._fwalk_reent
                0x0000000000003aa6       0x6a /Applications/MounRiver Studio 2.app/Contents/Resources/app/resources/darwin/components/WCH/Toolchain/RISC-V Embedded GCC/bin/../lib/gcc/riscv-none-embed/8.2.0/../../../../riscv-none-embed/lib/rv32imacxw/ilp32/libg_nano.a(lib_a-fwalk.o)
                0x0000000000003aa6                _fwalk_reent
 .text.__swhatbuf_r
                0x0000000000003b10       0x58 /Applications/MounRiver Studio 2.app/Contents/Resources/app/resources/darwin/components/WCH/Toolchain/RISC-V Embedded GCC/bin/../lib/gcc/riscv-none-embed/8.2.0/../../../../riscv-none-embed/lib/rv32imacxw/ilp32/libg_nano.a(lib_a-makebuf.o)
                0x0000000000003b10                __swhatbuf_r
 .text.__smakebuf_r
                0x0000000000003b68       0x92 /Applications/MounRiver Studio 2.app/Contents/Resources/app/resources/darwin/components/WCH/Toolchain/RISC-V Embedded GCC/bin/../lib/gcc/riscv-none-embed/8.2.0/../../../../riscv-none-embed/lib/rv32imacxw/ilp32/libg_nano.a(lib_a-makebuf.o)
                0x0000000000003b68                __smakebuf_r
 .text._free_r  0x0000000000003bfa       0xa8 /Applications/MounRiver Studio 2.app/Contents/Resources/app/resources/darwin/components/WCH/Toolchain/RISC-V Embedded GCC/bin/../lib/gcc/riscv-none-embed/8.2.0/../../../../riscv-none-embed/lib/rv32imacxw/ilp32/libg_nano.a(lib_a-nano-freer.o)
                0x0000000000003bfa                _free_r
 .text._malloc_r
                0x0000000000003ca2       0xd4 /Applications/MounRiver Studio 2.app/Contents/Resources/app/resources/darwin/components/WCH/Toolchain/RISC-V Embedded GCC/bin/../lib/gcc/riscv-none-embed/8.2.0/../../../../riscv-none-embed/lib/rv32imacxw/ilp32/libg_nano.a(lib_a-nano-mallocr.o)
                0x0000000000003ca2                _malloc_r
 .text.__sfputc_r
                0x0000000000003d76       0x28 /Applications/MounRiver Studio 2.app/Contents/Resources/app/resources/darwin/components/WCH/Toolchain/RISC-V Embedded GCC/bin/../lib/gcc/riscv-none-embed/8.2.0/../../../../riscv-none-embed/lib/rv32imacxw/ilp32/libg_nano.a(lib_a-nano-vfprintf.o)
 .text.__sfputs_r
                0x0000000000003d9e       0x42 /Applications/MounRiver Studio 2.app/Contents/Resources/app/resources/darwin/components/WCH/Toolchain/RISC-V Embedded GCC/bin/../lib/gcc/riscv-none-embed/8.2.0/../../../../riscv-none-embed/lib/rv32imacxw/ilp32/libg_nano.a(lib_a-nano-vfprintf.o)
                0x0000000000003d9e                __sfputs_r
 .text._vfprintf_r
                0x0000000000003de0      0x288 /Applications/MounRiver Studio 2.app/Contents/Resources/app/resources/darwin/components/WCH/Toolchain/RISC-V Embedded GCC/bin/../lib/gcc/riscv-none-embed/8.2.0/../../../../riscv-none-embed/lib/rv32imacxw/ilp32/libg_nano.a(lib_a-nano-vfprintf.o)
                0x0000000000003de0                _vfiprintf_r
                0x0000000000003de0                _vfprintf_r
 .text._printf_common
                0x0000000000004068      0x10c /Applications/MounRiver Studio 2.app/Contents/Resources/app/resources/darwin/components/WCH/Toolchain/RISC-V Embedded GCC/bin/../lib/gcc/riscv-none-embed/8.2.0/../../../../riscv-none-embed/lib/rv32imacxw/ilp32/libg_nano.a(lib_a-nano-vfprintf_i.o)
                0x0000000000004068                _printf_common
 .text._printf_i
                0x0000000000004174      0x2a2 /Applications/MounRiver Studio 2.app/Contents/Resources/app/resources/darwin/components/WCH/Toolchain/RISC-V Embedded GCC/bin/../lib/gcc/riscv-none-embed/8.2.0/../../../../riscv-none-embed/lib/rv32imacxw/ilp32/libg_nano.a(lib_a-nano-vfprintf_i.o)
                0x0000000000004174                _printf_i
 .text._sbrk_r  0x0000000000004416       0x2a /Applications/MounRiver Studio 2.app/Contents/Resources/app/resources/darwin/components/WCH/Toolchain/RISC-V Embedded GCC/bin/../lib/gcc/riscv-none-embed/8.2.0/../../../../riscv-none-embed/lib/rv32imacxw/ilp32/libg_nano.a(lib_a-sbrkr.o)
                0x0000000000004416                _sbrk_r
 .text.__sread  0x0000000000004440       0x2c /Applications/MounRiver Studio 2.app/Contents/Resources/app/resources/darwin/components/WCH/Toolchain/RISC-V Embedded GCC/bin/../lib/gcc/riscv-none-embed/8.2.0/../../../../riscv-none-embed/lib/rv32imacxw/ilp32/libg_nano.a(lib_a-stdio.o)
                0x0000000000004440                __sread
 .text.__swrite
                0x000000000000446c       0x48 /Applications/MounRiver Studio 2.app/Contents/Resources/app/resources/darwin/components/WCH/Toolchain/RISC-V Embedded GCC/bin/../lib/gcc/riscv-none-embed/8.2.0/../../../../riscv-none-embed/lib/rv32imacxw/ilp32/libg_nano.a(lib_a-stdio.o)
                0x000000000000446c                __swrite
 .text.__sseek  0x00000000000044b4       0x30 /Applications/MounRiver Studio 2.app/Contents/Resources/app/resources/darwin/components/WCH/Toolchain/RISC-V Embedded GCC/bin/../lib/gcc/riscv-none-embed/8.2.0/../../../../riscv-none-embed/lib/rv32imacxw/ilp32/libg_nano.a(lib_a-stdio.o)
                0x00000000000044b4                __sseek
 .text.__sclose
                0x00000000000044e4        0x6 /Applications/MounRiver Studio 2.app/Contents/Resources/app/resources/darwin/components/WCH/Toolchain/RISC-V Embedded GCC/bin/../lib/gcc/riscv-none-embed/8.2.0/../../../../riscv-none-embed/lib/rv32imacxw/ilp32/libg_nano.a(lib_a-stdio.o)
                0x00000000000044e4                __sclose
 .text._write_r
                0x00000000000044ea       0x2e /Applications/MounRiver Studio 2.app/Contents/Resources/app/resources/darwin/components/WCH/Toolchain/RISC-V Embedded GCC/bin/../lib/gcc/riscv-none-embed/8.2.0/../../../../riscv-none-embed/lib/rv32imacxw/ilp32/libg_nano.a(lib_a-writer.o)
                0x00000000000044ea                _write_r
 .text._close_r
                0x0000000000004518       0x28 /Applications/MounRiver Studio 2.app/Contents/Resources/app/resources/darwin/components/WCH/Toolchain/RISC-V Embedded GCC/bin/../lib/gcc/riscv-none-embed/8.2.0/../../../../riscv-none-embed/lib/rv32imacxw/ilp32/libg_nano.a(lib_a-closer.o)
                0x0000000000004518                _close_r
 .text._fstat_r
                0x0000000000004540       0x2a /Applications/MounRiver Studio 2.app/Contents/Resources/app/resources/darwin/components/WCH/Toolchain/RISC-V Embedded GCC/bin/../lib/gcc/riscv-none-embed/8.2.0/../../../../riscv-none-embed/lib/rv32imacxw/ilp32/libg_nano.a(lib_a-fstatr.o)
                0x0000000000004540                _fstat_r
 .text._isatty_r
                0x000000000000456a       0x28 /Applications/MounRiver Studio 2.app/Contents/Resources/app/resources/darwin/components/WCH/Toolchain/RISC-V Embedded GCC/bin/../lib/gcc/riscv-none-embed/8.2.0/../../../../riscv-none-embed/lib/rv32imacxw/ilp32/libg_nano.a(lib_a-isattyr.o)
                0x000000000000456a                _isatty_r
 .text._lseek_r
                0x0000000000004592       0x2c /Applications/MounRiver Studio 2.app/Contents/Resources/app/resources/darwin/components/WCH/Toolchain/RISC-V Embedded GCC/bin/../lib/gcc/riscv-none-embed/8.2.0/../../../../riscv-none-embed/lib/rv32imacxw/ilp32/libg_nano.a(lib_a-lseekr.o)
                0x0000000000004592                _lseek_r
 .text.memchr   0x00000000000045be       0x18 /Applications/MounRiver Studio 2.app/Contents/Resources/app/resources/darwin/components/WCH/Toolchain/RISC-V Embedded GCC/bin/../lib/gcc/riscv-none-embed/8.2.0/../../../../riscv-none-embed/lib/rv32imacxw/ilp32/libg_nano.a(lib_a-memchr.o)
                0x00000000000045be                memchr
 .text.__malloc_lock
                0x00000000000045d6        0x2 /Applications/MounRiver Studio 2.app/Contents/Resources/app/resources/darwin/components/WCH/Toolchain/RISC-V Embedded GCC/bin/../lib/gcc/riscv-none-embed/8.2.0/../../../../riscv-none-embed/lib/rv32imacxw/ilp32/libg_nano.a(lib_a-mlock.o)
                0x00000000000045d6                __malloc_lock
 .text.__malloc_unlock
                0x00000000000045d8        0x2 /Applications/MounRiver Studio 2.app/Contents/Resources/app/resources/darwin/components/WCH/Toolchain/RISC-V Embedded GCC/bin/../lib/gcc/riscv-none-embed/8.2.0/../../../../riscv-none-embed/lib/rv32imacxw/ilp32/libg_nano.a(lib_a-mlock.o)
                0x00000000000045d8                __malloc_unlock
 .text._read_r  0x00000000000045da       0x2c /Applications/MounRiver Studio 2.app/Contents/Resources/app/resources/darwin/components/WCH/Toolchain/RISC-V Embedded GCC/bin/../lib/gcc/riscv-none-embed/8.2.0/../../../../riscv-none-embed/lib/rv32imacxw/ilp32/libg_nano.a(lib_a-readr.o)
                0x00000000000045da                _read_r
 .text._close   0x0000000000004606        0xc /Applications/MounRiver Studio 2.app/Contents/Resources/app/resources/darwin/components/WCH/Toolchain/RISC-V Embedded GCC/bin/../lib/gcc/riscv-none-embed/8.2.0/../../../../riscv-none-embed/lib/rv32imacxw/ilp32/libnosys.a(close.o)
                0x0000000000004606                _close
 .text._fstat   0x0000000000004612        0xc /Applications/MounRiver Studio 2.app/Contents/Resources/app/resources/darwin/components/WCH/Toolchain/RISC-V Embedded GCC/bin/../lib/gcc/riscv-none-embed/8.2.0/../../../../riscv-none-embed/lib/rv32imacxw/ilp32/libnosys.a(fstat.o)
                0x0000000000004612                _fstat
 .text._isatty  0x000000000000461e        0xc /Applications/MounRiver Studio 2.app/Contents/Resources/app/resources/darwin/components/WCH/Toolchain/RISC-V Embedded GCC/bin/../lib/gcc/riscv-none-embed/8.2.0/../../../../riscv-none-embed/lib/rv32imacxw/ilp32/libnosys.a(isatty.o)
                0x000000000000461e                _isatty
 .text._lseek   0x000000000000462a        0xc /Applications/MounRiver Studio 2.app/Contents/Resources/app/resources/darwin/components/WCH/Toolchain/RISC-V Embedded GCC/bin/../lib/gcc/riscv-none-embed/8.2.0/../../../../riscv-none-embed/lib/rv32imacxw/ilp32/libnosys.a(lseek.o)
                0x000000000000462a                _lseek
 .text._read    0x0000000000004636        0xc /Applications/MounRiver Studio 2.app/Contents/Resources/app/resources/darwin/components/WCH/Toolchain/RISC-V Embedded GCC/bin/../lib/gcc/riscv-none-embed/8.2.0/../../../../riscv-none-embed/lib/rv32imacxw/ilp32/libnosys.a(read.o)
                0x0000000000004636                _read
 *(.rodata)
 *fill*         0x0000000000004642        0x2 
 .rodata        0x0000000000004644        0xd ./User/rtc.o
 *(.rodata*)
 *fill*         0x0000000000004651        0x3 
 .rodata.State_Process
                0x0000000000004654       0x3c ./User/main.o
 .rodata.OPA2_Init.str1.4
                0x0000000000004690       0x12 ./User/main.o
 *fill*         0x00000000000046a2        0x2 
 .rodata.State_Process.str1.4
                0x00000000000046a4      0x254 ./User/main.o
 .rodata.TIM1_PWM_Init.str1.4
                0x00000000000048f8       0x2b ./User/main.o
 *fill*         0x0000000000004923        0x1 
 .rodata.main.str1.4
                0x0000000000004924       0xe7 ./User/main.o
 *fill*         0x0000000000004a0b        0x1 
 .rodata.CSWTCH.10
                0x0000000000004a0c        0xa ./User/param_table.o
 *fill*         0x0000000000004a16        0x2 
 .rodata.CSWTCH.11
                0x0000000000004a18        0xa ./User/param_table.o
 *fill*         0x0000000000004a22        0x2 
 .rodata.CSWTCH.12
                0x0000000000004a24        0xa ./User/param_table.o
 *fill*         0x0000000000004a2e        0x2 
 .rodata.CSWTCH.4
                0x0000000000004a30       0x14 ./User/param_table.o
 .rodata.CSWTCH.5
                0x0000000000004a44        0xc ./User/param_table.o
 .rodata.PARAM_Init.str1.4
                0x0000000000004a50       0x5a ./User/param_table.o
 *fill*         0x0000000000004aaa        0x2 
 .rodata.StripType_GetName.str1.4
                0x0000000000004aac        0x8 ./User/param_table.o
 .rodata.Unit_GetSymbol.str1.4
                0x0000000000004ab4        0x2 ./User/param_table.o
 *fill*         0x0000000000004ab6        0x2 
 .rodata.str1.4
                0x0000000000004ab8       0x64 ./User/param_table.o
 .rodata.RTC_Config.str1.4
                0x0000000000004b1c       0x57 ./User/rtc.o
 *fill*         0x0000000000004b73        0x1 
 .rodata.RTC_Init.str1.4
                0x0000000000004b74       0x11 ./User/rtc.o
 *fill*         0x0000000000004b85        0x3 
 .rodata.RTC_SetTime.str1.4
                0x0000000000004b88       0x2e ./User/rtc.o
 *fill*         0x0000000000004bb6        0x2 
 .rodata.RTC_SyncWithParam.str1.4
                0x0000000000004bb8       0x4d ./User/rtc.o
 *fill*         0x0000000000004c05        0x3 
 .rodata.RTC_UpdateParam.str1.4
                0x0000000000004c08       0x6a ./User/rtc.o
 *fill*         0x0000000000004c72        0x2 
 .rodata.STRIP_DETECT_UpdateWPWMDuty
                0x0000000000004c74       0x14 ./User/strip_detect.o
 .rodata.STRIP_DETECT_DetermineStripType.cst4
                0x0000000000004c88        0x4 ./User/strip_detect.o
 .rodata.STRIP_DETECT_HandleInsertedEvent.str1.4
                0x0000000000004c8c       0x3d ./User/strip_detect.o
 *fill*         0x0000000000004cc9        0x3 
 .rodata.STRIP_DETECT_Init.str1.4
                0x0000000000004ccc       0x24 ./User/strip_detect.o
 .rodata.STRIP_DETECT_Process.cst4
                0x0000000000004cf0        0x8 ./User/strip_detect.o
 .rodata.STRIP_DETECT_Process.str1.4
                0x0000000000004cf8       0x7c ./User/strip_detect.o
 .rodata.System_SetState.str1.4
                0x0000000000004d74       0x19 ./User/system_state.o
 *fill*         0x0000000000004d8d        0x3 
 .rodata.UART2_Receive_Byte_ISR
                0x0000000000004d90       0x18 ./User/uart_protocol.o
 .rodata.UART_ProcessStripInsertedCmd.str1.4
                0x0000000000004da8       0xbc ./User/uart_protocol.o
 .rodata.UART_Protocol_Init.str1.4
                0x0000000000004e64       0x1b ./User/uart_protocol.o
 *fill*         0x0000000000004e7f        0x1 
 .rodata.UART_SendStripTypeAck.str1.4
                0x0000000000004e80       0x2c ./User/uart_protocol.o
 .rodata.Get_Raw_Test_Data.str1.4
                0x0000000000004eac        0xb ./User/uart_protocol_stubs.o
 *fill*         0x0000000000004eb7        0x1 
 .rodata.__mulsf3
                0x0000000000004eb8       0x40 /Applications/MounRiver Studio 2.app/Contents/Resources/app/resources/darwin/components/WCH/Toolchain/RISC-V Embedded GCC/bin/../lib/gcc/riscv-none-embed/8.2.0/rv32imacxw/ilp32/libgcc.a(mulsf3.o)
 .rodata.__clz_tab
                0x0000000000004ef8      0x100 /Applications/MounRiver Studio 2.app/Contents/Resources/app/resources/darwin/components/WCH/Toolchain/RISC-V Embedded GCC/bin/../lib/gcc/riscv-none-embed/8.2.0/rv32imacxw/ilp32/libgcc.a(_clz.o)
                0x0000000000004ef8                __clz_tab
 .rodata.__sf_fake_stderr
                0x0000000000004ff8       0x20 /Applications/MounRiver Studio 2.app/Contents/Resources/app/resources/darwin/components/WCH/Toolchain/RISC-V Embedded GCC/bin/../lib/gcc/riscv-none-embed/8.2.0/../../../../riscv-none-embed/lib/rv32imacxw/ilp32/libg_nano.a(lib_a-findfp.o)
                0x0000000000004ff8                __sf_fake_stderr
 .rodata.__sf_fake_stdin
                0x0000000000005018       0x20 /Applications/MounRiver Studio 2.app/Contents/Resources/app/resources/darwin/components/WCH/Toolchain/RISC-V Embedded GCC/bin/../lib/gcc/riscv-none-embed/8.2.0/../../../../riscv-none-embed/lib/rv32imacxw/ilp32/libg_nano.a(lib_a-findfp.o)
                0x0000000000005018                __sf_fake_stdin
 .rodata.__sf_fake_stdout
                0x0000000000005038       0x20 /Applications/MounRiver Studio 2.app/Contents/Resources/app/resources/darwin/components/WCH/Toolchain/RISC-V Embedded GCC/bin/../lib/gcc/riscv-none-embed/8.2.0/../../../../riscv-none-embed/lib/rv32imacxw/ilp32/libg_nano.a(lib_a-findfp.o)
                0x0000000000005038                __sf_fake_stdout
 .rodata._vfprintf_r.str1.4
                0x0000000000005058       0x13 /Applications/MounRiver Studio 2.app/Contents/Resources/app/resources/darwin/components/WCH/Toolchain/RISC-V Embedded GCC/bin/../lib/gcc/riscv-none-embed/8.2.0/../../../../riscv-none-embed/lib/rv32imacxw/ilp32/libg_nano.a(lib_a-nano-vfprintf.o)
 *fill*         0x000000000000506b        0x1 
 .rodata._printf_i.str1.4
                0x000000000000506c       0x28 /Applications/MounRiver Studio 2.app/Contents/Resources/app/resources/darwin/components/WCH/Toolchain/RISC-V Embedded GCC/bin/../lib/gcc/riscv-none-embed/8.2.0/../../../../riscv-none-embed/lib/rv32imacxw/ilp32/libg_nano.a(lib_a-nano-vfprintf_i.o)
                                         0x25 (size before relaxing)
 *(.gnu.linkonce.t.*)
                0x0000000000005094                . = ALIGN (0x4)

.rela.dyn       0x0000000000005094        0x0
 .rela.init     0x0000000000005094        0x0 ./User/ch32v20x_it.o
 .rela.vector   0x0000000000005094        0x0 ./User/ch32v20x_it.o
 .rela.text.handle_reset
                0x0000000000005094        0x0 ./User/ch32v20x_it.o
 .rela.text._sbrk
                0x0000000000005094        0x0 ./User/ch32v20x_it.o
 .rela.sdata.curbrk.4652
                0x0000000000005094        0x0 ./User/ch32v20x_it.o
 .rela.text._vfprintf_r
                0x0000000000005094        0x0 ./User/ch32v20x_it.o
 .rela.text._sbrk_r
                0x0000000000005094        0x0 ./User/ch32v20x_it.o
 .rela.text._write_r
                0x0000000000005094        0x0 ./User/ch32v20x_it.o
 .rela.text._close_r
                0x0000000000005094        0x0 ./User/ch32v20x_it.o
 .rela.text._fstat_r
                0x0000000000005094        0x0 ./User/ch32v20x_it.o
 .rela.text._isatty_r
                0x0000000000005094        0x0 ./User/ch32v20x_it.o
 .rela.text._lseek_r
                0x0000000000005094        0x0 ./User/ch32v20x_it.o
 .rela.text._read_r
                0x0000000000005094        0x0 ./User/ch32v20x_it.o
 .rela.text._close
                0x0000000000005094        0x0 ./User/ch32v20x_it.o
 .rela.text._fstat
                0x0000000000005094        0x0 ./User/ch32v20x_it.o
 .rela.text._isatty
                0x0000000000005094        0x0 ./User/ch32v20x_it.o
 .rela.text._lseek
                0x0000000000005094        0x0 ./User/ch32v20x_it.o
 .rela.text._read
                0x0000000000005094        0x0 ./User/ch32v20x_it.o

.fini           0x0000000000005094        0x0
 *(SORT_NONE(.fini))
                0x0000000000005094                . = ALIGN (0x4)
                [!provide]                        PROVIDE (_etext = .)
                [!provide]                        PROVIDE (_eitcm = .)

.preinit_array  0x0000000000005094        0x0
                [!provide]                        PROVIDE (__preinit_array_start = .)
 *(.preinit_array)
                [!provide]                        PROVIDE (__preinit_array_end = .)

.init_array     0x0000000000005094        0x0
                [!provide]                        PROVIDE (__init_array_start = .)
 *(SORT_BY_INIT_PRIORITY(.init_array.*) SORT_BY_INIT_PRIORITY(.ctors.*))
 *(.init_array EXCLUDE_FILE(*crtend?.o *crtend.o *crtbegin?.o *crtbegin.o) .ctors)
                [!provide]                        PROVIDE (__init_array_end = .)

.fini_array     0x0000000000005094        0x0
                [!provide]                        PROVIDE (__fini_array_start = .)
 *(SORT_BY_INIT_PRIORITY(.fini_array.*) SORT_BY_INIT_PRIORITY(.dtors.*))
 *(.fini_array EXCLUDE_FILE(*crtend?.o *crtend.o *crtbegin?.o *crtbegin.o) .dtors)
                [!provide]                        PROVIDE (__fini_array_end = .)

.ctors
 *crtbegin.o(.ctors)
 *crtbegin?.o(.ctors)
 *(EXCLUDE_FILE(*crtend?.o *crtend.o) .ctors)
 *(SORT_BY_NAME(.ctors.*))
 *(.ctors)

.dtors
 *crtbegin.o(.dtors)
 *crtbegin?.o(.dtors)
 *(EXCLUDE_FILE(*crtend?.o *crtend.o) .dtors)
 *(SORT_BY_NAME(.dtors.*))
 *(.dtors)

.dalign         0x0000000020000000        0x0 load address 0x0000000000005094
                0x0000000020000000                . = ALIGN (0x4)
                0x0000000020000000                PROVIDE (_data_vma = .)

.dlalign        0x0000000000005094        0x0
                0x0000000000005094                . = ALIGN (0x4)
                0x0000000000005094                PROVIDE (_data_lma = .)

.data           0x0000000020000000       0xa8 load address 0x0000000000005094
 *(.gnu.linkonce.r.*)
 *(.data .data.*)
 .data.stripInfo
                0x0000000020000000       0x18 ./User/strip_detect.o
 .data.APBAHBPrescTable
                0x0000000020000018       0x10 ./Peripheral/src/ch32v20x_rcc.o
 .data.impure_data
                0x0000000020000028       0x60 /Applications/MounRiver Studio 2.app/Contents/Resources/app/resources/darwin/components/WCH/Toolchain/RISC-V Embedded GCC/bin/../lib/gcc/riscv-none-embed/8.2.0/../../../../riscv-none-embed/lib/rv32imacxw/ilp32/libg_nano.a(lib_a-impure.o)
 *(.gnu.linkonce.d.*)
                0x0000000020000088                . = ALIGN (0x8)
                0x0000000020000888                PROVIDE (__global_pointer$ = (. + 0x800))
 *(.sdata .sdata.*)
 .sdata.measureStep.5198
                0x0000000020000088        0x1 ./User/main.o
 *fill*         0x0000000020000089        0x3 
 .sdata.SystemCoreClock
                0x000000002000008c        0x4 ./User/system_ch32v20x.o
                0x000000002000008c                SystemCoreClock
 .sdata.blood_countdown
                0x0000000020000090        0x1 ./User/uart_protocol.o
 *fill*         0x0000000020000091        0x3 
 .sdata.ADCPrescTable
                0x0000000020000094        0x4 ./Peripheral/src/ch32v20x_rcc.o
 .sdata.curbrk.4652
                0x0000000020000098        0x4 ./Debug/debug.o
 .sdata._impure_ptr
                0x000000002000009c        0x4 /Applications/MounRiver Studio 2.app/Contents/Resources/app/resources/darwin/components/WCH/Toolchain/RISC-V Embedded GCC/bin/../lib/gcc/riscv-none-embed/8.2.0/../../../../riscv-none-embed/lib/rv32imacxw/ilp32/libg_nano.a(lib_a-impure.o)
                0x000000002000009c                _impure_ptr
 *(.sdata2.*)
 .sdata2._global_impure_ptr
                0x00000000200000a0        0x4 /Applications/MounRiver Studio 2.app/Contents/Resources/app/resources/darwin/components/WCH/Toolchain/RISC-V Embedded GCC/bin/../lib/gcc/riscv-none-embed/8.2.0/../../../../riscv-none-embed/lib/rv32imacxw/ilp32/libg_nano.a(lib_a-impure.o)
                0x00000000200000a0                _global_impure_ptr
 *(.gnu.linkonce.s.*)
                0x00000000200000a8                . = ALIGN (0x8)
 *fill*         0x00000000200000a4        0x4 
 *(.srodata.cst16)
 *(.srodata.cst8)
 *(.srodata.cst4)
 *(.srodata.cst2)
 *(.srodata .srodata.*)
                0x00000000200000a8                . = ALIGN (0x4)
                0x00000000200000a8                PROVIDE (_edata = .)

.bss            0x00000000200000a8      0x8cc load address 0x000000000000513c
                0x00000000200000a8                . = ALIGN (0x4)
                0x00000000200000a8                PROVIDE (_sbss = .)
 *(.sbss*)
 .sbss.evWidth1.5200
                0x00000000200000a8        0x2 ./User/main.o
 .sbss.evWidth2.5203
                0x00000000200000aa        0x2 ./User/main.o
 .sbss.parametersLoaded.5206
                0x00000000200000ac        0x1 ./User/main.o
 *fill*         0x00000000200000ad        0x3 
 .sbss.stepStartTime.5199
                0x00000000200000b0        0x4 ./User/main.o
 .sbss.systemTick.5207
                0x00000000200000b4        0x4 ./User/main.o
 .sbss.tpl1.5201
                0x00000000200000b8        0x2 ./User/main.o
 .sbss.tpl2.5204
                0x00000000200000ba        0x2 ./User/main.o
 .sbss.trd1.5202
                0x00000000200000bc        0x2 ./User/main.o
 .sbss.trd2.5205
                0x00000000200000be        0x2 ./User/main.o
 .sbss.currentSystemState
                0x00000000200000c0        0x4 ./User/system_state.o
 .sbss.blood_detected
                0x00000000200000c4        0x1 ./User/uart_protocol.o
 .sbss.dataCnt.5259
                0x00000000200000c5        0x1 ./User/uart_protocol.o
 .sbss.dataLen.5258
                0x00000000200000c6        0x1 ./User/uart_protocol.o
 *fill*         0x00000000200000c7        0x1 
 .sbss.g_batteryVoltage
                0x00000000200000c8        0x2 ./User/uart_protocol.o
                0x00000000200000c8                g_batteryVoltage
 .sbss.packet_received
                0x00000000200000ca        0x1 ./User/uart_protocol.o
 *fill*         0x00000000200000cb        0x1 
 .sbss.rx_index
                0x00000000200000cc        0x2 ./User/uart_protocol.o
 .sbss.state.5257
                0x00000000200000ce        0x1 ./User/uart_protocol.o
 .sbss.test_in_progress
                0x00000000200000cf        0x1 ./User/uart_protocol.o
 .sbss.counter.5045
                0x00000000200000d0        0x1 ./User/uart_protocol_stubs.o
 .sbss.MCU_Version
                0x00000000200000d1        0x1 ./Peripheral/src/ch32v20x_gpio.o
                0x00000000200000d1                MCU_Version
 *fill*         0x00000000200000d2        0x2 
 .sbss.NVIC_Priority_Group
                0x00000000200000d4        0x4 ./Peripheral/src/ch32v20x_misc.o
                0x00000000200000d4                NVIC_Priority_Group
 .sbss.p_ms     0x00000000200000d8        0x2 ./Debug/debug.o
 .sbss.p_us     0x00000000200000da        0x1 ./Debug/debug.o
 *fill*         0x00000000200000db        0x1 
 .sbss.__malloc_free_list
                0x00000000200000dc        0x4 /Applications/MounRiver Studio 2.app/Contents/Resources/app/resources/darwin/components/WCH/Toolchain/RISC-V Embedded GCC/bin/../lib/gcc/riscv-none-embed/8.2.0/../../../../riscv-none-embed/lib/rv32imacxw/ilp32/libg_nano.a(lib_a-nano-mallocr.o)
                0x00000000200000dc                __malloc_free_list
 .sbss.__malloc_sbrk_start
                0x00000000200000e0        0x4 /Applications/MounRiver Studio 2.app/Contents/Resources/app/resources/darwin/components/WCH/Toolchain/RISC-V Embedded GCC/bin/../lib/gcc/riscv-none-embed/8.2.0/../../../../riscv-none-embed/lib/rv32imacxw/ilp32/libg_nano.a(lib_a-nano-mallocr.o)
                0x00000000200000e0                __malloc_sbrk_start
 *(.gnu.linkonce.sb.*)
 *(.bss*)
 .bss.USART_DMA_CTRL
                0x00000000200000e4      0x101 ./User/main.o
                0x00000000200000e4                USART_DMA_CTRL
 *fill*         0x00000000200001e5        0x3 
 .bss.ring_buffer
                0x00000000200001e8      0x406 ./User/main.o
                0x00000000200001e8                ring_buffer
 *fill*         0x00000000200005ee        0x2 
 .bss.param_table
                0x00000000200005f0      0x2a6 ./User/param_table.o
 *fill*         0x0000000020000896        0x2 
 .bss.current_raw_data
                0x0000000020000898       0x3c ./User/uart_protocol.o
 .bss.current_test_result
                0x00000000200008d4       0x1a ./User/uart_protocol.o
 *fill*         0x00000000200008ee        0x2 
 .bss.rx_buffer
                0x00000000200008f0       0x40 ./User/uart_protocol.o
 .bss.tx_buffer
                0x0000000020000930       0x40 ./User/uart_protocol.o
 *(.gnu.linkonce.b.*)
 *(COMMON*)
 COMMON         0x0000000020000970        0x4 /Applications/MounRiver Studio 2.app/Contents/Resources/app/resources/darwin/components/WCH/Toolchain/RISC-V Embedded GCC/bin/../lib/gcc/riscv-none-embed/8.2.0/../../../../riscv-none-embed/lib/rv32imacxw/ilp32/libg_nano.a(lib_a-reent.o)
                0x0000000020000970                errno
                0x0000000020000974                . = ALIGN (0x4)
                0x0000000020000974                PROVIDE (_ebss = .)
                0x0000000020000974                PROVIDE (_end = _ebss)
                [!provide]                        PROVIDE (end = .)

.stack          0x0000000020004800      0x800
                0x0000000020004800                PROVIDE (_heap_end = .)
                0x0000000020004800                . = ALIGN (0x4)
                [!provide]                        PROVIDE (_susrstack = .)
                0x0000000020005000                . = (. + __stack_size)
 *fill*         0x0000000020004800      0x800 
                0x0000000020005000                PROVIDE (_eusrstack = .)
OUTPUT(CH32V203G8R6.elf elf32-littleriscv)

.debug_info     0x0000000000000000    0x1b2f7
 .debug_info    0x0000000000000000      0xbb5 ./User/ch32v20x_it.o
 .debug_info    0x0000000000000bb5     0x291f ./User/main.o
 .debug_info    0x00000000000034d4     0x195f ./User/param_table.o
 .debug_info    0x0000000000004e33     0x1044 ./User/rtc.o
 .debug_info    0x0000000000005e77     0x1a85 ./User/strip_detect.o
 .debug_info    0x00000000000078fc      0xb30 ./User/system_ch32v20x.o
 .debug_info    0x000000000000842c      0x9f2 ./User/system_state.o
 .debug_info    0x0000000000008e1e     0x219c ./User/uart_protocol.o
 .debug_info    0x000000000000afba      0xe6c ./User/uart_protocol_stubs.o
 .debug_info    0x000000000000be26       0x22 ./Startup/startup_ch32v20x_D6.o
 .debug_info    0x000000000000be48     0x16eb ./Peripheral/src/ch32v20x_adc.o
 .debug_info    0x000000000000d533     0x1091 ./Peripheral/src/ch32v20x_bkp.o
 .debug_info    0x000000000000e5c4      0xd16 ./Peripheral/src/ch32v20x_dma.o
 .debug_info    0x000000000000f2da     0x15d2 ./Peripheral/src/ch32v20x_flash.o
 .debug_info    0x00000000000108ac     0x1349 ./Peripheral/src/ch32v20x_gpio.o
 .debug_info    0x0000000000011bf5      0xe61 ./Peripheral/src/ch32v20x_misc.o
 .debug_info    0x0000000000012a56      0xb1d ./Peripheral/src/ch32v20x_opa.o
 .debug_info    0x0000000000013573     0x1049 ./Peripheral/src/ch32v20x_pwr.o
 .debug_info    0x00000000000145bc     0x1268 ./Peripheral/src/ch32v20x_rcc.o
 .debug_info    0x0000000000015824      0xdc9 ./Peripheral/src/ch32v20x_rtc.o
 .debug_info    0x00000000000165ed     0x2ab3 ./Peripheral/src/ch32v20x_tim.o
 .debug_info    0x00000000000190a0     0x1335 ./Peripheral/src/ch32v20x_usart.o
 .debug_info    0x000000000001a3d5      0xf22 ./Debug/debug.o

.debug_abbrev   0x0000000000000000     0x491c
 .debug_abbrev  0x0000000000000000      0x22c ./User/ch32v20x_it.o
 .debug_abbrev  0x000000000000022c      0x3c7 ./User/main.o
 .debug_abbrev  0x00000000000005f3      0x48d ./User/param_table.o
 .debug_abbrev  0x0000000000000a80      0x2ba ./User/rtc.o
 .debug_abbrev  0x0000000000000d3a      0x48c ./User/strip_detect.o
 .debug_abbrev  0x00000000000011c6      0x2b0 ./User/system_ch32v20x.o
 .debug_abbrev  0x0000000000001476      0x255 ./User/system_state.o
 .debug_abbrev  0x00000000000016cb      0x4bd ./User/uart_protocol.o
 .debug_abbrev  0x0000000000001b88      0x301 ./User/uart_protocol_stubs.o
 .debug_abbrev  0x0000000000001e89       0x12 ./Startup/startup_ch32v20x_D6.o
 .debug_abbrev  0x0000000000001e9b      0x3a9 ./Peripheral/src/ch32v20x_adc.o
 .debug_abbrev  0x0000000000002244      0x2cc ./Peripheral/src/ch32v20x_bkp.o
 .debug_abbrev  0x0000000000002510      0x302 ./Peripheral/src/ch32v20x_dma.o
 .debug_abbrev  0x0000000000002812      0x468 ./Peripheral/src/ch32v20x_flash.o
 .debug_abbrev  0x0000000000002c7a      0x34b ./Peripheral/src/ch32v20x_gpio.o
 .debug_abbrev  0x0000000000002fc5      0x2ea ./Peripheral/src/ch32v20x_misc.o
 .debug_abbrev  0x00000000000032af      0x252 ./Peripheral/src/ch32v20x_opa.o
 .debug_abbrev  0x0000000000003501      0x399 ./Peripheral/src/ch32v20x_pwr.o
 .debug_abbrev  0x000000000000389a      0x36b ./Peripheral/src/ch32v20x_rcc.o
 .debug_abbrev  0x0000000000003c05      0x30b ./Peripheral/src/ch32v20x_rtc.o
 .debug_abbrev  0x0000000000003f10      0x418 ./Peripheral/src/ch32v20x_tim.o
 .debug_abbrev  0x0000000000004328      0x312 ./Peripheral/src/ch32v20x_usart.o
 .debug_abbrev  0x000000000000463a      0x2e2 ./Debug/debug.o

.debug_aranges  0x0000000000000000      0xe48
 .debug_aranges
                0x0000000000000000       0x28 ./User/ch32v20x_it.o
 .debug_aranges
                0x0000000000000028       0x68 ./User/main.o
 .debug_aranges
                0x0000000000000090       0xd8 ./User/param_table.o
 .debug_aranges
                0x0000000000000168       0x48 ./User/rtc.o
 .debug_aranges
                0x00000000000001b0       0x68 ./User/strip_detect.o
 .debug_aranges
                0x0000000000000218       0x28 ./User/system_ch32v20x.o
 .debug_aranges
                0x0000000000000240       0x28 ./User/system_state.o
 .debug_aranges
                0x0000000000000268       0xd0 ./User/uart_protocol.o
 .debug_aranges
                0x0000000000000338       0x50 ./User/uart_protocol_stubs.o
 .debug_aranges
                0x0000000000000388       0x30 ./Startup/startup_ch32v20x_D6.o
 .debug_aranges
                0x00000000000003b8      0x150 ./Peripheral/src/ch32v20x_adc.o
 .debug_aranges
                0x0000000000000508       0x78 ./Peripheral/src/ch32v20x_bkp.o
 .debug_aranges
                0x0000000000000580       0x60 ./Peripheral/src/ch32v20x_dma.o
 .debug_aranges
                0x00000000000005e0      0x110 ./Peripheral/src/ch32v20x_flash.o
 .debug_aranges
                0x00000000000006f0       0xb0 ./Peripheral/src/ch32v20x_gpio.o
 .debug_aranges
                0x00000000000007a0       0x28 ./Peripheral/src/ch32v20x_misc.o
 .debug_aranges
                0x00000000000007c8       0x38 ./Peripheral/src/ch32v20x_opa.o
 .debug_aranges
                0x0000000000000800       0x88 ./Peripheral/src/ch32v20x_pwr.o
 .debug_aranges
                0x0000000000000888      0x130 ./Peripheral/src/ch32v20x_rcc.o
 .debug_aranges
                0x00000000000009b8       0x80 ./Peripheral/src/ch32v20x_rtc.o
 .debug_aranges
                0x0000000000000a38      0x2d0 ./Peripheral/src/ch32v20x_tim.o
 .debug_aranges
                0x0000000000000d08       0xf0 ./Peripheral/src/ch32v20x_usart.o
 .debug_aranges
                0x0000000000000df8       0x50 ./Debug/debug.o

.debug_ranges   0x0000000000000000     0x1230
 .debug_ranges  0x0000000000000000       0x18 ./User/ch32v20x_it.o
 .debug_ranges  0x0000000000000018       0xa8 ./User/main.o
 .debug_ranges  0x00000000000000c0      0x468 ./User/param_table.o
 .debug_ranges  0x0000000000000528       0x38 ./User/rtc.o
 .debug_ranges  0x0000000000000560       0x90 ./User/strip_detect.o
 .debug_ranges  0x00000000000005f0       0x18 ./User/system_ch32v20x.o
 .debug_ranges  0x0000000000000608       0x18 ./User/system_state.o
 .debug_ranges  0x0000000000000620      0x168 ./User/uart_protocol.o
 .debug_ranges  0x0000000000000788       0x60 ./User/uart_protocol_stubs.o
 .debug_ranges  0x00000000000007e8       0x28 ./Startup/startup_ch32v20x_D6.o
 .debug_ranges  0x0000000000000810      0x140 ./Peripheral/src/ch32v20x_adc.o
 .debug_ranges  0x0000000000000950       0x68 ./Peripheral/src/ch32v20x_bkp.o
 .debug_ranges  0x00000000000009b8       0x50 ./Peripheral/src/ch32v20x_dma.o
 .debug_ranges  0x0000000000000a08      0x100 ./Peripheral/src/ch32v20x_flash.o
 .debug_ranges  0x0000000000000b08       0xa0 ./Peripheral/src/ch32v20x_gpio.o
 .debug_ranges  0x0000000000000ba8       0x48 ./Peripheral/src/ch32v20x_misc.o
 .debug_ranges  0x0000000000000bf0       0x28 ./Peripheral/src/ch32v20x_opa.o
 .debug_ranges  0x0000000000000c18       0x78 ./Peripheral/src/ch32v20x_pwr.o
 .debug_ranges  0x0000000000000c90      0x120 ./Peripheral/src/ch32v20x_rcc.o
 .debug_ranges  0x0000000000000db0       0x70 ./Peripheral/src/ch32v20x_rtc.o
 .debug_ranges  0x0000000000000e20      0x2f0 ./Peripheral/src/ch32v20x_tim.o
 .debug_ranges  0x0000000000001110       0xe0 ./Peripheral/src/ch32v20x_usart.o
 .debug_ranges  0x00000000000011f0       0x40 ./Debug/debug.o

.debug_line     0x0000000000000000    0x16388
 .debug_line    0x0000000000000000      0x37e ./User/ch32v20x_it.o
 .debug_line    0x000000000000037e     0x1992 ./User/main.o
 .debug_line    0x0000000000001d10     0x1b54 ./User/param_table.o
 .debug_line    0x0000000000003864      0xa4c ./User/rtc.o
 .debug_line    0x00000000000042b0      0xda0 ./User/strip_detect.o
 .debug_line    0x0000000000005050      0x69b ./User/system_ch32v20x.o
 .debug_line    0x00000000000056eb      0x3d5 ./User/system_state.o
 .debug_line    0x0000000000005ac0     0x1a4e ./User/uart_protocol.o
 .debug_line    0x000000000000750e      0x7b9 ./User/uart_protocol_stubs.o
 .debug_line    0x0000000000007cc7      0x121 ./Startup/startup_ch32v20x_D6.o
 .debug_line    0x0000000000007de8     0x1bb8 ./Peripheral/src/ch32v20x_adc.o
 .debug_line    0x00000000000099a0      0x755 ./Peripheral/src/ch32v20x_bkp.o
 .debug_line    0x000000000000a0f5      0x8a2 ./Peripheral/src/ch32v20x_dma.o
 .debug_line    0x000000000000a997     0x2620 ./Peripheral/src/ch32v20x_flash.o
 .debug_line    0x000000000000cfb7     0x16f6 ./Peripheral/src/ch32v20x_gpio.o
 .debug_line    0x000000000000e6ad      0x4c8 ./Peripheral/src/ch32v20x_misc.o
 .debug_line    0x000000000000eb75      0x549 ./Peripheral/src/ch32v20x_opa.o
 .debug_line    0x000000000000f0be      0xc56 ./Peripheral/src/ch32v20x_pwr.o
 .debug_line    0x000000000000fd14     0x127e ./Peripheral/src/ch32v20x_rcc.o
 .debug_line    0x0000000000010f92      0xa90 ./Peripheral/src/ch32v20x_rtc.o
 .debug_line    0x0000000000011a22     0x31db ./Peripheral/src/ch32v20x_tim.o
 .debug_line    0x0000000000014bfd      0xf61 ./Peripheral/src/ch32v20x_usart.o
 .debug_line    0x0000000000015b5e      0x82a ./Debug/debug.o

.debug_str      0x0000000000000000     0x4755
 .debug_str     0x0000000000000000      0x620 ./User/ch32v20x_it.o
                                        0x6a5 (size before relaxing)
 .debug_str     0x0000000000000620     0x1127 ./User/main.o
                                       0x1792 (size before relaxing)
 .debug_str     0x0000000000001747      0x30a ./User/param_table.o
                                        0xa95 (size before relaxing)
 .debug_str     0x0000000000001a51      0x1b0 ./User/rtc.o
                                        0x829 (size before relaxing)
 .debug_str     0x0000000000001c01      0x3ba ./User/strip_detect.o
                                        0xf82 (size before relaxing)
 .debug_str     0x0000000000001fbb       0xf2 ./User/system_ch32v20x.o
                                        0x6bf (size before relaxing)
 .debug_str     0x00000000000020ad       0x33 ./User/system_state.o
                                        0x6a1 (size before relaxing)
 .debug_str     0x00000000000020e0      0x3bf ./User/uart_protocol.o
                                        0xc94 (size before relaxing)
 .debug_str     0x000000000000249f       0x33 ./User/uart_protocol_stubs.o
                                        0x7bc (size before relaxing)
 .debug_str     0x00000000000024d2       0x2d ./Startup/startup_ch32v20x_D6.o
                                         0x76 (size before relaxing)
 .debug_str     0x00000000000024ff      0x40e ./Peripheral/src/ch32v20x_adc.o
                                        0xc37 (size before relaxing)
 .debug_str     0x000000000000290d      0x376 ./Peripheral/src/ch32v20x_bkp.o
                                        0xac5 (size before relaxing)
 .debug_str     0x0000000000002c83       0xcb ./Peripheral/src/ch32v20x_dma.o
                                        0x813 (size before relaxing)
 .debug_str     0x0000000000002d4e      0x49c ./Peripheral/src/ch32v20x_flash.o
                                        0xb3f (size before relaxing)
 .debug_str     0x00000000000031ea      0x236 ./Peripheral/src/ch32v20x_gpio.o
                                        0x9dc (size before relaxing)
 .debug_str     0x0000000000003420       0x9c ./Peripheral/src/ch32v20x_misc.o
                                        0xa9e (size before relaxing)
 .debug_str     0x00000000000034bc       0x56 ./Peripheral/src/ch32v20x_opa.o
                                        0x6db (size before relaxing)
 .debug_str     0x0000000000003512      0x1a0 ./Peripheral/src/ch32v20x_pwr.o
                                        0x87c (size before relaxing)
 .debug_str     0x00000000000036b2      0x34c ./Peripheral/src/ch32v20x_rcc.o
                                        0xaee (size before relaxing)
 .debug_str     0x00000000000039fe      0x14b ./Peripheral/src/ch32v20x_rtc.o
                                        0x826 (size before relaxing)
 .debug_str     0x0000000000003b49      0x8bb ./Peripheral/src/ch32v20x_tim.o
                                       0x12d9 (size before relaxing)
 .debug_str     0x0000000000004404      0x2dd ./Peripheral/src/ch32v20x_usart.o
                                        0xb0a (size before relaxing)
 .debug_str     0x00000000000046e1       0x74 ./Debug/debug.o
                                        0x931 (size before relaxing)

.comment        0x0000000000000000       0x32
 .comment       0x0000000000000000       0x32 ./User/ch32v20x_it.o
                                         0x33 (size before relaxing)
 .comment       0x0000000000000032       0x33 ./User/main.o
 .comment       0x0000000000000032       0x33 ./User/param_table.o
 .comment       0x0000000000000032       0x33 ./User/rtc.o
 .comment       0x0000000000000032       0x33 ./User/strip_detect.o
 .comment       0x0000000000000032       0x33 ./User/system_ch32v20x.o
 .comment       0x0000000000000032       0x33 ./User/system_state.o
 .comment       0x0000000000000032       0x33 ./User/uart_protocol.o
 .comment       0x0000000000000032       0x33 ./User/uart_protocol_stubs.o
 .comment       0x0000000000000032       0x33 ./Peripheral/src/ch32v20x_adc.o
 .comment       0x0000000000000032       0x33 ./Peripheral/src/ch32v20x_bkp.o
 .comment       0x0000000000000032       0x33 ./Peripheral/src/ch32v20x_dma.o
 .comment       0x0000000000000032       0x33 ./Peripheral/src/ch32v20x_flash.o
 .comment       0x0000000000000032       0x33 ./Peripheral/src/ch32v20x_gpio.o
 .comment       0x0000000000000032       0x33 ./Peripheral/src/ch32v20x_misc.o
 .comment       0x0000000000000032       0x33 ./Peripheral/src/ch32v20x_opa.o
 .comment       0x0000000000000032       0x33 ./Peripheral/src/ch32v20x_pwr.o
 .comment       0x0000000000000032       0x33 ./Peripheral/src/ch32v20x_rcc.o
 .comment       0x0000000000000032       0x33 ./Peripheral/src/ch32v20x_rtc.o
 .comment       0x0000000000000032       0x33 ./Peripheral/src/ch32v20x_tim.o
 .comment       0x0000000000000032       0x33 ./Peripheral/src/ch32v20x_usart.o
 .comment       0x0000000000000032       0x33 ./Debug/debug.o
 .comment       0x0000000000000032       0x33 /Applications/MounRiver Studio 2.app/Contents/Resources/app/resources/darwin/components/WCH/Toolchain/RISC-V Embedded GCC/bin/../lib/gcc/riscv-none-embed/8.2.0/rv32imacxw/ilp32/libgcc.a(gesf2.o)
 .comment       0x0000000000000032       0x33 /Applications/MounRiver Studio 2.app/Contents/Resources/app/resources/darwin/components/WCH/Toolchain/RISC-V Embedded GCC/bin/../lib/gcc/riscv-none-embed/8.2.0/rv32imacxw/ilp32/libgcc.a(mulsf3.o)
 .comment       0x0000000000000032       0x33 /Applications/MounRiver Studio 2.app/Contents/Resources/app/resources/darwin/components/WCH/Toolchain/RISC-V Embedded GCC/bin/../lib/gcc/riscv-none-embed/8.2.0/rv32imacxw/ilp32/libgcc.a(floatunsisf.o)
 .comment       0x0000000000000032       0x33 /Applications/MounRiver Studio 2.app/Contents/Resources/app/resources/darwin/components/WCH/Toolchain/RISC-V Embedded GCC/bin/../lib/gcc/riscv-none-embed/8.2.0/rv32imacxw/ilp32/libgcc.a(extendsfdf2.o)
 .comment       0x0000000000000032       0x33 /Applications/MounRiver Studio 2.app/Contents/Resources/app/resources/darwin/components/WCH/Toolchain/RISC-V Embedded GCC/bin/../lib/gcc/riscv-none-embed/8.2.0/rv32imacxw/ilp32/libgcc.a(_clzsi2.o)
 .comment       0x0000000000000032       0x33 /Applications/MounRiver Studio 2.app/Contents/Resources/app/resources/darwin/components/WCH/Toolchain/RISC-V Embedded GCC/bin/../lib/gcc/riscv-none-embed/8.2.0/rv32imacxw/ilp32/libgcc.a(_clz.o)

.debug_frame    0x0000000000000000     0x2ad8
 .debug_frame   0x0000000000000000       0x30 ./User/ch32v20x_it.o
 .debug_frame   0x0000000000000030      0x198 ./User/main.o
 .debug_frame   0x00000000000001c8      0x254 ./User/param_table.o
 .debug_frame   0x000000000000041c      0x100 ./User/rtc.o
 .debug_frame   0x000000000000051c      0x134 ./User/strip_detect.o
 .debug_frame   0x0000000000000650       0x30 ./User/system_ch32v20x.o
 .debug_frame   0x0000000000000680       0x40 ./User/system_state.o
 .debug_frame   0x00000000000006c0      0x310 ./User/uart_protocol.o
 .debug_frame   0x00000000000009d0       0xcc ./User/uart_protocol_stubs.o
 .debug_frame   0x0000000000000a9c      0x2b4 ./Peripheral/src/ch32v20x_adc.o
 .debug_frame   0x0000000000000d50       0xec ./Peripheral/src/ch32v20x_bkp.o
 .debug_frame   0x0000000000000e3c       0xcc ./Peripheral/src/ch32v20x_dma.o
 .debug_frame   0x0000000000000f08      0x380 ./Peripheral/src/ch32v20x_flash.o
 .debug_frame   0x0000000000001288      0x170 ./Peripheral/src/ch32v20x_gpio.o
 .debug_frame   0x00000000000013f8       0x30 ./Peripheral/src/ch32v20x_misc.o
 .debug_frame   0x0000000000001428       0x50 ./Peripheral/src/ch32v20x_opa.o
 .debug_frame   0x0000000000001478       0xfc ./Peripheral/src/ch32v20x_pwr.o
 .debug_frame   0x0000000000001574      0x254 ./Peripheral/src/ch32v20x_rcc.o
 .debug_frame   0x00000000000017c8      0x12c ./Peripheral/src/ch32v20x_rtc.o
 .debug_frame   0x00000000000018f4      0x614 ./Peripheral/src/ch32v20x_tim.o
 .debug_frame   0x0000000000001f08      0x1e4 ./Peripheral/src/ch32v20x_usart.o
 .debug_frame   0x00000000000020ec       0xb8 ./Debug/debug.o
 .debug_frame   0x00000000000021a4       0x20 /Applications/MounRiver Studio 2.app/Contents/Resources/app/resources/darwin/components/WCH/Toolchain/RISC-V Embedded GCC/bin/../lib/gcc/riscv-none-embed/8.2.0/../../../../riscv-none-embed/lib/rv32imacxw/ilp32/libg_nano.a(lib_a-memcpy.o)
 .debug_frame   0x00000000000021c4       0x54 /Applications/MounRiver Studio 2.app/Contents/Resources/app/resources/darwin/components/WCH/Toolchain/RISC-V Embedded GCC/bin/../lib/gcc/riscv-none-embed/8.2.0/../../../../riscv-none-embed/lib/rv32imacxw/ilp32/libg_nano.a(lib_a-printf.o)
 .debug_frame   0x0000000000002218       0x54 /Applications/MounRiver Studio 2.app/Contents/Resources/app/resources/darwin/components/WCH/Toolchain/RISC-V Embedded GCC/bin/../lib/gcc/riscv-none-embed/8.2.0/../../../../riscv-none-embed/lib/rv32imacxw/ilp32/libg_nano.a(lib_a-puts.o)
 .debug_frame   0x000000000000226c       0x50 /Applications/MounRiver Studio 2.app/Contents/Resources/app/resources/darwin/components/WCH/Toolchain/RISC-V Embedded GCC/bin/../lib/gcc/riscv-none-embed/8.2.0/../../../../riscv-none-embed/lib/rv32imacxw/ilp32/libg_nano.a(lib_a-wbuf.o)
 .debug_frame   0x00000000000022bc       0x3c /Applications/MounRiver Studio 2.app/Contents/Resources/app/resources/darwin/components/WCH/Toolchain/RISC-V Embedded GCC/bin/../lib/gcc/riscv-none-embed/8.2.0/../../../../riscv-none-embed/lib/rv32imacxw/ilp32/libg_nano.a(lib_a-wsetup.o)
 .debug_frame   0x00000000000022f8       0x7c /Applications/MounRiver Studio 2.app/Contents/Resources/app/resources/darwin/components/WCH/Toolchain/RISC-V Embedded GCC/bin/../lib/gcc/riscv-none-embed/8.2.0/../../../../riscv-none-embed/lib/rv32imacxw/ilp32/libg_nano.a(lib_a-fflush.o)
 .debug_frame   0x0000000000002374      0x148 /Applications/MounRiver Studio 2.app/Contents/Resources/app/resources/darwin/components/WCH/Toolchain/RISC-V Embedded GCC/bin/../lib/gcc/riscv-none-embed/8.2.0/../../../../riscv-none-embed/lib/rv32imacxw/ilp32/libg_nano.a(lib_a-findfp.o)
 .debug_frame   0x00000000000024bc       0x88 /Applications/MounRiver Studio 2.app/Contents/Resources/app/resources/darwin/components/WCH/Toolchain/RISC-V Embedded GCC/bin/../lib/gcc/riscv-none-embed/8.2.0/../../../../riscv-none-embed/lib/rv32imacxw/ilp32/libg_nano.a(lib_a-fwalk.o)
 .debug_frame   0x0000000000002544       0x64 /Applications/MounRiver Studio 2.app/Contents/Resources/app/resources/darwin/components/WCH/Toolchain/RISC-V Embedded GCC/bin/../lib/gcc/riscv-none-embed/8.2.0/../../../../riscv-none-embed/lib/rv32imacxw/ilp32/libg_nano.a(lib_a-makebuf.o)
 .debug_frame   0x00000000000025a8       0x40 /Applications/MounRiver Studio 2.app/Contents/Resources/app/resources/darwin/components/WCH/Toolchain/RISC-V Embedded GCC/bin/../lib/gcc/riscv-none-embed/8.2.0/../../../../riscv-none-embed/lib/rv32imacxw/ilp32/libg_nano.a(lib_a-nano-freer.o)
 .debug_frame   0x00000000000025e8       0x40 /Applications/MounRiver Studio 2.app/Contents/Resources/app/resources/darwin/components/WCH/Toolchain/RISC-V Embedded GCC/bin/../lib/gcc/riscv-none-embed/8.2.0/../../../../riscv-none-embed/lib/rv32imacxw/ilp32/libg_nano.a(lib_a-nano-mallocr.o)
 .debug_frame   0x0000000000002628       0xd0 /Applications/MounRiver Studio 2.app/Contents/Resources/app/resources/darwin/components/WCH/Toolchain/RISC-V Embedded GCC/bin/../lib/gcc/riscv-none-embed/8.2.0/../../../../riscv-none-embed/lib/rv32imacxw/ilp32/libg_nano.a(lib_a-nano-vfprintf.o)
 .debug_frame   0x00000000000026f8       0x8c /Applications/MounRiver Studio 2.app/Contents/Resources/app/resources/darwin/components/WCH/Toolchain/RISC-V Embedded GCC/bin/../lib/gcc/riscv-none-embed/8.2.0/../../../../riscv-none-embed/lib/rv32imacxw/ilp32/libg_nano.a(lib_a-nano-vfprintf_i.o)
 .debug_frame   0x0000000000002784       0x30 /Applications/MounRiver Studio 2.app/Contents/Resources/app/resources/darwin/components/WCH/Toolchain/RISC-V Embedded GCC/bin/../lib/gcc/riscv-none-embed/8.2.0/../../../../riscv-none-embed/lib/rv32imacxw/ilp32/libg_nano.a(lib_a-sbrkr.o)
 .debug_frame   0x00000000000027b4       0xa4 /Applications/MounRiver Studio 2.app/Contents/Resources/app/resources/darwin/components/WCH/Toolchain/RISC-V Embedded GCC/bin/../lib/gcc/riscv-none-embed/8.2.0/../../../../riscv-none-embed/lib/rv32imacxw/ilp32/libg_nano.a(lib_a-stdio.o)
 .debug_frame   0x0000000000002858       0x30 /Applications/MounRiver Studio 2.app/Contents/Resources/app/resources/darwin/components/WCH/Toolchain/RISC-V Embedded GCC/bin/../lib/gcc/riscv-none-embed/8.2.0/../../../../riscv-none-embed/lib/rv32imacxw/ilp32/libg_nano.a(lib_a-writer.o)
 .debug_frame   0x0000000000002888       0x30 /Applications/MounRiver Studio 2.app/Contents/Resources/app/resources/darwin/components/WCH/Toolchain/RISC-V Embedded GCC/bin/../lib/gcc/riscv-none-embed/8.2.0/../../../../riscv-none-embed/lib/rv32imacxw/ilp32/libg_nano.a(lib_a-closer.o)
 .debug_frame   0x00000000000028b8       0x30 /Applications/MounRiver Studio 2.app/Contents/Resources/app/resources/darwin/components/WCH/Toolchain/RISC-V Embedded GCC/bin/../lib/gcc/riscv-none-embed/8.2.0/../../../../riscv-none-embed/lib/rv32imacxw/ilp32/libg_nano.a(lib_a-fstatr.o)
 .debug_frame   0x00000000000028e8       0x30 /Applications/MounRiver Studio 2.app/Contents/Resources/app/resources/darwin/components/WCH/Toolchain/RISC-V Embedded GCC/bin/../lib/gcc/riscv-none-embed/8.2.0/../../../../riscv-none-embed/lib/rv32imacxw/ilp32/libg_nano.a(lib_a-isattyr.o)
 .debug_frame   0x0000000000002918       0x30 /Applications/MounRiver Studio 2.app/Contents/Resources/app/resources/darwin/components/WCH/Toolchain/RISC-V Embedded GCC/bin/../lib/gcc/riscv-none-embed/8.2.0/../../../../riscv-none-embed/lib/rv32imacxw/ilp32/libg_nano.a(lib_a-lseekr.o)
 .debug_frame   0x0000000000002948       0x20 /Applications/MounRiver Studio 2.app/Contents/Resources/app/resources/darwin/components/WCH/Toolchain/RISC-V Embedded GCC/bin/../lib/gcc/riscv-none-embed/8.2.0/../../../../riscv-none-embed/lib/rv32imacxw/ilp32/libg_nano.a(lib_a-memchr.o)
 .debug_frame   0x0000000000002968       0x30 /Applications/MounRiver Studio 2.app/Contents/Resources/app/resources/darwin/components/WCH/Toolchain/RISC-V Embedded GCC/bin/../lib/gcc/riscv-none-embed/8.2.0/../../../../riscv-none-embed/lib/rv32imacxw/ilp32/libg_nano.a(lib_a-mlock.o)
 .debug_frame   0x0000000000002998       0x30 /Applications/MounRiver Studio 2.app/Contents/Resources/app/resources/darwin/components/WCH/Toolchain/RISC-V Embedded GCC/bin/../lib/gcc/riscv-none-embed/8.2.0/../../../../riscv-none-embed/lib/rv32imacxw/ilp32/libg_nano.a(lib_a-readr.o)
 .debug_frame   0x00000000000029c8       0x70 /Applications/MounRiver Studio 2.app/Contents/Resources/app/resources/darwin/components/WCH/Toolchain/RISC-V Embedded GCC/bin/../lib/gcc/riscv-none-embed/8.2.0/../../../../riscv-none-embed/lib/rv32imacxw/ilp32/libg_nano.a(lib_a-reent.o)
 .debug_frame   0x0000000000002a38       0x20 /Applications/MounRiver Studio 2.app/Contents/Resources/app/resources/darwin/components/WCH/Toolchain/RISC-V Embedded GCC/bin/../lib/gcc/riscv-none-embed/8.2.0/../../../../riscv-none-embed/lib/rv32imacxw/ilp32/libnosys.a(close.o)
 .debug_frame   0x0000000000002a58       0x20 /Applications/MounRiver Studio 2.app/Contents/Resources/app/resources/darwin/components/WCH/Toolchain/RISC-V Embedded GCC/bin/../lib/gcc/riscv-none-embed/8.2.0/../../../../riscv-none-embed/lib/rv32imacxw/ilp32/libnosys.a(fstat.o)
 .debug_frame   0x0000000000002a78       0x20 /Applications/MounRiver Studio 2.app/Contents/Resources/app/resources/darwin/components/WCH/Toolchain/RISC-V Embedded GCC/bin/../lib/gcc/riscv-none-embed/8.2.0/../../../../riscv-none-embed/lib/rv32imacxw/ilp32/libnosys.a(isatty.o)
 .debug_frame   0x0000000000002a98       0x20 /Applications/MounRiver Studio 2.app/Contents/Resources/app/resources/darwin/components/WCH/Toolchain/RISC-V Embedded GCC/bin/../lib/gcc/riscv-none-embed/8.2.0/../../../../riscv-none-embed/lib/rv32imacxw/ilp32/libnosys.a(lseek.o)
 .debug_frame   0x0000000000002ab8       0x20 /Applications/MounRiver Studio 2.app/Contents/Resources/app/resources/darwin/components/WCH/Toolchain/RISC-V Embedded GCC/bin/../lib/gcc/riscv-none-embed/8.2.0/../../../../riscv-none-embed/lib/rv32imacxw/ilp32/libnosys.a(read.o)

.debug_loc      0x0000000000000000     0x7d5c
 .debug_loc     0x0000000000000000      0x260 ./User/main.o
 .debug_loc     0x0000000000000260     0x100f ./User/param_table.o
 .debug_loc     0x000000000000126f      0x406 ./User/rtc.o
 .debug_loc     0x0000000000001675      0x153 ./User/strip_detect.o
 .debug_loc     0x00000000000017c8       0xac ./User/system_ch32v20x.o
 .debug_loc     0x0000000000001874       0x2c ./User/system_state.o
 .debug_loc     0x00000000000018a0     0x1235 ./User/uart_protocol.o