Archive member included to satisfy reference by file (symbol)

/Applications/MounRiver Studio 2.app/Contents/Resources/app/resources/darwin/components/WCH/Toolchain/RISC-V Embedded GCC/bin/../lib/gcc/riscv-none-embed/8.2.0/rv32imacxw/ilp32/libgcc.a(save-restore.o)
                              ./User/uart_protocol.o (__riscv_save_8)
/Applications/MounRiver Studio 2.app/Contents/Resources/app/resources/darwin/components/WCH/Toolchain/RISC-V Embedded GCC/bin/../lib/gcc/riscv-none-embed/8.2.0/../../../../riscv-none-embed/lib/rv32imacxw/ilp32/libg_nano.a(lib_a-memcpy.o)
                              ./User/flash_param.o (memcpy)
/Applications/MounRiver Studio 2.app/Contents/Resources/app/resources/darwin/components/WCH/Toolchain/RISC-V Embedded GCC/bin/../lib/gcc/riscv-none-embed/8.2.0/../../../../riscv-none-embed/lib/rv32imacxw/ilp32/libg_nano.a(lib_a-memset.o)
                              ./User/param_code_table.o (memset)
/Applications/MounRiver Studio 2.app/Contents/Resources/app/resources/darwin/components/WCH/Toolchain/RISC-V Embedded GCC/bin/../lib/gcc/riscv-none-embed/8.2.0/../../../../riscv-none-embed/lib/rv32imacxw/ilp32/libg_nano.a(lib_a-printf.o)
                              ./User/main.o (printf)
/Applications/MounRiver Studio 2.app/Contents/Resources/app/resources/darwin/components/WCH/Toolchain/RISC-V Embedded GCC/bin/../lib/gcc/riscv-none-embed/8.2.0/../../../../riscv-none-embed/lib/rv32imacxw/ilp32/libg_nano.a(lib_a-puts.o)
                              ./User/flash_param.o (puts)
/Applications/MounRiver Studio 2.app/Contents/Resources/app/resources/darwin/components/WCH/Toolchain/RISC-V Embedded GCC/bin/../lib/gcc/riscv-none-embed/8.2.0/../../../../riscv-none-embed/lib/rv32imacxw/ilp32/libg_nano.a(lib_a-wbuf.o)
                              /Applications/MounRiver Studio 2.app/Contents/Resources/app/resources/darwin/components/WCH/Toolchain/RISC-V Embedded GCC/bin/../lib/gcc/riscv-none-embed/8.2.0/../../../../riscv-none-embed/lib/rv32imacxw/ilp32/libg_nano.a(lib_a-puts.o) (__swbuf_r)
/Applications/MounRiver Studio 2.app/Contents/Resources/app/resources/darwin/components/WCH/Toolchain/RISC-V Embedded GCC/bin/../lib/gcc/riscv-none-embed/8.2.0/../../../../riscv-none-embed/lib/rv32imacxw/ilp32/libg_nano.a(lib_a-wsetup.o)
                              /Applications/MounRiver Studio 2.app/Contents/Resources/app/resources/darwin/components/WCH/Toolchain/RISC-V Embedded GCC/bin/../lib/gcc/riscv-none-embed/8.2.0/../../../../riscv-none-embed/lib/rv32imacxw/ilp32/libg_nano.a(lib_a-puts.o) (__swsetup_r)
/Applications/MounRiver Studio 2.app/Contents/Resources/app/resources/darwin/components/WCH/Toolchain/RISC-V Embedded GCC/bin/../lib/gcc/riscv-none-embed/8.2.0/../../../../riscv-none-embed/lib/rv32imacxw/ilp32/libg_nano.a(lib_a-fflush.o)
                              /Applications/MounRiver Studio 2.app/Contents/Resources/app/resources/darwin/components/WCH/Toolchain/RISC-V Embedded GCC/bin/../lib/gcc/riscv-none-embed/8.2.0/../../../../riscv-none-embed/lib/rv32imacxw/ilp32/libg_nano.a(lib_a-wbuf.o) (_fflush_r)
/Applications/MounRiver Studio 2.app/Contents/Resources/app/resources/darwin/components/WCH/Toolchain/RISC-V Embedded GCC/bin/../lib/gcc/riscv-none-embed/8.2.0/../../../../riscv-none-embed/lib/rv32imacxw/ilp32/libg_nano.a(lib_a-findfp.o)
                              /Applications/MounRiver Studio 2.app/Contents/Resources/app/resources/darwin/components/WCH/Toolchain/RISC-V Embedded GCC/bin/../lib/gcc/riscv-none-embed/8.2.0/../../../../riscv-none-embed/lib/rv32imacxw/ilp32/libg_nano.a(lib_a-printf.o) (__sinit)
/Applications/MounRiver Studio 2.app/Contents/Resources/app/resources/darwin/components/WCH/Toolchain/RISC-V Embedded GCC/bin/../lib/gcc/riscv-none-embed/8.2.0/../../../../riscv-none-embed/lib/rv32imacxw/ilp32/libg_nano.a(lib_a-fwalk.o)
                              /Applications/MounRiver Studio 2.app/Contents/Resources/app/resources/darwin/components/WCH/Toolchain/RISC-V Embedded GCC/bin/../lib/gcc/riscv-none-embed/8.2.0/../../../../riscv-none-embed/lib/rv32imacxw/ilp32/libg_nano.a(lib_a-findfp.o) (_fwalk)
/Applications/MounRiver Studio 2.app/Contents/Resources/app/resources/darwin/components/WCH/Toolchain/RISC-V Embedded GCC/bin/../lib/gcc/riscv-none-embed/8.2.0/../../../../riscv-none-embed/lib/rv32imacxw/ilp32/libg_nano.a(lib_a-impure.o)
                              /Applications/MounRiver Studio 2.app/Contents/Resources/app/resources/darwin/components/WCH/Toolchain/RISC-V Embedded GCC/bin/../lib/gcc/riscv-none-embed/8.2.0/../../../../riscv-none-embed/lib/rv32imacxw/ilp32/libg_nano.a(lib_a-fflush.o) (_global_impure_ptr)
/Applications/MounRiver Studio 2.app/Contents/Resources/app/resources/darwin/components/WCH/Toolchain/RISC-V Embedded GCC/bin/../lib/gcc/riscv-none-embed/8.2.0/../../../../riscv-none-embed/lib/rv32imacxw/ilp32/libg_nano.a(lib_a-makebuf.o)
[...]
Memory Configuration

Name             Origin             Length             Attributes
FLASH            0x0000000000000000 0x0000000000010000 xr
RAM              0x0000000020000000 0x0000000000005000 xrw
*default*        0x0000000000000000 0xffffffffffffffff

Linker script and memory map

LOAD ./User/ch32v20x_it.o
LOAD ./User/flash_param.o
LOAD ./User/main.o
LOAD ./User/param_code_table.o
LOAD ./User/system_ch32v20x.o
LOAD ./User/uart_protocol.o
LOAD ./Startup/startup_ch32v20x_D6.o
LOAD ./Peripheral/src/ch32v20x_adc.o
LOAD ./Peripheral/src/ch32v20x_bkp.o
LOAD ./Peripheral/src/ch32v20x_can.o
LOAD ./Peripheral/src/ch32v20x_crc.o
LOAD ./Peripheral/src/ch32v20x_dbgmcu.o
LOAD ./Peripheral/src/ch32v20x_dma.o
LOAD ./Peripheral/src/ch32v20x_exti.o
LOAD ./Peripheral/src/ch32v20x_flash.o
LOAD ./Peripheral/src/ch32v20x_gpio.o
LOAD ./Peripheral/src/ch32v20x_i2c.o
LOAD ./Peripheral/src/ch32v20x_iwdg.o
LOAD ./Peripheral/src/ch32v20x_misc.o
LOAD ./Peripheral/src/ch32v20x_opa.o
LOAD ./Peripheral/src/ch32v20x_pwr.o
LOAD ./Peripheral/src/ch32v20x_rcc.o
LOAD ./Peripheral/src/ch32v20x_rtc.o
LOAD ./Peripheral/src/ch32v20x_spi.o
LOAD ./Peripheral/src/ch32v20x_tim.o
LOAD ./Peripheral/src/ch32v20x_usart.o
LOAD ./Peripheral/src/ch32v20x_wwdg.o
LOAD ./Debug/debug.o
LOAD ./Core/core_riscv.o
LOAD /Applications/MounRiver Studio 2.app/Contents/Resources/app/resources/darwin/components/WCH/Toolchain/RISC-V Embedded GCC/bin/../lib/gcc/riscv-none-embed/8.2.0/rv32imacxw/ilp32/libgcc.a
LOAD /Applications/MounRiver Studio 2.app/Contents/Resources/app/resources/darwin/components/WCH/Toolchain/RISC-V Embedded GCC/bin/../lib/gcc/riscv-none-embed/8.2.0/../../../../riscv-none-embed/lib/rv32imacxw/ilp32/libg_nano.a
LOAD /Applications/MounRiver Studio 2.app/Contents/Resources/app/resources/darwin/components/WCH/Toolchain/RISC-V Embedded GCC/bin/../lib/gcc/riscv-none-embed/8.2.0/../../../../riscv-none-embed/lib/rv32imacxw/ilp32/libc_nano.a
LOAD /Applications/MounRiver Studio 2.app/Contents/Resources/app/resources/darwin/components/WCH/Toolchain/RISC-V Embedded GCC/bin/../lib/gcc/riscv-none-embed/8.2.0/rv32imacxw/ilp32/libgcc.a
START GROUP
LOAD /Applications/MounRiver Studio 2.app/Contents/Resources/app/resources/darwin/components/WCH/Toolchain/RISC-V Embedded GCC/bin/../lib/gcc/riscv-none-embed/8.2.0/rv32imacxw/ilp32/libgcc.a
LOAD /Applications/MounRiver Studio 2.app/Contents/Resources/app/resources/darwin/components/WCH/Toolchain/RISC-V Embedded GCC/bin/../lib/gcc/riscv-none-embed/8.2.0/../../../../riscv-none-embed/lib/rv32imacxw/ilp32/libc_nano.a
LOAD /Applications/MounRiver Studio 2.app/Contents/Resources/app/resources/darwin/components/WCH/Toolchain/RISC-V Embedded GCC/bin/../lib/gcc/riscv-none-embed/8.2.0/../../../../riscv-none-embed/lib/rv32imacxw/ilp32/libnosys.a
END GROUP
START GROUP
LOAD /Applications/MounRiver Studio 2.app/Contents/Resources/app/resources/darwin/components/WCH/Toolchain/RISC-V Embedded GCC/bin/../lib/gcc/riscv-none-embed/8.2.0/rv32imacxw/ilp32/libgcc.a
LOAD /Applications/MounRiver Studio 2.app/Contents/Resources/app/resources/darwin/components/WCH/Toolchain/RISC-V Embedded GCC/bin/../lib/gcc/riscv-none-embed/8.2.0/../../../../riscv-none-embed/lib/rv32imacxw/ilp32/libc_nano.a
LOAD /Applications/MounRiver Studio 2.app/Contents/Resources/app/resources/darwin/components/WCH/Toolchain/RISC-V Embedded GCC/bin/../lib/gcc/riscv-none-embed/8.2.0/../../../../riscv-none-embed/lib/rv32imacxw/ilp32/libnosys.a
END GROUP
                0x0000000000000800                __stack_size = 0x800
                [!provide]                        PROVIDE (_stack_size = __stack_size)

.init           0x0000000000000000        0x4
                0x0000000000000000                _sinit = .
                0x0000000000000000                . = ALIGN (0x4)
 *(SORT_NONE(.init))
 .init          0x0000000000000000        0x4 ./Startup/startup_ch32v20x_D6.o
                0x0000000000000000                _start
                0x0000000000000004                . = ALIGN (0x4)
                0x0000000000000004                _einit = .

.vector         0x0000000000000004       0xfc
 *(.vector)
 .vector        0x0000000000000004       0xfc ./Startup/startup_ch32v20x_D6.o
                0x0000000000000100                . = ALIGN (0x40)

.text           0x0000000000000100     0x3010
                0x0000000000000100                . = ALIGN (0x4)
 *(.text)
 .text          0x0000000000000100       0x60 /Applications/MounRiver Studio 2.app/Contents/Resources/app/resources/darwin/components/WCH/Toolchain/RISC-V Embedded GCC/bin/../lib/gcc/riscv-none-embed/8.2.0/rv32imacxw/ilp32/libgcc.a(save-restore.o)
                0x0000000000000100                __riscv_save_12
                0x0000000000000108                __riscv_save_10
                0x0000000000000108                __riscv_save_8
                0x0000000000000108                __riscv_save_11
                0x0000000000000108                __riscv_save_9
                0x0000000000000116                __riscv_save_4
                0x0000000000000116                __riscv_save_7
                0x0000000000000116                __riscv_save_6
                0x0000000000000116                __riscv_save_5
                0x0000000000000130                __riscv_save_3
                0x0000000000000130                __riscv_save_2
                0x0000000000000130                __riscv_save_0
                0x0000000000000130                __riscv_save_1
                0x000000000000013c                __riscv_restore_12
                0x0000000000000140                __riscv_restore_8
                0x0000000000000140                __riscv_restore_10
                0x0000000000000140                __riscv_restore_9
                0x0000000000000140                __riscv_restore_11
                0x000000000000014a                __riscv_restore_5
                0x000000000000014a                __riscv_restore_7
                0x000000000000014a                __riscv_restore_4
                0x000000000000014a                __riscv_restore_6
                0x0000000000000154                __riscv_restore_3
                0x0000000000000154                __riscv_restore_1
                0x0000000000000154                __riscv_restore_0
                0x0000000000000154                __riscv_restore_2
 .text          0x0000000000000160       0xa8 /Applications/MounRiver Studio 2.app/Contents/Resources/app/resources/darwin/components/WCH/Toolchain/RISC-V Embedded GCC/bin/../lib/gcc/riscv-none-embed/8.2.0/../../../../riscv-none-embed/lib/rv32imacxw/ilp32/libg_nano.a(lib_a-memset.o)
                0x0000000000000160                memset
 *(.text.*)
 .text.NMI_Handler
                0x0000000000000208        0x2 ./User/ch32v20x_it.o
                0x0000000000000208                NMI_Handler
 .text.HardFault_Handler
                0x000000000000020a       0x10 ./User/ch32v20x_it.o
                0x000000000000020a                HardFault_Handler
 .text.FLASH_WriteBuffer
                0x000000000000021a       0x7c ./User/flash_param.o
                0x000000000000021a                FLASH_WriteBuffer
 .text.FLASH_ReadBuffer
                0x0000000000000296       0x32 ./User/flash_param.o
                0x0000000000000296                FLASH_ReadBuffer
 .text.PARAM_ReadBlock.part.0
                0x00000000000002c8       0xa2 ./User/flash_param.o
 .text.PARAM_Init
                0x000000000000036a      0x17a ./User/flash_param.o
                0x000000000000036a                PARAM_Init
 .text.PARAM_UpdateBlock.part.1
                0x00000000000004e4      0x114 ./User/flash_param.o
 .text.PARAM_UpdateDateTime
                0x00000000000005f8       0x6c ./User/flash_param.o
                0x00000000000005f8                PARAM_UpdateDateTime
 .text.PrintParamInfo
                0x0000000000000664      0x152 ./User/main.o
                0x0000000000000664                PrintParamInfo
 .text.startup.main
                0x00000000000007b6      0x104 ./User/main.o
                0x00000000000007b6                main
 .text.ParamCodeTable_CalculateChecksum
                0x00000000000008ba       0x20 ./User/param_code_table.o
                0x00000000000008ba                ParamCodeTable_CalculateChecksum
 .text.ParamCodeTable_Save
                0x00000000000008da       0x6a ./User/param_code_table.o
                0x00000000000008da                ParamCodeTable_Save
 .text.ParamCodeTable_Reset
                0x0000000000000944       0xee ./User/param_code_table.o
                0x0000000000000944                ParamCodeTable_Reset
 .text.ParamCodeTable_VerifyChecksum
                0x0000000000000a32       0x22 ./User/param_code_table.o
                0x0000000000000a32                ParamCodeTable_VerifyChecksum
 .text.ParamCodeTable_Load
                0x0000000000000a54       0x1e ./User/param_code_table.o
                0x0000000000000a54                ParamCodeTable_Load
 .text.ParamCodeTable_Init
                0x0000000000000a72       0x10 ./User/param_code_table.o
                0x0000000000000a72                ParamCodeTable_Init
 .text.GetStripTypeName
                0x0000000000000a82       0x20 ./User/param_code_table.o
                0x0000000000000a82                GetStripTypeName
 .text.SystemInit
                0x0000000000000aa2       0xa8 ./User/system_ch32v20x.o
                0x0000000000000aa2                SystemInit
 .text.SystemCoreClockUpdate
                0x0000000000000b4a       0x8e ./User/system_ch32v20x.o
                0x0000000000000b4a                SystemCoreClockUpdate
 .text.UART_Calculate_Checksum
                0x0000000000000bd8       0x22 ./User/uart_protocol.o
                0x0000000000000bd8                UART_Calculate_Checksum
 .text.UART_RingBuffer_Push
                0x0000000000000bfa       0xb0 ./User/uart_protocol.o
                0x0000000000000bfa                UART_RingBuffer_Push
 .text.UART_RingBuffer_Pop
                0x0000000000000caa       0x4a ./User/uart_protocol.o
                0x0000000000000caa                UART_RingBuffer_Pop
 .text.UART_DMA_Init
                0x0000000000000cf4       0xb0 ./User/uart_protocol.o
                0x0000000000000cf4                UART_DMA_Init
 .text.UART_Protocol_Init
                0x0000000000000da4       0xb4 ./User/uart_protocol.o
                0x0000000000000da4                UART_Protocol_Init
 .text.UART_Send_Packet
                0x0000000000000e58       0x8c ./User/uart_protocol.o
                0x0000000000000e58                UART_Send_Packet
 .text.UART_Send_Error
                0x0000000000000ee4       0x1c ./User/uart_protocol.o
                0x0000000000000ee4                UART_Send_Error
 .text.USART2_IRQHandler
                0x0000000000000f00       0x80 ./User/uart_protocol.o
                0x0000000000000f00                USART2_IRQHandler
 .text.DMA1_Channel6_IRQHandler
                0x0000000000000f80       0x5e ./User/uart_protocol.o
                0x0000000000000f80                DMA1_Channel6_IRQHandler
 .text.UART_Handle_SyncTime
                0x0000000000000fde       0xb4 ./User/uart_protocol.o
                0x0000000000000fde                UART_Handle_SyncTime
 .text.UART_Handle_ReqStatus
                0x0000000000001092       0x32 ./User/uart_protocol.o
                0x0000000000001092                UART_Handle_ReqStatus
 .text.UART_Handle_SetCodeEvent
                0x00000000000010c4       0x3e ./User/uart_protocol.o
                0x00000000000010c4                UART_Handle_SetCodeEvent
 .text.UART_Handle_ReqResult
                0x0000000000001102       0xbc ./User/uart_protocol.o
                0x0000000000001102                UART_Handle_ReqResult
 .text.UART_Handle_ReqRawData
                0x00000000000011be       0x2a ./User/uart_protocol.o
                0x00000000000011be                UART_Handle_ReqRawData
 .text.UART_Process_Ring_Buffer
                0x00000000000011e8      0x116 ./User/uart_protocol.o
                0x00000000000011e8                UART_Process_Ring_Buffer
 .text.UART_Protocol_Process
                0x00000000000012fe        0xa ./User/uart_protocol.o
                0x00000000000012fe                UART_Protocol_Process
 .text.vector_handler
                0x0000000000001308        0x2 ./Startup/startup_ch32v20x_D6.o
                0x0000000000001308                USBWakeUp_IRQHandler
                0x0000000000001308                TIM1_CC_IRQHandler
                0x0000000000001308                SysTick_Handler
                0x0000000000001308                PVD_IRQHandler
                0x0000000000001308                EXTI3_IRQHandler
                0x0000000000001308                USBFS_IRQHandler
                0x0000000000001308                EXTI0_IRQHandler
                0x0000000000001308                I2C2_EV_IRQHandler
                0x0000000000001308                ADC1_2_IRQHandler
                0x0000000000001308                Break_Point_Handler
                0x0000000000001308                SPI1_IRQHandler
                0x0000000000001308                TAMPER_IRQHandler
                0x0000000000001308                Ecall_M_Mode_Handler
                0x0000000000001308                DMA1_Channel4_IRQHandler
                0x0000000000001308                USART3_IRQHandler
                0x0000000000001308                RTC_IRQHandler
                0x0000000000001308                DMA1_Channel7_IRQHandler
                0x0000000000001308                CAN1_RX1_IRQHandler
                0x0000000000001308                TIM4_IRQHandler
                0x0000000000001308                I2C1_EV_IRQHandler
                0x0000000000001308                UART4_IRQHandler
                0x0000000000001308                TIM3_IRQHandler
                0x0000000000001308                RCC_IRQHandler
                0x0000000000001308                TIM1_TRG_COM_IRQHandler
                0x0000000000001308                DMA1_Channel1_IRQHandler
                0x0000000000001308                EXTI15_10_IRQHandler
                0x0000000000001308                DMA1_Channel8_IRQHandler
                0x0000000000001308                EXTI9_5_IRQHandler
                0x0000000000001308                SPI2_IRQHandler
                0x0000000000001308                DMA1_Channel5_IRQHandler
                0x0000000000001308                EXTI4_IRQHandler
                0x0000000000001308                USB_LP_CAN1_RX0_IRQHandler
                0x0000000000001308                USB_HP_CAN1_TX_IRQHandler
                0x0000000000001308                DMA1_Channel3_IRQHandler
                0x0000000000001308                TIM1_UP_IRQHandler
                0x0000000000001308                WWDG_IRQHandler
                0x0000000000001308                Ecall_U_Mode_Handler
                0x0000000000001308                TIM2_IRQHandler
                0x0000000000001308                SW_Handler
                0x0000000000001308                TIM1_BRK_IRQHandler
                0x0000000000001308                EXTI1_IRQHandler
                0x0000000000001308                RTCAlarm_IRQHandler
                0x0000000000001308                I2C2_ER_IRQHandler
                0x0000000000001308                DMA1_Channel2_IRQHandler
                0x0000000000001308                CAN1_SCE_IRQHandler
                0x0000000000001308                FLASH_IRQHandler
                0x0000000000001308                USBFSWakeUp_IRQHandler
                0x0000000000001308                USART1_IRQHandler
                0x0000000000001308                I2C1_ER_IRQHandler
                0x0000000000001308                EXTI2_IRQHandler
 .text.handle_reset
                0x000000000000130a       0x86 ./Startup/startup_ch32v20x_D6.o
                0x000000000000130a                handle_reset
 .text.DBGMCU_GetCHIPID
                0x0000000000001390        0xa ./Peripheral/src/ch32v20x_dbgmcu.o
                0x0000000000001390                DBGMCU_GetCHIPID
 .text.DMA_DeInit
                0x000000000000139a       0x9c ./Peripheral/src/ch32v20x_dma.o
                0x000000000000139a                DMA_DeInit
 .text.DMA_Init
                0x0000000000001436       0x38 ./Peripheral/src/ch32v20x_dma.o
                0x0000000000001436                DMA_Init
 .text.DMA_Cmd  0x000000000000146e       0x14 ./Peripheral/src/ch32v20x_dma.o
                0x000000000000146e                DMA_Cmd
 .text.DMA_ITConfig
                0x0000000000001482       0x12 ./Peripheral/src/ch32v20x_dma.o
                0x0000000000001482                DMA_ITConfig
 .text.DMA_SetCurrDataCounter
                0x0000000000001494        0x4 ./Peripheral/src/ch32v20x_dma.o
                0x0000000000001494                DMA_SetCurrDataCounter
 .text.DMA_GetCurrDataCounter
                0x0000000000001498        0x8 ./Peripheral/src/ch32v20x_dma.o
                0x0000000000001498                DMA_GetCurrDataCounter
 .text.DMA_GetFlagStatus
                0x00000000000014a0        0xe ./Peripheral/src/ch32v20x_dma.o
                0x00000000000014a0                DMA_GetFlagStatus
 .text.DMA_GetITStatus
                0x00000000000014ae        0xa ./Peripheral/src/ch32v20x_dma.o
                0x00000000000014ae                DMA_GetITStatus
 .text.DMA_ClearITPendingBit
                0x00000000000014b8        0x8 ./Peripheral/src/ch32v20x_dma.o
                0x00000000000014b8                DMA_ClearITPendingBit
 .text.FLASH_Unlock
                0x00000000000014c0       0x1a ./Peripheral/src/ch32v20x_flash.o
                0x00000000000014c0                FLASH_Unlock
 .text.FLASH_Lock
                0x00000000000014da        0xe ./Peripheral/src/ch32v20x_flash.o
                0x00000000000014da                FLASH_Lock
 .text.FLASH_GetBank1Status
                0x00000000000014e8       0x18 ./Peripheral/src/ch32v20x_flash.o
                0x00000000000014e8                FLASH_GetBank1Status
 .text.FLASH_WaitForLastOperation
                0x0000000000001500       0x20 ./Peripheral/src/ch32v20x_flash.o
                0x0000000000001500                FLASH_WaitForLastOperation
 .text.FLASH_ErasePage
                0x0000000000001520       0x38 ./Peripheral/src/ch32v20x_flash.o
                0x0000000000001520                FLASH_ErasePage
 .text.FLASH_ProgramWord
                0x0000000000001558       0x4e ./Peripheral/src/ch32v20x_flash.o
                0x0000000000001558                FLASH_ProgramWord
 .text.GPIO_Init
                0x00000000000015a6       0xf2 ./Peripheral/src/ch32v20x_gpio.o
                0x00000000000015a6                GPIO_Init
 .text.NVIC_PriorityGroupConfig
                0x0000000000001698        0x6 ./Peripheral/src/ch32v20x_misc.o
                0x0000000000001698                NVIC_PriorityGroupConfig
 .text.NVIC_Init
                0x000000000000169e       0x54 ./Peripheral/src/ch32v20x_misc.o
                0x000000000000169e                NVIC_Init
 .text.RCC_GetClocksFreq
                0x00000000000016f2       0xbe ./Peripheral/src/ch32v20x_rcc.o
                0x00000000000016f2                RCC_GetClocksFreq
 .text.RCC_AHBPeriphClockCmd
                0x00000000000017b0       0x1e ./Peripheral/src/ch32v20x_rcc.o
                0x00000000000017b0                RCC_AHBPeriphClockCmd
 .text.RCC_APB2PeriphClockCmd
                0x00000000000017ce       0x1e ./Peripheral/src/ch32v20x_rcc.o
                0x00000000000017ce                RCC_APB2PeriphClockCmd
 .text.RCC_APB1PeriphClockCmd
                0x00000000000017ec       0x1e ./Peripheral/src/ch32v20x_rcc.o
                0x00000000000017ec                RCC_APB1PeriphClockCmd
 .text.USART_Init
                0x000000000000180a       0x8e ./Peripheral/src/ch32v20x_usart.o
                0x000000000000180a                USART_Init
 .text.USART_Cmd
                0x0000000000001898       0x16 ./Peripheral/src/ch32v20x_usart.o
                0x0000000000001898                USART_Cmd
 .text.USART_ITConfig
                0x00000000000018ae       0x36 ./Peripheral/src/ch32v20x_usart.o
                0x00000000000018ae                USART_ITConfig
 .text.USART_DMACmd
                0x00000000000018e4       0x12 ./Peripheral/src/ch32v20x_usart.o
                0x00000000000018e4                USART_DMACmd
 .text.USART_SendData
                0x00000000000018f6        0x8 ./Peripheral/src/ch32v20x_usart.o
                0x00000000000018f6                USART_SendData
 .text.USART_ReceiveData
                0x00000000000018fe        0x8 ./Peripheral/src/ch32v20x_usart.o
                0x00000000000018fe                USART_ReceiveData
 .text.USART_GetFlagStatus
                0x0000000000001906        0xa ./Peripheral/src/ch32v20x_usart.o
                0x0000000000001906                USART_GetFlagStatus
 .text.USART_GetITStatus
                0x0000000000001910       0x3c ./Peripheral/src/ch32v20x_usart.o
                0x0000000000001910                USART_GetITStatus
 .text.Delay_Init
                0x000000000000194c       0x2a ./Debug/debug.o
                0x000000000000194c                Delay_Init
 .text.Delay_Ms
                0x0000000000001976       0x36 ./Debug/debug.o
                0x0000000000001976                Delay_Ms
 .text.USART_Printf_Init
                0x00000000000019ac       0x54 ./Debug/debug.o
                0x00000000000019ac                USART_Printf_Init
 .text._write   0x0000000000001a00       0x3a ./Debug/debug.o
                0x0000000000001a00                _write
 .text._sbrk    0x0000000000001a3a       0x26 ./Debug/debug.o
                0x0000000000001a3a                _sbrk
 .text.memcpy   0x0000000000001a60       0xb2 /Applications/MounRiver Studio 2.app/Contents/Resources/app/resources/darwin/components/WCH/Toolchain/RISC-V Embedded GCC/bin/../lib/gcc/riscv-none-embed/8.2.0/../../../../riscv-none-embed/lib/rv32imacxw/ilp32/libg_nano.a(lib_a-memcpy.o)
                0x0000000000001a60                memcpy
 .text.printf   0x0000000000001b12       0x40 /Applications/MounRiver Studio 2.app/Contents/Resources/app/resources/darwin/components/WCH/Toolchain/RISC-V Embedded GCC/bin/../lib/gcc/riscv-none-embed/8.2.0/../../../../riscv-none-embed/lib/rv32imacxw/ilp32/libg_nano.a(lib_a-printf.o)
                0x0000000000001b12                printf
                0x0000000000001b12                iprintf
 .text._puts_r  0x0000000000001b52       0xd4 /Applications/MounRiver Studio 2.app/Contents/Resources/app/resources/darwin/components/WCH/Toolchain/RISC-V Embedded GCC/bin/../lib/gcc/riscv-none-embed/8.2.0/../../../../riscv-none-embed/lib/rv32imacxw/ilp32/libg_nano.a(lib_a-puts.o)
                0x0000000000001b52                _puts_r
 .text.puts     0x0000000000001c26        0xa /Applications/MounRiver Studio 2.app/Contents/Resources/app/resources/darwin/components/WCH/Toolchain/RISC-V Embedded GCC/bin/../lib/gcc/riscv-none-embed/8.2.0/../../../../riscv-none-embed/lib/rv32imacxw/ilp32/libg_nano.a(lib_a-puts.o)
                0x0000000000001c26                puts
 .text.__swbuf_r
                0x0000000000001c30       0xbc /Applications/MounRiver Studio 2.app/Contents/Resources/app/resources/darwin/components/WCH/Toolchain/RISC-V Embedded GCC/bin/../lib/gcc/riscv-none-embed/8.2.0/../../../../riscv-none-embed/lib/rv32imacxw/ilp32/libg_nano.a(lib_a-wbuf.o)
                0x0000000000001c30                __swbuf_r
 .text.__swsetup_r
                0x0000000000001cec       0xfc /Applications/MounRiver Studio 2.app/Contents/Resources/app/resources/darwin/components/WCH/Toolchain/RISC-V Embedded GCC/bin/../lib/gcc/riscv-none-embed/8.2.0/../../../../riscv-none-embed/lib/rv32imacxw/ilp32/libg_nano.a(lib_a-wsetup.o)
                0x0000000000001cec                __swsetup_r
 .text.__sflush_r
                0x0000000000001de8      0x130 /Applications/MounRiver Studio 2.app/Contents/Resources/app/resources/darwin/components/WCH/Toolchain/RISC-V Embedded GCC/bin/../lib/gcc/riscv-none-embed/8.2.0/../../../../riscv-none-embed/lib/rv32imacxw/ilp32/libg_nano.a(lib_a-fflush.o)
                0x0000000000001de8                __sflush_r
 .text._fflush_r
                0x0000000000001f18       0x64 /Applications/MounRiver Studio 2.app/Contents/Resources/app/resources/darwin/components/WCH/Toolchain/RISC-V Embedded GCC/bin/../lib/gcc/riscv-none-embed/8.2.0/../../../../riscv-none-embed/lib/rv32imacxw/ilp32/libg_nano.a(lib_a-fflush.o)
                0x0000000000001f18                _fflush_r
 .text.std      0x0000000000001f7c       0x66 /Applications/MounRiver Studio 2.app/Contents/Resources/app/resources/darwin/components/WCH/Toolchain/RISC-V Embedded GCC/bin/../lib/gcc/riscv-none-embed/8.2.0/../../../../riscv-none-embed/lib/rv32imacxw/ilp32/libg_nano.a(lib_a-findfp.o)
 .text._cleanup_r
                0x0000000000001fe2        0xa /Applications/MounRiver Studio 2.app/Contents/Resources/app/resources/darwin/components/WCH/Toolchain/RISC-V Embedded GCC/bin/../lib/gcc/riscv-none-embed/8.2.0/../../../../riscv-none-embed/lib/rv32imacxw/ilp32/libg_nano.a(lib_a-findfp.o)
                0x0000000000001fe2                _cleanup_r
 .text.__sfmoreglue
                0x0000000000001fec       0x46 /Applications/MounRiver Studio 2.app/Contents/Resources/app/resources/darwin/components/WCH/Toolchain/RISC-V Embedded GCC/bin/../lib/gcc/riscv-none-embed/8.2.0/../../../../riscv-none-embed/lib/rv32imacxw/ilp32/libg_nano.a(lib_a-findfp.o)
                0x0000000000001fec                __sfmoreglue
 .text.__sinit  0x0000000000002032       0x66 /Applications/MounRiver Studio 2.app/Contents/Resources/app/resources/darwin/components/WCH/Toolchain/RISC-V Embedded GCC/bin/../lib/gcc/riscv-none-embed/8.2.0/../../../../riscv-none-embed/lib/rv32imacxw/ilp32/libg_nano.a(lib_a-findfp.o)
                0x0000000000002032                __sinit
 .text.__sfp    0x0000000000002098       0x9c /Applications/MounRiver Studio 2.app/Contents/Resources/app/resources/darwin/components/WCH/Toolchain/RISC-V Embedded GCC/bin/../lib/gcc/riscv-none-embed/8.2.0/../../../../riscv-none-embed/lib/rv32imacxw/ilp32/libg_nano.a(lib_a-findfp.o)
                0x0000000000002098                __sfp
 .text._fwalk_reent
                0x0000000000002134       0x6a /Applications/MounRiver Studio 2.app/Contents/Resources/app/resources/darwin/components/WCH/Toolchain/RISC-V Embedded GCC/bin/../lib/gcc/riscv-none-embed/8.2.0/../../../../riscv-none-embed/lib/rv32imacxw/ilp32/libg_nano.a(lib_a-fwalk.o)
                0x0000000000002134                _fwalk_reent
 .text.__swhatbuf_r
                0x000000000000219e       0x58 /Applications/MounRiver Studio 2.app/Contents/Resources/app/resources/darwin/components/WCH/Toolchain/RISC-V Embedded GCC/bin/../lib/gcc/riscv-none-embed/8.2.0/../../../../riscv-none-embed/lib/rv32imacxw/ilp32/libg_nano.a(lib_a-makebuf.o)
                0x000000000000219e                __swhatbuf_r
 .text.__smakebuf_r
                0x00000000000021f6       0x90 /Applications/MounRiver Studio 2.app/Contents/Resources/app/resources/darwin/components/WCH/Toolchain/RISC-V Embedded GCC/bin/../lib/gcc/riscv-none-embed/8.2.0/../../../../riscv-none-embed/lib/rv32imacxw/ilp32/libg_nano.a(lib_a-makebuf.o)
                0x00000000000021f6                __smakebuf_r
 .text._free_r  0x0000000000002286       0xa8 /Applications/MounRiver Studio 2.app/Contents/Resources/app/resources/darwin/components/WCH/Toolchain/RISC-V Embedded GCC/bin/../lib/gcc/riscv-none-embed/8.2.0/../../../../riscv-none-embed/lib/rv32imacxw/ilp32/libg_nano.a(lib_a-nano-freer.o)
                0x0000000000002286                _free_r
 .text._malloc_r
                0x000000000000232e       0xd4 /Applications/MounRiver Studio 2.app/Contents/Resources/app/resources/darwin/components/WCH/Toolchain/RISC-V Embedded GCC/bin/../lib/gcc/riscv-none-embed/8.2.0/../../../../riscv-none-embed/lib/rv32imacxw/ilp32/libg_nano.a(lib_a-nano-mallocr.o)
                0x000000000000232e                _malloc_r
 .text.__sfputc_r
                0x0000000000002402       0x28 /Applications/MounRiver Studio 2.app/Contents/Resources/app/resources/darwin/components/WCH/Toolchain/RISC-V Embedded GCC/bin/../lib/gcc/riscv-none-embed/8.2.0/../../../../riscv-none-embed/lib/rv32imacxw/ilp32/libg_nano.a(lib_a-nano-vfprintf.o)
 .text.__sfputs_r
                0x000000000000242a       0x40 /Applications/MounRiver Studio 2.app/Contents/Resources/app/resources/darwin/components/WCH/Toolchain/RISC-V Embedded GCC/bin/../lib/gcc/riscv-none-embed/8.2.0/../../../../riscv-none-embed/lib/rv32imacxw/ilp32/libg_nano.a(lib_a-nano-vfprintf.o)
                0x000000000000242a                __sfputs_r
 .text._vfprintf_r
                0x000000000000246a      0x286 /Applications/MounRiver Studio 2.app/Contents/Resources/app/resources/darwin/components/WCH/Toolchain/RISC-V Embedded GCC/bin/../lib/gcc/riscv-none-embed/8.2.0/../../../../riscv-none-embed/lib/rv32imacxw/ilp32/libg_nano.a(lib_a-nano-vfprintf.o)
                0x000000000000246a                _vfiprintf_r
                0x000000000000246a                _vfprintf_r
 .text._printf_common
                0x00000000000026f0      0x10c /Applications/MounRiver Studio 2.app/Contents/Resources/app/resources/darwin/components/WCH/Toolchain/RISC-V Embedded GCC/bin/../lib/gcc/riscv-none-embed/8.2.0/../../../../riscv-none-embed/lib/rv32imacxw/ilp32/libg_nano.a(lib_a-nano-vfprintf_i.o)
                0x00000000000026f0                _printf_common
 .text._printf_i
                0x00000000000027fc      0x2a2 /Applications/MounRiver Studio 2.app/Contents/Resources/app/resources/darwin/components/WCH/Toolchain/RISC-V Embedded GCC/bin/../lib/gcc/riscv-none-embed/8.2.0/../../../../riscv-none-embed/lib/rv32imacxw/ilp32/libg_nano.a(lib_a-nano-vfprintf_i.o)
                0x00000000000027fc                _printf_i
 .text._sbrk_r  0x0000000000002a9e       0x2a /Applications/MounRiver Studio 2.app/Contents/Resources/app/resources/darwin/components/WCH/Toolchain/RISC-V Embedded GCC/bin/../lib/gcc/riscv-none-embed/8.2.0/../../../../riscv-none-embed/lib/rv32imacxw/ilp32/libg_nano.a(lib_a-sbrkr.o)
                0x0000000000002a9e                _sbrk_r
 .text.__sread  0x0000000000002ac8       0x2c /Applications/MounRiver Studio 2.app/Contents/Resources/app/resources/darwin/components/WCH/Toolchain/RISC-V Embedded GCC/bin/../lib/gcc/riscv-none-embed/8.2.0/../../../../riscv-none-embed/lib/rv32imacxw/ilp32/libg_nano.a(lib_a-stdio.o)
                0x0000000000002ac8                __sread
 .text.__swrite
                0x0000000000002af4       0x48 /Applications/MounRiver Studio 2.app/Contents/Resources/app/resources/darwin/components/WCH/Toolchain/RISC-V Embedded GCC/bin/../lib/gcc/riscv-none-embed/8.2.0/../../../../riscv-none-embed/lib/rv32imacxw/ilp32/libg_nano.a(lib_a-stdio.o)
                0x0000000000002af4                __swrite
 .text.__sseek  0x0000000000002b3c       0x30 /Applications/MounRiver Studio 2.app/Contents/Resources/app/resources/darwin/components/WCH/Toolchain/RISC-V Embedded GCC/bin/../lib/gcc/riscv-none-embed/8.2.0/../../../../riscv-none-embed/lib/rv32imacxw/ilp32/libg_nano.a(lib_a-stdio.o)
                0x0000000000002b3c                __sseek
 .text.__sclose
                0x0000000000002b6c        0x6 /Applications/MounRiver Studio 2.app/Contents/Resources/app/resources/darwin/components/WCH/Toolchain/RISC-V Embedded GCC/bin/../lib/gcc/riscv-none-embed/8.2.0/../../../../riscv-none-embed/lib/rv32imacxw/ilp32/libg_nano.a(lib_a-stdio.o)
                0x0000000000002b6c                __sclose
 .text._write_r
                0x0000000000002b72       0x2e /Applications/MounRiver Studio 2.app/Contents/Resources/app/resources/darwin/components/WCH/Toolchain/RISC-V Embedded GCC/bin/../lib/gcc/riscv-none-embed/8.2.0/../../../../riscv-none-embed/lib/rv32imacxw/ilp32/libg_nano.a(lib_a-writer.o)
                0x0000000000002b72                _write_r
 .text._close_r
                0x0000000000002ba0       0x28 /Applications/MounRiver Studio 2.app/Contents/Resources/app/resources/darwin/components/WCH/Toolchain/RISC-V Embedded GCC/bin/../lib/gcc/riscv-none-embed/8.2.0/../../../../riscv-none-embed/lib/rv32imacxw/ilp32/libg_nano.a(lib_a-closer.o)
                0x0000000000002ba0                _close_r
 .text._fstat_r
                0x0000000000002bc8       0x2a /Applications/MounRiver Studio 2.app/Contents/Resources/app/resources/darwin/components/WCH/Toolchain/RISC-V Embedded GCC/bin/../lib/gcc/riscv-none-embed/8.2.0/../../../../riscv-none-embed/lib/rv32imacxw/ilp32/libg_nano.a(lib_a-fstatr.o)
                0x0000000000002bc8                _fstat_r
 .text._isatty_r
                0x0000000000002bf2       0x28 /Applications/MounRiver Studio 2.app/Contents/Resources/app/resources/darwin/components/WCH/Toolchain/RISC-V Embedded GCC/bin/../lib/gcc/riscv-none-embed/8.2.0/../../../../riscv-none-embed/lib/rv32imacxw/ilp32/libg_nano.a(lib_a-isattyr.o)
                0x0000000000002bf2                _isatty_r
 .text._lseek_r
                0x0000000000002c1a       0x2c /Applications/MounRiver Studio 2.app/Contents/Resources/app/resources/darwin/components/WCH/Toolchain/RISC-V Embedded GCC/bin/../lib/gcc/riscv-none-embed/8.2.0/../../../../riscv-none-embed/lib/rv32imacxw/ilp32/libg_nano.a(lib_a-lseekr.o)
                0x0000000000002c1a                _lseek_r
 .text.memchr   0x0000000000002c46       0x18 /Applications/MounRiver Studio 2.app/Contents/Resources/app/resources/darwin/components/WCH/Toolchain/RISC-V Embedded GCC/bin/../lib/gcc/riscv-none-embed/8.2.0/../../../../riscv-none-embed/lib/rv32imacxw/ilp32/libg_nano.a(lib_a-memchr.o)
                0x0000000000002c46                memchr
 .text.__malloc_lock
                0x0000000000002c5e        0x2 /Applications/MounRiver Studio 2.app/Contents/Resources/app/resources/darwin/components/WCH/Toolchain/RISC-V Embedded GCC/bin/../lib/gcc/riscv-none-embed/8.2.0/../../../../riscv-none-embed/lib/rv32imacxw/ilp32/libg_nano.a(lib_a-mlock.o)
                0x0000000000002c5e                __malloc_lock
 .text.__malloc_unlock
                0x0000000000002c60        0x2 /Applications/MounRiver Studio 2.app/Contents/Resources/app/resources/darwin/components/WCH/Toolchain/RISC-V Embedded GCC/bin/../lib/gcc/riscv-none-embed/8.2.0/../../../../riscv-none-embed/lib/rv32imacxw/ilp32/libg_nano.a(lib_a-mlock.o)
                0x0000000000002c60                __malloc_unlock
 .text._read_r  0x0000000000002c62       0x2c /Applications/MounRiver Studio 2.app/Contents/Resources/app/resources/darwin/components/WCH/Toolchain/RISC-V Embedded GCC/bin/../lib/gcc/riscv-none-embed/8.2.0/../../../../riscv-none-embed/lib/rv32imacxw/ilp32/libg_nano.a(lib_a-readr.o)
                0x0000000000002c62                _read_r
 .text._close   0x0000000000002c8e        0xc /Applications/MounRiver Studio 2.app/Contents/Resources/app/resources/darwin/components/WCH/Toolchain/RISC-V Embedded GCC/bin/../lib/gcc/riscv-none-embed/8.2.0/../../../../riscv-none-embed/lib/rv32imacxw/ilp32/libnosys.a(close.o)
                0x0000000000002c8e                _close
 .text._fstat   0x0000000000002c9a        0xc /Applications/MounRiver Studio 2.app/Contents/Resources/app/resources/darwin/components/WCH/Toolchain/RISC-V Embedded GCC/bin/../lib/gcc/riscv-none-embed/8.2.0/../../../../riscv-none-embed/lib/rv32imacxw/ilp32/libnosys.a(fstat.o)
                0x0000000000002c9a                _fstat
 .text._isatty  0x0000000000002ca6        0xc /Applications/MounRiver Studio 2.app/Contents/Resources/app/resources/darwin/components/WCH/Toolchain/RISC-V Embedded GCC/bin/../lib/gcc/riscv-none-embed/8.2.0/../../../../riscv-none-embed/lib/rv32imacxw/ilp32/libnosys.a(isatty.o)
                0x0000000000002ca6                _isatty
 .text._lseek   0x0000000000002cb2        0xc /Applications/MounRiver Studio 2.app/Contents/Resources/app/resources/darwin/components/WCH/Toolchain/RISC-V Embedded GCC/bin/../lib/gcc/riscv-none-embed/8.2.0/../../../../riscv-none-embed/lib/rv32imacxw/ilp32/libnosys.a(lseek.o)
                0x0000000000002cb2                _lseek
 .text._read    0x0000000000002cbe        0xc /Applications/MounRiver Studio 2.app/Contents/Resources/app/resources/darwin/components/WCH/Toolchain/RISC-V Embedded GCC/bin/../lib/gcc/riscv-none-embed/8.2.0/../../../../riscv-none-embed/lib/rv32imacxw/ilp32/libnosys.a(read.o)
                0x0000000000002cbe                _read
 *(.rodata)
 *(.rodata*)
 *fill*         0x0000000000002cca        0x2 
 .rodata.PARAM_Init.str1.4
                0x0000000000002ccc       0x19 ./User/flash_param.o
 *fill*         0x0000000000002ce5        0x3 
 .rodata.PrintParamInfo
                0x0000000000002ce8       0x14 ./User/main.o
 .rodata.PrintParamInfo.str1.4
                0x0000000000002cfc      0x1a6 ./User/main.o
 *fill*         0x0000000000002ea2        0x2 
 .rodata.main.str1.4
                0x0000000000002ea4      0x14e ./User/main.o
 *fill*         0x0000000000002ff2        0x2 
 .rodata.CSWTCH.10
                0x0000000000002ff4       0x14 ./User/param_code_table.o
 .rodata.DefaultSystemParams
                0x0000000000003008       0x14 ./User/param_code_table.o
 .rodata.GetStripTypeName.str1.4
                0x000000000000301c        0x8 ./User/param_code_table.o
 .rodata.str1.4
                0x0000000000003024       0x14 ./User/param_code_table.o
 .rodata.UART_Process_Ring_Buffer
                0x0000000000003038       0x30 ./User/uart_protocol.o
 .rodata.CSWTCH.13
                0x0000000000003068        0xa ./User/uart_protocol.o
 *fill*         0x0000000000003072        0x2 
 .rodata.__sf_fake_stderr
                0x0000000000003074       0x20 /Applications/MounRiver Studio 2.app/Contents/Resources/app/resources/darwin/components/WCH/Toolchain/RISC-V Embedded GCC/bin/../lib/gcc/riscv-none-embed/8.2.0/../../../../riscv-none-embed/lib/rv32imacxw/ilp32/libg_nano.a(lib_a-findfp.o)
                0x0000000000003074                __sf_fake_stderr
 .rodata.__sf_fake_stdin
                0x0000000000003094       0x20 /Applications/MounRiver Studio 2.app/Contents/Resources/app/resources/darwin/components/WCH/Toolchain/RISC-V Embedded GCC/bin/../lib/gcc/riscv-none-embed/8.2.0/../../../../riscv-none-embed/lib/rv32imacxw/ilp32/libg_nano.a(lib_a-findfp.o)
                0x0000000000003094                __sf_fake_stdin
 .rodata.__sf_fake_stdout
                0x00000000000030b4       0x20 /Applications/MounRiver Studio 2.app/Contents/Resources/app/resources/darwin/components/WCH/Toolchain/RISC-V Embedded GCC/bin/../lib/gcc/riscv-none-embed/8.2.0/../../../../riscv-none-embed/lib/rv32imacxw/ilp32/libg_nano.a(lib_a-findfp.o)
                0x00000000000030b4                __sf_fake_stdout
 .rodata._vfprintf_r.str1.4
                0x00000000000030d4       0x13 /Applications/MounRiver Studio 2.app/Contents/Resources/app/resources/darwin/components/WCH/Toolchain/RISC-V Embedded GCC/bin/../lib/gcc/riscv-none-embed/8.2.0/../../../../riscv-none-embed/lib/rv32imacxw/ilp32/libg_nano.a(lib_a-nano-vfprintf.o)
 *fill*         0x00000000000030e7        0x1 
 .rodata._printf_i.str1.4
                0x00000000000030e8       0x28 /Applications/MounRiver Studio 2.app/Contents/Resources/app/resources/darwin/components/WCH/Toolchain/RISC-V Embedded GCC/bin/../lib/gcc/riscv-none-embed/8.2.0/../../../../riscv-none-embed/lib/rv32imacxw/ilp32/libg_nano.a(lib_a-nano-vfprintf_i.o)
                                         0x25 (size before relaxing)
 *(.gnu.linkonce.t.*)
                0x0000000000003110                . = ALIGN (0x4)

.rela.dyn       0x0000000000003110        0x0
 .rela.init     0x0000000000003110        0x0 ./User/ch32v20x_it.o
 .rela.vector   0x0000000000003110        0x0 ./User/ch32v20x_it.o
 .rela.text.handle_reset
                0x0000000000003110        0x0 ./User/ch32v20x_it.o
 .rela.text._sbrk
                0x0000000000003110        0x0 ./User/ch32v20x_it.o
 .rela.sdata.curbrk.4652
                0x0000000000003110        0x0 ./User/ch32v20x_it.o
 .rela.text._vfprintf_r
                0x0000000000003110        0x0 ./User/ch32v20x_it.o
 .rela.text._sbrk_r
                0x0000000000003110        0x0 ./User/ch32v20x_it.o
 .rela.text._write_r
                0x0000000000003110        0x0 ./User/ch32v20x_it.o
 .rela.text._close_r
                0x0000000000003110        0x0 ./User/ch32v20x_it.o
 .rela.text._fstat_r
                0x0000000000003110        0x0 ./User/ch32v20x_it.o
 .rela.text._isatty_r
                0x0000000000003110        0x0 ./User/ch32v20x_it.o
 .rela.text._lseek_r
                0x0000000000003110        0x0 ./User/ch32v20x_it.o
 .rela.text._read_r
                0x0000000000003110        0x0 ./User/ch32v20x_it.o
 .rela.text._close
                0x0000000000003110        0x0 ./User/ch32v20x_it.o
 .rela.text._fstat
                0x0000000000003110        0x0 ./User/ch32v20x_it.o
 .rela.text._isatty
                0x0000000000003110        0x0 ./User/ch32v20x_it.o
 .rela.text._lseek
                0x0000000000003110        0x0 ./User/ch32v20x_it.o
 .rela.text._read
                0x0000000000003110        0x0 ./User/ch32v20x_it.o

.fini           0x0000000000003110        0x0
 *(SORT_NONE(.fini))
                0x0000000000003110                . = ALIGN (0x4)
                [!provide]                        PROVIDE (_etext = .)
                [!provide]                        PROVIDE (_eitcm = .)

.preinit_array  0x0000000000003110        0x0
                [!provide]                        PROVIDE (__preinit_array_start = .)
 *(.preinit_array)
                [!provide]                        PROVIDE (__preinit_array_end = .)

.init_array     0x0000000000003110        0x0
                [!provide]                        PROVIDE (__init_array_start = .)
 *(SORT_BY_INIT_PRIORITY(.init_array.*) SORT_BY_INIT_PRIORITY(.ctors.*))
 *(.init_array EXCLUDE_FILE(*crtend?.o *crtend.o *crtbegin?.o *crtbegin.o) .ctors)
                [!provide]                        PROVIDE (__init_array_end = .)

.fini_array     0x0000000000003110        0x0
                [!provide]                        PROVIDE (__fini_array_start = .)
 *(SORT_BY_INIT_PRIORITY(.fini_array.*) SORT_BY_INIT_PRIORITY(.dtors.*))
 *(.fini_array EXCLUDE_FILE(*crtend?.o *crtend.o *crtbegin?.o *crtbegin.o) .dtors)
                [!provide]                        PROVIDE (__fini_array_end = .)

.ctors
 *crtbegin.o(.ctors)
 *crtbegin?.o(.ctors)
 *(EXCLUDE_FILE(*crtend?.o *crtend.o) .ctors)
 *(SORT_BY_NAME(.ctors.*))
 *(.ctors)

.dtors
 *crtbegin.o(.dtors)
 *crtbegin?.o(.dtors)
 *(EXCLUDE_FILE(*crtend?.o *crtend.o) .dtors)
 *(SORT_BY_NAME(.dtors.*))
 *(.dtors)

.dalign         0x0000000020000000        0x0 load address 0x0000000000003110
                0x0000000020000000                . = ALIGN (0x4)
                0x0000000020000000                PROVIDE (_data_vma = .)

.dlalign        0x0000000000003110        0x0
                0x0000000000003110                . = ALIGN (0x4)
                0x0000000000003110                PROVIDE (_data_lma = .)

.data           0x0000000020000000       0x98 load address 0x0000000000003110
 *(.gnu.linkonce.r.*)
 *(.data .data.*)
 .data.AHBPrescTable
                0x0000000020000000       0x10 ./User/system_ch32v20x.o
                0x0000000020000000                AHBPrescTable
 .data.APBAHBPrescTable
                0x0000000020000010       0x10 ./Peripheral/src/ch32v20x_rcc.o
 .data.impure_data
                0x0000000020000020       0x60 /Applications/MounRiver Studio 2.app/Contents/Resources/app/resources/darwin/components/WCH/Toolchain/RISC-V Embedded GCC/bin/../lib/gcc/riscv-none-embed/8.2.0/../../../../riscv-none-embed/lib/rv32imacxw/ilp32/libg_nano.a(lib_a-impure.o)
 *(.gnu.linkonce.d.*)
                0x0000000020000080                . = ALIGN (0x8)
                0x0000000020000880                PROVIDE (__global_pointer$ = (. + 0x800))
 *(.sdata .sdata.*)
 .sdata.activeParamBlockAddr
                0x0000000020000080        0x4 ./User/flash_param.o
 .sdata.SystemCoreClock
                0x0000000020000084        0x4 ./User/system_ch32v20x.o
                0x0000000020000084                SystemCoreClock
 .sdata.ADCPrescTable
                0x0000000020000088        0x4 ./Peripheral/src/ch32v20x_rcc.o
 .sdata.curbrk.4652
                0x000000002000008c        0x4 ./Debug/debug.o
 .sdata._impure_ptr
                0x0000000020000090        0x4 /Applications/MounRiver Studio 2.app/Contents/Resources/app/resources/darwin/components/WCH/Toolchain/RISC-V Embedded GCC/bin/../lib/gcc/riscv-none-embed/8.2.0/../../../../riscv-none-embed/lib/rv32imacxw/ilp32/libg_nano.a(lib_a-impure.o)
                0x0000000020000090                _impure_ptr
 *(.sdata2.*)
 .sdata2._global_impure_ptr
                0x0000000020000094        0x4 /Applications/MounRiver Studio 2.app/Contents/Resources/app/resources/darwin/components/WCH/Toolchain/RISC-V Embedded GCC/bin/../lib/gcc/riscv-none-embed/8.2.0/../../../../riscv-none-embed/lib/rv32imacxw/ilp32/libg_nano.a(lib_a-impure.o)
                0x0000000020000094                _global_impure_ptr
 *(.gnu.linkonce.s.*)
                0x0000000020000098                . = ALIGN (0x8)
 *(.srodata.cst16)
 *(.srodata.cst8)
 *(.srodata.cst4)
 *(.srodata.cst2)
 *(.srodata .srodata.*)
                0x0000000020000098                . = ALIGN (0x4)
                0x0000000020000098                PROVIDE (_edata = .)

.bss            0x0000000020000098      0x9e0 load address 0x00000000000031a8
                0x0000000020000098                . = ALIGN (0x4)
                0x0000000020000098                PROVIDE (_sbss = .)
 *(.sbss*)
 .sbss.Test_Record
                0x0000000020000098        0x4 ./User/uart_protocol.o
 .sbss.errorData
                0x000000002000009c        0x2 ./User/uart_protocol.o
 .sbss.rxDataCount
                0x000000002000009e        0x1 ./User/uart_protocol.o
 *fill*         0x000000002000009f        0x1 
 .sbss.rxState  0x00000000200000a0        0x4 ./User/uart_protocol.o
 .sbss.MCU_Version
                0x00000000200000a4        0x1 ./Peripheral/src/ch32v20x_gpio.o
                0x00000000200000a4                MCU_Version
 *fill*         0x00000000200000a5        0x3 
 .sbss.NVIC_Priority_Group
                0x00000000200000a8        0x4 ./Peripheral/src/ch32v20x_misc.o
                0x00000000200000a8                NVIC_Priority_Group
 .sbss.p_ms     0x00000000200000ac        0x2 ./Debug/debug.o
 .sbss.p_us     0x00000000200000ae        0x1 ./Debug/debug.o
 *fill*         0x00000000200000af        0x1 
 .sbss.__malloc_free_list
                0x00000000200000b0        0x4 /Applications/MounRiver Studio 2.app/Contents/Resources/app/resources/darwin/components/WCH/Toolchain/RISC-V Embedded GCC/bin/../lib/gcc/riscv-none-embed/8.2.0/../../../../riscv-none-embed/lib/rv32imacxw/ilp32/libg_nano.a(lib_a-nano-mallocr.o)
                0x00000000200000b0                __malloc_free_list
 .sbss.__malloc_sbrk_start
                0x00000000200000b4        0x4 /Applications/MounRiver Studio 2.app/Contents/Resources/app/resources/darwin/components/WCH/Toolchain/RISC-V Embedded GCC/bin/../lib/gcc/riscv-none-embed/8.2.0/../../../../riscv-none-embed/lib/rv32imacxw/ilp32/libg_nano.a(lib_a-nano-mallocr.o)
                0x00000000200000b4                __malloc_sbrk_start
 *(.gnu.linkonce.sb.*)
 *(.bss*)
 .bss.ParamCodeTable
                0x00000000200000b8      0x2a0 ./User/param_code_table.o
                0x00000000200000b8                ParamCodeTable
 .bss.UART_DMA_Ctrl
                0x0000000020000358      0x201 ./User/uart_protocol.o
 *fill*         0x0000000020000559        0x3 
 .bss.ringBuffer
                0x000000002000055c      0x406 ./User/uart_protocol.o
 *fill*         0x0000000020000962        0x2 
 .bss.rxPacket  0x0000000020000964       0x85 ./User/uart_protocol.o
 *fill*         0x00000000200009e9        0x3 
 .bss.txBuffer  0x00000000200009ec       0x85 ./User/uart_protocol.o
 *(.gnu.linkonce.b.*)
 *(COMMON*)
 *fill*         0x0000000020000a71        0x3 
 COMMON         0x0000000020000a74        0x4 /Applications/MounRiver Studio 2.app/Contents/Resources/app/resources/darwin/components/WCH/Toolchain/RISC-V Embedded GCC/bin/../lib/gcc/riscv-none-embed/8.2.0/../../../../riscv-none-embed/lib/rv32imacxw/ilp32/libg_nano.a(lib_a-reent.o)
                0x0000000020000a74                errno
                0x0000000020000a78                . = ALIGN (0x4)
                0x0000000020000a78                PROVIDE (_ebss = .)
                0x0000000020000a78                PROVIDE (_end = _ebss)
                [!provide]                        PROVIDE (end = .)

.stack          0x0000000020004800      0x800
                0x0000000020004800                PROVIDE (_heap_end = .)
                0x0000000020004800                . = ALIGN (0x4)
                [!provide]                        PROVIDE (_susrstack = .)
                0x0000000020005000                . = (. + __stack_size)
 *fill*         0x0000000020004800      0x800 
                0x0000000020005000                PROVIDE (_eusrstack = .)
OUTPUT(CH32V203G8R6.elf elf32-littleriscv)

.debug_info     0x0000000000000000    0x1027e
 .debug_info    0x0000000000000000      0xbb5 ./User/ch32v20x_it.o
 .debug_info    0x0000000000000bb5     0x1d0b ./User/flash_param.o
 .debug_info    0x00000000000028c0     0x1252 ./User/main.o
 .debug_info    0x0000000000003b12     0x1330 ./User/param_code_table.o
 .debug_info    0x0000000000004e42      0xb30 ./User/system_ch32v20x.o
 .debug_info    0x0000000000005972     0x2510 ./User/uart_protocol.o
 .debug_info    0x0000000000007e82       0x22 ./Startup/startup_ch32v20x_D6.o
 .debug_info    0x0000000000007ea4      0xa89 ./Peripheral/src/ch32v20x_dbgmcu.o
 .debug_info    0x000000000000892d      0xd16 ./Peripheral/src/ch32v20x_dma.o
 .debug_info    0x0000000000009643     0x15d2 ./Peripheral/src/ch32v20x_flash.o
 .debug_info    0x000000000000ac15     0x1349 ./Peripheral/src/ch32v20x_gpio.o
 .debug_info    0x000000000000bf5e      0xe61 ./Peripheral/src/ch32v20x_misc.o
 .debug_info    0x000000000000cdbf     0x1268 ./Peripheral/src/ch32v20x_rcc.o
 .debug_info    0x000000000000e027     0x1335 ./Peripheral/src/ch32v20x_usart.o
 .debug_info    0x000000000000f35c      0xf22 ./Debug/debug.o

.debug_abbrev   0x0000000000000000     0x2e3c
 .debug_abbrev  0x0000000000000000      0x22c ./User/ch32v20x_it.o
 .debug_abbrev  0x000000000000022c      0x47e ./User/flash_param.o
 .debug_abbrev  0x00000000000006aa      0x29e ./User/main.o
 .debug_abbrev  0x0000000000000948      0x37b ./User/param_code_table.o
 .debug_abbrev  0x0000000000000cc3      0x2b0 ./User/system_ch32v20x.o
 .debug_abbrev  0x0000000000000f73      0x4c2 ./User/uart_protocol.o
 .debug_abbrev  0x0000000000001435       0x12 ./Startup/startup_ch32v20x_D6.o
 .debug_abbrev  0x0000000000001447      0x2f7 ./Peripheral/src/ch32v20x_dbgmcu.o
 .debug_abbrev  0x000000000000173e      0x302 ./Peripheral/src/ch32v20x_dma.o
 .debug_abbrev  0x0000000000001a40      0x468 ./Peripheral/src/ch32v20x_flash.o
 .debug_abbrev  0x0000000000001ea8      0x34b ./Peripheral/src/ch32v20x_gpio.o
 .debug_abbrev  0x00000000000021f3      0x2ea ./Peripheral/src/ch32v20x_misc.o
 .debug_abbrev  0x00000000000024dd      0x36b ./Peripheral/src/ch32v20x_rcc.o
 .debug_abbrev  0x0000000000002848      0x312 ./Peripheral/src/ch32v20x_usart.o
 .debug_abbrev  0x0000000000002b5a      0x2e2 ./Debug/debug.o

.debug_aranges  0x0000000000000000      0x740
 .debug_aranges
                0x0000000000000000       0x28 ./User/ch32v20x_it.o
 .debug_aranges
                0x0000000000000028       0x88 ./User/flash_param.o
 .debug_aranges
                0x00000000000000b0       0x28 ./User/main.o
 .debug_aranges
                0x00000000000000d8       0x70 ./User/param_code_table.o
 .debug_aranges
                0x0000000000000148       0x28 ./User/system_ch32v20x.o
 .debug_aranges
                0x0000000000000170       0xa0 ./User/uart_protocol.o
 .debug_aranges
                0x0000000000000210       0x30 ./Startup/startup_ch32v20x_D6.o
 .debug_aranges
                0x0000000000000240       0x48 ./Peripheral/src/ch32v20x_dbgmcu.o
 .debug_aranges
                0x0000000000000288       0x60 ./Peripheral/src/ch32v20x_dma.o
 .debug_aranges
                0x00000000000002e8      0x110 ./Peripheral/src/ch32v20x_flash.o
 .debug_aranges
                0x00000000000003f8       0xb0 ./Peripheral/src/ch32v20x_gpio.o
 .debug_aranges
                0x00000000000004a8       0x28 ./Peripheral/src/ch32v20x_misc.o
 .debug_aranges
                0x00000000000004d0      0x130 ./Peripheral/src/ch32v20x_rcc.o
 .debug_aranges
                0x0000000000000600       0xf0 ./Peripheral/src/ch32v20x_usart.o
 .debug_aranges
                0x00000000000006f0       0x50 ./Debug/debug.o

.debug_ranges   0x0000000000000000      0x8e8
 .debug_ranges  0x0000000000000000       0x18 ./User/ch32v20x_it.o
 .debug_ranges  0x0000000000000018      0x188 ./User/flash_param.o
 .debug_ranges  0x00000000000001a0       0x18 ./User/main.o
 .debug_ranges  0x00000000000001b8       0xb0 ./User/param_code_table.o
 .debug_ranges  0x0000000000000268       0x18 ./User/system_ch32v20x.o
 .debug_ranges  0x0000000000000280      0x178 ./User/uart_protocol.o
 .debug_ranges  0x00000000000003f8       0x28 ./Startup/startup_ch32v20x_D6.o
 .debug_ranges  0x0000000000000420       0x50 ./Peripheral/src/ch32v20x_dbgmcu.o
 .debug_ranges  0x0000000000000470       0x50 ./Peripheral/src/ch32v20x_dma.o
 .debug_ranges  0x00000000000004c0      0x100 ./Peripheral/src/ch32v20x_flash.o
 .debug_ranges  0x00000000000005c0       0xa0 ./Peripheral/src/ch32v20x_gpio.o
 .debug_ranges  0x0000000000000660       0x48 ./Peripheral/src/ch32v20x_misc.o
 .debug_ranges  0x00000000000006a8      0x120 ./Peripheral/src/ch32v20x_rcc.o
 .debug_ranges  0x00000000000007c8       0xe0 ./Peripheral/src/ch32v20x_usart.o
 .debug_ranges  0x00000000000008a8       0x40 ./Debug/debug.o

.debug_line     0x0000000000000000     0xc437
 .debug_line    0x0000000000000000      0x37e ./User/ch32v20x_it.o
 .debug_line    0x000000000000037e     0x1663 ./User/flash_param.o
 .debug_line    0x00000000000019e1      0x6a7 ./User/main.o
 .debug_line    0x0000000000002088      0xac4 ./User/param_code_table.o
 .debug_line    0x0000000000002b4c      0x69d ./User/system_ch32v20x.o
 .debug_line    0x00000000000031e9     0x184b ./User/uart_protocol.o
 .debug_line    0x0000000000004a34      0x121 ./Startup/startup_ch32v20x_D6.o
 .debug_line    0x0000000000004b55      0x459 ./Peripheral/src/ch32v20x_dbgmcu.o
 .debug_line    0x0000000000004fae      0x8a2 ./Peripheral/src/ch32v20x_dma.o
 .debug_line    0x0000000000005850     0x2620 ./Peripheral/src/ch32v20x_flash.o
 .debug_line    0x0000000000007e70     0x16f6 ./Peripheral/src/ch32v20x_gpio.o
 .debug_line    0x0000000000009566      0x4c8 ./Peripheral/src/ch32v20x_misc.o
 .debug_line    0x0000000000009a2e     0x127e ./Peripheral/src/ch32v20x_rcc.o
 .debug_line    0x000000000000acac      0xf61 ./Peripheral/src/ch32v20x_usart.o
 .debug_line    0x000000000000bc0d      0x82a ./Debug/debug.o

.debug_str      0x0000000000000000     0x2b10
 .debug_str     0x0000000000000000      0x642 ./User/ch32v20x_it.o
                                        0x6a5 (size before relaxing)
 .debug_str     0x0000000000000642      0x682 ./User/flash_param.o
                                        0xc84 (size before relaxing)
 .debug_str     0x0000000000000cc4       0xf6 ./User/main.o
                                        0x9b8 (size before relaxing)
 .debug_str     0x0000000000000dba      0x138 ./User/param_code_table.o
                                        0x9fa (size before relaxing)
 .debug_str     0x0000000000000ef2       0xdd ./User/system_ch32v20x.o
                                        0x6c0 (size before relaxing)
 .debug_str     0x0000000000000fcf      0xbb3 ./User/uart_protocol.o
                                       0x1573 (size before relaxing)
 .debug_str     0x0000000000001b82       0x2d ./Startup/startup_ch32v20x_D6.o
                                         0x76 (size before relaxing)
 .debug_str     0x0000000000001baf       0x87 ./Peripheral/src/ch32v20x_dbgmcu.o
                                        0x666 (size before relaxing)
 .debug_str     0x0000000000001c36       0xbb ./Peripheral/src/ch32v20x_dma.o
                                        0x813 (size before relaxing)
 .debug_str     0x0000000000001cf1      0x40a ./Peripheral/src/ch32v20x_flash.o
                                        0xb3f (size before relaxing)
 .debug_str     0x00000000000020fb      0x269 ./Peripheral/src/ch32v20x_gpio.o
                                        0x9dc (size before relaxing)
 .debug_str     0x0000000000002364       0x9c ./Peripheral/src/ch32v20x_misc.o
                                        0xa9e (size before relaxing)
 .debug_str     0x0000000000002400      0x3af ./Peripheral/src/ch32v20x_rcc.o
                                        0xaee (size before relaxing)
 .debug_str     0x00000000000027af      0x2e4 ./Peripheral/src/ch32v20x_usart.o
                                        0xb0a (size before relaxing)
 .debug_str     0x0000000000002a93       0x7d ./Debug/debug.o
                                        0x931 (size before relaxing)

.comment        0x0000000000000000       0x32
 .comment       0x0000000000000000       0x32 ./User/ch32v20x_it.o
                                         0x33 (size before relaxing)
 .comment       0x0000000000000032       0x33 ./User/flash_param.o
 .comment       0x0000000000000032       0x33 ./User/main.o
 .comment       0x0000000000000032       0x33 ./User/param_code_table.o
 .comment       0x0000000000000032       0x33 ./User/system_ch32v20x.o
 .comment       0x0000000000000032       0x33 ./User/uart_protocol.o
 .comment       0x0000000000000032       0x33 ./Peripheral/src/ch32v20x_dbgmcu.o
 .comment       0x0000000000000032       0x33 ./Peripheral/src/ch32v20x_dma.o
 .comment       0x0000000000000032       0x33 ./Peripheral/src/ch32v20x_flash.o
 .comment       0x0000000000000032       0x33 ./Peripheral/src/ch32v20x_gpio.o
 .comment       0x0000000000000032       0x33 ./Peripheral/src/ch32v20x_misc.o
 .comment       0x0000000000000032       0x33 ./Peripheral/src/ch32v20x_rcc.o
 .comment       0x0000000000000032       0x33 ./Peripheral/src/ch32v20x_usart.o
 .comment       0x0000000000000032       0x33 ./Debug/debug.o

.debug_frame    0x0000000000000000     0x1a74
 .debug_frame   0x0000000000000000       0x30 ./User/ch32v20x_it.o
 .debug_frame   0x0000000000000030      0x1dc ./User/flash_param.o
 .debug_frame   0x000000000000020c       0x4c ./User/main.o
 .debug_frame   0x0000000000000258      0x110 ./User/param_code_table.o
 .debug_frame   0x0000000000000368       0x30 ./User/system_ch32v20x.o
 .debug_frame   0x0000000000000398      0x25c ./User/uart_protocol.o
 .debug_frame   0x00000000000005f4       0x70 ./Peripheral/src/ch32v20x_dbgmcu.o
 .debug_frame   0x0000000000000664       0xcc ./Peripheral/src/ch32v20x_dma.o
 .debug_frame   0x0000000000000730      0x380 ./Peripheral/src/ch32v20x_flash.o
 .debug_frame   0x0000000000000ab0      0x170 ./Peripheral/src/ch32v20x_gpio.o
 .debug_frame   0x0000000000000c20       0x30 ./Peripheral/src/ch32v20x_misc.o
 .debug_frame   0x0000000000000c50      0x254 ./Peripheral/src/ch32v20x_rcc.o
 .debug_frame   0x0000000000000ea4      0x1e4 ./Peripheral/src/ch32v20x_usart.o
 .debug_frame   0x0000000000001088       0xb8 ./Debug/debug.o
 .debug_frame   0x0000000000001140       0x20 /Applications/MounRiver Studio 2.app/Contents/Resources/app/resources/darwin/components/WCH/Toolchain/RISC-V Embedded GCC/bin/../lib/gcc/riscv-none-embed/8.2.0/../../../../riscv-none-embed/lib/rv32imacxw/ilp32/libg_nano.a(lib_a-memcpy.o)
 .debug_frame   0x0000000000001160       0x54 /Applications/MounRiver Studio 2.app/Contents/Resources/app/resources/darwin/components/WCH/Toolchain/RISC-V Embedded GCC/bin/../lib/gcc/riscv-none-embed/8.2.0/../../../../riscv-none-embed/lib/rv32imacxw/ilp32/libg_nano.a(lib_a-printf.o)
 .debug_frame   0x00000000000011b4       0x54 /Applications/MounRiver Studio 2.app/Contents/Resources/app/resources/darwin/components/WCH/Toolchain/RISC-V Embedded GCC/bin/../lib/gcc/riscv-none-embed/8.2.0/../../../../riscv-none-embed/lib/rv32imacxw/ilp32/libg_nano.a(lib_a-puts.o)
 .debug_frame   0x0000000000001208       0x50 /Applications/MounRiver Studio 2.app/Contents/Resources/app/resources/darwin/components/WCH/Toolchain/RISC-V Embedded GCC/bin/../lib/gcc/riscv-none-embed/8.2.0/../../../../riscv-none-embed/lib/rv32imacxw/ilp32/libg_nano.a(lib_a-wbuf.o)
 .debug_frame   0x0000000000001258       0x3c /Applications/MounRiver Studio 2.app/Contents/Resources/app/resources/darwin/components/WCH/Toolchain/RISC-V Embedded GCC/bin/../lib/gcc/riscv-none-embed/8.2.0/../../../../riscv-none-embed/lib/rv32imacxw/ilp32/libg_nano.a(lib_a-wsetup.o)
 .debug_frame   0x0000000000001294       0x7c /Applications/MounRiver Studio 2.app/Contents/Resources/app/resources/darwin/components/WCH/Toolchain/RISC-V Embedded GCC/bin/../lib/gcc/riscv-none-embed/8.2.0/../../../../riscv-none-embed/lib/rv32imacxw/ilp32/libg_nano.a(lib_a-fflush.o)
 .debug_frame   0x0000000000001310      0x148 /Applications/MounRiver Studio 2.app/Contents/Resources/app/resources/darwin/components/WCH/Toolchain/RISC-V Embedded GCC/bin/../lib/gcc/riscv-none-embed/8.2.0/../../../../riscv-none-embed/lib/rv32imacxw/ilp32/libg_nano.a(lib_a-findfp.o)
 .debug_frame   0x0000000000001458       0x88 /Applications/MounRiver Studio 2.app/Contents/Resources/app/resources/darwin/components/WCH/Toolchain/RISC-V Embedded GCC/bin/../lib/gcc/riscv-none-embed/8.2.0/../../../../riscv-none-embed/lib/rv32imacxw/ilp32/libg_nano.a(lib_a-fwalk.o)
 .debug_frame   0x00000000000014e0       0x64 /Applications/MounRiver Studio 2.app/Contents/Resources/app/resources/darwin/components/WCH/Toolchain/RISC-V Embedded GCC/bin/../lib/gcc/riscv-none-embed/8.2.0/../../../../riscv-none-embed/lib/rv32imacxw/ilp32/libg_nano.a(lib_a-makebuf.o)
 .debug_frame   0x0000000000001544       0x40 /Applications/MounRiver Studio 2.app/Contents/Resources/app/resources/darwin/components/WCH/Toolchain/RISC-V Embedded GCC/bin/../lib/gcc/riscv-none-embed/8.2.0/../../../../riscv-none-embed/lib/rv32imacxw/ilp32/libg_nano.a(lib_a-nano-freer.o)
 .debug_frame   0x0000000000001584       0x40 /Applications/MounRiver Studio 2.app/Contents/Resources/app/resources/darwin/components/WCH/Toolchain/RISC-V Embedded GCC/bin/../lib/gcc/riscv-none-embed/8.2.0/../../../../riscv-none-embed/lib/rv32imacxw/ilp32/libg_nano.a(lib_a-nano-mallocr.o)
 .debug_frame   0x00000000000015c4       0xd0 /Applications/MounRiver Studio 2.app/Contents/Resources/app/resources/darwin/components/WCH/Toolchain/RISC-V Embedded GCC/bin/../lib/gcc/riscv-none-embed/8.2.0/../../../../riscv-none-embed/lib/rv32imacxw/ilp32/libg_nano.a(lib_a-nano-vfprintf.o)
 .debug_frame   0x0000000000001694       0x8c /Applications/MounRiver Studio 2.app/Contents/Resources/app/resources/darwin/components/WCH/Toolchain/RISC-V Embedded GCC/bin/../lib/gcc/riscv-none-embed/8.2.0/../../../../riscv-none-embed/lib/rv32imacxw/ilp32/libg_nano.a(lib_a-nano-vfprintf_i.o)
 .debug_frame   0x0000000000001720       0x30 /Applications/MounRiver Studio 2.app/Contents/Resources/app/resources/darwin/components/WCH/Toolchain/RISC-V Embedded GCC/bin/../lib/gcc/riscv-none-embed/8.2.0/../../../../riscv-none-embed/lib/rv32imacxw/ilp32/libg_nano.a(lib_a-sbrkr.o)
 .debug_frame   0x0000000000001750       0xa4 /Applications/MounRiver Studio 2.app/Contents/Resources/app/resources/darwin/components/WCH/Toolchain/RISC-V Embedded GCC/bin/../lib/gcc/riscv-none-embed/8.2.0/../../../../riscv-none-embed/lib/rv32imacxw/ilp32/libg_nano.a(lib_a-stdio.o)
 .debug_frame   0x00000000000017f4       0x30 /Applications/MounRiver Studio 2.app/Contents/Resources/app/resources/darwin/components/WCH/Toolchain/RISC-V Embedded GCC/bin/../lib/gcc/riscv-none-embed/8.2.0/../../../../riscv-none-embed/lib/rv32imacxw/ilp32/libg_nano.a(lib_a-writer.o)
 .debug_frame   0x0000000000001824       0x30 /Applications/MounRiver Studio 2.app/Contents/Resources/app/resources/darwin/components/WCH/Toolchain/RISC-V Embedded GCC/bin/../lib/gcc/riscv-none-embed/8.2.0/../../../../riscv-none-embed/lib/rv32imacxw/ilp32/libg_nano.a(lib_a-closer.o)
 .debug_frame   0x0000000000001854       0x30 /Applications/MounRiver Studio 2.app/Contents/Resources/app/resources/darwin/components/WCH/Toolchain/RISC-V Embedded GCC/bin/../lib/gcc/riscv-none-embed/8.2.0/../../../../riscv-none-embed/lib/rv32imacxw/ilp32/libg_nano.a(lib_a-fstatr.o)
 .debug_frame   0x0000000000001884       0x30 /Applications/MounRiver Studio 2.app/Contents/Resources/app/resources/darwin/components/WCH/Toolchain/RISC-V Embedded GCC/bin/../lib/gcc/riscv-none-embed/8.2.0/../../../../riscv-none-embed/lib/rv32imacxw/ilp32/libg_nano.a(lib_a-isattyr.o)
 .debug_frame   0x00000000000018b4       0x30 /Applications/MounRiver Studio 2.app/Contents/Resources/app/resources/darwin/components/WCH/Toolchain/RISC-V Embedded GCC/bin/../lib/gcc/riscv-none-embed/8.2.0/../../../../riscv-none-embed/lib/rv32imacxw/ilp32/libg_nano.a(lib_a-lseekr.o)
 .debug_frame   0x00000000000018e4       0x20 /Applications/MounRiver Studio 2.app/Contents/Resources/app/resources/darwin/components/WCH/Toolchain/RISC-V Embedded GCC/bin/../lib/gcc/riscv-none-embed/8.2.0/../../../../riscv-none-embed/lib/rv32imacxw/ilp32/libg_nano.a(lib_a-memchr.o)
 .debug_frame   0x0000000000001904       0x30 /Applications/MounRiver Studio 2.app/Contents/Resources/app/resources/darwin/components/WCH/Toolchain/RISC-V Embedded GCC/bin/../lib/gcc/riscv-none-embed/8.2.0/../../../../riscv-none-embed/lib/rv32imacxw/ilp32/libg_nano.a(lib_a-mlock.o)
 .debug_frame   0x0000000000001934       0x30 /Applications/MounRiver Studio 2.app/Contents/Resources/app/resources/darwin/components/WCH/Toolchain/RISC-V Embedded GCC/bin/../lib/gcc/riscv-none-embed/8.2.0/../../../../riscv-none-embed/lib/rv32imacxw/ilp32/libg_nano.a(lib_a-readr.o)
 .debug_frame   0x0000000000001964       0x70 /Applications/MounRiver Studio 2.app/Contents/Resources/app/resources/darwin/components/WCH/Toolchain/RISC-V Embedded GCC/bin/../lib/gcc/riscv-none-embed/8.2.0/../../../../riscv-none-embed/lib/rv32imacxw/ilp32/libg_nano.a(lib_a-reent.o)
 .debug_frame   0x00000000000019d4       0x20 /Applications/MounRiver Studio 2.app/Contents/Resources/app/resources/darwin/components/WCH/Toolchain/RISC-V Embedded GCC/bin/../lib/gcc/riscv-none-embed/8.2.0/../../../../riscv-none-embed/lib/rv32imacxw/ilp32/libnosys.a(close.o)
 .debug_frame   0x00000000000019f4       0x20 /Applications/MounRiver Studio 2.app/Contents/Resources/app/resources/darwin/components/WCH/Toolchain/RISC-V Embedded GCC/bin/../lib/gcc/riscv-none-embed/8.2.0/../../../../riscv-none-embed/lib/rv32imacxw/ilp32/libnosys.a(fstat.o)
 .debug_frame   0x0000000000001a14       0x20 /Applications/MounRiver Studio 2.app/Contents/Resources/app/resources/darwin/components/WCH/Toolchain/RISC-V Embedded GCC/bin/../lib/gcc/riscv-none-embed/8.2.0/../../../../riscv-none-embed/lib/rv32imacxw/ilp32/libnosys.a(isatty.o)
 .debug_frame   0x0000000000001a34       0x20 /Applications/MounRiver Studio 2.app/Contents/Resources/app/resources/darwin/components/WCH/Toolchain/RISC-V Embedded GCC/bin/../lib/gcc/riscv-none-embed/8.2.0/../../../../riscv-none-embed/lib/rv32imacxw/ilp32/libnosys.a(lseek.o)
 .debug_frame   0x0000000000001a54       0x20 /Applications/MounRiver Studio 2.app/Contents/Resources/app/resources/darwin/components/WCH/Toolchain/RISC-V Embedded GCC/bin/../lib/gcc/riscv-none-embed/8.2.0/../../../../riscv-none-embed/lib/rv32imacxw/ilp32/libnosys.a(read.o)

.debug_loc      0x0000000000000000     0x3f50
 .debug_loc     0x0000000000000000      0xc7f ./User/flash_param.o
 .debug_loc     0x0000000000000c7f       0x29 ./User/main.o
 .debug_loc     0x0000000000000ca8      0x2a3 ./User/param_code_table.o
 .debug_loc     0x0000000000000f4b       0xac ./User/system_ch32v20x.o
 .debug_loc     0x0000000000000ff7      0x7fc ./User/uart_protocol.o
 .debug_loc     0x00000000000017f3       0x7c ./Peripheral/src/ch32v20x_dbgmcu.o
 .debug_loc     0x000000000000186f      0x155 ./Peripheral/src/ch32v20x_dma.o
 .debug_loc     0x00000000000019c4      0xc9b ./Peripheral/src/ch32v20x_flash.o
 .debug_loc     0x000000000000265f      0x8a1 ./Peripheral/src/ch32v20x_gpio.o
 .debug_loc     0x0000000000002f00       0x2d ./Peripheral/src/ch32v20x_misc.o
 .debug_loc     0x0000000000002f2d      0x797 ./Peripheral/src/ch32v20x_rcc.o
 .debug_loc     0x00000000000036c4      0x715 ./Peripheral/src/ch32v20x_usart.o
 .debug_loc     0x0000000000003dd9      0x177 ./Debug/debug.o

.stab           0x0000000000000000       0x84
 .stab          0x0000000000000000       0x24 /Applications/MounRiver Studio 2.app/Contents/Resources/app/resources/darwin/components/WCH/Toolchain/RISC-V Embedded GCC/bin/../lib/gcc/riscv-none-embed/8.2.0/../../../../riscv-none-embed/lib/rv32imacxw/ilp32/libnosys.a(close.o)
 .stab          0x0000000000000024       0x18 /Applications/MounRiver Studio 2.app/Contents/Resources/app/resources/darwin/components/WCH/Toolchain/RISC-V Embedded GCC/bin/../lib/gcc/riscv-none-embed/8.2.0/../../../../riscv-none-embed/lib/rv32imacxw/ilp32/libnosys.a(fstat.o)
                                         0x24 (size before relaxing)
 .stab          0x000000000000003c       0x18 /Applications/MounRiver Studio 2.app/Contents/Resources/app/resources/darwin/components/WCH/Toolchain/RISC-V Embedded GCC/bin/../lib/gcc/riscv-none-embed/8.2.0/../../../../riscv-none-embed/lib/rv32imacxw/ilp32/libnosys.a(isatty.o)
                                         0x24 (size before relaxing)
 .stab          0x0000000000000054       0x18 /Applications/MounRiver Studio 2.app/Contents/Resources/app/resources/darwin/components/WCH/Toolchain/RISC-V Embedded GCC/bin/../lib/gcc/riscv-none-embed/8.2.0/../../../../riscv-none-embed/lib/rv32imacxw/ilp32/libnosys.a(lseek.o)
                                         0x24 (size before relaxing)
 .stab          0x000000000000006c       0x18 /Applications/MounRiver Studio 2.app/Contents/Resources/app/resources/darwin/components/WCH/Toolchain/RISC-V Embedded GCC/bin/../lib/gcc/riscv-none-embed/8.2.0/../../../../riscv-none-embed/lib/rv32imacxw/ilp32/libnosys.a(read.o)
                                         0x24 (size before relaxing)

.stabstr        0x0000000000000000      0x117
 .stabstr       0x0000000000000000      0x117 /Applications/MounRiver Studio 2.app/Contents/Resources/app/resources/darwin/components/WCH/Toolchain/RISC-V Embedded GCC/bin/../lib/gcc/riscv-none-embed/8.2.0/../../../../riscv-none-embed/lib/rv32imacxw/ilp32/libnosys.a(close.o)
