Archive member included to satisfy reference by file (symbol)

/Applications/MounRiver Studio 2.app/Contents/Resources/app/resources/darwin/components/WCH/Toolchain/RISC-V Embedded GCC/bin/../lib/gcc/riscv-none-embed/8.2.0/rv32imacxw/ilp32/libgcc.a(muldf3.o)
                              ./User/main.o (__muldf3)
/Applications/MounRiver Studio 2.app/Contents/Resources/app/resources/darwin/components/WCH/Toolchain/RISC-V Embedded GCC/bin/../lib/gcc/riscv-none-embed/8.2.0/rv32imacxw/ilp32/libgcc.a(floatsidf.o)
                              ./User/main.o (__floatsidf)
/Applications/MounRiver Studio 2.app/Contents/Resources/app/resources/darwin/components/WCH/Toolchain/RISC-V Embedded GCC/bin/../lib/gcc/riscv-none-embed/8.2.0/rv32imacxw/ilp32/libgcc.a(divsf3.o)
                              ./User/parameter_test.o (__divsf3)
/Applications/MounRiver Studio 2.app/Contents/Resources/app/resources/darwin/components/WCH/Toolchain/RISC-V Embedded GCC/bin/../lib/gcc/riscv-none-embed/8.2.0/rv32imacxw/ilp32/libgcc.a(mulsf3.o)
                              ./User/parameter_test.o (__mulsf3)
/Applications/MounRiver Studio 2.app/Contents/Resources/app/resources/darwin/components/WCH/Toolchain/RISC-V Embedded GCC/bin/../lib/gcc/riscv-none-embed/8.2.0/rv32imacxw/ilp32/libgcc.a(floatunsisf.o)
                              ./User/parameter_test.o (__floatunsisf)
/Applications/MounRiver Studio 2.app/Contents/Resources/app/resources/darwin/components/WCH/Toolchain/RISC-V Embedded GCC/bin/../lib/gcc/riscv-none-embed/8.2.0/rv32imacxw/ilp32/libgcc.a(extendsfdf2.o)
                              ./User/parameter_test.o (__extendsfdf2)
/Applications/MounRiver Studio 2.app/Contents/Resources/app/resources/darwin/components/WCH/Toolchain/RISC-V Embedded GCC/bin/../lib/gcc/riscv-none-embed/8.2.0/rv32imacxw/ilp32/libgcc.a(save-restore.o)
                              ./User/ch32v203_init.o (__riscv_save_8)
/Applications/MounRiver Studio 2.app/Contents/Resources/app/resources/darwin/components/WCH/Toolchain/RISC-V Embedded GCC/bin/../lib/gcc/riscv-none-embed/8.2.0/rv32imacxw/ilp32/libgcc.a(_clzsi2.o)
                              /Applications/MounRiver Studio 2.app/Contents/Resources/app/resources/darwin/components/WCH/Toolchain/RISC-V Embedded GCC/bin/../lib/gcc/riscv-none-embed/8.2.0/rv32imacxw/ilp32/libgcc.a(muldf3.o) (__clzsi2)
/Applications/MounRiver Studio 2.app/Contents/Resources/app/resources/darwin/components/WCH/Toolchain/RISC-V Embedded GCC/bin/../lib/gcc/riscv-none-embed/8.2.0/rv32imacxw/ilp32/libgcc.a(_clz.o)
                              /Applications/MounRiver Studio 2.app/Contents/Resources/app/resources/darwin/components/WCH/Toolchain/RISC-V Embedded GCC/bin/../lib/gcc/riscv-none-embed/8.2.0/rv32imacxw/ilp32/libgcc.a(_clzsi2.o) (__clz_tab)
/Applications/MounRiver Studio 2.app/Contents/Resources/app/resources/darwin/components/WCH/Toolchain/RISC-V Embedded GCC/bin/../lib/gcc/riscv-none-embed/8.2.0/../../../../riscv-none-embed/lib/rv32imacxw/ilp32/libg_nano.a(lib_a-memcpy.o)
                              ./User/parameter_table.o (memcpy)
/Applications/MounRiver Studio 2.app/Contents/Resources/app/resources/darwin/components/WCH/Toolchain/RISC-V Embedded GCC/bin/../lib/gcc/riscv-none-embed/8.2.0/../../../../riscv-none-embed/lib/rv32imacxw/ilp32/libg_nano.a(lib_a-printf.o)
                              ./User/main.o (printf)
/Applications/MounRiver Studio 2.app/Contents/Resources/app/resources/darwin/components/WCH/Toolchain/RISC-V Embedded GCC/bin/../lib/gcc/riscv-none-embed/8.2.0/../../../../riscv-none-embed/lib/rv32imacxw/ilp32/libg_nano.a(lib_a-puts.o)
                              ./User/main.o (puts)
/Applications/MounRiver Studio 2.app/Contents/Resources/app/resources/darwin/components/WCH/Toolchain/RISC-V Embedded GCC/bin/../lib/gcc/riscv-none-embed/8.2.0/../../../../riscv-none-embed/lib/rv32imacxw/ilp32/libg_nano.a(lib_a-strncpy.o)
                              ./User/parameter_test.o (strncpy)
/Applications/MounRiver Studio 2.app/Contents/Resources/app/resources/darwin/components/WCH/Toolchain/RISC-V Embedded GCC/bin/../lib/gcc/riscv-none-embed/8.2.0/../../../../riscv-none-embed/lib/rv32imacxw/ilp32/libg_nano.a(lib_a-wbuf.o)
                              /Applications/MounRiver Studio 2.app/Contents/Resources/app/resources/darwin/components/WCH/Toolchain/RISC-V Embedded GCC/bin/../lib/gcc/riscv-none-embed/8.2.0/../../../../riscv-none-embed/lib/rv32imacxw/ilp32/libg_nano.a(lib_a-puts.o) (__swbuf_r)
/Applications/MounRiver Studio 2.app/Contents/Resources/app/resources/darwin/components/WCH/Toolchain/RISC-V Embedded GCC/bin/../lib/gcc/riscv-none-embed/8.2.0/../../../../riscv-none-embed/lib/rv32imacxw/ilp32/libg_nano.a(lib_a-wsetup.o)
                              /Applications/MounRiver Studio 2.app/Contents/Resources/app/resources/darwin/components/WCH/Toolchain/RISC-V Embedded GCC/bin/../lib/gcc/riscv-none-embed/8.2.0/../../../../riscv-none-embed/lib/rv32imacxw/ilp32/libg_nano.a(lib_a-puts.o) (__swsetup_r)
[...]
Memory Configuration

Name             Origin             Length             Attributes
FLASH            0x0000000000000000 0x0000000000010000 xr
RAM              0x0000000020000000 0x0000000000005000 xrw
*default*        0x0000000000000000 0xffffffffffffffff

Linker script and memory map

LOAD ./User/ch32v203_init.o
LOAD ./User/ch32v20x_it.o
LOAD ./User/main.o
LOAD ./User/parameter_table.o
LOAD ./User/parameter_test.o
LOAD ./User/system_ch32v20x.o
LOAD ./Startup/startup_ch32v20x_D6.o
LOAD ./Peripheral/src/ch32v20x_adc.o
LOAD ./Peripheral/src/ch32v20x_bkp.o
LOAD ./Peripheral/src/ch32v20x_can.o
LOAD ./Peripheral/src/ch32v20x_crc.o
LOAD ./Peripheral/src/ch32v20x_dbgmcu.o
LOAD ./Peripheral/src/ch32v20x_dma.o
LOAD ./Peripheral/src/ch32v20x_exti.o
LOAD ./Peripheral/src/ch32v20x_flash.o
LOAD ./Peripheral/src/ch32v20x_gpio.o
LOAD ./Peripheral/src/ch32v20x_i2c.o
LOAD ./Peripheral/src/ch32v20x_iwdg.o
LOAD ./Peripheral/src/ch32v20x_misc.o
LOAD ./Peripheral/src/ch32v20x_opa.o
LOAD ./Peripheral/src/ch32v20x_pwr.o
LOAD ./Peripheral/src/ch32v20x_rcc.o
LOAD ./Peripheral/src/ch32v20x_rtc.o
LOAD ./Peripheral/src/ch32v20x_spi.o
LOAD ./Peripheral/src/ch32v20x_tim.o
LOAD ./Peripheral/src/ch32v20x_usart.o
LOAD ./Peripheral/src/ch32v20x_wwdg.o
LOAD ./Debug/debug.o
LOAD ./Core/core_riscv.o
LOAD /Applications/MounRiver Studio 2.app/Contents/Resources/app/resources/darwin/components/WCH/Toolchain/RISC-V Embedded GCC/bin/../lib/gcc/riscv-none-embed/8.2.0/rv32imacxw/ilp32/libgcc.a
LOAD /Applications/MounRiver Studio 2.app/Contents/Resources/app/resources/darwin/components/WCH/Toolchain/RISC-V Embedded GCC/bin/../lib/gcc/riscv-none-embed/8.2.0/../../../../riscv-none-embed/lib/rv32imacxw/ilp32/libg_nano.a
LOAD /Applications/MounRiver Studio 2.app/Contents/Resources/app/resources/darwin/components/WCH/Toolchain/RISC-V Embedded GCC/bin/../lib/gcc/riscv-none-embed/8.2.0/../../../../riscv-none-embed/lib/rv32imacxw/ilp32/libc_nano.a
LOAD /Applications/MounRiver Studio 2.app/Contents/Resources/app/resources/darwin/components/WCH/Toolchain/RISC-V Embedded GCC/bin/../lib/gcc/riscv-none-embed/8.2.0/rv32imacxw/ilp32/libgcc.a
START GROUP
LOAD /Applications/MounRiver Studio 2.app/Contents/Resources/app/resources/darwin/components/WCH/Toolchain/RISC-V Embedded GCC/bin/../lib/gcc/riscv-none-embed/8.2.0/rv32imacxw/ilp32/libgcc.a
LOAD /Applications/MounRiver Studio 2.app/Contents/Resources/app/resources/darwin/components/WCH/Toolchain/RISC-V Embedded GCC/bin/../lib/gcc/riscv-none-embed/8.2.0/../../../../riscv-none-embed/lib/rv32imacxw/ilp32/libc_nano.a
LOAD /Applications/MounRiver Studio 2.app/Contents/Resources/app/resources/darwin/components/WCH/Toolchain/RISC-V Embedded GCC/bin/../lib/gcc/riscv-none-embed/8.2.0/../../../../riscv-none-embed/lib/rv32imacxw/ilp32/libnosys.a
END GROUP
START GROUP
LOAD /Applications/MounRiver Studio 2.app/Contents/Resources/app/resources/darwin/components/WCH/Toolchain/RISC-V Embedded GCC/bin/../lib/gcc/riscv-none-embed/8.2.0/rv32imacxw/ilp32/libgcc.a
LOAD /Applications/MounRiver Studio 2.app/Contents/Resources/app/resources/darwin/components/WCH/Toolchain/RISC-V Embedded GCC/bin/../lib/gcc/riscv-none-embed/8.2.0/../../../../riscv-none-embed/lib/rv32imacxw/ilp32/libc_nano.a
LOAD /Applications/MounRiver Studio 2.app/Contents/Resources/app/resources/darwin/components/WCH/Toolchain/RISC-V Embedded GCC/bin/../lib/gcc/riscv-none-embed/8.2.0/../../../../riscv-none-embed/lib/rv32imacxw/ilp32/libnosys.a
END GROUP
                0x0000000000000800                __stack_size = 0x800
                [!provide]                        PROVIDE (_stack_size = __stack_size)

.init           0x0000000000000000        0x4
                0x0000000000000000                _sinit = .
                0x0000000000000000                . = ALIGN (0x4)
 *(SORT_NONE(.init))
 .init          0x0000000000000000        0x4 ./Startup/startup_ch32v20x_D6.o
                0x0000000000000000                _start
                0x0000000000000004                . = ALIGN (0x4)
                0x0000000000000004                _einit = .

.vector         0x0000000000000004       0xfc
 *(.vector)
 .vector        0x0000000000000004       0xfc ./Startup/startup_ch32v20x_D6.o
                0x0000000000000100                . = ALIGN (0x40)

.text           0x0000000000000100     0x2d6c
                0x0000000000000100                . = ALIGN (0x4)
 *(.text)
 .text          0x0000000000000100       0x60 /Applications/MounRiver Studio 2.app/Contents/Resources/app/resources/darwin/components/WCH/Toolchain/RISC-V Embedded GCC/bin/../lib/gcc/riscv-none-embed/8.2.0/rv32imacxw/ilp32/libgcc.a(save-restore.o)
                0x0000000000000100                __riscv_save_12
                0x0000000000000108                __riscv_save_10
                0x0000000000000108                __riscv_save_8
                0x0000000000000108                __riscv_save_11
                0x0000000000000108                __riscv_save_9
                0x0000000000000116                __riscv_save_4
                0x0000000000000116                __riscv_save_7
                0x0000000000000116                __riscv_save_6
                0x0000000000000116                __riscv_save_5
                0x0000000000000130                __riscv_save_3
                0x0000000000000130                __riscv_save_2
                0x0000000000000130                __riscv_save_0
                0x0000000000000130                __riscv_save_1
                0x000000000000013c                __riscv_restore_12
                0x0000000000000140                __riscv_restore_8
                0x0000000000000140                __riscv_restore_10
                0x0000000000000140                __riscv_restore_9
                0x0000000000000140                __riscv_restore_11
                0x000000000000014a                __riscv_restore_5
                0x000000000000014a                __riscv_restore_7
                0x000000000000014a                __riscv_restore_4
                0x000000000000014a                __riscv_restore_6
                0x0000000000000154                __riscv_restore_3
                0x0000000000000154                __riscv_restore_1
                0x0000000000000154                __riscv_restore_0
                0x0000000000000154                __riscv_restore_2
 .text          0x0000000000000160       0xa8 /Applications/MounRiver Studio 2.app/Contents/Resources/app/resources/darwin/components/WCH/Toolchain/RISC-V Embedded GCC/bin/../lib/gcc/riscv-none-embed/8.2.0/../../../../riscv-none-embed/lib/rv32imacxw/ilp32/libg_nano.a(lib_a-memset.o)
                0x0000000000000160                memset
 *(.text.*)
 .text.CH32V203_RCC_Init
                0x0000000000000208       0x3e ./User/ch32v203_init.o
                0x0000000000000208                CH32V203_RCC_Init
 .text.CH32V203_GPIO_Init
                0x0000000000000246      0x142 ./User/ch32v203_init.o
                0x0000000000000246                CH32V203_GPIO_Init
 .text.CH32V203_USART_Init
                0x0000000000000388       0x58 ./User/ch32v203_init.o
                0x0000000000000388                CH32V203_USART_Init
 .text.CH32V203_Init
                0x00000000000003e0       0x16 ./User/ch32v203_init.o
                0x00000000000003e0                CH32V203_Init
 .text.NMI_Handler
                0x00000000000003f6        0x2 ./User/ch32v20x_it.o
                0x00000000000003f6                NMI_Handler
 .text.HardFault_Handler
                0x00000000000003f8       0x10 ./User/ch32v20x_it.o
                0x00000000000003f8                HardFault_Handler
 .text.USART2_IRQHandler
                0x0000000000000408       0x3e ./User/ch32v20x_it.o
                0x0000000000000408                USART2_IRQHandler
 .text.RunParameterTests
                0x0000000000000446      0x224 ./User/main.o
                0x0000000000000446                RunParameterTests
 .text.startup.main
                0x000000000000066a       0x64 ./User/main.o
                0x000000000000066a                main
 .text.PARAM_Calculate_CRC16.constprop.1
                0x00000000000006ce       0x3c ./User/parameter_table.o
 .text.PARAM_Read
                0x000000000000070a       0x16 ./User/parameter_table.o
                0x000000000000070a                PARAM_Read
 .text.PARAM_Read16
                0x0000000000000720       0x1c ./User/parameter_table.o
                0x0000000000000720                PARAM_Read16
 .text.PARAM_Write16
                0x000000000000073c       0x16 ./User/parameter_table.o
                0x000000000000073c                PARAM_Write16
 .text.PARAM_UpdateChecksum
                0x0000000000000752       0x36 ./User/parameter_table.o
                0x0000000000000752                PARAM_UpdateChecksum
 .text.PARAM_Reset
                0x0000000000000788       0x28 ./User/parameter_table.o
                0x0000000000000788                PARAM_Reset
 .text.PARAM_VerifyChecksum
                0x00000000000007b0       0x5e ./User/parameter_table.o
                0x00000000000007b0                PARAM_VerifyChecksum
 .text.PARAM_Save
                0x000000000000080e       0x16 ./User/parameter_table.o
                0x000000000000080e                PARAM_Save
 .text.PARAM_Load
                0x0000000000000824       0x2c ./User/parameter_table.o
                0x0000000000000824                PARAM_Load
 .text.PARAM_Init
                0x0000000000000850       0x36 ./User/parameter_table.o
                0x0000000000000850                PARAM_Init
 .text.SystemInit
                0x0000000000000886       0xa8 ./User/system_ch32v20x.o
                0x0000000000000886                SystemInit
 .text.vector_handler
                0x000000000000092e        0x2 ./Startup/startup_ch32v20x_D6.o
                0x000000000000092e                USBWakeUp_IRQHandler
                0x000000000000092e                TIM1_CC_IRQHandler
                0x000000000000092e                SysTick_Handler
                0x000000000000092e                PVD_IRQHandler
                0x000000000000092e                EXTI3_IRQHandler
                0x000000000000092e                USBFS_IRQHandler
                0x000000000000092e                EXTI0_IRQHandler
                0x000000000000092e                I2C2_EV_IRQHandler
                0x000000000000092e                ADC1_2_IRQHandler
                0x000000000000092e                Break_Point_Handler
                0x000000000000092e                SPI1_IRQHandler
                0x000000000000092e                TAMPER_IRQHandler
                0x000000000000092e                Ecall_M_Mode_Handler
                0x000000000000092e                DMA1_Channel4_IRQHandler
                0x000000000000092e                USART3_IRQHandler
                0x000000000000092e                RTC_IRQHandler
                0x000000000000092e                DMA1_Channel7_IRQHandler
                0x000000000000092e                CAN1_RX1_IRQHandler
                0x000000000000092e                TIM4_IRQHandler
                0x000000000000092e                I2C1_EV_IRQHandler
                0x000000000000092e                DMA1_Channel6_IRQHandler
                0x000000000000092e                UART4_IRQHandler
                0x000000000000092e                TIM3_IRQHandler
                0x000000000000092e                RCC_IRQHandler
                0x000000000000092e                TIM1_TRG_COM_IRQHandler
                0x000000000000092e                DMA1_Channel1_IRQHandler
                0x000000000000092e                EXTI15_10_IRQHandler
                0x000000000000092e                DMA1_Channel8_IRQHandler
                0x000000000000092e                EXTI9_5_IRQHandler
                0x000000000000092e                SPI2_IRQHandler
                0x000000000000092e                DMA1_Channel5_IRQHandler
                0x000000000000092e                EXTI4_IRQHandler
                0x000000000000092e                USB_LP_CAN1_RX0_IRQHandler
                0x000000000000092e                USB_HP_CAN1_TX_IRQHandler
                0x000000000000092e                DMA1_Channel3_IRQHandler
                0x000000000000092e                TIM1_UP_IRQHandler
                0x000000000000092e                WWDG_IRQHandler
                0x000000000000092e                Ecall_U_Mode_Handler
                0x000000000000092e                TIM2_IRQHandler
                0x000000000000092e                SW_Handler
                0x000000000000092e                TIM1_BRK_IRQHandler
                0x000000000000092e                EXTI1_IRQHandler
                0x000000000000092e                RTCAlarm_IRQHandler
                0x000000000000092e                I2C2_ER_IRQHandler
                0x000000000000092e                DMA1_Channel2_IRQHandler
                0x000000000000092e                CAN1_SCE_IRQHandler
                0x000000000000092e                FLASH_IRQHandler
                0x000000000000092e                USBFSWakeUp_IRQHandler
                0x000000000000092e                USART1_IRQHandler
                0x000000000000092e                I2C1_ER_IRQHandler
                0x000000000000092e                EXTI2_IRQHandler
 .text.handle_reset
                0x0000000000000930       0x86 ./Startup/startup_ch32v20x_D6.o
                0x0000000000000930                handle_reset
 .text.DBGMCU_GetCHIPID
                0x00000000000009b6        0xa ./Peripheral/src/ch32v20x_dbgmcu.o
                0x00000000000009b6                DBGMCU_GetCHIPID
 .text.GPIO_Init
                0x00000000000009c0       0xf2 ./Peripheral/src/ch32v20x_gpio.o
                0x00000000000009c0                GPIO_Init
 .text.GPIO_SetBits
                0x0000000000000ab2       0x14 ./Peripheral/src/ch32v20x_gpio.o
                0x0000000000000ab2                GPIO_SetBits
 .text.GPIO_ResetBits
                0x0000000000000ac6       0x14 ./Peripheral/src/ch32v20x_gpio.o
                0x0000000000000ac6                GPIO_ResetBits
 .text.NVIC_PriorityGroupConfig
                0x0000000000000ada        0x6 ./Peripheral/src/ch32v20x_misc.o
                0x0000000000000ada                NVIC_PriorityGroupConfig
 .text.NVIC_Init
                0x0000000000000ae0       0x54 ./Peripheral/src/ch32v20x_misc.o
                0x0000000000000ae0                NVIC_Init
 .text.RCC_DeInit
                0x0000000000000b34       0x42 ./Peripheral/src/ch32v20x_rcc.o
                0x0000000000000b34                RCC_DeInit
 .text.RCC_HSICmd
                0x0000000000000b76       0x14 ./Peripheral/src/ch32v20x_rcc.o
                0x0000000000000b76                RCC_HSICmd
 .text.RCC_HCLKConfig
                0x0000000000000b8a       0x10 ./Peripheral/src/ch32v20x_rcc.o
                0x0000000000000b8a                RCC_HCLKConfig
 .text.RCC_PCLK1Config
                0x0000000000000b9a       0x10 ./Peripheral/src/ch32v20x_rcc.o
                0x0000000000000b9a                RCC_PCLK1Config
 .text.RCC_PCLK2Config
                0x0000000000000baa       0x16 ./Peripheral/src/ch32v20x_rcc.o
                0x0000000000000baa                RCC_PCLK2Config
 .text.RCC_GetClocksFreq
                0x0000000000000bc0       0xbe ./Peripheral/src/ch32v20x_rcc.o
                0x0000000000000bc0                RCC_GetClocksFreq
 .text.RCC_APB2PeriphClockCmd
                0x0000000000000c7e       0x1e ./Peripheral/src/ch32v20x_rcc.o
                0x0000000000000c7e                RCC_APB2PeriphClockCmd
 .text.RCC_APB1PeriphClockCmd
                0x0000000000000c9c       0x1e ./Peripheral/src/ch32v20x_rcc.o
                0x0000000000000c9c                RCC_APB1PeriphClockCmd
 .text.RCC_GetFlagStatus
                0x0000000000000cba       0x2e ./Peripheral/src/ch32v20x_rcc.o
                0x0000000000000cba                RCC_GetFlagStatus
 .text.USART_Init
                0x0000000000000ce8       0x8e ./Peripheral/src/ch32v20x_usart.o
                0x0000000000000ce8                USART_Init
 .text.USART_Cmd
                0x0000000000000d76       0x16 ./Peripheral/src/ch32v20x_usart.o
                0x0000000000000d76                USART_Cmd
 .text.USART_ITConfig
                0x0000000000000d8c       0x36 ./Peripheral/src/ch32v20x_usart.o
                0x0000000000000d8c                USART_ITConfig
 .text.USART_SendData
                0x0000000000000dc2        0x8 ./Peripheral/src/ch32v20x_usart.o
                0x0000000000000dc2                USART_SendData
 .text.USART_ReceiveData
                0x0000000000000dca        0x8 ./Peripheral/src/ch32v20x_usart.o
                0x0000000000000dca                USART_ReceiveData
 .text.USART_GetFlagStatus
                0x0000000000000dd2        0xa ./Peripheral/src/ch32v20x_usart.o
                0x0000000000000dd2                USART_GetFlagStatus
 .text.USART_GetITStatus
                0x0000000000000ddc       0x3c ./Peripheral/src/ch32v20x_usart.o
                0x0000000000000ddc                USART_GetITStatus
 .text.USART_ClearITPendingBit
                0x0000000000000e18       0x14 ./Peripheral/src/ch32v20x_usart.o
                0x0000000000000e18                USART_ClearITPendingBit
 .text.Delay_Init
                0x0000000000000e2c       0x2a ./Debug/debug.o
                0x0000000000000e2c                Delay_Init
 .text.Delay_Ms
                0x0000000000000e56       0x36 ./Debug/debug.o
                0x0000000000000e56                Delay_Ms
 .text._write   0x0000000000000e8c       0x3a ./Debug/debug.o
                0x0000000000000e8c                _write
 .text._sbrk    0x0000000000000ec6       0x26 ./Debug/debug.o
                0x0000000000000ec6                _sbrk
 .text.__muldf3
                0x0000000000000eec      0x4b0 /Applications/MounRiver Studio 2.app/Contents/Resources/app/resources/darwin/components/WCH/Toolchain/RISC-V Embedded GCC/bin/../lib/gcc/riscv-none-embed/8.2.0/rv32imacxw/ilp32/libgcc.a(muldf3.o)
                0x0000000000000eec                __muldf3
 .text.__floatsidf
                0x000000000000139c       0x70 /Applications/MounRiver Studio 2.app/Contents/Resources/app/resources/darwin/components/WCH/Toolchain/RISC-V Embedded GCC/bin/../lib/gcc/riscv-none-embed/8.2.0/rv32imacxw/ilp32/libgcc.a(floatsidf.o)
                0x000000000000139c                __floatsidf
 .text.__clzsi2
                0x000000000000140c       0x6e /Applications/MounRiver Studio 2.app/Contents/Resources/app/resources/darwin/components/WCH/Toolchain/RISC-V Embedded GCC/bin/../lib/gcc/riscv-none-embed/8.2.0/rv32imacxw/ilp32/libgcc.a(_clzsi2.o)
                0x000000000000140c                __clzsi2
 .text.memcpy   0x000000000000147a       0xb2 /Applications/MounRiver Studio 2.app/Contents/Resources/app/resources/darwin/components/WCH/Toolchain/RISC-V Embedded GCC/bin/../lib/gcc/riscv-none-embed/8.2.0/../../../../riscv-none-embed/lib/rv32imacxw/ilp32/libg_nano.a(lib_a-memcpy.o)
                0x000000000000147a                memcpy
 .text.printf   0x000000000000152c       0x40 /Applications/MounRiver Studio 2.app/Contents/Resources/app/resources/darwin/components/WCH/Toolchain/RISC-V Embedded GCC/bin/../lib/gcc/riscv-none-embed/8.2.0/../../../../riscv-none-embed/lib/rv32imacxw/ilp32/libg_nano.a(lib_a-printf.o)
                0x000000000000152c                printf
                0x000000000000152c                iprintf
 .text._puts_r  0x000000000000156c       0xd4 /Applications/MounRiver Studio 2.app/Contents/Resources/app/resources/darwin/components/WCH/Toolchain/RISC-V Embedded GCC/bin/../lib/gcc/riscv-none-embed/8.2.0/../../../../riscv-none-embed/lib/rv32imacxw/ilp32/libg_nano.a(lib_a-puts.o)
                0x000000000000156c                _puts_r
 .text.puts     0x0000000000001640        0xa /Applications/MounRiver Studio 2.app/Contents/Resources/app/resources/darwin/components/WCH/Toolchain/RISC-V Embedded GCC/bin/../lib/gcc/riscv-none-embed/8.2.0/../../../../riscv-none-embed/lib/rv32imacxw/ilp32/libg_nano.a(lib_a-puts.o)
                0x0000000000001640                puts
 .text.__swbuf_r
                0x000000000000164a       0xbc /Applications/MounRiver Studio 2.app/Contents/Resources/app/resources/darwin/components/WCH/Toolchain/RISC-V Embedded GCC/bin/../lib/gcc/riscv-none-embed/8.2.0/../../../../riscv-none-embed/lib/rv32imacxw/ilp32/libg_nano.a(lib_a-wbuf.o)
                0x000000000000164a                __swbuf_r
 .text.__swsetup_r
                0x0000000000001706       0xfc /Applications/MounRiver Studio 2.app/Contents/Resources/app/resources/darwin/components/WCH/Toolchain/RISC-V Embedded GCC/bin/../lib/gcc/riscv-none-embed/8.2.0/../../../../riscv-none-embed/lib/rv32imacxw/ilp32/libg_nano.a(lib_a-wsetup.o)
                0x0000000000001706                __swsetup_r
 .text.__sflush_r
                0x0000000000001802      0x130 /Applications/MounRiver Studio 2.app/Contents/Resources/app/resources/darwin/components/WCH/Toolchain/RISC-V Embedded GCC/bin/../lib/gcc/riscv-none-embed/8.2.0/../../../../riscv-none-embed/lib/rv32imacxw/ilp32/libg_nano.a(lib_a-fflush.o)
                0x0000000000001802                __sflush_r
 .text._fflush_r
                0x0000000000001932       0x64 /Applications/MounRiver Studio 2.app/Contents/Resources/app/resources/darwin/components/WCH/Toolchain/RISC-V Embedded GCC/bin/../lib/gcc/riscv-none-embed/8.2.0/../../../../riscv-none-embed/lib/rv32imacxw/ilp32/libg_nano.a(lib_a-fflush.o)
                0x0000000000001932                _fflush_r
 .text.std      0x0000000000001996       0x66 /Applications/MounRiver Studio 2.app/Contents/Resources/app/resources/darwin/components/WCH/Toolchain/RISC-V Embedded GCC/bin/../lib/gcc/riscv-none-embed/8.2.0/../../../../riscv-none-embed/lib/rv32imacxw/ilp32/libg_nano.a(lib_a-findfp.o)
 .text._cleanup_r
                0x00000000000019fc        0xa /Applications/MounRiver Studio 2.app/Contents/Resources/app/resources/darwin/components/WCH/Toolchain/RISC-V Embedded GCC/bin/../lib/gcc/riscv-none-embed/8.2.0/../../../../riscv-none-embed/lib/rv32imacxw/ilp32/libg_nano.a(lib_a-findfp.o)
                0x00000000000019fc                _cleanup_r
 .text.__sfmoreglue
                0x0000000000001a06       0x46 /Applications/MounRiver Studio 2.app/Contents/Resources/app/resources/darwin/components/WCH/Toolchain/RISC-V Embedded GCC/bin/../lib/gcc/riscv-none-embed/8.2.0/../../../../riscv-none-embed/lib/rv32imacxw/ilp32/libg_nano.a(lib_a-findfp.o)
                0x0000000000001a06                __sfmoreglue
 .text.__sinit  0x0000000000001a4c       0x66 /Applications/MounRiver Studio 2.app/Contents/Resources/app/resources/darwin/components/WCH/Toolchain/RISC-V Embedded GCC/bin/../lib/gcc/riscv-none-embed/8.2.0/../../../../riscv-none-embed/lib/rv32imacxw/ilp32/libg_nano.a(lib_a-findfp.o)
                0x0000000000001a4c                __sinit
 .text.__sfp    0x0000000000001ab2       0x9c /Applications/MounRiver Studio 2.app/Contents/Resources/app/resources/darwin/components/WCH/Toolchain/RISC-V Embedded GCC/bin/../lib/gcc/riscv-none-embed/8.2.0/../../../../riscv-none-embed/lib/rv32imacxw/ilp32/libg_nano.a(lib_a-findfp.o)
                0x0000000000001ab2                __sfp
 .text._fwalk_reent
                0x0000000000001b4e       0x6a /Applications/MounRiver Studio 2.app/Contents/Resources/app/resources/darwin/components/WCH/Toolchain/RISC-V Embedded GCC/bin/../lib/gcc/riscv-none-embed/8.2.0/../../../../riscv-none-embed/lib/rv32imacxw/ilp32/libg_nano.a(lib_a-fwalk.o)
                0x0000000000001b4e                _fwalk_reent
 .text.__swhatbuf_r
                0x0000000000001bb8       0x58 /Applications/MounRiver Studio 2.app/Contents/Resources/app/resources/darwin/components/WCH/Toolchain/RISC-V Embedded GCC/bin/../lib/gcc/riscv-none-embed/8.2.0/../../../../riscv-none-embed/lib/rv32imacxw/ilp32/libg_nano.a(lib_a-makebuf.o)
                0x0000000000001bb8                __swhatbuf_r
 .text.__smakebuf_r
                0x0000000000001c10       0x90 /Applications/MounRiver Studio 2.app/Contents/Resources/app/resources/darwin/components/WCH/Toolchain/RISC-V Embedded GCC/bin/../lib/gcc/riscv-none-embed/8.2.0/../../../../riscv-none-embed/lib/rv32imacxw/ilp32/libg_nano.a(lib_a-makebuf.o)
                0x0000000000001c10                __smakebuf_r
 .text._free_r  0x0000000000001ca0       0xa8 /Applications/MounRiver Studio 2.app/Contents/Resources/app/resources/darwin/components/WCH/Toolchain/RISC-V Embedded GCC/bin/../lib/gcc/riscv-none-embed/8.2.0/../../../../riscv-none-embed/lib/rv32imacxw/ilp32/libg_nano.a(lib_a-nano-freer.o)
                0x0000000000001ca0                _free_r
 .text._malloc_r
                0x0000000000001d48       0xd4 /Applications/MounRiver Studio 2.app/Contents/Resources/app/resources/darwin/components/WCH/Toolchain/RISC-V Embedded GCC/bin/../lib/gcc/riscv-none-embed/8.2.0/../../../../riscv-none-embed/lib/rv32imacxw/ilp32/libg_nano.a(lib_a-nano-mallocr.o)
                0x0000000000001d48                _malloc_r
 .text.__sfputc_r
                0x0000000000001e1c       0x28 /Applications/MounRiver Studio 2.app/Contents/Resources/app/resources/darwin/components/WCH/Toolchain/RISC-V Embedded GCC/bin/../lib/gcc/riscv-none-embed/8.2.0/../../../../riscv-none-embed/lib/rv32imacxw/ilp32/libg_nano.a(lib_a-nano-vfprintf.o)
 .text.__sfputs_r
                0x0000000000001e44       0x40 /Applications/MounRiver Studio 2.app/Contents/Resources/app/resources/darwin/components/WCH/Toolchain/RISC-V Embedded GCC/bin/../lib/gcc/riscv-none-embed/8.2.0/../../../../riscv-none-embed/lib/rv32imacxw/ilp32/libg_nano.a(lib_a-nano-vfprintf.o)
                0x0000000000001e44                __sfputs_r
 .text._vfprintf_r
                0x0000000000001e84      0x286 /Applications/MounRiver Studio 2.app/Contents/Resources/app/resources/darwin/components/WCH/Toolchain/RISC-V Embedded GCC/bin/../lib/gcc/riscv-none-embed/8.2.0/../../../../riscv-none-embed/lib/rv32imacxw/ilp32/libg_nano.a(lib_a-nano-vfprintf.o)
                0x0000000000001e84                _vfiprintf_r
                0x0000000000001e84                _vfprintf_r
 .text._printf_common
                0x000000000000210a      0x10c /Applications/MounRiver Studio 2.app/Contents/Resources/app/resources/darwin/components/WCH/Toolchain/RISC-V Embedded GCC/bin/../lib/gcc/riscv-none-embed/8.2.0/../../../../riscv-none-embed/lib/rv32imacxw/ilp32/libg_nano.a(lib_a-nano-vfprintf_i.o)
                0x000000000000210a                _printf_common
 .text._printf_i
                0x0000000000002216      0x2a0 /Applications/MounRiver Studio 2.app/Contents/Resources/app/resources/darwin/components/WCH/Toolchain/RISC-V Embedded GCC/bin/../lib/gcc/riscv-none-embed/8.2.0/../../../../riscv-none-embed/lib/rv32imacxw/ilp32/libg_nano.a(lib_a-nano-vfprintf_i.o)
                0x0000000000002216                _printf_i
 .text._sbrk_r  0x00000000000024b6       0x2a /Applications/MounRiver Studio 2.app/Contents/Resources/app/resources/darwin/components/WCH/Toolchain/RISC-V Embedded GCC/bin/../lib/gcc/riscv-none-embed/8.2.0/../../../../riscv-none-embed/lib/rv32imacxw/ilp32/libg_nano.a(lib_a-sbrkr.o)
                0x00000000000024b6                _sbrk_r
 .text.__sread  0x00000000000024e0       0x2c /Applications/MounRiver Studio 2.app/Contents/Resources/app/resources/darwin/components/WCH/Toolchain/RISC-V Embedded GCC/bin/../lib/gcc/riscv-none-embed/8.2.0/../../../../riscv-none-embed/lib/rv32imacxw/ilp32/libg_nano.a(lib_a-stdio.o)
                0x00000000000024e0                __sread
 .text.__swrite
                0x000000000000250c       0x48 /Applications/MounRiver Studio 2.app/Contents/Resources/app/resources/darwin/components/WCH/Toolchain/RISC-V Embedded GCC/bin/../lib/gcc/riscv-none-embed/8.2.0/../../../../riscv-none-embed/lib/rv32imacxw/ilp32/libg_nano.a(lib_a-stdio.o)
                0x000000000000250c                __swrite
 .text.__sseek  0x0000000000002554       0x30 /Applications/MounRiver Studio 2.app/Contents/Resources/app/resources/darwin/components/WCH/Toolchain/RISC-V Embedded GCC/bin/../lib/gcc/riscv-none-embed/8.2.0/../../../../riscv-none-embed/lib/rv32imacxw/ilp32/libg_nano.a(lib_a-stdio.o)
                0x0000000000002554                __sseek
 .text.__sclose
                0x0000000000002584        0x6 /Applications/MounRiver Studio 2.app/Contents/Resources/app/resources/darwin/components/WCH/Toolchain/RISC-V Embedded GCC/bin/../lib/gcc/riscv-none-embed/8.2.0/../../../../riscv-none-embed/lib/rv32imacxw/ilp32/libg_nano.a(lib_a-stdio.o)
                0x0000000000002584                __sclose
 .text._write_r
                0x000000000000258a       0x2e /Applications/MounRiver Studio 2.app/Contents/Resources/app/resources/darwin/components/WCH/Toolchain/RISC-V Embedded GCC/bin/../lib/gcc/riscv-none-embed/8.2.0/../../../../riscv-none-embed/lib/rv32imacxw/ilp32/libg_nano.a(lib_a-writer.o)
                0x000000000000258a                _write_r
 .text._close_r
                0x00000000000025b8       0x28 /Applications/MounRiver Studio 2.app/Contents/Resources/app/resources/darwin/components/WCH/Toolchain/RISC-V Embedded GCC/bin/../lib/gcc/riscv-none-embed/8.2.0/../../../../riscv-none-embed/lib/rv32imacxw/ilp32/libg_nano.a(lib_a-closer.o)
                0x00000000000025b8                _close_r
 .text._fstat_r
                0x00000000000025e0       0x2a /Applications/MounRiver Studio 2.app/Contents/Resources/app/resources/darwin/components/WCH/Toolchain/RISC-V Embedded GCC/bin/../lib/gcc/riscv-none-embed/8.2.0/../../../../riscv-none-embed/lib/rv32imacxw/ilp32/libg_nano.a(lib_a-fstatr.o)
                0x00000000000025e0                _fstat_r
 .text._isatty_r
                0x000000000000260a       0x28 /Applications/MounRiver Studio 2.app/Contents/Resources/app/resources/darwin/components/WCH/Toolchain/RISC-V Embedded GCC/bin/../lib/gcc/riscv-none-embed/8.2.0/../../../../riscv-none-embed/lib/rv32imacxw/ilp32/libg_nano.a(lib_a-isattyr.o)
                0x000000000000260a                _isatty_r
 .text._lseek_r
                0x0000000000002632       0x2c /Applications/MounRiver Studio 2.app/Contents/Resources/app/resources/darwin/components/WCH/Toolchain/RISC-V Embedded GCC/bin/../lib/gcc/riscv-none-embed/8.2.0/../../../../riscv-none-embed/lib/rv32imacxw/ilp32/libg_nano.a(lib_a-lseekr.o)
                0x0000000000002632                _lseek_r
 .text.memchr   0x000000000000265e       0x18 /Applications/MounRiver Studio 2.app/Contents/Resources/app/resources/darwin/components/WCH/Toolchain/RISC-V Embedded GCC/bin/../lib/gcc/riscv-none-embed/8.2.0/../../../../riscv-none-embed/lib/rv32imacxw/ilp32/libg_nano.a(lib_a-memchr.o)
                0x000000000000265e                memchr
 .text.__malloc_lock
                0x0000000000002676        0x2 /Applications/MounRiver Studio 2.app/Contents/Resources/app/resources/darwin/components/WCH/Toolchain/RISC-V Embedded GCC/bin/../lib/gcc/riscv-none-embed/8.2.0/../../../../riscv-none-embed/lib/rv32imacxw/ilp32/libg_nano.a(lib_a-mlock.o)
                0x0000000000002676                __malloc_lock
 .text.__malloc_unlock
                0x0000000000002678        0x2 /Applications/MounRiver Studio 2.app/Contents/Resources/app/resources/darwin/components/WCH/Toolchain/RISC-V Embedded GCC/bin/../lib/gcc/riscv-none-embed/8.2.0/../../../../riscv-none-embed/lib/rv32imacxw/ilp32/libg_nano.a(lib_a-mlock.o)
                0x0000000000002678                __malloc_unlock
 .text._read_r  0x000000000000267a       0x2c /Applications/MounRiver Studio 2.app/Contents/Resources/app/resources/darwin/components/WCH/Toolchain/RISC-V Embedded GCC/bin/../lib/gcc/riscv-none-embed/8.2.0/../../../../riscv-none-embed/lib/rv32imacxw/ilp32/libg_nano.a(lib_a-readr.o)
                0x000000000000267a                _read_r
 .text._close   0x00000000000026a6        0xc /Applications/MounRiver Studio 2.app/Contents/Resources/app/resources/darwin/components/WCH/Toolchain/RISC-V Embedded GCC/bin/../lib/gcc/riscv-none-embed/8.2.0/../../../../riscv-none-embed/lib/rv32imacxw/ilp32/libnosys.a(close.o)
                0x00000000000026a6                _close
 .text._fstat   0x00000000000026b2        0xc /Applications/MounRiver Studio 2.app/Contents/Resources/app/resources/darwin/components/WCH/Toolchain/RISC-V Embedded GCC/bin/../lib/gcc/riscv-none-embed/8.2.0/../../../../riscv-none-embed/lib/rv32imacxw/ilp32/libnosys.a(fstat.o)
                0x00000000000026b2                _fstat
 .text._isatty  0x00000000000026be        0xc /Applications/MounRiver Studio 2.app/Contents/Resources/app/resources/darwin/components/WCH/Toolchain/RISC-V Embedded GCC/bin/../lib/gcc/riscv-none-embed/8.2.0/../../../../riscv-none-embed/lib/rv32imacxw/ilp32/libnosys.a(isatty.o)
                0x00000000000026be                _isatty
 .text._lseek   0x00000000000026ca        0xc /Applications/MounRiver Studio 2.app/Contents/Resources/app/resources/darwin/components/WCH/Toolchain/RISC-V Embedded GCC/bin/../lib/gcc/riscv-none-embed/8.2.0/../../../../riscv-none-embed/lib/rv32imacxw/ilp32/libnosys.a(lseek.o)
                0x00000000000026ca                _lseek
 .text._read    0x00000000000026d6        0xc /Applications/MounRiver Studio 2.app/Contents/Resources/app/resources/darwin/components/WCH/Toolchain/RISC-V Embedded GCC/bin/../lib/gcc/riscv-none-embed/8.2.0/../../../../riscv-none-embed/lib/rv32imacxw/ilp32/libnosys.a(read.o)
                0x00000000000026d6                _read
 *(.rodata)
 *(.rodata*)
 *fill*         0x00000000000026e2        0x2 
 .rodata.RunParameterTests
                0x00000000000026e4       0x14 ./User/main.o
 *fill*         0x00000000000026f8        0x0 
 .rodata.RunParameterTests.cst8
                0x00000000000026f8        0x8 ./User/main.o
 .rodata.RunParameterTests.str1.4
                0x0000000000002700      0x1ce ./User/main.o
 *fill*         0x00000000000028ce        0x2 
 .rodata.main.str1.4
                0x00000000000028d0       0x3f ./User/main.o
 *fill*         0x000000000000290f        0x1 
 .rodata.PARAM_Init.str1.4
                0x0000000000002910       0x24 ./User/parameter_table.o
 .rodata.PARAM_Load.str1.4
                0x0000000000002934       0x2c ./User/parameter_table.o
 .rodata.PARAM_Reset.str1.4
                0x0000000000002960       0x16 ./User/parameter_table.o
 *fill*         0x0000000000002976        0x2 
 .rodata.PARAM_Save.str1.4
                0x0000000000002978        0xe ./User/parameter_table.o
 *fill*         0x0000000000002986        0x2 
 .rodata.PARAM_VerifyChecksum.str1.4
                0x0000000000002988       0x5e ./User/parameter_table.o
 *fill*         0x00000000000029e6        0x2 
 .rodata.defaultParamTable
                0x00000000000029e8      0x2a6 ./User/parameter_table.o
 *fill*         0x0000000000002c8e        0x2 
 .rodata.__muldf3
                0x0000000000002c90       0x40 /Applications/MounRiver Studio 2.app/Contents/Resources/app/resources/darwin/components/WCH/Toolchain/RISC-V Embedded GCC/bin/../lib/gcc/riscv-none-embed/8.2.0/rv32imacxw/ilp32/libgcc.a(muldf3.o)
 .rodata.__clz_tab
                0x0000000000002cd0      0x100 /Applications/MounRiver Studio 2.app/Contents/Resources/app/resources/darwin/components/WCH/Toolchain/RISC-V Embedded GCC/bin/../lib/gcc/riscv-none-embed/8.2.0/rv32imacxw/ilp32/libgcc.a(_clz.o)
                0x0000000000002cd0                __clz_tab
 .rodata.__sf_fake_stderr
                0x0000000000002dd0       0x20 /Applications/MounRiver Studio 2.app/Contents/Resources/app/resources/darwin/components/WCH/Toolchain/RISC-V Embedded GCC/bin/../lib/gcc/riscv-none-embed/8.2.0/../../../../riscv-none-embed/lib/rv32imacxw/ilp32/libg_nano.a(lib_a-findfp.o)
                0x0000000000002dd0                __sf_fake_stderr
 .rodata.__sf_fake_stdin
                0x0000000000002df0       0x20 /Applications/MounRiver Studio 2.app/Contents/Resources/app/resources/darwin/components/WCH/Toolchain/RISC-V Embedded GCC/bin/../lib/gcc/riscv-none-embed/8.2.0/../../../../riscv-none-embed/lib/rv32imacxw/ilp32/libg_nano.a(lib_a-findfp.o)
                0x0000000000002df0                __sf_fake_stdin
 .rodata.__sf_fake_stdout
                0x0000000000002e10       0x20 /Applications/MounRiver Studio 2.app/Contents/Resources/app/resources/darwin/components/WCH/Toolchain/RISC-V Embedded GCC/bin/../lib/gcc/riscv-none-embed/8.2.0/../../../../riscv-none-embed/lib/rv32imacxw/ilp32/libg_nano.a(lib_a-findfp.o)
                0x0000000000002e10                __sf_fake_stdout
 .rodata._vfprintf_r.str1.4
                0x0000000000002e30       0x13 /Applications/MounRiver Studio 2.app/Contents/Resources/app/resources/darwin/components/WCH/Toolchain/RISC-V Embedded GCC/bin/../lib/gcc/riscv-none-embed/8.2.0/../../../../riscv-none-embed/lib/rv32imacxw/ilp32/libg_nano.a(lib_a-nano-vfprintf.o)
 *fill*         0x0000000000002e43        0x1 
 .rodata._printf_i.str1.4
                0x0000000000002e44       0x28 /Applications/MounRiver Studio 2.app/Contents/Resources/app/resources/darwin/components/WCH/Toolchain/RISC-V Embedded GCC/bin/../lib/gcc/riscv-none-embed/8.2.0/../../../../riscv-none-embed/lib/rv32imacxw/ilp32/libg_nano.a(lib_a-nano-vfprintf_i.o)
                                         0x25 (size before relaxing)
 *(.gnu.linkonce.t.*)
                0x0000000000002e6c                . = ALIGN (0x4)

.rela.dyn       0x0000000000002e6c        0x0
 .rela.init     0x0000000000002e6c        0x0 ./User/ch32v203_init.o
 .rela.vector   0x0000000000002e6c        0x0 ./User/ch32v203_init.o
 .rela.text.handle_reset
                0x0000000000002e6c        0x0 ./User/ch32v203_init.o
 .rela.text._sbrk
                0x0000000000002e6c        0x0 ./User/ch32v203_init.o
 .rela.sdata.curbrk.4652
                0x0000000000002e6c        0x0 ./User/ch32v203_init.o
 .rela.text._vfprintf_r
                0x0000000000002e6c        0x0 ./User/ch32v203_init.o
 .rela.text._sbrk_r
                0x0000000000002e6c        0x0 ./User/ch32v203_init.o
 .rela.text._write_r
                0x0000000000002e6c        0x0 ./User/ch32v203_init.o
 .rela.text._close_r
                0x0000000000002e6c        0x0 ./User/ch32v203_init.o
 .rela.text._fstat_r
                0x0000000000002e6c        0x0 ./User/ch32v203_init.o
 .rela.text._isatty_r
                0x0000000000002e6c        0x0 ./User/ch32v203_init.o
 .rela.text._lseek_r
                0x0000000000002e6c        0x0 ./User/ch32v203_init.o
 .rela.text._read_r
                0x0000000000002e6c        0x0 ./User/ch32v203_init.o
 .rela.text._close
                0x0000000000002e6c        0x0 ./User/ch32v203_init.o
 .rela.text._fstat
                0x0000000000002e6c        0x0 ./User/ch32v203_init.o
 .rela.text._isatty
                0x0000000000002e6c        0x0 ./User/ch32v203_init.o
 .rela.text._lseek
                0x0000000000002e6c        0x0 ./User/ch32v203_init.o
 .rela.text._read
                0x0000000000002e6c        0x0 ./User/ch32v203_init.o

.fini           0x0000000000002e6c        0x0
 *(SORT_NONE(.fini))
                0x0000000000002e6c                . = ALIGN (0x4)
                [!provide]                        PROVIDE (_etext = .)
                [!provide]                        PROVIDE (_eitcm = .)

.preinit_array  0x0000000000002e6c        0x0
                [!provide]                        PROVIDE (__preinit_array_start = .)
 *(.preinit_array)
                [!provide]                        PROVIDE (__preinit_array_end = .)

.init_array     0x0000000000002e6c        0x0
                [!provide]                        PROVIDE (__init_array_start = .)
 *(SORT_BY_INIT_PRIORITY(.init_array.*) SORT_BY_INIT_PRIORITY(.ctors.*))
 *(.init_array EXCLUDE_FILE(*crtend?.o *crtend.o *crtbegin?.o *crtbegin.o) .ctors)
                [!provide]                        PROVIDE (__init_array_end = .)

.fini_array     0x0000000000002e6c        0x0
                [!provide]                        PROVIDE (__fini_array_start = .)
 *(SORT_BY_INIT_PRIORITY(.fini_array.*) SORT_BY_INIT_PRIORITY(.dtors.*))
 *(.fini_array EXCLUDE_FILE(*crtend?.o *crtend.o *crtbegin?.o *crtbegin.o) .dtors)
                [!provide]                        PROVIDE (__fini_array_end = .)

.ctors
 *crtbegin.o(.ctors)
 *crtbegin?.o(.ctors)
 *(EXCLUDE_FILE(*crtend?.o *crtend.o) .ctors)
 *(SORT_BY_NAME(.ctors.*))
 *(.ctors)

.dtors
 *crtbegin.o(.dtors)
 *crtbegin?.o(.dtors)
 *(EXCLUDE_FILE(*crtend?.o *crtend.o) .dtors)
 *(SORT_BY_NAME(.dtors.*))
 *(.dtors)

.dalign         0x0000000020000000        0x0 load address 0x0000000000002e6c
                0x0000000020000000                . = ALIGN (0x4)
                0x0000000020000000                PROVIDE (_data_vma = .)

.dlalign        0x0000000000002e6c        0x0
                0x0000000000002e6c                . = ALIGN (0x4)
                0x0000000000002e6c                PROVIDE (_data_lma = .)

.data           0x0000000020000000       0x88 load address 0x0000000000002e6c
 *(.gnu.linkonce.r.*)
 *(.data .data.*)
 .data.APBAHBPrescTable
                0x0000000020000000       0x10 ./Peripheral/src/ch32v20x_rcc.o
 .data.impure_data
                0x0000000020000010       0x60 /Applications/MounRiver Studio 2.app/Contents/Resources/app/resources/darwin/components/WCH/Toolchain/RISC-V Embedded GCC/bin/../lib/gcc/riscv-none-embed/8.2.0/../../../../riscv-none-embed/lib/rv32imacxw/ilp32/libg_nano.a(lib_a-impure.o)
 *(.gnu.linkonce.d.*)
                0x0000000020000070                . = ALIGN (0x8)
                0x0000000020000870                PROVIDE (__global_pointer$ = (. + 0x800))
 *(.sdata .sdata.*)
 .sdata.SystemCoreClock
                0x0000000020000070        0x4 ./User/system_ch32v20x.o
                0x0000000020000070                SystemCoreClock
 .sdata.ADCPrescTable
                0x0000000020000074        0x4 ./Peripheral/src/ch32v20x_rcc.o
 .sdata.curbrk.4652
                0x0000000020000078        0x4 ./Debug/debug.o
 .sdata._impure_ptr
                0x000000002000007c        0x4 /Applications/MounRiver Studio 2.app/Contents/Resources/app/resources/darwin/components/WCH/Toolchain/RISC-V Embedded GCC/bin/../lib/gcc/riscv-none-embed/8.2.0/../../../../riscv-none-embed/lib/rv32imacxw/ilp32/libg_nano.a(lib_a-impure.o)
                0x000000002000007c                _impure_ptr
 *(.sdata2.*)
 .sdata2._global_impure_ptr
                0x0000000020000080        0x4 /Applications/MounRiver Studio 2.app/Contents/Resources/app/resources/darwin/components/WCH/Toolchain/RISC-V Embedded GCC/bin/../lib/gcc/riscv-none-embed/8.2.0/../../../../riscv-none-embed/lib/rv32imacxw/ilp32/libg_nano.a(lib_a-impure.o)
                0x0000000020000080                _global_impure_ptr
 *(.gnu.linkonce.s.*)
                0x0000000020000088                . = ALIGN (0x8)
 *fill*         0x0000000020000084        0x4 
 *(.srodata.cst16)
 *(.srodata.cst8)
 *(.srodata.cst4)
 *(.srodata.cst2)
 *(.srodata .srodata.*)
                0x0000000020000088                . = ALIGN (0x4)
                0x0000000020000088                PROVIDE (_edata = .)

.bss            0x0000000020000088      0x2c0 load address 0x0000000000002ef4
                0x0000000020000088                . = ALIGN (0x4)
                0x0000000020000088                PROVIDE (_sbss = .)
 *(.sbss*)
 .sbss.MCU_Version
                0x0000000020000088        0x1 ./Peripheral/src/ch32v20x_gpio.o
                0x0000000020000088                MCU_Version
 *fill*         0x0000000020000089        0x3 
 .sbss.NVIC_Priority_Group
                0x000000002000008c        0x4 ./Peripheral/src/ch32v20x_misc.o
                0x000000002000008c                NVIC_Priority_Group
 .sbss.p_ms     0x0000000020000090        0x2 ./Debug/debug.o
 .sbss.p_us     0x0000000020000092        0x1 ./Debug/debug.o
 *fill*         0x0000000020000093        0x1 
 .sbss.__malloc_free_list
                0x0000000020000094        0x4 /Applications/MounRiver Studio 2.app/Contents/Resources/app/resources/darwin/components/WCH/Toolchain/RISC-V Embedded GCC/bin/../lib/gcc/riscv-none-embed/8.2.0/../../../../riscv-none-embed/lib/rv32imacxw/ilp32/libg_nano.a(lib_a-nano-mallocr.o)
                0x0000000020000094                __malloc_free_list
 .sbss.__malloc_sbrk_start
                0x0000000020000098        0x4 /Applications/MounRiver Studio 2.app/Contents/Resources/app/resources/darwin/components/WCH/Toolchain/RISC-V Embedded GCC/bin/../lib/gcc/riscv-none-embed/8.2.0/../../../../riscv-none-embed/lib/rv32imacxw/ilp32/libg_nano.a(lib_a-nano-mallocr.o)
                0x0000000020000098                __malloc_sbrk_start
 *(.gnu.linkonce.sb.*)
 *(.bss*)
 .bss.paramTable
                0x000000002000009c      0x2a6 ./User/parameter_table.o
 *(.gnu.linkonce.b.*)
 *(COMMON*)
 *fill*         0x0000000020000342        0x2 
 COMMON         0x0000000020000344        0x4 /Applications/MounRiver Studio 2.app/Contents/Resources/app/resources/darwin/components/WCH/Toolchain/RISC-V Embedded GCC/bin/../lib/gcc/riscv-none-embed/8.2.0/../../../../riscv-none-embed/lib/rv32imacxw/ilp32/libg_nano.a(lib_a-reent.o)
                0x0000000020000344                errno
                0x0000000020000348                . = ALIGN (0x4)
                0x0000000020000348                PROVIDE (_ebss = .)
                0x0000000020000348                PROVIDE (_end = _ebss)
                [!provide]                        PROVIDE (end = .)

.stack          0x0000000020004800      0x800
                0x0000000020004800                PROVIDE (_heap_end = .)
                0x0000000020004800                . = ALIGN (0x4)
                [!provide]                        PROVIDE (_susrstack = .)
                0x0000000020005000                . = (. + __stack_size)
 *fill*         0x0000000020004800      0x800 
                0x0000000020005000                PROVIDE (_eusrstack = .)
OUTPUT(CH32V203G8R6.elf elf32-littleriscv)

.debug_info     0x0000000000000000     0xa987
 .debug_info    0x0000000000000000     0x122c ./User/ch32v203_init.o
 .debug_info    0x000000000000122c      0xd7e ./User/ch32v20x_it.o
 .debug_info    0x0000000000001faa      0xebd ./User/main.o
 .debug_info    0x0000000000002e67      0xedc ./User/parameter_table.o
 .debug_info    0x0000000000003d43      0xb30 ./User/system_ch32v20x.o
 .debug_info    0x0000000000004873       0x22 ./Startup/startup_ch32v20x_D6.o
 .debug_info    0x0000000000004895      0xa89 ./Peripheral/src/ch32v20x_dbgmcu.o
 .debug_info    0x000000000000531e     0x1349 ./Peripheral/src/ch32v20x_gpio.o
 .debug_info    0x0000000000006667      0xe61 ./Peripheral/src/ch32v20x_misc.o
 .debug_info    0x00000000000074c8     0x1268 ./Peripheral/src/ch32v20x_rcc.o
 .debug_info    0x0000000000008730     0x1335 ./Peripheral/src/ch32v20x_usart.o
 .debug_info    0x0000000000009a65      0xf22 ./Debug/debug.o

.debug_abbrev   0x0000000000000000     0x207f
 .debug_abbrev  0x0000000000000000      0x276 ./User/ch32v203_init.o
 .debug_abbrev  0x0000000000000276      0x2aa ./User/ch32v20x_it.o
 .debug_abbrev  0x0000000000000520      0x26b ./User/main.o
 .debug_abbrev  0x000000000000078b      0x3a7 ./User/parameter_table.o
 .debug_abbrev  0x0000000000000b32      0x2b0 ./User/system_ch32v20x.o
 .debug_abbrev  0x0000000000000de2       0x12 ./Startup/startup_ch32v20x_D6.o
 .debug_abbrev  0x0000000000000df4      0x2f7 ./Peripheral/src/ch32v20x_dbgmcu.o
 .debug_abbrev  0x00000000000010eb      0x34b ./Peripheral/src/ch32v20x_gpio.o
 .debug_abbrev  0x0000000000001436      0x2ea ./Peripheral/src/ch32v20x_misc.o
 .debug_abbrev  0x0000000000001720      0x36b ./Peripheral/src/ch32v20x_rcc.o
 .debug_abbrev  0x0000000000001a8b      0x312 ./Peripheral/src/ch32v20x_usart.o
 .debug_abbrev  0x0000000000001d9d      0x2e2 ./Debug/debug.o

.debug_aranges  0x0000000000000000      0x4f8
 .debug_aranges
                0x0000000000000000       0x38 ./User/ch32v203_init.o
 .debug_aranges
                0x0000000000000038       0x30 ./User/ch32v20x_it.o
 .debug_aranges
                0x0000000000000068       0x28 ./User/main.o
 .debug_aranges
                0x0000000000000090       0x80 ./User/parameter_table.o
 .debug_aranges
                0x0000000000000110       0x28 ./User/system_ch32v20x.o
 .debug_aranges
                0x0000000000000138       0x30 ./Startup/startup_ch32v20x_D6.o
 .debug_aranges
                0x0000000000000168       0x48 ./Peripheral/src/ch32v20x_dbgmcu.o
 .debug_aranges
                0x00000000000001b0       0xb0 ./Peripheral/src/ch32v20x_gpio.o
 .debug_aranges
                0x0000000000000260       0x28 ./Peripheral/src/ch32v20x_misc.o
 .debug_aranges
                0x0000000000000288      0x130 ./Peripheral/src/ch32v20x_rcc.o
 .debug_aranges
                0x00000000000003b8       0xf0 ./Peripheral/src/ch32v20x_usart.o
 .debug_aranges
                0x00000000000004a8       0x50 ./Debug/debug.o

.debug_ranges   0x0000000000000000      0x540
 .debug_ranges  0x0000000000000000       0x28 ./User/ch32v203_init.o
 .debug_ranges  0x0000000000000028       0x20 ./User/ch32v20x_it.o
 .debug_ranges  0x0000000000000048       0x18 ./User/main.o
 .debug_ranges  0x0000000000000060      0x128 ./User/parameter_table.o
 .debug_ranges  0x0000000000000188       0x18 ./User/system_ch32v20x.o
 .debug_ranges  0x00000000000001a0       0x28 ./Startup/startup_ch32v20x_D6.o
 .debug_ranges  0x00000000000001c8       0x50 ./Peripheral/src/ch32v20x_dbgmcu.o
 .debug_ranges  0x0000000000000218       0xa0 ./Peripheral/src/ch32v20x_gpio.o
 .debug_ranges  0x00000000000002b8       0x48 ./Peripheral/src/ch32v20x_misc.o
 .debug_ranges  0x0000000000000300      0x120 ./Peripheral/src/ch32v20x_rcc.o
 .debug_ranges  0x0000000000000420       0xe0 ./Peripheral/src/ch32v20x_usart.o
 .debug_ranges  0x0000000000000500       0x40 ./Debug/debug.o

.debug_line     0x0000000000000000     0x704a
 .debug_line    0x0000000000000000      0x988 ./User/ch32v203_init.o
 .debug_line    0x0000000000000988      0x457 ./User/ch32v20x_it.o
 .debug_line    0x0000000000000ddf      0x75b ./User/main.o
 .debug_line    0x000000000000153a      0x932 ./User/parameter_table.o
 .debug_line    0x0000000000001e6c      0x69d ./User/system_ch32v20x.o
 .debug_line    0x0000000000002509      0x121 ./Startup/startup_ch32v20x_D6.o
 .debug_line    0x000000000000262a      0x459 ./Peripheral/src/ch32v20x_dbgmcu.o
 .debug_line    0x0000000000002a83     0x16f6 ./Peripheral/src/ch32v20x_gpio.o
 .debug_line    0x0000000000004179      0x4c8 ./Peripheral/src/ch32v20x_misc.o
 .debug_line    0x0000000000004641     0x127e ./Peripheral/src/ch32v20x_rcc.o
 .debug_line    0x00000000000058bf      0xf61 ./Peripheral/src/ch32v20x_usart.o
 .debug_line    0x0000000000006820      0x82a ./Debug/debug.o

.debug_str      0x0000000000000000     0x1b19
 .debug_str     0x0000000000000000      0xc70 ./User/ch32v203_init.o
                                        0xcfc (size before relaxing)
 .debug_str     0x0000000000000c70      0x115 ./User/ch32v20x_it.o
                                        0x755 (size before relaxing)
 .debug_str     0x0000000000000d85       0xd5 ./User/main.o
                                        0x6fa (size before relaxing)
 .debug_str     0x0000000000000e5a      0x120 ./User/parameter_table.o
                                        0x780 (size before relaxing)
 .debug_str     0x0000000000000f7a       0xf3 ./User/system_ch32v20x.o
                                        0x6c0 (size before relaxing)
 .debug_str     0x000000000000106d       0x2d ./Startup/startup_ch32v20x_D6.o
                                         0x76 (size before relaxing)
 .debug_str     0x000000000000109a       0x87 ./Peripheral/src/ch32v20x_dbgmcu.o
                                        0x666 (size before relaxing)
 .debug_str     0x0000000000001121      0x25e ./Peripheral/src/ch32v20x_gpio.o
                                        0x9dc (size before relaxing)
 .debug_str     0x000000000000137f       0x9c ./Peripheral/src/ch32v20x_misc.o
                                        0xa9e (size before relaxing)
 .debug_str     0x000000000000141b      0x382 ./Peripheral/src/ch32v20x_rcc.o
                                        0xaee (size before relaxing)
 .debug_str     0x000000000000179d      0x2ed ./Peripheral/src/ch32v20x_usart.o
                                        0xb0a (size before relaxing)
 .debug_str     0x0000000000001a8a       0x8f ./Debug/debug.o
                                        0x931 (size before relaxing)

.comment        0x0000000000000000       0x32
 .comment       0x0000000000000000       0x32 ./User/ch32v203_init.o
                                         0x33 (size before relaxing)
 .comment       0x0000000000000032       0x33 ./User/ch32v20x_it.o
 .comment       0x0000000000000032       0x33 ./User/main.o
 .comment       0x0000000000000032       0x33 ./User/parameter_table.o
 .comment       0x0000000000000032       0x33 ./User/system_ch32v20x.o
 .comment       0x0000000000000032       0x33 ./Peripheral/src/ch32v20x_dbgmcu.o
 .comment       0x0000000000000032       0x33 ./Peripheral/src/ch32v20x_gpio.o
 .comment       0x0000000000000032       0x33 ./Peripheral/src/ch32v20x_misc.o
 .comment       0x0000000000000032       0x33 ./Peripheral/src/ch32v20x_rcc.o
 .comment       0x0000000000000032       0x33 ./Peripheral/src/ch32v20x_usart.o
 .comment       0x0000000000000032       0x33 ./Debug/debug.o
 .comment       0x0000000000000032       0x33 /Applications/MounRiver Studio 2.app/Contents/Resources/app/resources/darwin/components/WCH/Toolchain/RISC-V Embedded GCC/bin/../lib/gcc/riscv-none-embed/8.2.0/rv32imacxw/ilp32/libgcc.a(muldf3.o)
 .comment       0x0000000000000032       0x33 /Applications/MounRiver Studio 2.app/Contents/Resources/app/resources/darwin/components/WCH/Toolchain/RISC-V Embedded GCC/bin/../lib/gcc/riscv-none-embed/8.2.0/rv32imacxw/ilp32/libgcc.a(floatsidf.o)
 .comment       0x0000000000000032       0x33 /Applications/MounRiver Studio 2.app/Contents/Resources/app/resources/darwin/components/WCH/Toolchain/RISC-V Embedded GCC/bin/../lib/gcc/riscv-none-embed/8.2.0/rv32imacxw/ilp32/libgcc.a(_clzsi2.o)
 .comment       0x0000000000000032       0x33 /Applications/MounRiver Studio 2.app/Contents/Resources/app/resources/darwin/components/WCH/Toolchain/RISC-V Embedded GCC/bin/../lib/gcc/riscv-none-embed/8.2.0/rv32imacxw/ilp32/libgcc.a(_clz.o)

.debug_frame    0x0000000000000000     0x12fc
 .debug_frame   0x0000000000000000       0xa8 ./User/ch32v203_init.o
 .debug_frame   0x00000000000000a8       0x4c ./User/ch32v20x_it.o
 .debug_frame   0x00000000000000f4       0x54 ./User/main.o
 .debug_frame   0x0000000000000148      0x150 ./User/parameter_table.o
 .debug_frame   0x0000000000000298       0x30 ./User/system_ch32v20x.o
 .debug_frame   0x00000000000002c8       0x70 ./Peripheral/src/ch32v20x_dbgmcu.o
 .debug_frame   0x0000000000000338      0x170 ./Peripheral/src/ch32v20x_gpio.o
 .debug_frame   0x00000000000004a8       0x30 ./Peripheral/src/ch32v20x_misc.o
 .debug_frame   0x00000000000004d8      0x254 ./Peripheral/src/ch32v20x_rcc.o
 .debug_frame   0x000000000000072c      0x1e4 ./Peripheral/src/ch32v20x_usart.o
 .debug_frame   0x0000000000000910       0xb8 ./Debug/debug.o
 .debug_frame   0x00000000000009c8       0x20 /Applications/MounRiver Studio 2.app/Contents/Resources/app/resources/darwin/components/WCH/Toolchain/RISC-V Embedded GCC/bin/../lib/gcc/riscv-none-embed/8.2.0/../../../../riscv-none-embed/lib/rv32imacxw/ilp32/libg_nano.a(lib_a-memcpy.o)
 .debug_frame   0x00000000000009e8       0x54 /Applications/MounRiver Studio 2.app/Contents/Resources/app/resources/darwin/components/WCH/Toolchain/RISC-V Embedded GCC/bin/../lib/gcc/riscv-none-embed/8.2.0/../../../../riscv-none-embed/lib/rv32imacxw/ilp32/libg_nano.a(lib_a-printf.o)
 .debug_frame   0x0000000000000a3c       0x54 /Applications/MounRiver Studio 2.app/Contents/Resources/app/resources/darwin/components/WCH/Toolchain/RISC-V Embedded GCC/bin/../lib/gcc/riscv-none-embed/8.2.0/../../../../riscv-none-embed/lib/rv32imacxw/ilp32/libg_nano.a(lib_a-puts.o)
 .debug_frame   0x0000000000000a90       0x50 /Applications/MounRiver Studio 2.app/Contents/Resources/app/resources/darwin/components/WCH/Toolchain/RISC-V Embedded GCC/bin/../lib/gcc/riscv-none-embed/8.2.0/../../../../riscv-none-embed/lib/rv32imacxw/ilp32/libg_nano.a(lib_a-wbuf.o)
 .debug_frame   0x0000000000000ae0       0x3c /Applications/MounRiver Studio 2.app/Contents/Resources/app/resources/darwin/components/WCH/Toolchain/RISC-V Embedded GCC/bin/../lib/gcc/riscv-none-embed/8.2.0/../../../../riscv-none-embed/lib/rv32imacxw/ilp32/libg_nano.a(lib_a-wsetup.o)
 .debug_frame   0x0000000000000b1c       0x7c /Applications/MounRiver Studio 2.app/Contents/Resources/app/resources/darwin/components/WCH/Toolchain/RISC-V Embedded GCC/bin/../lib/gcc/riscv-none-embed/8.2.0/../../../../riscv-none-embed/lib/rv32imacxw/ilp32/libg_nano.a(lib_a-fflush.o)
 .debug_frame   0x0000000000000b98      0x148 /Applications/MounRiver Studio 2.app/Contents/Resources/app/resources/darwin/components/WCH/Toolchain/RISC-V Embedded GCC/bin/../lib/gcc/riscv-none-embed/8.2.0/../../../../riscv-none-embed/lib/rv32imacxw/ilp32/libg_nano.a(lib_a-findfp.o)
 .debug_frame   0x0000000000000ce0       0x88 /Applications/MounRiver Studio 2.app/Contents/Resources/app/resources/darwin/components/WCH/Toolchain/RISC-V Embedded GCC/bin/../lib/gcc/riscv-none-embed/8.2.0/../../../../riscv-none-embed/lib/rv32imacxw/ilp32/libg_nano.a(lib_a-fwalk.o)
 .debug_frame   0x0000000000000d68       0x64 /Applications/MounRiver Studio 2.app/Contents/Resources/app/resources/darwin/components/WCH/Toolchain/RISC-V Embedded GCC/bin/../lib/gcc/riscv-none-embed/8.2.0/../../../../riscv-none-embed/lib/rv32imacxw/ilp32/libg_nano.a(lib_a-makebuf.o)
 .debug_frame   0x0000000000000dcc       0x40 /Applications/MounRiver Studio 2.app/Contents/Resources/app/resources/darwin/components/WCH/Toolchain/RISC-V Embedded GCC/bin/../lib/gcc/riscv-none-embed/8.2.0/../../../../riscv-none-embed/lib/rv32imacxw/ilp32/libg_nano.a(lib_a-nano-freer.o)
 .debug_frame   0x0000000000000e0c       0x40 /Applications/MounRiver Studio 2.app/Contents/Resources/app/resources/darwin/components/WCH/Toolchain/RISC-V Embedded GCC/bin/../lib/gcc/riscv-none-embed/8.2.0/../../../../riscv-none-embed/lib/rv32imacxw/ilp32/libg_nano.a(lib_a-nano-mallocr.o)
 .debug_frame   0x0000000000000e4c       0xd0 /Applications/MounRiver Studio 2.app/Contents/Resources/app/resources/darwin/components/WCH/Toolchain/RISC-V Embedded GCC/bin/../lib/gcc/riscv-none-embed/8.2.0/../../../../riscv-none-embed/lib/rv32imacxw/ilp32/libg_nano.a(lib_a-nano-vfprintf.o)
 .debug_frame   0x0000000000000f1c       0x8c /Applications/MounRiver Studio 2.app/Contents/Resources/app/resources/darwin/components/WCH/Toolchain/RISC-V Embedded GCC/bin/../lib/gcc/riscv-none-embed/8.2.0/../../../../riscv-none-embed/lib/rv32imacxw/ilp32/libg_nano.a(lib_a-nano-vfprintf_i.o)
 .debug_frame   0x0000000000000fa8       0x30 /Applications/MounRiver Studio 2.app/Contents/Resources/app/resources/darwin/components/WCH/Toolchain/RISC-V Embedded GCC/bin/../lib/gcc/riscv-none-embed/8.2.0/../../../../riscv-none-embed/lib/rv32imacxw/ilp32/libg_nano.a(lib_a-sbrkr.o)
 .debug_frame   0x0000000000000fd8       0xa4 /Applications/MounRiver Studio 2.app/Contents/Resources/app/resources/darwin/components/WCH/Toolchain/RISC-V Embedded GCC/bin/../lib/gcc/riscv-none-embed/8.2.0/../../../../riscv-none-embed/lib/rv32imacxw/ilp32/libg_nano.a(lib_a-stdio.o)
 .debug_frame   0x000000000000107c       0x30 /Applications/MounRiver Studio 2.app/Contents/Resources/app/resources/darwin/components/WCH/Toolchain/RISC-V Embedded GCC/bin/../lib/gcc/riscv-none-embed/8.2.0/../../../../riscv-none-embed/lib/rv32imacxw/ilp32/libg_nano.a(lib_a-writer.o)
 .debug_frame   0x00000000000010ac       0x30 /Applications/MounRiver Studio 2.app/Contents/Resources/app/resources/darwin/components/WCH/Toolchain/RISC-V Embedded GCC/bin/../lib/gcc/riscv-none-embed/8.2.0/../../../../riscv-none-embed/lib/rv32imacxw/ilp32/libg_nano.a(lib_a-closer.o)
 .debug_frame   0x00000000000010dc       0x30 /Applications/MounRiver Studio 2.app/Contents/Resources/app/resources/darwin/components/WCH/Toolchain/RISC-V Embedded GCC/bin/../lib/gcc/riscv-none-embed/8.2.0/../../../../riscv-none-embed/lib/rv32imacxw/ilp32/libg_nano.a(lib_a-fstatr.o)
 .debug_frame   0x000000000000110c       0x30 /Applications/MounRiver Studio 2.app/Contents/Resources/app/resources/darwin/components/WCH/Toolchain/RISC-V Embedded GCC/bin/../lib/gcc/riscv-none-embed/8.2.0/../../../../riscv-none-embed/lib/rv32imacxw/ilp32/libg_nano.a(lib_a-isattyr.o)
 .debug_frame   0x000000000000113c       0x30 /Applications/MounRiver Studio 2.app/Contents/Resources/app/resources/darwin/components/WCH/Toolchain/RISC-V Embedded GCC/bin/../lib/gcc/riscv-none-embed/8.2.0/../../../../riscv-none-embed/lib/rv32imacxw/ilp32/libg_nano.a(lib_a-lseekr.o)
 .debug_frame   0x000000000000116c       0x20 /Applications/MounRiver Studio 2.app/Contents/Resources/app/resources/darwin/components/WCH/Toolchain/RISC-V Embedded GCC/bin/../lib/gcc/riscv-none-embed/8.2.0/../../../../riscv-none-embed/lib/rv32imacxw/ilp32/libg_nano.a(lib_a-memchr.o)
 .debug_frame   0x000000000000118c       0x30 /Applications/MounRiver Studio 2.app/Contents/Resources/app/resources/darwin/components/WCH/Toolchain/RISC-V Embedded GCC/bin/../lib/gcc/riscv-none-embed/8.2.0/../../../../riscv-none-embed/lib/rv32imacxw/ilp32/libg_nano.a(lib_a-mlock.o)
 .debug_frame   0x00000000000011bc       0x30 /Applications/MounRiver Studio 2.app/Contents/Resources/app/resources/darwin/components/WCH/Toolchain/RISC-V Embedded GCC/bin/../lib/gcc/riscv-none-embed/8.2.0/../../../../riscv-none-embed/lib/rv32imacxw/ilp32/libg_nano.a(lib_a-readr.o)
 .debug_frame   0x00000000000011ec       0x70 /Applications/MounRiver Studio 2.app/Contents/Resources/app/resources/darwin/components/WCH/Toolchain/RISC-V Embedded GCC/bin/../lib/gcc/riscv-none-embed/8.2.0/../../../../riscv-none-embed/lib/rv32imacxw/ilp32/libg_nano.a(lib_a-reent.o)
 .debug_frame   0x000000000000125c       0x20 /Applications/MounRiver Studio 2.app/Contents/Resources/app/resources/darwin/components/WCH/Toolchain/RISC-V Embedded GCC/bin/../lib/gcc/riscv-none-embed/8.2.0/../../../../riscv-none-embed/lib/rv32imacxw/ilp32/libnosys.a(close.o)
 .debug_frame   0x000000000000127c       0x20 /Applications/MounRiver Studio 2.app/Contents/Resources/app/resources/darwin/components/WCH/Toolchain/RISC-V Embedded GCC/bin/../lib/gcc/riscv-none-embed/8.2.0/../../../../riscv-none-embed/lib/rv32imacxw/ilp32/libnosys.a(fstat.o)
 .debug_frame   0x000000000000129c       0x20 /Applications/MounRiver Studio 2.app/Contents/Resources/app/resources/darwin/components/WCH/Toolchain/RISC-V Embedded GCC/bin/../lib/gcc/riscv-none-embed/8.2.0/../../../../riscv-none-embed/lib/rv32imacxw/ilp32/libnosys.a(isatty.o)
 .debug_frame   0x00000000000012bc       0x20 /Applications/MounRiver Studio 2.app/Contents/Resources/app/resources/darwin/components/WCH/Toolchain/RISC-V Embedded GCC/bin/../lib/gcc/riscv-none-embed/8.2.0/../../../../riscv-none-embed/lib/rv32imacxw/ilp32/libnosys.a(lseek.o)
 .debug_frame   0x00000000000012dc       0x20 /Applications/MounRiver Studio 2.app/Contents/Resources/app/resources/darwin/components/WCH/Toolchain/RISC-V Embedded GCC/bin/../lib/gcc/riscv-none-embed/8.2.0/../../../../riscv-none-embed/lib/rv32imacxw/ilp32/libnosys.a(read.o)

.debug_loc      0x0000000000000000     0x1dd7
 .debug_loc     0x0000000000000000       0x1e ./User/ch32v20x_it.o
 .debug_loc     0x000000000000001e       0x5a ./User/main.o
 .debug_loc     0x0000000000000078      0x346 ./User/parameter_table.o
 .debug_loc     0x00000000000003be       0xac ./User/system_ch32v20x.o
 .debug_loc     0x000000000000046a       0x7c ./Peripheral/src/ch32v20x_dbgmcu.o
 .debug_loc     0x00000000000004e6      0x8a1 ./Peripheral/src/ch32v20x_gpio.o
 .debug_loc     0x0000000000000d87       0x2d ./Peripheral/src/ch32v20x_misc.o
 .debug_loc     0x0000000000000db4      0x797 ./Peripheral/src/ch32v20x_rcc.o
 .debug_loc     0x000000000000154b      0x715 ./Peripheral/src/ch32v20x_usart.o
 .debug_loc     0x0000000000001c60      0x177 ./Debug/debug.o

.stab           0x0000000000000000       0x84
 .stab          0x0000000000000000       0x24 /Applications/MounRiver Studio 2.app/Contents/Resources/app/resources/darwin/components/WCH/Toolchain/RISC-V Embedded GCC/bin/../lib/gcc/riscv-none-embed/8.2.0/../../../../riscv-none-embed/lib/rv32imacxw/ilp32/libnosys.a(close.o)
 .stab          0x0000000000000024       0x18 /Applications/MounRiver Studio 2.app/Contents/Resources/app/resources/darwin/components/WCH/Toolchain/RISC-V Embedded GCC/bin/../lib/gcc/riscv-none-embed/8.2.0/../../../../riscv-none-embed/lib/rv32imacxw/ilp32/libnosys.a(fstat.o)
                                         0x24 (size before relaxing)
 .stab          0x000000000000003c       0x18 /Applications/MounRiver Studio 2.app/Contents/Resources/app/resources/darwin/components/WCH/Toolchain/RISC-V Embedded GCC/bin/../lib/gcc/riscv-none-embed/8.2.0/../../../../riscv-none-embed/lib/rv32imacxw/ilp32/libnosys.a(isatty.o)
                                         0x24 (size before relaxing)
 .stab          0x0000000000000054       0x18 /Applications/MounRiver Studio 2.app/Contents/Resources/app/resources/darwin/components/WCH/Toolchain/RISC-V Embedded GCC/bin/../lib/gcc/riscv-none-embed/8.2.0/../../../../riscv-none-embed/lib/rv32imacxw/ilp32/libnosys.a(lseek.o)
                                         0x24 (size before relaxing)
 .stab          0x000000000000006c       0x18 /Applications/MounRiver Studio 2.app/Contents/Resources/app/resources/darwin/components/WCH/Toolchain/RISC-V Embedded GCC/bin/../lib/gcc/riscv-none-embed/8.2.0/../../../../riscv-none-embed/lib/rv32imacxw/ilp32/libnosys.a(read.o)
                                         0x24 (size before relaxing)

.stabstr        0x0000000000000000      0x117
 .stabstr       0x0000000000000000      0x117 /Applications/MounRiver Studio 2.app/Contents/Resources/app/resources/darwin/components/WCH/Toolchain/RISC-V Embedded GCC/bin/../lib/gcc/riscv-none-embed/8.2.0/../../../../riscv-none-embed/lib/rv32imacxw/ilp32/libnosys.a(close.o)
