Archive member included to satisfy reference by file (symbol)

/Applications/MounRiver Studio 2.app/Contents/Resources/app/resources/darwin/components/WCH/Toolchain/RISC-V Embedded GCC/bin/../lib/gcc/riscv-none-embed/8.2.0/rv32imacxw/ilp32/libgcc.a(save-restore.o)
                              ./User/uart_protocol.o (__riscv_save_12)
/Applications/MounRiver Studio 2.app/Contents/Resources/app/resources/darwin/components/WCH/Toolchain/RISC-V Embedded GCC/bin/../lib/gcc/riscv-none-embed/8.2.0/../../../../riscv-none-embed/lib/rv32imacxw/ilp32/libg_nano.a(lib_a-memcpy.o)
                              ./User/param_store.o (memcpy)
/Applications/MounRiver Studio 2.app/Contents/Resources/app/resources/darwin/components/WCH/Toolchain/RISC-V Embedded GCC/bin/../lib/gcc/riscv-none-embed/8.2.0/../../../../riscv-none-embed/lib/rv32imacxw/ilp32/libg_nano.a(lib_a-memset.o)
                              ./User/main.o (memset)
/Applications/MounRiver Studio 2.app/Contents/Resources/app/resources/darwin/components/WCH/Toolchain/RISC-V Embedded GCC/bin/../lib/gcc/riscv-none-embed/8.2.0/../../../../riscv-none-embed/lib/rv32imacxw/ilp32/libg_nano.a(lib_a-printf.o)
                              ./User/main.o (printf)
/Applications/MounRiver Studio 2.app/Contents/Resources/app/resources/darwin/components/WCH/Toolchain/RISC-V Embedded GCC/bin/../lib/gcc/riscv-none-embed/8.2.0/../../../../riscv-none-embed/lib/rv32imacxw/ilp32/libg_nano.a(lib_a-puts.o)
                              ./User/main.o (puts)
/Applications/MounRiver Studio 2.app/Contents/Resources/app/resources/darwin/components/WCH/Toolchain/RISC-V Embedded GCC/bin/../lib/gcc/riscv-none-embed/8.2.0/../../../../riscv-none-embed/lib/rv32imacxw/ilp32/libg_nano.a(lib_a-wbuf.o)
                              /Applications/MounRiver Studio 2.app/Contents/Resources/app/resources/darwin/components/WCH/Toolchain/RISC-V Embedded GCC/bin/../lib/gcc/riscv-none-embed/8.2.0/../../../../riscv-none-embed/lib/rv32imacxw/ilp32/libg_nano.a(lib_a-puts.o) (__swbuf_r)
/Applications/MounRiver Studio 2.app/Contents/Resources/app/resources/darwin/components/WCH/Toolchain/RISC-V Embedded GCC/bin/../lib/gcc/riscv-none-embed/8.2.0/../../../../riscv-none-embed/lib/rv32imacxw/ilp32/libg_nano.a(lib_a-wsetup.o)
                              /Applications/MounRiver Studio 2.app/Contents/Resources/app/resources/darwin/components/WCH/Toolchain/RISC-V Embedded GCC/bin/../lib/gcc/riscv-none-embed/8.2.0/../../../../riscv-none-embed/lib/rv32imacxw/ilp32/libg_nano.a(lib_a-puts.o) (__swsetup_r)
/Applications/MounRiver Studio 2.app/Contents/Resources/app/resources/darwin/components/WCH/Toolchain/RISC-V Embedded GCC/bin/../lib/gcc/riscv-none-embed/8.2.0/../../../../riscv-none-embed/lib/rv32imacxw/ilp32/libg_nano.a(lib_a-fflush.o)
                              /Applications/MounRiver Studio 2.app/Contents/Resources/app/resources/darwin/components/WCH/Toolchain/RISC-V Embedded GCC/bin/../lib/gcc/riscv-none-embed/8.2.0/../../../../riscv-none-embed/lib/rv32imacxw/ilp32/libg_nano.a(lib_a-wbuf.o) (_fflush_r)
/Applications/MounRiver Studio 2.app/Contents/Resources/app/resources/darwin/components/WCH/Toolchain/RISC-V Embedded GCC/bin/../lib/gcc/riscv-none-embed/8.2.0/../../../../riscv-none-embed/lib/rv32imacxw/ilp32/libg_nano.a(lib_a-findfp.o)
                              /Applications/MounRiver Studio 2.app/Contents/Resources/app/resources/darwin/components/WCH/Toolchain/RISC-V Embedded GCC/bin/../lib/gcc/riscv-none-embed/8.2.0/../../../../riscv-none-embed/lib/rv32imacxw/ilp32/libg_nano.a(lib_a-printf.o) (__sinit)
/Applications/MounRiver Studio 2.app/Contents/Resources/app/resources/darwin/components/WCH/Toolchain/RISC-V Embedded GCC/bin/../lib/gcc/riscv-none-embed/8.2.0/../../../../riscv-none-embed/lib/rv32imacxw/ilp32/libg_nano.a(lib_a-fwalk.o)
                              /Applications/MounRiver Studio 2.app/Contents/Resources/app/resources/darwin/components/WCH/Toolchain/RISC-V Embedded GCC/bin/../lib/gcc/riscv-none-embed/8.2.0/../../../../riscv-none-embed/lib/rv32imacxw/ilp32/libg_nano.a(lib_a-findfp.o) (_fwalk)
/Applications/MounRiver Studio 2.app/Contents/Resources/app/resources/darwin/components/WCH/Toolchain/RISC-V Embedded GCC/bin/../lib/gcc/riscv-none-embed/8.2.0/../../../../riscv-none-embed/lib/rv32imacxw/ilp32/libg_nano.a(lib_a-impure.o)
                              /Applications/MounRiver Studio 2.app/Contents/Resources/app/resources/darwin/components/WCH/Toolchain/RISC-V Embedded GCC/bin/../lib/gcc/riscv-none-embed/8.2.0/../../../../riscv-none-embed/lib/rv32imacxw/ilp32/libg_nano.a(lib_a-fflush.o) (_global_impure_ptr)
/Applications/MounRiver Studio 2.app/Contents/Resources/app/resources/darwin/components/WCH/Toolchain/RISC-V Embedded GCC/bin/../lib/gcc/riscv-none-embed/8.2.0/../../../../riscv-none-embed/lib/rv32imacxw/ilp32/libg_nano.a(lib_a-makebuf.o)
[...]
Memory Configuration

Name             Origin             Length             Attributes
FLASH            0x0000000000000000 0x0000000000010000 xr
RAM              0x0000000020000000 0x0000000000005000 xrw
*default*        0x0000000000000000 0xffffffffffffffff

Linker script and memory map

LOAD ./User/ch32v20x_it.o
LOAD ./User/main.o
LOAD ./User/param_store.o
LOAD ./User/param_table.o
LOAD ./User/param_test.o
LOAD ./User/system_ch32v20x.o
LOAD ./User/uart_protocol.o
LOAD ./User/uart_protocol_handlers.o
LOAD ./Startup/startup_ch32v20x_D6.o
LOAD ./Peripheral/src/ch32v20x_adc.o
LOAD ./Peripheral/src/ch32v20x_bkp.o
LOAD ./Peripheral/src/ch32v20x_can.o
LOAD ./Peripheral/src/ch32v20x_crc.o
LOAD ./Peripheral/src/ch32v20x_dbgmcu.o
LOAD ./Peripheral/src/ch32v20x_dma.o
LOAD ./Peripheral/src/ch32v20x_exti.o
LOAD ./Peripheral/src/ch32v20x_flash.o
LOAD ./Peripheral/src/ch32v20x_gpio.o
LOAD ./Peripheral/src/ch32v20x_i2c.o
LOAD ./Peripheral/src/ch32v20x_iwdg.o
LOAD ./Peripheral/src/ch32v20x_misc.o
LOAD ./Peripheral/src/ch32v20x_opa.o
LOAD ./Peripheral/src/ch32v20x_pwr.o
LOAD ./Peripheral/src/ch32v20x_rcc.o
LOAD ./Peripheral/src/ch32v20x_rtc.o
LOAD ./Peripheral/src/ch32v20x_spi.o
LOAD ./Peripheral/src/ch32v20x_tim.o
LOAD ./Peripheral/src/ch32v20x_usart.o
LOAD ./Peripheral/src/ch32v20x_wwdg.o
LOAD ./Debug/debug.o
LOAD ./Core/core_riscv.o
LOAD /Applications/MounRiver Studio 2.app/Contents/Resources/app/resources/darwin/components/WCH/Toolchain/RISC-V Embedded GCC/bin/../lib/gcc/riscv-none-embed/8.2.0/rv32imacxw/ilp32/libgcc.a
LOAD /Applications/MounRiver Studio 2.app/Contents/Resources/app/resources/darwin/components/WCH/Toolchain/RISC-V Embedded GCC/bin/../lib/gcc/riscv-none-embed/8.2.0/../../../../riscv-none-embed/lib/rv32imacxw/ilp32/libg_nano.a
LOAD /Applications/MounRiver Studio 2.app/Contents/Resources/app/resources/darwin/components/WCH/Toolchain/RISC-V Embedded GCC/bin/../lib/gcc/riscv-none-embed/8.2.0/../../../../riscv-none-embed/lib/rv32imacxw/ilp32/libc_nano.a
LOAD /Applications/MounRiver Studio 2.app/Contents/Resources/app/resources/darwin/components/WCH/Toolchain/RISC-V Embedded GCC/bin/../lib/gcc/riscv-none-embed/8.2.0/rv32imacxw/ilp32/libgcc.a
START GROUP
LOAD /Applications/MounRiver Studio 2.app/Contents/Resources/app/resources/darwin/components/WCH/Toolchain/RISC-V Embedded GCC/bin/../lib/gcc/riscv-none-embed/8.2.0/rv32imacxw/ilp32/libgcc.a
LOAD /Applications/MounRiver Studio 2.app/Contents/Resources/app/resources/darwin/components/WCH/Toolchain/RISC-V Embedded GCC/bin/../lib/gcc/riscv-none-embed/8.2.0/../../../../riscv-none-embed/lib/rv32imacxw/ilp32/libc_nano.a
LOAD /Applications/MounRiver Studio 2.app/Contents/Resources/app/resources/darwin/components/WCH/Toolchain/RISC-V Embedded GCC/bin/../lib/gcc/riscv-none-embed/8.2.0/../../../../riscv-none-embed/lib/rv32imacxw/ilp32/libnosys.a
END GROUP
START GROUP
LOAD /Applications/MounRiver Studio 2.app/Contents/Resources/app/resources/darwin/components/WCH/Toolchain/RISC-V Embedded GCC/bin/../lib/gcc/riscv-none-embed/8.2.0/rv32imacxw/ilp32/libgcc.a
LOAD /Applications/MounRiver Studio 2.app/Contents/Resources/app/resources/darwin/components/WCH/Toolchain/RISC-V Embedded GCC/bin/../lib/gcc/riscv-none-embed/8.2.0/../../../../riscv-none-embed/lib/rv32imacxw/ilp32/libc_nano.a
LOAD /Applications/MounRiver Studio 2.app/Contents/Resources/app/resources/darwin/components/WCH/Toolchain/RISC-V Embedded GCC/bin/../lib/gcc/riscv-none-embed/8.2.0/../../../../riscv-none-embed/lib/rv32imacxw/ilp32/libnosys.a
END GROUP
                0x0000000000000800                __stack_size = 0x800
                [!provide]                        PROVIDE (_stack_size = __stack_size)

.init           0x0000000000000000        0x4
                0x0000000000000000                _sinit = .
                0x0000000000000000                . = ALIGN (0x4)
 *(SORT_NONE(.init))
 .init          0x0000000000000000        0x4 ./Startup/startup_ch32v20x_D6.o
                0x0000000000000000                _start
                0x0000000000000004                . = ALIGN (0x4)
                0x0000000000000004                _einit = .

.vector         0x0000000000000004       0xfc
 *(.vector)
 .vector        0x0000000000000004       0xfc ./Startup/startup_ch32v20x_D6.o
                0x0000000000000100                . = ALIGN (0x40)

.text           0x0000000000000100     0x402c
                0x0000000000000100                . = ALIGN (0x4)
 *(.text)
 .text          0x0000000000000100       0x60 /Applications/MounRiver Studio 2.app/Contents/Resources/app/resources/darwin/components/WCH/Toolchain/RISC-V Embedded GCC/bin/../lib/gcc/riscv-none-embed/8.2.0/rv32imacxw/ilp32/libgcc.a(save-restore.o)
                0x0000000000000100                __riscv_save_12
                0x0000000000000108                __riscv_save_10
                0x0000000000000108                __riscv_save_8
                0x0000000000000108                __riscv_save_11
                0x0000000000000108                __riscv_save_9
                0x0000000000000116                __riscv_save_4
                0x0000000000000116                __riscv_save_7
                0x0000000000000116                __riscv_save_6
                0x0000000000000116                __riscv_save_5
                0x0000000000000130                __riscv_save_3
                0x0000000000000130                __riscv_save_2
                0x0000000000000130                __riscv_save_0
                0x0000000000000130                __riscv_save_1
                0x000000000000013c                __riscv_restore_12
                0x0000000000000140                __riscv_restore_8
                0x0000000000000140                __riscv_restore_10
                0x0000000000000140                __riscv_restore_9
                0x0000000000000140                __riscv_restore_11
                0x000000000000014a                __riscv_restore_5
                0x000000000000014a                __riscv_restore_7
                0x000000000000014a                __riscv_restore_4
                0x000000000000014a                __riscv_restore_6
                0x0000000000000154                __riscv_restore_3
                0x0000000000000154                __riscv_restore_1
                0x0000000000000154                __riscv_restore_0
                0x0000000000000154                __riscv_restore_2
 .text          0x0000000000000160       0xa8 /Applications/MounRiver Studio 2.app/Contents/Resources/app/resources/darwin/components/WCH/Toolchain/RISC-V Embedded GCC/bin/../lib/gcc/riscv-none-embed/8.2.0/../../../../riscv-none-embed/lib/rv32imacxw/ilp32/libg_nano.a(lib_a-memset.o)
                0x0000000000000160                memset
 *(.text.*)
 .text.NMI_Handler
                0x0000000000000208        0x2 ./User/ch32v20x_it.o
                0x0000000000000208                NMI_Handler
 .text.HardFault_Handler
                0x000000000000020a       0x10 ./User/ch32v20x_it.o
                0x000000000000020a                HardFault_Handler
 .text.GPIO_Config
                0x000000000000021a      0x104 ./User/main.o
                0x000000000000021a                GPIO_Config
 .text.UART2_Config
                0x000000000000031e       0xae ./User/main.o
                0x000000000000031e                UART2_Config
 .text.Timer2_Config
                0x00000000000003cc       0x60 ./User/main.o
                0x00000000000003cc                Timer2_Config
 .text.Process_UART_Data
                0x000000000000042c       0x1a ./User/main.o
                0x000000000000042c                Process_UART_Data
 .text.USART2_IRQHandler
                0x0000000000000446       0x4c ./User/main.o
                0x0000000000000446                USART2_IRQHandler
 .text.TIM2_IRQHandler
                0x0000000000000492       0x6c ./User/main.o
                0x0000000000000492                TIM2_IRQHandler
 .text.Key_Process
                0x00000000000004fe       0xa0 ./User/main.o
                0x00000000000004fe                Key_Process
 .text.ADC_Config
                0x000000000000059e       0x7c ./User/main.o
                0x000000000000059e                ADC_Config
 .text.startup.main
                0x000000000000061a       0x98 ./User/main.o
                0x000000000000061a                main
 .text.ADC_GetT1Voltage
                0x00000000000006b2       0x5c ./User/main.o
                0x00000000000006b2                ADC_GetT1Voltage
 .text.HandleStartT1Measurement
                0x000000000000070e       0x28 ./User/main.o
                0x000000000000070e                HandleStartT1Measurement
 .text.ProcessStripTypeDetection
                0x0000000000000736       0xa0 ./User/main.o
                0x0000000000000736                ProcessStripTypeDetection
 .text.HandleStripDetected
                0x00000000000007d6       0x1e ./User/main.o
                0x00000000000007d6                HandleStripDetected
 .text.HandleProtocolCommand
                0x00000000000007f4       0x5e ./User/main.o
                0x00000000000007f4                HandleProtocolCommand
 .text.PARAM_LoadActiveBlock
                0x0000000000000852       0x48 ./User/param_store.o
 .text.PARAM_WriteToFlash.part.0
                0x000000000000089a       0x4e ./User/param_store.o
 .text.PARAM_LoadDefaultParams.part.1
                0x00000000000008e8      0x25c ./User/param_store.o
 .text.PARAM_LoadDefaultParams
                0x0000000000000b44       0x48 ./User/param_store.o
 .text.PARAM_Init
                0x0000000000000b8c       0x9c ./User/param_store.o
                0x0000000000000b8c                PARAM_Init
 .text.PARAM_ReadBlock
                0x0000000000000c28       0x56 ./User/param_store.o
                0x0000000000000c28                PARAM_ReadBlock
 .text.PARAM_UpdateBlock
                0x0000000000000c7e      0x164 ./User/param_store.o
                0x0000000000000c7e                PARAM_UpdateBlock
 .text.PARAM_UpdateDateTime
                0x0000000000000de2       0x84 ./User/param_store.o
                0x0000000000000de2                PARAM_UpdateDateTime
 .text.PARAM_GetDateTime
                0x0000000000000e66       0x64 ./User/param_store.o
                0x0000000000000e66                PARAM_GetDateTime
 .text.PARAM_IncreaseTestCount
                0x0000000000000eca       0x28 ./User/param_store.o
                0x0000000000000eca                PARAM_IncreaseTestCount
 .text.PARAM_GetActiveBlockAddr
                0x0000000000000ef2        0x6 ./User/param_store.o
                0x0000000000000ef2                PARAM_GetActiveBlockAddr
 .text.PARAM_GetStripParametersByStripType
                0x0000000000000ef8       0x50 ./User/param_store.o
                0x0000000000000ef8                PARAM_GetStripParametersByStripType
 .text.PARAM_GetMeasurementRangeByStripType
                0x0000000000000f48       0x48 ./User/param_store.o
                0x0000000000000f48                PARAM_GetMeasurementRangeByStripType
 .text.PARAM_GetTimingParametersByStripType
                0x0000000000000f90       0x7c ./User/param_store.o
                0x0000000000000f90                PARAM_GetTimingParametersByStripType
 .text.PARAM_TestAll
                0x000000000000100c      0x608 ./User/param_test.o
                0x000000000000100c                PARAM_TestAll
 .text.SystemInit
                0x0000000000001614       0xa8 ./User/system_ch32v20x.o
                0x0000000000001614                SystemInit
 .text.SystemCoreClockUpdate
                0x00000000000016bc       0x8e ./User/system_ch32v20x.o
                0x00000000000016bc                SystemCoreClockUpdate
 .text.UART_Protocol_Init
                0x000000000000174a       0x3e ./User/uart_protocol.o
                0x000000000000174a                UART_Protocol_Init
 .text.UART_Protocol_CalcChecksum
                0x0000000000001788       0x1c ./User/uart_protocol.o
                0x0000000000001788                UART_Protocol_CalcChecksum
 .text.UART_Protocol_PackFrame
                0x00000000000017a4       0x4a ./User/uart_protocol.o
                0x00000000000017a4                UART_Protocol_PackFrame
 .text.UART_Protocol_SendFrame
                0x00000000000017ee       0x44 ./User/uart_protocol.o
                0x00000000000017ee                UART_Protocol_SendFrame
 .text.UART_Protocol_SendErrorResponse
                0x0000000000001832       0x2e ./User/uart_protocol.o
                0x0000000000001832                UART_Protocol_SendErrorResponse
 .text.UART_Protocol_Parse
                0x0000000000001860       0xee ./User/uart_protocol.o
                0x0000000000001860                UART_Protocol_Parse
 .text.UART_Protocol_HandleSyncTime
                0x000000000000194e       0x66 ./User/uart_protocol_handlers.o
                0x000000000000194e                UART_Protocol_HandleSyncTime
 .text.UART_Protocol_HandleRequestStatus
                0x00000000000019b4       0x6e ./User/uart_protocol_handlers.o
                0x00000000000019b4                UART_Protocol_HandleRequestStatus
 .text.UART_Protocol_HandleSetCodeEvent
                0x0000000000001a22       0x4c ./User/uart_protocol_handlers.o
                0x0000000000001a22                UART_Protocol_HandleSetCodeEvent
 .text.UART_Protocol_SendBloodSampleNotify
                0x0000000000001a6e       0x1c ./User/uart_protocol_handlers.o
                0x0000000000001a6e                UART_Protocol_SendBloodSampleNotify
 .text.UART_Protocol_HandleBloodSampleCheck
                0x0000000000001a8a       0x38 ./User/uart_protocol_handlers.o
                0x0000000000001a8a                UART_Protocol_HandleBloodSampleCheck
 .text.UART_Protocol_SendStatus
                0x0000000000001ac2       0x48 ./User/uart_protocol_handlers.o
                0x0000000000001ac2                UART_Protocol_SendStatus
 .text.UART_Protocol_SendResult
                0x0000000000001b0a       0xa4 ./User/uart_protocol_handlers.o
                0x0000000000001b0a                UART_Protocol_SendResult
 .text.UART_Protocol_HandleRequestResult
                0x0000000000001bae       0x98 ./User/uart_protocol_handlers.o
                0x0000000000001bae                UART_Protocol_HandleRequestResult
 .text.UART_Protocol_SendRawData
                0x0000000000001c46       0x44 ./User/uart_protocol_handlers.o
                0x0000000000001c46                UART_Protocol_SendRawData
 .text.UART_Protocol_HandleRequestRawData
                0x0000000000001c8a       0x42 ./User/uart_protocol_handlers.o
                0x0000000000001c8a                UART_Protocol_HandleRequestRawData
 .text.vector_handler
                0x0000000000001ccc        0x2 ./Startup/startup_ch32v20x_D6.o
                0x0000000000001ccc                USBWakeUp_IRQHandler
                0x0000000000001ccc                TIM1_CC_IRQHandler
                0x0000000000001ccc                SysTick_Handler
                0x0000000000001ccc                PVD_IRQHandler
                0x0000000000001ccc                EXTI3_IRQHandler
                0x0000000000001ccc                USBFS_IRQHandler
                0x0000000000001ccc                EXTI0_IRQHandler
                0x0000000000001ccc                I2C2_EV_IRQHandler
                0x0000000000001ccc                ADC1_2_IRQHandler
                0x0000000000001ccc                Break_Point_Handler
                0x0000000000001ccc                SPI1_IRQHandler
                0x0000000000001ccc                TAMPER_IRQHandler
                0x0000000000001ccc                Ecall_M_Mode_Handler
                0x0000000000001ccc                DMA1_Channel4_IRQHandler
                0x0000000000001ccc                USART3_IRQHandler
                0x0000000000001ccc                RTC_IRQHandler
                0x0000000000001ccc                DMA1_Channel7_IRQHandler
                0x0000000000001ccc                CAN1_RX1_IRQHandler
                0x0000000000001ccc                TIM4_IRQHandler
                0x0000000000001ccc                I2C1_EV_IRQHandler
                0x0000000000001ccc                DMA1_Channel6_IRQHandler
                0x0000000000001ccc                UART4_IRQHandler
                0x0000000000001ccc                TIM3_IRQHandler
                0x0000000000001ccc                RCC_IRQHandler
                0x0000000000001ccc                TIM1_TRG_COM_IRQHandler
                0x0000000000001ccc                DMA1_Channel1_IRQHandler
                0x0000000000001ccc                EXTI15_10_IRQHandler
                0x0000000000001ccc                DMA1_Channel8_IRQHandler
                0x0000000000001ccc                EXTI9_5_IRQHandler
                0x0000000000001ccc                SPI2_IRQHandler
                0x0000000000001ccc                DMA1_Channel5_IRQHandler
                0x0000000000001ccc                EXTI4_IRQHandler
                0x0000000000001ccc                USB_LP_CAN1_RX0_IRQHandler
                0x0000000000001ccc                USB_HP_CAN1_TX_IRQHandler
                0x0000000000001ccc                DMA1_Channel3_IRQHandler
                0x0000000000001ccc                TIM1_UP_IRQHandler
                0x0000000000001ccc                WWDG_IRQHandler
                0x0000000000001ccc                Ecall_U_Mode_Handler
                0x0000000000001ccc                SW_Handler
                0x0000000000001ccc                TIM1_BRK_IRQHandler
                0x0000000000001ccc                EXTI1_IRQHandler
                0x0000000000001ccc                RTCAlarm_IRQHandler
                0x0000000000001ccc                I2C2_ER_IRQHandler
                0x0000000000001ccc                DMA1_Channel2_IRQHandler
                0x0000000000001ccc                CAN1_SCE_IRQHandler
                0x0000000000001ccc                FLASH_IRQHandler
                0x0000000000001ccc                USBFSWakeUp_IRQHandler
                0x0000000000001ccc                USART1_IRQHandler
                0x0000000000001ccc                I2C1_ER_IRQHandler
                0x0000000000001ccc                EXTI2_IRQHandler
 .text.handle_reset
                0x0000000000001cce       0x86 ./Startup/startup_ch32v20x_D6.o
                0x0000000000001cce                handle_reset
 .text.ADC_Init
                0x0000000000001d54       0x56 ./Peripheral/src/ch32v20x_adc.o
                0x0000000000001d54                ADC_Init
 .text.ADC_Cmd  0x0000000000001daa       0x10 ./Peripheral/src/ch32v20x_adc.o
                0x0000000000001daa                ADC_Cmd
 .text.ADC_ResetCalibration
                0x0000000000001dba        0xa ./Peripheral/src/ch32v20x_adc.o
                0x0000000000001dba                ADC_ResetCalibration
 .text.ADC_GetResetCalibrationStatus
                0x0000000000001dc4        0x8 ./Peripheral/src/ch32v20x_adc.o
                0x0000000000001dc4                ADC_GetResetCalibrationStatus
 .text.ADC_StartCalibration
                0x0000000000001dcc        0xa ./Peripheral/src/ch32v20x_adc.o
                0x0000000000001dcc                ADC_StartCalibration
 .text.ADC_GetCalibrationStatus
                0x0000000000001dd6        0x8 ./Peripheral/src/ch32v20x_adc.o
                0x0000000000001dd6                ADC_GetCalibrationStatus
 .text.ADC_SoftwareStartConvCmd
                0x0000000000001dde       0x18 ./Peripheral/src/ch32v20x_adc.o
                0x0000000000001dde                ADC_SoftwareStartConvCmd
 .text.ADC_RegularChannelConfig
                0x0000000000001df6       0xb8 ./Peripheral/src/ch32v20x_adc.o
                0x0000000000001df6                ADC_RegularChannelConfig
 .text.ADC_GetConversionValue
                0x0000000000001eae        0x8 ./Peripheral/src/ch32v20x_adc.o
                0x0000000000001eae                ADC_GetConversionValue
 .text.ADC_GetFlagStatus
                0x0000000000001eb6        0xa ./Peripheral/src/ch32v20x_adc.o
                0x0000000000001eb6                ADC_GetFlagStatus
 .text.DBGMCU_GetCHIPID
                0x0000000000001ec0        0xa ./Peripheral/src/ch32v20x_dbgmcu.o
                0x0000000000001ec0                DBGMCU_GetCHIPID
 .text.FLASH_Unlock
                0x0000000000001eca       0x1a ./Peripheral/src/ch32v20x_flash.o
                0x0000000000001eca                FLASH_Unlock
 .text.FLASH_Lock
                0x0000000000001ee4        0xe ./Peripheral/src/ch32v20x_flash.o
                0x0000000000001ee4                FLASH_Lock
 .text.FLASH_GetBank1Status
                0x0000000000001ef2       0x18 ./Peripheral/src/ch32v20x_flash.o
                0x0000000000001ef2                FLASH_GetBank1Status
 .text.FLASH_WaitForLastOperation
                0x0000000000001f0a       0x20 ./Peripheral/src/ch32v20x_flash.o
                0x0000000000001f0a                FLASH_WaitForLastOperation
 .text.FLASH_ErasePage
                0x0000000000001f2a       0x38 ./Peripheral/src/ch32v20x_flash.o
                0x0000000000001f2a                FLASH_ErasePage
 .text.FLASH_ProgramHalfWord
                0x0000000000001f62       0x34 ./Peripheral/src/ch32v20x_flash.o
                0x0000000000001f62                FLASH_ProgramHalfWord
 .text.GPIO_Init
                0x0000000000001f96       0xf2 ./Peripheral/src/ch32v20x_gpio.o
                0x0000000000001f96                GPIO_Init
 .text.GPIO_ReadInputDataBit
                0x0000000000002088       0x1a ./Peripheral/src/ch32v20x_gpio.o
                0x0000000000002088                GPIO_ReadInputDataBit
 .text.GPIO_ReadOutputDataBit
                0x00000000000020a2       0x1a ./Peripheral/src/ch32v20x_gpio.o
                0x00000000000020a2                GPIO_ReadOutputDataBit
 .text.GPIO_SetBits
                0x00000000000020bc       0x14 ./Peripheral/src/ch32v20x_gpio.o
                0x00000000000020bc                GPIO_SetBits
 .text.GPIO_ResetBits
                0x00000000000020d0       0x14 ./Peripheral/src/ch32v20x_gpio.o
                0x00000000000020d0                GPIO_ResetBits
 .text.NVIC_PriorityGroupConfig
                0x00000000000020e4        0x6 ./Peripheral/src/ch32v20x_misc.o
                0x00000000000020e4                NVIC_PriorityGroupConfig
 .text.NVIC_Init
                0x00000000000020ea       0x54 ./Peripheral/src/ch32v20x_misc.o
                0x00000000000020ea                NVIC_Init
 .text.RCC_ADCCLKConfig
                0x000000000000213e       0x12 ./Peripheral/src/ch32v20x_rcc.o
                0x000000000000213e                RCC_ADCCLKConfig
 .text.RCC_GetClocksFreq
                0x0000000000002150       0xbe ./Peripheral/src/ch32v20x_rcc.o
                0x0000000000002150                RCC_GetClocksFreq
 .text.RCC_APB2PeriphClockCmd
                0x000000000000220e       0x1e ./Peripheral/src/ch32v20x_rcc.o
                0x000000000000220e                RCC_APB2PeriphClockCmd
 .text.RCC_APB1PeriphClockCmd
                0x000000000000222c       0x1e ./Peripheral/src/ch32v20x_rcc.o
                0x000000000000222c                RCC_APB1PeriphClockCmd
 .text.TIM_TimeBaseInit
                0x000000000000224a       0x6a ./Peripheral/src/ch32v20x_tim.o
                0x000000000000224a                TIM_TimeBaseInit
 .text.TIM_Cmd  0x00000000000022b4       0x18 ./Peripheral/src/ch32v20x_tim.o
                0x00000000000022b4                TIM_Cmd
 .text.TIM_ITConfig
                0x00000000000022cc       0x12 ./Peripheral/src/ch32v20x_tim.o
                0x00000000000022cc                TIM_ITConfig
 .text.TIM_GetITStatus
                0x00000000000022de       0x18 ./Peripheral/src/ch32v20x_tim.o
                0x00000000000022de                TIM_GetITStatus
 .text.TIM_ClearITPendingBit
                0x00000000000022f6        0xc ./Peripheral/src/ch32v20x_tim.o
                0x00000000000022f6                TIM_ClearITPendingBit
 .text.USART_Init
                0x0000000000002302       0x90 ./Peripheral/src/ch32v20x_usart.o
                0x0000000000002302                USART_Init
 .text.USART_Cmd
                0x0000000000002392       0x16 ./Peripheral/src/ch32v20x_usart.o
                0x0000000000002392                USART_Cmd
 .text.USART_ITConfig
                0x00000000000023a8       0x36 ./Peripheral/src/ch32v20x_usart.o
                0x00000000000023a8                USART_ITConfig
 .text.USART_SendData
                0x00000000000023de        0x8 ./Peripheral/src/ch32v20x_usart.o
                0x00000000000023de                USART_SendData
 .text.USART_ReceiveData
                0x00000000000023e6        0x8 ./Peripheral/src/ch32v20x_usart.o
                0x00000000000023e6                USART_ReceiveData
 .text.USART_GetFlagStatus
                0x00000000000023ee        0xa ./Peripheral/src/ch32v20x_usart.o
                0x00000000000023ee                USART_GetFlagStatus
 .text.USART_GetITStatus
                0x00000000000023f8       0x3c ./Peripheral/src/ch32v20x_usart.o
                0x00000000000023f8                USART_GetITStatus
 .text.USART_ClearITPendingBit
                0x0000000000002434       0x14 ./Peripheral/src/ch32v20x_usart.o
                0x0000000000002434                USART_ClearITPendingBit
 .text.Delay_Init
                0x0000000000002448       0x2a ./Debug/debug.o
                0x0000000000002448                Delay_Init
 .text.Delay_Ms
                0x0000000000002472       0x36 ./Debug/debug.o
                0x0000000000002472                Delay_Ms
 .text.USART_Printf_Init
                0x00000000000024a8       0x5a ./Debug/debug.o
                0x00000000000024a8                USART_Printf_Init
 .text._write   0x0000000000002502       0x3e ./Debug/debug.o
                0x0000000000002502                _write
 .text._sbrk    0x0000000000002540       0x26 ./Debug/debug.o
                0x0000000000002540                _sbrk
 .text.memcpy   0x0000000000002566       0xb2 /Applications/MounRiver Studio 2.app/Contents/Resources/app/resources/darwin/components/WCH/Toolchain/RISC-V Embedded GCC/bin/../lib/gcc/riscv-none-embed/8.2.0/../../../../riscv-none-embed/lib/rv32imacxw/ilp32/libg_nano.a(lib_a-memcpy.o)
                0x0000000000002566                memcpy
 .text.printf   0x0000000000002618       0x40 /Applications/MounRiver Studio 2.app/Contents/Resources/app/resources/darwin/components/WCH/Toolchain/RISC-V Embedded GCC/bin/../lib/gcc/riscv-none-embed/8.2.0/../../../../riscv-none-embed/lib/rv32imacxw/ilp32/libg_nano.a(lib_a-printf.o)
                0x0000000000002618                printf
                0x0000000000002618                iprintf
 .text._puts_r  0x0000000000002658       0xd4 /Applications/MounRiver Studio 2.app/Contents/Resources/app/resources/darwin/components/WCH/Toolchain/RISC-V Embedded GCC/bin/../lib/gcc/riscv-none-embed/8.2.0/../../../../riscv-none-embed/lib/rv32imacxw/ilp32/libg_nano.a(lib_a-puts.o)
                0x0000000000002658                _puts_r
 .text.puts     0x000000000000272c        0xc /Applications/MounRiver Studio 2.app/Contents/Resources/app/resources/darwin/components/WCH/Toolchain/RISC-V Embedded GCC/bin/../lib/gcc/riscv-none-embed/8.2.0/../../../../riscv-none-embed/lib/rv32imacxw/ilp32/libg_nano.a(lib_a-puts.o)
                0x000000000000272c                puts
 .text.__swbuf_r
                0x0000000000002738       0xbc /Applications/MounRiver Studio 2.app/Contents/Resources/app/resources/darwin/components/WCH/Toolchain/RISC-V Embedded GCC/bin/../lib/gcc/riscv-none-embed/8.2.0/../../../../riscv-none-embed/lib/rv32imacxw/ilp32/libg_nano.a(lib_a-wbuf.o)
                0x0000000000002738                __swbuf_r
 .text.__swsetup_r
                0x00000000000027f4       0xfc /Applications/MounRiver Studio 2.app/Contents/Resources/app/resources/darwin/components/WCH/Toolchain/RISC-V Embedded GCC/bin/../lib/gcc/riscv-none-embed/8.2.0/../../../../riscv-none-embed/lib/rv32imacxw/ilp32/libg_nano.a(lib_a-wsetup.o)
                0x00000000000027f4                __swsetup_r
 .text.__sflush_r
                0x00000000000028f0      0x130 /Applications/MounRiver Studio 2.app/Contents/Resources/app/resources/darwin/components/WCH/Toolchain/RISC-V Embedded GCC/bin/../lib/gcc/riscv-none-embed/8.2.0/../../../../riscv-none-embed/lib/rv32imacxw/ilp32/libg_nano.a(lib_a-fflush.o)
                0x00000000000028f0                __sflush_r
 .text._fflush_r
                0x0000000000002a20       0x66 /Applications/MounRiver Studio 2.app/Contents/Resources/app/resources/darwin/components/WCH/Toolchain/RISC-V Embedded GCC/bin/../lib/gcc/riscv-none-embed/8.2.0/../../../../riscv-none-embed/lib/rv32imacxw/ilp32/libg_nano.a(lib_a-fflush.o)
                0x0000000000002a20                _fflush_r
 .text.std      0x0000000000002a86       0x66 /Applications/MounRiver Studio 2.app/Contents/Resources/app/resources/darwin/components/WCH/Toolchain/RISC-V Embedded GCC/bin/../lib/gcc/riscv-none-embed/8.2.0/../../../../riscv-none-embed/lib/rv32imacxw/ilp32/libg_nano.a(lib_a-findfp.o)
 .text._cleanup_r
                0x0000000000002aec        0xa /Applications/MounRiver Studio 2.app/Contents/Resources/app/resources/darwin/components/WCH/Toolchain/RISC-V Embedded GCC/bin/../lib/gcc/riscv-none-embed/8.2.0/../../../../riscv-none-embed/lib/rv32imacxw/ilp32/libg_nano.a(lib_a-findfp.o)
                0x0000000000002aec                _cleanup_r
 .text.__sfmoreglue
                0x0000000000002af6       0x46 /Applications/MounRiver Studio 2.app/Contents/Resources/app/resources/darwin/components/WCH/Toolchain/RISC-V Embedded GCC/bin/../lib/gcc/riscv-none-embed/8.2.0/../../../../riscv-none-embed/lib/rv32imacxw/ilp32/libg_nano.a(lib_a-findfp.o)
                0x0000000000002af6                __sfmoreglue
 .text.__sinit  0x0000000000002b3c       0x6c /Applications/MounRiver Studio 2.app/Contents/Resources/app/resources/darwin/components/WCH/Toolchain/RISC-V Embedded GCC/bin/../lib/gcc/riscv-none-embed/8.2.0/../../../../riscv-none-embed/lib/rv32imacxw/ilp32/libg_nano.a(lib_a-findfp.o)
                0x0000000000002b3c                __sinit
 .text.__sfp    0x0000000000002ba8       0xa0 /Applications/MounRiver Studio 2.app/Contents/Resources/app/resources/darwin/components/WCH/Toolchain/RISC-V Embedded GCC/bin/../lib/gcc/riscv-none-embed/8.2.0/../../../../riscv-none-embed/lib/rv32imacxw/ilp32/libg_nano.a(lib_a-findfp.o)
                0x0000000000002ba8                __sfp
 .text._fwalk_reent
                0x0000000000002c48       0x6a /Applications/MounRiver Studio 2.app/Contents/Resources/app/resources/darwin/components/WCH/Toolchain/RISC-V Embedded GCC/bin/../lib/gcc/riscv-none-embed/8.2.0/../../../../riscv-none-embed/lib/rv32imacxw/ilp32/libg_nano.a(lib_a-fwalk.o)
                0x0000000000002c48                _fwalk_reent
 .text.__swhatbuf_r
                0x0000000000002cb2       0x58 /Applications/MounRiver Studio 2.app/Contents/Resources/app/resources/darwin/components/WCH/Toolchain/RISC-V Embedded GCC/bin/../lib/gcc/riscv-none-embed/8.2.0/../../../../riscv-none-embed/lib/rv32imacxw/ilp32/libg_nano.a(lib_a-makebuf.o)
                0x0000000000002cb2                __swhatbuf_r
 .text.__smakebuf_r
                0x0000000000002d0a       0x92 /Applications/MounRiver Studio 2.app/Contents/Resources/app/resources/darwin/components/WCH/Toolchain/RISC-V Embedded GCC/bin/../lib/gcc/riscv-none-embed/8.2.0/../../../../riscv-none-embed/lib/rv32imacxw/ilp32/libg_nano.a(lib_a-makebuf.o)
                0x0000000000002d0a                __smakebuf_r
 .text._free_r  0x0000000000002d9c       0xa8 /Applications/MounRiver Studio 2.app/Contents/Resources/app/resources/darwin/components/WCH/Toolchain/RISC-V Embedded GCC/bin/../lib/gcc/riscv-none-embed/8.2.0/../../../../riscv-none-embed/lib/rv32imacxw/ilp32/libg_nano.a(lib_a-nano-freer.o)
                0x0000000000002d9c                _free_r
 .text._malloc_r
                0x0000000000002e44       0xd4 /Applications/MounRiver Studio 2.app/Contents/Resources/app/resources/darwin/components/WCH/Toolchain/RISC-V Embedded GCC/bin/../lib/gcc/riscv-none-embed/8.2.0/../../../../riscv-none-embed/lib/rv32imacxw/ilp32/libg_nano.a(lib_a-nano-mallocr.o)
                0x0000000000002e44                _malloc_r
 .text.__sfputc_r
                0x0000000000002f18       0x28 /Applications/MounRiver Studio 2.app/Contents/Resources/app/resources/darwin/components/WCH/Toolchain/RISC-V Embedded GCC/bin/../lib/gcc/riscv-none-embed/8.2.0/../../../../riscv-none-embed/lib/rv32imacxw/ilp32/libg_nano.a(lib_a-nano-vfprintf.o)
 .text.__sfputs_r
                0x0000000000002f40       0x42 /Applications/MounRiver Studio 2.app/Contents/Resources/app/resources/darwin/components/WCH/Toolchain/RISC-V Embedded GCC/bin/../lib/gcc/riscv-none-embed/8.2.0/../../../../riscv-none-embed/lib/rv32imacxw/ilp32/libg_nano.a(lib_a-nano-vfprintf.o)
                0x0000000000002f40                __sfputs_r
 .text._vfprintf_r
                0x0000000000002f82      0x288 /Applications/MounRiver Studio 2.app/Contents/Resources/app/resources/darwin/components/WCH/Toolchain/RISC-V Embedded GCC/bin/../lib/gcc/riscv-none-embed/8.2.0/../../../../riscv-none-embed/lib/rv32imacxw/ilp32/libg_nano.a(lib_a-nano-vfprintf.o)
                0x0000000000002f82                _vfiprintf_r
                0x0000000000002f82                _vfprintf_r
 .text._printf_common
                0x000000000000320a      0x10c /Applications/MounRiver Studio 2.app/Contents/Resources/app/resources/darwin/components/WCH/Toolchain/RISC-V Embedded GCC/bin/../lib/gcc/riscv-none-embed/8.2.0/../../../../riscv-none-embed/lib/rv32imacxw/ilp32/libg_nano.a(lib_a-nano-vfprintf_i.o)
                0x000000000000320a                _printf_common
 .text._printf_i
                0x0000000000003316      0x2a2 /Applications/MounRiver Studio 2.app/Contents/Resources/app/resources/darwin/components/WCH/Toolchain/RISC-V Embedded GCC/bin/../lib/gcc/riscv-none-embed/8.2.0/../../../../riscv-none-embed/lib/rv32imacxw/ilp32/libg_nano.a(lib_a-nano-vfprintf_i.o)
                0x0000000000003316                _printf_i
 .text._sbrk_r  0x00000000000035b8       0x2a /Applications/MounRiver Studio 2.app/Contents/Resources/app/resources/darwin/components/WCH/Toolchain/RISC-V Embedded GCC/bin/../lib/gcc/riscv-none-embed/8.2.0/../../../../riscv-none-embed/lib/rv32imacxw/ilp32/libg_nano.a(lib_a-sbrkr.o)
                0x00000000000035b8                _sbrk_r
 .text.__sread  0x00000000000035e2       0x2c /Applications/MounRiver Studio 2.app/Contents/Resources/app/resources/darwin/components/WCH/Toolchain/RISC-V Embedded GCC/bin/../lib/gcc/riscv-none-embed/8.2.0/../../../../riscv-none-embed/lib/rv32imacxw/ilp32/libg_nano.a(lib_a-stdio.o)
                0x00000000000035e2                __sread
 .text.__swrite
                0x000000000000360e       0x48 /Applications/MounRiver Studio 2.app/Contents/Resources/app/resources/darwin/components/WCH/Toolchain/RISC-V Embedded GCC/bin/../lib/gcc/riscv-none-embed/8.2.0/../../../../riscv-none-embed/lib/rv32imacxw/ilp32/libg_nano.a(lib_a-stdio.o)
                0x000000000000360e                __swrite
 .text.__sseek  0x0000000000003656       0x30 /Applications/MounRiver Studio 2.app/Contents/Resources/app/resources/darwin/components/WCH/Toolchain/RISC-V Embedded GCC/bin/../lib/gcc/riscv-none-embed/8.2.0/../../../../riscv-none-embed/lib/rv32imacxw/ilp32/libg_nano.a(lib_a-stdio.o)
                0x0000000000003656                __sseek
 .text.__sclose
                0x0000000000003686        0x6 /Applications/MounRiver Studio 2.app/Contents/Resources/app/resources/darwin/components/WCH/Toolchain/RISC-V Embedded GCC/bin/../lib/gcc/riscv-none-embed/8.2.0/../../../../riscv-none-embed/lib/rv32imacxw/ilp32/libg_nano.a(lib_a-stdio.o)
                0x0000000000003686                __sclose
 .text._write_r
                0x000000000000368c       0x2e /Applications/MounRiver Studio 2.app/Contents/Resources/app/resources/darwin/components/WCH/Toolchain/RISC-V Embedded GCC/bin/../lib/gcc/riscv-none-embed/8.2.0/../../../../riscv-none-embed/lib/rv32imacxw/ilp32/libg_nano.a(lib_a-writer.o)
                0x000000000000368c                _write_r
 .text._close_r
                0x00000000000036ba       0x28 /Applications/MounRiver Studio 2.app/Contents/Resources/app/resources/darwin/components/WCH/Toolchain/RISC-V Embedded GCC/bin/../lib/gcc/riscv-none-embed/8.2.0/../../../../riscv-none-embed/lib/rv32imacxw/ilp32/libg_nano.a(lib_a-closer.o)
                0x00000000000036ba                _close_r
 .text._fstat_r
                0x00000000000036e2       0x2a /Applications/MounRiver Studio 2.app/Contents/Resources/app/resources/darwin/components/WCH/Toolchain/RISC-V Embedded GCC/bin/../lib/gcc/riscv-none-embed/8.2.0/../../../../riscv-none-embed/lib/rv32imacxw/ilp32/libg_nano.a(lib_a-fstatr.o)
                0x00000000000036e2                _fstat_r
 .text._isatty_r
                0x000000000000370c       0x28 /Applications/MounRiver Studio 2.app/Contents/Resources/app/resources/darwin/components/WCH/Toolchain/RISC-V Embedded GCC/bin/../lib/gcc/riscv-none-embed/8.2.0/../../../../riscv-none-embed/lib/rv32imacxw/ilp32/libg_nano.a(lib_a-isattyr.o)
                0x000000000000370c                _isatty_r
 .text._lseek_r
                0x0000000000003734       0x2c /Applications/MounRiver Studio 2.app/Contents/Resources/app/resources/darwin/components/WCH/Toolchain/RISC-V Embedded GCC/bin/../lib/gcc/riscv-none-embed/8.2.0/../../../../riscv-none-embed/lib/rv32imacxw/ilp32/libg_nano.a(lib_a-lseekr.o)
                0x0000000000003734                _lseek_r
 .text.memchr   0x0000000000003760       0x18 /Applications/MounRiver Studio 2.app/Contents/Resources/app/resources/darwin/components/WCH/Toolchain/RISC-V Embedded GCC/bin/../lib/gcc/riscv-none-embed/8.2.0/../../../../riscv-none-embed/lib/rv32imacxw/ilp32/libg_nano.a(lib_a-memchr.o)
                0x0000000000003760                memchr
 .text.__malloc_lock
                0x0000000000003778        0x2 /Applications/MounRiver Studio 2.app/Contents/Resources/app/resources/darwin/components/WCH/Toolchain/RISC-V Embedded GCC/bin/../lib/gcc/riscv-none-embed/8.2.0/../../../../riscv-none-embed/lib/rv32imacxw/ilp32/libg_nano.a(lib_a-mlock.o)
                0x0000000000003778                __malloc_lock
 .text.__malloc_unlock
                0x000000000000377a        0x2 /Applications/MounRiver Studio 2.app/Contents/Resources/app/resources/darwin/components/WCH/Toolchain/RISC-V Embedded GCC/bin/../lib/gcc/riscv-none-embed/8.2.0/../../../../riscv-none-embed/lib/rv32imacxw/ilp32/libg_nano.a(lib_a-mlock.o)
                0x000000000000377a                __malloc_unlock
 .text._read_r  0x000000000000377c       0x2c /Applications/MounRiver Studio 2.app/Contents/Resources/app/resources/darwin/components/WCH/Toolchain/RISC-V Embedded GCC/bin/../lib/gcc/riscv-none-embed/8.2.0/../../../../riscv-none-embed/lib/rv32imacxw/ilp32/libg_nano.a(lib_a-readr.o)
                0x000000000000377c                _read_r
 .text._close   0x00000000000037a8        0xc /Applications/MounRiver Studio 2.app/Contents/Resources/app/resources/darwin/components/WCH/Toolchain/RISC-V Embedded GCC/bin/../lib/gcc/riscv-none-embed/8.2.0/../../../../riscv-none-embed/lib/rv32imacxw/ilp32/libnosys.a(close.o)
                0x00000000000037a8                _close
 .text._fstat   0x00000000000037b4        0xc /Applications/MounRiver Studio 2.app/Contents/Resources/app/resources/darwin/components/WCH/Toolchain/RISC-V Embedded GCC/bin/../lib/gcc/riscv-none-embed/8.2.0/../../../../riscv-none-embed/lib/rv32imacxw/ilp32/libnosys.a(fstat.o)
                0x00000000000037b4                _fstat
 .text._isatty  0x00000000000037c0        0xc /Applications/MounRiver Studio 2.app/Contents/Resources/app/resources/darwin/components/WCH/Toolchain/RISC-V Embedded GCC/bin/../lib/gcc/riscv-none-embed/8.2.0/../../../../riscv-none-embed/lib/rv32imacxw/ilp32/libnosys.a(isatty.o)
                0x00000000000037c0                _isatty
 .text._lseek   0x00000000000037cc        0xc /Applications/MounRiver Studio 2.app/Contents/Resources/app/resources/darwin/components/WCH/Toolchain/RISC-V Embedded GCC/bin/../lib/gcc/riscv-none-embed/8.2.0/../../../../riscv-none-embed/lib/rv32imacxw/ilp32/libnosys.a(lseek.o)
                0x00000000000037cc                _lseek
 .text._read    0x00000000000037d8        0xc /Applications/MounRiver Studio 2.app/Contents/Resources/app/resources/darwin/components/WCH/Toolchain/RISC-V Embedded GCC/bin/../lib/gcc/riscv-none-embed/8.2.0/../../../../riscv-none-embed/lib/rv32imacxw/ilp32/libnosys.a(read.o)
                0x00000000000037d8                _read
 *(.rodata)
 *(.rodata*)
 .rodata.HandleProtocolCommand
                0x00000000000037e4       0x44 ./User/main.o
 .rodata.Key_Process.str1.4
                0x0000000000003828       0x49 ./User/main.o
 *fill*         0x0000000000003871        0x3 
 .rodata.main.str1.4
                0x0000000000003874       0xa0 ./User/main.o
 .rodata.PARAM_Init.str1.4
                0x0000000000003914       0x70 ./User/param_store.o
 .rodata.PARAM_LoadDefaultParams.part.1.cst4
                0x0000000000003984        0x4 ./User/param_store.o
 .rodata.PARAM_TestAll.str1.4
                0x0000000000003988      0x5a0 ./User/param_test.o
 .rodata.UART_Protocol_Init.str1.4
                0x0000000000003f28       0x1b ./User/uart_protocol.o
 *fill*         0x0000000000003f43        0x1 
 .rodata.UART_Protocol_SendErrorResponse.str1.4
                0x0000000000003f44       0x27 ./User/uart_protocol.o
 *fill*         0x0000000000003f6b        0x1 
 .rodata.UART_Protocol_HandleBloodSampleCheck.str1.4
                0x0000000000003f6c       0x2c ./User/uart_protocol_handlers.o
 .rodata.UART_Protocol_HandleRequestRawData.str1.4
                0x0000000000003f98       0x20 ./User/uart_protocol_handlers.o
 .rodata.UART_Protocol_HandleRequestResult.str1.4
                0x0000000000003fb8       0x36 ./User/uart_protocol_handlers.o
 *fill*         0x0000000000003fee        0x2 
 .rodata.UART_Protocol_HandleRequestStatus.cst8
                0x0000000000003ff0        0x8 ./User/uart_protocol_handlers.o
 .rodata.UART_Protocol_HandleRequestStatus.str1.4
                0x0000000000003ff8       0x4b ./User/uart_protocol_handlers.o
 *fill*         0x0000000000004043        0x1 
 .rodata.UART_Protocol_HandleSetCodeEvent.str1.4
                0x0000000000004044       0x1a ./User/uart_protocol_handlers.o
 *fill*         0x000000000000405e        0x2 
 .rodata.UART_Protocol_HandleSyncTime.str1.4
                0x0000000000004060       0x2d ./User/uart_protocol_handlers.o
 *fill*         0x000000000000408d        0x3 
 .rodata.__sf_fake_stderr
                0x0000000000004090       0x20 /Applications/MounRiver Studio 2.app/Contents/Resources/app/resources/darwin/components/WCH/Toolchain/RISC-V Embedded GCC/bin/../lib/gcc/riscv-none-embed/8.2.0/../../../../riscv-none-embed/lib/rv32imacxw/ilp32/libg_nano.a(lib_a-findfp.o)
                0x0000000000004090                __sf_fake_stderr
 .rodata.__sf_fake_stdin
                0x00000000000040b0       0x20 /Applications/MounRiver Studio 2.app/Contents/Resources/app/resources/darwin/components/WCH/Toolchain/RISC-V Embedded GCC/bin/../lib/gcc/riscv-none-embed/8.2.0/../../../../riscv-none-embed/lib/rv32imacxw/ilp32/libg_nano.a(lib_a-findfp.o)
                0x00000000000040b0                __sf_fake_stdin
 .rodata.__sf_fake_stdout
                0x00000000000040d0       0x20 /Applications/MounRiver Studio 2.app/Contents/Resources/app/resources/darwin/components/WCH/Toolchain/RISC-V Embedded GCC/bin/../lib/gcc/riscv-none-embed/8.2.0/../../../../riscv-none-embed/lib/rv32imacxw/ilp32/libg_nano.a(lib_a-findfp.o)
                0x00000000000040d0                __sf_fake_stdout
 .rodata._vfprintf_r.str1.4
                0x00000000000040f0       0x13 /Applications/MounRiver Studio 2.app/Contents/Resources/app/resources/darwin/components/WCH/Toolchain/RISC-V Embedded GCC/bin/../lib/gcc/riscv-none-embed/8.2.0/../../../../riscv-none-embed/lib/rv32imacxw/ilp32/libg_nano.a(lib_a-nano-vfprintf.o)
 *fill*         0x0000000000004103        0x1 
 .rodata._printf_i.str1.4
                0x0000000000004104       0x28 /Applications/MounRiver Studio 2.app/Contents/Resources/app/resources/darwin/components/WCH/Toolchain/RISC-V Embedded GCC/bin/../lib/gcc/riscv-none-embed/8.2.0/../../../../riscv-none-embed/lib/rv32imacxw/ilp32/libg_nano.a(lib_a-nano-vfprintf_i.o)
                                         0x25 (size before relaxing)
 *(.gnu.linkonce.t.*)
                0x000000000000412c                . = ALIGN (0x4)

.rela.dyn       0x000000000000412c        0x0
 .rela.init     0x000000000000412c        0x0 ./User/ch32v20x_it.o
 .rela.vector   0x000000000000412c        0x0 ./User/ch32v20x_it.o
 .rela.text.handle_reset
                0x000000000000412c        0x0 ./User/ch32v20x_it.o
 .rela.text._sbrk
                0x000000000000412c        0x0 ./User/ch32v20x_it.o
 .rela.sdata.curbrk.4652
                0x000000000000412c        0x0 ./User/ch32v20x_it.o
 .rela.text._vfprintf_r
                0x000000000000412c        0x0 ./User/ch32v20x_it.o
 .rela.text._sbrk_r
                0x000000000000412c        0x0 ./User/ch32v20x_it.o
 .rela.text._write_r
                0x000000000000412c        0x0 ./User/ch32v20x_it.o
 .rela.text._close_r
                0x000000000000412c        0x0 ./User/ch32v20x_it.o
 .rela.text._fstat_r
                0x000000000000412c        0x0 ./User/ch32v20x_it.o
 .rela.text._isatty_r
                0x000000000000412c        0x0 ./User/ch32v20x_it.o
 .rela.text._lseek_r
                0x000000000000412c        0x0 ./User/ch32v20x_it.o
 .rela.text._read_r
                0x000000000000412c        0x0 ./User/ch32v20x_it.o
 .rela.text._close
                0x000000000000412c        0x0 ./User/ch32v20x_it.o
 .rela.text._fstat
                0x000000000000412c        0x0 ./User/ch32v20x_it.o
 .rela.text._isatty
                0x000000000000412c        0x0 ./User/ch32v20x_it.o
 .rela.text._lseek
                0x000000000000412c        0x0 ./User/ch32v20x_it.o
 .rela.text._read
                0x000000000000412c        0x0 ./User/ch32v20x_it.o

.fini           0x000000000000412c        0x0
 *(SORT_NONE(.fini))
                0x000000000000412c                . = ALIGN (0x4)
                [!provide]                        PROVIDE (_etext = .)
                [!provide]                        PROVIDE (_eitcm = .)

.preinit_array  0x000000000000412c        0x0
                [!provide]                        PROVIDE (__preinit_array_start = .)
 *(.preinit_array)
                [!provide]                        PROVIDE (__preinit_array_end = .)

.init_array     0x000000000000412c        0x0
                [!provide]                        PROVIDE (__init_array_start = .)
 *(SORT_BY_INIT_PRIORITY(.init_array.*) SORT_BY_INIT_PRIORITY(.ctors.*))
 *(.init_array EXCLUDE_FILE(*crtend?.o *crtend.o *crtbegin?.o *crtbegin.o) .ctors)
                [!provide]                        PROVIDE (__init_array_end = .)

.fini_array     0x000000000000412c        0x0
                [!provide]                        PROVIDE (__fini_array_start = .)
 *(SORT_BY_INIT_PRIORITY(.fini_array.*) SORT_BY_INIT_PRIORITY(.dtors.*))
 *(.fini_array EXCLUDE_FILE(*crtend?.o *crtend.o *crtbegin?.o *crtbegin.o) .dtors)
                [!provide]                        PROVIDE (__fini_array_end = .)

.ctors
 *crtbegin.o(.ctors)
 *crtbegin?.o(.ctors)
 *(EXCLUDE_FILE(*crtend?.o *crtend.o) .ctors)
 *(SORT_BY_NAME(.ctors.*))
 *(.ctors)

.dtors
 *crtbegin.o(.dtors)
 *crtbegin?.o(.dtors)
 *(EXCLUDE_FILE(*crtend?.o *crtend.o) .dtors)
 *(SORT_BY_NAME(.dtors.*))
 *(.dtors)

.dalign         0x0000000020000000        0x0 load address 0x000000000000412c
                0x0000000020000000                . = ALIGN (0x4)
                0x0000000020000000                PROVIDE (_data_vma = .)

.dlalign        0x000000000000412c        0x0
                0x000000000000412c                . = ALIGN (0x4)
                0x000000000000412c                PROVIDE (_data_lma = .)

.data           0x0000000020000000       0xb0 load address 0x000000000000412c
 *(.gnu.linkonce.r.*)
 *(.data .data.*)
 .data.AHBPrescTable
                0x0000000020000000       0x10 ./User/system_ch32v20x.o
                0x0000000020000000                AHBPrescTable
 .data.APBAHBPrescTable
                0x0000000020000010       0x10 ./Peripheral/src/ch32v20x_rcc.o
 .data.impure_data
                0x0000000020000020       0x60 /Applications/MounRiver Studio 2.app/Contents/Resources/app/resources/darwin/components/WCH/Toolchain/RISC-V Embedded GCC/bin/../lib/gcc/riscv-none-embed/8.2.0/../../../../riscv-none-embed/lib/rv32imacxw/ilp32/libg_nano.a(lib_a-impure.o)
 *(.gnu.linkonce.d.*)
                0x0000000020000080                . = ALIGN (0x8)
                0x0000000020000880                PROVIDE (__global_pointer$ = (. + 0x800))
 *(.sdata .sdata.*)
 .sdata.key1_last.5131
                0x0000000020000080        0x1 ./User/main.o
 .sdata.key2_last.5132
                0x0000000020000081        0x1 ./User/main.o
 *fill*         0x0000000020000082        0x2 
 .sdata.SystemCoreClock
                0x0000000020000084        0x4 ./User/system_ch32v20x.o
                0x0000000020000084                SystemCoreClock
 .sdata.simulate_measure_value
                0x0000000020000088        0x2 ./User/uart_protocol_handlers.o
 *fill*         0x000000002000008a        0x2 
 .sdata.ADCPrescTable
                0x000000002000008c        0x4 ./Peripheral/src/ch32v20x_rcc.o
 .sdata.curbrk.4652
                0x0000000020000090        0x4 ./Debug/debug.o
 .sdata._impure_ptr
                0x0000000020000094        0x4 /Applications/MounRiver Studio 2.app/Contents/Resources/app/resources/darwin/components/WCH/Toolchain/RISC-V Embedded GCC/bin/../lib/gcc/riscv-none-embed/8.2.0/../../../../riscv-none-embed/lib/rv32imacxw/ilp32/libg_nano.a(lib_a-impure.o)
                0x0000000020000094                _impure_ptr
 *(.sdata2.*)
 .sdata2.CSWTCH.21
                0x0000000020000098        0x5 ./User/main.o
 *fill*         0x000000002000009d        0x3 
 .sdata2.CSWTCH.18
                0x00000000200000a0        0x5 ./User/param_store.o
 *fill*         0x00000000200000a5        0x3 
 .sdata2._global_impure_ptr
                0x00000000200000a8        0x4 /Applications/MounRiver Studio 2.app/Contents/Resources/app/resources/darwin/components/WCH/Toolchain/RISC-V Embedded GCC/bin/../lib/gcc/riscv-none-embed/8.2.0/../../../../riscv-none-embed/lib/rv32imacxw/ilp32/libg_nano.a(lib_a-impure.o)
                0x00000000200000a8                _global_impure_ptr
 *(.gnu.linkonce.s.*)
                0x00000000200000b0                . = ALIGN (0x8)
 *fill*         0x00000000200000ac        0x4 
 *(.srodata.cst16)
 *(.srodata.cst8)
 *(.srodata.cst4)
 *(.srodata.cst2)
 *(.srodata .srodata.*)
                0x00000000200000b0                . = ALIGN (0x4)
                0x00000000200000b0                PROVIDE (_edata = .)

.bss            0x00000000200000b0      0x240 load address 0x00000000000041dc
                0x00000000200000b0                . = ALIGN (0x4)
                0x00000000200000b0                PROVIDE (_sbss = .)
 *(.sbss*)
 .sbss.counter.5125
                0x00000000200000b0        0x2 ./User/main.o
 .sbss.led_state.5124
                0x00000000200000b2        0x1 ./User/main.o
 *fill*         0x00000000200000b3        0x1 
 .sbss.uart2_rx_len
                0x00000000200000b4        0x2 ./User/main.o
 *fill*         0x00000000200000b6        0x2 
 .sbss.g_activeBlockAddr
                0x00000000200000b8        0x4 ./User/param_store.o
 .sbss.blood_countdown_seconds
                0x00000000200000bc        0x1 ./User/uart_protocol.o
                0x00000000200000bc                blood_countdown_seconds
 .sbss.blood_sampling_active
                0x00000000200000bd        0x1 ./User/uart_protocol.o
                0x00000000200000bd                blood_sampling_active
 *fill*         0x00000000200000be        0x2 
 .sbss.device_status
                0x00000000200000c0        0x8 ./User/uart_protocol.o
                0x00000000200000c0                device_status
 .sbss.frame_cmd_id.4985
                0x00000000200000c8        0x1 ./User/uart_protocol.o
 .sbss.frame_length.4986
                0x00000000200000c9        0x1 ./User/uart_protocol.o
 .sbss.frame_parsing.4984
                0x00000000200000ca        0x1 ./User/uart_protocol.o
 *fill*         0x00000000200000cb        0x1 
 .sbss.measure_param
                0x00000000200000cc        0x4 ./User/uart_protocol.o
                0x00000000200000cc                measure_param
 .sbss.raw_data_length
                0x00000000200000d0        0x2 ./User/uart_protocol.o
                0x00000000200000d0                raw_data_length
 *fill*         0x00000000200000d2        0x2 
 .sbss.rtc_time
                0x00000000200000d4        0x8 ./User/uart_protocol.o
                0x00000000200000d4                rtc_time
 .sbss.rx_index.4983
                0x00000000200000dc        0x1 ./User/uart_protocol.o
 .sbss.MCU_Version
                0x00000000200000dd        0x1 ./Peripheral/src/ch32v20x_gpio.o
                0x00000000200000dd                MCU_Version
 *fill*         0x00000000200000de        0x2 
 .sbss.NVIC_Priority_Group
                0x00000000200000e0        0x4 ./Peripheral/src/ch32v20x_misc.o
                0x00000000200000e0                NVIC_Priority_Group
 .sbss.p_ms     0x00000000200000e4        0x2 ./Debug/debug.o
 .sbss.p_us     0x00000000200000e6        0x1 ./Debug/debug.o
 *fill*         0x00000000200000e7        0x1 
 .sbss.__malloc_free_list
                0x00000000200000e8        0x4 /Applications/MounRiver Studio 2.app/Contents/Resources/app/resources/darwin/components/WCH/Toolchain/RISC-V Embedded GCC/bin/../lib/gcc/riscv-none-embed/8.2.0/../../../../riscv-none-embed/lib/rv32imacxw/ilp32/libg_nano.a(lib_a-nano-mallocr.o)
                0x00000000200000e8                __malloc_free_list
 .sbss.__malloc_sbrk_start
                0x00000000200000ec        0x4 /Applications/MounRiver Studio 2.app/Contents/Resources/app/resources/darwin/components/WCH/Toolchain/RISC-V Embedded GCC/bin/../lib/gcc/riscv-none-embed/8.2.0/../../../../riscv-none-embed/lib/rv32imacxw/ilp32/libg_nano.a(lib_a-nano-mallocr.o)
                0x00000000200000ec                __malloc_sbrk_start
 *(.gnu.linkonce.sb.*)
 *(.bss*)
 .bss.stripInfo
                0x00000000200000f0        0xc ./User/main.o
 .bss.uart2_rx_buf
                0x00000000200000fc       0x80 ./User/main.o
 .bss.g_blockHeaders
                0x000000002000017c       0x54 ./User/param_store.o
 .bss.g_blockOffsets
                0x00000000200001d0       0x10 ./User/param_store.o
 .bss.measure_result
                0x00000000200001e0       0x16 ./User/uart_protocol.o
                0x00000000200001e0                measure_result
 *fill*         0x00000000200001f6        0x2 
 .bss.raw_data  0x00000000200001f8       0x32 ./User/uart_protocol.o
                0x00000000200001f8                raw_data
 *fill*         0x000000002000022a        0x2 
 .bss.rx_buffer.4982
                0x000000002000022c       0x40 ./User/uart_protocol.o
 .bss.tx_buffer
                0x000000002000026c       0x80 ./User/uart_protocol.o
 *(.gnu.linkonce.b.*)
 *(COMMON*)
 COMMON         0x00000000200002ec        0x4 /Applications/MounRiver Studio 2.app/Contents/Resources/app/resources/darwin/components/WCH/Toolchain/RISC-V Embedded GCC/bin/../lib/gcc/riscv-none-embed/8.2.0/../../../../riscv-none-embed/lib/rv32imacxw/ilp32/libg_nano.a(lib_a-reent.o)
                0x00000000200002ec                errno
                0x00000000200002f0                . = ALIGN (0x4)
                0x00000000200002f0                PROVIDE (_ebss = .)
                0x00000000200002f0                PROVIDE (_end = _ebss)
                [!provide]                        PROVIDE (end = .)

.stack          0x0000000020004800      0x800
                0x0000000020004800                PROVIDE (_heap_end = .)
                0x0000000020004800                . = ALIGN (0x4)
                [!provide]                        PROVIDE (_susrstack = .)
                0x0000000020005000                . = (. + __stack_size)
 *fill*         0x0000000020004800      0x800 
                0x0000000020005000                PROVIDE (_eusrstack = .)
OUTPUT(CH32V203G8R6.elf elf32-littleriscv)

.debug_info     0x0000000000000000    0x15224
 .debug_info    0x0000000000000000      0xbb5 ./User/ch32v20x_it.o
 .debug_info    0x0000000000000bb5     0x2b88 ./User/main.o
 .debug_info    0x000000000000373d     0x1b51 ./User/param_store.o
 .debug_info    0x000000000000528e     0x17e8 ./User/param_test.o
 .debug_info    0x0000000000006a76      0xb30 ./User/system_ch32v20x.o
 .debug_info    0x00000000000075a6     0x13bf ./User/uart_protocol.o
 .debug_info    0x0000000000008965     0x103b ./User/uart_protocol_handlers.o
 .debug_info    0x00000000000099a0       0x22 ./Startup/startup_ch32v20x_D6.o
 .debug_info    0x00000000000099c2     0x16eb ./Peripheral/src/ch32v20x_adc.o
 .debug_info    0x000000000000b0ad      0xa89 ./Peripheral/src/ch32v20x_dbgmcu.o
 .debug_info    0x000000000000bb36     0x15d2 ./Peripheral/src/ch32v20x_flash.o
 .debug_info    0x000000000000d108     0x1349 ./Peripheral/src/ch32v20x_gpio.o
 .debug_info    0x000000000000e451      0xe61 ./Peripheral/src/ch32v20x_misc.o
 .debug_info    0x000000000000f2b2     0x1268 ./Peripheral/src/ch32v20x_rcc.o
 .debug_info    0x000000000001051a     0x2ab3 ./Peripheral/src/ch32v20x_tim.o
 .debug_info    0x0000000000012fcd     0x1335 ./Peripheral/src/ch32v20x_usart.o
 .debug_info    0x0000000000014302      0xf22 ./Debug/debug.o

.debug_abbrev   0x0000000000000000     0x3522
 .debug_abbrev  0x0000000000000000      0x22c ./User/ch32v20x_it.o
 .debug_abbrev  0x000000000000022c      0x3d4 ./User/main.o
 .debug_abbrev  0x0000000000000600      0x48e ./User/param_store.o
 .debug_abbrev  0x0000000000000a8e      0x2bf ./User/param_test.o
 .debug_abbrev  0x0000000000000d4d      0x2b0 ./User/system_ch32v20x.o
 .debug_abbrev  0x0000000000000ffd      0x3b4 ./User/uart_protocol.o
 .debug_abbrev  0x00000000000013b1      0x2ab ./User/uart_protocol_handlers.o
 .debug_abbrev  0x000000000000165c       0x12 ./Startup/startup_ch32v20x_D6.o
 .debug_abbrev  0x000000000000166e      0x3a9 ./Peripheral/src/ch32v20x_adc.o
 .debug_abbrev  0x0000000000001a17      0x2f7 ./Peripheral/src/ch32v20x_dbgmcu.o
 .debug_abbrev  0x0000000000001d0e      0x468 ./Peripheral/src/ch32v20x_flash.o
 .debug_abbrev  0x0000000000002176      0x34b ./Peripheral/src/ch32v20x_gpio.o
 .debug_abbrev  0x00000000000024c1      0x2ea ./Peripheral/src/ch32v20x_misc.o
 .debug_abbrev  0x00000000000027ab      0x36b ./Peripheral/src/ch32v20x_rcc.o
 .debug_abbrev  0x0000000000002b16      0x418 ./Peripheral/src/ch32v20x_tim.o
 .debug_abbrev  0x0000000000002f2e      0x312 ./Peripheral/src/ch32v20x_usart.o
 .debug_abbrev  0x0000000000003240      0x2e2 ./Debug/debug.o

.debug_aranges  0x0000000000000000      0xb48
 .debug_aranges
                0x0000000000000000       0x28 ./User/ch32v20x_it.o
 .debug_aranges
                0x0000000000000028       0x90 ./User/main.o
 .debug_aranges
                0x00000000000000b8       0x90 ./User/param_store.o
 .debug_aranges
                0x0000000000000148       0x20 ./User/param_test.o
 .debug_aranges
                0x0000000000000168       0x28 ./User/system_ch32v20x.o
 .debug_aranges
                0x0000000000000190       0x60 ./User/uart_protocol.o
 .debug_aranges
                0x00000000000001f0       0x68 ./User/uart_protocol_handlers.o
 .debug_aranges
                0x0000000000000258       0x30 ./Startup/startup_ch32v20x_D6.o
 .debug_aranges
                0x0000000000000288      0x150 ./Peripheral/src/ch32v20x_adc.o
 .debug_aranges
                0x00000000000003d8       0x48 ./Peripheral/src/ch32v20x_dbgmcu.o
 .debug_aranges
                0x0000000000000420      0x110 ./Peripheral/src/ch32v20x_flash.o
 .debug_aranges
                0x0000000000000530       0xb0 ./Peripheral/src/ch32v20x_gpio.o
 .debug_aranges
                0x00000000000005e0       0x28 ./Peripheral/src/ch32v20x_misc.o
 .debug_aranges
                0x0000000000000608      0x130 ./Peripheral/src/ch32v20x_rcc.o
 .debug_aranges
                0x0000000000000738      0x2d0 ./Peripheral/src/ch32v20x_tim.o
 .debug_aranges
                0x0000000000000a08       0xf0 ./Peripheral/src/ch32v20x_usart.o
 .debug_aranges
                0x0000000000000af8       0x50 ./Debug/debug.o

.debug_ranges   0x0000000000000000      0xcf8
 .debug_ranges  0x0000000000000000       0x18 ./User/ch32v20x_it.o
 .debug_ranges  0x0000000000000018       0x80 ./User/main.o
 .debug_ranges  0x0000000000000098      0x1d0 ./User/param_store.o
 .debug_ranges  0x0000000000000268       0xa0 ./User/param_test.o
 .debug_ranges  0x0000000000000308       0x18 ./User/system_ch32v20x.o
 .debug_ranges  0x0000000000000320       0xb0 ./User/uart_protocol.o
 .debug_ranges  0x00000000000003d0       0x58 ./User/uart_protocol_handlers.o
 .debug_ranges  0x0000000000000428       0x28 ./Startup/startup_ch32v20x_D6.o
 .debug_ranges  0x0000000000000450      0x140 ./Peripheral/src/ch32v20x_adc.o
 .debug_ranges  0x0000000000000590       0x50 ./Peripheral/src/ch32v20x_dbgmcu.o
 .debug_ranges  0x00000000000005e0      0x100 ./Peripheral/src/ch32v20x_flash.o
 .debug_ranges  0x00000000000006e0       0xa0 ./Peripheral/src/ch32v20x_gpio.o
 .debug_ranges  0x0000000000000780       0x48 ./Peripheral/src/ch32v20x_misc.o
 .debug_ranges  0x00000000000007c8      0x120 ./Peripheral/src/ch32v20x_rcc.o
 .debug_ranges  0x00000000000008e8      0x2f0 ./Peripheral/src/ch32v20x_tim.o
 .debug_ranges  0x0000000000000bd8       0xe0 ./Peripheral/src/ch32v20x_usart.o
 .debug_ranges  0x0000000000000cb8       0x40 ./Debug/debug.o

.debug_line     0x0000000000000000    0x11ada
 .debug_line    0x0000000000000000      0x37e ./User/ch32v20x_it.o
 .debug_line    0x000000000000037e     0x148d ./User/main.o
 .debug_line    0x000000000000180b     0x1942 ./User/param_store.o
 .debug_line    0x000000000000314d      0xc3e ./User/param_test.o
 .debug_line    0x0000000000003d8b      0x69d ./User/system_ch32v20x.o
 .debug_line    0x0000000000004428      0xb3c ./User/uart_protocol.o
 .debug_line    0x0000000000004f64      0xc82 ./User/uart_protocol_handlers.o
 .debug_line    0x0000000000005be6      0x121 ./Startup/startup_ch32v20x_D6.o
 .debug_line    0x0000000000005d07     0x1bb8 ./Peripheral/src/ch32v20x_adc.o
 .debug_line    0x00000000000078bf      0x459 ./Peripheral/src/ch32v20x_dbgmcu.o
 .debug_line    0x0000000000007d18     0x2620 ./Peripheral/src/ch32v20x_flash.o
 .debug_line    0x000000000000a338     0x16f6 ./Peripheral/src/ch32v20x_gpio.o
 .debug_line    0x000000000000ba2e      0x4c8 ./Peripheral/src/ch32v20x_misc.o
 .debug_line    0x000000000000bef6     0x127e ./Peripheral/src/ch32v20x_rcc.o
 .debug_line    0x000000000000d174     0x31db ./Peripheral/src/ch32v20x_tim.o
 .debug_line    0x000000000001034f      0xf61 ./Peripheral/src/ch32v20x_usart.o
 .debug_line    0x00000000000112b0      0x82a ./Debug/debug.o

.debug_str      0x0000000000000000     0x4079
 .debug_str     0x0000000000000000      0x626 ./User/ch32v20x_it.o
                                        0x6a5 (size before relaxing)
 .debug_str     0x0000000000000626     0x1366 ./User/main.o
                                       0x19f7 (size before relaxing)
 .debug_str     0x000000000000198c      0x5ac ./User/param_store.o
                                        0xc09 (size before relaxing)
 .debug_str     0x0000000000001f38      0x119 ./User/param_test.o
                                        0xa5c (size before relaxing)
 .debug_str     0x0000000000002051       0xdd ./User/system_ch32v20x.o
                                        0x6c0 (size before relaxing)
 .debug_str     0x000000000000212e      0x229 ./User/uart_protocol.o
                                        0xad9 (size before relaxing)
 .debug_str     0x0000000000002357       0x9d ./User/uart_protocol_handlers.o
                                        0x919 (size before relaxing)
 .debug_str     0x00000000000023f4       0x2d ./Startup/startup_ch32v20x_D6.o
                                         0x76 (size before relaxing)
 .debug_str     0x0000000000002421      0x420 ./Peripheral/src/ch32v20x_adc.o
                                        0xc37 (size before relaxing)
 .debug_str     0x0000000000002841       0x7e ./Peripheral/src/ch32v20x_dbgmcu.o
                                        0x666 (size before relaxing)
 .debug_str     0x00000000000028bf      0x40b ./Peripheral/src/ch32v20x_flash.o
                                        0xb3f (size before relaxing)
 .debug_str     0x0000000000002cca      0x209 ./Peripheral/src/ch32v20x_gpio.o
                                        0x9dc (size before relaxing)
 .debug_str     0x0000000000002ed3       0x9c ./Peripheral/src/ch32v20x_misc.o
                                        0xa9e (size before relaxing)
 .debug_str     0x0000000000002f6f      0x3c8 ./Peripheral/src/ch32v20x_rcc.o
                                        0xaee (size before relaxing)
 .debug_str     0x0000000000003337      0x9f3 ./Peripheral/src/ch32v20x_tim.o
                                       0x12d9 (size before relaxing)
 .debug_str     0x0000000000003d2a      0x2d2 ./Peripheral/src/ch32v20x_usart.o
                                        0xb0a (size before relaxing)
 .debug_str     0x0000000000003ffc       0x7d ./Debug/debug.o
                                        0x931 (size before relaxing)

.comment        0x0000000000000000       0x32
 .comment       0x0000000000000000       0x32 ./User/ch32v20x_it.o
                                         0x33 (size before relaxing)
 .comment       0x0000000000000032       0x33 ./User/main.o
 .comment       0x0000000000000032       0x33 ./User/param_store.o
 .comment       0x0000000000000032       0x33 ./User/param_test.o
 .comment       0x0000000000000032       0x33 ./User/system_ch32v20x.o
 .comment       0x0000000000000032       0x33 ./User/uart_protocol.o
 .comment       0x0000000000000032       0x33 ./User/uart_protocol_handlers.o
 .comment       0x0000000000000032       0x33 ./Peripheral/src/ch32v20x_adc.o
 .comment       0x0000000000000032       0x33 ./Peripheral/src/ch32v20x_dbgmcu.o
 .comment       0x0000000000000032       0x33 ./Peripheral/src/ch32v20x_flash.o
 .comment       0x0000000000000032       0x33 ./Peripheral/src/ch32v20x_gpio.o
 .comment       0x0000000000000032       0x33 ./Peripheral/src/ch32v20x_misc.o
 .comment       0x0000000000000032       0x33 ./Peripheral/src/ch32v20x_rcc.o
 .comment       0x0000000000000032       0x33 ./Peripheral/src/ch32v20x_tim.o
 .comment       0x0000000000000032       0x33 ./Peripheral/src/ch32v20x_usart.o
 .comment       0x0000000000000032       0x33 ./Debug/debug.o

.debug_frame    0x0000000000000000     0x24d8
 .debug_frame   0x0000000000000000       0x30 ./User/ch32v20x_it.o
 .debug_frame   0x0000000000000030      0x20c ./User/main.o
 .debug_frame   0x000000000000023c      0x2e8 ./User/param_store.o
 .debug_frame   0x0000000000000524       0x38 ./User/param_test.o
 .debug_frame   0x000000000000055c       0x30 ./User/system_ch32v20x.o
 .debug_frame   0x000000000000058c      0x160 ./User/uart_protocol.o
 .debug_frame   0x00000000000006ec      0x170 ./User/uart_protocol_handlers.o
 .debug_frame   0x000000000000085c      0x2b4 ./Peripheral/src/ch32v20x_adc.o
 .debug_frame   0x0000000000000b10       0x70 ./Peripheral/src/ch32v20x_dbgmcu.o
 .debug_frame   0x0000000000000b80      0x380 ./Peripheral/src/ch32v20x_flash.o
 .debug_frame   0x0000000000000f00      0x170 ./Peripheral/src/ch32v20x_gpio.o
 .debug_frame   0x0000000000001070       0x30 ./Peripheral/src/ch32v20x_misc.o
 .debug_frame   0x00000000000010a0      0x254 ./Peripheral/src/ch32v20x_rcc.o
 .debug_frame   0x00000000000012f4      0x614 ./Peripheral/src/ch32v20x_tim.o
 .debug_frame   0x0000000000001908      0x1e4 ./Peripheral/src/ch32v20x_usart.o
 .debug_frame   0x0000000000001aec       0xb8 ./Debug/debug.o
 .debug_frame   0x0000000000001ba4       0x20 /Applications/MounRiver Studio 2.app/Contents/Resources/app/resources/darwin/components/WCH/Toolchain/RISC-V Embedded GCC/bin/../lib/gcc/riscv-none-embed/8.2.0/../../../../riscv-none-embed/lib/rv32imacxw/ilp32/libg_nano.a(lib_a-memcpy.o)
 .debug_frame   0x0000000000001bc4       0x54 /Applications/MounRiver Studio 2.app/Contents/Resources/app/resources/darwin/components/WCH/Toolchain/RISC-V Embedded GCC/bin/../lib/gcc/riscv-none-embed/8.2.0/../../../../riscv-none-embed/lib/rv32imacxw/ilp32/libg_nano.a(lib_a-printf.o)
 .debug_frame   0x0000000000001c18       0x54 /Applications/MounRiver Studio 2.app/Contents/Resources/app/resources/darwin/components/WCH/Toolchain/RISC-V Embedded GCC/bin/../lib/gcc/riscv-none-embed/8.2.0/../../../../riscv-none-embed/lib/rv32imacxw/ilp32/libg_nano.a(lib_a-puts.o)
 .debug_frame   0x0000000000001c6c       0x50 /Applications/MounRiver Studio 2.app/Contents/Resources/app/resources/darwin/components/WCH/Toolchain/RISC-V Embedded GCC/bin/../lib/gcc/riscv-none-embed/8.2.0/../../../../riscv-none-embed/lib/rv32imacxw/ilp32/libg_nano.a(lib_a-wbuf.o)
 .debug_frame   0x0000000000001cbc       0x3c /Applications/MounRiver Studio 2.app/Contents/Resources/app/resources/darwin/components/WCH/Toolchain/RISC-V Embedded GCC/bin/../lib/gcc/riscv-none-embed/8.2.0/../../../../riscv-none-embed/lib/rv32imacxw/ilp32/libg_nano.a(lib_a-wsetup.o)
 .debug_frame   0x0000000000001cf8       0x7c /Applications/MounRiver Studio 2.app/Contents/Resources/app/resources/darwin/components/WCH/Toolchain/RISC-V Embedded GCC/bin/../lib/gcc/riscv-none-embed/8.2.0/../../../../riscv-none-embed/lib/rv32imacxw/ilp32/libg_nano.a(lib_a-fflush.o)
 .debug_frame   0x0000000000001d74      0x148 /Applications/MounRiver Studio 2.app/Contents/Resources/app/resources/darwin/components/WCH/Toolchain/RISC-V Embedded GCC/bin/../lib/gcc/riscv-none-embed/8.2.0/../../../../riscv-none-embed/lib/rv32imacxw/ilp32/libg_nano.a(lib_a-findfp.o)
 .debug_frame   0x0000000000001ebc       0x88 /Applications/MounRiver Studio 2.app/Contents/Resources/app/resources/darwin/components/WCH/Toolchain/RISC-V Embedded GCC/bin/../lib/gcc/riscv-none-embed/8.2.0/../../../../riscv-none-embed/lib/rv32imacxw/ilp32/libg_nano.a(lib_a-fwalk.o)
 .debug_frame   0x0000000000001f44       0x64 /Applications/MounRiver Studio 2.app/Contents/Resources/app/resources/darwin/components/WCH/Toolchain/RISC-V Embedded GCC/bin/../lib/gcc/riscv-none-embed/8.2.0/../../../../riscv-none-embed/lib/rv32imacxw/ilp32/libg_nano.a(lib_a-makebuf.o)
 .debug_frame   0x0000000000001fa8       0x40 /Applications/MounRiver Studio 2.app/Contents/Resources/app/resources/darwin/components/WCH/Toolchain/RISC-V Embedded GCC/bin/../lib/gcc/riscv-none-embed/8.2.0/../../../../riscv-none-embed/lib/rv32imacxw/ilp32/libg_nano.a(lib_a-nano-freer.o)
 .debug_frame   0x0000000000001fe8       0x40 /Applications/MounRiver Studio 2.app/Contents/Resources/app/resources/darwin/components/WCH/Toolchain/RISC-V Embedded GCC/bin/../lib/gcc/riscv-none-embed/8.2.0/../../../../riscv-none-embed/lib/rv32imacxw/ilp32/libg_nano.a(lib_a-nano-mallocr.o)
 .debug_frame   0x0000000000002028       0xd0 /Applications/MounRiver Studio 2.app/Contents/Resources/app/resources/darwin/components/WCH/Toolchain/RISC-V Embedded GCC/bin/../lib/gcc/riscv-none-embed/8.2.0/../../../../riscv-none-embed/lib/rv32imacxw/ilp32/libg_nano.a(lib_a-nano-vfprintf.o)
 .debug_frame   0x00000000000020f8       0x8c /Applications/MounRiver Studio 2.app/Contents/Resources/app/resources/darwin/components/WCH/Toolchain/RISC-V Embedded GCC/bin/../lib/gcc/riscv-none-embed/8.2.0/../../../../riscv-none-embed/lib/rv32imacxw/ilp32/libg_nano.a(lib_a-nano-vfprintf_i.o)
 .debug_frame   0x0000000000002184       0x30 /Applications/MounRiver Studio 2.app/Contents/Resources/app/resources/darwin/components/WCH/Toolchain/RISC-V Embedded GCC/bin/../lib/gcc/riscv-none-embed/8.2.0/../../../../riscv-none-embed/lib/rv32imacxw/ilp32/libg_nano.a(lib_a-sbrkr.o)
 .debug_frame   0x00000000000021b4       0xa4 /Applications/MounRiver Studio 2.app/Contents/Resources/app/resources/darwin/components/WCH/Toolchain/RISC-V Embedded GCC/bin/../lib/gcc/riscv-none-embed/8.2.0/../../../../riscv-none-embed/lib/rv32imacxw/ilp32/libg_nano.a(lib_a-stdio.o)
 .debug_frame   0x0000000000002258       0x30 /Applications/MounRiver Studio 2.app/Contents/Resources/app/resources/darwin/components/WCH/Toolchain/RISC-V Embedded GCC/bin/../lib/gcc/riscv-none-embed/8.2.0/../../../../riscv-none-embed/lib/rv32imacxw/ilp32/libg_nano.a(lib_a-writer.o)
 .debug_frame   0x0000000000002288       0x30 /Applications/MounRiver Studio 2.app/Contents/Resources/app/resources/darwin/components/WCH/Toolchain/RISC-V Embedded GCC/bin/../lib/gcc/riscv-none-embed/8.2.0/../../../../riscv-none-embed/lib/rv32imacxw/ilp32/libg_nano.a(lib_a-closer.o)
 .debug_frame   0x00000000000022b8       0x30 /Applications/MounRiver Studio 2.app/Contents/Resources/app/resources/darwin/components/WCH/Toolchain/RISC-V Embedded GCC/bin/../lib/gcc/riscv-none-embed/8.2.0/../../../../riscv-none-embed/lib/rv32imacxw/ilp32/libg_nano.a(lib_a-fstatr.o)
 .debug_frame   0x00000000000022e8       0x30 /Applications/MounRiver Studio 2.app/Contents/Resources/app/resources/darwin/components/WCH/Toolchain/RISC-V Embedded GCC/bin/../lib/gcc/riscv-none-embed/8.2.0/../../../../riscv-none-embed/lib/rv32imacxw/ilp32/libg_nano.a(lib_a-isattyr.o)
 .debug_frame   0x0000000000002318       0x30 /Applications/MounRiver Studio 2.app/Contents/Resources/app/resources/darwin/components/WCH/Toolchain/RISC-V Embedded GCC/bin/../lib/gcc/riscv-none-embed/8.2.0/../../../../riscv-none-embed/lib/rv32imacxw/ilp32/libg_nano.a(lib_a-lseekr.o)
 .debug_frame   0x0000000000002348       0x20 /Applications/MounRiver Studio 2.app/Contents/Resources/app/resources/darwin/components/WCH/Toolchain/RISC-V Embedded GCC/bin/../lib/gcc/riscv-none-embed/8.2.0/../../../../riscv-none-embed/lib/rv32imacxw/ilp32/libg_nano.a(lib_a-memchr.o)
 .debug_frame   0x0000000000002368       0x30 /Applications/MounRiver Studio 2.app/Contents/Resources/app/resources/darwin/components/WCH/Toolchain/RISC-V Embedded GCC/bin/../lib/gcc/riscv-none-embed/8.2.0/../../../../riscv-none-embed/lib/rv32imacxw/ilp32/libg_nano.a(lib_a-mlock.o)
 .debug_frame   0x0000000000002398       0x30 /Applications/MounRiver Studio 2.app/Contents/Resources/app/resources/darwin/components/WCH/Toolchain/RISC-V Embedded GCC/bin/../lib/gcc/riscv-none-embed/8.2.0/../../../../riscv-none-embed/lib/rv32imacxw/ilp32/libg_nano.a(lib_a-readr.o)
 .debug_frame   0x00000000000023c8       0x70 /Applications/MounRiver Studio 2.app/Contents/Resources/app/resources/darwin/components/WCH/Toolchain/RISC-V Embedded GCC/bin/../lib/gcc/riscv-none-embed/8.2.0/../../../../riscv-none-embed/lib/rv32imacxw/ilp32/libg_nano.a(lib_a-reent.o)
 .debug_frame   0x0000000000002438       0x20 /Applications/MounRiver Studio 2.app/Contents/Resources/app/resources/darwin/components/WCH/Toolchain/RISC-V Embedded GCC/bin/../lib/gcc/riscv-none-embed/8.2.0/../../../../riscv-none-embed/lib/rv32imacxw/ilp32/libnosys.a(close.o)
 .debug_frame   0x0000000000002458       0x20 /Applications/MounRiver Studio 2.app/Contents/Resources/app/resources/darwin/components/WCH/Toolchain/RISC-V Embedded GCC/bin/../lib/gcc/riscv-none-embed/8.2.0/../../../../riscv-none-embed/lib/rv32imacxw/ilp32/libnosys.a(fstat.o)
 .debug_frame   0x0000000000002478       0x20 /Applications/MounRiver Studio 2.app/Contents/Resources/app/resources/darwin/components/WCH/Toolchain/RISC-V Embedded GCC/bin/../lib/gcc/riscv-none-embed/8.2.0/../../../../riscv-none-embed/lib/rv32imacxw/ilp32/libnosys.a(isatty.o)
 .debug_frame   0x0000000000002498       0x20 /Applications/MounRiver Studio 2.app/Contents/Resources/app/resources/darwin/components/WCH/Toolchain/RISC-V Embedded GCC/bin/../lib/gcc/riscv-none-embed/8.2.0/../../../../riscv-none-embed/lib/rv32imacxw/ilp32/libnosys.a(lseek.o)
 .debug_frame   0x00000000000024b8       0x20 /Applications/MounRiver Studio 2.app/Contents/Resources/app/resources/darwin/components/WCH/Toolchain/RISC-V Embedded GCC/bin/../lib/gcc/riscv-none-embed/8.2.0/../../../../riscv-none-embed/lib/rv32imacxw/ilp32/libnosys.a(read.o)

.debug_loc      0x0000000000000000     0x65ff
 .debug_loc     0x0000000000000000      0x45f ./User/main.o
 .debug_loc     0x000000000000045f      0xdeb ./User/param_store.o
 .debug_loc     0x000000000000124a      0x10a ./User/param_test.o
 .debug_loc     0x0000000000001354       0xac ./User/system_ch32v20x.o
 .debug_loc     0x0000000000001400      0x46d ./User/uart_protocol.o
 .debug_loc     0x000000000000186d      0x3c6 ./User/uart_protocol_handlers.o
 .debug_loc     0x0000000000001c33      0xab6 ./Peripheral/src/ch32v20x_adc.o
 .debug_loc     0x00000000000026e9       0x7c ./Peripheral/src/ch32v20x_dbgmcu.o
 .debug_loc     0x0000000000002765      0xc9b ./Peripheral/src/ch32v20x_flash.o
 .debug_loc     0x0000000000003400      0x8a1 ./Peripheral/src/ch32v20x_gpio.o
 .debug_loc     0x0000000000003ca1       0x2d ./Peripheral/src/ch32v20x_misc.o
 .debug_loc     0x0000000000003cce      0x797 ./Peripheral/src/ch32v20x_rcc.o
 .debug_loc     0x0000000000004465     0x190e ./Peripheral/src/ch32v20x_tim.o
 .debug_loc     0x0000000000005d73      0x715 ./Peripheral/src/ch32v20x_usart.o
 .debug_loc     0x0000000000006488      0x177 ./Debug/debug.o

.stab           0x0000000000000000       0x84
 .stab          0x0000000000000000       0x24 /Applications/MounRiver Studio 2.app/Contents/Resources/app/resources/darwin/components/WCH/Toolchain/RISC-V Embedded GCC/bin/../lib/gcc/riscv-none-embed/8.2.0/../../../../riscv-none-embed/lib/rv32imacxw/ilp32/libnosys.a(close.o)
 .stab          0x0000000000000024       0x18 /Applications/MounRiver Studio 2.app/Contents/Resources/app/resources/darwin/components/WCH/Toolchain/RISC-V Embedded GCC/bin/../lib/gcc/riscv-none-embed/8.2.0/../../../../riscv-none-embed/lib/rv32imacxw/ilp32/libnosys.a(fstat.o)
                                         0x24 (size before relaxing)
 .stab          0x000000000000003c       0x18 /Applications/MounRiver Studio 2.app/Contents/Resources/app/resources/darwin/components/WCH/Toolchain/RISC-V Embedded GCC/bin/../lib/gcc/riscv-none-embed/8.2.0/../../../../riscv-none-embed/lib/rv32imacxw/ilp32/libnosys.a(isatty.o)
                                         0x24 (size before relaxing)
 .stab          0x0000000000000054       0x18 /Applications/MounRiver Studio 2.app/Contents/Resources/app/resources/darwin/components/WCH/Toolchain/RISC-V Embedded GCC/bin/../lib/gcc/riscv-none-embed/8.2.0/../../../../riscv-none-embed/lib/rv32imacxw/ilp32/libnosys.a(lseek.o)
                                         0x24 (size before relaxing)
 .stab          0x000000000000006c       0x18 /Applications/MounRiver Studio 2.app/Contents/Resources/app/resources/darwin/components/WCH/Toolchain/RISC-V Embedded GCC/bin/../lib/gcc/riscv-none-embed/8.2.0/../../../../riscv-none-embed/lib/rv32imacxw/ilp32/libnosys.a(read.o)
                                         0x24 (size before relaxing)

.stabstr        0x0000000000000000      0x117
 .stabstr       0x0000000000000000      0x117 /Applications/MounRiver Studio 2.app/Contents/Resources/app/resources/darwin/components/WCH/Toolchain/RISC-V Embedded GCC/bin/../lib/gcc/riscv-none-embed/8.2.0/../../../../riscv-none-embed/lib/rv32imacxw/ilp32/libnosys.a(close.o)
