Archive member included to satisfy reference by file (symbol)

/Applications/MounRiver Studio 2.app/Contents/Resources/app/resources/darwin/components/WCH/Toolchain/RISC-V Embedded GCC/bin/../lib/gcc/riscv-none-embed/8.2.0/rv32imacxw/ilp32/libgcc.a(muldf3.o)
                              ./User/parameter_code.o (__muldf3)
/Applications/MounRiver Studio 2.app/Contents/Resources/app/resources/darwin/components/WCH/Toolchain/RISC-V Embedded GCC/bin/../lib/gcc/riscv-none-embed/8.2.0/rv32imacxw/ilp32/libgcc.a(floatsidf.o)
                              ./User/parameter_code.o (__floatsidf)
/Applications/MounRiver Studio 2.app/Contents/Resources/app/resources/darwin/components/WCH/Toolchain/RISC-V Embedded GCC/bin/../lib/gcc/riscv-none-embed/8.2.0/rv32imacxw/ilp32/libgcc.a(save-restore.o)
                              ./Peripheral/src/ch32v20x_flash.o (__riscv_save_7)
/Applications/MounRiver Studio 2.app/Contents/Resources/app/resources/darwin/components/WCH/Toolchain/RISC-V Embedded GCC/bin/../lib/gcc/riscv-none-embed/8.2.0/rv32imacxw/ilp32/libgcc.a(_clzsi2.o)
                              /Applications/MounRiver Studio 2.app/Contents/Resources/app/resources/darwin/components/WCH/Toolchain/RISC-V Embedded GCC/bin/../lib/gcc/riscv-none-embed/8.2.0/rv32imacxw/ilp32/libgcc.a(muldf3.o) (__clzsi2)
/Applications/MounRiver Studio 2.app/Contents/Resources/app/resources/darwin/components/WCH/Toolchain/RISC-V Embedded GCC/bin/../lib/gcc/riscv-none-embed/8.2.0/rv32imacxw/ilp32/libgcc.a(_clz.o)
                              /Applications/MounRiver Studio 2.app/Contents/Resources/app/resources/darwin/components/WCH/Toolchain/RISC-V Embedded GCC/bin/../lib/gcc/riscv-none-embed/8.2.0/rv32imacxw/ilp32/libgcc.a(_clzsi2.o) (__clz_tab)
/Applications/MounRiver Studio 2.app/Contents/Resources/app/resources/darwin/components/WCH/Toolchain/RISC-V Embedded GCC/bin/../lib/gcc/riscv-none-embed/8.2.0/../../../../riscv-none-embed/lib/rv32imacxw/ilp32/libg_nano.a(lib_a-memcpy.o)
                              ./User/protocol/protocol.o (memcpy)
/Applications/MounRiver Studio 2.app/Contents/Resources/app/resources/darwin/components/WCH/Toolchain/RISC-V Embedded GCC/bin/../lib/gcc/riscv-none-embed/8.2.0/../../../../riscv-none-embed/lib/rv32imacxw/ilp32/libg_nano.a(lib_a-memset.o)
                              ./User/parameter/flash_parameter.o (memset)
/Applications/MounRiver Studio 2.app/Contents/Resources/app/resources/darwin/components/WCH/Toolchain/RISC-V Embedded GCC/bin/../lib/gcc/riscv-none-embed/8.2.0/../../../../riscv-none-embed/lib/rv32imacxw/ilp32/libg_nano.a(lib_a-printf.o)
                              ./User/main.o (printf)
/Applications/MounRiver Studio 2.app/Contents/Resources/app/resources/darwin/components/WCH/Toolchain/RISC-V Embedded GCC/bin/../lib/gcc/riscv-none-embed/8.2.0/../../../../riscv-none-embed/lib/rv32imacxw/ilp32/libg_nano.a(lib_a-puts.o)
                              ./User/main.o (puts)
/Applications/MounRiver Studio 2.app/Contents/Resources/app/resources/darwin/components/WCH/Toolchain/RISC-V Embedded GCC/bin/../lib/gcc/riscv-none-embed/8.2.0/../../../../riscv-none-embed/lib/rv32imacxw/ilp32/libg_nano.a(lib_a-wbuf.o)
                              /Applications/MounRiver Studio 2.app/Contents/Resources/app/resources/darwin/components/WCH/Toolchain/RISC-V Embedded GCC/bin/../lib/gcc/riscv-none-embed/8.2.0/../../../../riscv-none-embed/lib/rv32imacxw/ilp32/libg_nano.a(lib_a-puts.o) (__swbuf_r)
/Applications/MounRiver Studio 2.app/Contents/Resources/app/resources/darwin/components/WCH/Toolchain/RISC-V Embedded GCC/bin/../lib/gcc/riscv-none-embed/8.2.0/../../../../riscv-none-embed/lib/rv32imacxw/ilp32/libg_nano.a(lib_a-wsetup.o)
                              /Applications/MounRiver Studio 2.app/Contents/Resources/app/resources/darwin/components/WCH/Toolchain/RISC-V Embedded GCC/bin/../lib/gcc/riscv-none-embed/8.2.0/../../../../riscv-none-embed/lib/rv32imacxw/ilp32/libg_nano.a(lib_a-puts.o) (__swsetup_r)
/Applications/MounRiver Studio 2.app/Contents/Resources/app/resources/darwin/components/WCH/Toolchain/RISC-V Embedded GCC/bin/../lib/gcc/riscv-none-embed/8.2.0/../../../../riscv-none-embed/lib/rv32imacxw/ilp32/libg_nano.a(lib_a-fflush.o)
                              /Applications/MounRiver Studio 2.app/Contents/Resources/app/resources/darwin/components/WCH/Toolchain/RISC-V Embedded GCC/bin/../lib/gcc/riscv-none-embed/8.2.0/../../../../riscv-none-embed/lib/rv32imacxw/ilp32/libg_nano.a(lib_a-wbuf.o) (_fflush_r)
/Applications/MounRiver Studio 2.app/Contents/Resources/app/resources/darwin/components/WCH/Toolchain/RISC-V Embedded GCC/bin/../lib/gcc/riscv-none-embed/8.2.0/../../../../riscv-none-embed/lib/rv32imacxw/ilp32/libg_nano.a(lib_a-findfp.o)
                              /Applications/MounRiver Studio 2.app/Contents/Resources/app/resources/darwin/components/WCH/Toolchain/RISC-V Embedded GCC/bin/../lib/gcc/riscv-none-embed/8.2.0/../../../../riscv-none-embed/lib/rv32imacxw/ilp32/libg_nano.a(lib_a-printf.o) (__sinit)
[...]
Memory Configuration

Name             Origin             Length             Attributes
FLASH            0x0000000000000000 0x0000000000010000 xr
RAM              0x0000000020000000 0x0000000000005000 xrw
*default*        0x0000000000000000 0xffffffffffffffff

Linker script and memory map

LOAD ./User/protocol/protocol.o
LOAD ./User/protocol/uart_comm.o
LOAD ./User/parameter/flash_parameter.o
LOAD ./User/ch32v20x_it.o
LOAD ./User/main.o
LOAD ./User/parameter_code.o
LOAD ./User/parameter_code_sample.o
LOAD ./User/system_ch32v20x.o
LOAD ./Startup/startup_ch32v20x_D6.o
LOAD ./Peripheral/src/ch32v20x_adc.o
LOAD ./Peripheral/src/ch32v20x_bkp.o
LOAD ./Peripheral/src/ch32v20x_can.o
LOAD ./Peripheral/src/ch32v20x_crc.o
LOAD ./Peripheral/src/ch32v20x_dbgmcu.o
LOAD ./Peripheral/src/ch32v20x_dma.o
LOAD ./Peripheral/src/ch32v20x_exti.o
LOAD ./Peripheral/src/ch32v20x_flash.o
LOAD ./Peripheral/src/ch32v20x_gpio.o
LOAD ./Peripheral/src/ch32v20x_i2c.o
LOAD ./Peripheral/src/ch32v20x_iwdg.o
LOAD ./Peripheral/src/ch32v20x_misc.o
LOAD ./Peripheral/src/ch32v20x_opa.o
LOAD ./Peripheral/src/ch32v20x_pwr.o
LOAD ./Peripheral/src/ch32v20x_rcc.o
LOAD ./Peripheral/src/ch32v20x_rtc.o
LOAD ./Peripheral/src/ch32v20x_spi.o
LOAD ./Peripheral/src/ch32v20x_tim.o
LOAD ./Peripheral/src/ch32v20x_usart.o
LOAD ./Peripheral/src/ch32v20x_wwdg.o
LOAD ./Debug/debug.o
LOAD ./Core/core_riscv.o
LOAD /Applications/MounRiver Studio 2.app/Contents/Resources/app/resources/darwin/components/WCH/Toolchain/RISC-V Embedded GCC/bin/../lib/gcc/riscv-none-embed/8.2.0/rv32imacxw/ilp32/libgcc.a
LOAD /Applications/MounRiver Studio 2.app/Contents/Resources/app/resources/darwin/components/WCH/Toolchain/RISC-V Embedded GCC/bin/../lib/gcc/riscv-none-embed/8.2.0/../../../../riscv-none-embed/lib/rv32imacxw/ilp32/libg_nano.a
LOAD /Applications/MounRiver Studio 2.app/Contents/Resources/app/resources/darwin/components/WCH/Toolchain/RISC-V Embedded GCC/bin/../lib/gcc/riscv-none-embed/8.2.0/../../../../riscv-none-embed/lib/rv32imacxw/ilp32/libc_nano.a
LOAD /Applications/MounRiver Studio 2.app/Contents/Resources/app/resources/darwin/components/WCH/Toolchain/RISC-V Embedded GCC/bin/../lib/gcc/riscv-none-embed/8.2.0/rv32imacxw/ilp32/libgcc.a
START GROUP
LOAD /Applications/MounRiver Studio 2.app/Contents/Resources/app/resources/darwin/components/WCH/Toolchain/RISC-V Embedded GCC/bin/../lib/gcc/riscv-none-embed/8.2.0/rv32imacxw/ilp32/libgcc.a
LOAD /Applications/MounRiver Studio 2.app/Contents/Resources/app/resources/darwin/components/WCH/Toolchain/RISC-V Embedded GCC/bin/../lib/gcc/riscv-none-embed/8.2.0/../../../../riscv-none-embed/lib/rv32imacxw/ilp32/libc_nano.a
LOAD /Applications/MounRiver Studio 2.app/Contents/Resources/app/resources/darwin/components/WCH/Toolchain/RISC-V Embedded GCC/bin/../lib/gcc/riscv-none-embed/8.2.0/../../../../riscv-none-embed/lib/rv32imacxw/ilp32/libnosys.a
END GROUP
START GROUP
LOAD /Applications/MounRiver Studio 2.app/Contents/Resources/app/resources/darwin/components/WCH/Toolchain/RISC-V Embedded GCC/bin/../lib/gcc/riscv-none-embed/8.2.0/rv32imacxw/ilp32/libgcc.a
LOAD /Applications/MounRiver Studio 2.app/Contents/Resources/app/resources/darwin/components/WCH/Toolchain/RISC-V Embedded GCC/bin/../lib/gcc/riscv-none-embed/8.2.0/../../../../riscv-none-embed/lib/rv32imacxw/ilp32/libc_nano.a
LOAD /Applications/MounRiver Studio 2.app/Contents/Resources/app/resources/darwin/components/WCH/Toolchain/RISC-V Embedded GCC/bin/../lib/gcc/riscv-none-embed/8.2.0/../../../../riscv-none-embed/lib/rv32imacxw/ilp32/libnosys.a
END GROUP
                0x0000000000000800                __stack_size = 0x800
                [!provide]                        PROVIDE (_stack_size = __stack_size)

.init           0x0000000000000000        0x4
                0x0000000000000000                _sinit = .
                0x0000000000000000                . = ALIGN (0x4)
 *(SORT_NONE(.init))
 .init          0x0000000000000000        0x4 ./Startup/startup_ch32v20x_D6.o
                0x0000000000000000                _start
                0x0000000000000004                . = ALIGN (0x4)
                0x0000000000000004                _einit = .

.vector         0x0000000000000004       0xfc
 *(.vector)
 .vector        0x0000000000000004       0xfc ./Startup/startup_ch32v20x_D6.o
                0x0000000000000100                . = ALIGN (0x40)

.text           0x0000000000000100     0x2654
                0x0000000000000100                . = ALIGN (0x4)
 *(.text)
 .text          0x0000000000000100       0x60 /Applications/MounRiver Studio 2.app/Contents/Resources/app/resources/darwin/components/WCH/Toolchain/RISC-V Embedded GCC/bin/../lib/gcc/riscv-none-embed/8.2.0/rv32imacxw/ilp32/libgcc.a(save-restore.o)
                0x0000000000000100                __riscv_save_12
                0x0000000000000108                __riscv_save_10
                0x0000000000000108                __riscv_save_8
                0x0000000000000108                __riscv_save_11
                0x0000000000000108                __riscv_save_9
                0x0000000000000116                __riscv_save_4
                0x0000000000000116                __riscv_save_7
                0x0000000000000116                __riscv_save_6
                0x0000000000000116                __riscv_save_5
                0x0000000000000130                __riscv_save_3
                0x0000000000000130                __riscv_save_2
                0x0000000000000130                __riscv_save_0
                0x0000000000000130                __riscv_save_1
                0x000000000000013c                __riscv_restore_12
                0x0000000000000140                __riscv_restore_8
                0x0000000000000140                __riscv_restore_10
                0x0000000000000140                __riscv_restore_9
                0x0000000000000140                __riscv_restore_11
                0x000000000000014a                __riscv_restore_5
                0x000000000000014a                __riscv_restore_7
                0x000000000000014a                __riscv_restore_4
                0x000000000000014a                __riscv_restore_6
                0x0000000000000154                __riscv_restore_3
                0x0000000000000154                __riscv_restore_1
                0x0000000000000154                __riscv_restore_0
                0x0000000000000154                __riscv_restore_2
 .text          0x0000000000000160       0xa8 /Applications/MounRiver Studio 2.app/Contents/Resources/app/resources/darwin/components/WCH/Toolchain/RISC-V Embedded GCC/bin/../lib/gcc/riscv-none-embed/8.2.0/../../../../riscv-none-embed/lib/rv32imacxw/ilp32/libg_nano.a(lib_a-memset.o)
                0x0000000000000160                memset
 *(.text.*)
 .text.USART2_IRQHandler
                0x0000000000000208       0xcc ./User/protocol/uart_comm.o
                0x0000000000000208                USART2_IRQHandler
 .text.NMI_Handler
                0x00000000000002d4        0x2 ./User/ch32v20x_it.o
                0x00000000000002d4                NMI_Handler
 .text.HardFault_Handler
                0x00000000000002d6       0x10 ./User/ch32v20x_it.o
                0x00000000000002d6                HardFault_Handler
 .text.startup.main
                0x00000000000002e6       0x5a ./User/main.o
                0x00000000000002e6                main
 .text.Parameter_UpdateCheckSum
                0x0000000000000340       0x2e ./User/parameter_code.o
 .text.Parameter_CheckSum
                0x000000000000036e       0x3c ./User/parameter_code.o
                0x000000000000036e                Parameter_CheckSum
 .text.Parameter_SetDefaultValues
                0x00000000000003aa       0x50 ./User/parameter_code.o
                0x00000000000003aa                Parameter_SetDefaultValues
 .text.Parameter_Save
                0x00000000000003fa       0x14 ./User/parameter_code.o
                0x00000000000003fa                Parameter_Save
 .text.Parameter_Load
                0x000000000000040e       0x14 ./User/parameter_code.o
                0x000000000000040e                Parameter_Load
 .text.Parameter_Init
                0x0000000000000422       0x2c ./User/parameter_code.o
                0x0000000000000422                Parameter_Init
 .text.Parameter_PrintInfo
                0x000000000000044e      0x1aa ./User/parameter_code.o
                0x000000000000044e                Parameter_PrintInfo
 .text.SystemInit
                0x00000000000005f8       0xa8 ./User/system_ch32v20x.o
                0x00000000000005f8                SystemInit
 .text.SystemCoreClockUpdate
                0x00000000000006a0       0x92 ./User/system_ch32v20x.o
                0x00000000000006a0                SystemCoreClockUpdate
 .text.vector_handler
                0x0000000000000732        0x2 ./Startup/startup_ch32v20x_D6.o
                0x0000000000000732                USBWakeUp_IRQHandler
                0x0000000000000732                TIM1_CC_IRQHandler
                0x0000000000000732                SysTick_Handler
                0x0000000000000732                PVD_IRQHandler
                0x0000000000000732                EXTI3_IRQHandler
                0x0000000000000732                USBFS_IRQHandler
                0x0000000000000732                EXTI0_IRQHandler
                0x0000000000000732                I2C2_EV_IRQHandler
                0x0000000000000732                ADC1_2_IRQHandler
                0x0000000000000732                Break_Point_Handler
                0x0000000000000732                SPI1_IRQHandler
                0x0000000000000732                TAMPER_IRQHandler
                0x0000000000000732                Ecall_M_Mode_Handler
                0x0000000000000732                DMA1_Channel4_IRQHandler
                0x0000000000000732                USART3_IRQHandler
                0x0000000000000732                RTC_IRQHandler
                0x0000000000000732                DMA1_Channel7_IRQHandler
                0x0000000000000732                CAN1_RX1_IRQHandler
                0x0000000000000732                TIM4_IRQHandler
                0x0000000000000732                I2C1_EV_IRQHandler
                0x0000000000000732                DMA1_Channel6_IRQHandler
                0x0000000000000732                UART4_IRQHandler
                0x0000000000000732                TIM3_IRQHandler
                0x0000000000000732                RCC_IRQHandler
                0x0000000000000732                TIM1_TRG_COM_IRQHandler
                0x0000000000000732                DMA1_Channel1_IRQHandler
                0x0000000000000732                EXTI15_10_IRQHandler
                0x0000000000000732                DMA1_Channel8_IRQHandler
                0x0000000000000732                EXTI9_5_IRQHandler
                0x0000000000000732                SPI2_IRQHandler
                0x0000000000000732                DMA1_Channel5_IRQHandler
                0x0000000000000732                EXTI4_IRQHandler
                0x0000000000000732                USB_LP_CAN1_RX0_IRQHandler
                0x0000000000000732                USB_HP_CAN1_TX_IRQHandler
                0x0000000000000732                DMA1_Channel3_IRQHandler
                0x0000000000000732                TIM1_UP_IRQHandler
                0x0000000000000732                WWDG_IRQHandler
                0x0000000000000732                Ecall_U_Mode_Handler
                0x0000000000000732                TIM2_IRQHandler
                0x0000000000000732                SW_Handler
                0x0000000000000732                TIM1_BRK_IRQHandler
                0x0000000000000732                EXTI1_IRQHandler
                0x0000000000000732                RTCAlarm_IRQHandler
                0x0000000000000732                I2C2_ER_IRQHandler
                0x0000000000000732                DMA1_Channel2_IRQHandler
                0x0000000000000732                CAN1_SCE_IRQHandler
                0x0000000000000732                FLASH_IRQHandler
                0x0000000000000732                USBFSWakeUp_IRQHandler
                0x0000000000000732                USART1_IRQHandler
                0x0000000000000732                I2C1_ER_IRQHandler
                0x0000000000000732                EXTI2_IRQHandler
 .text.handle_reset
                0x0000000000000734       0x86 ./Startup/startup_ch32v20x_D6.o
                0x0000000000000734                handle_reset
 .text.DBGMCU_GetCHIPID
                0x00000000000007ba        0xa ./Peripheral/src/ch32v20x_dbgmcu.o
                0x00000000000007ba                DBGMCU_GetCHIPID
 .text.GPIO_Init
                0x00000000000007c4       0xf2 ./Peripheral/src/ch32v20x_gpio.o
                0x00000000000007c4                GPIO_Init
 .text.NVIC_PriorityGroupConfig
                0x00000000000008b6        0x6 ./Peripheral/src/ch32v20x_misc.o
                0x00000000000008b6                NVIC_PriorityGroupConfig
 .text.RCC_GetClocksFreq
                0x00000000000008bc       0xbe ./Peripheral/src/ch32v20x_rcc.o
                0x00000000000008bc                RCC_GetClocksFreq
 .text.RCC_APB2PeriphClockCmd
                0x000000000000097a       0x1e ./Peripheral/src/ch32v20x_rcc.o
                0x000000000000097a                RCC_APB2PeriphClockCmd
 .text.USART_Init
                0x0000000000000998       0x8e ./Peripheral/src/ch32v20x_usart.o
                0x0000000000000998                USART_Init
 .text.USART_Cmd
                0x0000000000000a26       0x16 ./Peripheral/src/ch32v20x_usart.o
                0x0000000000000a26                USART_Cmd
 .text.USART_ITConfig
                0x0000000000000a3c       0x36 ./Peripheral/src/ch32v20x_usart.o
                0x0000000000000a3c                USART_ITConfig
 .text.USART_SendData
                0x0000000000000a72        0x8 ./Peripheral/src/ch32v20x_usart.o
                0x0000000000000a72                USART_SendData
 .text.USART_ReceiveData
                0x0000000000000a7a        0x8 ./Peripheral/src/ch32v20x_usart.o
                0x0000000000000a7a                USART_ReceiveData
 .text.USART_GetFlagStatus
                0x0000000000000a82        0xa ./Peripheral/src/ch32v20x_usart.o
                0x0000000000000a82                USART_GetFlagStatus
 .text.USART_GetITStatus
                0x0000000000000a8c       0x3c ./Peripheral/src/ch32v20x_usart.o
                0x0000000000000a8c                USART_GetITStatus
 .text.USART_ClearITPendingBit
                0x0000000000000ac8       0x14 ./Peripheral/src/ch32v20x_usart.o
                0x0000000000000ac8                USART_ClearITPendingBit
 .text.Delay_Init
                0x0000000000000adc       0x2a ./Debug/debug.o
                0x0000000000000adc                Delay_Init
 .text.USART_Printf_Init
                0x0000000000000b06       0x52 ./Debug/debug.o
                0x0000000000000b06                USART_Printf_Init
 .text._write   0x0000000000000b58       0x3a ./Debug/debug.o
                0x0000000000000b58                _write
 .text._sbrk    0x0000000000000b92       0x26 ./Debug/debug.o
                0x0000000000000b92                _sbrk
 .text.__muldf3
                0x0000000000000bb8      0x4b0 /Applications/MounRiver Studio 2.app/Contents/Resources/app/resources/darwin/components/WCH/Toolchain/RISC-V Embedded GCC/bin/../lib/gcc/riscv-none-embed/8.2.0/rv32imacxw/ilp32/libgcc.a(muldf3.o)
                0x0000000000000bb8                __muldf3
 .text.__floatsidf
                0x0000000000001068       0x70 /Applications/MounRiver Studio 2.app/Contents/Resources/app/resources/darwin/components/WCH/Toolchain/RISC-V Embedded GCC/bin/../lib/gcc/riscv-none-embed/8.2.0/rv32imacxw/ilp32/libgcc.a(floatsidf.o)
                0x0000000000001068                __floatsidf
 .text.__clzsi2
                0x00000000000010d8       0x6e /Applications/MounRiver Studio 2.app/Contents/Resources/app/resources/darwin/components/WCH/Toolchain/RISC-V Embedded GCC/bin/../lib/gcc/riscv-none-embed/8.2.0/rv32imacxw/ilp32/libgcc.a(_clzsi2.o)
                0x00000000000010d8                __clzsi2
 .text.printf   0x0000000000001146       0x40 /Applications/MounRiver Studio 2.app/Contents/Resources/app/resources/darwin/components/WCH/Toolchain/RISC-V Embedded GCC/bin/../lib/gcc/riscv-none-embed/8.2.0/../../../../riscv-none-embed/lib/rv32imacxw/ilp32/libg_nano.a(lib_a-printf.o)
                0x0000000000001146                printf
                0x0000000000001146                iprintf
 .text._puts_r  0x0000000000001186       0xd4 /Applications/MounRiver Studio 2.app/Contents/Resources/app/resources/darwin/components/WCH/Toolchain/RISC-V Embedded GCC/bin/../lib/gcc/riscv-none-embed/8.2.0/../../../../riscv-none-embed/lib/rv32imacxw/ilp32/libg_nano.a(lib_a-puts.o)
                0x0000000000001186                _puts_r
 .text.puts     0x000000000000125a        0xa /Applications/MounRiver Studio 2.app/Contents/Resources/app/resources/darwin/components/WCH/Toolchain/RISC-V Embedded GCC/bin/../lib/gcc/riscv-none-embed/8.2.0/../../../../riscv-none-embed/lib/rv32imacxw/ilp32/libg_nano.a(lib_a-puts.o)
                0x000000000000125a                puts
 .text.__swbuf_r
                0x0000000000001264       0xbc /Applications/MounRiver Studio 2.app/Contents/Resources/app/resources/darwin/components/WCH/Toolchain/RISC-V Embedded GCC/bin/../lib/gcc/riscv-none-embed/8.2.0/../../../../riscv-none-embed/lib/rv32imacxw/ilp32/libg_nano.a(lib_a-wbuf.o)
                0x0000000000001264                __swbuf_r
 .text.__swsetup_r
                0x0000000000001320       0xfc /Applications/MounRiver Studio 2.app/Contents/Resources/app/resources/darwin/components/WCH/Toolchain/RISC-V Embedded GCC/bin/../lib/gcc/riscv-none-embed/8.2.0/../../../../riscv-none-embed/lib/rv32imacxw/ilp32/libg_nano.a(lib_a-wsetup.o)
                0x0000000000001320                __swsetup_r
 .text.__sflush_r
                0x000000000000141c      0x130 /Applications/MounRiver Studio 2.app/Contents/Resources/app/resources/darwin/components/WCH/Toolchain/RISC-V Embedded GCC/bin/../lib/gcc/riscv-none-embed/8.2.0/../../../../riscv-none-embed/lib/rv32imacxw/ilp32/libg_nano.a(lib_a-fflush.o)
                0x000000000000141c                __sflush_r
 .text._fflush_r
                0x000000000000154c       0x64 /Applications/MounRiver Studio 2.app/Contents/Resources/app/resources/darwin/components/WCH/Toolchain/RISC-V Embedded GCC/bin/../lib/gcc/riscv-none-embed/8.2.0/../../../../riscv-none-embed/lib/rv32imacxw/ilp32/libg_nano.a(lib_a-fflush.o)
                0x000000000000154c                _fflush_r
 .text.std      0x00000000000015b0       0x66 /Applications/MounRiver Studio 2.app/Contents/Resources/app/resources/darwin/components/WCH/Toolchain/RISC-V Embedded GCC/bin/../lib/gcc/riscv-none-embed/8.2.0/../../../../riscv-none-embed/lib/rv32imacxw/ilp32/libg_nano.a(lib_a-findfp.o)
 .text._cleanup_r
                0x0000000000001616        0xa /Applications/MounRiver Studio 2.app/Contents/Resources/app/resources/darwin/components/WCH/Toolchain/RISC-V Embedded GCC/bin/../lib/gcc/riscv-none-embed/8.2.0/../../../../riscv-none-embed/lib/rv32imacxw/ilp32/libg_nano.a(lib_a-findfp.o)
                0x0000000000001616                _cleanup_r
 .text.__sfmoreglue
                0x0000000000001620       0x46 /Applications/MounRiver Studio 2.app/Contents/Resources/app/resources/darwin/components/WCH/Toolchain/RISC-V Embedded GCC/bin/../lib/gcc/riscv-none-embed/8.2.0/../../../../riscv-none-embed/lib/rv32imacxw/ilp32/libg_nano.a(lib_a-findfp.o)
                0x0000000000001620                __sfmoreglue
 .text.__sinit  0x0000000000001666       0x66 /Applications/MounRiver Studio 2.app/Contents/Resources/app/resources/darwin/components/WCH/Toolchain/RISC-V Embedded GCC/bin/../lib/gcc/riscv-none-embed/8.2.0/../../../../riscv-none-embed/lib/rv32imacxw/ilp32/libg_nano.a(lib_a-findfp.o)
                0x0000000000001666                __sinit
 .text.__sfp    0x00000000000016cc       0x9c /Applications/MounRiver Studio 2.app/Contents/Resources/app/resources/darwin/components/WCH/Toolchain/RISC-V Embedded GCC/bin/../lib/gcc/riscv-none-embed/8.2.0/../../../../riscv-none-embed/lib/rv32imacxw/ilp32/libg_nano.a(lib_a-findfp.o)
                0x00000000000016cc                __sfp
 .text._fwalk_reent
                0x0000000000001768       0x6a /Applications/MounRiver Studio 2.app/Contents/Resources/app/resources/darwin/components/WCH/Toolchain/RISC-V Embedded GCC/bin/../lib/gcc/riscv-none-embed/8.2.0/../../../../riscv-none-embed/lib/rv32imacxw/ilp32/libg_nano.a(lib_a-fwalk.o)
                0x0000000000001768                _fwalk_reent
 .text.__swhatbuf_r
                0x00000000000017d2       0x58 /Applications/MounRiver Studio 2.app/Contents/Resources/app/resources/darwin/components/WCH/Toolchain/RISC-V Embedded GCC/bin/../lib/gcc/riscv-none-embed/8.2.0/../../../../riscv-none-embed/lib/rv32imacxw/ilp32/libg_nano.a(lib_a-makebuf.o)
                0x00000000000017d2                __swhatbuf_r
 .text.__smakebuf_r
                0x000000000000182a       0x90 /Applications/MounRiver Studio 2.app/Contents/Resources/app/resources/darwin/components/WCH/Toolchain/RISC-V Embedded GCC/bin/../lib/gcc/riscv-none-embed/8.2.0/../../../../riscv-none-embed/lib/rv32imacxw/ilp32/libg_nano.a(lib_a-makebuf.o)
                0x000000000000182a                __smakebuf_r
 .text._free_r  0x00000000000018ba       0xa8 /Applications/MounRiver Studio 2.app/Contents/Resources/app/resources/darwin/components/WCH/Toolchain/RISC-V Embedded GCC/bin/../lib/gcc/riscv-none-embed/8.2.0/../../../../riscv-none-embed/lib/rv32imacxw/ilp32/libg_nano.a(lib_a-nano-freer.o)
                0x00000000000018ba                _free_r
 .text._malloc_r
                0x0000000000001962       0xd4 /Applications/MounRiver Studio 2.app/Contents/Resources/app/resources/darwin/components/WCH/Toolchain/RISC-V Embedded GCC/bin/../lib/gcc/riscv-none-embed/8.2.0/../../../../riscv-none-embed/lib/rv32imacxw/ilp32/libg_nano.a(lib_a-nano-mallocr.o)
                0x0000000000001962                _malloc_r
 .text.__sfputc_r
                0x0000000000001a36       0x28 /Applications/MounRiver Studio 2.app/Contents/Resources/app/resources/darwin/components/WCH/Toolchain/RISC-V Embedded GCC/bin/../lib/gcc/riscv-none-embed/8.2.0/../../../../riscv-none-embed/lib/rv32imacxw/ilp32/libg_nano.a(lib_a-nano-vfprintf.o)
 .text.__sfputs_r
                0x0000000000001a5e       0x40 /Applications/MounRiver Studio 2.app/Contents/Resources/app/resources/darwin/components/WCH/Toolchain/RISC-V Embedded GCC/bin/../lib/gcc/riscv-none-embed/8.2.0/../../../../riscv-none-embed/lib/rv32imacxw/ilp32/libg_nano.a(lib_a-nano-vfprintf.o)
                0x0000000000001a5e                __sfputs_r
 .text._vfprintf_r
                0x0000000000001a9e      0x284 /Applications/MounRiver Studio 2.app/Contents/Resources/app/resources/darwin/components/WCH/Toolchain/RISC-V Embedded GCC/bin/../lib/gcc/riscv-none-embed/8.2.0/../../../../riscv-none-embed/lib/rv32imacxw/ilp32/libg_nano.a(lib_a-nano-vfprintf.o)
                0x0000000000001a9e                _vfiprintf_r
                0x0000000000001a9e                _vfprintf_r
 .text._printf_common
                0x0000000000001d22      0x10c /Applications/MounRiver Studio 2.app/Contents/Resources/app/resources/darwin/components/WCH/Toolchain/RISC-V Embedded GCC/bin/../lib/gcc/riscv-none-embed/8.2.0/../../../../riscv-none-embed/lib/rv32imacxw/ilp32/libg_nano.a(lib_a-nano-vfprintf_i.o)
                0x0000000000001d22                _printf_common
 .text._printf_i
                0x0000000000001e2e      0x2a0 /Applications/MounRiver Studio 2.app/Contents/Resources/app/resources/darwin/components/WCH/Toolchain/RISC-V Embedded GCC/bin/../lib/gcc/riscv-none-embed/8.2.0/../../../../riscv-none-embed/lib/rv32imacxw/ilp32/libg_nano.a(lib_a-nano-vfprintf_i.o)
                0x0000000000001e2e                _printf_i
 .text._sbrk_r  0x00000000000020ce       0x2a /Applications/MounRiver Studio 2.app/Contents/Resources/app/resources/darwin/components/WCH/Toolchain/RISC-V Embedded GCC/bin/../lib/gcc/riscv-none-embed/8.2.0/../../../../riscv-none-embed/lib/rv32imacxw/ilp32/libg_nano.a(lib_a-sbrkr.o)
                0x00000000000020ce                _sbrk_r
 .text.__sread  0x00000000000020f8       0x2c /Applications/MounRiver Studio 2.app/Contents/Resources/app/resources/darwin/components/WCH/Toolchain/RISC-V Embedded GCC/bin/../lib/gcc/riscv-none-embed/8.2.0/../../../../riscv-none-embed/lib/rv32imacxw/ilp32/libg_nano.a(lib_a-stdio.o)
                0x00000000000020f8                __sread
 .text.__swrite
                0x0000000000002124       0x48 /Applications/MounRiver Studio 2.app/Contents/Resources/app/resources/darwin/components/WCH/Toolchain/RISC-V Embedded GCC/bin/../lib/gcc/riscv-none-embed/8.2.0/../../../../riscv-none-embed/lib/rv32imacxw/ilp32/libg_nano.a(lib_a-stdio.o)
                0x0000000000002124                __swrite
 .text.__sseek  0x000000000000216c       0x30 /Applications/MounRiver Studio 2.app/Contents/Resources/app/resources/darwin/components/WCH/Toolchain/RISC-V Embedded GCC/bin/../lib/gcc/riscv-none-embed/8.2.0/../../../../riscv-none-embed/lib/rv32imacxw/ilp32/libg_nano.a(lib_a-stdio.o)
                0x000000000000216c                __sseek
 .text.__sclose
                0x000000000000219c        0x6 /Applications/MounRiver Studio 2.app/Contents/Resources/app/resources/darwin/components/WCH/Toolchain/RISC-V Embedded GCC/bin/../lib/gcc/riscv-none-embed/8.2.0/../../../../riscv-none-embed/lib/rv32imacxw/ilp32/libg_nano.a(lib_a-stdio.o)
                0x000000000000219c                __sclose
 .text._write_r
                0x00000000000021a2       0x2e /Applications/MounRiver Studio 2.app/Contents/Resources/app/resources/darwin/components/WCH/Toolchain/RISC-V Embedded GCC/bin/../lib/gcc/riscv-none-embed/8.2.0/../../../../riscv-none-embed/lib/rv32imacxw/ilp32/libg_nano.a(lib_a-writer.o)
                0x00000000000021a2                _write_r
 .text._close_r
                0x00000000000021d0       0x28 /Applications/MounRiver Studio 2.app/Contents/Resources/app/resources/darwin/components/WCH/Toolchain/RISC-V Embedded GCC/bin/../lib/gcc/riscv-none-embed/8.2.0/../../../../riscv-none-embed/lib/rv32imacxw/ilp32/libg_nano.a(lib_a-closer.o)
                0x00000000000021d0                _close_r
 .text._fstat_r
                0x00000000000021f8       0x2a /Applications/MounRiver Studio 2.app/Contents/Resources/app/resources/darwin/components/WCH/Toolchain/RISC-V Embedded GCC/bin/../lib/gcc/riscv-none-embed/8.2.0/../../../../riscv-none-embed/lib/rv32imacxw/ilp32/libg_nano.a(lib_a-fstatr.o)
                0x00000000000021f8                _fstat_r
 .text._isatty_r
                0x0000000000002222       0x28 /Applications/MounRiver Studio 2.app/Contents/Resources/app/resources/darwin/components/WCH/Toolchain/RISC-V Embedded GCC/bin/../lib/gcc/riscv-none-embed/8.2.0/../../../../riscv-none-embed/lib/rv32imacxw/ilp32/libg_nano.a(lib_a-isattyr.o)
                0x0000000000002222                _isatty_r
 .text._lseek_r
                0x000000000000224a       0x2c /Applications/MounRiver Studio 2.app/Contents/Resources/app/resources/darwin/components/WCH/Toolchain/RISC-V Embedded GCC/bin/../lib/gcc/riscv-none-embed/8.2.0/../../../../riscv-none-embed/lib/rv32imacxw/ilp32/libg_nano.a(lib_a-lseekr.o)
                0x000000000000224a                _lseek_r
 .text.memchr   0x0000000000002276       0x18 /Applications/MounRiver Studio 2.app/Contents/Resources/app/resources/darwin/components/WCH/Toolchain/RISC-V Embedded GCC/bin/../lib/gcc/riscv-none-embed/8.2.0/../../../../riscv-none-embed/lib/rv32imacxw/ilp32/libg_nano.a(lib_a-memchr.o)
                0x0000000000002276                memchr
 .text.__malloc_lock
                0x000000000000228e        0x2 /Applications/MounRiver Studio 2.app/Contents/Resources/app/resources/darwin/components/WCH/Toolchain/RISC-V Embedded GCC/bin/../lib/gcc/riscv-none-embed/8.2.0/../../../../riscv-none-embed/lib/rv32imacxw/ilp32/libg_nano.a(lib_a-mlock.o)
                0x000000000000228e                __malloc_lock
 .text.__malloc_unlock
                0x0000000000002290        0x2 /Applications/MounRiver Studio 2.app/Contents/Resources/app/resources/darwin/components/WCH/Toolchain/RISC-V Embedded GCC/bin/../lib/gcc/riscv-none-embed/8.2.0/../../../../riscv-none-embed/lib/rv32imacxw/ilp32/libg_nano.a(lib_a-mlock.o)
                0x0000000000002290                __malloc_unlock
 .text._read_r  0x0000000000002292       0x2c /Applications/MounRiver Studio 2.app/Contents/Resources/app/resources/darwin/components/WCH/Toolchain/RISC-V Embedded GCC/bin/../lib/gcc/riscv-none-embed/8.2.0/../../../../riscv-none-embed/lib/rv32imacxw/ilp32/libg_nano.a(lib_a-readr.o)
                0x0000000000002292                _read_r
 .text._close   0x00000000000022be        0xc /Applications/MounRiver Studio 2.app/Contents/Resources/app/resources/darwin/components/WCH/Toolchain/RISC-V Embedded GCC/bin/../lib/gcc/riscv-none-embed/8.2.0/../../../../riscv-none-embed/lib/rv32imacxw/ilp32/libnosys.a(close.o)
                0x00000000000022be                _close
 .text._fstat   0x00000000000022ca        0xc /Applications/MounRiver Studio 2.app/Contents/Resources/app/resources/darwin/components/WCH/Toolchain/RISC-V Embedded GCC/bin/../lib/gcc/riscv-none-embed/8.2.0/../../../../riscv-none-embed/lib/rv32imacxw/ilp32/libnosys.a(fstat.o)
                0x00000000000022ca                _fstat
 .text._isatty  0x00000000000022d6        0xc /Applications/MounRiver Studio 2.app/Contents/Resources/app/resources/darwin/components/WCH/Toolchain/RISC-V Embedded GCC/bin/../lib/gcc/riscv-none-embed/8.2.0/../../../../riscv-none-embed/lib/rv32imacxw/ilp32/libnosys.a(isatty.o)
                0x00000000000022d6                _isatty
 .text._lseek   0x00000000000022e2        0xc /Applications/MounRiver Studio 2.app/Contents/Resources/app/resources/darwin/components/WCH/Toolchain/RISC-V Embedded GCC/bin/../lib/gcc/riscv-none-embed/8.2.0/../../../../riscv-none-embed/lib/rv32imacxw/ilp32/libnosys.a(lseek.o)
                0x00000000000022e2                _lseek
 .text._read    0x00000000000022ee        0xc /Applications/MounRiver Studio 2.app/Contents/Resources/app/resources/darwin/components/WCH/Toolchain/RISC-V Embedded GCC/bin/../lib/gcc/riscv-none-embed/8.2.0/../../../../riscv-none-embed/lib/rv32imacxw/ilp32/libnosys.a(read.o)
                0x00000000000022ee                _read
 *(.rodata)
 *(.rodata*)
 *fill*         0x00000000000022fa        0x2 
 .rodata.main.str1.4
                0x00000000000022fc       0x52 ./User/main.o
 *fill*         0x000000000000234e        0x2 
 .rodata.CSWTCH.3
                0x0000000000002350       0x14 ./User/parameter_code.o
 .rodata.Parameter_GetStripTypeStr.str1.4
                0x0000000000002364        0x8 ./User/parameter_code.o
 .rodata.Parameter_Init.str1.4
                0x000000000000236c       0x33 ./User/parameter_code.o
 *fill*         0x000000000000239f        0x1 
 .rodata.Parameter_Load.str1.4
                0x00000000000023a0       0x12 ./User/parameter_code.o
 *fill*         0x00000000000023b2        0x6 
 .rodata.Parameter_PrintInfo.cst8
                0x00000000000023b8        0x8 ./User/parameter_code.o
 .rodata.Parameter_PrintInfo.str1.4
                0x00000000000023c0      0x16a ./User/parameter_code.o
 *fill*         0x000000000000252a        0x2 
 .rodata.Parameter_Save.str1.4
                0x000000000000252c       0x11 ./User/parameter_code.o
 *fill*         0x000000000000253d        0x3 
 .rodata.str1.4
                0x0000000000002540       0x38 ./User/parameter_code.o
 .rodata.__muldf3
                0x0000000000002578       0x40 /Applications/MounRiver Studio 2.app/Contents/Resources/app/resources/darwin/components/WCH/Toolchain/RISC-V Embedded GCC/bin/../lib/gcc/riscv-none-embed/8.2.0/rv32imacxw/ilp32/libgcc.a(muldf3.o)
 .rodata.__clz_tab
                0x00000000000025b8      0x100 /Applications/MounRiver Studio 2.app/Contents/Resources/app/resources/darwin/components/WCH/Toolchain/RISC-V Embedded GCC/bin/../lib/gcc/riscv-none-embed/8.2.0/rv32imacxw/ilp32/libgcc.a(_clz.o)
                0x00000000000025b8                __clz_tab
 .rodata.__sf_fake_stderr
                0x00000000000026b8       0x20 /Applications/MounRiver Studio 2.app/Contents/Resources/app/resources/darwin/components/WCH/Toolchain/RISC-V Embedded GCC/bin/../lib/gcc/riscv-none-embed/8.2.0/../../../../riscv-none-embed/lib/rv32imacxw/ilp32/libg_nano.a(lib_a-findfp.o)
                0x00000000000026b8                __sf_fake_stderr
 .rodata.__sf_fake_stdin
                0x00000000000026d8       0x20 /Applications/MounRiver Studio 2.app/Contents/Resources/app/resources/darwin/components/WCH/Toolchain/RISC-V Embedded GCC/bin/../lib/gcc/riscv-none-embed/8.2.0/../../../../riscv-none-embed/lib/rv32imacxw/ilp32/libg_nano.a(lib_a-findfp.o)
                0x00000000000026d8                __sf_fake_stdin
 .rodata.__sf_fake_stdout
                0x00000000000026f8       0x20 /Applications/MounRiver Studio 2.app/Contents/Resources/app/resources/darwin/components/WCH/Toolchain/RISC-V Embedded GCC/bin/../lib/gcc/riscv-none-embed/8.2.0/../../../../riscv-none-embed/lib/rv32imacxw/ilp32/libg_nano.a(lib_a-findfp.o)
                0x00000000000026f8                __sf_fake_stdout
 .rodata._vfprintf_r.str1.4
                0x0000000000002718       0x13 /Applications/MounRiver Studio 2.app/Contents/Resources/app/resources/darwin/components/WCH/Toolchain/RISC-V Embedded GCC/bin/../lib/gcc/riscv-none-embed/8.2.0/../../../../riscv-none-embed/lib/rv32imacxw/ilp32/libg_nano.a(lib_a-nano-vfprintf.o)
 *fill*         0x000000000000272b        0x1 
 .rodata._printf_i.str1.4
                0x000000000000272c       0x28 /Applications/MounRiver Studio 2.app/Contents/Resources/app/resources/darwin/components/WCH/Toolchain/RISC-V Embedded GCC/bin/../lib/gcc/riscv-none-embed/8.2.0/../../../../riscv-none-embed/lib/rv32imacxw/ilp32/libg_nano.a(lib_a-nano-vfprintf_i.o)
                                         0x25 (size before relaxing)
 *(.gnu.linkonce.t.*)
                0x0000000000002754                . = ALIGN (0x4)

.rela.dyn       0x0000000000002754        0x0
 .rela.init     0x0000000000002754        0x0 ./User/protocol/uart_comm.o
 .rela.vector   0x0000000000002754        0x0 ./User/protocol/uart_comm.o
 .rela.text.handle_reset
                0x0000000000002754        0x0 ./User/protocol/uart_comm.o
 .rela.text._sbrk
                0x0000000000002754        0x0 ./User/protocol/uart_comm.o
 .rela.sdata.curbrk.4652
                0x0000000000002754        0x0 ./User/protocol/uart_comm.o
 .rela.text._vfprintf_r
                0x0000000000002754        0x0 ./User/protocol/uart_comm.o
 .rela.text._sbrk_r
                0x0000000000002754        0x0 ./User/protocol/uart_comm.o
 .rela.text._write_r
                0x0000000000002754        0x0 ./User/protocol/uart_comm.o
 .rela.text._close_r
                0x0000000000002754        0x0 ./User/protocol/uart_comm.o
 .rela.text._fstat_r
                0x0000000000002754        0x0 ./User/protocol/uart_comm.o
 .rela.text._isatty_r
                0x0000000000002754        0x0 ./User/protocol/uart_comm.o
 .rela.text._lseek_r
                0x0000000000002754        0x0 ./User/protocol/uart_comm.o
 .rela.text._read_r
                0x0000000000002754        0x0 ./User/protocol/uart_comm.o
 .rela.text._close
                0x0000000000002754        0x0 ./User/protocol/uart_comm.o
 .rela.text._fstat
                0x0000000000002754        0x0 ./User/protocol/uart_comm.o
 .rela.text._isatty
                0x0000000000002754        0x0 ./User/protocol/uart_comm.o
 .rela.text._lseek
                0x0000000000002754        0x0 ./User/protocol/uart_comm.o
 .rela.text._read
                0x0000000000002754        0x0 ./User/protocol/uart_comm.o

.fini           0x0000000000002754        0x0
 *(SORT_NONE(.fini))
                0x0000000000002754                . = ALIGN (0x4)
                [!provide]                        PROVIDE (_etext = .)
                [!provide]                        PROVIDE (_eitcm = .)

.preinit_array  0x0000000000002754        0x0
                [!provide]                        PROVIDE (__preinit_array_start = .)
 *(.preinit_array)
                [!provide]                        PROVIDE (__preinit_array_end = .)

.init_array     0x0000000000002754        0x0
                [!provide]                        PROVIDE (__init_array_start = .)
 *(SORT_BY_INIT_PRIORITY(.init_array.*) SORT_BY_INIT_PRIORITY(.ctors.*))
 *(.init_array EXCLUDE_FILE(*crtend?.o *crtend.o *crtbegin?.o *crtbegin.o) .ctors)
                [!provide]                        PROVIDE (__init_array_end = .)

.fini_array     0x0000000000002754        0x0
                [!provide]                        PROVIDE (__fini_array_start = .)
 *(SORT_BY_INIT_PRIORITY(.fini_array.*) SORT_BY_INIT_PRIORITY(.dtors.*))
 *(.fini_array EXCLUDE_FILE(*crtend?.o *crtend.o *crtbegin?.o *crtbegin.o) .dtors)
                [!provide]                        PROVIDE (__fini_array_end = .)

.ctors
 *crtbegin.o(.ctors)
 *crtbegin?.o(.ctors)
 *(EXCLUDE_FILE(*crtend?.o *crtend.o) .ctors)
 *(SORT_BY_NAME(.ctors.*))
 *(.ctors)

.dtors
 *crtbegin.o(.dtors)
 *crtbegin?.o(.dtors)
 *(EXCLUDE_FILE(*crtend?.o *crtend.o) .dtors)
 *(SORT_BY_NAME(.dtors.*))
 *(.dtors)

.dalign         0x0000000020000000        0x0 load address 0x0000000000002754
                0x0000000020000000                . = ALIGN (0x4)
                0x0000000020000000                PROVIDE (_data_vma = .)

.dlalign        0x0000000000002754        0x0
                0x0000000000002754                . = ALIGN (0x4)
                0x0000000000002754                PROVIDE (_data_lma = .)

.data           0x0000000020000000       0x98 load address 0x0000000000002754
 *(.gnu.linkonce.r.*)
 *(.data .data.*)
 .data.AHBPrescTable
                0x0000000020000000       0x10 ./User/system_ch32v20x.o
                0x0000000020000000                AHBPrescTable
 .data.APBAHBPrescTable
                0x0000000020000010       0x10 ./Peripheral/src/ch32v20x_rcc.o
 .data.impure_data
                0x0000000020000020       0x60 /Applications/MounRiver Studio 2.app/Contents/Resources/app/resources/darwin/components/WCH/Toolchain/RISC-V Embedded GCC/bin/../lib/gcc/riscv-none-embed/8.2.0/../../../../riscv-none-embed/lib/rv32imacxw/ilp32/libg_nano.a(lib_a-impure.o)
 *(.gnu.linkonce.d.*)
                0x0000000020000080                . = ALIGN (0x8)
                0x0000000020000880                PROVIDE (__global_pointer$ = (. + 0x800))
 *(.sdata .sdata.*)
 .sdata.SystemCoreClock
                0x0000000020000080        0x4 ./User/system_ch32v20x.o
                0x0000000020000080                SystemCoreClock
 .sdata.ADCPrescTable
                0x0000000020000084        0x4 ./Peripheral/src/ch32v20x_rcc.o
 .sdata.curbrk.4652
                0x0000000020000088        0x4 ./Debug/debug.o
 .sdata._impure_ptr
                0x000000002000008c        0x4 /Applications/MounRiver Studio 2.app/Contents/Resources/app/resources/darwin/components/WCH/Toolchain/RISC-V Embedded GCC/bin/../lib/gcc/riscv-none-embed/8.2.0/../../../../riscv-none-embed/lib/rv32imacxw/ilp32/libg_nano.a(lib_a-impure.o)
                0x000000002000008c                _impure_ptr
 *(.sdata2.*)
 .sdata2._global_impure_ptr
                0x0000000020000090        0x4 /Applications/MounRiver Studio 2.app/Contents/Resources/app/resources/darwin/components/WCH/Toolchain/RISC-V Embedded GCC/bin/../lib/gcc/riscv-none-embed/8.2.0/../../../../riscv-none-embed/lib/rv32imacxw/ilp32/libg_nano.a(lib_a-impure.o)
                0x0000000020000090                _global_impure_ptr
 *(.gnu.linkonce.s.*)
                0x0000000020000098                . = ALIGN (0x8)
 *fill*         0x0000000020000094        0x4 
 *(.srodata.cst16)
 *(.srodata.cst8)
 *(.srodata.cst4)
 *(.srodata.cst2)
 *(.srodata .srodata.*)
                0x0000000020000098                . = ALIGN (0x4)
                0x0000000020000098                PROVIDE (_edata = .)

.bss            0x0000000020000098      0x4c8 load address 0x00000000000027ec
                0x0000000020000098                . = ALIGN (0x4)
                0x0000000020000098                PROVIDE (_sbss = .)
 *(.sbss*)
 .sbss.UART_RxBufferHead
                0x0000000020000098        0x2 ./User/protocol/uart_comm.o
 .sbss.UART_RxFlag
                0x000000002000009a        0x1 ./User/protocol/uart_comm.o
 .sbss.UART_TxBusy
                0x000000002000009b        0x1 ./User/protocol/uart_comm.o
 .sbss.UART_TxCount
                0x000000002000009c        0x2 ./User/protocol/uart_comm.o
 .sbss.UART_TxIndex
                0x000000002000009e        0x2 ./User/protocol/uart_comm.o
 .sbss.g_ParameterInitialized
                0x00000000200000a0        0x1 ./User/parameter_code.o
 .sbss.MCU_Version
                0x00000000200000a1        0x1 ./Peripheral/src/ch32v20x_gpio.o
                0x00000000200000a1                MCU_Version
 *fill*         0x00000000200000a2        0x2 
 .sbss.NVIC_Priority_Group
                0x00000000200000a4        0x4 ./Peripheral/src/ch32v20x_misc.o
                0x00000000200000a4                NVIC_Priority_Group
 .sbss.p_ms     0x00000000200000a8        0x2 ./Debug/debug.o
 .sbss.p_us     0x00000000200000aa        0x1 ./Debug/debug.o
 *fill*         0x00000000200000ab        0x1 
 .sbss.__malloc_free_list
                0x00000000200000ac        0x4 /Applications/MounRiver Studio 2.app/Contents/Resources/app/resources/darwin/components/WCH/Toolchain/RISC-V Embedded GCC/bin/../lib/gcc/riscv-none-embed/8.2.0/../../../../riscv-none-embed/lib/rv32imacxw/ilp32/libg_nano.a(lib_a-nano-mallocr.o)
                0x00000000200000ac                __malloc_free_list
 .sbss.__malloc_sbrk_start
                0x00000000200000b0        0x4 /Applications/MounRiver Studio 2.app/Contents/Resources/app/resources/darwin/components/WCH/Toolchain/RISC-V Embedded GCC/bin/../lib/gcc/riscv-none-embed/8.2.0/../../../../riscv-none-embed/lib/rv32imacxw/ilp32/libg_nano.a(lib_a-nano-mallocr.o)
                0x00000000200000b0                __malloc_sbrk_start
 *(.gnu.linkonce.sb.*)
 *(.bss*)
 .bss.UART_RxBuffer
                0x00000000200000b4      0x100 ./User/protocol/uart_comm.o
 .bss.UART_TxBuffer
                0x00000000200001b4      0x100 ./User/protocol/uart_comm.o
 .bss.g_ParameterTable
                0x00000000200002b4      0x2a6 ./User/parameter_code.o
 *(.gnu.linkonce.b.*)
 *(COMMON*)
 *fill*         0x000000002000055a        0x2 
 COMMON         0x000000002000055c        0x4 /Applications/MounRiver Studio 2.app/Contents/Resources/app/resources/darwin/components/WCH/Toolchain/RISC-V Embedded GCC/bin/../lib/gcc/riscv-none-embed/8.2.0/../../../../riscv-none-embed/lib/rv32imacxw/ilp32/libg_nano.a(lib_a-reent.o)
                0x000000002000055c                errno
                0x0000000020000560                . = ALIGN (0x4)
                0x0000000020000560                PROVIDE (_ebss = .)
                0x0000000020000560                PROVIDE (_end = _ebss)
                [!provide]                        PROVIDE (end = .)

.stack          0x0000000020004800      0x800
                0x0000000020004800                PROVIDE (_heap_end = .)
                0x0000000020004800                . = ALIGN (0x4)
                [!provide]                        PROVIDE (_susrstack = .)
                0x0000000020005000                . = (. + __stack_size)
 *fill*         0x0000000020004800      0x800 
                0x0000000020005000                PROVIDE (_eusrstack = .)
OUTPUT(CH32V203G8R6.elf elf32-littleriscv)

.debug_info     0x0000000000000000     0xa888
 .debug_info    0x0000000000000000     0x1382 ./User/protocol/uart_comm.o
 .debug_info    0x0000000000001382      0xbb5 ./User/ch32v20x_it.o
 .debug_info    0x0000000000001f37      0xa6b ./User/main.o
 .debug_info    0x00000000000029a2     0x12a2 ./User/parameter_code.o
 .debug_info    0x0000000000003c44      0xb30 ./User/system_ch32v20x.o
 .debug_info    0x0000000000004774       0x22 ./Startup/startup_ch32v20x_D6.o
 .debug_info    0x0000000000004796      0xa89 ./Peripheral/src/ch32v20x_dbgmcu.o
 .debug_info    0x000000000000521f     0x1349 ./Peripheral/src/ch32v20x_gpio.o
 .debug_info    0x0000000000006568      0xe61 ./Peripheral/src/ch32v20x_misc.o
 .debug_info    0x00000000000073c9     0x1268 ./Peripheral/src/ch32v20x_rcc.o
 .debug_info    0x0000000000008631     0x1335 ./Peripheral/src/ch32v20x_usart.o
 .debug_info    0x0000000000009966      0xf22 ./Debug/debug.o

.debug_abbrev   0x0000000000000000     0x2040
 .debug_abbrev  0x0000000000000000      0x2f4 ./User/protocol/uart_comm.o
 .debug_abbrev  0x00000000000002f4      0x22c ./User/ch32v20x_it.o
 .debug_abbrev  0x0000000000000520      0x21b ./User/main.o
 .debug_abbrev  0x000000000000073b      0x3b8 ./User/parameter_code.o
 .debug_abbrev  0x0000000000000af3      0x2b0 ./User/system_ch32v20x.o
 .debug_abbrev  0x0000000000000da3       0x12 ./Startup/startup_ch32v20x_D6.o
 .debug_abbrev  0x0000000000000db5      0x2f7 ./Peripheral/src/ch32v20x_dbgmcu.o
 .debug_abbrev  0x00000000000010ac      0x34b ./Peripheral/src/ch32v20x_gpio.o
 .debug_abbrev  0x00000000000013f7      0x2ea ./Peripheral/src/ch32v20x_misc.o
 .debug_abbrev  0x00000000000016e1      0x36b ./Peripheral/src/ch32v20x_rcc.o
 .debug_abbrev  0x0000000000001a4c      0x312 ./Peripheral/src/ch32v20x_usart.o
 .debug_abbrev  0x0000000000001d5e      0x2e2 ./Debug/debug.o

.debug_loc      0x0000000000000000     0x1e75
 .debug_loc     0x0000000000000000      0x127 ./User/protocol/uart_comm.o
 .debug_loc     0x0000000000000127      0x335 ./User/parameter_code.o
 .debug_loc     0x000000000000045c       0xac ./User/system_ch32v20x.o
 .debug_loc     0x0000000000000508       0x7c ./Peripheral/src/ch32v20x_dbgmcu.o
 .debug_loc     0x0000000000000584      0x8a1 ./Peripheral/src/ch32v20x_gpio.o
 .debug_loc     0x0000000000000e25       0x2d ./Peripheral/src/ch32v20x_misc.o
 .debug_loc     0x0000000000000e52      0x797 ./Peripheral/src/ch32v20x_rcc.o
 .debug_loc     0x00000000000015e9      0x715 ./Peripheral/src/ch32v20x_usart.o
 .debug_loc     0x0000000000001cfe      0x177 ./Debug/debug.o

.debug_aranges  0x0000000000000000      0x510
 .debug_aranges
                0x0000000000000000       0x50 ./User/protocol/uart_comm.o
 .debug_aranges
                0x0000000000000050       0x28 ./User/ch32v20x_it.o
 .debug_aranges
                0x0000000000000078       0x20 ./User/main.o
 .debug_aranges
                0x0000000000000098       0x90 ./User/parameter_code.o
 .debug_aranges
                0x0000000000000128       0x28 ./User/system_ch32v20x.o
 .debug_aranges
                0x0000000000000150       0x30 ./Startup/startup_ch32v20x_D6.o
 .debug_aranges
                0x0000000000000180       0x48 ./Peripheral/src/ch32v20x_dbgmcu.o
 .debug_aranges
                0x00000000000001c8       0xb0 ./Peripheral/src/ch32v20x_gpio.o
 .debug_aranges
                0x0000000000000278       0x28 ./Peripheral/src/ch32v20x_misc.o
 .debug_aranges
                0x00000000000002a0      0x130 ./Peripheral/src/ch32v20x_rcc.o
 .debug_aranges
                0x00000000000003d0       0xf0 ./Peripheral/src/ch32v20x_usart.o
 .debug_aranges
                0x00000000000004c0       0x50 ./Debug/debug.o

.debug_ranges   0x0000000000000000      0x600
 .debug_ranges  0x0000000000000000       0x40 ./User/protocol/uart_comm.o
 .debug_ranges  0x0000000000000040       0x18 ./User/ch32v20x_it.o
 .debug_ranges  0x0000000000000058       0x10 ./User/main.o
 .debug_ranges  0x0000000000000068      0x1e0 ./User/parameter_code.o
 .debug_ranges  0x0000000000000248       0x18 ./User/system_ch32v20x.o
 .debug_ranges  0x0000000000000260       0x28 ./Startup/startup_ch32v20x_D6.o
 .debug_ranges  0x0000000000000288       0x50 ./Peripheral/src/ch32v20x_dbgmcu.o
 .debug_ranges  0x00000000000002d8       0xa0 ./Peripheral/src/ch32v20x_gpio.o
 .debug_ranges  0x0000000000000378       0x48 ./Peripheral/src/ch32v20x_misc.o
 .debug_ranges  0x00000000000003c0      0x120 ./Peripheral/src/ch32v20x_rcc.o
 .debug_ranges  0x00000000000004e0       0xe0 ./Peripheral/src/ch32v20x_usart.o
 .debug_ranges  0x00000000000005c0       0x40 ./Debug/debug.o

.debug_line     0x0000000000000000     0x72c2
 .debug_line    0x0000000000000000      0xa28 ./User/protocol/uart_comm.o
 .debug_line    0x0000000000000a28      0x37e ./User/ch32v20x_it.o
 .debug_line    0x0000000000000da6      0x4a5 ./User/main.o
 .debug_line    0x000000000000124b      0xe99 ./User/parameter_code.o
 .debug_line    0x00000000000020e4      0x69d ./User/system_ch32v20x.o
 .debug_line    0x0000000000002781      0x121 ./Startup/startup_ch32v20x_D6.o
 .debug_line    0x00000000000028a2      0x459 ./Peripheral/src/ch32v20x_dbgmcu.o
 .debug_line    0x0000000000002cfb     0x16f6 ./Peripheral/src/ch32v20x_gpio.o
 .debug_line    0x00000000000043f1      0x4c8 ./Peripheral/src/ch32v20x_misc.o
 .debug_line    0x00000000000048b9     0x127e ./Peripheral/src/ch32v20x_rcc.o
 .debug_line    0x0000000000005b37      0xf61 ./Peripheral/src/ch32v20x_usart.o
 .debug_line    0x0000000000006a98      0x82a ./Debug/debug.o

.debug_str      0x0000000000000000     0x1bd9
 .debug_str     0x0000000000000000      0xd23 ./User/protocol/uart_comm.o
                                        0xdac (size before relaxing)
 .debug_str     0x0000000000000d23       0xab ./User/ch32v20x_it.o
                                        0x6a5 (size before relaxing)
 .debug_str     0x0000000000000dce       0xaa ./User/main.o
                                        0x651 (size before relaxing)
 .debug_str     0x0000000000000e78      0x16e ./User/parameter_code.o
                                        0x781 (size before relaxing)
 .debug_str     0x0000000000000fe6       0xdd ./User/system_ch32v20x.o
                                        0x6c0 (size before relaxing)
 .debug_str     0x00000000000010c3       0x2d ./Startup/startup_ch32v20x_D6.o
                                         0x76 (size before relaxing)
 .debug_str     0x00000000000010f0       0x87 ./Peripheral/src/ch32v20x_dbgmcu.o
                                        0x666 (size before relaxing)
 .debug_str     0x0000000000001177      0x27a ./Peripheral/src/ch32v20x_gpio.o
                                        0x9dc (size before relaxing)
 .debug_str     0x00000000000013f1       0x9c ./Peripheral/src/ch32v20x_misc.o
                                        0xa9e (size before relaxing)
 .debug_str     0x000000000000148d      0x3d9 ./Peripheral/src/ch32v20x_rcc.o
                                        0xaee (size before relaxing)
 .debug_str     0x0000000000001866      0x2ed ./Peripheral/src/ch32v20x_usart.o
                                        0xb0a (size before relaxing)
 .debug_str     0x0000000000001b53       0x86 ./Debug/debug.o
                                        0x931 (size before relaxing)

.comment        0x0000000000000000       0x32
 .comment       0x0000000000000000       0x32 ./User/protocol/uart_comm.o
                                         0x33 (size before relaxing)
 .comment       0x0000000000000032       0x33 ./User/ch32v20x_it.o
 .comment       0x0000000000000032       0x33 ./User/main.o
 .comment       0x0000000000000032       0x33 ./User/parameter_code.o
 .comment       0x0000000000000032       0x33 ./User/system_ch32v20x.o
 .comment       0x0000000000000032       0x33 ./Peripheral/src/ch32v20x_dbgmcu.o
 .comment       0x0000000000000032       0x33 ./Peripheral/src/ch32v20x_gpio.o
 .comment       0x0000000000000032       0x33 ./Peripheral/src/ch32v20x_misc.o
 .comment       0x0000000000000032       0x33 ./Peripheral/src/ch32v20x_rcc.o
 .comment       0x0000000000000032       0x33 ./Peripheral/src/ch32v20x_usart.o
 .comment       0x0000000000000032       0x33 ./Debug/debug.o
 .comment       0x0000000000000032       0x33 /Applications/MounRiver Studio 2.app/Contents/Resources/app/resources/darwin/components/WCH/Toolchain/RISC-V Embedded GCC/bin/../lib/gcc/riscv-none-embed/8.2.0/rv32imacxw/ilp32/libgcc.a(muldf3.o)
 .comment       0x0000000000000032       0x33 /Applications/MounRiver Studio 2.app/Contents/Resources/app/resources/darwin/components/WCH/Toolchain/RISC-V Embedded GCC/bin/../lib/gcc/riscv-none-embed/8.2.0/rv32imacxw/ilp32/libgcc.a(floatsidf.o)
 .comment       0x0000000000000032       0x33 /Applications/MounRiver Studio 2.app/Contents/Resources/app/resources/darwin/components/WCH/Toolchain/RISC-V Embedded GCC/bin/../lib/gcc/riscv-none-embed/8.2.0/rv32imacxw/ilp32/libgcc.a(_clzsi2.o)
 .comment       0x0000000000000032       0x33 /Applications/MounRiver Studio 2.app/Contents/Resources/app/resources/darwin/components/WCH/Toolchain/RISC-V Embedded GCC/bin/../lib/gcc/riscv-none-embed/8.2.0/rv32imacxw/ilp32/libgcc.a(_clz.o)

.debug_frame    0x0000000000000000     0x12f0
 .debug_frame   0x0000000000000000       0xf0 ./User/protocol/uart_comm.o
 .debug_frame   0x00000000000000f0       0x30 ./User/ch32v20x_it.o
 .debug_frame   0x0000000000000120       0x28 ./User/main.o
 .debug_frame   0x0000000000000148      0x164 ./User/parameter_code.o
 .debug_frame   0x00000000000002ac       0x30 ./User/system_ch32v20x.o
 .debug_frame   0x00000000000002dc       0x70 ./Peripheral/src/ch32v20x_dbgmcu.o
 .debug_frame   0x000000000000034c      0x170 ./Peripheral/src/ch32v20x_gpio.o
 .debug_frame   0x00000000000004bc       0x30 ./Peripheral/src/ch32v20x_misc.o
 .debug_frame   0x00000000000004ec      0x254 ./Peripheral/src/ch32v20x_rcc.o
 .debug_frame   0x0000000000000740      0x1e4 ./Peripheral/src/ch32v20x_usart.o
 .debug_frame   0x0000000000000924       0xb8 ./Debug/debug.o
 .debug_frame   0x00000000000009dc       0x54 /Applications/MounRiver Studio 2.app/Contents/Resources/app/resources/darwin/components/WCH/Toolchain/RISC-V Embedded GCC/bin/../lib/gcc/riscv-none-embed/8.2.0/../../../../riscv-none-embed/lib/rv32imacxw/ilp32/libg_nano.a(lib_a-printf.o)
 .debug_frame   0x0000000000000a30       0x54 /Applications/MounRiver Studio 2.app/Contents/Resources/app/resources/darwin/components/WCH/Toolchain/RISC-V Embedded GCC/bin/../lib/gcc/riscv-none-embed/8.2.0/../../../../riscv-none-embed/lib/rv32imacxw/ilp32/libg_nano.a(lib_a-puts.o)
 .debug_frame   0x0000000000000a84       0x50 /Applications/MounRiver Studio 2.app/Contents/Resources/app/resources/darwin/components/WCH/Toolchain/RISC-V Embedded GCC/bin/../lib/gcc/riscv-none-embed/8.2.0/../../../../riscv-none-embed/lib/rv32imacxw/ilp32/libg_nano.a(lib_a-wbuf.o)
 .debug_frame   0x0000000000000ad4       0x3c /Applications/MounRiver Studio 2.app/Contents/Resources/app/resources/darwin/components/WCH/Toolchain/RISC-V Embedded GCC/bin/../lib/gcc/riscv-none-embed/8.2.0/../../../../riscv-none-embed/lib/rv32imacxw/ilp32/libg_nano.a(lib_a-wsetup.o)
 .debug_frame   0x0000000000000b10       0x7c /Applications/MounRiver Studio 2.app/Contents/Resources/app/resources/darwin/components/WCH/Toolchain/RISC-V Embedded GCC/bin/../lib/gcc/riscv-none-embed/8.2.0/../../../../riscv-none-embed/lib/rv32imacxw/ilp32/libg_nano.a(lib_a-fflush.o)
 .debug_frame   0x0000000000000b8c      0x148 /Applications/MounRiver Studio 2.app/Contents/Resources/app/resources/darwin/components/WCH/Toolchain/RISC-V Embedded GCC/bin/../lib/gcc/riscv-none-embed/8.2.0/../../../../riscv-none-embed/lib/rv32imacxw/ilp32/libg_nano.a(lib_a-findfp.o)
 .debug_frame   0x0000000000000cd4       0x88 /Applications/MounRiver Studio 2.app/Contents/Resources/app/resources/darwin/components/WCH/Toolchain/RISC-V Embedded GCC/bin/../lib/gcc/riscv-none-embed/8.2.0/../../../../riscv-none-embed/lib/rv32imacxw/ilp32/libg_nano.a(lib_a-fwalk.o)
 .debug_frame   0x0000000000000d5c       0x64 /Applications/MounRiver Studio 2.app/Contents/Resources/app/resources/darwin/components/WCH/Toolchain/RISC-V Embedded GCC/bin/../lib/gcc/riscv-none-embed/8.2.0/../../../../riscv-none-embed/lib/rv32imacxw/ilp32/libg_nano.a(lib_a-makebuf.o)
 .debug_frame   0x0000000000000dc0       0x40 /Applications/MounRiver Studio 2.app/Contents/Resources/app/resources/darwin/components/WCH/Toolchain/RISC-V Embedded GCC/bin/../lib/gcc/riscv-none-embed/8.2.0/../../../../riscv-none-embed/lib/rv32imacxw/ilp32/libg_nano.a(lib_a-nano-freer.o)
 .debug_frame   0x0000000000000e00       0x40 /Applications/MounRiver Studio 2.app/Contents/Resources/app/resources/darwin/components/WCH/Toolchain/RISC-V Embedded GCC/bin/../lib/gcc/riscv-none-embed/8.2.0/../../../../riscv-none-embed/lib/rv32imacxw/ilp32/libg_nano.a(lib_a-nano-mallocr.o)
 .debug_frame   0x0000000000000e40       0xd0 /Applications/MounRiver Studio 2.app/Contents/Resources/app/resources/darwin/components/WCH/Toolchain/RISC-V Embedded GCC/bin/../lib/gcc/riscv-none-embed/8.2.0/../../../../riscv-none-embed/lib/rv32imacxw/ilp32/libg_nano.a(lib_a-nano-vfprintf.o)
 .debug_frame   0x0000000000000f10       0x8c /Applications/MounRiver Studio 2.app/Contents/Resources/app/resources/darwin/components/WCH/Toolchain/RISC-V Embedded GCC/bin/../lib/gcc/riscv-none-embed/8.2.0/../../../../riscv-none-embed/lib/rv32imacxw/ilp32/libg_nano.a(lib_a-nano-vfprintf_i.o)
 .debug_frame   0x0000000000000f9c       0x30 /Applications/MounRiver Studio 2.app/Contents/Resources/app/resources/darwin/components/WCH/Toolchain/RISC-V Embedded GCC/bin/../lib/gcc/riscv-none-embed/8.2.0/../../../../riscv-none-embed/lib/rv32imacxw/ilp32/libg_nano.a(lib_a-sbrkr.o)
 .debug_frame   0x0000000000000fcc       0xa4 /Applications/MounRiver Studio 2.app/Contents/Resources/app/resources/darwin/components/WCH/Toolchain/RISC-V Embedded GCC/bin/../lib/gcc/riscv-none-embed/8.2.0/../../../../riscv-none-embed/lib/rv32imacxw/ilp32/libg_nano.a(lib_a-stdio.o)
 .debug_frame   0x0000000000001070       0x30 /Applications/MounRiver Studio 2.app/Contents/Resources/app/resources/darwin/components/WCH/Toolchain/RISC-V Embedded GCC/bin/../lib/gcc/riscv-none-embed/8.2.0/../../../../riscv-none-embed/lib/rv32imacxw/ilp32/libg_nano.a(lib_a-writer.o)
 .debug_frame   0x00000000000010a0       0x30 /Applications/MounRiver Studio 2.app/Contents/Resources/app/resources/darwin/components/WCH/Toolchain/RISC-V Embedded GCC/bin/../lib/gcc/riscv-none-embed/8.2.0/../../../../riscv-none-embed/lib/rv32imacxw/ilp32/libg_nano.a(lib_a-closer.o)
 .debug_frame   0x00000000000010d0       0x30 /Applications/MounRiver Studio 2.app/Contents/Resources/app/resources/darwin/components/WCH/Toolchain/RISC-V Embedded GCC/bin/../lib/gcc/riscv-none-embed/8.2.0/../../../../riscv-none-embed/lib/rv32imacxw/ilp32/libg_nano.a(lib_a-fstatr.o)
 .debug_frame   0x0000000000001100       0x30 /Applications/MounRiver Studio 2.app/Contents/Resources/app/resources/darwin/components/WCH/Toolchain/RISC-V Embedded GCC/bin/../lib/gcc/riscv-none-embed/8.2.0/../../../../riscv-none-embed/lib/rv32imacxw/ilp32/libg_nano.a(lib_a-isattyr.o)
 .debug_frame   0x0000000000001130       0x30 /Applications/MounRiver Studio 2.app/Contents/Resources/app/resources/darwin/components/WCH/Toolchain/RISC-V Embedded GCC/bin/../lib/gcc/riscv-none-embed/8.2.0/../../../../riscv-none-embed/lib/rv32imacxw/ilp32/libg_nano.a(lib_a-lseekr.o)
 .debug_frame   0x0000000000001160       0x20 /Applications/MounRiver Studio 2.app/Contents/Resources/app/resources/darwin/components/WCH/Toolchain/RISC-V Embedded GCC/bin/../lib/gcc/riscv-none-embed/8.2.0/../../../../riscv-none-embed/lib/rv32imacxw/ilp32/libg_nano.a(lib_a-memchr.o)
 .debug_frame   0x0000000000001180       0x30 /Applications/MounRiver Studio 2.app/Contents/Resources/app/resources/darwin/components/WCH/Toolchain/RISC-V Embedded GCC/bin/../lib/gcc/riscv-none-embed/8.2.0/../../../../riscv-none-embed/lib/rv32imacxw/ilp32/libg_nano.a(lib_a-mlock.o)
 .debug_frame   0x00000000000011b0       0x30 /Applications/MounRiver Studio 2.app/Contents/Resources/app/resources/darwin/components/WCH/Toolchain/RISC-V Embedded GCC/bin/../lib/gcc/riscv-none-embed/8.2.0/../../../../riscv-none-embed/lib/rv32imacxw/ilp32/libg_nano.a(lib_a-readr.o)
 .debug_frame   0x00000000000011e0       0x70 /Applications/MounRiver Studio 2.app/Contents/Resources/app/resources/darwin/components/WCH/Toolchain/RISC-V Embedded GCC/bin/../lib/gcc/riscv-none-embed/8.2.0/../../../../riscv-none-embed/lib/rv32imacxw/ilp32/libg_nano.a(lib_a-reent.o)
 .debug_frame   0x0000000000001250       0x20 /Applications/MounRiver Studio 2.app/Contents/Resources/app/resources/darwin/components/WCH/Toolchain/RISC-V Embedded GCC/bin/../lib/gcc/riscv-none-embed/8.2.0/../../../../riscv-none-embed/lib/rv32imacxw/ilp32/libnosys.a(close.o)
 .debug_frame   0x0000000000001270       0x20 /Applications/MounRiver Studio 2.app/Contents/Resources/app/resources/darwin/components/WCH/Toolchain/RISC-V Embedded GCC/bin/../lib/gcc/riscv-none-embed/8.2.0/../../../../riscv-none-embed/lib/rv32imacxw/ilp32/libnosys.a(fstat.o)
 .debug_frame   0x0000000000001290       0x20 /Applications/MounRiver Studio 2.app/Contents/Resources/app/resources/darwin/components/WCH/Toolchain/RISC-V Embedded GCC/bin/../lib/gcc/riscv-none-embed/8.2.0/../../../../riscv-none-embed/lib/rv32imacxw/ilp32/libnosys.a(isatty.o)
 .debug_frame   0x00000000000012b0       0x20 /Applications/MounRiver Studio 2.app/Contents/Resources/app/resources/darwin/components/WCH/Toolchain/RISC-V Embedded GCC/bin/../lib/gcc/riscv-none-embed/8.2.0/../../../../riscv-none-embed/lib/rv32imacxw/ilp32/libnosys.a(lseek.o)
 .debug_frame   0x00000000000012d0       0x20 /Applications/MounRiver Studio 2.app/Contents/Resources/app/resources/darwin/components/WCH/Toolchain/RISC-V Embedded GCC/bin/../lib/gcc/riscv-none-embed/8.2.0/../../../../riscv-none-embed/lib/rv32imacxw/ilp32/libnosys.a(read.o)

.stab           0x0000000000000000       0x84
 .stab          0x0000000000000000       0x24 /Applications/MounRiver Studio 2.app/Contents/Resources/app/resources/darwin/components/WCH/Toolchain/RISC-V Embedded GCC/bin/../lib/gcc/riscv-none-embed/8.2.0/../../../../riscv-none-embed/lib/rv32imacxw/ilp32/libnosys.a(close.o)
 .stab          0x0000000000000024       0x18 /Applications/MounRiver Studio 2.app/Contents/Resources/app/resources/darwin/components/WCH/Toolchain/RISC-V Embedded GCC/bin/../lib/gcc/riscv-none-embed/8.2.0/../../../../riscv-none-embed/lib/rv32imacxw/ilp32/libnosys.a(fstat.o)
                                         0x24 (size before relaxing)
 .stab          0x000000000000003c       0x18 /Applications/MounRiver Studio 2.app/Contents/Resources/app/resources/darwin/components/WCH/Toolchain/RISC-V Embedded GCC/bin/../lib/gcc/riscv-none-embed/8.2.0/../../../../riscv-none-embed/lib/rv32imacxw/ilp32/libnosys.a(isatty.o)
                                         0x24 (size before relaxing)
 .stab          0x0000000000000054       0x18 /Applications/MounRiver Studio 2.app/Contents/Resources/app/resources/darwin/components/WCH/Toolchain/RISC-V Embedded GCC/bin/../lib/gcc/riscv-none-embed/8.2.0/../../../../riscv-none-embed/lib/rv32imacxw/ilp32/libnosys.a(lseek.o)
                                         0x24 (size before relaxing)
 .stab          0x000000000000006c       0x18 /Applications/MounRiver Studio 2.app/Contents/Resources/app/resources/darwin/components/WCH/Toolchain/RISC-V Embedded GCC/bin/../lib/gcc/riscv-none-embed/8.2.0/../../../../riscv-none-embed/lib/rv32imacxw/ilp32/libnosys.a(read.o)
                                         0x24 (size before relaxing)

.stabstr        0x0000000000000000      0x117
 .stabstr       0x0000000000000000      0x117 /Applications/MounRiver Studio 2.app/Contents/Resources/app/resources/darwin/components/WCH/Toolchain/RISC-V Embedded GCC/bin/../lib/gcc/riscv-none-embed/8.2.0/../../../../riscv-none-embed/lib/rv32imacxw/ilp32/libnosys.a(close.o)
