Archive member included to satisfy reference by file (symbol)

/Applications/MounRiver Studio 2.app/Contents/Resources/app/resources/darwin/components/WCH/Toolchain/RISC-V Embedded GCC/bin/../lib/gcc/riscv-none-embed/8.2.0/rv32imacxw/ilp32/libgcc.a(gesf2.o)
                              ./User/strip_detect.o (__gtsf2)
/Applications/MounRiver Studio 2.app/Contents/Resources/app/resources/darwin/components/WCH/Toolchain/RISC-V Embedded GCC/bin/../lib/gcc/riscv-none-embed/8.2.0/rv32imacxw/ilp32/libgcc.a(mulsf3.o)
                              ./User/strip_detect.o (__mulsf3)
/Applications/MounRiver Studio 2.app/Contents/Resources/app/resources/darwin/components/WCH/Toolchain/RISC-V Embedded GCC/bin/../lib/gcc/riscv-none-embed/8.2.0/rv32imacxw/ilp32/libgcc.a(floatunsisf.o)
                              ./User/strip_detect.o (__floatunsisf)
/Applications/MounRiver Studio 2.app/Contents/Resources/app/resources/darwin/components/WCH/Toolchain/RISC-V Embedded GCC/bin/../lib/gcc/riscv-none-embed/8.2.0/rv32imacxw/ilp32/libgcc.a(extendsfdf2.o)
                              ./User/strip_detect.o (__extendsfdf2)
/Applications/MounRiver Studio 2.app/Contents/Resources/app/resources/darwin/components/WCH/Toolchain/RISC-V Embedded GCC/bin/../lib/gcc/riscv-none-embed/8.2.0/rv32imacxw/ilp32/libgcc.a(save-restore.o)
                              ./User/rtc.o (__riscv_save_9)
/Applications/MounRiver Studio 2.app/Contents/Resources/app/resources/darwin/components/WCH/Toolchain/RISC-V Embedded GCC/bin/../lib/gcc/riscv-none-embed/8.2.0/rv32imacxw/ilp32/libgcc.a(_clzsi2.o)
                              /Applications/MounRiver Studio 2.app/Contents/Resources/app/resources/darwin/components/WCH/Toolchain/RISC-V Embedded GCC/bin/../lib/gcc/riscv-none-embed/8.2.0/rv32imacxw/ilp32/libgcc.a(mulsf3.o) (__clzsi2)
/Applications/MounRiver Studio 2.app/Contents/Resources/app/resources/darwin/components/WCH/Toolchain/RISC-V Embedded GCC/bin/../lib/gcc/riscv-none-embed/8.2.0/rv32imacxw/ilp32/libgcc.a(_clz.o)
                              /Applications/MounRiver Studio 2.app/Contents/Resources/app/resources/darwin/components/WCH/Toolchain/RISC-V Embedded GCC/bin/../lib/gcc/riscv-none-embed/8.2.0/rv32imacxw/ilp32/libgcc.a(_clzsi2.o) (__clz_tab)
/Applications/MounRiver Studio 2.app/Contents/Resources/app/resources/darwin/components/WCH/Toolchain/RISC-V Embedded GCC/bin/../lib/gcc/riscv-none-embed/8.2.0/../../../../riscv-none-embed/lib/rv32imacxw/ilp32/libg_nano.a(lib_a-memcpy.o)
                              ./User/main.o (memcpy)
/Applications/MounRiver Studio 2.app/Contents/Resources/app/resources/darwin/components/WCH/Toolchain/RISC-V Embedded GCC/bin/../lib/gcc/riscv-none-embed/8.2.0/../../../../riscv-none-embed/lib/rv32imacxw/ilp32/libg_nano.a(lib_a-memset.o)
                              ./User/main.o (memset)
/Applications/MounRiver Studio 2.app/Contents/Resources/app/resources/darwin/components/WCH/Toolchain/RISC-V Embedded GCC/bin/../lib/gcc/riscv-none-embed/8.2.0/../../../../riscv-none-embed/lib/rv32imacxw/ilp32/libg_nano.a(lib_a-printf.o)
                              ./User/main.o (printf)
/Applications/MounRiver Studio 2.app/Contents/Resources/app/resources/darwin/components/WCH/Toolchain/RISC-V Embedded GCC/bin/../lib/gcc/riscv-none-embed/8.2.0/../../../../riscv-none-embed/lib/rv32imacxw/ilp32/libg_nano.a(lib_a-puts.o)
                              ./User/main.o (puts)
/Applications/MounRiver Studio 2.app/Contents/Resources/app/resources/darwin/components/WCH/Toolchain/RISC-V Embedded GCC/bin/../lib/gcc/riscv-none-embed/8.2.0/../../../../riscv-none-embed/lib/rv32imacxw/ilp32/libg_nano.a(lib_a-wbuf.o)
                              /Applications/MounRiver Studio 2.app/Contents/Resources/app/resources/darwin/components/WCH/Toolchain/RISC-V Embedded GCC/bin/../lib/gcc/riscv-none-embed/8.2.0/../../../../riscv-none-embed/lib/rv32imacxw/ilp32/libg_nano.a(lib_a-puts.o) (__swbuf_r)
/Applications/MounRiver Studio 2.app/Contents/Resources/app/resources/darwin/components/WCH/Toolchain/RISC-V Embedded GCC/bin/../lib/gcc/riscv-none-embed/8.2.0/../../../../riscv-none-embed/lib/rv32imacxw/ilp32/libg_nano.a(lib_a-wsetup.o)
                              /Applications/MounRiver Studio 2.app/Contents/Resources/app/resources/darwin/components/WCH/Toolchain/RISC-V Embedded GCC/bin/../lib/gcc/riscv-none-embed/8.2.0/../../../../riscv-none-embed/lib/rv32imacxw/ilp32/libg_nano.a(lib_a-puts.o) (__swsetup_r)
/Applications/MounRiver Studio 2.app/Contents/Resources/app/resources/darwin/components/WCH/Toolchain/RISC-V Embedded GCC/bin/../lib/gcc/riscv-none-embed/8.2.0/../../../../riscv-none-embed/lib/rv32imacxw/ilp32/libg_nano.a(lib_a-fflush.o)
                              /Applications/MounRiver Studio 2.app/Contents/Resources/app/resources/darwin/components/WCH/Toolchain/RISC-V Embedded GCC/bin/../lib/gcc/riscv-none-embed/8.2.0/../../../../riscv-none-embed/lib/rv32imacxw/ilp32/libg_nano.a(lib_a-wbuf.o) (_fflush_r)
[...]
Memory Configuration

Name             Origin             Length             Attributes
FLASH            0x0000000000000000 0x0000000000010000 xr
RAM              0x0000000020000000 0x0000000000005000 xrw
*default*        0x0000000000000000 0xffffffffffffffff

Linker script and memory map

LOAD ./User/ch32v20x_it.o
LOAD ./User/main.o
LOAD ./User/param_table.o
LOAD ./User/rtc.o
LOAD ./User/strip_detect.o
LOAD ./User/system_ch32v20x.o
LOAD ./User/uart_protocol.o
LOAD ./User/uart_protocol_stubs.o
LOAD ./Startup/startup_ch32v20x_D6.o
LOAD ./Peripheral/src/ch32v20x_adc.o
LOAD ./Peripheral/src/ch32v20x_bkp.o
LOAD ./Peripheral/src/ch32v20x_can.o
LOAD ./Peripheral/src/ch32v20x_crc.o
LOAD ./Peripheral/src/ch32v20x_dbgmcu.o
LOAD ./Peripheral/src/ch32v20x_dma.o
LOAD ./Peripheral/src/ch32v20x_exti.o
LOAD ./Peripheral/src/ch32v20x_flash.o
LOAD ./Peripheral/src/ch32v20x_gpio.o
LOAD ./Peripheral/src/ch32v20x_i2c.o
LOAD ./Peripheral/src/ch32v20x_iwdg.o
LOAD ./Peripheral/src/ch32v20x_misc.o
LOAD ./Peripheral/src/ch32v20x_opa.o
LOAD ./Peripheral/src/ch32v20x_pwr.o
LOAD ./Peripheral/src/ch32v20x_rcc.o
LOAD ./Peripheral/src/ch32v20x_rtc.o
LOAD ./Peripheral/src/ch32v20x_spi.o
LOAD ./Peripheral/src/ch32v20x_tim.o
LOAD ./Peripheral/src/ch32v20x_usart.o
LOAD ./Peripheral/src/ch32v20x_wwdg.o
LOAD ./Debug/debug.o
LOAD ./Core/core_riscv.o
LOAD /Applications/MounRiver Studio 2.app/Contents/Resources/app/resources/darwin/components/WCH/Toolchain/RISC-V Embedded GCC/bin/../lib/gcc/riscv-none-embed/8.2.0/rv32imacxw/ilp32/libgcc.a
LOAD /Applications/MounRiver Studio 2.app/Contents/Resources/app/resources/darwin/components/WCH/Toolchain/RISC-V Embedded GCC/bin/../lib/gcc/riscv-none-embed/8.2.0/../../../../riscv-none-embed/lib/rv32imacxw/ilp32/libg_nano.a
LOAD /Applications/MounRiver Studio 2.app/Contents/Resources/app/resources/darwin/components/WCH/Toolchain/RISC-V Embedded GCC/bin/../lib/gcc/riscv-none-embed/8.2.0/../../../../riscv-none-embed/lib/rv32imacxw/ilp32/libc_nano.a
LOAD /Applications/MounRiver Studio 2.app/Contents/Resources/app/resources/darwin/components/WCH/Toolchain/RISC-V Embedded GCC/bin/../lib/gcc/riscv-none-embed/8.2.0/rv32imacxw/ilp32/libgcc.a
START GROUP
LOAD /Applications/MounRiver Studio 2.app/Contents/Resources/app/resources/darwin/components/WCH/Toolchain/RISC-V Embedded GCC/bin/../lib/gcc/riscv-none-embed/8.2.0/rv32imacxw/ilp32/libgcc.a
LOAD /Applications/MounRiver Studio 2.app/Contents/Resources/app/resources/darwin/components/WCH/Toolchain/RISC-V Embedded GCC/bin/../lib/gcc/riscv-none-embed/8.2.0/../../../../riscv-none-embed/lib/rv32imacxw/ilp32/libc_nano.a
LOAD /Applications/MounRiver Studio 2.app/Contents/Resources/app/resources/darwin/components/WCH/Toolchain/RISC-V Embedded GCC/bin/../lib/gcc/riscv-none-embed/8.2.0/../../../../riscv-none-embed/lib/rv32imacxw/ilp32/libnosys.a
END GROUP
START GROUP
LOAD /Applications/MounRiver Studio 2.app/Contents/Resources/app/resources/darwin/components/WCH/Toolchain/RISC-V Embedded GCC/bin/../lib/gcc/riscv-none-embed/8.2.0/rv32imacxw/ilp32/libgcc.a
LOAD /Applications/MounRiver Studio 2.app/Contents/Resources/app/resources/darwin/components/WCH/Toolchain/RISC-V Embedded GCC/bin/../lib/gcc/riscv-none-embed/8.2.0/../../../../riscv-none-embed/lib/rv32imacxw/ilp32/libc_nano.a
LOAD /Applications/MounRiver Studio 2.app/Contents/Resources/app/resources/darwin/components/WCH/Toolchain/RISC-V Embedded GCC/bin/../lib/gcc/riscv-none-embed/8.2.0/../../../../riscv-none-embed/lib/rv32imacxw/ilp32/libnosys.a
END GROUP
                0x0000000000000800                __stack_size = 0x800
                [!provide]                        PROVIDE (_stack_size = __stack_size)

.init           0x0000000000000000        0x4
                0x0000000000000000                _sinit = .
                0x0000000000000000                . = ALIGN (0x4)
 *(SORT_NONE(.init))
 .init          0x0000000000000000        0x4 ./Startup/startup_ch32v20x_D6.o
                0x0000000000000000                _start
                0x0000000000000004                . = ALIGN (0x4)
                0x0000000000000004                _einit = .

.vector         0x0000000000000004       0xfc
 *(.vector)
 .vector        0x0000000000000004       0xfc ./Startup/startup_ch32v20x_D6.o
                0x0000000000000100                . = ALIGN (0x40)

.text           0x0000000000000100     0x42f4
                0x0000000000000100                . = ALIGN (0x4)
 *(.text)
 .text          0x0000000000000100       0x60 /Applications/MounRiver Studio 2.app/Contents/Resources/app/resources/darwin/components/WCH/Toolchain/RISC-V Embedded GCC/bin/../lib/gcc/riscv-none-embed/8.2.0/rv32imacxw/ilp32/libgcc.a(save-restore.o)
                0x0000000000000100                __riscv_save_12
                0x0000000000000108                __riscv_save_10
                0x0000000000000108                __riscv_save_8
                0x0000000000000108                __riscv_save_11
                0x0000000000000108                __riscv_save_9
                0x0000000000000116                __riscv_save_4
                0x0000000000000116                __riscv_save_7
                0x0000000000000116                __riscv_save_6
                0x0000000000000116                __riscv_save_5
                0x0000000000000130                __riscv_save_3
                0x0000000000000130                __riscv_save_2
                0x0000000000000130                __riscv_save_0
                0x0000000000000130                __riscv_save_1
                0x000000000000013c                __riscv_restore_12
                0x0000000000000140                __riscv_restore_8
                0x0000000000000140                __riscv_restore_10
                0x0000000000000140                __riscv_restore_9
                0x0000000000000140                __riscv_restore_11
                0x000000000000014a                __riscv_restore_5
                0x000000000000014a                __riscv_restore_7
                0x000000000000014a                __riscv_restore_4
                0x000000000000014a                __riscv_restore_6
                0x0000000000000154                __riscv_restore_3
                0x0000000000000154                __riscv_restore_1
                0x0000000000000154                __riscv_restore_0
                0x0000000000000154                __riscv_restore_2
 .text          0x0000000000000160       0xa8 /Applications/MounRiver Studio 2.app/Contents/Resources/app/resources/darwin/components/WCH/Toolchain/RISC-V Embedded GCC/bin/../lib/gcc/riscv-none-embed/8.2.0/../../../../riscv-none-embed/lib/rv32imacxw/ilp32/libg_nano.a(lib_a-memset.o)
                0x0000000000000160                memset
 *(.text.*)
 .text.NMI_Handler
                0x0000000000000208        0x2 ./User/ch32v20x_it.o
                0x0000000000000208                NMI_Handler
 .text.HardFault_Handler
                0x000000000000020a       0x10 ./User/ch32v20x_it.o
                0x000000000000020a                HardFault_Handler
 .text.USARTx_CFG
                0x000000000000021a       0xa4 ./User/main.o
                0x000000000000021a                USARTx_CFG
 .text.DMA_INIT
                0x00000000000002be       0x96 ./User/main.o
                0x00000000000002be                DMA_INIT
 .text.ring_buffer_push_huge
                0x0000000000000354       0x9a ./User/main.o
                0x0000000000000354                ring_buffer_push_huge
 .text.startup.main
                0x00000000000003ee      0x104 ./User/main.o
                0x00000000000003ee                main
 .text.USART2_IRQHandler
                0x00000000000004f2       0xce ./User/main.o
                0x00000000000004f2                USART2_IRQHandler
 .text.DMA1_Channel6_IRQHandler
                0x00000000000005c0       0x8e ./User/main.o
                0x00000000000005c0                DMA1_Channel6_IRQHandler
 .text.PARAM_GetByte
                0x000000000000064e       0x16 ./User/param_table.o
                0x000000000000064e                PARAM_GetByte
 .text.PARAM_SetByte
                0x0000000000000664       0x12 ./User/param_table.o
                0x0000000000000664                PARAM_SetByte
 .text.PARAM_GetWord
                0x0000000000000676       0x1c ./User/param_table.o
                0x0000000000000676                PARAM_GetWord
 .text.PARAM_SetWord
                0x0000000000000692       0x16 ./User/param_table.o
                0x0000000000000692                PARAM_SetWord
 .text.PARAM_VerifyChecksum
                0x00000000000006a8       0x34 ./User/param_table.o
                0x00000000000006a8                PARAM_VerifyChecksum
 .text.PARAM_UpdateChecksum
                0x00000000000006dc       0x3e ./User/param_table.o
                0x00000000000006dc                PARAM_UpdateChecksum
 .text.PARAM_SaveToFlash
                0x000000000000071a       0x38 ./User/param_table.o
                0x000000000000071a                PARAM_SaveToFlash
 .text.PARAM_LoadFromFlash
                0x0000000000000752       0x26 ./User/param_table.o
                0x0000000000000752                PARAM_LoadFromFlash
 .text.PARAM_SetDefault
                0x0000000000000778       0xf2 ./User/param_table.o
                0x0000000000000778                PARAM_SetDefault
 .text.PARAM_Init
                0x000000000000086a       0x2e ./User/param_table.o
                0x000000000000086a                PARAM_Init
 .text.StripType_GetName
                0x0000000000000898       0x20 ./User/param_table.o
                0x0000000000000898                StripType_GetName
 .text.Unit_GetSymbol
                0x00000000000008b8       0x20 ./User/param_table.o
                0x00000000000008b8                Unit_GetSymbol
 .text.PARAM_GetDateTime
                0x00000000000008d8       0x42 ./User/param_table.o
                0x00000000000008d8                PARAM_GetDateTime
 .text.PARAM_SetDateTime
                0x000000000000091a       0x6a ./User/param_table.o
                0x000000000000091a                PARAM_SetDateTime
 .text.RTC_SetTime
                0x0000000000000984       0xca ./User/rtc.o
                0x0000000000000984                RTC_SetTime
 .text.RTC_GetTime
                0x0000000000000a4e       0xa6 ./User/rtc.o
                0x0000000000000a4e                RTC_GetTime
 .text.RTC_SyncWithParam
                0x0000000000000af4       0x4a ./User/rtc.o
                0x0000000000000af4                RTC_SyncWithParam
 .text.RTC_Init
                0x0000000000000b3e       0x5e ./User/rtc.o
                0x0000000000000b3e                RTC_Init
 .text.RTC_UpdateParam
                0x0000000000000b9c       0x60 ./User/rtc.o
                0x0000000000000b9c                RTC_UpdateParam
 .text.RTC_Config
                0x0000000000000bfc       0x76 ./User/rtc.o
                0x0000000000000bfc                RTC_Config
 .text.STRIP_DETECT_DetermineStripType
                0x0000000000000c72       0x62 ./User/strip_detect.o
 .text.STRIP_DETECT_ReadADC.constprop.0
                0x0000000000000cd4       0x3a ./User/strip_detect.o
 .text.STRIP_DETECT_Init
                0x0000000000000d0e       0xf8 ./User/strip_detect.o
                0x0000000000000d0e                STRIP_DETECT_Init
 .text.STRIP_DETECT_Process
                0x0000000000000e06      0x100 ./User/strip_detect.o
                0x0000000000000e06                STRIP_DETECT_Process
 .text.STRIP_DETECT_HandleInsertedEvent
                0x0000000000000f06       0x88 ./User/strip_detect.o
                0x0000000000000f06                STRIP_DETECT_HandleInsertedEvent
 .text.STRIP_DETECT_SetPinStatus
                0x0000000000000f8e        0xe ./User/strip_detect.o
                0x0000000000000f8e                STRIP_DETECT_SetPinStatus
 .text.SystemInit
                0x0000000000000f9c       0x8e ./User/system_ch32v20x.o
                0x0000000000000f9c                SystemInit
 .text.UART_Protocol_Init
                0x000000000000102a       0x44 ./User/uart_protocol.o
                0x000000000000102a                UART_Protocol_Init
 .text.UART_CalculateChecksum
                0x000000000000106e       0x22 ./User/uart_protocol.o
                0x000000000000106e                UART_CalculateChecksum
 .text.UART_SendPacket.part.1
                0x0000000000001090       0x8a ./User/uart_protocol.o
 .text.UART_VerifyChecksum
                0x000000000000111a       0x2c ./User/uart_protocol.o
                0x000000000000111a                UART_VerifyChecksum
 .text.UART_SendPacket
                0x0000000000001146       0x16 ./User/uart_protocol.o
                0x0000000000001146                UART_SendPacket
 .text.UART_SendSyncTimeAck
                0x000000000000115c       0x18 ./User/uart_protocol.o
                0x000000000000115c                UART_SendSyncTimeAck
 .text.UART_SendStatusAck
                0x0000000000001174       0x46 ./User/uart_protocol.o
                0x0000000000001174                UART_SendStatusAck
 .text.UART_SendParamAck
                0x00000000000011ba       0x18 ./User/uart_protocol.o
                0x00000000000011ba                UART_SendParamAck
 .text.UART_SendBloodNotify
                0x00000000000011d2       0x18 ./User/uart_protocol.o
                0x00000000000011d2                UART_SendBloodNotify
 .text.UART_SendResultAck
                0x00000000000011ea       0xb2 ./User/uart_protocol.o
                0x00000000000011ea                UART_SendResultAck
 .text.UART_SendRawDataAck
                0x000000000000129c      0x144 ./User/uart_protocol.o
                0x000000000000129c                UART_SendRawDataAck
 .text.UART_SendErrorAck
                0x00000000000013e0       0x1a ./User/uart_protocol.o
                0x00000000000013e0                UART_SendErrorAck
 .text.UART_ProcessSyncTime
                0x00000000000013fa       0xfe ./User/uart_protocol.o
                0x00000000000013fa                UART_ProcessSyncTime
 .text.UART_ProcessGetStatus
                0x00000000000014f8       0x34 ./User/uart_protocol.o
                0x00000000000014f8                UART_ProcessGetStatus
 .text.UART_ProcessSetParam
                0x000000000000152c       0x4c ./User/uart_protocol.o
                0x000000000000152c                UART_ProcessSetParam
 .text.UART_ProcessCheckBlood
                0x0000000000001578       0x50 ./User/uart_protocol.o
                0x0000000000001578                UART_ProcessCheckBlood
 .text.UART_ProcessGetResult
                0x00000000000015c8       0x6e ./User/uart_protocol.o
                0x00000000000015c8                UART_ProcessGetResult
 .text.UART_ProcessGetRawData
                0x0000000000001636       0x40 ./User/uart_protocol.o
                0x0000000000001636                UART_ProcessGetRawData
 .text.UART2_Receive_Byte_ISR
                0x0000000000001676       0xee ./User/uart_protocol.o
                0x0000000000001676                UART2_Receive_Byte_ISR
 .text.UART_ProcessStripInsertedCmd
                0x0000000000001764       0x82 ./User/uart_protocol.o
                0x0000000000001764                UART_ProcessStripInsertedCmd
 .text.UART_ProcessPacket
                0x00000000000017e6       0x96 ./User/uart_protocol.o
                0x00000000000017e6                UART_ProcessPacket
 .text.UART_Protocol_Process
                0x000000000000187c       0x44 ./User/uart_protocol.o
                0x000000000000187c                UART_Protocol_Process
 .text.UART_SendStripTypeAck
                0x00000000000018c0       0x3c ./User/uart_protocol.o
                0x00000000000018c0                UART_SendStripTypeAck
 .text.Get_Battery_Voltage
                0x00000000000018fc        0xe ./User/uart_protocol_stubs.o
                0x00000000000018fc                Get_Battery_Voltage
 .text.Get_Temperature
                0x000000000000190a        0x6 ./User/uart_protocol_stubs.o
                0x000000000000190a                Get_Temperature
 .text.Check_Strip_Status
                0x0000000000001910        0x4 ./User/uart_protocol_stubs.o
                0x0000000000001910                Check_Strip_Status
 .text.Check_Blood_Status
                0x0000000000001914       0x20 ./User/uart_protocol_stubs.o
                0x0000000000001914                Check_Blood_Status
 .text.Perform_Test
                0x0000000000001934        0x4 ./User/uart_protocol_stubs.o
                0x0000000000001934                Perform_Test
 .text.Get_Test_Data
                0x0000000000001938       0x78 ./User/uart_protocol_stubs.o
                0x0000000000001938                Get_Test_Data
 .text.Get_Raw_Test_Data
                0x00000000000019b0       0x8e ./User/uart_protocol_stubs.o
                0x00000000000019b0                Get_Raw_Test_Data
 .text.vector_handler
                0x0000000000001a3e        0x2 ./Startup/startup_ch32v20x_D6.o
                0x0000000000001a3e                USBWakeUp_IRQHandler
                0x0000000000001a3e                TIM1_CC_IRQHandler
                0x0000000000001a3e                SysTick_Handler
                0x0000000000001a3e                PVD_IRQHandler
                0x0000000000001a3e                EXTI3_IRQHandler
                0x0000000000001a3e                USBFS_IRQHandler
                0x0000000000001a3e                EXTI0_IRQHandler
                0x0000000000001a3e                I2C2_EV_IRQHandler
                0x0000000000001a3e                ADC1_2_IRQHandler
                0x0000000000001a3e                Break_Point_Handler
                0x0000000000001a3e                SPI1_IRQHandler
                0x0000000000001a3e                TAMPER_IRQHandler
                0x0000000000001a3e                Ecall_M_Mode_Handler
                0x0000000000001a3e                DMA1_Channel4_IRQHandler
                0x0000000000001a3e                USART3_IRQHandler
                0x0000000000001a3e                RTC_IRQHandler
                0x0000000000001a3e                DMA1_Channel7_IRQHandler
                0x0000000000001a3e                CAN1_RX1_IRQHandler
                0x0000000000001a3e                TIM4_IRQHandler
                0x0000000000001a3e                I2C1_EV_IRQHandler
                0x0000000000001a3e                UART4_IRQHandler
                0x0000000000001a3e                TIM3_IRQHandler
                0x0000000000001a3e                RCC_IRQHandler
                0x0000000000001a3e                TIM1_TRG_COM_IRQHandler
                0x0000000000001a3e                DMA1_Channel1_IRQHandler
                0x0000000000001a3e                EXTI15_10_IRQHandler
                0x0000000000001a3e                DMA1_Channel8_IRQHandler
                0x0000000000001a3e                EXTI9_5_IRQHandler
                0x0000000000001a3e                SPI2_IRQHandler
                0x0000000000001a3e                DMA1_Channel5_IRQHandler
                0x0000000000001a3e                EXTI4_IRQHandler
                0x0000000000001a3e                USB_LP_CAN1_RX0_IRQHandler
                0x0000000000001a3e                USB_HP_CAN1_TX_IRQHandler
                0x0000000000001a3e                DMA1_Channel3_IRQHandler
                0x0000000000001a3e                TIM1_UP_IRQHandler
                0x0000000000001a3e                WWDG_IRQHandler
                0x0000000000001a3e                Ecall_U_Mode_Handler
                0x0000000000001a3e                TIM2_IRQHandler
                0x0000000000001a3e                SW_Handler
                0x0000000000001a3e                TIM1_BRK_IRQHandler
                0x0000000000001a3e                EXTI1_IRQHandler
                0x0000000000001a3e                RTCAlarm_IRQHandler
                0x0000000000001a3e                I2C2_ER_IRQHandler
                0x0000000000001a3e                DMA1_Channel2_IRQHandler
                0x0000000000001a3e                CAN1_SCE_IRQHandler
                0x0000000000001a3e                FLASH_IRQHandler
                0x0000000000001a3e                USBFSWakeUp_IRQHandler
                0x0000000000001a3e                USART1_IRQHandler
                0x0000000000001a3e                I2C1_ER_IRQHandler
                0x0000000000001a3e                EXTI2_IRQHandler
 .text.handle_reset
                0x0000000000001a40       0x86 ./Startup/startup_ch32v20x_D6.o
                0x0000000000001a40                handle_reset
 .text.ADC_DeInit
                0x0000000000001ac6       0x40 ./Peripheral/src/ch32v20x_adc.o
                0x0000000000001ac6                ADC_DeInit
 .text.ADC_Init
                0x0000000000001b06       0x56 ./Peripheral/src/ch32v20x_adc.o
                0x0000000000001b06                ADC_Init
 .text.ADC_Cmd  0x0000000000001b5c       0x10 ./Peripheral/src/ch32v20x_adc.o
                0x0000000000001b5c                ADC_Cmd
 .text.ADC_ResetCalibration
                0x0000000000001b6c        0xa ./Peripheral/src/ch32v20x_adc.o
                0x0000000000001b6c                ADC_ResetCalibration
 .text.ADC_GetResetCalibrationStatus
                0x0000000000001b76        0x8 ./Peripheral/src/ch32v20x_adc.o
                0x0000000000001b76                ADC_GetResetCalibrationStatus
 .text.ADC_StartCalibration
                0x0000000000001b7e        0xa ./Peripheral/src/ch32v20x_adc.o
                0x0000000000001b7e                ADC_StartCalibration
 .text.ADC_GetCalibrationStatus
                0x0000000000001b88        0x8 ./Peripheral/src/ch32v20x_adc.o
                0x0000000000001b88                ADC_GetCalibrationStatus
 .text.ADC_SoftwareStartConvCmd
                0x0000000000001b90       0x18 ./Peripheral/src/ch32v20x_adc.o
                0x0000000000001b90                ADC_SoftwareStartConvCmd
 .text.ADC_RegularChannelConfig
                0x0000000000001ba8       0xb8 ./Peripheral/src/ch32v20x_adc.o
                0x0000000000001ba8                ADC_RegularChannelConfig
 .text.ADC_GetConversionValue
                0x0000000000001c60        0x8 ./Peripheral/src/ch32v20x_adc.o
                0x0000000000001c60                ADC_GetConversionValue
 .text.ADC_GetFlagStatus
                0x0000000000001c68        0xa ./Peripheral/src/ch32v20x_adc.o
                0x0000000000001c68                ADC_GetFlagStatus
 .text.BKP_DeInit
                0x0000000000001c72       0x10 ./Peripheral/src/ch32v20x_bkp.o
                0x0000000000001c72                BKP_DeInit
 .text.BKP_WriteBackupRegister
                0x0000000000001c82       0x1c ./Peripheral/src/ch32v20x_bkp.o
                0x0000000000001c82                BKP_WriteBackupRegister
 .text.BKP_ReadBackupRegister
                0x0000000000001c9e       0x1c ./Peripheral/src/ch32v20x_bkp.o
                0x0000000000001c9e                BKP_ReadBackupRegister
 .text.DMA_DeInit
                0x0000000000001cba       0x9c ./Peripheral/src/ch32v20x_dma.o
                0x0000000000001cba                DMA_DeInit
 .text.DMA_Init
                0x0000000000001d56       0x38 ./Peripheral/src/ch32v20x_dma.o
                0x0000000000001d56                DMA_Init
 .text.DMA_Cmd  0x0000000000001d8e       0x14 ./Peripheral/src/ch32v20x_dma.o
                0x0000000000001d8e                DMA_Cmd
 .text.DMA_ITConfig
                0x0000000000001da2       0x12 ./Peripheral/src/ch32v20x_dma.o
                0x0000000000001da2                DMA_ITConfig
 .text.DMA_SetCurrDataCounter
                0x0000000000001db4        0x4 ./Peripheral/src/ch32v20x_dma.o
                0x0000000000001db4                DMA_SetCurrDataCounter
 .text.DMA_ClearITPendingBit
                0x0000000000001db8        0x8 ./Peripheral/src/ch32v20x_dma.o
                0x0000000000001db8                DMA_ClearITPendingBit
 .text.FLASH_Unlock
                0x0000000000001dc0       0x1a ./Peripheral/src/ch32v20x_flash.o
                0x0000000000001dc0                FLASH_Unlock
 .text.FLASH_Lock
                0x0000000000001dda        0xe ./Peripheral/src/ch32v20x_flash.o
                0x0000000000001dda                FLASH_Lock
 .text.FLASH_GetBank1Status
                0x0000000000001de8       0x18 ./Peripheral/src/ch32v20x_flash.o
                0x0000000000001de8                FLASH_GetBank1Status
 .text.FLASH_WaitForLastOperation
                0x0000000000001e00       0x20 ./Peripheral/src/ch32v20x_flash.o
                0x0000000000001e00                FLASH_WaitForLastOperation
 .text.FLASH_ErasePage
                0x0000000000001e20       0x38 ./Peripheral/src/ch32v20x_flash.o
                0x0000000000001e20                FLASH_ErasePage
 .text.FLASH_ProgramHalfWord
                0x0000000000001e58       0x34 ./Peripheral/src/ch32v20x_flash.o
                0x0000000000001e58                FLASH_ProgramHalfWord
 .text.GPIO_Init
                0x0000000000001e8c       0xf2 ./Peripheral/src/ch32v20x_gpio.o
                0x0000000000001e8c                GPIO_Init
 .text.GPIO_SetBits
                0x0000000000001f7e       0x14 ./Peripheral/src/ch32v20x_gpio.o
                0x0000000000001f7e                GPIO_SetBits
 .text.GPIO_ResetBits
                0x0000000000001f92       0x14 ./Peripheral/src/ch32v20x_gpio.o
                0x0000000000001f92                GPIO_ResetBits
 .text.NVIC_PriorityGroupConfig
                0x0000000000001fa6        0x6 ./Peripheral/src/ch32v20x_misc.o
                0x0000000000001fa6                NVIC_PriorityGroupConfig
 .text.NVIC_Init
                0x0000000000001fac       0x54 ./Peripheral/src/ch32v20x_misc.o
                0x0000000000001fac                NVIC_Init
 .text.PWR_BackupAccessCmd
                0x0000000000002000       0x16 ./Peripheral/src/ch32v20x_pwr.o
                0x0000000000002000                PWR_BackupAccessCmd
 .text.RCC_ADCCLKConfig
                0x0000000000002016       0x12 ./Peripheral/src/ch32v20x_rcc.o
                0x0000000000002016                RCC_ADCCLKConfig
 .text.RCC_LSICmd
                0x0000000000002028       0x14 ./Peripheral/src/ch32v20x_rcc.o
                0x0000000000002028                RCC_LSICmd
 .text.RCC_RTCCLKConfig
                0x000000000000203c        0xc ./Peripheral/src/ch32v20x_rcc.o
                0x000000000000203c                RCC_RTCCLKConfig
 .text.RCC_RTCCLKCmd
                0x0000000000002048       0x20 ./Peripheral/src/ch32v20x_rcc.o
                0x0000000000002048                RCC_RTCCLKCmd
 .text.RCC_GetClocksFreq
                0x0000000000002068       0xbe ./Peripheral/src/ch32v20x_rcc.o
                0x0000000000002068                RCC_GetClocksFreq
 .text.RCC_AHBPeriphClockCmd
                0x0000000000002126       0x1e ./Peripheral/src/ch32v20x_rcc.o
                0x0000000000002126                RCC_AHBPeriphClockCmd
 .text.RCC_APB2PeriphClockCmd
                0x0000000000002144       0x1e ./Peripheral/src/ch32v20x_rcc.o
                0x0000000000002144                RCC_APB2PeriphClockCmd
 .text.RCC_APB1PeriphClockCmd
                0x0000000000002162       0x1e ./Peripheral/src/ch32v20x_rcc.o
                0x0000000000002162                RCC_APB1PeriphClockCmd
 .text.RCC_APB2PeriphResetCmd
                0x0000000000002180       0x1e ./Peripheral/src/ch32v20x_rcc.o
                0x0000000000002180                RCC_APB2PeriphResetCmd
 .text.RCC_BackupResetCmd
                0x000000000000219e       0x20 ./Peripheral/src/ch32v20x_rcc.o
                0x000000000000219e                RCC_BackupResetCmd
 .text.RCC_GetFlagStatus
                0x00000000000021be       0x2e ./Peripheral/src/ch32v20x_rcc.o
                0x00000000000021be                RCC_GetFlagStatus
 .text.RTC_ITConfig
                0x00000000000021ec       0x1a ./Peripheral/src/ch32v20x_rtc.o
                0x00000000000021ec                RTC_ITConfig
 .text.RTC_EnterConfigMode
                0x0000000000002206       0x12 ./Peripheral/src/ch32v20x_rtc.o
                0x0000000000002206                RTC_EnterConfigMode
 .text.RTC_ExitConfigMode
                0x0000000000002218       0x18 ./Peripheral/src/ch32v20x_rtc.o
                0x0000000000002218                RTC_ExitConfigMode
 .text.RTC_GetCounter
                0x0000000000002230       0x5a ./Peripheral/src/ch32v20x_rtc.o
                0x0000000000002230                RTC_GetCounter
 .text.RTC_SetCounter
                0x000000000000228a       0x28 ./Peripheral/src/ch32v20x_rtc.o
                0x000000000000228a                RTC_SetCounter
 .text.RTC_SetPrescaler
                0x00000000000022b2       0x2a ./Peripheral/src/ch32v20x_rtc.o
                0x00000000000022b2                RTC_SetPrescaler
 .text.RTC_WaitForLastTask
                0x00000000000022dc       0x10 ./Peripheral/src/ch32v20x_rtc.o
                0x00000000000022dc                RTC_WaitForLastTask
 .text.RTC_WaitForSynchro
                0x00000000000022ec       0x24 ./Peripheral/src/ch32v20x_rtc.o
                0x00000000000022ec                RTC_WaitForSynchro
 .text.USART_Init
                0x0000000000002310       0x90 ./Peripheral/src/ch32v20x_usart.o
                0x0000000000002310                USART_Init
 .text.USART_Cmd
                0x00000000000023a0       0x16 ./Peripheral/src/ch32v20x_usart.o
                0x00000000000023a0                USART_Cmd
 .text.USART_ITConfig
                0x00000000000023b6       0x36 ./Peripheral/src/ch32v20x_usart.o
                0x00000000000023b6                USART_ITConfig
 .text.USART_DMACmd
                0x00000000000023ec       0x12 ./Peripheral/src/ch32v20x_usart.o
                0x00000000000023ec                USART_DMACmd
 .text.USART_SendData
                0x00000000000023fe        0x8 ./Peripheral/src/ch32v20x_usart.o
                0x00000000000023fe                USART_SendData
 .text.USART_ReceiveData
                0x0000000000002406        0x8 ./Peripheral/src/ch32v20x_usart.o
                0x0000000000002406                USART_ReceiveData
 .text.USART_GetFlagStatus
                0x000000000000240e        0xa ./Peripheral/src/ch32v20x_usart.o
                0x000000000000240e                USART_GetFlagStatus
 .text.USART_GetITStatus
                0x0000000000002418       0x3c ./Peripheral/src/ch32v20x_usart.o
                0x0000000000002418                USART_GetITStatus
 .text.Delay_Init
                0x0000000000002454       0x2a ./Debug/debug.o
                0x0000000000002454                Delay_Init
 .text.Delay_Ms
                0x000000000000247e       0x36 ./Debug/debug.o
                0x000000000000247e                Delay_Ms
 .text.USART_Printf_Init
                0x00000000000024b4       0x5a ./Debug/debug.o
                0x00000000000024b4                USART_Printf_Init
 .text._write   0x000000000000250e       0x3e ./Debug/debug.o
                0x000000000000250e                _write
 .text._sbrk    0x000000000000254c       0x26 ./Debug/debug.o
                0x000000000000254c                _sbrk
 .text.__gesf2  0x0000000000002572       0x86 /Applications/MounRiver Studio 2.app/Contents/Resources/app/resources/darwin/components/WCH/Toolchain/RISC-V Embedded GCC/bin/../lib/gcc/riscv-none-embed/8.2.0/rv32imacxw/ilp32/libgcc.a(gesf2.o)
                0x0000000000002572                __gtsf2
                0x0000000000002572                __gesf2
 .text.__mulsf3
                0x00000000000025f8      0x290 /Applications/MounRiver Studio 2.app/Contents/Resources/app/resources/darwin/components/WCH/Toolchain/RISC-V Embedded GCC/bin/../lib/gcc/riscv-none-embed/8.2.0/rv32imacxw/ilp32/libgcc.a(mulsf3.o)
                0x00000000000025f8                __mulsf3
 .text.__floatunsisf
                0x0000000000002888       0xce /Applications/MounRiver Studio 2.app/Contents/Resources/app/resources/darwin/components/WCH/Toolchain/RISC-V Embedded GCC/bin/../lib/gcc/riscv-none-embed/8.2.0/rv32imacxw/ilp32/libgcc.a(floatunsisf.o)
                0x0000000000002888                __floatunsisf
 .text.__extendsfdf2
                0x0000000000002956       0xac /Applications/MounRiver Studio 2.app/Contents/Resources/app/resources/darwin/components/WCH/Toolchain/RISC-V Embedded GCC/bin/../lib/gcc/riscv-none-embed/8.2.0/rv32imacxw/ilp32/libgcc.a(extendsfdf2.o)
                0x0000000000002956                __extendsfdf2
 .text.__clzsi2
                0x0000000000002a02       0x6e /Applications/MounRiver Studio 2.app/Contents/Resources/app/resources/darwin/components/WCH/Toolchain/RISC-V Embedded GCC/bin/../lib/gcc/riscv-none-embed/8.2.0/rv32imacxw/ilp32/libgcc.a(_clzsi2.o)
                0x0000000000002a02                __clzsi2
 .text.memcpy   0x0000000000002a70       0xb2 /Applications/MounRiver Studio 2.app/Contents/Resources/app/resources/darwin/components/WCH/Toolchain/RISC-V Embedded GCC/bin/../lib/gcc/riscv-none-embed/8.2.0/../../../../riscv-none-embed/lib/rv32imacxw/ilp32/libg_nano.a(lib_a-memcpy.o)
                0x0000000000002a70                memcpy
 .text.printf   0x0000000000002b22       0x40 /Applications/MounRiver Studio 2.app/Contents/Resources/app/resources/darwin/components/WCH/Toolchain/RISC-V Embedded GCC/bin/../lib/gcc/riscv-none-embed/8.2.0/../../../../riscv-none-embed/lib/rv32imacxw/ilp32/libg_nano.a(lib_a-printf.o)
                0x0000000000002b22                printf
                0x0000000000002b22                iprintf
 .text._puts_r  0x0000000000002b62       0xd4 /Applications/MounRiver Studio 2.app/Contents/Resources/app/resources/darwin/components/WCH/Toolchain/RISC-V Embedded GCC/bin/../lib/gcc/riscv-none-embed/8.2.0/../../../../riscv-none-embed/lib/rv32imacxw/ilp32/libg_nano.a(lib_a-puts.o)
                0x0000000000002b62                _puts_r
 .text.puts     0x0000000000002c36        0xc /Applications/MounRiver Studio 2.app/Contents/Resources/app/resources/darwin/components/WCH/Toolchain/RISC-V Embedded GCC/bin/../lib/gcc/riscv-none-embed/8.2.0/../../../../riscv-none-embed/lib/rv32imacxw/ilp32/libg_nano.a(lib_a-puts.o)
                0x0000000000002c36                puts
 .text.__swbuf_r
                0x0000000000002c42       0xbc /Applications/MounRiver Studio 2.app/Contents/Resources/app/resources/darwin/components/WCH/Toolchain/RISC-V Embedded GCC/bin/../lib/gcc/riscv-none-embed/8.2.0/../../../../riscv-none-embed/lib/rv32imacxw/ilp32/libg_nano.a(lib_a-wbuf.o)
                0x0000000000002c42                __swbuf_r
 .text.__swsetup_r
                0x0000000000002cfe       0xfc /Applications/MounRiver Studio 2.app/Contents/Resources/app/resources/darwin/components/WCH/Toolchain/RISC-V Embedded GCC/bin/../lib/gcc/riscv-none-embed/8.2.0/../../../../riscv-none-embed/lib/rv32imacxw/ilp32/libg_nano.a(lib_a-wsetup.o)
                0x0000000000002cfe                __swsetup_r
 .text.__sflush_r
                0x0000000000002dfa      0x130 /Applications/MounRiver Studio 2.app/Contents/Resources/app/resources/darwin/components/WCH/Toolchain/RISC-V Embedded GCC/bin/../lib/gcc/riscv-none-embed/8.2.0/../../../../riscv-none-embed/lib/rv32imacxw/ilp32/libg_nano.a(lib_a-fflush.o)
                0x0000000000002dfa                __sflush_r
 .text._fflush_r
                0x0000000000002f2a       0x66 /Applications/MounRiver Studio 2.app/Contents/Resources/app/resources/darwin/components/WCH/Toolchain/RISC-V Embedded GCC/bin/../lib/gcc/riscv-none-embed/8.2.0/../../../../riscv-none-embed/lib/rv32imacxw/ilp32/libg_nano.a(lib_a-fflush.o)
                0x0000000000002f2a                _fflush_r
 .text.std      0x0000000000002f90       0x66 /Applications/MounRiver Studio 2.app/Contents/Resources/app/resources/darwin/components/WCH/Toolchain/RISC-V Embedded GCC/bin/../lib/gcc/riscv-none-embed/8.2.0/../../../../riscv-none-embed/lib/rv32imacxw/ilp32/libg_nano.a(lib_a-findfp.o)
 .text._cleanup_r
                0x0000000000002ff6        0xa /Applications/MounRiver Studio 2.app/Contents/Resources/app/resources/darwin/components/WCH/Toolchain/RISC-V Embedded GCC/bin/../lib/gcc/riscv-none-embed/8.2.0/../../../../riscv-none-embed/lib/rv32imacxw/ilp32/libg_nano.a(lib_a-findfp.o)
                0x0000000000002ff6                _cleanup_r
 .text.__sfmoreglue
                0x0000000000003000       0x46 /Applications/MounRiver Studio 2.app/Contents/Resources/app/resources/darwin/components/WCH/Toolchain/RISC-V Embedded GCC/bin/../lib/gcc/riscv-none-embed/8.2.0/../../../../riscv-none-embed/lib/rv32imacxw/ilp32/libg_nano.a(lib_a-findfp.o)
                0x0000000000003000                __sfmoreglue
 .text.__sinit  0x0000000000003046       0x6c /Applications/MounRiver Studio 2.app/Contents/Resources/app/resources/darwin/components/WCH/Toolchain/RISC-V Embedded GCC/bin/../lib/gcc/riscv-none-embed/8.2.0/../../../../riscv-none-embed/lib/rv32imacxw/ilp32/libg_nano.a(lib_a-findfp.o)
                0x0000000000003046                __sinit
 .text.__sfp    0x00000000000030b2       0xa0 /Applications/MounRiver Studio 2.app/Contents/Resources/app/resources/darwin/components/WCH/Toolchain/RISC-V Embedded GCC/bin/../lib/gcc/riscv-none-embed/8.2.0/../../../../riscv-none-embed/lib/rv32imacxw/ilp32/libg_nano.a(lib_a-findfp.o)
                0x00000000000030b2                __sfp
 .text._fwalk_reent
                0x0000000000003152       0x6a /Applications/MounRiver Studio 2.app/Contents/Resources/app/resources/darwin/components/WCH/Toolchain/RISC-V Embedded GCC/bin/../lib/gcc/riscv-none-embed/8.2.0/../../../../riscv-none-embed/lib/rv32imacxw/ilp32/libg_nano.a(lib_a-fwalk.o)
                0x0000000000003152                _fwalk_reent
 .text.__swhatbuf_r
                0x00000000000031bc       0x58 /Applications/MounRiver Studio 2.app/Contents/Resources/app/resources/darwin/components/WCH/Toolchain/RISC-V Embedded GCC/bin/../lib/gcc/riscv-none-embed/8.2.0/../../../../riscv-none-embed/lib/rv32imacxw/ilp32/libg_nano.a(lib_a-makebuf.o)
                0x00000000000031bc                __swhatbuf_r
 .text.__smakebuf_r
                0x0000000000003214       0x92 /Applications/MounRiver Studio 2.app/Contents/Resources/app/resources/darwin/components/WCH/Toolchain/RISC-V Embedded GCC/bin/../lib/gcc/riscv-none-embed/8.2.0/../../../../riscv-none-embed/lib/rv32imacxw/ilp32/libg_nano.a(lib_a-makebuf.o)
                0x0000000000003214                __smakebuf_r
 .text._free_r  0x00000000000032a6       0xa8 /Applications/MounRiver Studio 2.app/Contents/Resources/app/resources/darwin/components/WCH/Toolchain/RISC-V Embedded GCC/bin/../lib/gcc/riscv-none-embed/8.2.0/../../../../riscv-none-embed/lib/rv32imacxw/ilp32/libg_nano.a(lib_a-nano-freer.o)
                0x00000000000032a6                _free_r
 .text._malloc_r
                0x000000000000334e       0xd4 /Applications/MounRiver Studio 2.app/Contents/Resources/app/resources/darwin/components/WCH/Toolchain/RISC-V Embedded GCC/bin/../lib/gcc/riscv-none-embed/8.2.0/../../../../riscv-none-embed/lib/rv32imacxw/ilp32/libg_nano.a(lib_a-nano-mallocr.o)
                0x000000000000334e                _malloc_r
 .text.__sfputc_r
                0x0000000000003422       0x28 /Applications/MounRiver Studio 2.app/Contents/Resources/app/resources/darwin/components/WCH/Toolchain/RISC-V Embedded GCC/bin/../lib/gcc/riscv-none-embed/8.2.0/../../../../riscv-none-embed/lib/rv32imacxw/ilp32/libg_nano.a(lib_a-nano-vfprintf.o)
 .text.__sfputs_r
                0x000000000000344a       0x42 /Applications/MounRiver Studio 2.app/Contents/Resources/app/resources/darwin/components/WCH/Toolchain/RISC-V Embedded GCC/bin/../lib/gcc/riscv-none-embed/8.2.0/../../../../riscv-none-embed/lib/rv32imacxw/ilp32/libg_nano.a(lib_a-nano-vfprintf.o)
                0x000000000000344a                __sfputs_r
 .text._vfprintf_r
                0x000000000000348c      0x288 /Applications/MounRiver Studio 2.app/Contents/Resources/app/resources/darwin/components/WCH/Toolchain/RISC-V Embedded GCC/bin/../lib/gcc/riscv-none-embed/8.2.0/../../../../riscv-none-embed/lib/rv32imacxw/ilp32/libg_nano.a(lib_a-nano-vfprintf.o)
                0x000000000000348c                _vfiprintf_r
                0x000000000000348c                _vfprintf_r
 .text._printf_common
                0x0000000000003714      0x10c /Applications/MounRiver Studio 2.app/Contents/Resources/app/resources/darwin/components/WCH/Toolchain/RISC-V Embedded GCC/bin/../lib/gcc/riscv-none-embed/8.2.0/../../../../riscv-none-embed/lib/rv32imacxw/ilp32/libg_nano.a(lib_a-nano-vfprintf_i.o)
                0x0000000000003714                _printf_common
 .text._printf_i
                0x0000000000003820      0x2a2 /Applications/MounRiver Studio 2.app/Contents/Resources/app/resources/darwin/components/WCH/Toolchain/RISC-V Embedded GCC/bin/../lib/gcc/riscv-none-embed/8.2.0/../../../../riscv-none-embed/lib/rv32imacxw/ilp32/libg_nano.a(lib_a-nano-vfprintf_i.o)
                0x0000000000003820                _printf_i
 .text._sbrk_r  0x0000000000003ac2       0x2a /Applications/MounRiver Studio 2.app/Contents/Resources/app/resources/darwin/components/WCH/Toolchain/RISC-V Embedded GCC/bin/../lib/gcc/riscv-none-embed/8.2.0/../../../../riscv-none-embed/lib/rv32imacxw/ilp32/libg_nano.a(lib_a-sbrkr.o)
                0x0000000000003ac2                _sbrk_r
 .text.__sread  0x0000000000003aec       0x2c /Applications/MounRiver Studio 2.app/Contents/Resources/app/resources/darwin/components/WCH/Toolchain/RISC-V Embedded GCC/bin/../lib/gcc/riscv-none-embed/8.2.0/../../../../riscv-none-embed/lib/rv32imacxw/ilp32/libg_nano.a(lib_a-stdio.o)
                0x0000000000003aec                __sread
 .text.__swrite
                0x0000000000003b18       0x48 /Applications/MounRiver Studio 2.app/Contents/Resources/app/resources/darwin/components/WCH/Toolchain/RISC-V Embedded GCC/bin/../lib/gcc/riscv-none-embed/8.2.0/../../../../riscv-none-embed/lib/rv32imacxw/ilp32/libg_nano.a(lib_a-stdio.o)
                0x0000000000003b18                __swrite
 .text.__sseek  0x0000000000003b60       0x30 /Applications/MounRiver Studio 2.app/Contents/Resources/app/resources/darwin/components/WCH/Toolchain/RISC-V Embedded GCC/bin/../lib/gcc/riscv-none-embed/8.2.0/../../../../riscv-none-embed/lib/rv32imacxw/ilp32/libg_nano.a(lib_a-stdio.o)
                0x0000000000003b60                __sseek
 .text.__sclose
                0x0000000000003b90        0x6 /Applications/MounRiver Studio 2.app/Contents/Resources/app/resources/darwin/components/WCH/Toolchain/RISC-V Embedded GCC/bin/../lib/gcc/riscv-none-embed/8.2.0/../../../../riscv-none-embed/lib/rv32imacxw/ilp32/libg_nano.a(lib_a-stdio.o)
                0x0000000000003b90                __sclose
 .text._write_r
                0x0000000000003b96       0x2e /Applications/MounRiver Studio 2.app/Contents/Resources/app/resources/darwin/components/WCH/Toolchain/RISC-V Embedded GCC/bin/../lib/gcc/riscv-none-embed/8.2.0/../../../../riscv-none-embed/lib/rv32imacxw/ilp32/libg_nano.a(lib_a-writer.o)
                0x0000000000003b96                _write_r
 .text._close_r
                0x0000000000003bc4       0x28 /Applications/MounRiver Studio 2.app/Contents/Resources/app/resources/darwin/components/WCH/Toolchain/RISC-V Embedded GCC/bin/../lib/gcc/riscv-none-embed/8.2.0/../../../../riscv-none-embed/lib/rv32imacxw/ilp32/libg_nano.a(lib_a-closer.o)
                0x0000000000003bc4                _close_r
 .text._fstat_r
                0x0000000000003bec       0x2a /Applications/MounRiver Studio 2.app/Contents/Resources/app/resources/darwin/components/WCH/Toolchain/RISC-V Embedded GCC/bin/../lib/gcc/riscv-none-embed/8.2.0/../../../../riscv-none-embed/lib/rv32imacxw/ilp32/libg_nano.a(lib_a-fstatr.o)
                0x0000000000003bec                _fstat_r
 .text._isatty_r
                0x0000000000003c16       0x28 /Applications/MounRiver Studio 2.app/Contents/Resources/app/resources/darwin/components/WCH/Toolchain/RISC-V Embedded GCC/bin/../lib/gcc/riscv-none-embed/8.2.0/../../../../riscv-none-embed/lib/rv32imacxw/ilp32/libg_nano.a(lib_a-isattyr.o)
                0x0000000000003c16                _isatty_r
 .text._lseek_r
                0x0000000000003c3e       0x2c /Applications/MounRiver Studio 2.app/Contents/Resources/app/resources/darwin/components/WCH/Toolchain/RISC-V Embedded GCC/bin/../lib/gcc/riscv-none-embed/8.2.0/../../../../riscv-none-embed/lib/rv32imacxw/ilp32/libg_nano.a(lib_a-lseekr.o)
                0x0000000000003c3e                _lseek_r
 .text.memchr   0x0000000000003c6a       0x18 /Applications/MounRiver Studio 2.app/Contents/Resources/app/resources/darwin/components/WCH/Toolchain/RISC-V Embedded GCC/bin/../lib/gcc/riscv-none-embed/8.2.0/../../../../riscv-none-embed/lib/rv32imacxw/ilp32/libg_nano.a(lib_a-memchr.o)
                0x0000000000003c6a                memchr
 .text.__malloc_lock
                0x0000000000003c82        0x2 /Applications/MounRiver Studio 2.app/Contents/Resources/app/resources/darwin/components/WCH/Toolchain/RISC-V Embedded GCC/bin/../lib/gcc/riscv-none-embed/8.2.0/../../../../riscv-none-embed/lib/rv32imacxw/ilp32/libg_nano.a(lib_a-mlock.o)
                0x0000000000003c82                __malloc_lock
 .text.__malloc_unlock
                0x0000000000003c84        0x2 /Applications/MounRiver Studio 2.app/Contents/Resources/app/resources/darwin/components/WCH/Toolchain/RISC-V Embedded GCC/bin/../lib/gcc/riscv-none-embed/8.2.0/../../../../riscv-none-embed/lib/rv32imacxw/ilp32/libg_nano.a(lib_a-mlock.o)
                0x0000000000003c84                __malloc_unlock
 .text._read_r  0x0000000000003c86       0x2c /Applications/MounRiver Studio 2.app/Contents/Resources/app/resources/darwin/components/WCH/Toolchain/RISC-V Embedded GCC/bin/../lib/gcc/riscv-none-embed/8.2.0/../../../../riscv-none-embed/lib/rv32imacxw/ilp32/libg_nano.a(lib_a-readr.o)
                0x0000000000003c86                _read_r
 .text._close   0x0000000000003cb2        0xc /Applications/MounRiver Studio 2.app/Contents/Resources/app/resources/darwin/components/WCH/Toolchain/RISC-V Embedded GCC/bin/../lib/gcc/riscv-none-embed/8.2.0/../../../../riscv-none-embed/lib/rv32imacxw/ilp32/libnosys.a(close.o)
                0x0000000000003cb2                _close
 .text._fstat   0x0000000000003cbe        0xc /Applications/MounRiver Studio 2.app/Contents/Resources/app/resources/darwin/components/WCH/Toolchain/RISC-V Embedded GCC/bin/../lib/gcc/riscv-none-embed/8.2.0/../../../../riscv-none-embed/lib/rv32imacxw/ilp32/libnosys.a(fstat.o)
                0x0000000000003cbe                _fstat
 .text._isatty  0x0000000000003cca        0xc /Applications/MounRiver Studio 2.app/Contents/Resources/app/resources/darwin/components/WCH/Toolchain/RISC-V Embedded GCC/bin/../lib/gcc/riscv-none-embed/8.2.0/../../../../riscv-none-embed/lib/rv32imacxw/ilp32/libnosys.a(isatty.o)
                0x0000000000003cca                _isatty
 .text._lseek   0x0000000000003cd6        0xc /Applications/MounRiver Studio 2.app/Contents/Resources/app/resources/darwin/components/WCH/Toolchain/RISC-V Embedded GCC/bin/../lib/gcc/riscv-none-embed/8.2.0/../../../../riscv-none-embed/lib/rv32imacxw/ilp32/libnosys.a(lseek.o)
                0x0000000000003cd6                _lseek
 .text._read    0x0000000000003ce2        0xc /Applications/MounRiver Studio 2.app/Contents/Resources/app/resources/darwin/components/WCH/Toolchain/RISC-V Embedded GCC/bin/../lib/gcc/riscv-none-embed/8.2.0/../../../../riscv-none-embed/lib/rv32imacxw/ilp32/libnosys.a(read.o)
                0x0000000000003ce2                _read
 *(.rodata)
 *fill*         0x0000000000003cee        0x2 
 .rodata        0x0000000000003cf0        0xd ./User/rtc.o
 *(.rodata*)
 *fill*         0x0000000000003cfd        0x3 
 .rodata.main.str1.4
                0x0000000000003d00       0xe7 ./User/main.o
 *fill*         0x0000000000003de7        0x1 
 .rodata.CSWTCH.4
                0x0000000000003de8       0x14 ./User/param_table.o
 .rodata.CSWTCH.5
                0x0000000000003dfc        0xc ./User/param_table.o
 .rodata.PARAM_Init.str1.4
                0x0000000000003e08       0x5a ./User/param_table.o
 *fill*         0x0000000000003e62        0x2 
 .rodata.StripType_GetName.str1.4
                0x0000000000003e64        0x8 ./User/param_table.o
 .rodata.Unit_GetSymbol.str1.4
                0x0000000000003e6c        0x2 ./User/param_table.o
 *fill*         0x0000000000003e6e        0x2 
 .rodata.str1.4
                0x0000000000003e70       0x64 ./User/param_table.o
 .rodata.RTC_Config.str1.4
                0x0000000000003ed4       0x57 ./User/rtc.o
 *fill*         0x0000000000003f2b        0x1 
 .rodata.RTC_Init.str1.4
                0x0000000000003f2c       0x11 ./User/rtc.o
 *fill*         0x0000000000003f3d        0x3 
 .rodata.RTC_SetTime.str1.4
                0x0000000000003f40       0x2e ./User/rtc.o
 *fill*         0x0000000000003f6e        0x2 
 .rodata.RTC_SyncWithParam.str1.4
                0x0000000000003f70       0x4d ./User/rtc.o
 *fill*         0x0000000000003fbd        0x3 
 .rodata.RTC_UpdateParam.str1.4
                0x0000000000003fc0       0x6a ./User/rtc.o
 *fill*         0x000000000000402a        0x2 
 .rodata.STRIP_DETECT_DetermineStripType.cst4
                0x000000000000402c        0x4 ./User/strip_detect.o
 .rodata.STRIP_DETECT_HandleInsertedEvent.str1.4
                0x0000000000004030       0x3d ./User/strip_detect.o
 *fill*         0x000000000000406d        0x3 
 .rodata.STRIP_DETECT_Init.str1.4
                0x0000000000004070       0x24 ./User/strip_detect.o
 .rodata.STRIP_DETECT_Process.cst4
                0x0000000000004094        0x8 ./User/strip_detect.o
 .rodata.STRIP_DETECT_Process.str1.4
                0x000000000000409c       0x51 ./User/strip_detect.o
 *fill*         0x00000000000040ed        0x3 
 .rodata.UART2_Receive_Byte_ISR
                0x00000000000040f0       0x18 ./User/uart_protocol.o
 .rodata.UART_ProcessStripInsertedCmd.str1.4
                0x0000000000004108       0xbc ./User/uart_protocol.o
 .rodata.UART_Protocol_Init.str1.4
                0x00000000000041c4       0x1b ./User/uart_protocol.o
 *fill*         0x00000000000041df        0x1 
 .rodata.UART_SendStripTypeAck.str1.4
                0x00000000000041e0       0x2c ./User/uart_protocol.o
 .rodata.Get_Raw_Test_Data.str1.4
                0x000000000000420c        0xb ./User/uart_protocol_stubs.o
 *fill*         0x0000000000004217        0x1 
 .rodata.__mulsf3
                0x0000000000004218       0x40 /Applications/MounRiver Studio 2.app/Contents/Resources/app/resources/darwin/components/WCH/Toolchain/RISC-V Embedded GCC/bin/../lib/gcc/riscv-none-embed/8.2.0/rv32imacxw/ilp32/libgcc.a(mulsf3.o)
 .rodata.__clz_tab
                0x0000000000004258      0x100 /Applications/MounRiver Studio 2.app/Contents/Resources/app/resources/darwin/components/WCH/Toolchain/RISC-V Embedded GCC/bin/../lib/gcc/riscv-none-embed/8.2.0/rv32imacxw/ilp32/libgcc.a(_clz.o)
                0x0000000000004258                __clz_tab
 .rodata.__sf_fake_stderr
                0x0000000000004358       0x20 /Applications/MounRiver Studio 2.app/Contents/Resources/app/resources/darwin/components/WCH/Toolchain/RISC-V Embedded GCC/bin/../lib/gcc/riscv-none-embed/8.2.0/../../../../riscv-none-embed/lib/rv32imacxw/ilp32/libg_nano.a(lib_a-findfp.o)
                0x0000000000004358                __sf_fake_stderr
 .rodata.__sf_fake_stdin
                0x0000000000004378       0x20 /Applications/MounRiver Studio 2.app/Contents/Resources/app/resources/darwin/components/WCH/Toolchain/RISC-V Embedded GCC/bin/../lib/gcc/riscv-none-embed/8.2.0/../../../../riscv-none-embed/lib/rv32imacxw/ilp32/libg_nano.a(lib_a-findfp.o)
                0x0000000000004378                __sf_fake_stdin
 .rodata.__sf_fake_stdout
                0x0000000000004398       0x20 /Applications/MounRiver Studio 2.app/Contents/Resources/app/resources/darwin/components/WCH/Toolchain/RISC-V Embedded GCC/bin/../lib/gcc/riscv-none-embed/8.2.0/../../../../riscv-none-embed/lib/rv32imacxw/ilp32/libg_nano.a(lib_a-findfp.o)
                0x0000000000004398                __sf_fake_stdout
 .rodata._vfprintf_r.str1.4
                0x00000000000043b8       0x13 /Applications/MounRiver Studio 2.app/Contents/Resources/app/resources/darwin/components/WCH/Toolchain/RISC-V Embedded GCC/bin/../lib/gcc/riscv-none-embed/8.2.0/../../../../riscv-none-embed/lib/rv32imacxw/ilp32/libg_nano.a(lib_a-nano-vfprintf.o)
 *fill*         0x00000000000043cb        0x1 
 .rodata._printf_i.str1.4
                0x00000000000043cc       0x28 /Applications/MounRiver Studio 2.app/Contents/Resources/app/resources/darwin/components/WCH/Toolchain/RISC-V Embedded GCC/bin/../lib/gcc/riscv-none-embed/8.2.0/../../../../riscv-none-embed/lib/rv32imacxw/ilp32/libg_nano.a(lib_a-nano-vfprintf_i.o)
                                         0x25 (size before relaxing)
 *(.gnu.linkonce.t.*)
                0x00000000000043f4                . = ALIGN (0x4)

.rela.dyn       0x00000000000043f4        0x0
 .rela.init     0x00000000000043f4        0x0 ./User/ch32v20x_it.o
 .rela.vector   0x00000000000043f4        0x0 ./User/ch32v20x_it.o
 .rela.text.handle_reset
                0x00000000000043f4        0x0 ./User/ch32v20x_it.o
 .rela.text._sbrk
                0x00000000000043f4        0x0 ./User/ch32v20x_it.o
 .rela.sdata.curbrk.4652
                0x00000000000043f4        0x0 ./User/ch32v20x_it.o
 .rela.text._vfprintf_r
                0x00000000000043f4        0x0 ./User/ch32v20x_it.o
 .rela.text._sbrk_r
                0x00000000000043f4        0x0 ./User/ch32v20x_it.o
 .rela.text._write_r
                0x00000000000043f4        0x0 ./User/ch32v20x_it.o
 .rela.text._close_r
                0x00000000000043f4        0x0 ./User/ch32v20x_it.o
 .rela.text._fstat_r
                0x00000000000043f4        0x0 ./User/ch32v20x_it.o
 .rela.text._isatty_r
                0x00000000000043f4        0x0 ./User/ch32v20x_it.o
 .rela.text._lseek_r
                0x00000000000043f4        0x0 ./User/ch32v20x_it.o
 .rela.text._read_r
                0x00000000000043f4        0x0 ./User/ch32v20x_it.o
 .rela.text._close
                0x00000000000043f4        0x0 ./User/ch32v20x_it.o
 .rela.text._fstat
                0x00000000000043f4        0x0 ./User/ch32v20x_it.o
 .rela.text._isatty
                0x00000000000043f4        0x0 ./User/ch32v20x_it.o
 .rela.text._lseek
                0x00000000000043f4        0x0 ./User/ch32v20x_it.o
 .rela.text._read
                0x00000000000043f4        0x0 ./User/ch32v20x_it.o

.fini           0x00000000000043f4        0x0
 *(SORT_NONE(.fini))
                0x00000000000043f4                . = ALIGN (0x4)
                [!provide]                        PROVIDE (_etext = .)
                [!provide]                        PROVIDE (_eitcm = .)

.preinit_array  0x00000000000043f4        0x0
                [!provide]                        PROVIDE (__preinit_array_start = .)
 *(.preinit_array)
                [!provide]                        PROVIDE (__preinit_array_end = .)

.init_array     0x00000000000043f4        0x0
                [!provide]                        PROVIDE (__init_array_start = .)
 *(SORT_BY_INIT_PRIORITY(.init_array.*) SORT_BY_INIT_PRIORITY(.ctors.*))
 *(.init_array EXCLUDE_FILE(*crtend?.o *crtend.o *crtbegin?.o *crtbegin.o) .ctors)
                [!provide]                        PROVIDE (__init_array_end = .)

.fini_array     0x00000000000043f4        0x0
                [!provide]                        PROVIDE (__fini_array_start = .)
 *(SORT_BY_INIT_PRIORITY(.fini_array.*) SORT_BY_INIT_PRIORITY(.dtors.*))
 *(.fini_array EXCLUDE_FILE(*crtend?.o *crtend.o *crtbegin?.o *crtbegin.o) .dtors)
                [!provide]                        PROVIDE (__fini_array_end = .)

.ctors
 *crtbegin.o(.ctors)
 *crtbegin?.o(.ctors)
 *(EXCLUDE_FILE(*crtend?.o *crtend.o) .ctors)
 *(SORT_BY_NAME(.ctors.*))
 *(.ctors)

.dtors
 *crtbegin.o(.dtors)
 *crtbegin?.o(.dtors)
 *(EXCLUDE_FILE(*crtend?.o *crtend.o) .dtors)
 *(SORT_BY_NAME(.dtors.*))
 *(.dtors)

.dalign         0x0000000020000000        0x0 load address 0x00000000000043f4
                0x0000000020000000                . = ALIGN (0x4)
                0x0000000020000000                PROVIDE (_data_vma = .)

.dlalign        0x00000000000043f4        0x0
                0x00000000000043f4                . = ALIGN (0x4)
                0x00000000000043f4                PROVIDE (_data_lma = .)

.data           0x0000000020000000       0xa0 load address 0x00000000000043f4
 *(.gnu.linkonce.r.*)
 *(.data .data.*)
 .data.stripInfo
                0x0000000020000000       0x18 ./User/strip_detect.o
 .data.APBAHBPrescTable
                0x0000000020000018       0x10 ./Peripheral/src/ch32v20x_rcc.o
 .data.impure_data
                0x0000000020000028       0x60 /Applications/MounRiver Studio 2.app/Contents/Resources/app/resources/darwin/components/WCH/Toolchain/RISC-V Embedded GCC/bin/../lib/gcc/riscv-none-embed/8.2.0/../../../../riscv-none-embed/lib/rv32imacxw/ilp32/libg_nano.a(lib_a-impure.o)
 *(.gnu.linkonce.d.*)
                0x0000000020000088                . = ALIGN (0x8)
                0x0000000020000888                PROVIDE (__global_pointer$ = (. + 0x800))
 *(.sdata .sdata.*)
 .sdata.SystemCoreClock
                0x0000000020000088        0x4 ./User/system_ch32v20x.o
                0x0000000020000088                SystemCoreClock
 .sdata.blood_countdown
                0x000000002000008c        0x1 ./User/uart_protocol.o
 *fill*         0x000000002000008d        0x3 
 .sdata.ADCPrescTable
                0x0000000020000090        0x4 ./Peripheral/src/ch32v20x_rcc.o
 .sdata.curbrk.4652
                0x0000000020000094        0x4 ./Debug/debug.o
 .sdata._impure_ptr
                0x0000000020000098        0x4 /Applications/MounRiver Studio 2.app/Contents/Resources/app/resources/darwin/components/WCH/Toolchain/RISC-V Embedded GCC/bin/../lib/gcc/riscv-none-embed/8.2.0/../../../../riscv-none-embed/lib/rv32imacxw/ilp32/libg_nano.a(lib_a-impure.o)
                0x0000000020000098                _impure_ptr
 *(.sdata2.*)
 .sdata2._global_impure_ptr
                0x000000002000009c        0x4 /Applications/MounRiver Studio 2.app/Contents/Resources/app/resources/darwin/components/WCH/Toolchain/RISC-V Embedded GCC/bin/../lib/gcc/riscv-none-embed/8.2.0/../../../../riscv-none-embed/lib/rv32imacxw/ilp32/libg_nano.a(lib_a-impure.o)
                0x000000002000009c                _global_impure_ptr
 *(.gnu.linkonce.s.*)
                0x00000000200000a0                . = ALIGN (0x8)
 *(.srodata.cst16)
 *(.srodata.cst8)
 *(.srodata.cst4)
 *(.srodata.cst2)
 *(.srodata .srodata.*)
                0x00000000200000a0                . = ALIGN (0x4)
                0x00000000200000a0                PROVIDE (_edata = .)

.bss            0x00000000200000a0      0x8b0 load address 0x0000000000004494
                0x00000000200000a0                . = ALIGN (0x4)
                0x00000000200000a0                PROVIDE (_sbss = .)
 *(.sbss*)
 .sbss.blood_detected
                0x00000000200000a0        0x1 ./User/uart_protocol.o
 .sbss.dataCnt.5242
                0x00000000200000a1        0x1 ./User/uart_protocol.o
 .sbss.dataLen.5241
                0x00000000200000a2        0x1 ./User/uart_protocol.o
 *fill*         0x00000000200000a3        0x1 
 .sbss.g_batteryVoltage
                0x00000000200000a4        0x2 ./User/uart_protocol.o
                0x00000000200000a4                g_batteryVoltage
 .sbss.packet_received
                0x00000000200000a6        0x1 ./User/uart_protocol.o
 *fill*         0x00000000200000a7        0x1 
 .sbss.rx_index
                0x00000000200000a8        0x2 ./User/uart_protocol.o
 .sbss.state.5240
                0x00000000200000aa        0x1 ./User/uart_protocol.o
 .sbss.test_in_progress
                0x00000000200000ab        0x1 ./User/uart_protocol.o
 .sbss.counter.5045
                0x00000000200000ac        0x1 ./User/uart_protocol_stubs.o
 .sbss.MCU_Version
                0x00000000200000ad        0x1 ./Peripheral/src/ch32v20x_gpio.o
                0x00000000200000ad                MCU_Version
 *fill*         0x00000000200000ae        0x2 
 .sbss.NVIC_Priority_Group
                0x00000000200000b0        0x4 ./Peripheral/src/ch32v20x_misc.o
                0x00000000200000b0                NVIC_Priority_Group
 .sbss.p_ms     0x00000000200000b4        0x2 ./Debug/debug.o
 .sbss.p_us     0x00000000200000b6        0x1 ./Debug/debug.o
 *fill*         0x00000000200000b7        0x1 
 .sbss.__malloc_free_list
                0x00000000200000b8        0x4 /Applications/MounRiver Studio 2.app/Contents/Resources/app/resources/darwin/components/WCH/Toolchain/RISC-V Embedded GCC/bin/../lib/gcc/riscv-none-embed/8.2.0/../../../../riscv-none-embed/lib/rv32imacxw/ilp32/libg_nano.a(lib_a-nano-mallocr.o)
                0x00000000200000b8                __malloc_free_list
 .sbss.__malloc_sbrk_start
                0x00000000200000bc        0x4 /Applications/MounRiver Studio 2.app/Contents/Resources/app/resources/darwin/components/WCH/Toolchain/RISC-V Embedded GCC/bin/../lib/gcc/riscv-none-embed/8.2.0/../../../../riscv-none-embed/lib/rv32imacxw/ilp32/libg_nano.a(lib_a-nano-mallocr.o)
                0x00000000200000bc                __malloc_sbrk_start
 *(.gnu.linkonce.sb.*)
 *(.bss*)
 .bss.USART_DMA_CTRL
                0x00000000200000c0      0x101 ./User/main.o
                0x00000000200000c0                USART_DMA_CTRL
 *fill*         0x00000000200001c1        0x3 
 .bss.ring_buffer
                0x00000000200001c4      0x406 ./User/main.o
                0x00000000200001c4                ring_buffer
 *fill*         0x00000000200005ca        0x2 
 .bss.param_table
                0x00000000200005cc      0x2a6 ./User/param_table.o
 *fill*         0x0000000020000872        0x2 
 .bss.current_raw_data
                0x0000000020000874       0x3c ./User/uart_protocol.o
 .bss.current_test_result
                0x00000000200008b0       0x1a ./User/uart_protocol.o
 *fill*         0x00000000200008ca        0x2 
 .bss.rx_buffer
                0x00000000200008cc       0x40 ./User/uart_protocol.o
 .bss.tx_buffer
                0x000000002000090c       0x40 ./User/uart_protocol.o
 *(.gnu.linkonce.b.*)
 *(COMMON*)
 COMMON         0x000000002000094c        0x4 /Applications/MounRiver Studio 2.app/Contents/Resources/app/resources/darwin/components/WCH/Toolchain/RISC-V Embedded GCC/bin/../lib/gcc/riscv-none-embed/8.2.0/../../../../riscv-none-embed/lib/rv32imacxw/ilp32/libg_nano.a(lib_a-reent.o)
                0x000000002000094c                errno
                0x0000000020000950                . = ALIGN (0x4)
                0x0000000020000950                PROVIDE (_ebss = .)
                0x0000000020000950                PROVIDE (_end = _ebss)
                [!provide]                        PROVIDE (end = .)

.stack          0x0000000020004800      0x800
                0x0000000020004800                PROVIDE (_heap_end = .)
                0x0000000020004800                . = ALIGN (0x4)
                [!provide]                        PROVIDE (_susrstack = .)
                0x0000000020005000                . = (. + __stack_size)
 *fill*         0x0000000020004800      0x800 
                0x0000000020005000                PROVIDE (_eusrstack = .)
OUTPUT(CH32V203G8R6.elf elf32-littleriscv)

.debug_info     0x0000000000000000    0x15d55
 .debug_info    0x0000000000000000      0xbb5 ./User/ch32v20x_it.o
 .debug_info    0x0000000000000bb5     0x194d ./User/main.o
 .debug_info    0x0000000000002502     0x17ff ./User/param_table.o
 .debug_info    0x0000000000003d01     0x1044 ./User/rtc.o
 .debug_info    0x0000000000004d45     0x15d7 ./User/strip_detect.o
 .debug_info    0x000000000000631c      0xb30 ./User/system_ch32v20x.o
 .debug_info    0x0000000000006e4c     0x219c ./User/uart_protocol.o
 .debug_info    0x0000000000008fe8      0xe6c ./User/uart_protocol_stubs.o
 .debug_info    0x0000000000009e54       0x22 ./Startup/startup_ch32v20x_D6.o
 .debug_info    0x0000000000009e76     0x16eb ./Peripheral/src/ch32v20x_adc.o
 .debug_info    0x000000000000b561     0x1091 ./Peripheral/src/ch32v20x_bkp.o
 .debug_info    0x000000000000c5f2      0xd16 ./Peripheral/src/ch32v20x_dma.o
 .debug_info    0x000000000000d308     0x15d2 ./Peripheral/src/ch32v20x_flash.o
 .debug_info    0x000000000000e8da     0x1349 ./Peripheral/src/ch32v20x_gpio.o
 .debug_info    0x000000000000fc23      0xe61 ./Peripheral/src/ch32v20x_misc.o
 .debug_info    0x0000000000010a84     0x1049 ./Peripheral/src/ch32v20x_pwr.o
 .debug_info    0x0000000000011acd     0x1268 ./Peripheral/src/ch32v20x_rcc.o
 .debug_info    0x0000000000012d35      0xdc9 ./Peripheral/src/ch32v20x_rtc.o
 .debug_info    0x0000000000013afe     0x1335 ./Peripheral/src/ch32v20x_usart.o
 .debug_info    0x0000000000014e33      0xf22 ./Debug/debug.o

.debug_abbrev   0x0000000000000000     0x3fd0
 .debug_abbrev  0x0000000000000000      0x22c ./User/ch32v20x_it.o
 .debug_abbrev  0x000000000000022c      0x399 ./User/main.o
 .debug_abbrev  0x00000000000005c5      0x48d ./User/param_table.o
 .debug_abbrev  0x0000000000000a52      0x2ba ./User/rtc.o
 .debug_abbrev  0x0000000000000d0c      0x42d ./User/strip_detect.o
 .debug_abbrev  0x0000000000001139      0x2b0 ./User/system_ch32v20x.o
 .debug_abbrev  0x00000000000013e9      0x4bd ./User/uart_protocol.o
 .debug_abbrev  0x00000000000018a6      0x301 ./User/uart_protocol_stubs.o
 .debug_abbrev  0x0000000000001ba7       0x12 ./Startup/startup_ch32v20x_D6.o
 .debug_abbrev  0x0000000000001bb9      0x3a9 ./Peripheral/src/ch32v20x_adc.o
 .debug_abbrev  0x0000000000001f62      0x2cc ./Peripheral/src/ch32v20x_bkp.o
 .debug_abbrev  0x000000000000222e      0x302 ./Peripheral/src/ch32v20x_dma.o
 .debug_abbrev  0x0000000000002530      0x468 ./Peripheral/src/ch32v20x_flash.o
 .debug_abbrev  0x0000000000002998      0x34b ./Peripheral/src/ch32v20x_gpio.o
 .debug_abbrev  0x0000000000002ce3      0x2ea ./Peripheral/src/ch32v20x_misc.o
 .debug_abbrev  0x0000000000002fcd      0x399 ./Peripheral/src/ch32v20x_pwr.o
 .debug_abbrev  0x0000000000003366      0x36b ./Peripheral/src/ch32v20x_rcc.o
 .debug_abbrev  0x00000000000036d1      0x30b ./Peripheral/src/ch32v20x_rtc.o
 .debug_abbrev  0x00000000000039dc      0x312 ./Peripheral/src/ch32v20x_usart.o
 .debug_abbrev  0x0000000000003cee      0x2e2 ./Debug/debug.o

.debug_aranges  0x0000000000000000      0xaf8
 .debug_aranges
                0x0000000000000000       0x28 ./User/ch32v20x_it.o
 .debug_aranges
                0x0000000000000028       0x50 ./User/main.o
 .debug_aranges
                0x0000000000000078       0xd8 ./User/param_table.o
 .debug_aranges
                0x0000000000000150       0x48 ./User/rtc.o
 .debug_aranges
                0x0000000000000198       0x60 ./User/strip_detect.o
 .debug_aranges
                0x00000000000001f8       0x28 ./User/system_ch32v20x.o
 .debug_aranges
                0x0000000000000220       0xd0 ./User/uart_protocol.o
 .debug_aranges
                0x00000000000002f0       0x50 ./User/uart_protocol_stubs.o
 .debug_aranges
                0x0000000000000340       0x30 ./Startup/startup_ch32v20x_D6.o
 .debug_aranges
                0x0000000000000370      0x150 ./Peripheral/src/ch32v20x_adc.o
 .debug_aranges
                0x00000000000004c0       0x78 ./Peripheral/src/ch32v20x_bkp.o
 .debug_aranges
                0x0000000000000538       0x60 ./Peripheral/src/ch32v20x_dma.o
 .debug_aranges
                0x0000000000000598      0x110 ./Peripheral/src/ch32v20x_flash.o
 .debug_aranges
                0x00000000000006a8       0xb0 ./Peripheral/src/ch32v20x_gpio.o
 .debug_aranges
                0x0000000000000758       0x28 ./Peripheral/src/ch32v20x_misc.o
 .debug_aranges
                0x0000000000000780       0x88 ./Peripheral/src/ch32v20x_pwr.o
 .debug_aranges
                0x0000000000000808      0x130 ./Peripheral/src/ch32v20x_rcc.o
 .debug_aranges
                0x0000000000000938       0x80 ./Peripheral/src/ch32v20x_rtc.o
 .debug_aranges
                0x00000000000009b8       0xf0 ./Peripheral/src/ch32v20x_usart.o
 .debug_aranges
                0x0000000000000aa8       0x50 ./Debug/debug.o

.debug_ranges   0x0000000000000000      0xd38
 .debug_ranges  0x0000000000000000       0x18 ./User/ch32v20x_it.o
 .debug_ranges  0x0000000000000018       0x40 ./User/main.o
 .debug_ranges  0x0000000000000058      0x310 ./User/param_table.o
 .debug_ranges  0x0000000000000368       0x38 ./User/rtc.o
 .debug_ranges  0x00000000000003a0       0x88 ./User/strip_detect.o
 .debug_ranges  0x0000000000000428       0x18 ./User/system_ch32v20x.o
 .debug_ranges  0x0000000000000440      0x168 ./User/uart_protocol.o
 .debug_ranges  0x00000000000005a8       0x60 ./User/uart_protocol_stubs.o
 .debug_ranges  0x0000000000000608       0x28 ./Startup/startup_ch32v20x_D6.o
 .debug_ranges  0x0000000000000630      0x140 ./Peripheral/src/ch32v20x_adc.o
 .debug_ranges  0x0000000000000770       0x68 ./Peripheral/src/ch32v20x_bkp.o
 .debug_ranges  0x00000000000007d8       0x50 ./Peripheral/src/ch32v20x_dma.o
 .debug_ranges  0x0000000000000828      0x100 ./Peripheral/src/ch32v20x_flash.o
 .debug_ranges  0x0000000000000928       0xa0 ./Peripheral/src/ch32v20x_gpio.o
 .debug_ranges  0x00000000000009c8       0x48 ./Peripheral/src/ch32v20x_misc.o
 .debug_ranges  0x0000000000000a10       0x78 ./Peripheral/src/ch32v20x_pwr.o
 .debug_ranges  0x0000000000000a88      0x120 ./Peripheral/src/ch32v20x_rcc.o
 .debug_ranges  0x0000000000000ba8       0x70 ./Peripheral/src/ch32v20x_rtc.o
 .debug_ranges  0x0000000000000c18       0xe0 ./Peripheral/src/ch32v20x_usart.o
 .debug_ranges  0x0000000000000cf8       0x40 ./Debug/debug.o

.debug_line     0x0000000000000000    0x1199a
 .debug_line    0x0000000000000000      0x37e ./User/ch32v20x_it.o
 .debug_line    0x000000000000037e      0xe33 ./User/main.o
 .debug_line    0x00000000000011b1     0x1856 ./User/param_table.o
 .debug_line    0x0000000000002a07      0xa4c ./User/rtc.o
 .debug_line    0x0000000000003453      0xd08 ./User/strip_detect.o
 .debug_line    0x000000000000415b      0x69b ./User/system_ch32v20x.o
 .debug_line    0x00000000000047f6     0x1a4e ./User/uart_protocol.o
 .debug_line    0x0000000000006244      0x7b9 ./User/uart_protocol_stubs.o
 .debug_line    0x00000000000069fd      0x121 ./Startup/startup_ch32v20x_D6.o
 .debug_line    0x0000000000006b1e     0x1bb8 ./Peripheral/src/ch32v20x_adc.o
 .debug_line    0x00000000000086d6      0x755 ./Peripheral/src/ch32v20x_bkp.o
 .debug_line    0x0000000000008e2b      0x8a2 ./Peripheral/src/ch32v20x_dma.o
 .debug_line    0x00000000000096cd     0x2620 ./Peripheral/src/ch32v20x_flash.o
 .debug_line    0x000000000000bced     0x16f6 ./Peripheral/src/ch32v20x_gpio.o
 .debug_line    0x000000000000d3e3      0x4c8 ./Peripheral/src/ch32v20x_misc.o
 .debug_line    0x000000000000d8ab      0xc56 ./Peripheral/src/ch32v20x_pwr.o
 .debug_line    0x000000000000e501     0x127e ./Peripheral/src/ch32v20x_rcc.o
 .debug_line    0x000000000000f77f      0xa90 ./Peripheral/src/ch32v20x_rtc.o
 .debug_line    0x000000000001020f      0xf61 ./Peripheral/src/ch32v20x_usart.o
 .debug_line    0x0000000000011170      0x82a ./Debug/debug.o

.debug_str      0x0000000000000000     0x38ca
 .debug_str     0x0000000000000000      0x625 ./User/ch32v20x_it.o
                                        0x6a5 (size before relaxing)
 .debug_str     0x0000000000000625      0xa61 ./User/main.o
                                       0x10a5 (size before relaxing)
 .debug_str     0x0000000000001086      0x33d ./User/param_table.o
                                        0xa95 (size before relaxing)
 .debug_str     0x00000000000013c3      0x1b0 ./User/rtc.o
                                        0x829 (size before relaxing)
 .debug_str     0x0000000000001573      0x479 ./User/strip_detect.o
                                        0xd44 (size before relaxing)
 .debug_str     0x00000000000019ec       0xf2 ./User/system_ch32v20x.o
                                        0x6bf (size before relaxing)
 .debug_str     0x0000000000001ade      0x3bf ./User/uart_protocol.o
                                        0xc94 (size before relaxing)
 .debug_str     0x0000000000001e9d       0x33 ./User/uart_protocol_stubs.o
                                        0x7bc (size before relaxing)
 .debug_str     0x0000000000001ed0       0x2d ./Startup/startup_ch32v20x_D6.o
                                         0x76 (size before relaxing)
 .debug_str     0x0000000000001efd      0x40e ./Peripheral/src/ch32v20x_adc.o
                                        0xc37 (size before relaxing)
 .debug_str     0x000000000000230b      0x3f8 ./Peripheral/src/ch32v20x_bkp.o
                                        0xac5 (size before relaxing)
 .debug_str     0x0000000000002703       0xd1 ./Peripheral/src/ch32v20x_dma.o
                                        0x813 (size before relaxing)
 .debug_str     0x00000000000027d4      0x49c ./Peripheral/src/ch32v20x_flash.o
                                        0xb3f (size before relaxing)
 .debug_str     0x0000000000002c70      0x236 ./Peripheral/src/ch32v20x_gpio.o
                                        0x9dc (size before relaxing)
 .debug_str     0x0000000000002ea6       0x9c ./Peripheral/src/ch32v20x_misc.o
                                        0xa9e (size before relaxing)
 .debug_str     0x0000000000002f42      0x1a0 ./Peripheral/src/ch32v20x_pwr.o
                                        0x87c (size before relaxing)
 .debug_str     0x00000000000030e2      0x34c ./Peripheral/src/ch32v20x_rcc.o
                                        0xaee (size before relaxing)
 .debug_str     0x000000000000342e      0x14b ./Peripheral/src/ch32v20x_rtc.o
                                        0x826 (size before relaxing)
 .debug_str     0x0000000000003579      0x2dd ./Peripheral/src/ch32v20x_usart.o
                                        0xb0a (size before relaxing)
 .debug_str     0x0000000000003856       0x74 ./Debug/debug.o
                                        0x931 (size before relaxing)

.comment        0x0000000000000000       0x32
 .comment       0x0000000000000000       0x32 ./User/ch32v20x_it.o
                                         0x33 (size before relaxing)
 .comment       0x0000000000000032       0x33 ./User/main.o
 .comment       0x0000000000000032       0x33 ./User/param_table.o
 .comment       0x0000000000000032       0x33 ./User/rtc.o
 .comment       0x0000000000000032       0x33 ./User/strip_detect.o
 .comment       0x0000000000000032       0x33 ./User/system_ch32v20x.o
 .comment       0x0000000000000032       0x33 ./User/uart_protocol.o
 .comment       0x0000000000000032       0x33 ./User/uart_protocol_stubs.o
 .comment       0x0000000000000032       0x33 ./Peripheral/src/ch32v20x_adc.o
 .comment       0x0000000000000032       0x33 ./Peripheral/src/ch32v20x_bkp.o
 .comment       0x0000000000000032       0x33 ./Peripheral/src/ch32v20x_dma.o
 .comment       0x0000000000000032       0x33 ./Peripheral/src/ch32v20x_flash.o
 .comment       0x0000000000000032       0x33 ./Peripheral/src/ch32v20x_gpio.o
 .comment       0x0000000000000032       0x33 ./Peripheral/src/ch32v20x_misc.o
 .comment       0x0000000000000032       0x33 ./Peripheral/src/ch32v20x_pwr.o
 .comment       0x0000000000000032       0x33 ./Peripheral/src/ch32v20x_rcc.o
 .comment       0x0000000000000032       0x33 ./Peripheral/src/ch32v20x_rtc.o
 .comment       0x0000000000000032       0x33 ./Peripheral/src/ch32v20x_usart.o
 .comment       0x0000000000000032       0x33 ./Debug/debug.o
 .comment       0x0000000000000032       0x33 /Applications/MounRiver Studio 2.app/Contents/Resources/app/resources/darwin/components/WCH/Toolchain/RISC-V Embedded GCC/bin/../lib/gcc/riscv-none-embed/8.2.0/rv32imacxw/ilp32/libgcc.a(gesf2.o)
 .comment       0x0000000000000032       0x33 /Applications/MounRiver Studio 2.app/Contents/Resources/app/resources/darwin/components/WCH/Toolchain/RISC-V Embedded GCC/bin/../lib/gcc/riscv-none-embed/8.2.0/rv32imacxw/ilp32/libgcc.a(mulsf3.o)
 .comment       0x0000000000000032       0x33 /Applications/MounRiver Studio 2.app/Contents/Resources/app/resources/darwin/components/WCH/Toolchain/RISC-V Embedded GCC/bin/../lib/gcc/riscv-none-embed/8.2.0/rv32imacxw/ilp32/libgcc.a(floatunsisf.o)
 .comment       0x0000000000000032       0x33 /Applications/MounRiver Studio 2.app/Contents/Resources/app/resources/darwin/components/WCH/Toolchain/RISC-V Embedded GCC/bin/../lib/gcc/riscv-none-embed/8.2.0/rv32imacxw/ilp32/libgcc.a(extendsfdf2.o)
 .comment       0x0000000000000032       0x33 /Applications/MounRiver Studio 2.app/Contents/Resources/app/resources/darwin/components/WCH/Toolchain/RISC-V Embedded GCC/bin/../lib/gcc/riscv-none-embed/8.2.0/rv32imacxw/ilp32/libgcc.a(_clzsi2.o)
 .comment       0x0000000000000032       0x33 /Applications/MounRiver Studio 2.app/Contents/Resources/app/resources/darwin/components/WCH/Toolchain/RISC-V Embedded GCC/bin/../lib/gcc/riscv-none-embed/8.2.0/rv32imacxw/ilp32/libgcc.a(_clz.o)

.debug_frame    0x0000000000000000     0x2398
 .debug_frame   0x0000000000000000       0x30 ./User/ch32v20x_it.o
 .debug_frame   0x0000000000000030      0x114 ./User/main.o
 .debug_frame   0x0000000000000144      0x254 ./User/param_table.o
 .debug_frame   0x0000000000000398      0x100 ./User/rtc.o
 .debug_frame   0x0000000000000498      0x11c ./User/strip_detect.o
 .debug_frame   0x00000000000005b4       0x30 ./User/system_ch32v20x.o
 .debug_frame   0x00000000000005e4      0x310 ./User/uart_protocol.o
 .debug_frame   0x00000000000008f4       0xcc ./User/uart_protocol_stubs.o
 .debug_frame   0x00000000000009c0      0x2b4 ./Peripheral/src/ch32v20x_adc.o
 .debug_frame   0x0000000000000c74       0xec ./Peripheral/src/ch32v20x_bkp.o
 .debug_frame   0x0000000000000d60       0xcc ./Peripheral/src/ch32v20x_dma.o
 .debug_frame   0x0000000000000e2c      0x380 ./Peripheral/src/ch32v20x_flash.o
 .debug_frame   0x00000000000011ac      0x170 ./Peripheral/src/ch32v20x_gpio.o
 .debug_frame   0x000000000000131c       0x30 ./Peripheral/src/ch32v20x_misc.o
 .debug_frame   0x000000000000134c       0xfc ./Peripheral/src/ch32v20x_pwr.o
 .debug_frame   0x0000000000001448      0x254 ./Peripheral/src/ch32v20x_rcc.o
 .debug_frame   0x000000000000169c      0x12c ./Peripheral/src/ch32v20x_rtc.o
 .debug_frame   0x00000000000017c8      0x1e4 ./Peripheral/src/ch32v20x_usart.o
 .debug_frame   0x00000000000019ac       0xb8 ./Debug/debug.o
 .debug_frame   0x0000000000001a64       0x20 /Applications/MounRiver Studio 2.app/Contents/Resources/app/resources/darwin/components/WCH/Toolchain/RISC-V Embedded GCC/bin/../lib/gcc/riscv-none-embed/8.2.0/../../../../riscv-none-embed/lib/rv32imacxw/ilp32/libg_nano.a(lib_a-memcpy.o)
 .debug_frame   0x0000000000001a84       0x54 /Applications/MounRiver Studio 2.app/Contents/Resources/app/resources/darwin/components/WCH/Toolchain/RISC-V Embedded GCC/bin/../lib/gcc/riscv-none-embed/8.2.0/../../../../riscv-none-embed/lib/rv32imacxw/ilp32/libg_nano.a(lib_a-printf.o)
 .debug_frame   0x0000000000001ad8       0x54 /Applications/MounRiver Studio 2.app/Contents/Resources/app/resources/darwin/components/WCH/Toolchain/RISC-V Embedded GCC/bin/../lib/gcc/riscv-none-embed/8.2.0/../../../../riscv-none-embed/lib/rv32imacxw/ilp32/libg_nano.a(lib_a-puts.o)
 .debug_frame   0x0000000000001b2c       0x50 /Applications/MounRiver Studio 2.app/Contents/Resources/app/resources/darwin/components/WCH/Toolchain/RISC-V Embedded GCC/bin/../lib/gcc/riscv-none-embed/8.2.0/../../../../riscv-none-embed/lib/rv32imacxw/ilp32/libg_nano.a(lib_a-wbuf.o)
 .debug_frame   0x0000000000001b7c       0x3c /Applications/MounRiver Studio 2.app/Contents/Resources/app/resources/darwin/components/WCH/Toolchain/RISC-V Embedded GCC/bin/../lib/gcc/riscv-none-embed/8.2.0/../../../../riscv-none-embed/lib/rv32imacxw/ilp32/libg_nano.a(lib_a-wsetup.o)
 .debug_frame   0x0000000000001bb8       0x7c /Applications/MounRiver Studio 2.app/Contents/Resources/app/resources/darwin/components/WCH/Toolchain/RISC-V Embedded GCC/bin/../lib/gcc/riscv-none-embed/8.2.0/../../../../riscv-none-embed/lib/rv32imacxw/ilp32/libg_nano.a(lib_a-fflush.o)
 .debug_frame   0x0000000000001c34      0x148 /Applications/MounRiver Studio 2.app/Contents/Resources/app/resources/darwin/components/WCH/Toolchain/RISC-V Embedded GCC/bin/../lib/gcc/riscv-none-embed/8.2.0/../../../../riscv-none-embed/lib/rv32imacxw/ilp32/libg_nano.a(lib_a-findfp.o)
 .debug_frame   0x0000000000001d7c       0x88 /Applications/MounRiver Studio 2.app/Contents/Resources/app/resources/darwin/components/WCH/Toolchain/RISC-V Embedded GCC/bin/../lib/gcc/riscv-none-embed/8.2.0/../../../../riscv-none-embed/lib/rv32imacxw/ilp32/libg_nano.a(lib_a-fwalk.o)
 .debug_frame   0x0000000000001e04       0x64 /Applications/MounRiver Studio 2.app/Contents/Resources/app/resources/darwin/components/WCH/Toolchain/RISC-V Embedded GCC/bin/../lib/gcc/riscv-none-embed/8.2.0/../../../../riscv-none-embed/lib/rv32imacxw/ilp32/libg_nano.a(lib_a-makebuf.o)
 .debug_frame   0x0000000000001e68       0x40 /Applications/MounRiver Studio 2.app/Contents/Resources/app/resources/darwin/components/WCH/Toolchain/RISC-V Embedded GCC/bin/../lib/gcc/riscv-none-embed/8.2.0/../../../../riscv-none-embed/lib/rv32imacxw/ilp32/libg_nano.a(lib_a-nano-freer.o)
 .debug_frame   0x0000000000001ea8       0x40 /Applications/MounRiver Studio 2.app/Contents/Resources/app/resources/darwin/components/WCH/Toolchain/RISC-V Embedded GCC/bin/../lib/gcc/riscv-none-embed/8.2.0/../../../../riscv-none-embed/lib/rv32imacxw/ilp32/libg_nano.a(lib_a-nano-mallocr.o)
 .debug_frame   0x0000000000001ee8       0xd0 /Applications/MounRiver Studio 2.app/Contents/Resources/app/resources/darwin/components/WCH/Toolchain/RISC-V Embedded GCC/bin/../lib/gcc/riscv-none-embed/8.2.0/../../../../riscv-none-embed/lib/rv32imacxw/ilp32/libg_nano.a(lib_a-nano-vfprintf.o)
 .debug_frame   0x0000000000001fb8       0x8c /Applications/MounRiver Studio 2.app/Contents/Resources/app/resources/darwin/components/WCH/Toolchain/RISC-V Embedded GCC/bin/../lib/gcc/riscv-none-embed/8.2.0/../../../../riscv-none-embed/lib/rv32imacxw/ilp32/libg_nano.a(lib_a-nano-vfprintf_i.o)
 .debug_frame   0x0000000000002044       0x30 /Applications/MounRiver Studio 2.app/Contents/Resources/app/resources/darwin/components/WCH/Toolchain/RISC-V Embedded GCC/bin/../lib/gcc/riscv-none-embed/8.2.0/../../../../riscv-none-embed/lib/rv32imacxw/ilp32/libg_nano.a(lib_a-sbrkr.o)
 .debug_frame   0x0000000000002074       0xa4 /Applications/MounRiver Studio 2.app/Contents/Resources/app/resources/darwin/components/WCH/Toolchain/RISC-V Embedded GCC/bin/../lib/gcc/riscv-none-embed/8.2.0/../../../../riscv-none-embed/lib/rv32imacxw/ilp32/libg_nano.a(lib_a-stdio.o)
 .debug_frame   0x0000000000002118       0x30 /Applications/MounRiver Studio 2.app/Contents/Resources/app/resources/darwin/components/WCH/Toolchain/RISC-V Embedded GCC/bin/../lib/gcc/riscv-none-embed/8.2.0/../../../../riscv-none-embed/lib/rv32imacxw/ilp32/libg_nano.a(lib_a-writer.o)
 .debug_frame   0x0000000000002148       0x30 /Applications/MounRiver Studio 2.app/Contents/Resources/app/resources/darwin/components/WCH/Toolchain/RISC-V Embedded GCC/bin/../lib/gcc/riscv-none-embed/8.2.0/../../../../riscv-none-embed/lib/rv32imacxw/ilp32/libg_nano.a(lib_a-closer.o)
 .debug_frame   0x0000000000002178       0x30 /Applications/MounRiver Studio 2.app/Contents/Resources/app/resources/darwin/components/WCH/Toolchain/RISC-V Embedded GCC/bin/../lib/gcc/riscv-none-embed/8.2.0/../../../../riscv-none-embed/lib/rv32imacxw/ilp32/libg_nano.a(lib_a-fstatr.o)
 .debug_frame   0x00000000000021a8       0x30 /Applications/MounRiver Studio 2.app/Contents/Resources/app/resources/darwin/components/WCH/Toolchain/RISC-V Embedded GCC/bin/../lib/gcc/riscv-none-embed/8.2.0/../../../../riscv-none-embed/lib/rv32imacxw/ilp32/libg_nano.a(lib_a-isattyr.o)
 .debug_frame   0x00000000000021d8       0x30 /Applications/MounRiver Studio 2.app/Contents/Resources/app/resources/darwin/components/WCH/Toolchain/RISC-V Embedded GCC/bin/../lib/gcc/riscv-none-embed/8.2.0/../../../../riscv-none-embed/lib/rv32imacxw/ilp32/libg_nano.a(lib_a-lseekr.o)
 .debug_frame   0x0000000000002208       0x20 /Applications/MounRiver Studio 2.app/Contents/Resources/app/resources/darwin/components/WCH/Toolchain/RISC-V Embedded GCC/bin/../lib/gcc/riscv-none-embed/8.2.0/../../../../riscv-none-embed/lib/rv32imacxw/ilp32/libg_nano.a(lib_a-memchr.o)
 .debug_frame   0x0000000000002228       0x30 /Applications/MounRiver Studio 2.app/Contents/Resources/app/resources/darwin/components/WCH/Toolchain/RISC-V Embedded GCC/bin/../lib/gcc/riscv-none-embed/8.2.0/../../../../riscv-none-embed/lib/rv32imacxw/ilp32/libg_nano.a(lib_a-mlock.o)
 .debug_frame   0x0000000000002258       0x30 /Applications/MounRiver Studio 2.app/Contents/Resources/app/resources/darwin/components/WCH/Toolchain/RISC-V Embedded GCC/bin/../lib/gcc/riscv-none-embed/8.2.0/../../../../riscv-none-embed/lib/rv32imacxw/ilp32/libg_nano.a(lib_a-readr.o)
 .debug_frame   0x0000000000002288       0x70 /Applications/MounRiver Studio 2.app/Contents/Resources/app/resources/darwin/components/WCH/Toolchain/RISC-V Embedded GCC/bin/../lib/gcc/riscv-none-embed/8.2.0/../../../../riscv-none-embed/lib/rv32imacxw/ilp32/libg_nano.a(lib_a-reent.o)
 .debug_frame   0x00000000000022f8       0x20 /Applications/MounRiver Studio 2.app/Contents/Resources/app/resources/darwin/components/WCH/Toolchain/RISC-V Embedded GCC/bin/../lib/gcc/riscv-none-embed/8.2.0/../../../../riscv-none-embed/lib/rv32imacxw/ilp32/libnosys.a(close.o)
 .debug_frame   0x0000000000002318       0x20 /Applications/MounRiver Studio 2.app/Contents/Resources/app/resources/darwin/components/WCH/Toolchain/RISC-V Embedded GCC/bin/../lib/gcc/riscv-none-embed/8.2.0/../../../../riscv-none-embed/lib/rv32imacxw/ilp32/libnosys.a(fstat.o)
 .debug_frame   0x0000000000002338       0x20 /Applications/MounRiver Studio 2.app/Contents/Resources/app/resources/darwin/components/WCH/Toolchain/RISC-V Embedded GCC/bin/../lib/gcc/riscv-none-embed/8.2.0/../../../../riscv-none-embed/lib/rv32imacxw/ilp32/libnosys.a(isatty.o)
 .debug_frame   0x0000000000002358       0x20 /Applications/MounRiver Studio 2.app/Contents/Resources/app/resources/darwin/components/WCH/Toolchain/RISC-V Embedded GCC/bin/../lib/gcc/riscv-none-embed/8.2.0/../../../../riscv-none-embed/lib/rv32imacxw/ilp32/libnosys.a(lseek.o)
 .debug_frame   0x0000000000002378       0x20 /Applications/MounRiver Studio 2.app/Contents/Resources/app/resources/darwin/components/WCH/Toolchain/RISC-V Embedded GCC/bin/../lib/gcc/riscv-none-embed/8.2.0/../../../../riscv-none-embed/lib/rv32imacxw/ilp32/libnosys.a(read.o)

.debug_loc      0x0000000000000000     0x615b
 .debug_loc     0x0000000000000000      0x130 ./User/main.o
 .debug_loc     0x0000000000000130      0xf62 ./User/param_table.o
 .debug_loc     0x0000000000001092      0x406 ./User/rtc.o
 .debug_loc     0x0000000000001498       0xbf ./User/strip_detect.o
 .debug_loc     0x0000000000001557       0xac ./User/system_ch32v20x.o
 .debug_loc     0x0000000000001603     0x1235 ./User/uart_protocol.o
 .debug_loc     0x0000000000002838       0x9f ./User/uart_protocol_stubs.o
 .debug_loc     0x00000000000028d7      0xab6 ./Peripheral/src/ch32v20x_adc.o
 .debug_loc     0x000000000000338d       0xd8 ./Peripheral/src/ch32v20x_bkp.o
 .debug_loc     0x0000000000003465      0x155 ./Peripheral/src/ch32v20x_dma.o
 .debug_loc     0x00000000000035ba      0xc9b ./Peripheral/src/ch32v20x_flash.o
 .debug_loc     0x0000000000004255      0x8a1 ./Peripheral/src/ch32v20x_gpio.o
 .debug_loc     0x0000000000004af6       0x2d ./Peripheral/src/ch32v20x_misc.o
 .debug_loc     0x0000000000004b23      0x29e ./Peripheral/src/ch32v20x_pwr.o
 .debug_loc     0x0000000000004dc1      0x797 ./Peripheral/src/ch32v20x_rcc.o
 .debug_loc     0x0000000000005558      0x377 ./Peripheral/src/ch32v20x_rtc.o
 .debug_loc     0x00000000000058cf      0x715 ./Peripheral/src/ch32v20x_usart.o
 .debug_loc     0x0000000000005fe4      0x177 ./Debug/debug.o

.stab           0x0000000000000000       0x84
 .stab          0x0000000000000000       0x24 /Applications/MounRiver Studio 2.app/Contents/Resources/app/resources/darwin/components/WCH/Toolchain/RISC-V Embedded GCC/bin/../lib/gcc/riscv-none-embed/8.2.0/../../../../riscv-none-embed/lib/rv32imacxw/ilp32/libnosys.a(close.o)
 .stab          0x0000000000000024       0x18 /Applications/MounRiver Studio 2.app/Contents/Resources/app/resources/darwin/components/WCH/Toolchain/RISC-V Embedded GCC/bin/../lib/gcc/riscv-none-embed/8.2.0/../../../../riscv-none-embed/lib/rv32imacxw/ilp32/libnosys.a(fstat.o)
                                         0x24 (size before relaxing)
 .stab          0x000000000000003c       0x18 /Applications/MounRiver Studio 2.app/Contents/Resources/app/resources/darwin/components/WCH/Toolchain/RISC-V Embedded GCC/bin/../lib/gcc/riscv-none-embed/8.2.0/../../../../riscv-none-embed/lib/rv32imacxw/ilp32/libnosys.a(isatty.o)
                                         0x24 (size before relaxing)
 .stab          0x0000000000000054       0x18 /Applications/MounRiver Studio 2.app/Contents/Resources/app/resources/darwin/components/WCH/Toolchain/RISC-V Embedded GCC/bin/../lib/gcc/riscv-none-embed/8.2.0/../../../../riscv-none-embed/lib/rv32imacxw/ilp32/libnosys.a(lseek.o)
                                         0x24 (size before relaxing)
 .stab          0x000000000000006c       0x18 /Applications/MounRiver Studio 2.app/Contents/Resources/app/resources/darwin/components/WCH/Toolchain/RISC-V Embedded GCC/bin/../lib/gcc/riscv-none-embed/8.2.0/../../../../riscv-none-embed/lib/rv32imacxw/ilp32/libnosys.a(read.o)
                                         0x24 (size before relaxing)

.stabstr        0x0000000000000000      0x117
 .stabstr       0x0000000000000000      0x117 /Applications/MounRiver Studio 2.app/Contents/Resources/app/resources/darwin/components/WCH/Toolchain/RISC-V Embedded GCC/bin/../lib/gcc/riscv-none-embed/8.2.0/../../../../riscv-none-embed/lib/rv32imacxw/ilp32/libnosys.a(close.o)
