Archive member included to satisfy reference by file (symbol)

/Applications/MounRiver Studio 2.app/Contents/Resources/app/resources/darwin/components/WCH/Toolchain/RISC-V Embedded GCC/bin/../lib/gcc/riscv-none-embed/8.2.0/rv32imacxw/ilp32/libgcc.a(save-restore.o)
                              ./User/uart_protocol.o (__riscv_save_12)
/Applications/MounRiver Studio 2.app/Contents/Resources/app/resources/darwin/components/WCH/Toolchain/RISC-V Embedded GCC/bin/../lib/gcc/riscv-none-embed/8.2.0/../../../../riscv-none-embed/lib/rv32imacxw/ilp32/libg_nano.a(lib_a-memcpy.o)
                              ./User/param_store.o (memcpy)
/Applications/MounRiver Studio 2.app/Contents/Resources/app/resources/darwin/components/WCH/Toolchain/RISC-V Embedded GCC/bin/../lib/gcc/riscv-none-embed/8.2.0/../../../../riscv-none-embed/lib/rv32imacxw/ilp32/libg_nano.a(lib_a-memset.o)
                              ./User/param_store.o (memset)
/Applications/MounRiver Studio 2.app/Contents/Resources/app/resources/darwin/components/WCH/Toolchain/RISC-V Embedded GCC/bin/../lib/gcc/riscv-none-embed/8.2.0/../../../../riscv-none-embed/lib/rv32imacxw/ilp32/libg_nano.a(lib_a-printf.o)
                              ./User/main.o (printf)
/Applications/MounRiver Studio 2.app/Contents/Resources/app/resources/darwin/components/WCH/Toolchain/RISC-V Embedded GCC/bin/../lib/gcc/riscv-none-embed/8.2.0/../../../../riscv-none-embed/lib/rv32imacxw/ilp32/libg_nano.a(lib_a-puts.o)
                              ./User/main.o (puts)
/Applications/MounRiver Studio 2.app/Contents/Resources/app/resources/darwin/components/WCH/Toolchain/RISC-V Embedded GCC/bin/../lib/gcc/riscv-none-embed/8.2.0/../../../../riscv-none-embed/lib/rv32imacxw/ilp32/libg_nano.a(lib_a-wbuf.o)
                              /Applications/MounRiver Studio 2.app/Contents/Resources/app/resources/darwin/components/WCH/Toolchain/RISC-V Embedded GCC/bin/../lib/gcc/riscv-none-embed/8.2.0/../../../../riscv-none-embed/lib/rv32imacxw/ilp32/libg_nano.a(lib_a-puts.o) (__swbuf_r)
/Applications/MounRiver Studio 2.app/Contents/Resources/app/resources/darwin/components/WCH/Toolchain/RISC-V Embedded GCC/bin/../lib/gcc/riscv-none-embed/8.2.0/../../../../riscv-none-embed/lib/rv32imacxw/ilp32/libg_nano.a(lib_a-wsetup.o)
                              /Applications/MounRiver Studio 2.app/Contents/Resources/app/resources/darwin/components/WCH/Toolchain/RISC-V Embedded GCC/bin/../lib/gcc/riscv-none-embed/8.2.0/../../../../riscv-none-embed/lib/rv32imacxw/ilp32/libg_nano.a(lib_a-puts.o) (__swsetup_r)
/Applications/MounRiver Studio 2.app/Contents/Resources/app/resources/darwin/components/WCH/Toolchain/RISC-V Embedded GCC/bin/../lib/gcc/riscv-none-embed/8.2.0/../../../../riscv-none-embed/lib/rv32imacxw/ilp32/libg_nano.a(lib_a-fflush.o)
                              /Applications/MounRiver Studio 2.app/Contents/Resources/app/resources/darwin/components/WCH/Toolchain/RISC-V Embedded GCC/bin/../lib/gcc/riscv-none-embed/8.2.0/../../../../riscv-none-embed/lib/rv32imacxw/ilp32/libg_nano.a(lib_a-wbuf.o) (_fflush_r)
/Applications/MounRiver Studio 2.app/Contents/Resources/app/resources/darwin/components/WCH/Toolchain/RISC-V Embedded GCC/bin/../lib/gcc/riscv-none-embed/8.2.0/../../../../riscv-none-embed/lib/rv32imacxw/ilp32/libg_nano.a(lib_a-findfp.o)
                              /Applications/MounRiver Studio 2.app/Contents/Resources/app/resources/darwin/components/WCH/Toolchain/RISC-V Embedded GCC/bin/../lib/gcc/riscv-none-embed/8.2.0/../../../../riscv-none-embed/lib/rv32imacxw/ilp32/libg_nano.a(lib_a-printf.o) (__sinit)
/Applications/MounRiver Studio 2.app/Contents/Resources/app/resources/darwin/components/WCH/Toolchain/RISC-V Embedded GCC/bin/../lib/gcc/riscv-none-embed/8.2.0/../../../../riscv-none-embed/lib/rv32imacxw/ilp32/libg_nano.a(lib_a-fwalk.o)
                              /Applications/MounRiver Studio 2.app/Contents/Resources/app/resources/darwin/components/WCH/Toolchain/RISC-V Embedded GCC/bin/../lib/gcc/riscv-none-embed/8.2.0/../../../../riscv-none-embed/lib/rv32imacxw/ilp32/libg_nano.a(lib_a-findfp.o) (_fwalk)
/Applications/MounRiver Studio 2.app/Contents/Resources/app/resources/darwin/components/WCH/Toolchain/RISC-V Embedded GCC/bin/../lib/gcc/riscv-none-embed/8.2.0/../../../../riscv-none-embed/lib/rv32imacxw/ilp32/libg_nano.a(lib_a-impure.o)
                              /Applications/MounRiver Studio 2.app/Contents/Resources/app/resources/darwin/components/WCH/Toolchain/RISC-V Embedded GCC/bin/../lib/gcc/riscv-none-embed/8.2.0/../../../../riscv-none-embed/lib/rv32imacxw/ilp32/libg_nano.a(lib_a-fflush.o) (_global_impure_ptr)
/Applications/MounRiver Studio 2.app/Contents/Resources/app/resources/darwin/components/WCH/Toolchain/RISC-V Embedded GCC/bin/../lib/gcc/riscv-none-embed/8.2.0/../../../../riscv-none-embed/lib/rv32imacxw/ilp32/libg_nano.a(lib_a-makebuf.o)
[...]
Memory Configuration

Name             Origin             Length             Attributes
FLASH            0x0000000000000000 0x0000000000010000 xr
RAM              0x0000000020000000 0x0000000000005000 xrw
*default*        0x0000000000000000 0xffffffffffffffff

Linker script and memory map

LOAD ./User/ch32v20x_it.o
LOAD ./User/main.o
LOAD ./User/param_store.o
LOAD ./User/param_table.o
LOAD ./User/param_test.o
LOAD ./User/system_ch32v20x.o
LOAD ./User/uart_protocol.o
LOAD ./User/uart_protocol_handlers.o
LOAD ./Startup/startup_ch32v20x_D6.o
LOAD ./Peripheral/src/ch32v20x_adc.o
LOAD ./Peripheral/src/ch32v20x_bkp.o
LOAD ./Peripheral/src/ch32v20x_can.o
LOAD ./Peripheral/src/ch32v20x_crc.o
LOAD ./Peripheral/src/ch32v20x_dbgmcu.o
LOAD ./Peripheral/src/ch32v20x_dma.o
LOAD ./Peripheral/src/ch32v20x_exti.o
LOAD ./Peripheral/src/ch32v20x_flash.o
LOAD ./Peripheral/src/ch32v20x_gpio.o
LOAD ./Peripheral/src/ch32v20x_i2c.o
LOAD ./Peripheral/src/ch32v20x_iwdg.o
LOAD ./Peripheral/src/ch32v20x_misc.o
LOAD ./Peripheral/src/ch32v20x_opa.o
LOAD ./Peripheral/src/ch32v20x_pwr.o
LOAD ./Peripheral/src/ch32v20x_rcc.o
LOAD ./Peripheral/src/ch32v20x_rtc.o
LOAD ./Peripheral/src/ch32v20x_spi.o
LOAD ./Peripheral/src/ch32v20x_tim.o
LOAD ./Peripheral/src/ch32v20x_usart.o
LOAD ./Peripheral/src/ch32v20x_wwdg.o
LOAD ./Debug/debug.o
LOAD ./Core/core_riscv.o
LOAD /Applications/MounRiver Studio 2.app/Contents/Resources/app/resources/darwin/components/WCH/Toolchain/RISC-V Embedded GCC/bin/../lib/gcc/riscv-none-embed/8.2.0/rv32imacxw/ilp32/libgcc.a
LOAD /Applications/MounRiver Studio 2.app/Contents/Resources/app/resources/darwin/components/WCH/Toolchain/RISC-V Embedded GCC/bin/../lib/gcc/riscv-none-embed/8.2.0/../../../../riscv-none-embed/lib/rv32imacxw/ilp32/libg_nano.a
LOAD /Applications/MounRiver Studio 2.app/Contents/Resources/app/resources/darwin/components/WCH/Toolchain/RISC-V Embedded GCC/bin/../lib/gcc/riscv-none-embed/8.2.0/../../../../riscv-none-embed/lib/rv32imacxw/ilp32/libc_nano.a
LOAD /Applications/MounRiver Studio 2.app/Contents/Resources/app/resources/darwin/components/WCH/Toolchain/RISC-V Embedded GCC/bin/../lib/gcc/riscv-none-embed/8.2.0/rv32imacxw/ilp32/libgcc.a
START GROUP
LOAD /Applications/MounRiver Studio 2.app/Contents/Resources/app/resources/darwin/components/WCH/Toolchain/RISC-V Embedded GCC/bin/../lib/gcc/riscv-none-embed/8.2.0/rv32imacxw/ilp32/libgcc.a
LOAD /Applications/MounRiver Studio 2.app/Contents/Resources/app/resources/darwin/components/WCH/Toolchain/RISC-V Embedded GCC/bin/../lib/gcc/riscv-none-embed/8.2.0/../../../../riscv-none-embed/lib/rv32imacxw/ilp32/libc_nano.a
LOAD /Applications/MounRiver Studio 2.app/Contents/Resources/app/resources/darwin/components/WCH/Toolchain/RISC-V Embedded GCC/bin/../lib/gcc/riscv-none-embed/8.2.0/../../../../riscv-none-embed/lib/rv32imacxw/ilp32/libnosys.a
END GROUP
START GROUP
LOAD /Applications/MounRiver Studio 2.app/Contents/Resources/app/resources/darwin/components/WCH/Toolchain/RISC-V Embedded GCC/bin/../lib/gcc/riscv-none-embed/8.2.0/rv32imacxw/ilp32/libgcc.a
LOAD /Applications/MounRiver Studio 2.app/Contents/Resources/app/resources/darwin/components/WCH/Toolchain/RISC-V Embedded GCC/bin/../lib/gcc/riscv-none-embed/8.2.0/../../../../riscv-none-embed/lib/rv32imacxw/ilp32/libc_nano.a
LOAD /Applications/MounRiver Studio 2.app/Contents/Resources/app/resources/darwin/components/WCH/Toolchain/RISC-V Embedded GCC/bin/../lib/gcc/riscv-none-embed/8.2.0/../../../../riscv-none-embed/lib/rv32imacxw/ilp32/libnosys.a
END GROUP
                0x0000000000000800                __stack_size = 0x800
                [!provide]                        PROVIDE (_stack_size = __stack_size)

.init           0x0000000000000000        0x4
                0x0000000000000000                _sinit = .
                0x0000000000000000                . = ALIGN (0x4)
 *(SORT_NONE(.init))
 .init          0x0000000000000000        0x4 ./Startup/startup_ch32v20x_D6.o
                0x0000000000000000                _start
                0x0000000000000004                . = ALIGN (0x4)
                0x0000000000000004                _einit = .

.vector         0x0000000000000004       0xfc
 *(.vector)
 .vector        0x0000000000000004       0xfc ./Startup/startup_ch32v20x_D6.o
                0x0000000000000100                . = ALIGN (0x40)

.text           0x0000000000000100     0x3c84
                0x0000000000000100                . = ALIGN (0x4)
 *(.text)
 .text          0x0000000000000100       0x60 /Applications/MounRiver Studio 2.app/Contents/Resources/app/resources/darwin/components/WCH/Toolchain/RISC-V Embedded GCC/bin/../lib/gcc/riscv-none-embed/8.2.0/rv32imacxw/ilp32/libgcc.a(save-restore.o)
                0x0000000000000100                __riscv_save_12
                0x0000000000000108                __riscv_save_10
                0x0000000000000108                __riscv_save_8
                0x0000000000000108                __riscv_save_11
                0x0000000000000108                __riscv_save_9
                0x0000000000000116                __riscv_save_4
                0x0000000000000116                __riscv_save_7
                0x0000000000000116                __riscv_save_6
                0x0000000000000116                __riscv_save_5
                0x0000000000000130                __riscv_save_3
                0x0000000000000130                __riscv_save_2
                0x0000000000000130                __riscv_save_0
                0x0000000000000130                __riscv_save_1
                0x000000000000013c                __riscv_restore_12
                0x0000000000000140                __riscv_restore_8
                0x0000000000000140                __riscv_restore_10
                0x0000000000000140                __riscv_restore_9
                0x0000000000000140                __riscv_restore_11
                0x000000000000014a                __riscv_restore_5
                0x000000000000014a                __riscv_restore_7
                0x000000000000014a                __riscv_restore_4
                0x000000000000014a                __riscv_restore_6
                0x0000000000000154                __riscv_restore_3
                0x0000000000000154                __riscv_restore_1
                0x0000000000000154                __riscv_restore_0
                0x0000000000000154                __riscv_restore_2
 .text          0x0000000000000160       0xa8 /Applications/MounRiver Studio 2.app/Contents/Resources/app/resources/darwin/components/WCH/Toolchain/RISC-V Embedded GCC/bin/../lib/gcc/riscv-none-embed/8.2.0/../../../../riscv-none-embed/lib/rv32imacxw/ilp32/libg_nano.a(lib_a-memset.o)
                0x0000000000000160                memset
 *(.text.*)
 .text.NMI_Handler
                0x0000000000000208        0x2 ./User/ch32v20x_it.o
                0x0000000000000208                NMI_Handler
 .text.HardFault_Handler
                0x000000000000020a       0x10 ./User/ch32v20x_it.o
                0x000000000000020a                HardFault_Handler
 .text.GPIO_Config
                0x000000000000021a      0x104 ./User/main.o
                0x000000000000021a                GPIO_Config
 .text.UART2_Config
                0x000000000000031e       0xae ./User/main.o
                0x000000000000031e                UART2_Config
 .text.Timer2_Config
                0x00000000000003cc       0x60 ./User/main.o
                0x00000000000003cc                Timer2_Config
 .text.Process_UART_Data
                0x000000000000042c       0x1a ./User/main.o
                0x000000000000042c                Process_UART_Data
 .text.USART2_IRQHandler
                0x0000000000000446       0x4c ./User/main.o
                0x0000000000000446                USART2_IRQHandler
 .text.TIM2_IRQHandler
                0x0000000000000492       0x6c ./User/main.o
                0x0000000000000492                TIM2_IRQHandler
 .text.Key_Process
                0x00000000000004fe       0xa0 ./User/main.o
                0x00000000000004fe                Key_Process
 .text.startup.main
                0x000000000000059e       0x96 ./User/main.o
                0x000000000000059e                main
 .text.PARAM_LoadActiveBlock
                0x0000000000000634       0x46 ./User/param_store.o
 .text.PARAM_WriteToFlash.part.0
                0x000000000000067a       0x4c ./User/param_store.o
 .text.PARAM_LoadDefaultParams.part.1
                0x00000000000006c6      0x256 ./User/param_store.o
 .text.PARAM_LoadDefaultParams
                0x000000000000091c       0x48 ./User/param_store.o
 .text.PARAM_Init
                0x0000000000000964       0x9c ./User/param_store.o
                0x0000000000000964                PARAM_Init
 .text.PARAM_ReadBlock
                0x0000000000000a00       0x56 ./User/param_store.o
                0x0000000000000a00                PARAM_ReadBlock
 .text.PARAM_UpdateBlock
                0x0000000000000a56      0x162 ./User/param_store.o
                0x0000000000000a56                PARAM_UpdateBlock
 .text.PARAM_UpdateDateTime
                0x0000000000000bb8       0x84 ./User/param_store.o
                0x0000000000000bb8                PARAM_UpdateDateTime
 .text.PARAM_GetDateTime
                0x0000000000000c3c       0x64 ./User/param_store.o
                0x0000000000000c3c                PARAM_GetDateTime
 .text.PARAM_IncreaseTestCount
                0x0000000000000ca0       0x28 ./User/param_store.o
                0x0000000000000ca0                PARAM_IncreaseTestCount
 .text.PARAM_GetActiveBlockAddr
                0x0000000000000cc8        0x6 ./User/param_store.o
                0x0000000000000cc8                PARAM_GetActiveBlockAddr
 .text.PARAM_GetStripParametersByStripType
                0x0000000000000cce       0x50 ./User/param_store.o
                0x0000000000000cce                PARAM_GetStripParametersByStripType
 .text.PARAM_GetMeasurementRangeByStripType
                0x0000000000000d1e       0x48 ./User/param_store.o
                0x0000000000000d1e                PARAM_GetMeasurementRangeByStripType
 .text.PARAM_GetTimingParametersByStripType
                0x0000000000000d66       0x7c ./User/param_store.o
                0x0000000000000d66                PARAM_GetTimingParametersByStripType
 .text.PARAM_TestAll
                0x0000000000000de2      0x602 ./User/param_test.o
                0x0000000000000de2                PARAM_TestAll
 .text.SystemInit
                0x00000000000013e4       0xa8 ./User/system_ch32v20x.o
                0x00000000000013e4                SystemInit
 .text.SystemCoreClockUpdate
                0x000000000000148c       0x8e ./User/system_ch32v20x.o
                0x000000000000148c                SystemCoreClockUpdate
 .text.UART_Protocol_Init
                0x000000000000151a       0x46 ./User/uart_protocol.o
                0x000000000000151a                UART_Protocol_Init
 .text.UART_Protocol_CalcChecksum
                0x0000000000001560       0x1c ./User/uart_protocol.o
                0x0000000000001560                UART_Protocol_CalcChecksum
 .text.UART_Protocol_PackFrame
                0x000000000000157c       0x4a ./User/uart_protocol.o
                0x000000000000157c                UART_Protocol_PackFrame
 .text.UART_Protocol_SendFrame
                0x00000000000015c6       0x44 ./User/uart_protocol.o
                0x00000000000015c6                UART_Protocol_SendFrame
 .text.UART_Protocol_SendErrorResponse
                0x000000000000160a       0x2e ./User/uart_protocol.o
                0x000000000000160a                UART_Protocol_SendErrorResponse
 .text.UART_Protocol_ProcessCommand
                0x0000000000001638       0x5a ./User/uart_protocol.o
                0x0000000000001638                UART_Protocol_ProcessCommand
 .text.UART_Protocol_Parse
                0x0000000000001692       0xee ./User/uart_protocol.o
                0x0000000000001692                UART_Protocol_Parse
 .text.UART_Protocol_HandleSyncTime
                0x0000000000001780       0x66 ./User/uart_protocol_handlers.o
                0x0000000000001780                UART_Protocol_HandleSyncTime
 .text.UART_Protocol_HandleRequestStatus
                0x00000000000017e6       0x6e ./User/uart_protocol_handlers.o
                0x00000000000017e6                UART_Protocol_HandleRequestStatus
 .text.UART_Protocol_HandleSetCodeEvent
                0x0000000000001854       0x4c ./User/uart_protocol_handlers.o
                0x0000000000001854                UART_Protocol_HandleSetCodeEvent
 .text.UART_Protocol_SendBloodSampleNotify
                0x00000000000018a0       0x1c ./User/uart_protocol_handlers.o
                0x00000000000018a0                UART_Protocol_SendBloodSampleNotify
 .text.UART_Protocol_HandleBloodSampleCheck
                0x00000000000018bc       0x38 ./User/uart_protocol_handlers.o
                0x00000000000018bc                UART_Protocol_HandleBloodSampleCheck
 .text.UART_Protocol_SendResult
                0x00000000000018f4       0xa4 ./User/uart_protocol_handlers.o
                0x00000000000018f4                UART_Protocol_SendResult
 .text.UART_Protocol_HandleRequestResult
                0x0000000000001998       0x98 ./User/uart_protocol_handlers.o
                0x0000000000001998                UART_Protocol_HandleRequestResult
 .text.UART_Protocol_SendRawData
                0x0000000000001a30       0x44 ./User/uart_protocol_handlers.o
                0x0000000000001a30                UART_Protocol_SendRawData
 .text.UART_Protocol_HandleRequestRawData
                0x0000000000001a74       0x42 ./User/uart_protocol_handlers.o
                0x0000000000001a74                UART_Protocol_HandleRequestRawData
 .text.vector_handler
                0x0000000000001ab6        0x2 ./Startup/startup_ch32v20x_D6.o
                0x0000000000001ab6                USBWakeUp_IRQHandler
                0x0000000000001ab6                TIM1_CC_IRQHandler
                0x0000000000001ab6                SysTick_Handler
                0x0000000000001ab6                PVD_IRQHandler
                0x0000000000001ab6                EXTI3_IRQHandler
                0x0000000000001ab6                USBFS_IRQHandler
                0x0000000000001ab6                EXTI0_IRQHandler
                0x0000000000001ab6                I2C2_EV_IRQHandler
                0x0000000000001ab6                ADC1_2_IRQHandler
                0x0000000000001ab6                Break_Point_Handler
                0x0000000000001ab6                SPI1_IRQHandler
                0x0000000000001ab6                TAMPER_IRQHandler
                0x0000000000001ab6                Ecall_M_Mode_Handler
                0x0000000000001ab6                DMA1_Channel4_IRQHandler
                0x0000000000001ab6                USART3_IRQHandler
                0x0000000000001ab6                RTC_IRQHandler
                0x0000000000001ab6                DMA1_Channel7_IRQHandler
                0x0000000000001ab6                CAN1_RX1_IRQHandler
                0x0000000000001ab6                TIM4_IRQHandler
                0x0000000000001ab6                I2C1_EV_IRQHandler
                0x0000000000001ab6                DMA1_Channel6_IRQHandler
                0x0000000000001ab6                UART4_IRQHandler
                0x0000000000001ab6                TIM3_IRQHandler
                0x0000000000001ab6                RCC_IRQHandler
                0x0000000000001ab6                TIM1_TRG_COM_IRQHandler
                0x0000000000001ab6                DMA1_Channel1_IRQHandler
                0x0000000000001ab6                EXTI15_10_IRQHandler
                0x0000000000001ab6                DMA1_Channel8_IRQHandler
                0x0000000000001ab6                EXTI9_5_IRQHandler
                0x0000000000001ab6                SPI2_IRQHandler
                0x0000000000001ab6                DMA1_Channel5_IRQHandler
                0x0000000000001ab6                EXTI4_IRQHandler
                0x0000000000001ab6                USB_LP_CAN1_RX0_IRQHandler
                0x0000000000001ab6                USB_HP_CAN1_TX_IRQHandler
                0x0000000000001ab6                DMA1_Channel3_IRQHandler
                0x0000000000001ab6                TIM1_UP_IRQHandler
                0x0000000000001ab6                WWDG_IRQHandler
                0x0000000000001ab6                Ecall_U_Mode_Handler
                0x0000000000001ab6                SW_Handler
                0x0000000000001ab6                TIM1_BRK_IRQHandler
                0x0000000000001ab6                EXTI1_IRQHandler
                0x0000000000001ab6                RTCAlarm_IRQHandler
                0x0000000000001ab6                I2C2_ER_IRQHandler
                0x0000000000001ab6                DMA1_Channel2_IRQHandler
                0x0000000000001ab6                CAN1_SCE_IRQHandler
                0x0000000000001ab6                FLASH_IRQHandler
                0x0000000000001ab6                USBFSWakeUp_IRQHandler
                0x0000000000001ab6                USART1_IRQHandler
                0x0000000000001ab6                I2C1_ER_IRQHandler
                0x0000000000001ab6                EXTI2_IRQHandler
 .text.handle_reset
                0x0000000000001ab8       0x86 ./Startup/startup_ch32v20x_D6.o
                0x0000000000001ab8                handle_reset
 .text.DBGMCU_GetCHIPID
                0x0000000000001b3e        0xa ./Peripheral/src/ch32v20x_dbgmcu.o
                0x0000000000001b3e                DBGMCU_GetCHIPID
 .text.FLASH_Unlock
                0x0000000000001b48       0x1a ./Peripheral/src/ch32v20x_flash.o
                0x0000000000001b48                FLASH_Unlock
 .text.FLASH_Lock
                0x0000000000001b62        0xe ./Peripheral/src/ch32v20x_flash.o
                0x0000000000001b62                FLASH_Lock
 .text.FLASH_GetBank1Status
                0x0000000000001b70       0x18 ./Peripheral/src/ch32v20x_flash.o
                0x0000000000001b70                FLASH_GetBank1Status
 .text.FLASH_WaitForLastOperation
                0x0000000000001b88       0x20 ./Peripheral/src/ch32v20x_flash.o
                0x0000000000001b88                FLASH_WaitForLastOperation
 .text.FLASH_ErasePage
                0x0000000000001ba8       0x38 ./Peripheral/src/ch32v20x_flash.o
                0x0000000000001ba8                FLASH_ErasePage
 .text.FLASH_ProgramHalfWord
                0x0000000000001be0       0x34 ./Peripheral/src/ch32v20x_flash.o
                0x0000000000001be0                FLASH_ProgramHalfWord
 .text.GPIO_Init
                0x0000000000001c14       0xf2 ./Peripheral/src/ch32v20x_gpio.o
                0x0000000000001c14                GPIO_Init
 .text.GPIO_ReadInputDataBit
                0x0000000000001d06       0x1a ./Peripheral/src/ch32v20x_gpio.o
                0x0000000000001d06                GPIO_ReadInputDataBit
 .text.GPIO_ReadOutputDataBit
                0x0000000000001d20       0x1a ./Peripheral/src/ch32v20x_gpio.o
                0x0000000000001d20                GPIO_ReadOutputDataBit
 .text.GPIO_SetBits
                0x0000000000001d3a       0x14 ./Peripheral/src/ch32v20x_gpio.o
                0x0000000000001d3a                GPIO_SetBits
 .text.GPIO_ResetBits
                0x0000000000001d4e       0x14 ./Peripheral/src/ch32v20x_gpio.o
                0x0000000000001d4e                GPIO_ResetBits
 .text.NVIC_PriorityGroupConfig
                0x0000000000001d62        0x6 ./Peripheral/src/ch32v20x_misc.o
                0x0000000000001d62                NVIC_PriorityGroupConfig
 .text.NVIC_Init
                0x0000000000001d68       0x54 ./Peripheral/src/ch32v20x_misc.o
                0x0000000000001d68                NVIC_Init
 .text.RCC_GetClocksFreq
                0x0000000000001dbc       0xbe ./Peripheral/src/ch32v20x_rcc.o
                0x0000000000001dbc                RCC_GetClocksFreq
 .text.RCC_APB2PeriphClockCmd
                0x0000000000001e7a       0x1e ./Peripheral/src/ch32v20x_rcc.o
                0x0000000000001e7a                RCC_APB2PeriphClockCmd
 .text.RCC_APB1PeriphClockCmd
                0x0000000000001e98       0x1e ./Peripheral/src/ch32v20x_rcc.o
                0x0000000000001e98                RCC_APB1PeriphClockCmd
 .text.TIM_TimeBaseInit
                0x0000000000001eb6       0x6a ./Peripheral/src/ch32v20x_tim.o
                0x0000000000001eb6                TIM_TimeBaseInit
 .text.TIM_Cmd  0x0000000000001f20       0x18 ./Peripheral/src/ch32v20x_tim.o
                0x0000000000001f20                TIM_Cmd
 .text.TIM_ITConfig
                0x0000000000001f38       0x12 ./Peripheral/src/ch32v20x_tim.o
                0x0000000000001f38                TIM_ITConfig
 .text.TIM_GetITStatus
                0x0000000000001f4a       0x18 ./Peripheral/src/ch32v20x_tim.o
                0x0000000000001f4a                TIM_GetITStatus
 .text.TIM_ClearITPendingBit
                0x0000000000001f62        0xc ./Peripheral/src/ch32v20x_tim.o
                0x0000000000001f62                TIM_ClearITPendingBit
 .text.USART_Init
                0x0000000000001f6e       0x90 ./Peripheral/src/ch32v20x_usart.o
                0x0000000000001f6e                USART_Init
 .text.USART_Cmd
                0x0000000000001ffe       0x16 ./Peripheral/src/ch32v20x_usart.o
                0x0000000000001ffe                USART_Cmd
 .text.USART_ITConfig
                0x0000000000002014       0x36 ./Peripheral/src/ch32v20x_usart.o
                0x0000000000002014                USART_ITConfig
 .text.USART_SendData
                0x000000000000204a        0x8 ./Peripheral/src/ch32v20x_usart.o
                0x000000000000204a                USART_SendData
 .text.USART_ReceiveData
                0x0000000000002052        0x8 ./Peripheral/src/ch32v20x_usart.o
                0x0000000000002052                USART_ReceiveData
 .text.USART_GetFlagStatus
                0x000000000000205a        0xa ./Peripheral/src/ch32v20x_usart.o
                0x000000000000205a                USART_GetFlagStatus
 .text.USART_GetITStatus
                0x0000000000002064       0x3c ./Peripheral/src/ch32v20x_usart.o
                0x0000000000002064                USART_GetITStatus
 .text.USART_ClearITPendingBit
                0x00000000000020a0       0x14 ./Peripheral/src/ch32v20x_usart.o
                0x00000000000020a0                USART_ClearITPendingBit
 .text.Delay_Init
                0x00000000000020b4       0x2a ./Debug/debug.o
                0x00000000000020b4                Delay_Init
 .text.Delay_Ms
                0x00000000000020de       0x36 ./Debug/debug.o
                0x00000000000020de                Delay_Ms
 .text.USART_Printf_Init
                0x0000000000002114       0x58 ./Debug/debug.o
                0x0000000000002114                USART_Printf_Init
 .text._write   0x000000000000216c       0x3a ./Debug/debug.o
                0x000000000000216c                _write
 .text._sbrk    0x00000000000021a6       0x26 ./Debug/debug.o
                0x00000000000021a6                _sbrk
 .text.memcpy   0x00000000000021cc       0xb2 /Applications/MounRiver Studio 2.app/Contents/Resources/app/resources/darwin/components/WCH/Toolchain/RISC-V Embedded GCC/bin/../lib/gcc/riscv-none-embed/8.2.0/../../../../riscv-none-embed/lib/rv32imacxw/ilp32/libg_nano.a(lib_a-memcpy.o)
                0x00000000000021cc                memcpy
 .text.printf   0x000000000000227e       0x40 /Applications/MounRiver Studio 2.app/Contents/Resources/app/resources/darwin/components/WCH/Toolchain/RISC-V Embedded GCC/bin/../lib/gcc/riscv-none-embed/8.2.0/../../../../riscv-none-embed/lib/rv32imacxw/ilp32/libg_nano.a(lib_a-printf.o)
                0x000000000000227e                printf
                0x000000000000227e                iprintf
 .text._puts_r  0x00000000000022be       0xd4 /Applications/MounRiver Studio 2.app/Contents/Resources/app/resources/darwin/components/WCH/Toolchain/RISC-V Embedded GCC/bin/../lib/gcc/riscv-none-embed/8.2.0/../../../../riscv-none-embed/lib/rv32imacxw/ilp32/libg_nano.a(lib_a-puts.o)
                0x00000000000022be                _puts_r
 .text.puts     0x0000000000002392        0xa /Applications/MounRiver Studio 2.app/Contents/Resources/app/resources/darwin/components/WCH/Toolchain/RISC-V Embedded GCC/bin/../lib/gcc/riscv-none-embed/8.2.0/../../../../riscv-none-embed/lib/rv32imacxw/ilp32/libg_nano.a(lib_a-puts.o)
                0x0000000000002392                puts
 .text.__swbuf_r
                0x000000000000239c       0xbc /Applications/MounRiver Studio 2.app/Contents/Resources/app/resources/darwin/components/WCH/Toolchain/RISC-V Embedded GCC/bin/../lib/gcc/riscv-none-embed/8.2.0/../../../../riscv-none-embed/lib/rv32imacxw/ilp32/libg_nano.a(lib_a-wbuf.o)
                0x000000000000239c                __swbuf_r
 .text.__swsetup_r
                0x0000000000002458       0xfc /Applications/MounRiver Studio 2.app/Contents/Resources/app/resources/darwin/components/WCH/Toolchain/RISC-V Embedded GCC/bin/../lib/gcc/riscv-none-embed/8.2.0/../../../../riscv-none-embed/lib/rv32imacxw/ilp32/libg_nano.a(lib_a-wsetup.o)
                0x0000000000002458                __swsetup_r
 .text.__sflush_r
                0x0000000000002554      0x130 /Applications/MounRiver Studio 2.app/Contents/Resources/app/resources/darwin/components/WCH/Toolchain/RISC-V Embedded GCC/bin/../lib/gcc/riscv-none-embed/8.2.0/../../../../riscv-none-embed/lib/rv32imacxw/ilp32/libg_nano.a(lib_a-fflush.o)
                0x0000000000002554                __sflush_r
 .text._fflush_r
                0x0000000000002684       0x66 /Applications/MounRiver Studio 2.app/Contents/Resources/app/resources/darwin/components/WCH/Toolchain/RISC-V Embedded GCC/bin/../lib/gcc/riscv-none-embed/8.2.0/../../../../riscv-none-embed/lib/rv32imacxw/ilp32/libg_nano.a(lib_a-fflush.o)
                0x0000000000002684                _fflush_r
 .text.std      0x00000000000026ea       0x66 /Applications/MounRiver Studio 2.app/Contents/Resources/app/resources/darwin/components/WCH/Toolchain/RISC-V Embedded GCC/bin/../lib/gcc/riscv-none-embed/8.2.0/../../../../riscv-none-embed/lib/rv32imacxw/ilp32/libg_nano.a(lib_a-findfp.o)
 .text._cleanup_r
                0x0000000000002750        0xa /Applications/MounRiver Studio 2.app/Contents/Resources/app/resources/darwin/components/WCH/Toolchain/RISC-V Embedded GCC/bin/../lib/gcc/riscv-none-embed/8.2.0/../../../../riscv-none-embed/lib/rv32imacxw/ilp32/libg_nano.a(lib_a-findfp.o)
                0x0000000000002750                _cleanup_r
 .text.__sfmoreglue
                0x000000000000275a       0x46 /Applications/MounRiver Studio 2.app/Contents/Resources/app/resources/darwin/components/WCH/Toolchain/RISC-V Embedded GCC/bin/../lib/gcc/riscv-none-embed/8.2.0/../../../../riscv-none-embed/lib/rv32imacxw/ilp32/libg_nano.a(lib_a-findfp.o)
                0x000000000000275a                __sfmoreglue
 .text.__sinit  0x00000000000027a0       0x6c /Applications/MounRiver Studio 2.app/Contents/Resources/app/resources/darwin/components/WCH/Toolchain/RISC-V Embedded GCC/bin/../lib/gcc/riscv-none-embed/8.2.0/../../../../riscv-none-embed/lib/rv32imacxw/ilp32/libg_nano.a(lib_a-findfp.o)
                0x00000000000027a0                __sinit
 .text.__sfp    0x000000000000280c       0x9e /Applications/MounRiver Studio 2.app/Contents/Resources/app/resources/darwin/components/WCH/Toolchain/RISC-V Embedded GCC/bin/../lib/gcc/riscv-none-embed/8.2.0/../../../../riscv-none-embed/lib/rv32imacxw/ilp32/libg_nano.a(lib_a-findfp.o)
                0x000000000000280c                __sfp
 .text._fwalk_reent
                0x00000000000028aa       0x6a /Applications/MounRiver Studio 2.app/Contents/Resources/app/resources/darwin/components/WCH/Toolchain/RISC-V Embedded GCC/bin/../lib/gcc/riscv-none-embed/8.2.0/../../../../riscv-none-embed/lib/rv32imacxw/ilp32/libg_nano.a(lib_a-fwalk.o)
                0x00000000000028aa                _fwalk_reent
 .text.__swhatbuf_r
                0x0000000000002914       0x58 /Applications/MounRiver Studio 2.app/Contents/Resources/app/resources/darwin/components/WCH/Toolchain/RISC-V Embedded GCC/bin/../lib/gcc/riscv-none-embed/8.2.0/../../../../riscv-none-embed/lib/rv32imacxw/ilp32/libg_nano.a(lib_a-makebuf.o)
                0x0000000000002914                __swhatbuf_r
 .text.__smakebuf_r
                0x000000000000296c       0x90 /Applications/MounRiver Studio 2.app/Contents/Resources/app/resources/darwin/components/WCH/Toolchain/RISC-V Embedded GCC/bin/../lib/gcc/riscv-none-embed/8.2.0/../../../../riscv-none-embed/lib/rv32imacxw/ilp32/libg_nano.a(lib_a-makebuf.o)
                0x000000000000296c                __smakebuf_r
 .text._free_r  0x00000000000029fc       0xa8 /Applications/MounRiver Studio 2.app/Contents/Resources/app/resources/darwin/components/WCH/Toolchain/RISC-V Embedded GCC/bin/../lib/gcc/riscv-none-embed/8.2.0/../../../../riscv-none-embed/lib/rv32imacxw/ilp32/libg_nano.a(lib_a-nano-freer.o)
                0x00000000000029fc                _free_r
 .text._malloc_r
                0x0000000000002aa4       0xd4 /Applications/MounRiver Studio 2.app/Contents/Resources/app/resources/darwin/components/WCH/Toolchain/RISC-V Embedded GCC/bin/../lib/gcc/riscv-none-embed/8.2.0/../../../../riscv-none-embed/lib/rv32imacxw/ilp32/libg_nano.a(lib_a-nano-mallocr.o)
                0x0000000000002aa4                _malloc_r
 .text.__sfputc_r
                0x0000000000002b78       0x28 /Applications/MounRiver Studio 2.app/Contents/Resources/app/resources/darwin/components/WCH/Toolchain/RISC-V Embedded GCC/bin/../lib/gcc/riscv-none-embed/8.2.0/../../../../riscv-none-embed/lib/rv32imacxw/ilp32/libg_nano.a(lib_a-nano-vfprintf.o)
 .text.__sfputs_r
                0x0000000000002ba0       0x40 /Applications/MounRiver Studio 2.app/Contents/Resources/app/resources/darwin/components/WCH/Toolchain/RISC-V Embedded GCC/bin/../lib/gcc/riscv-none-embed/8.2.0/../../../../riscv-none-embed/lib/rv32imacxw/ilp32/libg_nano.a(lib_a-nano-vfprintf.o)
                0x0000000000002ba0                __sfputs_r
 .text._vfprintf_r
                0x0000000000002be0      0x288 /Applications/MounRiver Studio 2.app/Contents/Resources/app/resources/darwin/components/WCH/Toolchain/RISC-V Embedded GCC/bin/../lib/gcc/riscv-none-embed/8.2.0/../../../../riscv-none-embed/lib/rv32imacxw/ilp32/libg_nano.a(lib_a-nano-vfprintf.o)
                0x0000000000002be0                _vfiprintf_r
                0x0000000000002be0                _vfprintf_r
 .text._printf_common
                0x0000000000002e68      0x10c /Applications/MounRiver Studio 2.app/Contents/Resources/app/resources/darwin/components/WCH/Toolchain/RISC-V Embedded GCC/bin/../lib/gcc/riscv-none-embed/8.2.0/../../../../riscv-none-embed/lib/rv32imacxw/ilp32/libg_nano.a(lib_a-nano-vfprintf_i.o)
                0x0000000000002e68                _printf_common
 .text._printf_i
                0x0000000000002f74      0x2a2 /Applications/MounRiver Studio 2.app/Contents/Resources/app/resources/darwin/components/WCH/Toolchain/RISC-V Embedded GCC/bin/../lib/gcc/riscv-none-embed/8.2.0/../../../../riscv-none-embed/lib/rv32imacxw/ilp32/libg_nano.a(lib_a-nano-vfprintf_i.o)
                0x0000000000002f74                _printf_i
 .text._sbrk_r  0x0000000000003216       0x2a /Applications/MounRiver Studio 2.app/Contents/Resources/app/resources/darwin/components/WCH/Toolchain/RISC-V Embedded GCC/bin/../lib/gcc/riscv-none-embed/8.2.0/../../../../riscv-none-embed/lib/rv32imacxw/ilp32/libg_nano.a(lib_a-sbrkr.o)
                0x0000000000003216                _sbrk_r
 .text.__sread  0x0000000000003240       0x2c /Applications/MounRiver Studio 2.app/Contents/Resources/app/resources/darwin/components/WCH/Toolchain/RISC-V Embedded GCC/bin/../lib/gcc/riscv-none-embed/8.2.0/../../../../riscv-none-embed/lib/rv32imacxw/ilp32/libg_nano.a(lib_a-stdio.o)
                0x0000000000003240                __sread
 .text.__swrite
                0x000000000000326c       0x48 /Applications/MounRiver Studio 2.app/Contents/Resources/app/resources/darwin/components/WCH/Toolchain/RISC-V Embedded GCC/bin/../lib/gcc/riscv-none-embed/8.2.0/../../../../riscv-none-embed/lib/rv32imacxw/ilp32/libg_nano.a(lib_a-stdio.o)
                0x000000000000326c                __swrite
 .text.__sseek  0x00000000000032b4       0x30 /Applications/MounRiver Studio 2.app/Contents/Resources/app/resources/darwin/components/WCH/Toolchain/RISC-V Embedded GCC/bin/../lib/gcc/riscv-none-embed/8.2.0/../../../../riscv-none-embed/lib/rv32imacxw/ilp32/libg_nano.a(lib_a-stdio.o)
                0x00000000000032b4                __sseek
 .text.__sclose
                0x00000000000032e4        0x6 /Applications/MounRiver Studio 2.app/Contents/Resources/app/resources/darwin/components/WCH/Toolchain/RISC-V Embedded GCC/bin/../lib/gcc/riscv-none-embed/8.2.0/../../../../riscv-none-embed/lib/rv32imacxw/ilp32/libg_nano.a(lib_a-stdio.o)
                0x00000000000032e4                __sclose
 .text._write_r
                0x00000000000032ea       0x2e /Applications/MounRiver Studio 2.app/Contents/Resources/app/resources/darwin/components/WCH/Toolchain/RISC-V Embedded GCC/bin/../lib/gcc/riscv-none-embed/8.2.0/../../../../riscv-none-embed/lib/rv32imacxw/ilp32/libg_nano.a(lib_a-writer.o)
                0x00000000000032ea                _write_r
 .text._close_r
                0x0000000000003318       0x28 /Applications/MounRiver Studio 2.app/Contents/Resources/app/resources/darwin/components/WCH/Toolchain/RISC-V Embedded GCC/bin/../lib/gcc/riscv-none-embed/8.2.0/../../../../riscv-none-embed/lib/rv32imacxw/ilp32/libg_nano.a(lib_a-closer.o)
                0x0000000000003318                _close_r
 .text._fstat_r
                0x0000000000003340       0x2a /Applications/MounRiver Studio 2.app/Contents/Resources/app/resources/darwin/components/WCH/Toolchain/RISC-V Embedded GCC/bin/../lib/gcc/riscv-none-embed/8.2.0/../../../../riscv-none-embed/lib/rv32imacxw/ilp32/libg_nano.a(lib_a-fstatr.o)
                0x0000000000003340                _fstat_r
 .text._isatty_r
                0x000000000000336a       0x28 /Applications/MounRiver Studio 2.app/Contents/Resources/app/resources/darwin/components/WCH/Toolchain/RISC-V Embedded GCC/bin/../lib/gcc/riscv-none-embed/8.2.0/../../../../riscv-none-embed/lib/rv32imacxw/ilp32/libg_nano.a(lib_a-isattyr.o)
                0x000000000000336a                _isatty_r
 .text._lseek_r
                0x0000000000003392       0x2c /Applications/MounRiver Studio 2.app/Contents/Resources/app/resources/darwin/components/WCH/Toolchain/RISC-V Embedded GCC/bin/../lib/gcc/riscv-none-embed/8.2.0/../../../../riscv-none-embed/lib/rv32imacxw/ilp32/libg_nano.a(lib_a-lseekr.o)
                0x0000000000003392                _lseek_r
 .text.memchr   0x00000000000033be       0x18 /Applications/MounRiver Studio 2.app/Contents/Resources/app/resources/darwin/components/WCH/Toolchain/RISC-V Embedded GCC/bin/../lib/gcc/riscv-none-embed/8.2.0/../../../../riscv-none-embed/lib/rv32imacxw/ilp32/libg_nano.a(lib_a-memchr.o)
                0x00000000000033be                memchr
 .text.__malloc_lock
                0x00000000000033d6        0x2 /Applications/MounRiver Studio 2.app/Contents/Resources/app/resources/darwin/components/WCH/Toolchain/RISC-V Embedded GCC/bin/../lib/gcc/riscv-none-embed/8.2.0/../../../../riscv-none-embed/lib/rv32imacxw/ilp32/libg_nano.a(lib_a-mlock.o)
                0x00000000000033d6                __malloc_lock
 .text.__malloc_unlock
                0x00000000000033d8        0x2 /Applications/MounRiver Studio 2.app/Contents/Resources/app/resources/darwin/components/WCH/Toolchain/RISC-V Embedded GCC/bin/../lib/gcc/riscv-none-embed/8.2.0/../../../../riscv-none-embed/lib/rv32imacxw/ilp32/libg_nano.a(lib_a-mlock.o)
                0x00000000000033d8                __malloc_unlock
 .text._read_r  0x00000000000033da       0x2c /Applications/MounRiver Studio 2.app/Contents/Resources/app/resources/darwin/components/WCH/Toolchain/RISC-V Embedded GCC/bin/../lib/gcc/riscv-none-embed/8.2.0/../../../../riscv-none-embed/lib/rv32imacxw/ilp32/libg_nano.a(lib_a-readr.o)
                0x00000000000033da                _read_r
 .text._close   0x0000000000003406        0xc /Applications/MounRiver Studio 2.app/Contents/Resources/app/resources/darwin/components/WCH/Toolchain/RISC-V Embedded GCC/bin/../lib/gcc/riscv-none-embed/8.2.0/../../../../riscv-none-embed/lib/rv32imacxw/ilp32/libnosys.a(close.o)
                0x0000000000003406                _close
 .text._fstat   0x0000000000003412        0xc /Applications/MounRiver Studio 2.app/Contents/Resources/app/resources/darwin/components/WCH/Toolchain/RISC-V Embedded GCC/bin/../lib/gcc/riscv-none-embed/8.2.0/../../../../riscv-none-embed/lib/rv32imacxw/ilp32/libnosys.a(fstat.o)
                0x0000000000003412                _fstat
 .text._isatty  0x000000000000341e        0xc /Applications/MounRiver Studio 2.app/Contents/Resources/app/resources/darwin/components/WCH/Toolchain/RISC-V Embedded GCC/bin/../lib/gcc/riscv-none-embed/8.2.0/../../../../riscv-none-embed/lib/rv32imacxw/ilp32/libnosys.a(isatty.o)
                0x000000000000341e                _isatty
 .text._lseek   0x000000000000342a        0xc /Applications/MounRiver Studio 2.app/Contents/Resources/app/resources/darwin/components/WCH/Toolchain/RISC-V Embedded GCC/bin/../lib/gcc/riscv-none-embed/8.2.0/../../../../riscv-none-embed/lib/rv32imacxw/ilp32/libnosys.a(lseek.o)
                0x000000000000342a                _lseek
 .text._read    0x0000000000003436        0xc /Applications/MounRiver Studio 2.app/Contents/Resources/app/resources/darwin/components/WCH/Toolchain/RISC-V Embedded GCC/bin/../lib/gcc/riscv-none-embed/8.2.0/../../../../riscv-none-embed/lib/rv32imacxw/ilp32/libnosys.a(read.o)
                0x0000000000003436                _read
 *(.rodata)
 *(.rodata*)
 *fill*         0x0000000000003442        0x2 
 .rodata.Key_Process.str1.4
                0x0000000000003444       0x49 ./User/main.o
 *fill*         0x000000000000348d        0x3 
 .rodata.main.str1.4
                0x0000000000003490       0xa0 ./User/main.o
 .rodata.PARAM_Init.str1.4
                0x0000000000003530       0x70 ./User/param_store.o
 .rodata.PARAM_LoadDefaultParams.part.1.cst4
                0x00000000000035a0        0x4 ./User/param_store.o
 .rodata.PARAM_TestAll.str1.4
                0x00000000000035a4      0x5a0 ./User/param_test.o
 .rodata.UART_Protocol_ProcessCommand
                0x0000000000003b44       0x18 ./User/uart_protocol.o
 .rodata.UART_Protocol_Init.str1.4
                0x0000000000003b5c       0x1b ./User/uart_protocol.o
 *fill*         0x0000000000003b77        0x1 
 .rodata.UART_Protocol_ProcessCommand.str1.4
                0x0000000000003b78       0x24 ./User/uart_protocol.o
 .rodata.UART_Protocol_SendErrorResponse.str1.4
                0x0000000000003b9c       0x27 ./User/uart_protocol.o
 *fill*         0x0000000000003bc3        0x1 
 .rodata.UART_Protocol_HandleBloodSampleCheck.str1.4
                0x0000000000003bc4       0x2c ./User/uart_protocol_handlers.o
 .rodata.UART_Protocol_HandleRequestRawData.str1.4
                0x0000000000003bf0       0x20 ./User/uart_protocol_handlers.o
 .rodata.UART_Protocol_HandleRequestResult.str1.4
                0x0000000000003c10       0x36 ./User/uart_protocol_handlers.o
 *fill*         0x0000000000003c46        0x2 
 .rodata.UART_Protocol_HandleRequestStatus.cst8
                0x0000000000003c48        0x8 ./User/uart_protocol_handlers.o
 .rodata.UART_Protocol_HandleRequestStatus.str1.4
                0x0000000000003c50       0x4b ./User/uart_protocol_handlers.o
 *fill*         0x0000000000003c9b        0x1 
 .rodata.UART_Protocol_HandleSetCodeEvent.str1.4
                0x0000000000003c9c       0x1a ./User/uart_protocol_handlers.o
 *fill*         0x0000000000003cb6        0x2 
 .rodata.UART_Protocol_HandleSyncTime.str1.4
                0x0000000000003cb8       0x2d ./User/uart_protocol_handlers.o
 *fill*         0x0000000000003ce5        0x3 
 .rodata.__sf_fake_stderr
                0x0000000000003ce8       0x20 /Applications/MounRiver Studio 2.app/Contents/Resources/app/resources/darwin/components/WCH/Toolchain/RISC-V Embedded GCC/bin/../lib/gcc/riscv-none-embed/8.2.0/../../../../riscv-none-embed/lib/rv32imacxw/ilp32/libg_nano.a(lib_a-findfp.o)
                0x0000000000003ce8                __sf_fake_stderr
 .rodata.__sf_fake_stdin
                0x0000000000003d08       0x20 /Applications/MounRiver Studio 2.app/Contents/Resources/app/resources/darwin/components/WCH/Toolchain/RISC-V Embedded GCC/bin/../lib/gcc/riscv-none-embed/8.2.0/../../../../riscv-none-embed/lib/rv32imacxw/ilp32/libg_nano.a(lib_a-findfp.o)
                0x0000000000003d08                __sf_fake_stdin
 .rodata.__sf_fake_stdout
                0x0000000000003d28       0x20 /Applications/MounRiver Studio 2.app/Contents/Resources/app/resources/darwin/components/WCH/Toolchain/RISC-V Embedded GCC/bin/../lib/gcc/riscv-none-embed/8.2.0/../../../../riscv-none-embed/lib/rv32imacxw/ilp32/libg_nano.a(lib_a-findfp.o)
                0x0000000000003d28                __sf_fake_stdout
 .rodata._vfprintf_r.str1.4
                0x0000000000003d48       0x13 /Applications/MounRiver Studio 2.app/Contents/Resources/app/resources/darwin/components/WCH/Toolchain/RISC-V Embedded GCC/bin/../lib/gcc/riscv-none-embed/8.2.0/../../../../riscv-none-embed/lib/rv32imacxw/ilp32/libg_nano.a(lib_a-nano-vfprintf.o)
 *fill*         0x0000000000003d5b        0x1 
 .rodata._printf_i.str1.4
                0x0000000000003d5c       0x28 /Applications/MounRiver Studio 2.app/Contents/Resources/app/resources/darwin/components/WCH/Toolchain/RISC-V Embedded GCC/bin/../lib/gcc/riscv-none-embed/8.2.0/../../../../riscv-none-embed/lib/rv32imacxw/ilp32/libg_nano.a(lib_a-nano-vfprintf_i.o)
                                         0x25 (size before relaxing)
 *(.gnu.linkonce.t.*)
                0x0000000000003d84                . = ALIGN (0x4)

.rela.dyn       0x0000000000003d84        0x0
 .rela.init     0x0000000000003d84        0x0 ./User/ch32v20x_it.o
 .rela.vector   0x0000000000003d84        0x0 ./User/ch32v20x_it.o
 .rela.text.handle_reset
                0x0000000000003d84        0x0 ./User/ch32v20x_it.o
 .rela.text._sbrk
                0x0000000000003d84        0x0 ./User/ch32v20x_it.o
 .rela.sdata.curbrk.4652
                0x0000000000003d84        0x0 ./User/ch32v20x_it.o
 .rela.text._vfprintf_r
                0x0000000000003d84        0x0 ./User/ch32v20x_it.o
 .rela.text._sbrk_r
                0x0000000000003d84        0x0 ./User/ch32v20x_it.o
 .rela.text._write_r
                0x0000000000003d84        0x0 ./User/ch32v20x_it.o
 .rela.text._close_r
                0x0000000000003d84        0x0 ./User/ch32v20x_it.o
 .rela.text._fstat_r
                0x0000000000003d84        0x0 ./User/ch32v20x_it.o
 .rela.text._isatty_r
                0x0000000000003d84        0x0 ./User/ch32v20x_it.o
 .rela.text._lseek_r
                0x0000000000003d84        0x0 ./User/ch32v20x_it.o
 .rela.text._read_r
                0x0000000000003d84        0x0 ./User/ch32v20x_it.o
 .rela.text._close
                0x0000000000003d84        0x0 ./User/ch32v20x_it.o
 .rela.text._fstat
                0x0000000000003d84        0x0 ./User/ch32v20x_it.o
 .rela.text._isatty
                0x0000000000003d84        0x0 ./User/ch32v20x_it.o
 .rela.text._lseek
                0x0000000000003d84        0x0 ./User/ch32v20x_it.o
 .rela.text._read
                0x0000000000003d84        0x0 ./User/ch32v20x_it.o

.fini           0x0000000000003d84        0x0
 *(SORT_NONE(.fini))
                0x0000000000003d84                . = ALIGN (0x4)
                [!provide]                        PROVIDE (_etext = .)
                [!provide]                        PROVIDE (_eitcm = .)

.preinit_array  0x0000000000003d84        0x0
                [!provide]                        PROVIDE (__preinit_array_start = .)
 *(.preinit_array)
                [!provide]                        PROVIDE (__preinit_array_end = .)

.init_array     0x0000000000003d84        0x0
                [!provide]                        PROVIDE (__init_array_start = .)
 *(SORT_BY_INIT_PRIORITY(.init_array.*) SORT_BY_INIT_PRIORITY(.ctors.*))
 *(.init_array EXCLUDE_FILE(*crtend?.o *crtend.o *crtbegin?.o *crtbegin.o) .ctors)
                [!provide]                        PROVIDE (__init_array_end = .)

.fini_array     0x0000000000003d84        0x0
                [!provide]                        PROVIDE (__fini_array_start = .)
 *(SORT_BY_INIT_PRIORITY(.fini_array.*) SORT_BY_INIT_PRIORITY(.dtors.*))
 *(.fini_array EXCLUDE_FILE(*crtend?.o *crtend.o *crtbegin?.o *crtbegin.o) .dtors)
                [!provide]                        PROVIDE (__fini_array_end = .)

.ctors
 *crtbegin.o(.ctors)
 *crtbegin?.o(.ctors)
 *(EXCLUDE_FILE(*crtend?.o *crtend.o) .ctors)
 *(SORT_BY_NAME(.ctors.*))
 *(.ctors)

.dtors
 *crtbegin.o(.dtors)
 *crtbegin?.o(.dtors)
 *(EXCLUDE_FILE(*crtend?.o *crtend.o) .dtors)
 *(SORT_BY_NAME(.dtors.*))
 *(.dtors)

.dalign         0x0000000020000000        0x0 load address 0x0000000000003d84
                0x0000000020000000                . = ALIGN (0x4)
                0x0000000020000000                PROVIDE (_data_vma = .)

.dlalign        0x0000000000003d84        0x0
                0x0000000000003d84                . = ALIGN (0x4)
                0x0000000000003d84                PROVIDE (_data_lma = .)

.data           0x0000000020000000       0xa8 load address 0x0000000000003d84
 *(.gnu.linkonce.r.*)
 *(.data .data.*)
 .data.AHBPrescTable
                0x0000000020000000       0x10 ./User/system_ch32v20x.o
                0x0000000020000000                AHBPrescTable
 .data.APBAHBPrescTable
                0x0000000020000010       0x10 ./Peripheral/src/ch32v20x_rcc.o
 .data.impure_data
                0x0000000020000020       0x60 /Applications/MounRiver Studio 2.app/Contents/Resources/app/resources/darwin/components/WCH/Toolchain/RISC-V Embedded GCC/bin/../lib/gcc/riscv-none-embed/8.2.0/../../../../riscv-none-embed/lib/rv32imacxw/ilp32/libg_nano.a(lib_a-impure.o)
 *(.gnu.linkonce.d.*)
                0x0000000020000080                . = ALIGN (0x8)
                0x0000000020000880                PROVIDE (__global_pointer$ = (. + 0x800))
 *(.sdata .sdata.*)
 .sdata.key1_last.5083
                0x0000000020000080        0x1 ./User/main.o
 .sdata.key2_last.5084
                0x0000000020000081        0x1 ./User/main.o
 *fill*         0x0000000020000082        0x2 
 .sdata.SystemCoreClock
                0x0000000020000084        0x4 ./User/system_ch32v20x.o
                0x0000000020000084                SystemCoreClock
 .sdata.simulate_measure_value
                0x0000000020000088        0x2 ./User/uart_protocol_handlers.o
 *fill*         0x000000002000008a        0x2 
 .sdata.ADCPrescTable
                0x000000002000008c        0x4 ./Peripheral/src/ch32v20x_rcc.o
 .sdata.curbrk.4652
                0x0000000020000090        0x4 ./Debug/debug.o
 .sdata._impure_ptr
                0x0000000020000094        0x4 /Applications/MounRiver Studio 2.app/Contents/Resources/app/resources/darwin/components/WCH/Toolchain/RISC-V Embedded GCC/bin/../lib/gcc/riscv-none-embed/8.2.0/../../../../riscv-none-embed/lib/rv32imacxw/ilp32/libg_nano.a(lib_a-impure.o)
                0x0000000020000094                _impure_ptr
 *(.sdata2.*)
 .sdata2.CSWTCH.18
                0x0000000020000098        0x5 ./User/param_store.o
 *fill*         0x000000002000009d        0x3 
 .sdata2._global_impure_ptr
                0x00000000200000a0        0x4 /Applications/MounRiver Studio 2.app/Contents/Resources/app/resources/darwin/components/WCH/Toolchain/RISC-V Embedded GCC/bin/../lib/gcc/riscv-none-embed/8.2.0/../../../../riscv-none-embed/lib/rv32imacxw/ilp32/libg_nano.a(lib_a-impure.o)
                0x00000000200000a0                _global_impure_ptr
 *(.gnu.linkonce.s.*)
                0x00000000200000a8                . = ALIGN (0x8)
 *fill*         0x00000000200000a4        0x4 
 *(.srodata.cst16)
 *(.srodata.cst8)
 *(.srodata.cst4)
 *(.srodata.cst2)
 *(.srodata .srodata.*)
                0x00000000200000a8                . = ALIGN (0x4)
                0x00000000200000a8                PROVIDE (_edata = .)

.bss            0x00000000200000a8      0x274 load address 0x0000000000003e2c
                0x00000000200000a8                . = ALIGN (0x4)
                0x00000000200000a8                PROVIDE (_sbss = .)
 *(.sbss*)
 .sbss.counter.5077
                0x00000000200000a8        0x2 ./User/main.o
 .sbss.led_state.5076
                0x00000000200000aa        0x1 ./User/main.o
 *fill*         0x00000000200000ab        0x1 
 .sbss.uart2_rx_len
                0x00000000200000ac        0x2 ./User/main.o
 *fill*         0x00000000200000ae        0x2 
 .sbss.g_activeBlockAddr
                0x00000000200000b0        0x4 ./User/param_store.o
 .sbss.blood_countdown_seconds
                0x00000000200000b4        0x1 ./User/uart_protocol.o
                0x00000000200000b4                blood_countdown_seconds
 .sbss.blood_sampling_active
                0x00000000200000b5        0x1 ./User/uart_protocol.o
                0x00000000200000b5                blood_sampling_active
 *fill*         0x00000000200000b6        0x2 
 .sbss.device_status
                0x00000000200000b8        0x8 ./User/uart_protocol.o
                0x00000000200000b8                device_status
 .sbss.frame_cmd_id
                0x00000000200000c0        0x1 ./User/uart_protocol.o
 .sbss.frame_length
                0x00000000200000c1        0x1 ./User/uart_protocol.o
 .sbss.frame_parsing
                0x00000000200000c2        0x1 ./User/uart_protocol.o
 *fill*         0x00000000200000c3        0x1 
 .sbss.measure_param
                0x00000000200000c4        0x4 ./User/uart_protocol.o
                0x00000000200000c4                measure_param
 .sbss.raw_data_length
                0x00000000200000c8        0x2 ./User/uart_protocol.o
                0x00000000200000c8                raw_data_length
 *fill*         0x00000000200000ca        0x2 
 .sbss.rtc_time
                0x00000000200000cc        0x8 ./User/uart_protocol.o
                0x00000000200000cc                rtc_time
 .sbss.rx_index
                0x00000000200000d4        0x2 ./User/uart_protocol.o
 .sbss.MCU_Version
                0x00000000200000d6        0x1 ./Peripheral/src/ch32v20x_gpio.o
                0x00000000200000d6                MCU_Version
 *fill*         0x00000000200000d7        0x1 
 .sbss.NVIC_Priority_Group
                0x00000000200000d8        0x4 ./Peripheral/src/ch32v20x_misc.o
                0x00000000200000d8                NVIC_Priority_Group
 .sbss.p_ms     0x00000000200000dc        0x2 ./Debug/debug.o
 .sbss.p_us     0x00000000200000de        0x1 ./Debug/debug.o
 *fill*         0x00000000200000df        0x1 
 .sbss.__malloc_free_list
                0x00000000200000e0        0x4 /Applications/MounRiver Studio 2.app/Contents/Resources/app/resources/darwin/components/WCH/Toolchain/RISC-V Embedded GCC/bin/../lib/gcc/riscv-none-embed/8.2.0/../../../../riscv-none-embed/lib/rv32imacxw/ilp32/libg_nano.a(lib_a-nano-mallocr.o)
                0x00000000200000e0                __malloc_free_list
 .sbss.__malloc_sbrk_start
                0x00000000200000e4        0x4 /Applications/MounRiver Studio 2.app/Contents/Resources/app/resources/darwin/components/WCH/Toolchain/RISC-V Embedded GCC/bin/../lib/gcc/riscv-none-embed/8.2.0/../../../../riscv-none-embed/lib/rv32imacxw/ilp32/libg_nano.a(lib_a-nano-mallocr.o)
                0x00000000200000e4                __malloc_sbrk_start
 *(.gnu.linkonce.sb.*)
 *(.bss*)
 .bss.uart2_rx_buf
                0x00000000200000e8       0x80 ./User/main.o
 .bss.g_blockHeaders
                0x0000000020000168       0x54 ./User/param_store.o
 .bss.g_blockOffsets
                0x00000000200001bc       0x10 ./User/param_store.o
 .bss.measure_result
                0x00000000200001cc       0x16 ./User/uart_protocol.o
                0x00000000200001cc                measure_result
 *fill*         0x00000000200001e2        0x2 
 .bss.raw_data  0x00000000200001e4       0x32 ./User/uart_protocol.o
                0x00000000200001e4                raw_data
 *fill*         0x0000000020000216        0x2 
 .bss.rx_buffer
                0x0000000020000218       0x80 ./User/uart_protocol.o
 .bss.tx_buffer
                0x0000000020000298       0x80 ./User/uart_protocol.o
 *(.gnu.linkonce.b.*)
 *(COMMON*)
 COMMON         0x0000000020000318        0x4 /Applications/MounRiver Studio 2.app/Contents/Resources/app/resources/darwin/components/WCH/Toolchain/RISC-V Embedded GCC/bin/../lib/gcc/riscv-none-embed/8.2.0/../../../../riscv-none-embed/lib/rv32imacxw/ilp32/libg_nano.a(lib_a-reent.o)
                0x0000000020000318                errno
                0x000000002000031c                . = ALIGN (0x4)
                0x000000002000031c                PROVIDE (_ebss = .)
                0x000000002000031c                PROVIDE (_end = _ebss)
                [!provide]                        PROVIDE (end = .)

.stack          0x0000000020004800      0x800
                0x0000000020004800                PROVIDE (_heap_end = .)
                0x0000000020004800                . = ALIGN (0x4)
                [!provide]                        PROVIDE (_susrstack = .)
                0x0000000020005000                . = (. + __stack_size)
 *fill*         0x0000000020004800      0x800 
                0x0000000020005000                PROVIDE (_eusrstack = .)
OUTPUT(CH32V203G8R6.elf elf32-littleriscv)

.debug_info     0x0000000000000000    0x130de
 .debug_info    0x0000000000000000      0xbb5 ./User/ch32v20x_it.o
 .debug_info    0x0000000000000bb5     0x2341 ./User/main.o
 .debug_info    0x0000000000002ef6     0x1b51 ./User/param_store.o
 .debug_info    0x0000000000004a47     0x17e8 ./User/param_test.o
 .debug_info    0x000000000000622f      0xb30 ./User/system_ch32v20x.o
 .debug_info    0x0000000000006d5f     0x11ab ./User/uart_protocol.o
 .debug_info    0x0000000000007f0a     0x103b ./User/uart_protocol_handlers.o
 .debug_info    0x0000000000008f45       0x22 ./Startup/startup_ch32v20x_D6.o
 .debug_info    0x0000000000008f67      0xa89 ./Peripheral/src/ch32v20x_dbgmcu.o
 .debug_info    0x00000000000099f0     0x15d2 ./Peripheral/src/ch32v20x_flash.o
 .debug_info    0x000000000000afc2     0x1349 ./Peripheral/src/ch32v20x_gpio.o
 .debug_info    0x000000000000c30b      0xe61 ./Peripheral/src/ch32v20x_misc.o
 .debug_info    0x000000000000d16c     0x1268 ./Peripheral/src/ch32v20x_rcc.o
 .debug_info    0x000000000000e3d4     0x2ab3 ./Peripheral/src/ch32v20x_tim.o
 .debug_info    0x0000000000010e87     0x1335 ./Peripheral/src/ch32v20x_usart.o
 .debug_info    0x00000000000121bc      0xf22 ./Debug/debug.o

.debug_abbrev   0x0000000000000000     0x3055
 .debug_abbrev  0x0000000000000000      0x22c ./User/ch32v20x_it.o
 .debug_abbrev  0x000000000000022c      0x331 ./User/main.o
 .debug_abbrev  0x000000000000055d      0x48e ./User/param_store.o
 .debug_abbrev  0x00000000000009eb      0x2bf ./User/param_test.o
 .debug_abbrev  0x0000000000000caa      0x2b0 ./User/system_ch32v20x.o
 .debug_abbrev  0x0000000000000f5a      0x333 ./User/uart_protocol.o
 .debug_abbrev  0x000000000000128d      0x2ab ./User/uart_protocol_handlers.o
 .debug_abbrev  0x0000000000001538       0x12 ./Startup/startup_ch32v20x_D6.o
 .debug_abbrev  0x000000000000154a      0x2f7 ./Peripheral/src/ch32v20x_dbgmcu.o
 .debug_abbrev  0x0000000000001841      0x468 ./Peripheral/src/ch32v20x_flash.o
 .debug_abbrev  0x0000000000001ca9      0x34b ./Peripheral/src/ch32v20x_gpio.o
 .debug_abbrev  0x0000000000001ff4      0x2ea ./Peripheral/src/ch32v20x_misc.o
 .debug_abbrev  0x00000000000022de      0x36b ./Peripheral/src/ch32v20x_rcc.o
 .debug_abbrev  0x0000000000002649      0x418 ./Peripheral/src/ch32v20x_tim.o
 .debug_abbrev  0x0000000000002a61      0x312 ./Peripheral/src/ch32v20x_usart.o
 .debug_abbrev  0x0000000000002d73      0x2e2 ./Debug/debug.o

.debug_aranges  0x0000000000000000      0x9b8
 .debug_aranges
                0x0000000000000000       0x28 ./User/ch32v20x_it.o
 .debug_aranges
                0x0000000000000028       0x60 ./User/main.o
 .debug_aranges
                0x0000000000000088       0x90 ./User/param_store.o
 .debug_aranges
                0x0000000000000118       0x20 ./User/param_test.o
 .debug_aranges
                0x0000000000000138       0x28 ./User/system_ch32v20x.o
 .debug_aranges
                0x0000000000000160       0x50 ./User/uart_protocol.o
 .debug_aranges
                0x00000000000001b0       0x68 ./User/uart_protocol_handlers.o
 .debug_aranges
                0x0000000000000218       0x30 ./Startup/startup_ch32v20x_D6.o
 .debug_aranges
                0x0000000000000248       0x48 ./Peripheral/src/ch32v20x_dbgmcu.o
 .debug_aranges
                0x0000000000000290      0x110 ./Peripheral/src/ch32v20x_flash.o
 .debug_aranges
                0x00000000000003a0       0xb0 ./Peripheral/src/ch32v20x_gpio.o
 .debug_aranges
                0x0000000000000450       0x28 ./Peripheral/src/ch32v20x_misc.o
 .debug_aranges
                0x0000000000000478      0x130 ./Peripheral/src/ch32v20x_rcc.o
 .debug_aranges
                0x00000000000005a8      0x2d0 ./Peripheral/src/ch32v20x_tim.o
 .debug_aranges
                0x0000000000000878       0xf0 ./Peripheral/src/ch32v20x_usart.o
 .debug_aranges
                0x0000000000000968       0x50 ./Debug/debug.o

.debug_ranges   0x0000000000000000      0xb78
 .debug_ranges  0x0000000000000000       0x18 ./User/ch32v20x_it.o
 .debug_ranges  0x0000000000000018       0x50 ./User/main.o
 .debug_ranges  0x0000000000000068      0x1d0 ./User/param_store.o
 .debug_ranges  0x0000000000000238       0xa0 ./User/param_test.o
 .debug_ranges  0x00000000000002d8       0x18 ./User/system_ch32v20x.o
 .debug_ranges  0x00000000000002f0       0xa0 ./User/uart_protocol.o
 .debug_ranges  0x0000000000000390       0x58 ./User/uart_protocol_handlers.o
 .debug_ranges  0x00000000000003e8       0x28 ./Startup/startup_ch32v20x_D6.o
 .debug_ranges  0x0000000000000410       0x50 ./Peripheral/src/ch32v20x_dbgmcu.o
 .debug_ranges  0x0000000000000460      0x100 ./Peripheral/src/ch32v20x_flash.o
 .debug_ranges  0x0000000000000560       0xa0 ./Peripheral/src/ch32v20x_gpio.o
 .debug_ranges  0x0000000000000600       0x48 ./Peripheral/src/ch32v20x_misc.o
 .debug_ranges  0x0000000000000648      0x120 ./Peripheral/src/ch32v20x_rcc.o
 .debug_ranges  0x0000000000000768      0x2f0 ./Peripheral/src/ch32v20x_tim.o
 .debug_ranges  0x0000000000000a58       0xe0 ./Peripheral/src/ch32v20x_usart.o
 .debug_ranges  0x0000000000000b38       0x40 ./Debug/debug.o

.debug_line     0x0000000000000000     0xf8ba
 .debug_line    0x0000000000000000      0x37e ./User/ch32v20x_it.o
 .debug_line    0x000000000000037e      0xe9d ./User/main.o
 .debug_line    0x000000000000121b     0x1942 ./User/param_store.o
 .debug_line    0x0000000000002b5d      0xc3e ./User/param_test.o
 .debug_line    0x000000000000379b      0x69d ./User/system_ch32v20x.o
 .debug_line    0x0000000000003e38      0xac4 ./User/uart_protocol.o
 .debug_line    0x00000000000048fc      0xc82 ./User/uart_protocol_handlers.o
 .debug_line    0x000000000000557e      0x121 ./Startup/startup_ch32v20x_D6.o
 .debug_line    0x000000000000569f      0x459 ./Peripheral/src/ch32v20x_dbgmcu.o
 .debug_line    0x0000000000005af8     0x2620 ./Peripheral/src/ch32v20x_flash.o
 .debug_line    0x0000000000008118     0x16f6 ./Peripheral/src/ch32v20x_gpio.o
 .debug_line    0x000000000000980e      0x4c8 ./Peripheral/src/ch32v20x_misc.o
 .debug_line    0x0000000000009cd6     0x127e ./Peripheral/src/ch32v20x_rcc.o
 .debug_line    0x000000000000af54     0x31db ./Peripheral/src/ch32v20x_tim.o
 .debug_line    0x000000000000e12f      0xf61 ./Peripheral/src/ch32v20x_usart.o
 .debug_line    0x000000000000f090      0x82a ./Debug/debug.o

.debug_str      0x0000000000000000     0x390e
 .debug_str     0x0000000000000000      0x626 ./User/ch32v20x_it.o
                                        0x6a5 (size before relaxing)
 .debug_str     0x0000000000000626      0xe87 ./User/main.o
                                       0x14b7 (size before relaxing)
 .debug_str     0x00000000000014ad      0x5c7 ./User/param_store.o
                                        0xc09 (size before relaxing)
 .debug_str     0x0000000000001a74      0x119 ./User/param_test.o
                                        0xa5c (size before relaxing)
 .debug_str     0x0000000000001b8d       0xdd ./User/system_ch32v20x.o
                                        0x6c0 (size before relaxing)
 .debug_str     0x0000000000001c6a      0x339 ./User/uart_protocol.o
                                        0xa4d (size before relaxing)
 .debug_str     0x0000000000001fa3       0xb6 ./User/uart_protocol_handlers.o
                                        0x919 (size before relaxing)
 .debug_str     0x0000000000002059       0x2d ./Startup/startup_ch32v20x_D6.o
                                         0x76 (size before relaxing)
 .debug_str     0x0000000000002086       0x87 ./Peripheral/src/ch32v20x_dbgmcu.o
                                        0x666 (size before relaxing)
 .debug_str     0x000000000000210d      0x41c ./Peripheral/src/ch32v20x_flash.o
                                        0xb3f (size before relaxing)
 .debug_str     0x0000000000002529      0x227 ./Peripheral/src/ch32v20x_gpio.o
                                        0x9dc (size before relaxing)
 .debug_str     0x0000000000002750       0x9c ./Peripheral/src/ch32v20x_misc.o
                                        0xa9e (size before relaxing)
 .debug_str     0x00000000000027ec      0x3d9 ./Peripheral/src/ch32v20x_rcc.o
                                        0xaee (size before relaxing)
 .debug_str     0x0000000000002bc5      0x9f3 ./Peripheral/src/ch32v20x_tim.o
                                       0x12d9 (size before relaxing)
 .debug_str     0x00000000000035b8      0x2d9 ./Peripheral/src/ch32v20x_usart.o
                                        0xb0a (size before relaxing)
 .debug_str     0x0000000000003891       0x7d ./Debug/debug.o
                                        0x931 (size before relaxing)

.comment        0x0000000000000000       0x32
 .comment       0x0000000000000000       0x32 ./User/ch32v20x_it.o
                                         0x33 (size before relaxing)
 .comment       0x0000000000000032       0x33 ./User/main.o
 .comment       0x0000000000000032       0x33 ./User/param_store.o
 .comment       0x0000000000000032       0x33 ./User/param_test.o
 .comment       0x0000000000000032       0x33 ./User/system_ch32v20x.o
 .comment       0x0000000000000032       0x33 ./User/uart_protocol.o
 .comment       0x0000000000000032       0x33 ./User/uart_protocol_handlers.o
 .comment       0x0000000000000032       0x33 ./Peripheral/src/ch32v20x_dbgmcu.o
 .comment       0x0000000000000032       0x33 ./Peripheral/src/ch32v20x_flash.o
 .comment       0x0000000000000032       0x33 ./Peripheral/src/ch32v20x_gpio.o
 .comment       0x0000000000000032       0x33 ./Peripheral/src/ch32v20x_misc.o
 .comment       0x0000000000000032       0x33 ./Peripheral/src/ch32v20x_rcc.o
 .comment       0x0000000000000032       0x33 ./Peripheral/src/ch32v20x_tim.o
 .comment       0x0000000000000032       0x33 ./Peripheral/src/ch32v20x_usart.o
 .comment       0x0000000000000032       0x33 ./Debug/debug.o

.debug_frame    0x0000000000000000     0x2128
 .debug_frame   0x0000000000000000       0x30 ./User/ch32v20x_it.o
 .debug_frame   0x0000000000000030      0x148 ./User/main.o
 .debug_frame   0x0000000000000178      0x2e8 ./User/param_store.o
 .debug_frame   0x0000000000000460       0x38 ./User/param_test.o
 .debug_frame   0x0000000000000498       0x30 ./User/system_ch32v20x.o
 .debug_frame   0x00000000000004c8      0x128 ./User/uart_protocol.o
 .debug_frame   0x00000000000005f0      0x170 ./User/uart_protocol_handlers.o
 .debug_frame   0x0000000000000760       0x70 ./Peripheral/src/ch32v20x_dbgmcu.o
 .debug_frame   0x00000000000007d0      0x380 ./Peripheral/src/ch32v20x_flash.o
 .debug_frame   0x0000000000000b50      0x170 ./Peripheral/src/ch32v20x_gpio.o
 .debug_frame   0x0000000000000cc0       0x30 ./Peripheral/src/ch32v20x_misc.o
 .debug_frame   0x0000000000000cf0      0x254 ./Peripheral/src/ch32v20x_rcc.o
 .debug_frame   0x0000000000000f44      0x614 ./Peripheral/src/ch32v20x_tim.o
 .debug_frame   0x0000000000001558      0x1e4 ./Peripheral/src/ch32v20x_usart.o
 .debug_frame   0x000000000000173c       0xb8 ./Debug/debug.o
 .debug_frame   0x00000000000017f4       0x20 /Applications/MounRiver Studio 2.app/Contents/Resources/app/resources/darwin/components/WCH/Toolchain/RISC-V Embedded GCC/bin/../lib/gcc/riscv-none-embed/8.2.0/../../../../riscv-none-embed/lib/rv32imacxw/ilp32/libg_nano.a(lib_a-memcpy.o)
 .debug_frame   0x0000000000001814       0x54 /Applications/MounRiver Studio 2.app/Contents/Resources/app/resources/darwin/components/WCH/Toolchain/RISC-V Embedded GCC/bin/../lib/gcc/riscv-none-embed/8.2.0/../../../../riscv-none-embed/lib/rv32imacxw/ilp32/libg_nano.a(lib_a-printf.o)
 .debug_frame   0x0000000000001868       0x54 /Applications/MounRiver Studio 2.app/Contents/Resources/app/resources/darwin/components/WCH/Toolchain/RISC-V Embedded GCC/bin/../lib/gcc/riscv-none-embed/8.2.0/../../../../riscv-none-embed/lib/rv32imacxw/ilp32/libg_nano.a(lib_a-puts.o)
 .debug_frame   0x00000000000018bc       0x50 /Applications/MounRiver Studio 2.app/Contents/Resources/app/resources/darwin/components/WCH/Toolchain/RISC-V Embedded GCC/bin/../lib/gcc/riscv-none-embed/8.2.0/../../../../riscv-none-embed/lib/rv32imacxw/ilp32/libg_nano.a(lib_a-wbuf.o)
 .debug_frame   0x000000000000190c       0x3c /Applications/MounRiver Studio 2.app/Contents/Resources/app/resources/darwin/components/WCH/Toolchain/RISC-V Embedded GCC/bin/../lib/gcc/riscv-none-embed/8.2.0/../../../../riscv-none-embed/lib/rv32imacxw/ilp32/libg_nano.a(lib_a-wsetup.o)
 .debug_frame   0x0000000000001948       0x7c /Applications/MounRiver Studio 2.app/Contents/Resources/app/resources/darwin/components/WCH/Toolchain/RISC-V Embedded GCC/bin/../lib/gcc/riscv-none-embed/8.2.0/../../../../riscv-none-embed/lib/rv32imacxw/ilp32/libg_nano.a(lib_a-fflush.o)
 .debug_frame   0x00000000000019c4      0x148 /Applications/MounRiver Studio 2.app/Contents/Resources/app/resources/darwin/components/WCH/Toolchain/RISC-V Embedded GCC/bin/../lib/gcc/riscv-none-embed/8.2.0/../../../../riscv-none-embed/lib/rv32imacxw/ilp32/libg_nano.a(lib_a-findfp.o)
 .debug_frame   0x0000000000001b0c       0x88 /Applications/MounRiver Studio 2.app/Contents/Resources/app/resources/darwin/components/WCH/Toolchain/RISC-V Embedded GCC/bin/../lib/gcc/riscv-none-embed/8.2.0/../../../../riscv-none-embed/lib/rv32imacxw/ilp32/libg_nano.a(lib_a-fwalk.o)
 .debug_frame   0x0000000000001b94       0x64 /Applications/MounRiver Studio 2.app/Contents/Resources/app/resources/darwin/components/WCH/Toolchain/RISC-V Embedded GCC/bin/../lib/gcc/riscv-none-embed/8.2.0/../../../../riscv-none-embed/lib/rv32imacxw/ilp32/libg_nano.a(lib_a-makebuf.o)
 .debug_frame   0x0000000000001bf8       0x40 /Applications/MounRiver Studio 2.app/Contents/Resources/app/resources/darwin/components/WCH/Toolchain/RISC-V Embedded GCC/bin/../lib/gcc/riscv-none-embed/8.2.0/../../../../riscv-none-embed/lib/rv32imacxw/ilp32/libg_nano.a(lib_a-nano-freer.o)
 .debug_frame   0x0000000000001c38       0x40 /Applications/MounRiver Studio 2.app/Contents/Resources/app/resources/darwin/components/WCH/Toolchain/RISC-V Embedded GCC/bin/../lib/gcc/riscv-none-embed/8.2.0/../../../../riscv-none-embed/lib/rv32imacxw/ilp32/libg_nano.a(lib_a-nano-mallocr.o)
 .debug_frame   0x0000000000001c78       0xd0 /Applications/MounRiver Studio 2.app/Contents/Resources/app/resources/darwin/components/WCH/Toolchain/RISC-V Embedded GCC/bin/../lib/gcc/riscv-none-embed/8.2.0/../../../../riscv-none-embed/lib/rv32imacxw/ilp32/libg_nano.a(lib_a-nano-vfprintf.o)
 .debug_frame   0x0000000000001d48       0x8c /Applications/MounRiver Studio 2.app/Contents/Resources/app/resources/darwin/components/WCH/Toolchain/RISC-V Embedded GCC/bin/../lib/gcc/riscv-none-embed/8.2.0/../../../../riscv-none-embed/lib/rv32imacxw/ilp32/libg_nano.a(lib_a-nano-vfprintf_i.o)
 .debug_frame   0x0000000000001dd4       0x30 /Applications/MounRiver Studio 2.app/Contents/Resources/app/resources/darwin/components/WCH/Toolchain/RISC-V Embedded GCC/bin/../lib/gcc/riscv-none-embed/8.2.0/../../../../riscv-none-embed/lib/rv32imacxw/ilp32/libg_nano.a(lib_a-sbrkr.o)
 .debug_frame   0x0000000000001e04       0xa4 /Applications/MounRiver Studio 2.app/Contents/Resources/app/resources/darwin/components/WCH/Toolchain/RISC-V Embedded GCC/bin/../lib/gcc/riscv-none-embed/8.2.0/../../../../riscv-none-embed/lib/rv32imacxw/ilp32/libg_nano.a(lib_a-stdio.o)
 .debug_frame   0x0000000000001ea8       0x30 /Applications/MounRiver Studio 2.app/Contents/Resources/app/resources/darwin/components/WCH/Toolchain/RISC-V Embedded GCC/bin/../lib/gcc/riscv-none-embed/8.2.0/../../../../riscv-none-embed/lib/rv32imacxw/ilp32/libg_nano.a(lib_a-writer.o)
 .debug_frame   0x0000000000001ed8       0x30 /Applications/MounRiver Studio 2.app/Contents/Resources/app/resources/darwin/components/WCH/Toolchain/RISC-V Embedded GCC/bin/../lib/gcc/riscv-none-embed/8.2.0/../../../../riscv-none-embed/lib/rv32imacxw/ilp32/libg_nano.a(lib_a-closer.o)
 .debug_frame   0x0000000000001f08       0x30 /Applications/MounRiver Studio 2.app/Contents/Resources/app/resources/darwin/components/WCH/Toolchain/RISC-V Embedded GCC/bin/../lib/gcc/riscv-none-embed/8.2.0/../../../../riscv-none-embed/lib/rv32imacxw/ilp32/libg_nano.a(lib_a-fstatr.o)
 .debug_frame   0x0000000000001f38       0x30 /Applications/MounRiver Studio 2.app/Contents/Resources/app/resources/darwin/components/WCH/Toolchain/RISC-V Embedded GCC/bin/../lib/gcc/riscv-none-embed/8.2.0/../../../../riscv-none-embed/lib/rv32imacxw/ilp32/libg_nano.a(lib_a-isattyr.o)
 .debug_frame   0x0000000000001f68       0x30 /Applications/MounRiver Studio 2.app/Contents/Resources/app/resources/darwin/components/WCH/Toolchain/RISC-V Embedded GCC/bin/../lib/gcc/riscv-none-embed/8.2.0/../../../../riscv-none-embed/lib/rv32imacxw/ilp32/libg_nano.a(lib_a-lseekr.o)
 .debug_frame   0x0000000000001f98       0x20 /Applications/MounRiver Studio 2.app/Contents/Resources/app/resources/darwin/components/WCH/Toolchain/RISC-V Embedded GCC/bin/../lib/gcc/riscv-none-embed/8.2.0/../../../../riscv-none-embed/lib/rv32imacxw/ilp32/libg_nano.a(lib_a-memchr.o)
 .debug_frame   0x0000000000001fb8       0x30 /Applications/MounRiver Studio 2.app/Contents/Resources/app/resources/darwin/components/WCH/Toolchain/RISC-V Embedded GCC/bin/../lib/gcc/riscv-none-embed/8.2.0/../../../../riscv-none-embed/lib/rv32imacxw/ilp32/libg_nano.a(lib_a-mlock.o)
 .debug_frame   0x0000000000001fe8       0x30 /Applications/MounRiver Studio 2.app/Contents/Resources/app/resources/darwin/components/WCH/Toolchain/RISC-V Embedded GCC/bin/../lib/gcc/riscv-none-embed/8.2.0/../../../../riscv-none-embed/lib/rv32imacxw/ilp32/libg_nano.a(lib_a-readr.o)
 .debug_frame   0x0000000000002018       0x70 /Applications/MounRiver Studio 2.app/Contents/Resources/app/resources/darwin/components/WCH/Toolchain/RISC-V Embedded GCC/bin/../lib/gcc/riscv-none-embed/8.2.0/../../../../riscv-none-embed/lib/rv32imacxw/ilp32/libg_nano.a(lib_a-reent.o)
 .debug_frame   0x0000000000002088       0x20 /Applications/MounRiver Studio 2.app/Contents/Resources/app/resources/darwin/components/WCH/Toolchain/RISC-V Embedded GCC/bin/../lib/gcc/riscv-none-embed/8.2.0/../../../../riscv-none-embed/lib/rv32imacxw/ilp32/libnosys.a(close.o)
 .debug_frame   0x00000000000020a8       0x20 /Applications/MounRiver Studio 2.app/Contents/Resources/app/resources/darwin/components/WCH/Toolchain/RISC-V Embedded GCC/bin/../lib/gcc/riscv-none-embed/8.2.0/../../../../riscv-none-embed/lib/rv32imacxw/ilp32/libnosys.a(fstat.o)
 .debug_frame   0x00000000000020c8       0x20 /Applications/MounRiver Studio 2.app/Contents/Resources/app/resources/darwin/components/WCH/Toolchain/RISC-V Embedded GCC/bin/../lib/gcc/riscv-none-embed/8.2.0/../../../../riscv-none-embed/lib/rv32imacxw/ilp32/libnosys.a(isatty.o)
 .debug_frame   0x00000000000020e8       0x20 /Applications/MounRiver Studio 2.app/Contents/Resources/app/resources/darwin/components/WCH/Toolchain/RISC-V Embedded GCC/bin/../lib/gcc/riscv-none-embed/8.2.0/../../../../riscv-none-embed/lib/rv32imacxw/ilp32/libnosys.a(lseek.o)
 .debug_frame   0x0000000000002108       0x20 /Applications/MounRiver Studio 2.app/Contents/Resources/app/resources/darwin/components/WCH/Toolchain/RISC-V Embedded GCC/bin/../lib/gcc/riscv-none-embed/8.2.0/../../../../riscv-none-embed/lib/rv32imacxw/ilp32/libnosys.a(read.o)

.debug_loc      0x0000000000000000     0x562d
 .debug_loc     0x0000000000000000       0x13 ./User/main.o
 .debug_loc     0x0000000000000013      0xdeb ./User/param_store.o
 .debug_loc     0x0000000000000dfe      0x10a ./User/param_test.o
 .debug_loc     0x0000000000000f08       0xac ./User/system_ch32v20x.o
 .debug_loc     0x0000000000000fb4      0x39d ./User/uart_protocol.o
 .debug_loc     0x0000000000001351      0x3c6 ./User/uart_protocol_handlers.o
 .debug_loc     0x0000000000001717       0x7c ./Peripheral/src/ch32v20x_dbgmcu.o
 .debug_loc     0x0000000000001793      0xc9b ./Peripheral/src/ch32v20x_flash.o
 .debug_loc     0x000000000000242e      0x8a1 ./Peripheral/src/ch32v20x_gpio.o
 .debug_loc     0x0000000000002ccf       0x2d ./Peripheral/src/ch32v20x_misc.o
 .debug_loc     0x0000000000002cfc      0x797 ./Peripheral/src/ch32v20x_rcc.o
 .debug_loc     0x0000000000003493     0x190e ./Peripheral/src/ch32v20x_tim.o
 .debug_loc     0x0000000000004da1      0x715 ./Peripheral/src/ch32v20x_usart.o
 .debug_loc     0x00000000000054b6      0x177 ./Debug/debug.o

.stab           0x0000000000000000       0x84
 .stab          0x0000000000000000       0x24 /Applications/MounRiver Studio 2.app/Contents/Resources/app/resources/darwin/components/WCH/Toolchain/RISC-V Embedded GCC/bin/../lib/gcc/riscv-none-embed/8.2.0/../../../../riscv-none-embed/lib/rv32imacxw/ilp32/libnosys.a(close.o)
 .stab          0x0000000000000024       0x18 /Applications/MounRiver Studio 2.app/Contents/Resources/app/resources/darwin/components/WCH/Toolchain/RISC-V Embedded GCC/bin/../lib/gcc/riscv-none-embed/8.2.0/../../../../riscv-none-embed/lib/rv32imacxw/ilp32/libnosys.a(fstat.o)
                                         0x24 (size before relaxing)
 .stab          0x000000000000003c       0x18 /Applications/MounRiver Studio 2.app/Contents/Resources/app/resources/darwin/components/WCH/Toolchain/RISC-V Embedded GCC/bin/../lib/gcc/riscv-none-embed/8.2.0/../../../../riscv-none-embed/lib/rv32imacxw/ilp32/libnosys.a(isatty.o)
                                         0x24 (size before relaxing)
 .stab          0x0000000000000054       0x18 /Applications/MounRiver Studio 2.app/Contents/Resources/app/resources/darwin/components/WCH/Toolchain/RISC-V Embedded GCC/bin/../lib/gcc/riscv-none-embed/8.2.0/../../../../riscv-none-embed/lib/rv32imacxw/ilp32/libnosys.a(lseek.o)
                                         0x24 (size before relaxing)
 .stab          0x000000000000006c       0x18 /Applications/MounRiver Studio 2.app/Contents/Resources/app/resources/darwin/components/WCH/Toolchain/RISC-V Embedded GCC/bin/../lib/gcc/riscv-none-embed/8.2.0/../../../../riscv-none-embed/lib/rv32imacxw/ilp32/libnosys.a(read.o)
                                         0x24 (size before relaxing)

.stabstr        0x0000000000000000      0x117
 .stabstr       0x0000000000000000      0x117 /Applications/MounRiver Studio 2.app/Contents/Resources/app/resources/darwin/components/WCH/Toolchain/RISC-V Embedded GCC/bin/../lib/gcc/riscv-none-embed/8.2.0/../../../../riscv-none-embed/lib/rv32imacxw/ilp32/libnosys.a(close.o)
