Archive member included to satisfy reference by file (symbol)

/Applications/MounRiver Studio 2.app/Contents/Resources/app/resources/darwin/components/WCH/Toolchain/RISC-V Embedded GCC/bin/../lib/gcc/riscv-none-embed/8.2.0/rv32imacxw/ilp32/libgcc.a(addsf3.o)
                              ./User/P14_BLE_Protocol.o (__addsf3)
/Applications/MounRiver Studio 2.app/Contents/Resources/app/resources/darwin/components/WCH/Toolchain/RISC-V Embedded GCC/bin/../lib/gcc/riscv-none-embed/8.2.0/rv32imacxw/ilp32/libgcc.a(divsf3.o)
                              ./User/P14_BLE_Protocol.o (__divsf3)
/Applications/MounRiver Studio 2.app/Contents/Resources/app/resources/darwin/components/WCH/Toolchain/RISC-V Embedded GCC/bin/../lib/gcc/riscv-none-embed/8.2.0/rv32imacxw/ilp32/libgcc.a(gesf2.o)
                              ./User/P14_BLE_Protocol.o (__gtsf2)
/Applications/MounRiver Studio 2.app/Contents/Resources/app/resources/darwin/components/WCH/Toolchain/RISC-V Embedded GCC/bin/../lib/gcc/riscv-none-embed/8.2.0/rv32imacxw/ilp32/libgcc.a(lesf2.o)
                              ./User/P14_BLE_Protocol.o (__ltsf2)
/Applications/MounRiver Studio 2.app/Contents/Resources/app/resources/darwin/components/WCH/Toolchain/RISC-V Embedded GCC/bin/../lib/gcc/riscv-none-embed/8.2.0/rv32imacxw/ilp32/libgcc.a(mulsf3.o)
                              ./User/P14_BLE_Protocol.o (__mulsf3)
/Applications/MounRiver Studio 2.app/Contents/Resources/app/resources/darwin/components/WCH/Toolchain/RISC-V Embedded GCC/bin/../lib/gcc/riscv-none-embed/8.2.0/rv32imacxw/ilp32/libgcc.a(subsf3.o)
                              ./User/P14_BLE_Protocol.o (__subsf3)
/Applications/MounRiver Studio 2.app/Contents/Resources/app/resources/darwin/components/WCH/Toolchain/RISC-V Embedded GCC/bin/../lib/gcc/riscv-none-embed/8.2.0/rv32imacxw/ilp32/libgcc.a(fixunssfsi.o)
                              ./User/P14_BLE_Protocol.o (__fixunssfsi)
/Applications/MounRiver Studio 2.app/Contents/Resources/app/resources/darwin/components/WCH/Toolchain/RISC-V Embedded GCC/bin/../lib/gcc/riscv-none-embed/8.2.0/rv32imacxw/ilp32/libgcc.a(floatsisf.o)
                              ./User/P14_BLE_Protocol.o (__floatsisf)
/Applications/MounRiver Studio 2.app/Contents/Resources/app/resources/darwin/components/WCH/Toolchain/RISC-V Embedded GCC/bin/../lib/gcc/riscv-none-embed/8.2.0/rv32imacxw/ilp32/libgcc.a(floatunsisf.o)
                              ./User/P14_BLE_Protocol.o (__floatunsisf)
/Applications/MounRiver Studio 2.app/Contents/Resources/app/resources/darwin/components/WCH/Toolchain/RISC-V Embedded GCC/bin/../lib/gcc/riscv-none-embed/8.2.0/rv32imacxw/ilp32/libgcc.a(extendsfdf2.o)
                              ./User/P14_BLE_Protocol.o (__extendsfdf2)
/Applications/MounRiver Studio 2.app/Contents/Resources/app/resources/darwin/components/WCH/Toolchain/RISC-V Embedded GCC/bin/../lib/gcc/riscv-none-embed/8.2.0/rv32imacxw/ilp32/libgcc.a(save-restore.o)
                              ./User/P14_BLE_Protocol.o (__riscv_save_10)
/Applications/MounRiver Studio 2.app/Contents/Resources/app/resources/darwin/components/WCH/Toolchain/RISC-V Embedded GCC/bin/../lib/gcc/riscv-none-embed/8.2.0/rv32imacxw/ilp32/libgcc.a(_clzsi2.o)
                              /Applications/MounRiver Studio 2.app/Contents/Resources/app/resources/darwin/components/WCH/Toolchain/RISC-V Embedded GCC/bin/../lib/gcc/riscv-none-embed/8.2.0/rv32imacxw/ilp32/libgcc.a(addsf3.o) (__clzsi2)
/Applications/MounRiver Studio 2.app/Contents/Resources/app/resources/darwin/components/WCH/Toolchain/RISC-V Embedded GCC/bin/../lib/gcc/riscv-none-embed/8.2.0/rv32imacxw/ilp32/libgcc.a(_clz.o)
                              /Applications/MounRiver Studio 2.app/Contents/Resources/app/resources/darwin/components/WCH/Toolchain/RISC-V Embedded GCC/bin/../lib/gcc/riscv-none-embed/8.2.0/rv32imacxw/ilp32/libgcc.a(_clzsi2.o) (__clz_tab)
/Applications/MounRiver Studio 2.app/Contents/Resources/app/resources/darwin/components/WCH/Toolchain/RISC-V Embedded GCC/bin/../lib/gcc/riscv-none-embed/8.2.0/../../../../riscv-none-embed/lib/rv32imacxw/ilp32/libg_nano.a(lib_a-memcpy.o)
                              ./User/P14_BLE_Protocol.o (memcpy)
/Applications/MounRiver Studio 2.app/Contents/Resources/app/resources/darwin/components/WCH/Toolchain/RISC-V Embedded GCC/bin/../lib/gcc/riscv-none-embed/8.2.0/../../../../riscv-none-embed/lib/rv32imacxw/ilp32/libg_nano.a(lib_a-memset.o)
                              ./User/P14_Flash_Storage.o (memset)
/Applications/MounRiver Studio 2.app/Contents/Resources/app/resources/darwin/components/WCH/Toolchain/RISC-V Embedded GCC/bin/../lib/gcc/riscv-none-embed/8.2.0/../../../../riscv-none-embed/lib/rv32imacxw/ilp32/libg_nano.a(lib_a-printf.o)
                              ./User/P14_BLE_Protocol.o (printf)
[...]
Memory Configuration

Name             Origin             Length             Attributes
FLASH            0x0000000000000000 0x0000000000010000 xr
RAM              0x0000000020000000 0x0000000000005000 xrw
*default*        0x0000000000000000 0xffffffffffffffff

Linker script and memory map

LOAD ./User/P14_BLE_Protocol.o
LOAD ./User/P14_Flash_Storage.o
LOAD ./User/P14_Init.o
LOAD ./User/P14_Parameter_Table.o
LOAD ./User/P14_UART.o
LOAD ./User/ch32v20x_it.o
LOAD ./User/main.o
LOAD ./User/system_ch32v20x.o
LOAD ./Startup/startup_ch32v20x_D6.o
LOAD ./Peripheral/src/ch32v20x_adc.o
LOAD ./Peripheral/src/ch32v20x_bkp.o
LOAD ./Peripheral/src/ch32v20x_can.o
LOAD ./Peripheral/src/ch32v20x_crc.o
LOAD ./Peripheral/src/ch32v20x_dbgmcu.o
LOAD ./Peripheral/src/ch32v20x_dma.o
LOAD ./Peripheral/src/ch32v20x_exti.o
LOAD ./Peripheral/src/ch32v20x_flash.o
LOAD ./Peripheral/src/ch32v20x_gpio.o
LOAD ./Peripheral/src/ch32v20x_i2c.o
LOAD ./Peripheral/src/ch32v20x_iwdg.o
LOAD ./Peripheral/src/ch32v20x_misc.o
LOAD ./Peripheral/src/ch32v20x_opa.o
LOAD ./Peripheral/src/ch32v20x_pwr.o
LOAD ./Peripheral/src/ch32v20x_rcc.o
LOAD ./Peripheral/src/ch32v20x_rtc.o
LOAD ./Peripheral/src/ch32v20x_spi.o
LOAD ./Peripheral/src/ch32v20x_tim.o
LOAD ./Peripheral/src/ch32v20x_usart.o
LOAD ./Peripheral/src/ch32v20x_wwdg.o
LOAD ./Debug/debug.o
LOAD ./Core/core_riscv.o
LOAD /Applications/MounRiver Studio 2.app/Contents/Resources/app/resources/darwin/components/WCH/Toolchain/RISC-V Embedded GCC/bin/../lib/gcc/riscv-none-embed/8.2.0/rv32imacxw/ilp32/libgcc.a
LOAD /Applications/MounRiver Studio 2.app/Contents/Resources/app/resources/darwin/components/WCH/Toolchain/RISC-V Embedded GCC/bin/../lib/gcc/riscv-none-embed/8.2.0/../../../../riscv-none-embed/lib/rv32imacxw/ilp32/libg_nano.a
LOAD /Applications/MounRiver Studio 2.app/Contents/Resources/app/resources/darwin/components/WCH/Toolchain/RISC-V Embedded GCC/bin/../lib/gcc/riscv-none-embed/8.2.0/../../../../riscv-none-embed/lib/rv32imacxw/ilp32/libc_nano.a
LOAD /Applications/MounRiver Studio 2.app/Contents/Resources/app/resources/darwin/components/WCH/Toolchain/RISC-V Embedded GCC/bin/../lib/gcc/riscv-none-embed/8.2.0/rv32imacxw/ilp32/libgcc.a
START GROUP
LOAD /Applications/MounRiver Studio 2.app/Contents/Resources/app/resources/darwin/components/WCH/Toolchain/RISC-V Embedded GCC/bin/../lib/gcc/riscv-none-embed/8.2.0/rv32imacxw/ilp32/libgcc.a
LOAD /Applications/MounRiver Studio 2.app/Contents/Resources/app/resources/darwin/components/WCH/Toolchain/RISC-V Embedded GCC/bin/../lib/gcc/riscv-none-embed/8.2.0/../../../../riscv-none-embed/lib/rv32imacxw/ilp32/libc_nano.a
LOAD /Applications/MounRiver Studio 2.app/Contents/Resources/app/resources/darwin/components/WCH/Toolchain/RISC-V Embedded GCC/bin/../lib/gcc/riscv-none-embed/8.2.0/../../../../riscv-none-embed/lib/rv32imacxw/ilp32/libnosys.a
END GROUP
START GROUP
LOAD /Applications/MounRiver Studio 2.app/Contents/Resources/app/resources/darwin/components/WCH/Toolchain/RISC-V Embedded GCC/bin/../lib/gcc/riscv-none-embed/8.2.0/rv32imacxw/ilp32/libgcc.a
LOAD /Applications/MounRiver Studio 2.app/Contents/Resources/app/resources/darwin/components/WCH/Toolchain/RISC-V Embedded GCC/bin/../lib/gcc/riscv-none-embed/8.2.0/../../../../riscv-none-embed/lib/rv32imacxw/ilp32/libc_nano.a
LOAD /Applications/MounRiver Studio 2.app/Contents/Resources/app/resources/darwin/components/WCH/Toolchain/RISC-V Embedded GCC/bin/../lib/gcc/riscv-none-embed/8.2.0/../../../../riscv-none-embed/lib/rv32imacxw/ilp32/libnosys.a
END GROUP
                0x0000000000000800                __stack_size = 0x800
                [!provide]                        PROVIDE (_stack_size = __stack_size)

.init           0x0000000000000000        0x4
                0x0000000000000000                _sinit = .
                0x0000000000000000                . = ALIGN (0x4)
 *(SORT_NONE(.init))
 .init          0x0000000000000000        0x4 ./Startup/startup_ch32v20x_D6.o
                0x0000000000000000                _start
                0x0000000000000004                . = ALIGN (0x4)
                0x0000000000000004                _einit = .

.vector         0x0000000000000004       0xfc
 *(.vector)
 .vector        0x0000000000000004       0xfc ./Startup/startup_ch32v20x_D6.o
                0x0000000000000100                . = ALIGN (0x40)

.text           0x0000000000000100     0x4ea0
                0x0000000000000100                . = ALIGN (0x4)
 *(.text)
 .text          0x0000000000000100       0x60 /Applications/MounRiver Studio 2.app/Contents/Resources/app/resources/darwin/components/WCH/Toolchain/RISC-V Embedded GCC/bin/../lib/gcc/riscv-none-embed/8.2.0/rv32imacxw/ilp32/libgcc.a(save-restore.o)
                0x0000000000000100                __riscv_save_12
                0x0000000000000108                __riscv_save_10
                0x0000000000000108                __riscv_save_8
                0x0000000000000108                __riscv_save_11
                0x0000000000000108                __riscv_save_9
                0x0000000000000116                __riscv_save_4
                0x0000000000000116                __riscv_save_7
                0x0000000000000116                __riscv_save_6
                0x0000000000000116                __riscv_save_5
                0x0000000000000130                __riscv_save_3
                0x0000000000000130                __riscv_save_2
                0x0000000000000130                __riscv_save_0
                0x0000000000000130                __riscv_save_1
                0x000000000000013c                __riscv_restore_12
                0x0000000000000140                __riscv_restore_8
                0x0000000000000140                __riscv_restore_10
                0x0000000000000140                __riscv_restore_9
                0x0000000000000140                __riscv_restore_11
                0x000000000000014a                __riscv_restore_5
                0x000000000000014a                __riscv_restore_7
                0x000000000000014a                __riscv_restore_4
                0x000000000000014a                __riscv_restore_6
                0x0000000000000154                __riscv_restore_3
                0x0000000000000154                __riscv_restore_1
                0x0000000000000154                __riscv_restore_0
                0x0000000000000154                __riscv_restore_2
 .text          0x0000000000000160       0xa8 /Applications/MounRiver Studio 2.app/Contents/Resources/app/resources/darwin/components/WCH/Toolchain/RISC-V Embedded GCC/bin/../lib/gcc/riscv-none-embed/8.2.0/../../../../riscv-none-embed/lib/rv32imacxw/ilp32/libg_nano.a(lib_a-memset.o)
                0x0000000000000160                memset
 *(.text.*)
 .text.BLE_CalculateChecksum
                0x0000000000000208       0x20 ./User/P14_BLE_Protocol.o
                0x0000000000000208                BLE_CalculateChecksum
 .text.BLE_PacketCreate
                0x0000000000000228       0x4e ./User/P14_BLE_Protocol.o
                0x0000000000000228                BLE_PacketCreate
 .text.BLE_PacketVerify
                0x0000000000000276       0x3a ./User/P14_BLE_Protocol.o
                0x0000000000000276                BLE_PacketVerify
 .text.BLE_SendPacket
                0x00000000000002b0       0x5a ./User/P14_BLE_Protocol.o
                0x00000000000002b0                BLE_SendPacket
 .text.BLE_SendErrorResponse
                0x000000000000030a       0x22 ./User/P14_BLE_Protocol.o
                0x000000000000030a                BLE_SendErrorResponse
 .text.BLE_HandleSyncTime
                0x000000000000032c       0x66 ./User/P14_BLE_Protocol.o
                0x000000000000032c                BLE_HandleSyncTime
 .text.BLE_HandleGetDeviceStatus
                0x0000000000000392       0x4a ./User/P14_BLE_Protocol.o
                0x0000000000000392                BLE_HandleGetDeviceStatus
 .text.BLE_HandleSetCodeEvent
                0x00000000000003dc       0x64 ./User/P14_BLE_Protocol.o
                0x00000000000003dc                BLE_HandleSetCodeEvent
 .text.BLE_HandleBloodSampleStatus
                0x0000000000000440       0x24 ./User/P14_BLE_Protocol.o
                0x0000000000000440                BLE_HandleBloodSampleStatus
 .text.BLE_HandleGetTestResult
                0x0000000000000464       0xbc ./User/P14_BLE_Protocol.o
                0x0000000000000464                BLE_HandleGetTestResult
 .text.BLE_HandleGetRawData
                0x0000000000000520       0x4a ./User/P14_BLE_Protocol.o
                0x0000000000000520                BLE_HandleGetRawData
 .text.BLE_HandleCommand
                0x000000000000056a       0x56 ./User/P14_BLE_Protocol.o
                0x000000000000056a                BLE_HandleCommand
 .text.BLE_ProcessReceivedData
                0x00000000000005c0       0xd6 ./User/P14_BLE_Protocol.o
                0x00000000000005c0                BLE_ProcessReceivedData
 .text.BLE_ProtocolInit
                0x0000000000000696       0x22 ./User/P14_BLE_Protocol.o
                0x0000000000000696                BLE_ProtocolInit
 .text.Get_Chip_Temperature
                0x00000000000006b8       0x8e ./User/P14_BLE_Protocol.o
                0x00000000000006b8                Get_Chip_Temperature
 .text.Get_ADC_Value
                0x0000000000000746       0x38 ./User/P14_BLE_Protocol.o
                0x0000000000000746                Get_ADC_Value
 .text.BLE_SendADCValue
                0x000000000000077e       0x4c ./User/P14_BLE_Protocol.o
                0x000000000000077e                BLE_SendADCValue
 .text.BLE_MeasureT1Out
                0x00000000000007ca      0x1e6 ./User/P14_BLE_Protocol.o
                0x00000000000007ca                BLE_MeasureT1Out
 .text.BLE_NotifyStripType
                0x00000000000009b0       0x16 ./User/P14_BLE_Protocol.o
                0x00000000000009b0                BLE_NotifyStripType
 .text.BLE_ProcessStripInsertion
                0x00000000000009c6       0x88 ./User/P14_BLE_Protocol.o
                0x00000000000009c6                BLE_ProcessStripInsertion
 .text.BLE_ProcessCommand
                0x0000000000000a4e       0x8e ./User/P14_BLE_Protocol.o
                0x0000000000000a4e                BLE_ProcessCommand
 .text.BLE_ProtocolRxHandler
                0x0000000000000adc       0x8e ./User/P14_BLE_Protocol.o
                0x0000000000000adc                BLE_ProtocolRxHandler
 .text.FLASH_WriteBuffer.part.0
                0x0000000000000b6a       0x56 ./User/P14_Flash_Storage.o
 .text.CalcChecksum
                0x0000000000000bc0       0x1c ./User/P14_Flash_Storage.o
                0x0000000000000bc0                CalcChecksum
 .text.CalcCRC16
                0x0000000000000bdc       0x34 ./User/P14_Flash_Storage.o
                0x0000000000000bdc                CalcCRC16
 .text.UpdateChecksum
                0x0000000000000c10       0x2c ./User/P14_Flash_Storage.o
                0x0000000000000c10                UpdateChecksum
 .text.SaveParameterBlock
                0x0000000000000c3c       0x68 ./User/P14_Flash_Storage.o
 .text.PARAM_LoadDefault
                0x0000000000000ca4      0x14a ./User/P14_Flash_Storage.o
                0x0000000000000ca4                PARAM_LoadDefault
 .text.PARAM_Init
                0x0000000000000dee       0xd0 ./User/P14_Flash_Storage.o
                0x0000000000000dee                PARAM_Init
 .text.PARAM_ReadBlock
                0x0000000000000ebe       0x92 ./User/P14_Flash_Storage.o
                0x0000000000000ebe                PARAM_ReadBlock
 .text.PARAM_UpdateBlock
                0x0000000000000f50       0x8e ./User/P14_Flash_Storage.o
                0x0000000000000f50                PARAM_UpdateBlock
 .text.PARAM_IncreaseTestCount
                0x0000000000000fde       0x1e ./User/P14_Flash_Storage.o
                0x0000000000000fde                PARAM_IncreaseTestCount
 .text.PARAM_GetTestCount
                0x0000000000000ffc        0xe ./User/P14_Flash_Storage.o
                0x0000000000000ffc                PARAM_GetTestCount
 .text.PARAM_SaveTestRecord
                0x000000000000100a       0xce ./User/P14_Flash_Storage.o
                0x000000000000100a                PARAM_SaveTestRecord
 .text.PARAM_GetTestRecord
                0x00000000000010d8       0x76 ./User/P14_Flash_Storage.o
                0x00000000000010d8                PARAM_GetTestRecord
 .text.PARAM_GetTestRecordCount
                0x000000000000114e       0x30 ./User/P14_Flash_Storage.o
                0x000000000000114e                PARAM_GetTestRecordCount
 .text.P14_CH32V203_GPIO_Init
                0x000000000000117e      0x14c ./User/P14_Init.o
                0x000000000000117e                P14_CH32V203_GPIO_Init
 .text.P14_CH32V203_UART_Init
                0x00000000000012ca       0x50 ./User/P14_Init.o
                0x00000000000012ca                P14_CH32V203_UART_Init
 .text.P14_CH32V203_Flash_Storage_Init
                0x000000000000131a       0x9a ./User/P14_Init.o
                0x000000000000131a                P14_CH32V203_Flash_Storage_Init
 .text.P14_CH32V203_System_Init
                0x00000000000013b4       0x28 ./User/P14_Init.o
                0x00000000000013b4                P14_CH32V203_System_Init
 .text.P14_ParamTable_GetStripTypeName
                0x00000000000013dc       0x20 ./User/P14_Parameter_Table.o
                0x00000000000013dc                P14_ParamTable_GetStripTypeName
 .text.P14_ParamTable_GetUnitName
                0x00000000000013fc       0x20 ./User/P14_Parameter_Table.o
                0x00000000000013fc                P14_ParamTable_GetUnitName
 .text.UART1_Init
                0x000000000000141c       0x98 ./User/P14_UART.o
                0x000000000000141c                UART1_Init
 .text.USART1_IRQHandler
                0x00000000000014b4       0xb6 ./User/P14_UART.o
                0x00000000000014b4                USART1_IRQHandler
 .text.UART1_SendData
                0x000000000000156a       0x8c ./User/P14_UART.o
                0x000000000000156a                UART1_SendData
 .text.UART1_ProcessReceivedData
                0x00000000000015f6       0x78 ./User/P14_UART.o
                0x00000000000015f6                UART1_ProcessReceivedData
 .text.NMI_Handler
                0x000000000000166e        0x2 ./User/ch32v20x_it.o
                0x000000000000166e                NMI_Handler
 .text.HardFault_Handler
                0x0000000000001670        0x2 ./User/ch32v20x_it.o
                0x0000000000001670                HardFault_Handler
 .text.USART2_IRQHandler
                0x0000000000001672       0x3a ./User/ch32v20x_it.o
                0x0000000000001672                USART2_IRQHandler
 .text.SysTick_Handler
                0x00000000000016ac       0x16 ./User/ch32v20x_it.o
                0x00000000000016ac                SysTick_Handler
 .text.TestParameterTable
                0x00000000000016c2      0x10a ./User/main.o
                0x00000000000016c2                TestParameterTable
 .text.InitSysTick
                0x00000000000017cc       0x30 ./User/main.o
                0x00000000000017cc                InitSysTick
 .text.UpdateKeyState
                0x00000000000017fc       0x7a ./User/main.o
                0x00000000000017fc                UpdateKeyState
 .text.startup.main
                0x0000000000001876      0x21a ./User/main.o
                0x0000000000001876                main
 .text.SystemInit
                0x0000000000001a90       0xa8 ./User/system_ch32v20x.o
                0x0000000000001a90                SystemInit
 .text.SystemCoreClockUpdate
                0x0000000000001b38       0x92 ./User/system_ch32v20x.o
                0x0000000000001b38                SystemCoreClockUpdate
 .text.vector_handler
                0x0000000000001bca        0x2 ./Startup/startup_ch32v20x_D6.o
                0x0000000000001bca                USBWakeUp_IRQHandler
                0x0000000000001bca                TIM1_CC_IRQHandler
                0x0000000000001bca                PVD_IRQHandler
                0x0000000000001bca                EXTI3_IRQHandler
                0x0000000000001bca                USBFS_IRQHandler
                0x0000000000001bca                EXTI0_IRQHandler
                0x0000000000001bca                I2C2_EV_IRQHandler
                0x0000000000001bca                ADC1_2_IRQHandler
                0x0000000000001bca                Break_Point_Handler
                0x0000000000001bca                SPI1_IRQHandler
                0x0000000000001bca                TAMPER_IRQHandler
                0x0000000000001bca                Ecall_M_Mode_Handler
                0x0000000000001bca                DMA1_Channel4_IRQHandler
                0x0000000000001bca                USART3_IRQHandler
                0x0000000000001bca                RTC_IRQHandler
                0x0000000000001bca                DMA1_Channel7_IRQHandler
                0x0000000000001bca                CAN1_RX1_IRQHandler
                0x0000000000001bca                TIM4_IRQHandler
                0x0000000000001bca                I2C1_EV_IRQHandler
                0x0000000000001bca                DMA1_Channel6_IRQHandler
                0x0000000000001bca                UART4_IRQHandler
                0x0000000000001bca                TIM3_IRQHandler
                0x0000000000001bca                RCC_IRQHandler
                0x0000000000001bca                TIM1_TRG_COM_IRQHandler
                0x0000000000001bca                DMA1_Channel1_IRQHandler
                0x0000000000001bca                EXTI15_10_IRQHandler
                0x0000000000001bca                DMA1_Channel8_IRQHandler
                0x0000000000001bca                EXTI9_5_IRQHandler
                0x0000000000001bca                SPI2_IRQHandler
                0x0000000000001bca                DMA1_Channel5_IRQHandler
                0x0000000000001bca                EXTI4_IRQHandler
                0x0000000000001bca                USB_LP_CAN1_RX0_IRQHandler
                0x0000000000001bca                USB_HP_CAN1_TX_IRQHandler
                0x0000000000001bca                DMA1_Channel3_IRQHandler
                0x0000000000001bca                TIM1_UP_IRQHandler
                0x0000000000001bca                WWDG_IRQHandler
                0x0000000000001bca                Ecall_U_Mode_Handler
                0x0000000000001bca                TIM2_IRQHandler
                0x0000000000001bca                SW_Handler
                0x0000000000001bca                TIM1_BRK_IRQHandler
                0x0000000000001bca                EXTI1_IRQHandler
                0x0000000000001bca                RTCAlarm_IRQHandler
                0x0000000000001bca                I2C2_ER_IRQHandler
                0x0000000000001bca                DMA1_Channel2_IRQHandler
                0x0000000000001bca                CAN1_SCE_IRQHandler
                0x0000000000001bca                FLASH_IRQHandler
                0x0000000000001bca                USBFSWakeUp_IRQHandler
                0x0000000000001bca                I2C1_ER_IRQHandler
                0x0000000000001bca                EXTI2_IRQHandler
 .text.handle_reset
                0x0000000000001bcc       0x86 ./Startup/startup_ch32v20x_D6.o
                0x0000000000001bcc                handle_reset
 .text.ADC_SoftwareStartConvCmd
                0x0000000000001c52       0x18 ./Peripheral/src/ch32v20x_adc.o
                0x0000000000001c52                ADC_SoftwareStartConvCmd
 .text.ADC_RegularChannelConfig
                0x0000000000001c6a       0xb8 ./Peripheral/src/ch32v20x_adc.o
                0x0000000000001c6a                ADC_RegularChannelConfig
 .text.ADC_GetConversionValue
                0x0000000000001d22        0x8 ./Peripheral/src/ch32v20x_adc.o
                0x0000000000001d22                ADC_GetConversionValue
 .text.ADC_TempSensorVrefintCmd
                0x0000000000001d2a       0x20 ./Peripheral/src/ch32v20x_adc.o
                0x0000000000001d2a                ADC_TempSensorVrefintCmd
 .text.ADC_GetFlagStatus
                0x0000000000001d4a        0xa ./Peripheral/src/ch32v20x_adc.o
                0x0000000000001d4a                ADC_GetFlagStatus
 .text.DBGMCU_GetCHIPID
                0x0000000000001d54        0xa ./Peripheral/src/ch32v20x_dbgmcu.o
                0x0000000000001d54                DBGMCU_GetCHIPID
 .text.FLASH_Unlock
                0x0000000000001d5e       0x1a ./Peripheral/src/ch32v20x_flash.o
                0x0000000000001d5e                FLASH_Unlock
 .text.FLASH_Lock
                0x0000000000001d78        0xe ./Peripheral/src/ch32v20x_flash.o
                0x0000000000001d78                FLASH_Lock
 .text.FLASH_GetBank1Status
                0x0000000000001d86       0x18 ./Peripheral/src/ch32v20x_flash.o
                0x0000000000001d86                FLASH_GetBank1Status
 .text.FLASH_WaitForLastOperation
                0x0000000000001d9e       0x20 ./Peripheral/src/ch32v20x_flash.o
                0x0000000000001d9e                FLASH_WaitForLastOperation
 .text.FLASH_ErasePage
                0x0000000000001dbe       0x38 ./Peripheral/src/ch32v20x_flash.o
                0x0000000000001dbe                FLASH_ErasePage
 .text.FLASH_ProgramWord
                0x0000000000001df6       0x4e ./Peripheral/src/ch32v20x_flash.o
                0x0000000000001df6                FLASH_ProgramWord
 .text.FLASH_ProgramHalfWord
                0x0000000000001e44       0x38 ./Peripheral/src/ch32v20x_flash.o
                0x0000000000001e44                FLASH_ProgramHalfWord
 .text.GPIO_Init
                0x0000000000001e7c       0xf2 ./Peripheral/src/ch32v20x_gpio.o
                0x0000000000001e7c                GPIO_Init
 .text.GPIO_ReadInputDataBit
                0x0000000000001f6e       0x1a ./Peripheral/src/ch32v20x_gpio.o
                0x0000000000001f6e                GPIO_ReadInputDataBit
 .text.GPIO_ReadOutputDataBit
                0x0000000000001f88       0x1a ./Peripheral/src/ch32v20x_gpio.o
                0x0000000000001f88                GPIO_ReadOutputDataBit
 .text.GPIO_SetBits
                0x0000000000001fa2       0x14 ./Peripheral/src/ch32v20x_gpio.o
                0x0000000000001fa2                GPIO_SetBits
 .text.GPIO_ResetBits
                0x0000000000001fb6       0x14 ./Peripheral/src/ch32v20x_gpio.o
                0x0000000000001fb6                GPIO_ResetBits
 .text.GPIO_WriteBit
                0x0000000000001fca       0x1a ./Peripheral/src/ch32v20x_gpio.o
                0x0000000000001fca                GPIO_WriteBit
 .text.NVIC_PriorityGroupConfig
                0x0000000000001fe4        0x6 ./Peripheral/src/ch32v20x_misc.o
                0x0000000000001fe4                NVIC_PriorityGroupConfig
 .text.NVIC_Init
                0x0000000000001fea       0x54 ./Peripheral/src/ch32v20x_misc.o
                0x0000000000001fea                NVIC_Init
 .text.RCC_GetClocksFreq
                0x000000000000203e       0xbe ./Peripheral/src/ch32v20x_rcc.o
                0x000000000000203e                RCC_GetClocksFreq
 .text.RCC_APB2PeriphClockCmd
                0x00000000000020fc       0x1e ./Peripheral/src/ch32v20x_rcc.o
                0x00000000000020fc                RCC_APB2PeriphClockCmd
 .text.RCC_APB1PeriphClockCmd
                0x000000000000211a       0x1e ./Peripheral/src/ch32v20x_rcc.o
                0x000000000000211a                RCC_APB1PeriphClockCmd
 .text.USART_Init
                0x0000000000002138       0x90 ./Peripheral/src/ch32v20x_usart.o
                0x0000000000002138                USART_Init
 .text.USART_Cmd
                0x00000000000021c8       0x16 ./Peripheral/src/ch32v20x_usart.o
                0x00000000000021c8                USART_Cmd
 .text.USART_ITConfig
                0x00000000000021de       0x36 ./Peripheral/src/ch32v20x_usart.o
                0x00000000000021de                USART_ITConfig
 .text.USART_SendData
                0x0000000000002214        0x8 ./Peripheral/src/ch32v20x_usart.o
                0x0000000000002214                USART_SendData
 .text.USART_ReceiveData
                0x000000000000221c        0x8 ./Peripheral/src/ch32v20x_usart.o
                0x000000000000221c                USART_ReceiveData
 .text.USART_GetFlagStatus
                0x0000000000002224        0xa ./Peripheral/src/ch32v20x_usart.o
                0x0000000000002224                USART_GetFlagStatus
 .text.USART_GetITStatus
                0x000000000000222e       0x3c ./Peripheral/src/ch32v20x_usart.o
                0x000000000000222e                USART_GetITStatus
 .text.USART_ClearITPendingBit
                0x000000000000226a       0x14 ./Peripheral/src/ch32v20x_usart.o
                0x000000000000226a                USART_ClearITPendingBit
 .text.Delay_Init
                0x000000000000227e       0x2a ./Debug/debug.o
                0x000000000000227e                Delay_Init
 .text.Delay_Ms
                0x00000000000022a8       0x36 ./Debug/debug.o
                0x00000000000022a8                Delay_Ms
 .text._write   0x00000000000022de       0x3e ./Debug/debug.o
                0x00000000000022de                _write
 .text._sbrk    0x000000000000231c       0x26 ./Debug/debug.o
                0x000000000000231c                _sbrk
 .text.__addsf3
                0x0000000000002342      0x36a /Applications/MounRiver Studio 2.app/Contents/Resources/app/resources/darwin/components/WCH/Toolchain/RISC-V Embedded GCC/bin/../lib/gcc/riscv-none-embed/8.2.0/rv32imacxw/ilp32/libgcc.a(addsf3.o)
                0x0000000000002342                __addsf3
 .text.__divsf3
                0x00000000000026ac      0x2b2 /Applications/MounRiver Studio 2.app/Contents/Resources/app/resources/darwin/components/WCH/Toolchain/RISC-V Embedded GCC/bin/../lib/gcc/riscv-none-embed/8.2.0/rv32imacxw/ilp32/libgcc.a(divsf3.o)
                0x00000000000026ac                __divsf3
 .text.__gesf2  0x000000000000295e       0x86 /Applications/MounRiver Studio 2.app/Contents/Resources/app/resources/darwin/components/WCH/Toolchain/RISC-V Embedded GCC/bin/../lib/gcc/riscv-none-embed/8.2.0/rv32imacxw/ilp32/libgcc.a(gesf2.o)
                0x000000000000295e                __gtsf2
                0x000000000000295e                __gesf2
 .text.__lesf2  0x00000000000029e4       0x8c /Applications/MounRiver Studio 2.app/Contents/Resources/app/resources/darwin/components/WCH/Toolchain/RISC-V Embedded GCC/bin/../lib/gcc/riscv-none-embed/8.2.0/rv32imacxw/ilp32/libgcc.a(lesf2.o)
                0x00000000000029e4                __lesf2
                0x00000000000029e4                __ltsf2
 .text.__mulsf3
                0x0000000000002a70      0x290 /Applications/MounRiver Studio 2.app/Contents/Resources/app/resources/darwin/components/WCH/Toolchain/RISC-V Embedded GCC/bin/../lib/gcc/riscv-none-embed/8.2.0/rv32imacxw/ilp32/libgcc.a(mulsf3.o)
                0x0000000000002a70                __mulsf3
 .text.__subsf3
                0x0000000000002d00      0x388 /Applications/MounRiver Studio 2.app/Contents/Resources/app/resources/darwin/components/WCH/Toolchain/RISC-V Embedded GCC/bin/../lib/gcc/riscv-none-embed/8.2.0/rv32imacxw/ilp32/libgcc.a(subsf3.o)
                0x0000000000002d00                __subsf3
 .text.__fixunssfsi
                0x0000000000003088       0x56 /Applications/MounRiver Studio 2.app/Contents/Resources/app/resources/darwin/components/WCH/Toolchain/RISC-V Embedded GCC/bin/../lib/gcc/riscv-none-embed/8.2.0/rv32imacxw/ilp32/libgcc.a(fixunssfsi.o)
                0x0000000000003088                __fixunssfsi
 .text.__floatsisf
                0x00000000000030de       0xc6 /Applications/MounRiver Studio 2.app/Contents/Resources/app/resources/darwin/components/WCH/Toolchain/RISC-V Embedded GCC/bin/../lib/gcc/riscv-none-embed/8.2.0/rv32imacxw/ilp32/libgcc.a(floatsisf.o)
                0x00000000000030de                __floatsisf
 .text.__floatunsisf
                0x00000000000031a4       0xce /Applications/MounRiver Studio 2.app/Contents/Resources/app/resources/darwin/components/WCH/Toolchain/RISC-V Embedded GCC/bin/../lib/gcc/riscv-none-embed/8.2.0/rv32imacxw/ilp32/libgcc.a(floatunsisf.o)
                0x00000000000031a4                __floatunsisf
 .text.__extendsfdf2
                0x0000000000003272       0xac /Applications/MounRiver Studio 2.app/Contents/Resources/app/resources/darwin/components/WCH/Toolchain/RISC-V Embedded GCC/bin/../lib/gcc/riscv-none-embed/8.2.0/rv32imacxw/ilp32/libgcc.a(extendsfdf2.o)
                0x0000000000003272                __extendsfdf2
 .text.__clzsi2
                0x000000000000331e       0x6e /Applications/MounRiver Studio 2.app/Contents/Resources/app/resources/darwin/components/WCH/Toolchain/RISC-V Embedded GCC/bin/../lib/gcc/riscv-none-embed/8.2.0/rv32imacxw/ilp32/libgcc.a(_clzsi2.o)
                0x000000000000331e                __clzsi2
 .text.memcpy   0x000000000000338c       0xb2 /Applications/MounRiver Studio 2.app/Contents/Resources/app/resources/darwin/components/WCH/Toolchain/RISC-V Embedded GCC/bin/../lib/gcc/riscv-none-embed/8.2.0/../../../../riscv-none-embed/lib/rv32imacxw/ilp32/libg_nano.a(lib_a-memcpy.o)
                0x000000000000338c                memcpy
 .text.printf   0x000000000000343e       0x40 /Applications/MounRiver Studio 2.app/Contents/Resources/app/resources/darwin/components/WCH/Toolchain/RISC-V Embedded GCC/bin/../lib/gcc/riscv-none-embed/8.2.0/../../../../riscv-none-embed/lib/rv32imacxw/ilp32/libg_nano.a(lib_a-printf.o)
                0x000000000000343e                printf
                0x000000000000343e                iprintf
 .text._puts_r  0x000000000000347e       0xd4 /Applications/MounRiver Studio 2.app/Contents/Resources/app/resources/darwin/components/WCH/Toolchain/RISC-V Embedded GCC/bin/../lib/gcc/riscv-none-embed/8.2.0/../../../../riscv-none-embed/lib/rv32imacxw/ilp32/libg_nano.a(lib_a-puts.o)
                0x000000000000347e                _puts_r
 .text.puts     0x0000000000003552        0xc /Applications/MounRiver Studio 2.app/Contents/Resources/app/resources/darwin/components/WCH/Toolchain/RISC-V Embedded GCC/bin/../lib/gcc/riscv-none-embed/8.2.0/../../../../riscv-none-embed/lib/rv32imacxw/ilp32/libg_nano.a(lib_a-puts.o)
                0x0000000000003552                puts
 .text.__swbuf_r
                0x000000000000355e       0xbc /Applications/MounRiver Studio 2.app/Contents/Resources/app/resources/darwin/components/WCH/Toolchain/RISC-V Embedded GCC/bin/../lib/gcc/riscv-none-embed/8.2.0/../../../../riscv-none-embed/lib/rv32imacxw/ilp32/libg_nano.a(lib_a-wbuf.o)
                0x000000000000355e                __swbuf_r
 .text.__swsetup_r
                0x000000000000361a       0xfc /Applications/MounRiver Studio 2.app/Contents/Resources/app/resources/darwin/components/WCH/Toolchain/RISC-V Embedded GCC/bin/../lib/gcc/riscv-none-embed/8.2.0/../../../../riscv-none-embed/lib/rv32imacxw/ilp32/libg_nano.a(lib_a-wsetup.o)
                0x000000000000361a                __swsetup_r
 .text.__sflush_r
                0x0000000000003716      0x130 /Applications/MounRiver Studio 2.app/Contents/Resources/app/resources/darwin/components/WCH/Toolchain/RISC-V Embedded GCC/bin/../lib/gcc/riscv-none-embed/8.2.0/../../../../riscv-none-embed/lib/rv32imacxw/ilp32/libg_nano.a(lib_a-fflush.o)
                0x0000000000003716                __sflush_r
 .text._fflush_r
                0x0000000000003846       0x66 /Applications/MounRiver Studio 2.app/Contents/Resources/app/resources/darwin/components/WCH/Toolchain/RISC-V Embedded GCC/bin/../lib/gcc/riscv-none-embed/8.2.0/../../../../riscv-none-embed/lib/rv32imacxw/ilp32/libg_nano.a(lib_a-fflush.o)
                0x0000000000003846                _fflush_r
 .text.std      0x00000000000038ac       0x66 /Applications/MounRiver Studio 2.app/Contents/Resources/app/resources/darwin/components/WCH/Toolchain/RISC-V Embedded GCC/bin/../lib/gcc/riscv-none-embed/8.2.0/../../../../riscv-none-embed/lib/rv32imacxw/ilp32/libg_nano.a(lib_a-findfp.o)
 .text._cleanup_r
                0x0000000000003912        0xa /Applications/MounRiver Studio 2.app/Contents/Resources/app/resources/darwin/components/WCH/Toolchain/RISC-V Embedded GCC/bin/../lib/gcc/riscv-none-embed/8.2.0/../../../../riscv-none-embed/lib/rv32imacxw/ilp32/libg_nano.a(lib_a-findfp.o)
                0x0000000000003912                _cleanup_r
 .text.__sfmoreglue
                0x000000000000391c       0x46 /Applications/MounRiver Studio 2.app/Contents/Resources/app/resources/darwin/components/WCH/Toolchain/RISC-V Embedded GCC/bin/../lib/gcc/riscv-none-embed/8.2.0/../../../../riscv-none-embed/lib/rv32imacxw/ilp32/libg_nano.a(lib_a-findfp.o)
                0x000000000000391c                __sfmoreglue
 .text.__sinit  0x0000000000003962       0x6c /Applications/MounRiver Studio 2.app/Contents/Resources/app/resources/darwin/components/WCH/Toolchain/RISC-V Embedded GCC/bin/../lib/gcc/riscv-none-embed/8.2.0/../../../../riscv-none-embed/lib/rv32imacxw/ilp32/libg_nano.a(lib_a-findfp.o)
                0x0000000000003962                __sinit
 .text.__sfp    0x00000000000039ce       0xa0 /Applications/MounRiver Studio 2.app/Contents/Resources/app/resources/darwin/components/WCH/Toolchain/RISC-V Embedded GCC/bin/../lib/gcc/riscv-none-embed/8.2.0/../../../../riscv-none-embed/lib/rv32imacxw/ilp32/libg_nano.a(lib_a-findfp.o)
                0x00000000000039ce                __sfp
 .text._fwalk_reent
                0x0000000000003a6e       0x6a /Applications/MounRiver Studio 2.app/Contents/Resources/app/resources/darwin/components/WCH/Toolchain/RISC-V Embedded GCC/bin/../lib/gcc/riscv-none-embed/8.2.0/../../../../riscv-none-embed/lib/rv32imacxw/ilp32/libg_nano.a(lib_a-fwalk.o)
                0x0000000000003a6e                _fwalk_reent
 .text.__swhatbuf_r
                0x0000000000003ad8       0x58 /Applications/MounRiver Studio 2.app/Contents/Resources/app/resources/darwin/components/WCH/Toolchain/RISC-V Embedded GCC/bin/../lib/gcc/riscv-none-embed/8.2.0/../../../../riscv-none-embed/lib/rv32imacxw/ilp32/libg_nano.a(lib_a-makebuf.o)
                0x0000000000003ad8                __swhatbuf_r
 .text.__smakebuf_r
                0x0000000000003b30       0x92 /Applications/MounRiver Studio 2.app/Contents/Resources/app/resources/darwin/components/WCH/Toolchain/RISC-V Embedded GCC/bin/../lib/gcc/riscv-none-embed/8.2.0/../../../../riscv-none-embed/lib/rv32imacxw/ilp32/libg_nano.a(lib_a-makebuf.o)
                0x0000000000003b30                __smakebuf_r
 .text._free_r  0x0000000000003bc2       0xa8 /Applications/MounRiver Studio 2.app/Contents/Resources/app/resources/darwin/components/WCH/Toolchain/RISC-V Embedded GCC/bin/../lib/gcc/riscv-none-embed/8.2.0/../../../../riscv-none-embed/lib/rv32imacxw/ilp32/libg_nano.a(lib_a-nano-freer.o)
                0x0000000000003bc2                _free_r
 .text._malloc_r
                0x0000000000003c6a       0xd4 /Applications/MounRiver Studio 2.app/Contents/Resources/app/resources/darwin/components/WCH/Toolchain/RISC-V Embedded GCC/bin/../lib/gcc/riscv-none-embed/8.2.0/../../../../riscv-none-embed/lib/rv32imacxw/ilp32/libg_nano.a(lib_a-nano-mallocr.o)
                0x0000000000003c6a                _malloc_r
 .text.__sfputc_r
                0x0000000000003d3e       0x28 /Applications/MounRiver Studio 2.app/Contents/Resources/app/resources/darwin/components/WCH/Toolchain/RISC-V Embedded GCC/bin/../lib/gcc/riscv-none-embed/8.2.0/../../../../riscv-none-embed/lib/rv32imacxw/ilp32/libg_nano.a(lib_a-nano-vfprintf.o)
 .text.__sfputs_r
                0x0000000000003d66       0x42 /Applications/MounRiver Studio 2.app/Contents/Resources/app/resources/darwin/components/WCH/Toolchain/RISC-V Embedded GCC/bin/../lib/gcc/riscv-none-embed/8.2.0/../../../../riscv-none-embed/lib/rv32imacxw/ilp32/libg_nano.a(lib_a-nano-vfprintf.o)
                0x0000000000003d66                __sfputs_r
 .text._vfprintf_r
                0x0000000000003da8      0x288 /Applications/MounRiver Studio 2.app/Contents/Resources/app/resources/darwin/components/WCH/Toolchain/RISC-V Embedded GCC/bin/../lib/gcc/riscv-none-embed/8.2.0/../../../../riscv-none-embed/lib/rv32imacxw/ilp32/libg_nano.a(lib_a-nano-vfprintf.o)
                0x0000000000003da8                _vfiprintf_r
                0x0000000000003da8                _vfprintf_r
 .text._printf_common
                0x0000000000004030      0x10c /Applications/MounRiver Studio 2.app/Contents/Resources/app/resources/darwin/components/WCH/Toolchain/RISC-V Embedded GCC/bin/../lib/gcc/riscv-none-embed/8.2.0/../../../../riscv-none-embed/lib/rv32imacxw/ilp32/libg_nano.a(lib_a-nano-vfprintf_i.o)
                0x0000000000004030                _printf_common
 .text._printf_i
                0x000000000000413c      0x2a2 /Applications/MounRiver Studio 2.app/Contents/Resources/app/resources/darwin/components/WCH/Toolchain/RISC-V Embedded GCC/bin/../lib/gcc/riscv-none-embed/8.2.0/../../../../riscv-none-embed/lib/rv32imacxw/ilp32/libg_nano.a(lib_a-nano-vfprintf_i.o)
                0x000000000000413c                _printf_i
 .text._sbrk_r  0x00000000000043de       0x2a /Applications/MounRiver Studio 2.app/Contents/Resources/app/resources/darwin/components/WCH/Toolchain/RISC-V Embedded GCC/bin/../lib/gcc/riscv-none-embed/8.2.0/../../../../riscv-none-embed/lib/rv32imacxw/ilp32/libg_nano.a(lib_a-sbrkr.o)
                0x00000000000043de                _sbrk_r
 .text.__sread  0x0000000000004408       0x2c /Applications/MounRiver Studio 2.app/Contents/Resources/app/resources/darwin/components/WCH/Toolchain/RISC-V Embedded GCC/bin/../lib/gcc/riscv-none-embed/8.2.0/../../../../riscv-none-embed/lib/rv32imacxw/ilp32/libg_nano.a(lib_a-stdio.o)
                0x0000000000004408                __sread
 .text.__swrite
                0x0000000000004434       0x48 /Applications/MounRiver Studio 2.app/Contents/Resources/app/resources/darwin/components/WCH/Toolchain/RISC-V Embedded GCC/bin/../lib/gcc/riscv-none-embed/8.2.0/../../../../riscv-none-embed/lib/rv32imacxw/ilp32/libg_nano.a(lib_a-stdio.o)
                0x0000000000004434                __swrite
 .text.__sseek  0x000000000000447c       0x30 /Applications/MounRiver Studio 2.app/Contents/Resources/app/resources/darwin/components/WCH/Toolchain/RISC-V Embedded GCC/bin/../lib/gcc/riscv-none-embed/8.2.0/../../../../riscv-none-embed/lib/rv32imacxw/ilp32/libg_nano.a(lib_a-stdio.o)
                0x000000000000447c                __sseek
 .text.__sclose
                0x00000000000044ac        0x6 /Applications/MounRiver Studio 2.app/Contents/Resources/app/resources/darwin/components/WCH/Toolchain/RISC-V Embedded GCC/bin/../lib/gcc/riscv-none-embed/8.2.0/../../../../riscv-none-embed/lib/rv32imacxw/ilp32/libg_nano.a(lib_a-stdio.o)
                0x00000000000044ac                __sclose
 .text._write_r
                0x00000000000044b2       0x2e /Applications/MounRiver Studio 2.app/Contents/Resources/app/resources/darwin/components/WCH/Toolchain/RISC-V Embedded GCC/bin/../lib/gcc/riscv-none-embed/8.2.0/../../../../riscv-none-embed/lib/rv32imacxw/ilp32/libg_nano.a(lib_a-writer.o)
                0x00000000000044b2                _write_r
 .text._close_r
                0x00000000000044e0       0x28 /Applications/MounRiver Studio 2.app/Contents/Resources/app/resources/darwin/components/WCH/Toolchain/RISC-V Embedded GCC/bin/../lib/gcc/riscv-none-embed/8.2.0/../../../../riscv-none-embed/lib/rv32imacxw/ilp32/libg_nano.a(lib_a-closer.o)
                0x00000000000044e0                _close_r
 .text._fstat_r
                0x0000000000004508       0x2a /Applications/MounRiver Studio 2.app/Contents/Resources/app/resources/darwin/components/WCH/Toolchain/RISC-V Embedded GCC/bin/../lib/gcc/riscv-none-embed/8.2.0/../../../../riscv-none-embed/lib/rv32imacxw/ilp32/libg_nano.a(lib_a-fstatr.o)
                0x0000000000004508                _fstat_r
 .text._isatty_r
                0x0000000000004532       0x28 /Applications/MounRiver Studio 2.app/Contents/Resources/app/resources/darwin/components/WCH/Toolchain/RISC-V Embedded GCC/bin/../lib/gcc/riscv-none-embed/8.2.0/../../../../riscv-none-embed/lib/rv32imacxw/ilp32/libg_nano.a(lib_a-isattyr.o)
                0x0000000000004532                _isatty_r
 .text._lseek_r
                0x000000000000455a       0x2c /Applications/MounRiver Studio 2.app/Contents/Resources/app/resources/darwin/components/WCH/Toolchain/RISC-V Embedded GCC/bin/../lib/gcc/riscv-none-embed/8.2.0/../../../../riscv-none-embed/lib/rv32imacxw/ilp32/libg_nano.a(lib_a-lseekr.o)
                0x000000000000455a                _lseek_r
 .text.memchr   0x0000000000004586       0x18 /Applications/MounRiver Studio 2.app/Contents/Resources/app/resources/darwin/components/WCH/Toolchain/RISC-V Embedded GCC/bin/../lib/gcc/riscv-none-embed/8.2.0/../../../../riscv-none-embed/lib/rv32imacxw/ilp32/libg_nano.a(lib_a-memchr.o)
                0x0000000000004586                memchr
 .text.__malloc_lock
                0x000000000000459e        0x2 /Applications/MounRiver Studio 2.app/Contents/Resources/app/resources/darwin/components/WCH/Toolchain/RISC-V Embedded GCC/bin/../lib/gcc/riscv-none-embed/8.2.0/../../../../riscv-none-embed/lib/rv32imacxw/ilp32/libg_nano.a(lib_a-mlock.o)
                0x000000000000459e                __malloc_lock
 .text.__malloc_unlock
                0x00000000000045a0        0x2 /Applications/MounRiver Studio 2.app/Contents/Resources/app/resources/darwin/components/WCH/Toolchain/RISC-V Embedded GCC/bin/../lib/gcc/riscv-none-embed/8.2.0/../../../../riscv-none-embed/lib/rv32imacxw/ilp32/libg_nano.a(lib_a-mlock.o)
                0x00000000000045a0                __malloc_unlock
 .text._read_r  0x00000000000045a2       0x2c /Applications/MounRiver Studio 2.app/Contents/Resources/app/resources/darwin/components/WCH/Toolchain/RISC-V Embedded GCC/bin/../lib/gcc/riscv-none-embed/8.2.0/../../../../riscv-none-embed/lib/rv32imacxw/ilp32/libg_nano.a(lib_a-readr.o)
                0x00000000000045a2                _read_r
 .text._close   0x00000000000045ce        0xc /Applications/MounRiver Studio 2.app/Contents/Resources/app/resources/darwin/components/WCH/Toolchain/RISC-V Embedded GCC/bin/../lib/gcc/riscv-none-embed/8.2.0/../../../../riscv-none-embed/lib/rv32imacxw/ilp32/libnosys.a(close.o)
                0x00000000000045ce                _close
 .text._fstat   0x00000000000045da        0xc /Applications/MounRiver Studio 2.app/Contents/Resources/app/resources/darwin/components/WCH/Toolchain/RISC-V Embedded GCC/bin/../lib/gcc/riscv-none-embed/8.2.0/../../../../riscv-none-embed/lib/rv32imacxw/ilp32/libnosys.a(fstat.o)
                0x00000000000045da                _fstat
 .text._isatty  0x00000000000045e6        0xc /Applications/MounRiver Studio 2.app/Contents/Resources/app/resources/darwin/components/WCH/Toolchain/RISC-V Embedded GCC/bin/../lib/gcc/riscv-none-embed/8.2.0/../../../../riscv-none-embed/lib/rv32imacxw/ilp32/libnosys.a(isatty.o)
                0x00000000000045e6                _isatty
 .text._lseek   0x00000000000045f2        0xc /Applications/MounRiver Studio 2.app/Contents/Resources/app/resources/darwin/components/WCH/Toolchain/RISC-V Embedded GCC/bin/../lib/gcc/riscv-none-embed/8.2.0/../../../../riscv-none-embed/lib/rv32imacxw/ilp32/libnosys.a(lseek.o)
                0x00000000000045f2                _lseek
 .text._read    0x00000000000045fe        0xc /Applications/MounRiver Studio 2.app/Contents/Resources/app/resources/darwin/components/WCH/Toolchain/RISC-V Embedded GCC/bin/../lib/gcc/riscv-none-embed/8.2.0/../../../../riscv-none-embed/lib/rv32imacxw/ilp32/libnosys.a(read.o)
                0x00000000000045fe                _read
 *(.rodata)
 *(.rodata*)
 *fill*         0x000000000000460a        0x2 
 .rodata.BLE_HandleCommand
                0x000000000000460c       0x18 ./User/P14_BLE_Protocol.o
 .rodata.BLE_ProcessStripInsertion
                0x0000000000004624       0x14 ./User/P14_BLE_Protocol.o
 .rodata.BLE_MeasureT1Out.cst4
                0x0000000000004638       0x1c ./User/P14_BLE_Protocol.o
 .rodata.BLE_MeasureT1Out.str1.4
                0x0000000000004654       0xba ./User/P14_BLE_Protocol.o
 *fill*         0x000000000000470e        0x2 
 .rodata.BLE_NotifyStripType.str1.4
                0x0000000000004710       0x17 ./User/P14_BLE_Protocol.o
 *fill*         0x0000000000004727        0x1 
 .rodata.BLE_ProcessCommand.str1.4
                0x0000000000004728       0x4f ./User/P14_BLE_Protocol.o
 *fill*         0x0000000000004777        0x1 
 .rodata.BLE_ProcessStripInsertion.str1.4
                0x0000000000004778       0x5a ./User/P14_BLE_Protocol.o
 *fill*         0x00000000000047d2        0x2 
 .rodata.BLE_ProtocolInit.str1.4
                0x00000000000047d4       0x15 ./User/P14_BLE_Protocol.o
 *fill*         0x00000000000047e9        0x3 
 .rodata.Get_Chip_Temperature.cst4
                0x00000000000047ec       0x14 ./User/P14_BLE_Protocol.o
 .rodata.PARAM_ReadBlock
                0x0000000000004800       0x18 ./User/P14_Flash_Storage.o
 .rodata.PARAM_UpdateBlock
                0x0000000000004818       0x18 ./User/P14_Flash_Storage.o
 .rodata.PARAM_Init.str1.4
                0x0000000000004830       0x9a ./User/P14_Flash_Storage.o
 .rodata.PARAM_LoadDefault.cst4
                0x00000000000048ca        0x4 ./User/P14_Flash_Storage.o
 *fill*         0x00000000000048ca        0x2 
 .rodata.PARAM_LoadDefault.str1.4
                0x00000000000048cc       0x2c ./User/P14_Flash_Storage.o
 .rodata.P14_CH32V203_Flash_Storage_Init.str1.4
                0x00000000000048f8       0x5f ./User/P14_Init.o
 *fill*         0x0000000000004957        0x1 
 .rodata.P14_CH32V203_ParameterTable_Init.str1.4
                0x0000000000004958       0x67 ./User/P14_Init.o
 *fill*         0x00000000000049bf        0x1 
 .rodata.P14_CH32V203_System_Init.str1.4
                0x00000000000049c0       0x21 ./User/P14_Init.o
 *fill*         0x00000000000049e1        0x3 
 .rodata.CSWTCH.5
                0x00000000000049e4       0x14 ./User/P14_Parameter_Table.o
 .rodata.CSWTCH.7
                0x00000000000049f8        0xc ./User/P14_Parameter_Table.o
 .rodata.P14_ParamTable_GetStripTypeName.str1.4
                0x0000000000004a04        0x5 ./User/P14_Parameter_Table.o
 *fill*         0x0000000000004a09        0x3 
 .rodata.str1.4
                0x0000000000004a0c       0x6e ./User/P14_Parameter_Table.o
 *fill*         0x0000000000004a7a        0x2 
 .rodata.main   0x0000000000004a7c       0x14 ./User/main.o
 .rodata.TestParameterTable.str1.4
                0x0000000000004a90       0xf2 ./User/main.o
 *fill*         0x0000000000004b82        0x2 
 .rodata.main.str1.4
                0x0000000000004b84      0x1be ./User/main.o
 *fill*         0x0000000000004d42        0x2 
 .rodata.__divsf3
                0x0000000000004d44       0x80 /Applications/MounRiver Studio 2.app/Contents/Resources/app/resources/darwin/components/WCH/Toolchain/RISC-V Embedded GCC/bin/../lib/gcc/riscv-none-embed/8.2.0/rv32imacxw/ilp32/libgcc.a(divsf3.o)
 .rodata.__mulsf3
                0x0000000000004dc4       0x40 /Applications/MounRiver Studio 2.app/Contents/Resources/app/resources/darwin/components/WCH/Toolchain/RISC-V Embedded GCC/bin/../lib/gcc/riscv-none-embed/8.2.0/rv32imacxw/ilp32/libgcc.a(mulsf3.o)
 .rodata.__clz_tab
                0x0000000000004e04      0x100 /Applications/MounRiver Studio 2.app/Contents/Resources/app/resources/darwin/components/WCH/Toolchain/RISC-V Embedded GCC/bin/../lib/gcc/riscv-none-embed/8.2.0/rv32imacxw/ilp32/libgcc.a(_clz.o)
                0x0000000000004e04                __clz_tab
 .rodata.__sf_fake_stderr
                0x0000000000004f04       0x20 /Applications/MounRiver Studio 2.app/Contents/Resources/app/resources/darwin/components/WCH/Toolchain/RISC-V Embedded GCC/bin/../lib/gcc/riscv-none-embed/8.2.0/../../../../riscv-none-embed/lib/rv32imacxw/ilp32/libg_nano.a(lib_a-findfp.o)
                0x0000000000004f04                __sf_fake_stderr
 .rodata.__sf_fake_stdin
                0x0000000000004f24       0x20 /Applications/MounRiver Studio 2.app/Contents/Resources/app/resources/darwin/components/WCH/Toolchain/RISC-V Embedded GCC/bin/../lib/gcc/riscv-none-embed/8.2.0/../../../../riscv-none-embed/lib/rv32imacxw/ilp32/libg_nano.a(lib_a-findfp.o)
                0x0000000000004f24                __sf_fake_stdin
 .rodata.__sf_fake_stdout
                0x0000000000004f44       0x20 /Applications/MounRiver Studio 2.app/Contents/Resources/app/resources/darwin/components/WCH/Toolchain/RISC-V Embedded GCC/bin/../lib/gcc/riscv-none-embed/8.2.0/../../../../riscv-none-embed/lib/rv32imacxw/ilp32/libg_nano.a(lib_a-findfp.o)
                0x0000000000004f44                __sf_fake_stdout
 .rodata._vfprintf_r.str1.4
                0x0000000000004f64       0x13 /Applications/MounRiver Studio 2.app/Contents/Resources/app/resources/darwin/components/WCH/Toolchain/RISC-V Embedded GCC/bin/../lib/gcc/riscv-none-embed/8.2.0/../../../../riscv-none-embed/lib/rv32imacxw/ilp32/libg_nano.a(lib_a-nano-vfprintf.o)
 *fill*         0x0000000000004f77        0x1 
 .rodata._printf_i.str1.4
                0x0000000000004f78       0x28 /Applications/MounRiver Studio 2.app/Contents/Resources/app/resources/darwin/components/WCH/Toolchain/RISC-V Embedded GCC/bin/../lib/gcc/riscv-none-embed/8.2.0/../../../../riscv-none-embed/lib/rv32imacxw/ilp32/libg_nano.a(lib_a-nano-vfprintf_i.o)
                                         0x25 (size before relaxing)
 *(.gnu.linkonce.t.*)
                0x0000000000004fa0                . = ALIGN (0x4)

.rela.dyn       0x0000000000004fa0        0x0
 .rela.init     0x0000000000004fa0        0x0 ./User/P14_BLE_Protocol.o
 .rela.vector   0x0000000000004fa0        0x0 ./User/P14_BLE_Protocol.o
 .rela.text.handle_reset
                0x0000000000004fa0        0x0 ./User/P14_BLE_Protocol.o
 .rela.text._sbrk
                0x0000000000004fa0        0x0 ./User/P14_BLE_Protocol.o
 .rela.sdata.curbrk.4658
                0x0000000000004fa0        0x0 ./User/P14_BLE_Protocol.o
 .rela.text._vfprintf_r
                0x0000000000004fa0        0x0 ./User/P14_BLE_Protocol.o
 .rela.text._sbrk_r
                0x0000000000004fa0        0x0 ./User/P14_BLE_Protocol.o
 .rela.text._write_r
                0x0000000000004fa0        0x0 ./User/P14_BLE_Protocol.o
 .rela.text._close_r
                0x0000000000004fa0        0x0 ./User/P14_BLE_Protocol.o
 .rela.text._fstat_r
                0x0000000000004fa0        0x0 ./User/P14_BLE_Protocol.o
 .rela.text._isatty_r
                0x0000000000004fa0        0x0 ./User/P14_BLE_Protocol.o
 .rela.text._lseek_r
                0x0000000000004fa0        0x0 ./User/P14_BLE_Protocol.o
 .rela.text._read_r
                0x0000000000004fa0        0x0 ./User/P14_BLE_Protocol.o
 .rela.text._close
                0x0000000000004fa0        0x0 ./User/P14_BLE_Protocol.o
 .rela.text._fstat
                0x0000000000004fa0        0x0 ./User/P14_BLE_Protocol.o
 .rela.text._isatty
                0x0000000000004fa0        0x0 ./User/P14_BLE_Protocol.o
 .rela.text._lseek
                0x0000000000004fa0        0x0 ./User/P14_BLE_Protocol.o
 .rela.text._read
                0x0000000000004fa0        0x0 ./User/P14_BLE_Protocol.o

.fini           0x0000000000004fa0        0x0
 *(SORT_NONE(.fini))
                0x0000000000004fa0                . = ALIGN (0x4)
                [!provide]                        PROVIDE (_etext = .)
                [!provide]                        PROVIDE (_eitcm = .)

.preinit_array  0x0000000000004fa0        0x0
                [!provide]                        PROVIDE (__preinit_array_start = .)
 *(.preinit_array)
                [!provide]                        PROVIDE (__preinit_array_end = .)

.init_array     0x0000000000004fa0        0x0
                [!provide]                        PROVIDE (__init_array_start = .)
 *(SORT_BY_INIT_PRIORITY(.init_array.*) SORT_BY_INIT_PRIORITY(.ctors.*))
 *(.init_array EXCLUDE_FILE(*crtend?.o *crtend.o *crtbegin?.o *crtbegin.o) .ctors)
                [!provide]                        PROVIDE (__init_array_end = .)

.fini_array     0x0000000000004fa0        0x0
                [!provide]                        PROVIDE (__fini_array_start = .)
 *(SORT_BY_INIT_PRIORITY(.fini_array.*) SORT_BY_INIT_PRIORITY(.dtors.*))
 *(.fini_array EXCLUDE_FILE(*crtend?.o *crtend.o *crtbegin?.o *crtbegin.o) .dtors)
                [!provide]                        PROVIDE (__fini_array_end = .)

.ctors
 *crtbegin.o(.ctors)
 *crtbegin?.o(.ctors)
 *(EXCLUDE_FILE(*crtend?.o *crtend.o) .ctors)
 *(SORT_BY_NAME(.ctors.*))
 *(.ctors)

.dtors
 *crtbegin.o(.dtors)
 *crtbegin?.o(.dtors)
 *(EXCLUDE_FILE(*crtend?.o *crtend.o) .dtors)
 *(SORT_BY_NAME(.dtors.*))
 *(.dtors)

.dalign         0x0000000020000000        0x0 load address 0x0000000000004fa0
                0x0000000020000000                . = ALIGN (0x4)
                0x0000000020000000                PROVIDE (_data_vma = .)

.dlalign        0x0000000000004fa0        0x0
                0x0000000000004fa0                . = ALIGN (0x4)
                0x0000000000004fa0                PROVIDE (_data_lma = .)

.data           0x0000000020000000       0x98 load address 0x0000000000004fa0
 *(.gnu.linkonce.r.*)
 *(.data .data.*)
 .data.AHBPrescTable
                0x0000000020000000       0x10 ./User/system_ch32v20x.o
                0x0000000020000000                AHBPrescTable
 .data.APBAHBPrescTable
                0x0000000020000010       0x10 ./Peripheral/src/ch32v20x_rcc.o
 .data.impure_data
                0x0000000020000020       0x60 /Applications/MounRiver Studio 2.app/Contents/Resources/app/resources/darwin/components/WCH/Toolchain/RISC-V Embedded GCC/bin/../lib/gcc/riscv-none-embed/8.2.0/../../../../riscv-none-embed/lib/rv32imacxw/ilp32/libg_nano.a(lib_a-impure.o)
 *(.gnu.linkonce.d.*)
                0x0000000020000080                . = ALIGN (0x8)
                0x0000000020000880                PROVIDE (__global_pointer$ = (. + 0x800))
 *(.sdata .sdata.*)
 .sdata.SystemCoreClock
                0x0000000020000080        0x4 ./User/system_ch32v20x.o
                0x0000000020000080                SystemCoreClock
 .sdata.ADCPrescTable
                0x0000000020000084        0x4 ./Peripheral/src/ch32v20x_rcc.o
 .sdata.curbrk.4658
                0x0000000020000088        0x4 ./Debug/debug.o
 .sdata._impure_ptr
                0x000000002000008c        0x4 /Applications/MounRiver Studio 2.app/Contents/Resources/app/resources/darwin/components/WCH/Toolchain/RISC-V Embedded GCC/bin/../lib/gcc/riscv-none-embed/8.2.0/../../../../riscv-none-embed/lib/rv32imacxw/ilp32/libg_nano.a(lib_a-impure.o)
                0x000000002000008c                _impure_ptr
 *(.sdata2.*)
 .sdata2._global_impure_ptr
                0x0000000020000090        0x4 /Applications/MounRiver Studio 2.app/Contents/Resources/app/resources/darwin/components/WCH/Toolchain/RISC-V Embedded GCC/bin/../lib/gcc/riscv-none-embed/8.2.0/../../../../riscv-none-embed/lib/rv32imacxw/ilp32/libg_nano.a(lib_a-impure.o)
                0x0000000020000090                _global_impure_ptr
 *(.gnu.linkonce.s.*)
                0x0000000020000098                . = ALIGN (0x8)
 *fill*         0x0000000020000094        0x4 
 *(.srodata.cst16)
 *(.srodata.cst8)
 *(.srodata.cst4)
 *(.srodata.cst2)
 *(.srodata .srodata.*)
                0x0000000020000098                . = ALIGN (0x4)
                0x0000000020000098                PROVIDE (_edata = .)

.bss            0x0000000020000098      0x6b4 load address 0x0000000000005038
                0x0000000020000098                . = ALIGN (0x4)
                0x0000000020000098                PROVIDE (_sbss = .)
 *(.sbss*)
 .sbss.g_cmdType
                0x0000000020000098        0x1 ./User/P14_BLE_Protocol.o
 .sbss.g_dataIndex
                0x0000000020000099        0x1 ./User/P14_BLE_Protocol.o
 .sbss.g_dataLength
                0x000000002000009a        0x1 ./User/P14_BLE_Protocol.o
 *fill*         0x000000002000009b        0x1 
 .sbss.g_protocolState
                0x000000002000009c        0x4 ./User/P14_BLE_Protocol.o
 .sbss.g_activeBlockAddr
                0x00000000200000a0        0x4 ./User/P14_Flash_Storage.o
 .sbss.g_uart1RxHead
                0x00000000200000a4        0x2 ./User/P14_UART.o
 .sbss.g_uart1RxTail
                0x00000000200000a6        0x2 ./User/P14_UART.o
 .sbss.g_uart1TxBusy
                0x00000000200000a8        0x1 ./User/P14_UART.o
 *fill*         0x00000000200000a9        0x1 
 .sbss.g_uart1TxHead
                0x00000000200000aa        0x2 ./User/P14_UART.o
 .sbss.g_uart1TxTail
                0x00000000200000ac        0x2 ./User/P14_UART.o
 *fill*         0x00000000200000ae        0x2 
 .sbss.g_systicks
                0x00000000200000b0        0x4 ./User/main.o
                0x00000000200000b0                g_systicks
 .sbss.MCU_Version
                0x00000000200000b4        0x1 ./Peripheral/src/ch32v20x_gpio.o
                0x00000000200000b4                MCU_Version
 *fill*         0x00000000200000b5        0x3 
 .sbss.NVIC_Priority_Group
                0x00000000200000b8        0x4 ./Peripheral/src/ch32v20x_misc.o
                0x00000000200000b8                NVIC_Priority_Group
 .sbss.p_ms     0x00000000200000bc        0x2 ./Debug/debug.o
 .sbss.p_us     0x00000000200000be        0x1 ./Debug/debug.o
 *fill*         0x00000000200000bf        0x1 
 .sbss.__malloc_free_list
                0x00000000200000c0        0x4 /Applications/MounRiver Studio 2.app/Contents/Resources/app/resources/darwin/components/WCH/Toolchain/RISC-V Embedded GCC/bin/../lib/gcc/riscv-none-embed/8.2.0/../../../../riscv-none-embed/lib/rv32imacxw/ilp32/libg_nano.a(lib_a-nano-mallocr.o)
                0x00000000200000c0                __malloc_free_list
 .sbss.__malloc_sbrk_start
                0x00000000200000c4        0x4 /Applications/MounRiver Studio 2.app/Contents/Resources/app/resources/darwin/components/WCH/Toolchain/RISC-V Embedded GCC/bin/../lib/gcc/riscv-none-embed/8.2.0/../../../../riscv-none-embed/lib/rv32imacxw/ilp32/libg_nano.a(lib_a-nano-mallocr.o)
                0x00000000200000c4                __malloc_sbrk_start
 *(.gnu.linkonce.sb.*)
 *(.bss*)
 .bss.g_cmdData
                0x00000000200000c8       0x10 ./User/P14_BLE_Protocol.o
 .bss.g_rxPacket
                0x00000000200000d8       0x41 ./User/P14_BLE_Protocol.o
 *fill*         0x0000000020000119        0x3 
 .bss.g_txPacket
                0x000000002000011c       0x41 ./User/P14_BLE_Protocol.o
 *fill*         0x000000002000015d        0x3 
 .bss.g_paramBlock
                0x0000000020000160      0x2d0 ./User/P14_Flash_Storage.o
 .bss.g_uart1RxBuffer
                0x0000000020000430      0x100 ./User/P14_UART.o
 .bss.g_uart1TxBuffer
                0x0000000020000530      0x100 ./User/P14_UART.o
 .bss.tempBuffer.5040
                0x0000000020000630      0x100 ./User/P14_UART.o
 .bss.g_key1    0x0000000020000730        0xc ./User/main.o
                0x0000000020000730                g_key1
 .bss.g_key2    0x000000002000073c        0xc ./User/main.o
                0x000000002000073c                g_key2
 *(.gnu.linkonce.b.*)
 *(COMMON*)
 COMMON         0x0000000020000748        0x4 /Applications/MounRiver Studio 2.app/Contents/Resources/app/resources/darwin/components/WCH/Toolchain/RISC-V Embedded GCC/bin/../lib/gcc/riscv-none-embed/8.2.0/../../../../riscv-none-embed/lib/rv32imacxw/ilp32/libg_nano.a(lib_a-reent.o)
                0x0000000020000748                errno
                0x000000002000074c                . = ALIGN (0x4)
                0x000000002000074c                PROVIDE (_ebss = .)
                0x000000002000074c                PROVIDE (_end = _ebss)
                [!provide]                        PROVIDE (end = .)

.stack          0x0000000020004800      0x800
                0x0000000020004800                PROVIDE (_heap_end = .)
                0x0000000020004800                . = ALIGN (0x4)
                [!provide]                        PROVIDE (_susrstack = .)
                0x0000000020005000                . = (. + __stack_size)
 *fill*         0x0000000020004800      0x800 
                0x0000000020005000                PROVIDE (_eusrstack = .)
OUTPUT(CH32V203G8R6.elf elf32-littleriscv)

.debug_info     0x0000000000000000    0x13614
 .debug_info    0x0000000000000000     0x220e ./User/P14_BLE_Protocol.o
 .debug_info    0x000000000000220e     0x217c ./User/P14_Flash_Storage.o
 .debug_info    0x000000000000438a     0x1398 ./User/P14_Init.o
 .debug_info    0x0000000000005722     0x1148 ./User/P14_Parameter_Table.o
 .debug_info    0x000000000000686a     0x14d9 ./User/P14_UART.o
 .debug_info    0x0000000000007d43      0xbbf ./User/ch32v20x_it.o
 .debug_info    0x0000000000008902     0x1411 ./User/main.o
 .debug_info    0x0000000000009d13      0xb30 ./User/system_ch32v20x.o
 .debug_info    0x000000000000a843       0x22 ./Startup/startup_ch32v20x_D6.o
 .debug_info    0x000000000000a865     0x16eb ./Peripheral/src/ch32v20x_adc.o
 .debug_info    0x000000000000bf50      0xa89 ./Peripheral/src/ch32v20x_dbgmcu.o
 .debug_info    0x000000000000c9d9     0x15d2 ./Peripheral/src/ch32v20x_flash.o
 .debug_info    0x000000000000dfab     0x1349 ./Peripheral/src/ch32v20x_gpio.o
 .debug_info    0x000000000000f2f4      0xe61 ./Peripheral/src/ch32v20x_misc.o
 .debug_info    0x0000000000010155     0x1268 ./Peripheral/src/ch32v20x_rcc.o
 .debug_info    0x00000000000113bd     0x1335 ./Peripheral/src/ch32v20x_usart.o
 .debug_info    0x00000000000126f2      0xf22 ./Debug/debug.o

.debug_abbrev   0x0000000000000000     0x36e9
 .debug_abbrev  0x0000000000000000      0x4d2 ./User/P14_BLE_Protocol.o
 .debug_abbrev  0x00000000000004d2      0x4b7 ./User/P14_Flash_Storage.o
 .debug_abbrev  0x0000000000000989      0x2a9 ./User/P14_Init.o
 .debug_abbrev  0x0000000000000c32      0x41e ./User/P14_Parameter_Table.o
 .debug_abbrev  0x0000000000001050      0x374 ./User/P14_UART.o
 .debug_abbrev  0x00000000000013c4      0x286 ./User/ch32v20x_it.o
 .debug_abbrev  0x000000000000164a      0x341 ./User/main.o
 .debug_abbrev  0x000000000000198b      0x2b0 ./User/system_ch32v20x.o
 .debug_abbrev  0x0000000000001c3b       0x12 ./Startup/startup_ch32v20x_D6.o
 .debug_abbrev  0x0000000000001c4d      0x3a9 ./Peripheral/src/ch32v20x_adc.o
 .debug_abbrev  0x0000000000001ff6      0x2f7 ./Peripheral/src/ch32v20x_dbgmcu.o
 .debug_abbrev  0x00000000000022ed      0x468 ./Peripheral/src/ch32v20x_flash.o
 .debug_abbrev  0x0000000000002755      0x34b ./Peripheral/src/ch32v20x_gpio.o
 .debug_abbrev  0x0000000000002aa0      0x2ea ./Peripheral/src/ch32v20x_misc.o
 .debug_abbrev  0x0000000000002d8a      0x36b ./Peripheral/src/ch32v20x_rcc.o
 .debug_abbrev  0x00000000000030f5      0x312 ./Peripheral/src/ch32v20x_usart.o
 .debug_abbrev  0x0000000000003407      0x2e2 ./Debug/debug.o

.debug_loc      0x0000000000000000     0x520e
 .debug_loc     0x0000000000000000      0xa81 ./User/P14_BLE_Protocol.o
 .debug_loc     0x0000000000000a81      0xbfa ./User/P14_Flash_Storage.o
 .debug_loc     0x000000000000167b       0x8d ./User/P14_Init.o
 .debug_loc     0x0000000000001708      0x4e5 ./User/P14_Parameter_Table.o
 .debug_loc     0x0000000000001bed      0x19f ./User/P14_UART.o
 .debug_loc     0x0000000000001d8c       0x13 ./User/ch32v20x_it.o
 .debug_loc     0x0000000000001d9f      0x313 ./User/main.o
 .debug_loc     0x00000000000020b2       0xac ./User/system_ch32v20x.o
 .debug_loc     0x000000000000215e      0xab6 ./Peripheral/src/ch32v20x_adc.o
 .debug_loc     0x0000000000002c14       0x6e ./Peripheral/src/ch32v20x_dbgmcu.o
 .debug_loc     0x0000000000002c82      0xc9b ./Peripheral/src/ch32v20x_flash.o
 .debug_loc     0x000000000000391d      0x8a1 ./Peripheral/src/ch32v20x_gpio.o
 .debug_loc     0x00000000000041be       0x2d ./Peripheral/src/ch32v20x_misc.o
 .debug_loc     0x00000000000041eb      0x797 ./Peripheral/src/ch32v20x_rcc.o
 .debug_loc     0x0000000000004982      0x715 ./Peripheral/src/ch32v20x_usart.o
 .debug_loc     0x0000000000005097      0x177 ./Debug/debug.o

.debug_aranges  0x0000000000000000      0x978
 .debug_aranges
                0x0000000000000000       0xd0 ./User/P14_BLE_Protocol.o
 .debug_aranges
                0x00000000000000d0       0xc0 ./User/P14_Flash_Storage.o
 .debug_aranges
                0x0000000000000190       0x40 ./User/P14_Init.o
 .debug_aranges
                0x00000000000001d0       0xb0 ./User/P14_Parameter_Table.o
 .debug_aranges
                0x0000000000000280       0x40 ./User/P14_UART.o
 .debug_aranges
                0x00000000000002c0       0x38 ./User/ch32v20x_it.o
 .debug_aranges
                0x00000000000002f8       0x38 ./User/main.o
 .debug_aranges
                0x0000000000000330       0x28 ./User/system_ch32v20x.o
 .debug_aranges
                0x0000000000000358       0x30 ./Startup/startup_ch32v20x_D6.o
 .debug_aranges
                0x0000000000000388      0x150 ./Peripheral/src/ch32v20x_adc.o
 .debug_aranges
                0x00000000000004d8       0x48 ./Peripheral/src/ch32v20x_dbgmcu.o
 .debug_aranges
                0x0000000000000520      0x110 ./Peripheral/src/ch32v20x_flash.o
 .debug_aranges
                0x0000000000000630       0xb0 ./Peripheral/src/ch32v20x_gpio.o
 .debug_aranges
                0x00000000000006e0       0x28 ./Peripheral/src/ch32v20x_misc.o
 .debug_aranges
                0x0000000000000708      0x130 ./Peripheral/src/ch32v20x_rcc.o
 .debug_aranges
                0x0000000000000838       0xf0 ./Peripheral/src/ch32v20x_usart.o
 .debug_aranges
                0x0000000000000928       0x50 ./Debug/debug.o

.debug_ranges   0x0000000000000000      0xbf0
 .debug_ranges  0x0000000000000000      0x1f0 ./User/P14_BLE_Protocol.o
 .debug_ranges  0x00000000000001f0      0x130 ./User/P14_Flash_Storage.o
 .debug_ranges  0x0000000000000320       0x48 ./User/P14_Init.o
 .debug_ranges  0x0000000000000368      0x138 ./User/P14_Parameter_Table.o
 .debug_ranges  0x00000000000004a0       0x88 ./User/P14_UART.o
 .debug_ranges  0x0000000000000528       0x28 ./User/ch32v20x_it.o
 .debug_ranges  0x0000000000000550       0xa8 ./User/main.o
 .debug_ranges  0x00000000000005f8       0x18 ./User/system_ch32v20x.o
 .debug_ranges  0x0000000000000610       0x28 ./Startup/startup_ch32v20x_D6.o
 .debug_ranges  0x0000000000000638      0x140 ./Peripheral/src/ch32v20x_adc.o
 .debug_ranges  0x0000000000000778       0x50 ./Peripheral/src/ch32v20x_dbgmcu.o
 .debug_ranges  0x00000000000007c8      0x100 ./Peripheral/src/ch32v20x_flash.o
 .debug_ranges  0x00000000000008c8       0xa0 ./Peripheral/src/ch32v20x_gpio.o
 .debug_ranges  0x0000000000000968       0x48 ./Peripheral/src/ch32v20x_misc.o
 .debug_ranges  0x00000000000009b0      0x120 ./Peripheral/src/ch32v20x_rcc.o
 .debug_ranges  0x0000000000000ad0       0xe0 ./Peripheral/src/ch32v20x_usart.o
 .debug_ranges  0x0000000000000bb0       0x40 ./Debug/debug.o

.debug_line     0x0000000000000000    0x103dc
 .debug_line    0x0000000000000000     0x1cbb ./User/P14_BLE_Protocol.o
 .debug_line    0x0000000000001cbb     0x226c ./User/P14_Flash_Storage.o
 .debug_line    0x0000000000003f27      0xb48 ./User/P14_Init.o
 .debug_line    0x0000000000004a6f      0xb26 ./User/P14_Parameter_Table.o
 .debug_line    0x0000000000005595      0x9e2 ./User/P14_UART.o
 .debug_line    0x0000000000005f77      0x487 ./User/ch32v20x_it.o
 .debug_line    0x00000000000063fe      0xc28 ./User/main.o
 .debug_line    0x0000000000007026      0x69d ./User/system_ch32v20x.o
 .debug_line    0x00000000000076c3      0x121 ./Startup/startup_ch32v20x_D6.o
 .debug_line    0x00000000000077e4     0x1bb8 ./Peripheral/src/ch32v20x_adc.o
 .debug_line    0x000000000000939c      0x459 ./Peripheral/src/ch32v20x_dbgmcu.o
 .debug_line    0x00000000000097f5     0x2620 ./Peripheral/src/ch32v20x_flash.o
 .debug_line    0x000000000000be15     0x16f6 ./Peripheral/src/ch32v20x_gpio.o
 .debug_line    0x000000000000d50b      0x4c8 ./Peripheral/src/ch32v20x_misc.o
 .debug_line    0x000000000000d9d3     0x127e ./Peripheral/src/ch32v20x_rcc.o
 .debug_line    0x000000000000ec51      0xf61 ./Peripheral/src/ch32v20x_usart.o
 .debug_line    0x000000000000fbb2      0x82a ./Debug/debug.o

.debug_str      0x0000000000000000     0x35fe
 .debug_str     0x0000000000000000      0xd9d ./User/P14_BLE_Protocol.o
                                        0xe6d (size before relaxing)
 .debug_str     0x0000000000000d9d      0x78d ./User/P14_Flash_Storage.o
                                        0xf27 (size before relaxing)
 .debug_str     0x000000000000152a      0x397 ./User/P14_Init.o
                                        0xb9e (size before relaxing)
 .debug_str     0x00000000000018c1      0x1e7 ./User/P14_Parameter_Table.o
                                        0x945 (size before relaxing)
 .debug_str     0x0000000000001aa8      0x53b ./User/P14_UART.o
                                        0xde4 (size before relaxing)
 .debug_str     0x0000000000001fe3       0x79 ./User/ch32v20x_it.o
                                        0x721 (size before relaxing)
 .debug_str     0x000000000000205c      0x1b0 ./User/main.o
                                        0xa98 (size before relaxing)
 .debug_str     0x000000000000220c       0xdd ./User/system_ch32v20x.o
                                        0x6c0 (size before relaxing)
 .debug_str     0x00000000000022e9       0x2d ./Startup/startup_ch32v20x_D6.o
                                         0x76 (size before relaxing)
 .debug_str     0x0000000000002316      0x507 ./Peripheral/src/ch32v20x_adc.o
                                        0xc37 (size before relaxing)
 .debug_str     0x000000000000281d       0x7e ./Peripheral/src/ch32v20x_dbgmcu.o
                                        0x666 (size before relaxing)
 .debug_str     0x000000000000289b      0x3ef ./Peripheral/src/ch32v20x_flash.o
                                        0xb3f (size before relaxing)
 .debug_str     0x0000000000002c8a      0x1df ./Peripheral/src/ch32v20x_gpio.o
                                        0x9dc (size before relaxing)
 .debug_str     0x0000000000002e69       0x73 ./Peripheral/src/ch32v20x_misc.o
                                        0xa9e (size before relaxing)
 .debug_str     0x0000000000002edc      0x3d9 ./Peripheral/src/ch32v20x_rcc.o
                                        0xaee (size before relaxing)
 .debug_str     0x00000000000032b5      0x2d2 ./Peripheral/src/ch32v20x_usart.o
                                        0xb0a (size before relaxing)
 .debug_str     0x0000000000003587       0x77 ./Debug/debug.o
                                        0x931 (size before relaxing)

.comment        0x0000000000000000       0x32
 .comment       0x0000000000000000       0x32 ./User/P14_BLE_Protocol.o
                                         0x33 (size before relaxing)
 .comment       0x0000000000000032       0x33 ./User/P14_Flash_Storage.o
 .comment       0x0000000000000032       0x33 ./User/P14_Init.o
 .comment       0x0000000000000032       0x33 ./User/P14_Parameter_Table.o
 .comment       0x0000000000000032       0x33 ./User/P14_UART.o
 .comment       0x0000000000000032       0x33 ./User/ch32v20x_it.o
 .comment       0x0000000000000032       0x33 ./User/main.o
 .comment       0x0000000000000032       0x33 ./User/system_ch32v20x.o
 .comment       0x0000000000000032       0x33 ./Peripheral/src/ch32v20x_adc.o
 .comment       0x0000000000000032       0x33 ./Peripheral/src/ch32v20x_dbgmcu.o
 .comment       0x0000000000000032       0x33 ./Peripheral/src/ch32v20x_flash.o
 .comment       0x0000000000000032       0x33 ./Peripheral/src/ch32v20x_gpio.o
 .comment       0x0000000000000032       0x33 ./Peripheral/src/ch32v20x_misc.o
 .comment       0x0000000000000032       0x33 ./Peripheral/src/ch32v20x_rcc.o
 .comment       0x0000000000000032       0x33 ./Peripheral/src/ch32v20x_usart.o
 .comment       0x0000000000000032       0x33 ./Debug/debug.o
 .comment       0x0000000000000032       0x33 /Applications/MounRiver Studio 2.app/Contents/Resources/app/resources/darwin/components/WCH/Toolchain/RISC-V Embedded GCC/bin/../lib/gcc/riscv-none-embed/8.2.0/rv32imacxw/ilp32/libgcc.a(addsf3.o)
 .comment       0x0000000000000032       0x33 /Applications/MounRiver Studio 2.app/Contents/Resources/app/resources/darwin/components/WCH/Toolchain/RISC-V Embedded GCC/bin/../lib/gcc/riscv-none-embed/8.2.0/rv32imacxw/ilp32/libgcc.a(divsf3.o)
 .comment       0x0000000000000032       0x33 /Applications/MounRiver Studio 2.app/Contents/Resources/app/resources/darwin/components/WCH/Toolchain/RISC-V Embedded GCC/bin/../lib/gcc/riscv-none-embed/8.2.0/rv32imacxw/ilp32/libgcc.a(gesf2.o)
 .comment       0x0000000000000032       0x33 /Applications/MounRiver Studio 2.app/Contents/Resources/app/resources/darwin/components/WCH/Toolchain/RISC-V Embedded GCC/bin/../lib/gcc/riscv-none-embed/8.2.0/rv32imacxw/ilp32/libgcc.a(lesf2.o)
 .comment       0x0000000000000032       0x33 /Applications/MounRiver Studio 2.app/Contents/Resources/app/resources/darwin/components/WCH/Toolchain/RISC-V Embedded GCC/bin/../lib/gcc/riscv-none-embed/8.2.0/rv32imacxw/ilp32/libgcc.a(mulsf3.o)
 .comment       0x0000000000000032       0x33 /Applications/MounRiver Studio 2.app/Contents/Resources/app/resources/darwin/components/WCH/Toolchain/RISC-V Embedded GCC/bin/../lib/gcc/riscv-none-embed/8.2.0/rv32imacxw/ilp32/libgcc.a(subsf3.o)
 .comment       0x0000000000000032       0x33 /Applications/MounRiver Studio 2.app/Contents/Resources/app/resources/darwin/components/WCH/Toolchain/RISC-V Embedded GCC/bin/../lib/gcc/riscv-none-embed/8.2.0/rv32imacxw/ilp32/libgcc.a(fixunssfsi.o)
 .comment       0x0000000000000032       0x33 /Applications/MounRiver Studio 2.app/Contents/Resources/app/resources/darwin/components/WCH/Toolchain/RISC-V Embedded GCC/bin/../lib/gcc/riscv-none-embed/8.2.0/rv32imacxw/ilp32/libgcc.a(floatsisf.o)
 .comment       0x0000000000000032       0x33 /Applications/MounRiver Studio 2.app/Contents/Resources/app/resources/darwin/components/WCH/Toolchain/RISC-V Embedded GCC/bin/../lib/gcc/riscv-none-embed/8.2.0/rv32imacxw/ilp32/libgcc.a(floatunsisf.o)
 .comment       0x0000000000000032       0x33 /Applications/MounRiver Studio 2.app/Contents/Resources/app/resources/darwin/components/WCH/Toolchain/RISC-V Embedded GCC/bin/../lib/gcc/riscv-none-embed/8.2.0/rv32imacxw/ilp32/libgcc.a(extendsfdf2.o)
 .comment       0x0000000000000032       0x33 /Applications/MounRiver Studio 2.app/Contents/Resources/app/resources/darwin/components/WCH/Toolchain/RISC-V Embedded GCC/bin/../lib/gcc/riscv-none-embed/8.2.0/rv32imacxw/ilp32/libgcc.a(_clzsi2.o)
 .comment       0x0000000000000032       0x33 /Applications/MounRiver Studio 2.app/Contents/Resources/app/resources/darwin/components/WCH/Toolchain/RISC-V Embedded GCC/bin/../lib/gcc/riscv-none-embed/8.2.0/rv32imacxw/ilp32/libgcc.a(_clz.o)

.debug_frame    0x0000000000000000     0x2050
 .debug_frame   0x0000000000000000      0x334 ./User/P14_BLE_Protocol.o
 .debug_frame   0x0000000000000334      0x260 ./User/P14_Flash_Storage.o
 .debug_frame   0x0000000000000594       0xcc ./User/P14_Init.o
 .debug_frame   0x0000000000000660      0x1c8 ./User/P14_Parameter_Table.o
 .debug_frame   0x0000000000000828       0xb4 ./User/P14_UART.o
 .debug_frame   0x00000000000008dc       0x5c ./User/ch32v20x_it.o
 .debug_frame   0x0000000000000938       0x80 ./User/main.o
 .debug_frame   0x00000000000009b8       0x30 ./User/system_ch32v20x.o
 .debug_frame   0x00000000000009e8      0x2b4 ./Peripheral/src/ch32v20x_adc.o
 .debug_frame   0x0000000000000c9c       0x70 ./Peripheral/src/ch32v20x_dbgmcu.o
 .debug_frame   0x0000000000000d0c      0x380 ./Peripheral/src/ch32v20x_flash.o
 .debug_frame   0x000000000000108c      0x170 ./Peripheral/src/ch32v20x_gpio.o
 .debug_frame   0x00000000000011fc       0x30 ./Peripheral/src/ch32v20x_misc.o
 .debug_frame   0x000000000000122c      0x254 ./Peripheral/src/ch32v20x_rcc.o
 .debug_frame   0x0000000000001480      0x1e4 ./Peripheral/src/ch32v20x_usart.o
 .debug_frame   0x0000000000001664       0xb8 ./Debug/debug.o
 .debug_frame   0x000000000000171c       0x20 /Applications/MounRiver Studio 2.app/Contents/Resources/app/resources/darwin/components/WCH/Toolchain/RISC-V Embedded GCC/bin/../lib/gcc/riscv-none-embed/8.2.0/../../../../riscv-none-embed/lib/rv32imacxw/ilp32/libg_nano.a(lib_a-memcpy.o)
 .debug_frame   0x000000000000173c       0x54 /Applications/MounRiver Studio 2.app/Contents/Resources/app/resources/darwin/components/WCH/Toolchain/RISC-V Embedded GCC/bin/../lib/gcc/riscv-none-embed/8.2.0/../../../../riscv-none-embed/lib/rv32imacxw/ilp32/libg_nano.a(lib_a-printf.o)
 .debug_frame   0x0000000000001790       0x54 /Applications/MounRiver Studio 2.app/Contents/Resources/app/resources/darwin/components/WCH/Toolchain/RISC-V Embedded GCC/bin/../lib/gcc/riscv-none-embed/8.2.0/../../../../riscv-none-embed/lib/rv32imacxw/ilp32/libg_nano.a(lib_a-puts.o)
 .debug_frame   0x00000000000017e4       0x50 /Applications/MounRiver Studio 2.app/Contents/Resources/app/resources/darwin/components/WCH/Toolchain/RISC-V Embedded GCC/bin/../lib/gcc/riscv-none-embed/8.2.0/../../../../riscv-none-embed/lib/rv32imacxw/ilp32/libg_nano.a(lib_a-wbuf.o)
 .debug_frame   0x0000000000001834       0x3c /Applications/MounRiver Studio 2.app/Contents/Resources/app/resources/darwin/components/WCH/Toolchain/RISC-V Embedded GCC/bin/../lib/gcc/riscv-none-embed/8.2.0/../../../../riscv-none-embed/lib/rv32imacxw/ilp32/libg_nano.a(lib_a-wsetup.o)
 .debug_frame   0x0000000000001870       0x7c /Applications/MounRiver Studio 2.app/Contents/Resources/app/resources/darwin/components/WCH/Toolchain/RISC-V Embedded GCC/bin/../lib/gcc/riscv-none-embed/8.2.0/../../../../riscv-none-embed/lib/rv32imacxw/ilp32/libg_nano.a(lib_a-fflush.o)
 .debug_frame   0x00000000000018ec      0x148 /Applications/MounRiver Studio 2.app/Contents/Resources/app/resources/darwin/components/WCH/Toolchain/RISC-V Embedded GCC/bin/../lib/gcc/riscv-none-embed/8.2.0/../../../../riscv-none-embed/lib/rv32imacxw/ilp32/libg_nano.a(lib_a-findfp.o)
 .debug_frame   0x0000000000001a34       0x88 /Applications/MounRiver Studio 2.app/Contents/Resources/app/resources/darwin/components/WCH/Toolchain/RISC-V Embedded GCC/bin/../lib/gcc/riscv-none-embed/8.2.0/../../../../riscv-none-embed/lib/rv32imacxw/ilp32/libg_nano.a(lib_a-fwalk.o)
 .debug_frame   0x0000000000001abc       0x64 /Applications/MounRiver Studio 2.app/Contents/Resources/app/resources/darwin/components/WCH/Toolchain/RISC-V Embedded GCC/bin/../lib/gcc/riscv-none-embed/8.2.0/../../../../riscv-none-embed/lib/rv32imacxw/ilp32/libg_nano.a(lib_a-makebuf.o)
 .debug_frame   0x0000000000001b20       0x40 /Applications/MounRiver Studio 2.app/Contents/Resources/app/resources/darwin/components/WCH/Toolchain/RISC-V Embedded GCC/bin/../lib/gcc/riscv-none-embed/8.2.0/../../../../riscv-none-embed/lib/rv32imacxw/ilp32/libg_nano.a(lib_a-nano-freer.o)
 .debug_frame   0x0000000000001b60       0x40 /Applications/MounRiver Studio 2.app/Contents/Resources/app/resources/darwin/components/WCH/Toolchain/RISC-V Embedded GCC/bin/../lib/gcc/riscv-none-embed/8.2.0/../../../../riscv-none-embed/lib/rv32imacxw/ilp32/libg_nano.a(lib_a-nano-mallocr.o)
 .debug_frame   0x0000000000001ba0       0xd0 /Applications/MounRiver Studio 2.app/Contents/Resources/app/resources/darwin/components/WCH/Toolchain/RISC-V Embedded GCC/bin/../lib/gcc/riscv-none-embed/8.2.0/../../../../riscv-none-embed/lib/rv32imacxw/ilp32/libg_nano.a(lib_a-nano-vfprintf.o)
 .debug_frame   0x0000000000001c70       0x8c /Applications/MounRiver Studio 2.app/Contents/Resources/app/resources/darwin/components/WCH/Toolchain/RISC-V Embedded GCC/bin/../lib/gcc/riscv-none-embed/8.2.0/../../../../riscv-none-embed/lib/rv32imacxw/ilp32/libg_nano.a(lib_a-nano-vfprintf_i.o)
 .debug_frame   0x0000000000001cfc       0x30 /Applications/MounRiver Studio 2.app/Contents/Resources/app/resources/darwin/components/WCH/Toolchain/RISC-V Embedded GCC/bin/../lib/gcc/riscv-none-embed/8.2.0/../../../../riscv-none-embed/lib/rv32imacxw/ilp32/libg_nano.a(lib_a-sbrkr.o)
 .debug_frame   0x0000000000001d2c       0xa4 /Applications/MounRiver Studio 2.app/Contents/Resources/app/resources/darwin/components/WCH/Toolchain/RISC-V Embedded GCC/bin/../lib/gcc/riscv-none-embed/8.2.0/../../../../riscv-none-embed/lib/rv32imacxw/ilp32/libg_nano.a(lib_a-stdio.o)
 .debug_frame   0x0000000000001dd0       0x30 /Applications/MounRiver Studio 2.app/Contents/Resources/app/resources/darwin/components/WCH/Toolchain/RISC-V Embedded GCC/bin/../lib/gcc/riscv-none-embed/8.2.0/../../../../riscv-none-embed/lib/rv32imacxw/ilp32/libg_nano.a(lib_a-writer.o)
 .debug_frame   0x0000000000001e00       0x30 /Applications/MounRiver Studio 2.app/Contents/Resources/app/resources/darwin/components/WCH/Toolchain/RISC-V Embedded GCC/bin/../lib/gcc/riscv-none-embed/8.2.0/../../../../riscv-none-embed/lib/rv32imacxw/ilp32/libg_nano.a(lib_a-closer.o)
 .debug_frame   0x0000000000001e30       0x30 /Applications/MounRiver Studio 2.app/Contents/Resources/app/resources/darwin/components/WCH/Toolchain/RISC-V Embedded GCC/bin/../lib/gcc/riscv-none-embed/8.2.0/../../../../riscv-none-embed/lib/rv32imacxw/ilp32/libg_nano.a(lib_a-fstatr.o)
 .debug_frame   0x0000000000001e60       0x30 /Applications/MounRiver Studio 2.app/Contents/Resources/app/resources/darwin/components/WCH/Toolchain/RISC-V Embedded GCC/bin/../lib/gcc/riscv-none-embed/8.2.0/../../../../riscv-none-embed/lib/rv32imacxw/ilp32/libg_nano.a(lib_a-isattyr.o)
 .debug_frame   0x0000000000001e90       0x30 /Applications/MounRiver Studio 2.app/Contents/Resources/app/resources/darwin/components/WCH/Toolchain/RISC-V Embedded GCC/bin/../lib/gcc/riscv-none-embed/8.2.0/../../../../riscv-none-embed/lib/rv32imacxw/ilp32/libg_nano.a(lib_a-lseekr.o)
 .debug_frame   0x0000000000001ec0       0x20 /Applications/MounRiver Studio 2.app/Contents/Resources/app/resources/darwin/components/WCH/Toolchain/RISC-V Embedded GCC/bin/../lib/gcc/riscv-none-embed/8.2.0/../../../../riscv-none-embed/lib/rv32imacxw/ilp32/libg_nano.a(lib_a-memchr.o)
 .debug_frame   0x0000000000001ee0       0x30 /Applications/MounRiver Studio 2.app/Contents/Resources/app/resources/darwin/components/WCH/Toolchain/RISC-V Embedded GCC/bin/../lib/gcc/riscv-none-embed/8.2.0/../../../../riscv-none-embed/lib/rv32imacxw/ilp32/libg_nano.a(lib_a-mlock.o)
 .debug_frame   0x0000000000001f10       0x30 /Applications/MounRiver Studio 2.app/Contents/Resources/app/resources/darwin/components/WCH/Toolchain/RISC-V Embedded GCC/bin/../lib/gcc/riscv-none-embed/8.2.0/../../../../riscv-none-embed/lib/rv32imacxw/ilp32/libg_nano.a(lib_a-readr.o)
 .debug_frame   0x0000000000001f40       0x70 /Applications/MounRiver Studio 2.app/Contents/Resources/app/resources/darwin/components/WCH/Toolchain/RISC-V Embedded GCC/bin/../lib/gcc/riscv-none-embed/8.2.0/../../../../riscv-none-embed/lib/rv32imacxw/ilp32/libg_nano.a(lib_a-reent.o)
 .debug_frame   0x0000000000001fb0       0x20 /Applications/MounRiver Studio 2.app/Contents/Resources/app/resources/darwin/components/WCH/Toolchain/RISC-V Embedded GCC/bin/../lib/gcc/riscv-none-embed/8.2.0/../../../../riscv-none-embed/lib/rv32imacxw/ilp32/libnosys.a(close.o)
 .debug_frame   0x0000000000001fd0       0x20 /Applications/MounRiver Studio 2.app/Contents/Resources/app/resources/darwin/components/WCH/Toolchain/RISC-V Embedded GCC/bin/../lib/gcc/riscv-none-embed/8.2.0/../../../../riscv-none-embed/lib/rv32imacxw/ilp32/libnosys.a(fstat.o)
 .debug_frame   0x0000000000001ff0       0x20 /Applications/MounRiver Studio 2.app/Contents/Resources/app/resources/darwin/components/WCH/Toolchain/RISC-V Embedded GCC/bin/../lib/gcc/riscv-none-embed/8.2.0/../../../../riscv-none-embed/lib/rv32imacxw/ilp32/libnosys.a(isatty.o)
 .debug_frame   0x0000000000002010       0x20 /Applications/MounRiver Studio 2.app/Contents/Resources/app/resources/darwin/components/WCH/Toolchain/RISC-V Embedded GCC/bin/../lib/gcc/riscv-none-embed/8.2.0/../../../../riscv-none-embed/lib/rv32imacxw/ilp32/libnosys.a(lseek.o)
 .debug_frame   0x0000000000002030       0x20 /Applications/MounRiver Studio 2.app/Contents/Resources/app/resources/darwin/components/WCH/Toolchain/RISC-V Embedded GCC/bin/../lib/gcc/riscv-none-embed/8.2.0/../../../../riscv-none-embed/lib/rv32imacxw/ilp32/libnosys.a(read.o)

.stab           0x0000000000000000       0x84
 .stab          0x0000000000000000       0x24 /Applications/MounRiver Studio 2.app/Contents/Resources/app/resources/darwin/components/WCH/Toolchain/RISC-V Embedded GCC/bin/../lib/gcc/riscv-none-embed/8.2.0/../../../../riscv-none-embed/lib/rv32imacxw/ilp32/libnosys.a(close.o)
 .stab          0x0000000000000024       0x18 /Applications/MounRiver Studio 2.app/Contents/Resources/app/resources/darwin/components/WCH/Toolchain/RISC-V Embedded GCC/bin/../lib/gcc/riscv-none-embed/8.2.0/../../../../riscv-none-embed/lib/rv32imacxw/ilp32/libnosys.a(fstat.o)
                                         0x24 (size before relaxing)
 .stab          0x000000000000003c       0x18 /Applications/MounRiver Studio 2.app/Contents/Resources/app/resources/darwin/components/WCH/Toolchain/RISC-V Embedded GCC/bin/../lib/gcc/riscv-none-embed/8.2.0/../../../../riscv-none-embed/lib/rv32imacxw/ilp32/libnosys.a(isatty.o)
                                         0x24 (size before relaxing)
 .stab          0x0000000000000054       0x18 /Applications/MounRiver Studio 2.app/Contents/Resources/app/resources/darwin/components/WCH/Toolchain/RISC-V Embedded GCC/bin/../lib/gcc/riscv-none-embed/8.2.0/../../../../riscv-none-embed/lib/rv32imacxw/ilp32/libnosys.a(lseek.o)
                                         0x24 (size before relaxing)
 .stab          0x000000000000006c       0x18 /Applications/MounRiver Studio 2.app/Contents/Resources/app/resources/darwin/components/WCH/Toolchain/RISC-V Embedded GCC/bin/../lib/gcc/riscv-none-embed/8.2.0/../../../../riscv-none-embed/lib/rv32imacxw/ilp32/libnosys.a(read.o)
                                         0x24 (size before relaxing)

.stabstr        0x0000000000000000      0x117
 .stabstr       0x0000000000000000      0x117 /Applications/MounRiver Studio 2.app/Contents/Resources/app/resources/darwin/components/WCH/Toolchain/RISC-V Embedded GCC/bin/../lib/gcc/riscv-none-embed/8.2.0/../../../../riscv-none-embed/lib/rv32imacxw/ilp32/libnosys.a(close.o)
