Archive member included to satisfy reference by file (symbol)

/Applications/MounRiver Studio 2.app/Contents/Resources/app/resources/darwin/components/WCH/Toolchain/RISC-V Embedded GCC/bin/../lib/gcc/riscv-none-embed/8.2.0/rv32imacxw/ilp32/libgcc.a(addsf3.o)
                              ./User/Calculation.o (__addsf3)
/Applications/MounRiver Studio 2.app/Contents/Resources/app/resources/darwin/components/WCH/Toolchain/RISC-V Embedded GCC/bin/../lib/gcc/riscv-none-embed/8.2.0/rv32imacxw/ilp32/libgcc.a(divsf3.o)
                              ./User/Calculation.o (__divsf3)
/Applications/MounRiver Studio 2.app/Contents/Resources/app/resources/darwin/components/WCH/Toolchain/RISC-V Embedded GCC/bin/../lib/gcc/riscv-none-embed/8.2.0/rv32imacxw/ilp32/libgcc.a(gesf2.o)
                              ./User/main.o (__gesf2)
/Applications/MounRiver Studio 2.app/Contents/Resources/app/resources/darwin/components/WCH/Toolchain/RISC-V Embedded GCC/bin/../lib/gcc/riscv-none-embed/8.2.0/rv32imacxw/ilp32/libgcc.a(lesf2.o)
                              ./User/main.o (__lesf2)
/Applications/MounRiver Studio 2.app/Contents/Resources/app/resources/darwin/components/WCH/Toolchain/RISC-V Embedded GCC/bin/../lib/gcc/riscv-none-embed/8.2.0/rv32imacxw/ilp32/libgcc.a(mulsf3.o)
                              ./User/Calculation.o (__mulsf3)
/Applications/MounRiver Studio 2.app/Contents/Resources/app/resources/darwin/components/WCH/Toolchain/RISC-V Embedded GCC/bin/../lib/gcc/riscv-none-embed/8.2.0/rv32imacxw/ilp32/libgcc.a(subsf3.o)
                              ./User/Calculation.o (__subsf3)
/Applications/MounRiver Studio 2.app/Contents/Resources/app/resources/darwin/components/WCH/Toolchain/RISC-V Embedded GCC/bin/../lib/gcc/riscv-none-embed/8.2.0/rv32imacxw/ilp32/libgcc.a(fixunssfsi.o)
                              ./User/Calculation.o (__fixunssfsi)
/Applications/MounRiver Studio 2.app/Contents/Resources/app/resources/darwin/components/WCH/Toolchain/RISC-V Embedded GCC/bin/../lib/gcc/riscv-none-embed/8.2.0/rv32imacxw/ilp32/libgcc.a(floatsisf.o)
                              ./User/main.o (__floatsisf)
/Applications/MounRiver Studio 2.app/Contents/Resources/app/resources/darwin/components/WCH/Toolchain/RISC-V Embedded GCC/bin/../lib/gcc/riscv-none-embed/8.2.0/rv32imacxw/ilp32/libgcc.a(floatunsisf.o)
                              ./User/Calculation.o (__floatunsisf)
/Applications/MounRiver Studio 2.app/Contents/Resources/app/resources/darwin/components/WCH/Toolchain/RISC-V Embedded GCC/bin/../lib/gcc/riscv-none-embed/8.2.0/rv32imacxw/ilp32/libgcc.a(extendsfdf2.o)
                              ./User/Calculation.o (__extendsfdf2)
/Applications/MounRiver Studio 2.app/Contents/Resources/app/resources/darwin/components/WCH/Toolchain/RISC-V Embedded GCC/bin/../lib/gcc/riscv-none-embed/8.2.0/rv32imacxw/ilp32/libgcc.a(save-restore.o)
                              ./User/main.o (__riscv_save_9)
/Applications/MounRiver Studio 2.app/Contents/Resources/app/resources/darwin/components/WCH/Toolchain/RISC-V Embedded GCC/bin/../lib/gcc/riscv-none-embed/8.2.0/rv32imacxw/ilp32/libgcc.a(_clzsi2.o)
                              /Applications/MounRiver Studio 2.app/Contents/Resources/app/resources/darwin/components/WCH/Toolchain/RISC-V Embedded GCC/bin/../lib/gcc/riscv-none-embed/8.2.0/rv32imacxw/ilp32/libgcc.a(addsf3.o) (__clzsi2)
/Applications/MounRiver Studio 2.app/Contents/Resources/app/resources/darwin/components/WCH/Toolchain/RISC-V Embedded GCC/bin/../lib/gcc/riscv-none-embed/8.2.0/rv32imacxw/ilp32/libgcc.a(_clz.o)
                              /Applications/MounRiver Studio 2.app/Contents/Resources/app/resources/darwin/components/WCH/Toolchain/RISC-V Embedded GCC/bin/../lib/gcc/riscv-none-embed/8.2.0/rv32imacxw/ilp32/libgcc.a(_clzsi2.o) (__clz_tab)
/Applications/MounRiver Studio 2.app/Contents/Resources/app/resources/darwin/components/WCH/Toolchain/RISC-V Embedded GCC/bin/../lib/gcc/riscv-none-embed/8.2.0/../../../../riscv-none-embed/lib/rv32imacxw/ilp32/libg_nano.a(lib_a-malloc.o)
                              ./User/main.o (malloc)
/Applications/MounRiver Studio 2.app/Contents/Resources/app/resources/darwin/components/WCH/Toolchain/RISC-V Embedded GCC/bin/../lib/gcc/riscv-none-embed/8.2.0/../../../../riscv-none-embed/lib/rv32imacxw/ilp32/libg_nano.a(lib_a-memcpy.o)
                              ./User/main.o (memcpy)
/Applications/MounRiver Studio 2.app/Contents/Resources/app/resources/darwin/components/WCH/Toolchain/RISC-V Embedded GCC/bin/../lib/gcc/riscv-none-embed/8.2.0/../../../../riscv-none-embed/lib/rv32imacxw/ilp32/libg_nano.a(lib_a-memset.o)
                              ./User/main.o (memset)
/Applications/MounRiver Studio 2.app/Contents/Resources/app/resources/darwin/components/WCH/Toolchain/RISC-V Embedded GCC/bin/../lib/gcc/riscv-none-embed/8.2.0/../../../../riscv-none-embed/lib/rv32imacxw/ilp32/libg_nano.a(lib_a-nano-freer.o)
[...]
Memory Configuration

Name             Origin             Length             Attributes
FLASH            0x0000000000000000 0x0000000000010000 xr
RAM              0x0000000020000000 0x0000000000005000 xrw
*default*        0x0000000000000000 0xffffffffffffffff

Linker script and memory map

LOAD ./User/Calculation.o
LOAD ./User/ch32v20x_it.o
LOAD ./User/main.o
LOAD ./User/param_table.o
LOAD ./User/rtc.o
LOAD ./User/strip_detect.o
LOAD ./User/system_ch32v20x.o
LOAD ./User/system_state.o
LOAD ./User/uart_protocol.o
LOAD ./User/uart_protocol_stubs.o
LOAD ./Startup/startup_ch32v20x_D6.o
LOAD ./Peripheral/src/ch32v20x_adc.o
LOAD ./Peripheral/src/ch32v20x_bkp.o
LOAD ./Peripheral/src/ch32v20x_can.o
LOAD ./Peripheral/src/ch32v20x_crc.o
LOAD ./Peripheral/src/ch32v20x_dbgmcu.o
LOAD ./Peripheral/src/ch32v20x_dma.o
LOAD ./Peripheral/src/ch32v20x_exti.o
LOAD ./Peripheral/src/ch32v20x_flash.o
LOAD ./Peripheral/src/ch32v20x_gpio.o
LOAD ./Peripheral/src/ch32v20x_i2c.o
LOAD ./Peripheral/src/ch32v20x_iwdg.o
LOAD ./Peripheral/src/ch32v20x_misc.o
LOAD ./Peripheral/src/ch32v20x_opa.o
LOAD ./Peripheral/src/ch32v20x_pwr.o
LOAD ./Peripheral/src/ch32v20x_rcc.o
LOAD ./Peripheral/src/ch32v20x_rtc.o
LOAD ./Peripheral/src/ch32v20x_spi.o
LOAD ./Peripheral/src/ch32v20x_tim.o
LOAD ./Peripheral/src/ch32v20x_usart.o
LOAD ./Peripheral/src/ch32v20x_wwdg.o
LOAD ./Debug/debug.o
LOAD ./Core/core_riscv.o
LOAD /Applications/MounRiver Studio 2.app/Contents/Resources/app/resources/darwin/components/WCH/Toolchain/RISC-V Embedded GCC/bin/../lib/gcc/riscv-none-embed/8.2.0/rv32imacxw/ilp32/libgcc.a
LOAD /Applications/MounRiver Studio 2.app/Contents/Resources/app/resources/darwin/components/WCH/Toolchain/RISC-V Embedded GCC/bin/../lib/gcc/riscv-none-embed/8.2.0/../../../../riscv-none-embed/lib/rv32imacxw/ilp32/libg_nano.a
LOAD /Applications/MounRiver Studio 2.app/Contents/Resources/app/resources/darwin/components/WCH/Toolchain/RISC-V Embedded GCC/bin/../lib/gcc/riscv-none-embed/8.2.0/../../../../riscv-none-embed/lib/rv32imacxw/ilp32/libc_nano.a
LOAD /Applications/MounRiver Studio 2.app/Contents/Resources/app/resources/darwin/components/WCH/Toolchain/RISC-V Embedded GCC/bin/../lib/gcc/riscv-none-embed/8.2.0/rv32imacxw/ilp32/libgcc.a
START GROUP
LOAD /Applications/MounRiver Studio 2.app/Contents/Resources/app/resources/darwin/components/WCH/Toolchain/RISC-V Embedded GCC/bin/../lib/gcc/riscv-none-embed/8.2.0/rv32imacxw/ilp32/libgcc.a
LOAD /Applications/MounRiver Studio 2.app/Contents/Resources/app/resources/darwin/components/WCH/Toolchain/RISC-V Embedded GCC/bin/../lib/gcc/riscv-none-embed/8.2.0/../../../../riscv-none-embed/lib/rv32imacxw/ilp32/libc_nano.a
LOAD /Applications/MounRiver Studio 2.app/Contents/Resources/app/resources/darwin/components/WCH/Toolchain/RISC-V Embedded GCC/bin/../lib/gcc/riscv-none-embed/8.2.0/../../../../riscv-none-embed/lib/rv32imacxw/ilp32/libnosys.a
END GROUP
START GROUP
LOAD /Applications/MounRiver Studio 2.app/Contents/Resources/app/resources/darwin/components/WCH/Toolchain/RISC-V Embedded GCC/bin/../lib/gcc/riscv-none-embed/8.2.0/rv32imacxw/ilp32/libgcc.a
LOAD /Applications/MounRiver Studio 2.app/Contents/Resources/app/resources/darwin/components/WCH/Toolchain/RISC-V Embedded GCC/bin/../lib/gcc/riscv-none-embed/8.2.0/../../../../riscv-none-embed/lib/rv32imacxw/ilp32/libc_nano.a
LOAD /Applications/MounRiver Studio 2.app/Contents/Resources/app/resources/darwin/components/WCH/Toolchain/RISC-V Embedded GCC/bin/../lib/gcc/riscv-none-embed/8.2.0/../../../../riscv-none-embed/lib/rv32imacxw/ilp32/libnosys.a
END GROUP
                0x0000000000000800                __stack_size = 0x800
                [!provide]                        PROVIDE (_stack_size = __stack_size)

.init           0x0000000000000000        0x4
                0x0000000000000000                _sinit = .
                0x0000000000000000                . = ALIGN (0x4)
 *(SORT_NONE(.init))
 .init          0x0000000000000000        0x4 ./Startup/startup_ch32v20x_D6.o
                0x0000000000000000                _start
                0x0000000000000004                . = ALIGN (0x4)
                0x0000000000000004                _einit = .

.vector         0x0000000000000004       0xfc
 *(.vector)
 .vector        0x0000000000000004       0xfc ./Startup/startup_ch32v20x_D6.o
                0x0000000000000100                . = ALIGN (0x40)

.text           0x0000000000000100     0x6ab0
                0x0000000000000100                . = ALIGN (0x4)
 *(.text)
 .text          0x0000000000000100       0x60 /Applications/MounRiver Studio 2.app/Contents/Resources/app/resources/darwin/components/WCH/Toolchain/RISC-V Embedded GCC/bin/../lib/gcc/riscv-none-embed/8.2.0/rv32imacxw/ilp32/libgcc.a(save-restore.o)
                0x0000000000000100                __riscv_save_12
                0x0000000000000108                __riscv_save_10
                0x0000000000000108                __riscv_save_8
                0x0000000000000108                __riscv_save_11
                0x0000000000000108                __riscv_save_9
                0x0000000000000116                __riscv_save_4
                0x0000000000000116                __riscv_save_7
                0x0000000000000116                __riscv_save_6
                0x0000000000000116                __riscv_save_5
                0x0000000000000130                __riscv_save_3
                0x0000000000000130                __riscv_save_2
                0x0000000000000130                __riscv_save_0
                0x0000000000000130                __riscv_save_1
                0x000000000000013c                __riscv_restore_12
                0x0000000000000140                __riscv_restore_8
                0x0000000000000140                __riscv_restore_10
                0x0000000000000140                __riscv_restore_9
                0x0000000000000140                __riscv_restore_11
                0x000000000000014a                __riscv_restore_5
                0x000000000000014a                __riscv_restore_7
                0x000000000000014a                __riscv_restore_4
                0x000000000000014a                __riscv_restore_6
                0x0000000000000154                __riscv_restore_3
                0x0000000000000154                __riscv_restore_1
                0x0000000000000154                __riscv_restore_0
                0x0000000000000154                __riscv_restore_2
 .text          0x0000000000000160       0xa8 /Applications/MounRiver Studio 2.app/Contents/Resources/app/resources/darwin/components/WCH/Toolchain/RISC-V Embedded GCC/bin/../lib/gcc/riscv-none-embed/8.2.0/../../../../riscv-none-embed/lib/rv32imacxw/ilp32/libg_nano.a(lib_a-memset.o)
                0x0000000000000160                memset
 *(.text.*)
 .text.CalGlucose
                0x0000000000000208      0x17c ./User/Calculation.o
                0x0000000000000208                CalGlucose
 .text.NMI_Handler
                0x0000000000000384        0x2 ./User/ch32v20x_it.o
                0x0000000000000384                NMI_Handler
 .text.HardFault_Handler
                0x0000000000000386       0x10 ./User/ch32v20x_it.o
                0x0000000000000386                HardFault_Handler
 .text.GetMidADC
                0x0000000000000396      0x10a ./User/main.o
                0x0000000000000396                GetMidADC
 .text.USARTx_CFG
                0x00000000000004a0       0xa4 ./User/main.o
                0x00000000000004a0                USARTx_CFG
 .text.DMA_INIT
                0x0000000000000544       0x96 ./User/main.o
                0x0000000000000544                DMA_INIT
 .text.ring_buffer_push_huge
                0x00000000000005da       0x9a ./User/main.o
                0x00000000000005da                ring_buffer_push_huge
 .text.OPA2_Init
                0x0000000000000674       0x62 ./User/main.o
                0x0000000000000674                OPA2_Init
 .text.TIM1_PWM_Init
                0x00000000000006d6       0xde ./User/main.o
                0x00000000000006d6                TIM1_PWM_Init
 .text.ADC1_Init
                0x00000000000007b4       0xb2 ./User/main.o
                0x00000000000007b4                ADC1_Init
 .text.Temperature_ReadADC
                0x0000000000000866       0x16 ./User/main.o
                0x0000000000000866                Temperature_ReadADC
 .text.Temperature_ADC_To_Resistance
                0x000000000000087c       0x4a ./User/main.o
                0x000000000000087c                Temperature_ADC_To_Resistance
 .text.Temperature_Resistance_To_Celsius
                0x00000000000008c6       0xd8 ./User/main.o
                0x00000000000008c6                Temperature_Resistance_To_Celsius
 .text.Temperature_Measure_With_Calibration
                0x000000000000099e       0xca ./User/main.o
                0x000000000000099e                Temperature_Measure_With_Calibration
 .text.Temperature_Load_Calibration
                0x0000000000000a68       0x8e ./User/main.o
                0x0000000000000a68                Temperature_Load_Calibration
 .text.State_Process
                0x0000000000000af6      0x564 ./User/main.o
                0x0000000000000af6                State_Process
 .text.startup.main
                0x000000000000105a      0x13c ./User/main.o
                0x000000000000105a                main
 .text.USART2_IRQHandler
                0x0000000000001196       0xd0 ./User/main.o
                0x0000000000001196                USART2_IRQHandler
 .text.DMA1_Channel6_IRQHandler
                0x0000000000001266       0x90 ./User/main.o
                0x0000000000001266                DMA1_Channel6_IRQHandler
 .text.PARAM_GetByte
                0x00000000000012f6       0x16 ./User/param_table.o
                0x00000000000012f6                PARAM_GetByte
 .text.PARAM_SetByte
                0x000000000000130c       0x12 ./User/param_table.o
                0x000000000000130c                PARAM_SetByte
 .text.PARAM_GetWord
                0x000000000000131e       0x1c ./User/param_table.o
                0x000000000000131e                PARAM_GetWord
 .text.PARAM_SetWord
                0x000000000000133a       0x16 ./User/param_table.o
                0x000000000000133a                PARAM_SetWord
 .text.PARAM_VerifyChecksum
                0x0000000000001350       0x34 ./User/param_table.o
                0x0000000000001350                PARAM_VerifyChecksum
 .text.PARAM_UpdateChecksum
                0x0000000000001384       0x3e ./User/param_table.o
                0x0000000000001384                PARAM_UpdateChecksum
 .text.PARAM_SaveToFlash
                0x00000000000013c2       0x3a ./User/param_table.o
                0x00000000000013c2                PARAM_SaveToFlash
 .text.PARAM_LoadFromFlash
                0x00000000000013fc       0x26 ./User/param_table.o
                0x00000000000013fc                PARAM_LoadFromFlash
 .text.PARAM_SetDefault
                0x0000000000001422      0x13c ./User/param_table.o
                0x0000000000001422                PARAM_SetDefault
 .text.PARAM_Init
                0x000000000000155e       0x2e ./User/param_table.o
                0x000000000000155e                PARAM_Init
 .text.StripType_GetName
                0x000000000000158c       0x20 ./User/param_table.o
                0x000000000000158c                StripType_GetName
 .text.Unit_GetSymbol
                0x00000000000015ac       0x20 ./User/param_table.o
                0x00000000000015ac                Unit_GetSymbol
 .text.PARAM_GetDateTime
                0x00000000000015cc       0x42 ./User/param_table.o
                0x00000000000015cc                PARAM_GetDateTime
 .text.PARAM_SetDateTime
                0x000000000000160e       0x6e ./User/param_table.o
                0x000000000000160e                PARAM_SetDateTime
 .text.PARAM_GetStripParameters
                0x000000000000167c       0x60 ./User/param_table.o
                0x000000000000167c                PARAM_GetStripParameters
 .text.PARAM_GetTimingParameters
                0x00000000000016dc       0xe2 ./User/param_table.o
                0x00000000000016dc                PARAM_GetTimingParameters
 .text.RTC_SetTime
                0x00000000000017be       0xca ./User/rtc.o
                0x00000000000017be                RTC_SetTime
 .text.RTC_GetTime
                0x0000000000001888       0xa6 ./User/rtc.o
                0x0000000000001888                RTC_GetTime
 .text.RTC_SyncWithParam
                0x000000000000192e       0x4c ./User/rtc.o
                0x000000000000192e                RTC_SyncWithParam
 .text.RTC_Init
                0x000000000000197a       0x5e ./User/rtc.o
                0x000000000000197a                RTC_Init
 .text.RTC_UpdateParam
                0x00000000000019d8       0x62 ./User/rtc.o
                0x00000000000019d8                RTC_UpdateParam
 .text.RTC_Config
                0x0000000000001a3a       0x76 ./User/rtc.o
                0x0000000000001a3a                RTC_Config
 .text.STRIP_DETECT_DetermineStripType
                0x0000000000001ab0       0x62 ./User/strip_detect.o
 .text.STRIP_DETECT_UpdateWPWMDuty
                0x0000000000001b12       0x60 ./User/strip_detect.o
 .text.STRIP_DETECT_ReadADC.constprop.0
                0x0000000000001b72       0x3a ./User/strip_detect.o
 .text.STRIP_DETECT_Init
                0x0000000000001bac       0xdc ./User/strip_detect.o
                0x0000000000001bac                STRIP_DETECT_Init
 .text.STRIP_DETECT_Process
                0x0000000000001c88      0x112 ./User/strip_detect.o
                0x0000000000001c88                STRIP_DETECT_Process
 .text.STRIP_DETECT_HandleInsertedEvent
                0x0000000000001d9a       0xa2 ./User/strip_detect.o
                0x0000000000001d9a                STRIP_DETECT_HandleInsertedEvent
 .text.STRIP_DETECT_GetStripType
                0x0000000000001e3c        0xa ./User/strip_detect.o
                0x0000000000001e3c                STRIP_DETECT_GetStripType
 .text.STRIP_DETECT_SetPinStatus
                0x0000000000001e46        0xe ./User/strip_detect.o
                0x0000000000001e46                STRIP_DETECT_SetPinStatus
 .text.SystemInit
                0x0000000000001e54       0x8e ./User/system_ch32v20x.o
                0x0000000000001e54                SystemInit
 .text.System_SetState
                0x0000000000001ee2       0x24 ./User/system_state.o
                0x0000000000001ee2                System_SetState
 .text.System_GetState
                0x0000000000001f06        0x6 ./User/system_state.o
                0x0000000000001f06                System_GetState
 .text.UART_Protocol_Init
                0x0000000000001f0c       0x44 ./User/uart_protocol.o
                0x0000000000001f0c                UART_Protocol_Init
 .text.UART_CalculateChecksum
                0x0000000000001f50       0x22 ./User/uart_protocol.o
                0x0000000000001f50                UART_CalculateChecksum
 .text.UART_SendPacket.part.1
                0x0000000000001f72       0x8c ./User/uart_protocol.o
 .text.UART_VerifyChecksum
                0x0000000000001ffe       0x2e ./User/uart_protocol.o
                0x0000000000001ffe                UART_VerifyChecksum
 .text.UART_SendPacket
                0x000000000000202c       0x18 ./User/uart_protocol.o
                0x000000000000202c                UART_SendPacket
 .text.UART_SendSyncTimeAck
                0x0000000000002044       0x1a ./User/uart_protocol.o
                0x0000000000002044                UART_SendSyncTimeAck
 .text.UART_SendStatusAck
                0x000000000000205e       0x48 ./User/uart_protocol.o
                0x000000000000205e                UART_SendStatusAck
 .text.UART_SendParamAck
                0x00000000000020a6       0x1a ./User/uart_protocol.o
                0x00000000000020a6                UART_SendParamAck
 .text.UART_SendBloodNotify
                0x00000000000020c0       0x1a ./User/uart_protocol.o
                0x00000000000020c0                UART_SendBloodNotify
 .text.UART_SendResultAck
                0x00000000000020da       0xb4 ./User/uart_protocol.o
                0x00000000000020da                UART_SendResultAck
 .text.UART_SendRawDataAck
                0x000000000000218e      0x146 ./User/uart_protocol.o
                0x000000000000218e                UART_SendRawDataAck
 .text.UART_SendErrorAck
                0x00000000000022d4       0x1c ./User/uart_protocol.o
                0x00000000000022d4                UART_SendErrorAck
 .text.UART_ProcessSyncTime
                0x00000000000022f0      0x100 ./User/uart_protocol.o
                0x00000000000022f0                UART_ProcessSyncTime
 .text.UART_ProcessGetStatus
                0x00000000000023f0       0x34 ./User/uart_protocol.o
                0x00000000000023f0                UART_ProcessGetStatus
 .text.UART_ProcessSetParam
                0x0000000000002424       0x56 ./User/uart_protocol.o
                0x0000000000002424                UART_ProcessSetParam
 .text.UART_ProcessCheckBlood
                0x000000000000247a       0x56 ./User/uart_protocol.o
                0x000000000000247a                UART_ProcessCheckBlood
 .text.UART_ProcessGetResult
                0x00000000000024d0       0x4e ./User/uart_protocol.o
                0x00000000000024d0                UART_ProcessGetResult
 .text.UART_ProcessGetRawData
                0x000000000000251e       0x44 ./User/uart_protocol.o
                0x000000000000251e                UART_ProcessGetRawData
 .text.UART2_Receive_Byte_ISR
                0x0000000000002562       0xee ./User/uart_protocol.o
                0x0000000000002562                UART2_Receive_Byte_ISR
 .text.UART_UpdateBloodCountdown
                0x0000000000002650       0x92 ./User/uart_protocol.o
                0x0000000000002650                UART_UpdateBloodCountdown
 .text.UART_ProcessStripInsertedCmd
                0x00000000000026e2       0x9a ./User/uart_protocol.o
                0x00000000000026e2                UART_ProcessStripInsertedCmd
 .text.UART_ProcessPacket
                0x000000000000277c       0x98 ./User/uart_protocol.o
                0x000000000000277c                UART_ProcessPacket
 .text.UART_Protocol_Process
                0x0000000000002814       0x46 ./User/uart_protocol.o
                0x0000000000002814                UART_Protocol_Process
 .text.UART_SendStripTypeAck
                0x000000000000285a       0x3c ./User/uart_protocol.o
                0x000000000000285a                UART_SendStripTypeAck
 .text.Get_Battery_Voltage
                0x0000000000002896        0xe ./User/uart_protocol_stubs.o
                0x0000000000002896                Get_Battery_Voltage
 .text.Get_Temperature
                0x00000000000028a4        0x6 ./User/uart_protocol_stubs.o
                0x00000000000028a4                Get_Temperature
 .text.Check_Strip_Status
                0x00000000000028aa        0x4 ./User/uart_protocol_stubs.o
                0x00000000000028aa                Check_Strip_Status
 .text.Check_Blood_Status
                0x00000000000028ae       0x12 ./User/uart_protocol_stubs.o
                0x00000000000028ae                Check_Blood_Status
 .text.Get_Test_Data
                0x00000000000028c0       0x78 ./User/uart_protocol_stubs.o
                0x00000000000028c0                Get_Test_Data
 .text.Get_Raw_Test_Data
                0x0000000000002938       0x94 ./User/uart_protocol_stubs.o
                0x0000000000002938                Get_Raw_Test_Data
 .text.vector_handler
                0x00000000000029cc        0x2 ./Startup/startup_ch32v20x_D6.o
                0x00000000000029cc                USBWakeUp_IRQHandler
                0x00000000000029cc                TIM1_CC_IRQHandler
                0x00000000000029cc                SysTick_Handler
                0x00000000000029cc                PVD_IRQHandler
                0x00000000000029cc                EXTI3_IRQHandler
                0x00000000000029cc                USBFS_IRQHandler
                0x00000000000029cc                EXTI0_IRQHandler
                0x00000000000029cc                I2C2_EV_IRQHandler
                0x00000000000029cc                ADC1_2_IRQHandler
                0x00000000000029cc                Break_Point_Handler
                0x00000000000029cc                SPI1_IRQHandler
                0x00000000000029cc                TAMPER_IRQHandler
                0x00000000000029cc                Ecall_M_Mode_Handler
                0x00000000000029cc                DMA1_Channel4_IRQHandler
                0x00000000000029cc                USART3_IRQHandler
                0x00000000000029cc                RTC_IRQHandler
                0x00000000000029cc                DMA1_Channel7_IRQHandler
                0x00000000000029cc                CAN1_RX1_IRQHandler
                0x00000000000029cc                TIM4_IRQHandler
                0x00000000000029cc                I2C1_EV_IRQHandler
                0x00000000000029cc                UART4_IRQHandler
                0x00000000000029cc                TIM3_IRQHandler
                0x00000000000029cc                RCC_IRQHandler
                0x00000000000029cc                TIM1_TRG_COM_IRQHandler
                0x00000000000029cc                DMA1_Channel1_IRQHandler
                0x00000000000029cc                EXTI15_10_IRQHandler
                0x00000000000029cc                DMA1_Channel8_IRQHandler
                0x00000000000029cc                EXTI9_5_IRQHandler
                0x00000000000029cc                SPI2_IRQHandler
                0x00000000000029cc                DMA1_Channel5_IRQHandler
                0x00000000000029cc                EXTI4_IRQHandler
                0x00000000000029cc                USB_LP_CAN1_RX0_IRQHandler
                0x00000000000029cc                USB_HP_CAN1_TX_IRQHandler
                0x00000000000029cc                DMA1_Channel3_IRQHandler
                0x00000000000029cc                TIM1_UP_IRQHandler
                0x00000000000029cc                WWDG_IRQHandler
                0x00000000000029cc                Ecall_U_Mode_Handler
                0x00000000000029cc                TIM2_IRQHandler
                0x00000000000029cc                SW_Handler
                0x00000000000029cc                TIM1_BRK_IRQHandler
                0x00000000000029cc                EXTI1_IRQHandler
                0x00000000000029cc                RTCAlarm_IRQHandler
                0x00000000000029cc                I2C2_ER_IRQHandler
                0x00000000000029cc                DMA1_Channel2_IRQHandler
                0x00000000000029cc                CAN1_SCE_IRQHandler
                0x00000000000029cc                FLASH_IRQHandler
                0x00000000000029cc                USBFSWakeUp_IRQHandler
                0x00000000000029cc                USART1_IRQHandler
                0x00000000000029cc                I2C1_ER_IRQHandler
                0x00000000000029cc                EXTI2_IRQHandler
 .text.handle_reset
                0x00000000000029ce       0x86 ./Startup/startup_ch32v20x_D6.o
                0x00000000000029ce                handle_reset
 .text.ADC_DeInit
                0x0000000000002a54       0x40 ./Peripheral/src/ch32v20x_adc.o
                0x0000000000002a54                ADC_DeInit
 .text.ADC_Init
                0x0000000000002a94       0x56 ./Peripheral/src/ch32v20x_adc.o
                0x0000000000002a94                ADC_Init
 .text.ADC_Cmd  0x0000000000002aea       0x10 ./Peripheral/src/ch32v20x_adc.o
                0x0000000000002aea                ADC_Cmd
 .text.ADC_ResetCalibration
                0x0000000000002afa        0xa ./Peripheral/src/ch32v20x_adc.o
                0x0000000000002afa                ADC_ResetCalibration
 .text.ADC_GetResetCalibrationStatus
                0x0000000000002b04        0x8 ./Peripheral/src/ch32v20x_adc.o
                0x0000000000002b04                ADC_GetResetCalibrationStatus
 .text.ADC_StartCalibration
                0x0000000000002b0c        0xa ./Peripheral/src/ch32v20x_adc.o
                0x0000000000002b0c                ADC_StartCalibration
 .text.ADC_GetCalibrationStatus
                0x0000000000002b16        0x8 ./Peripheral/src/ch32v20x_adc.o
                0x0000000000002b16                ADC_GetCalibrationStatus
 .text.ADC_SoftwareStartConvCmd
                0x0000000000002b1e       0x18 ./Peripheral/src/ch32v20x_adc.o
                0x0000000000002b1e                ADC_SoftwareStartConvCmd
 .text.ADC_RegularChannelConfig
                0x0000000000002b36       0xb8 ./Peripheral/src/ch32v20x_adc.o
                0x0000000000002b36                ADC_RegularChannelConfig
 .text.ADC_GetConversionValue
                0x0000000000002bee        0x8 ./Peripheral/src/ch32v20x_adc.o
                0x0000000000002bee                ADC_GetConversionValue
 .text.ADC_GetFlagStatus
                0x0000000000002bf6        0xa ./Peripheral/src/ch32v20x_adc.o
                0x0000000000002bf6                ADC_GetFlagStatus
 .text.BKP_DeInit
                0x0000000000002c00       0x10 ./Peripheral/src/ch32v20x_bkp.o
                0x0000000000002c00                BKP_DeInit
 .text.BKP_WriteBackupRegister
                0x0000000000002c10       0x1c ./Peripheral/src/ch32v20x_bkp.o
                0x0000000000002c10                BKP_WriteBackupRegister
 .text.BKP_ReadBackupRegister
                0x0000000000002c2c       0x1c ./Peripheral/src/ch32v20x_bkp.o
                0x0000000000002c2c                BKP_ReadBackupRegister
 .text.DMA_DeInit
                0x0000000000002c48       0x9c ./Peripheral/src/ch32v20x_dma.o
                0x0000000000002c48                DMA_DeInit
 .text.DMA_Init
                0x0000000000002ce4       0x38 ./Peripheral/src/ch32v20x_dma.o
                0x0000000000002ce4                DMA_Init
 .text.DMA_Cmd  0x0000000000002d1c       0x14 ./Peripheral/src/ch32v20x_dma.o
                0x0000000000002d1c                DMA_Cmd
 .text.DMA_ITConfig
                0x0000000000002d30       0x12 ./Peripheral/src/ch32v20x_dma.o
                0x0000000000002d30                DMA_ITConfig
 .text.DMA_SetCurrDataCounter
                0x0000000000002d42        0x4 ./Peripheral/src/ch32v20x_dma.o
                0x0000000000002d42                DMA_SetCurrDataCounter
 .text.DMA_ClearITPendingBit
                0x0000000000002d46        0x8 ./Peripheral/src/ch32v20x_dma.o
                0x0000000000002d46                DMA_ClearITPendingBit
 .text.FLASH_Unlock
                0x0000000000002d4e       0x1a ./Peripheral/src/ch32v20x_flash.o
                0x0000000000002d4e                FLASH_Unlock
 .text.FLASH_Lock
                0x0000000000002d68        0xe ./Peripheral/src/ch32v20x_flash.o
                0x0000000000002d68                FLASH_Lock
 .text.FLASH_GetBank1Status
                0x0000000000002d76       0x18 ./Peripheral/src/ch32v20x_flash.o
                0x0000000000002d76                FLASH_GetBank1Status
 .text.FLASH_WaitForLastOperation
                0x0000000000002d8e       0x24 ./Peripheral/src/ch32v20x_flash.o
                0x0000000000002d8e                FLASH_WaitForLastOperation
 .text.FLASH_ErasePage
                0x0000000000002db2       0x3c ./Peripheral/src/ch32v20x_flash.o
                0x0000000000002db2                FLASH_ErasePage
 .text.FLASH_ProgramHalfWord
                0x0000000000002dee       0x38 ./Peripheral/src/ch32v20x_flash.o
                0x0000000000002dee                FLASH_ProgramHalfWord
 .text.GPIO_Init
                0x0000000000002e26       0xf2 ./Peripheral/src/ch32v20x_gpio.o
                0x0000000000002e26                GPIO_Init
 .text.GPIO_SetBits
                0x0000000000002f18       0x14 ./Peripheral/src/ch32v20x_gpio.o
                0x0000000000002f18                GPIO_SetBits
 .text.GPIO_ResetBits
                0x0000000000002f2c       0x14 ./Peripheral/src/ch32v20x_gpio.o
                0x0000000000002f2c                GPIO_ResetBits
 .text.NVIC_PriorityGroupConfig
                0x0000000000002f40        0x6 ./Peripheral/src/ch32v20x_misc.o
                0x0000000000002f40                NVIC_PriorityGroupConfig
 .text.NVIC_Init
                0x0000000000002f46       0x54 ./Peripheral/src/ch32v20x_misc.o
                0x0000000000002f46                NVIC_Init
 .text.OPA_Init
                0x0000000000002f9a       0x36 ./Peripheral/src/ch32v20x_opa.o
                0x0000000000002f9a                OPA_Init
 .text.OPA_Cmd  0x0000000000002fd0       0x2c ./Peripheral/src/ch32v20x_opa.o
                0x0000000000002fd0                OPA_Cmd
 .text.PWR_BackupAccessCmd
                0x0000000000002ffc       0x16 ./Peripheral/src/ch32v20x_pwr.o
                0x0000000000002ffc                PWR_BackupAccessCmd
 .text.RCC_ADCCLKConfig
                0x0000000000003012       0x12 ./Peripheral/src/ch32v20x_rcc.o
                0x0000000000003012                RCC_ADCCLKConfig
 .text.RCC_LSICmd
                0x0000000000003024       0x14 ./Peripheral/src/ch32v20x_rcc.o
                0x0000000000003024                RCC_LSICmd
 .text.RCC_RTCCLKConfig
                0x0000000000003038        0xc ./Peripheral/src/ch32v20x_rcc.o
                0x0000000000003038                RCC_RTCCLKConfig
 .text.RCC_RTCCLKCmd
                0x0000000000003044       0x20 ./Peripheral/src/ch32v20x_rcc.o
                0x0000000000003044                RCC_RTCCLKCmd
 .text.RCC_GetClocksFreq
                0x0000000000003064       0xbe ./Peripheral/src/ch32v20x_rcc.o
                0x0000000000003064                RCC_GetClocksFreq
 .text.RCC_AHBPeriphClockCmd
                0x0000000000003122       0x1e ./Peripheral/src/ch32v20x_rcc.o
                0x0000000000003122                RCC_AHBPeriphClockCmd
 .text.RCC_APB2PeriphClockCmd
                0x0000000000003140       0x1e ./Peripheral/src/ch32v20x_rcc.o
                0x0000000000003140                RCC_APB2PeriphClockCmd
 .text.RCC_APB1PeriphClockCmd
                0x000000000000315e       0x1e ./Peripheral/src/ch32v20x_rcc.o
                0x000000000000315e                RCC_APB1PeriphClockCmd
 .text.RCC_APB2PeriphResetCmd
                0x000000000000317c       0x1e ./Peripheral/src/ch32v20x_rcc.o
                0x000000000000317c                RCC_APB2PeriphResetCmd
 .text.RCC_BackupResetCmd
                0x000000000000319a       0x20 ./Peripheral/src/ch32v20x_rcc.o
                0x000000000000319a                RCC_BackupResetCmd
 .text.RCC_GetFlagStatus
                0x00000000000031ba       0x2e ./Peripheral/src/ch32v20x_rcc.o
                0x00000000000031ba                RCC_GetFlagStatus
 .text.RTC_ITConfig
                0x00000000000031e8       0x1a ./Peripheral/src/ch32v20x_rtc.o
                0x00000000000031e8                RTC_ITConfig
 .text.RTC_EnterConfigMode
                0x0000000000003202       0x12 ./Peripheral/src/ch32v20x_rtc.o
                0x0000000000003202                RTC_EnterConfigMode
 .text.RTC_ExitConfigMode
                0x0000000000003214       0x18 ./Peripheral/src/ch32v20x_rtc.o
                0x0000000000003214                RTC_ExitConfigMode
 .text.RTC_GetCounter
                0x000000000000322c       0x5a ./Peripheral/src/ch32v20x_rtc.o
                0x000000000000322c                RTC_GetCounter
 .text.RTC_SetCounter
                0x0000000000003286       0x2c ./Peripheral/src/ch32v20x_rtc.o
                0x0000000000003286                RTC_SetCounter
 .text.RTC_SetPrescaler
                0x00000000000032b2       0x2e ./Peripheral/src/ch32v20x_rtc.o
                0x00000000000032b2                RTC_SetPrescaler
 .text.RTC_WaitForLastTask
                0x00000000000032e0       0x10 ./Peripheral/src/ch32v20x_rtc.o
                0x00000000000032e0                RTC_WaitForLastTask
 .text.RTC_WaitForSynchro
                0x00000000000032f0       0x24 ./Peripheral/src/ch32v20x_rtc.o
                0x00000000000032f0                RTC_WaitForSynchro
 .text.TIM_TimeBaseInit
                0x0000000000003314       0x6a ./Peripheral/src/ch32v20x_tim.o
                0x0000000000003314                TIM_TimeBaseInit
 .text.TIM_OC3Init
                0x000000000000337e       0x94 ./Peripheral/src/ch32v20x_tim.o
                0x000000000000337e                TIM_OC3Init
 .text.TIM_BDTRConfig
                0x0000000000003412       0x20 ./Peripheral/src/ch32v20x_tim.o
                0x0000000000003412                TIM_BDTRConfig
 .text.TIM_Cmd  0x0000000000003432       0x18 ./Peripheral/src/ch32v20x_tim.o
                0x0000000000003432                TIM_Cmd
 .text.TIM_CtrlPWMOutputs
                0x000000000000344a       0x16 ./Peripheral/src/ch32v20x_tim.o
                0x000000000000344a                TIM_CtrlPWMOutputs
 .text.TIM_ARRPreloadConfig
                0x0000000000003460       0x1a ./Peripheral/src/ch32v20x_tim.o
                0x0000000000003460                TIM_ARRPreloadConfig
 .text.TIM_OC3PreloadConfig
                0x000000000000347a        0xe ./Peripheral/src/ch32v20x_tim.o
                0x000000000000347a                TIM_OC3PreloadConfig
 .text.TIM_SetCompare3
                0x0000000000003488        0x4 ./Peripheral/src/ch32v20x_tim.o
                0x0000000000003488                TIM_SetCompare3
 .text.USART_Init
                0x000000000000348c       0x90 ./Peripheral/src/ch32v20x_usart.o
                0x000000000000348c                USART_Init
 .text.USART_Cmd
                0x000000000000351c       0x16 ./Peripheral/src/ch32v20x_usart.o
                0x000000000000351c                USART_Cmd
 .text.USART_ITConfig
                0x0000000000003532       0x36 ./Peripheral/src/ch32v20x_usart.o
                0x0000000000003532                USART_ITConfig
 .text.USART_DMACmd
                0x0000000000003568       0x12 ./Peripheral/src/ch32v20x_usart.o
                0x0000000000003568                USART_DMACmd
 .text.USART_SendData
                0x000000000000357a        0x8 ./Peripheral/src/ch32v20x_usart.o
                0x000000000000357a                USART_SendData
 .text.USART_ReceiveData
                0x0000000000003582        0x8 ./Peripheral/src/ch32v20x_usart.o
                0x0000000000003582                USART_ReceiveData
 .text.USART_GetFlagStatus
                0x000000000000358a        0xa ./Peripheral/src/ch32v20x_usart.o
                0x000000000000358a                USART_GetFlagStatus
 .text.USART_GetITStatus
                0x0000000000003594       0x3c ./Peripheral/src/ch32v20x_usart.o
                0x0000000000003594                USART_GetITStatus
 .text.Delay_Init
                0x00000000000035d0       0x26 ./Debug/debug.o
                0x00000000000035d0                Delay_Init
 .text.Delay_Us
                0x00000000000035f6       0x36 ./Debug/debug.o
                0x00000000000035f6                Delay_Us
 .text.Delay_Ms
                0x000000000000362c       0x36 ./Debug/debug.o
                0x000000000000362c                Delay_Ms
 .text.USART_Printf_Init
                0x0000000000003662       0x5a ./Debug/debug.o
                0x0000000000003662                USART_Printf_Init
 .text._write   0x00000000000036bc       0x3e ./Debug/debug.o
                0x00000000000036bc                _write
 .text._sbrk    0x00000000000036fa       0x26 ./Debug/debug.o
                0x00000000000036fa                _sbrk
 .text.__addsf3
                0x0000000000003720      0x36a /Applications/MounRiver Studio 2.app/Contents/Resources/app/resources/darwin/components/WCH/Toolchain/RISC-V Embedded GCC/bin/../lib/gcc/riscv-none-embed/8.2.0/rv32imacxw/ilp32/libgcc.a(addsf3.o)
                0x0000000000003720                __addsf3
 .text.__divsf3
                0x0000000000003a8a      0x2b2 /Applications/MounRiver Studio 2.app/Contents/Resources/app/resources/darwin/components/WCH/Toolchain/RISC-V Embedded GCC/bin/../lib/gcc/riscv-none-embed/8.2.0/rv32imacxw/ilp32/libgcc.a(divsf3.o)
                0x0000000000003a8a                __divsf3
 .text.__gesf2  0x0000000000003d3c       0x86 /Applications/MounRiver Studio 2.app/Contents/Resources/app/resources/darwin/components/WCH/Toolchain/RISC-V Embedded GCC/bin/../lib/gcc/riscv-none-embed/8.2.0/rv32imacxw/ilp32/libgcc.a(gesf2.o)
                0x0000000000003d3c                __gtsf2
                0x0000000000003d3c                __gesf2
 .text.__lesf2  0x0000000000003dc2       0x8c /Applications/MounRiver Studio 2.app/Contents/Resources/app/resources/darwin/components/WCH/Toolchain/RISC-V Embedded GCC/bin/../lib/gcc/riscv-none-embed/8.2.0/rv32imacxw/ilp32/libgcc.a(lesf2.o)
                0x0000000000003dc2                __lesf2
                0x0000000000003dc2                __ltsf2
 .text.__mulsf3
                0x0000000000003e4e      0x290 /Applications/MounRiver Studio 2.app/Contents/Resources/app/resources/darwin/components/WCH/Toolchain/RISC-V Embedded GCC/bin/../lib/gcc/riscv-none-embed/8.2.0/rv32imacxw/ilp32/libgcc.a(mulsf3.o)
                0x0000000000003e4e                __mulsf3
 .text.__subsf3
                0x00000000000040de      0x388 /Applications/MounRiver Studio 2.app/Contents/Resources/app/resources/darwin/components/WCH/Toolchain/RISC-V Embedded GCC/bin/../lib/gcc/riscv-none-embed/8.2.0/rv32imacxw/ilp32/libgcc.a(subsf3.o)
                0x00000000000040de                __subsf3
 .text.__fixunssfsi
                0x0000000000004466       0x56 /Applications/MounRiver Studio 2.app/Contents/Resources/app/resources/darwin/components/WCH/Toolchain/RISC-V Embedded GCC/bin/../lib/gcc/riscv-none-embed/8.2.0/rv32imacxw/ilp32/libgcc.a(fixunssfsi.o)
                0x0000000000004466                __fixunssfsi
 .text.__floatsisf
                0x00000000000044bc       0xc6 /Applications/MounRiver Studio 2.app/Contents/Resources/app/resources/darwin/components/WCH/Toolchain/RISC-V Embedded GCC/bin/../lib/gcc/riscv-none-embed/8.2.0/rv32imacxw/ilp32/libgcc.a(floatsisf.o)
                0x00000000000044bc                __floatsisf
 .text.__floatunsisf
                0x0000000000004582       0xce /Applications/MounRiver Studio 2.app/Contents/Resources/app/resources/darwin/components/WCH/Toolchain/RISC-V Embedded GCC/bin/../lib/gcc/riscv-none-embed/8.2.0/rv32imacxw/ilp32/libgcc.a(floatunsisf.o)
                0x0000000000004582                __floatunsisf
 .text.__extendsfdf2
                0x0000000000004650       0xac /Applications/MounRiver Studio 2.app/Contents/Resources/app/resources/darwin/components/WCH/Toolchain/RISC-V Embedded GCC/bin/../lib/gcc/riscv-none-embed/8.2.0/rv32imacxw/ilp32/libgcc.a(extendsfdf2.o)
                0x0000000000004650                __extendsfdf2
 .text.__clzsi2
                0x00000000000046fc       0x6e /Applications/MounRiver Studio 2.app/Contents/Resources/app/resources/darwin/components/WCH/Toolchain/RISC-V Embedded GCC/bin/../lib/gcc/riscv-none-embed/8.2.0/rv32imacxw/ilp32/libgcc.a(_clzsi2.o)
                0x00000000000046fc                __clzsi2
 .text.malloc   0x000000000000476a        0xa /Applications/MounRiver Studio 2.app/Contents/Resources/app/resources/darwin/components/WCH/Toolchain/RISC-V Embedded GCC/bin/../lib/gcc/riscv-none-embed/8.2.0/../../../../riscv-none-embed/lib/rv32imacxw/ilp32/libg_nano.a(lib_a-malloc.o)
                0x000000000000476a                malloc
 .text.free     0x0000000000004774        0xa /Applications/MounRiver Studio 2.app/Contents/Resources/app/resources/darwin/components/WCH/Toolchain/RISC-V Embedded GCC/bin/../lib/gcc/riscv-none-embed/8.2.0/../../../../riscv-none-embed/lib/rv32imacxw/ilp32/libg_nano.a(lib_a-malloc.o)
                0x0000000000004774                free
 .text.memcpy   0x000000000000477e       0xb2 /Applications/MounRiver Studio 2.app/Contents/Resources/app/resources/darwin/components/WCH/Toolchain/RISC-V Embedded GCC/bin/../lib/gcc/riscv-none-embed/8.2.0/../../../../riscv-none-embed/lib/rv32imacxw/ilp32/libg_nano.a(lib_a-memcpy.o)
                0x000000000000477e                memcpy
 .text._free_r  0x0000000000004830       0xa8 /Applications/MounRiver Studio 2.app/Contents/Resources/app/resources/darwin/components/WCH/Toolchain/RISC-V Embedded GCC/bin/../lib/gcc/riscv-none-embed/8.2.0/../../../../riscv-none-embed/lib/rv32imacxw/ilp32/libg_nano.a(lib_a-nano-freer.o)
                0x0000000000004830                _free_r
 .text._malloc_r
                0x00000000000048d8       0xd4 /Applications/MounRiver Studio 2.app/Contents/Resources/app/resources/darwin/components/WCH/Toolchain/RISC-V Embedded GCC/bin/../lib/gcc/riscv-none-embed/8.2.0/../../../../riscv-none-embed/lib/rv32imacxw/ilp32/libg_nano.a(lib_a-nano-mallocr.o)
                0x00000000000048d8                _malloc_r
 .text.printf   0x00000000000049ac       0x40 /Applications/MounRiver Studio 2.app/Contents/Resources/app/resources/darwin/components/WCH/Toolchain/RISC-V Embedded GCC/bin/../lib/gcc/riscv-none-embed/8.2.0/../../../../riscv-none-embed/lib/rv32imacxw/ilp32/libg_nano.a(lib_a-printf.o)
                0x00000000000049ac                printf
                0x00000000000049ac                iprintf
 .text._puts_r  0x00000000000049ec       0xd4 /Applications/MounRiver Studio 2.app/Contents/Resources/app/resources/darwin/components/WCH/Toolchain/RISC-V Embedded GCC/bin/../lib/gcc/riscv-none-embed/8.2.0/../../../../riscv-none-embed/lib/rv32imacxw/ilp32/libg_nano.a(lib_a-puts.o)
                0x00000000000049ec                _puts_r
 .text.puts     0x0000000000004ac0        0xc /Applications/MounRiver Studio 2.app/Contents/Resources/app/resources/darwin/components/WCH/Toolchain/RISC-V Embedded GCC/bin/../lib/gcc/riscv-none-embed/8.2.0/../../../../riscv-none-embed/lib/rv32imacxw/ilp32/libg_nano.a(lib_a-puts.o)
                0x0000000000004ac0                puts
 .text._sbrk_r  0x0000000000004acc       0x2a /Applications/MounRiver Studio 2.app/Contents/Resources/app/resources/darwin/components/WCH/Toolchain/RISC-V Embedded GCC/bin/../lib/gcc/riscv-none-embed/8.2.0/../../../../riscv-none-embed/lib/rv32imacxw/ilp32/libg_nano.a(lib_a-sbrkr.o)
                0x0000000000004acc                _sbrk_r
 .text.__sread  0x0000000000004af6       0x2e /Applications/MounRiver Studio 2.app/Contents/Resources/app/resources/darwin/components/WCH/Toolchain/RISC-V Embedded GCC/bin/../lib/gcc/riscv-none-embed/8.2.0/../../../../riscv-none-embed/lib/rv32imacxw/ilp32/libg_nano.a(lib_a-stdio.o)
                0x0000000000004af6                __sread
 .text.__swrite
                0x0000000000004b24       0x48 /Applications/MounRiver Studio 2.app/Contents/Resources/app/resources/darwin/components/WCH/Toolchain/RISC-V Embedded GCC/bin/../lib/gcc/riscv-none-embed/8.2.0/../../../../riscv-none-embed/lib/rv32imacxw/ilp32/libg_nano.a(lib_a-stdio.o)
                0x0000000000004b24                __swrite
 .text.__sseek  0x0000000000004b6c       0x30 /Applications/MounRiver Studio 2.app/Contents/Resources/app/resources/darwin/components/WCH/Toolchain/RISC-V Embedded GCC/bin/../lib/gcc/riscv-none-embed/8.2.0/../../../../riscv-none-embed/lib/rv32imacxw/ilp32/libg_nano.a(lib_a-stdio.o)
                0x0000000000004b6c                __sseek
 .text.__sclose
                0x0000000000004b9c        0x6 /Applications/MounRiver Studio 2.app/Contents/Resources/app/resources/darwin/components/WCH/Toolchain/RISC-V Embedded GCC/bin/../lib/gcc/riscv-none-embed/8.2.0/../../../../riscv-none-embed/lib/rv32imacxw/ilp32/libg_nano.a(lib_a-stdio.o)
                0x0000000000004b9c                __sclose
 .text.__swbuf_r
                0x0000000000004ba2       0xbc /Applications/MounRiver Studio 2.app/Contents/Resources/app/resources/darwin/components/WCH/Toolchain/RISC-V Embedded GCC/bin/../lib/gcc/riscv-none-embed/8.2.0/../../../../riscv-none-embed/lib/rv32imacxw/ilp32/libg_nano.a(lib_a-wbuf.o)
                0x0000000000004ba2                __swbuf_r
 .text._write_r
                0x0000000000004c5e       0x2e /Applications/MounRiver Studio 2.app/Contents/Resources/app/resources/darwin/components/WCH/Toolchain/RISC-V Embedded GCC/bin/../lib/gcc/riscv-none-embed/8.2.0/../../../../riscv-none-embed/lib/rv32imacxw/ilp32/libg_nano.a(lib_a-writer.o)
                0x0000000000004c5e                _write_r
 .text.__swsetup_r
                0x0000000000004c8c       0xfe /Applications/MounRiver Studio 2.app/Contents/Resources/app/resources/darwin/components/WCH/Toolchain/RISC-V Embedded GCC/bin/../lib/gcc/riscv-none-embed/8.2.0/../../../../riscv-none-embed/lib/rv32imacxw/ilp32/libg_nano.a(lib_a-wsetup.o)
                0x0000000000004c8c                __swsetup_r
 .text._close_r
                0x0000000000004d8a       0x2a /Applications/MounRiver Studio 2.app/Contents/Resources/app/resources/darwin/components/WCH/Toolchain/RISC-V Embedded GCC/bin/../lib/gcc/riscv-none-embed/8.2.0/../../../../riscv-none-embed/lib/rv32imacxw/ilp32/libg_nano.a(lib_a-closer.o)
                0x0000000000004d8a                _close_r
 .text.__sflush_r
                0x0000000000004db4      0x132 /Applications/MounRiver Studio 2.app/Contents/Resources/app/resources/darwin/components/WCH/Toolchain/RISC-V Embedded GCC/bin/../lib/gcc/riscv-none-embed/8.2.0/../../../../riscv-none-embed/lib/rv32imacxw/ilp32/libg_nano.a(lib_a-fflush.o)
                0x0000000000004db4                __sflush_r
 .text._fflush_r
                0x0000000000004ee6       0x66 /Applications/MounRiver Studio 2.app/Contents/Resources/app/resources/darwin/components/WCH/Toolchain/RISC-V Embedded GCC/bin/../lib/gcc/riscv-none-embed/8.2.0/../../../../riscv-none-embed/lib/rv32imacxw/ilp32/libg_nano.a(lib_a-fflush.o)
                0x0000000000004ee6                _fflush_r
 .text.std      0x0000000000004f4c       0x66 /Applications/MounRiver Studio 2.app/Contents/Resources/app/resources/darwin/components/WCH/Toolchain/RISC-V Embedded GCC/bin/../lib/gcc/riscv-none-embed/8.2.0/../../../../riscv-none-embed/lib/rv32imacxw/ilp32/libg_nano.a(lib_a-findfp.o)
 .text._cleanup_r
                0x0000000000004fb2        0xa /Applications/MounRiver Studio 2.app/Contents/Resources/app/resources/darwin/components/WCH/Toolchain/RISC-V Embedded GCC/bin/../lib/gcc/riscv-none-embed/8.2.0/../../../../riscv-none-embed/lib/rv32imacxw/ilp32/libg_nano.a(lib_a-findfp.o)
                0x0000000000004fb2                _cleanup_r
 .text.__sfmoreglue
                0x0000000000004fbc       0x48 /Applications/MounRiver Studio 2.app/Contents/Resources/app/resources/darwin/components/WCH/Toolchain/RISC-V Embedded GCC/bin/../lib/gcc/riscv-none-embed/8.2.0/../../../../riscv-none-embed/lib/rv32imacxw/ilp32/libg_nano.a(lib_a-findfp.o)
                0x0000000000004fbc                __sfmoreglue
 .text.__sinit  0x0000000000005004       0x6c /Applications/MounRiver Studio 2.app/Contents/Resources/app/resources/darwin/components/WCH/Toolchain/RISC-V Embedded GCC/bin/../lib/gcc/riscv-none-embed/8.2.0/../../../../riscv-none-embed/lib/rv32imacxw/ilp32/libg_nano.a(lib_a-findfp.o)
                0x0000000000005004                __sinit
 .text.__sfp    0x0000000000005070       0xa0 /Applications/MounRiver Studio 2.app/Contents/Resources/app/resources/darwin/components/WCH/Toolchain/RISC-V Embedded GCC/bin/../lib/gcc/riscv-none-embed/8.2.0/../../../../riscv-none-embed/lib/rv32imacxw/ilp32/libg_nano.a(lib_a-findfp.o)
                0x0000000000005070                __sfp
 .text._fwalk_reent
                0x0000000000005110       0x6a /Applications/MounRiver Studio 2.app/Contents/Resources/app/resources/darwin/components/WCH/Toolchain/RISC-V Embedded GCC/bin/../lib/gcc/riscv-none-embed/8.2.0/../../../../riscv-none-embed/lib/rv32imacxw/ilp32/libg_nano.a(lib_a-fwalk.o)
                0x0000000000005110                _fwalk_reent
 .text._lseek_r
                0x000000000000517a       0x2e /Applications/MounRiver Studio 2.app/Contents/Resources/app/resources/darwin/components/WCH/Toolchain/RISC-V Embedded GCC/bin/../lib/gcc/riscv-none-embed/8.2.0/../../../../riscv-none-embed/lib/rv32imacxw/ilp32/libg_nano.a(lib_a-lseekr.o)
                0x000000000000517a                _lseek_r
 .text.__swhatbuf_r
                0x00000000000051a8       0x56 /Applications/MounRiver Studio 2.app/Contents/Resources/app/resources/darwin/components/WCH/Toolchain/RISC-V Embedded GCC/bin/../lib/gcc/riscv-none-embed/8.2.0/../../../../riscv-none-embed/lib/rv32imacxw/ilp32/libg_nano.a(lib_a-makebuf.o)
                0x00000000000051a8                __swhatbuf_r
 .text.__smakebuf_r
                0x00000000000051fe       0x92 /Applications/MounRiver Studio 2.app/Contents/Resources/app/resources/darwin/components/WCH/Toolchain/RISC-V Embedded GCC/bin/../lib/gcc/riscv-none-embed/8.2.0/../../../../riscv-none-embed/lib/rv32imacxw/ilp32/libg_nano.a(lib_a-makebuf.o)
                0x00000000000051fe                __smakebuf_r
 .text.__malloc_lock
                0x0000000000005290        0x2 /Applications/MounRiver Studio 2.app/Contents/Resources/app/resources/darwin/components/WCH/Toolchain/RISC-V Embedded GCC/bin/../lib/gcc/riscv-none-embed/8.2.0/../../../../riscv-none-embed/lib/rv32imacxw/ilp32/libg_nano.a(lib_a-mlock.o)
                0x0000000000005290                __malloc_lock
 .text.__malloc_unlock
                0x0000000000005292        0x2 /Applications/MounRiver Studio 2.app/Contents/Resources/app/resources/darwin/components/WCH/Toolchain/RISC-V Embedded GCC/bin/../lib/gcc/riscv-none-embed/8.2.0/../../../../riscv-none-embed/lib/rv32imacxw/ilp32/libg_nano.a(lib_a-mlock.o)
                0x0000000000005292                __malloc_unlock
 .text.__sfputc_r
                0x0000000000005294       0x28 /Applications/MounRiver Studio 2.app/Contents/Resources/app/resources/darwin/components/WCH/Toolchain/RISC-V Embedded GCC/bin/../lib/gcc/riscv-none-embed/8.2.0/../../../../riscv-none-embed/lib/rv32imacxw/ilp32/libg_nano.a(lib_a-nano-vfprintf.o)
 .text.__sfputs_r
                0x00000000000052bc       0x42 /Applications/MounRiver Studio 2.app/Contents/Resources/app/resources/darwin/components/WCH/Toolchain/RISC-V Embedded GCC/bin/../lib/gcc/riscv-none-embed/8.2.0/../../../../riscv-none-embed/lib/rv32imacxw/ilp32/libg_nano.a(lib_a-nano-vfprintf.o)
                0x00000000000052bc                __sfputs_r
 .text._vfprintf_r
                0x00000000000052fe      0x288 /Applications/MounRiver Studio 2.app/Contents/Resources/app/resources/darwin/components/WCH/Toolchain/RISC-V Embedded GCC/bin/../lib/gcc/riscv-none-embed/8.2.0/../../../../riscv-none-embed/lib/rv32imacxw/ilp32/libg_nano.a(lib_a-nano-vfprintf.o)
                0x00000000000052fe                _vfiprintf_r
                0x00000000000052fe                _vfprintf_r
 .text._printf_common
                0x0000000000005586      0x10c /Applications/MounRiver Studio 2.app/Contents/Resources/app/resources/darwin/components/WCH/Toolchain/RISC-V Embedded GCC/bin/../lib/gcc/riscv-none-embed/8.2.0/../../../../riscv-none-embed/lib/rv32imacxw/ilp32/libg_nano.a(lib_a-nano-vfprintf_i.o)
                0x0000000000005586                _printf_common
 .text._printf_i
                0x0000000000005692      0x2a2 /Applications/MounRiver Studio 2.app/Contents/Resources/app/resources/darwin/components/WCH/Toolchain/RISC-V Embedded GCC/bin/../lib/gcc/riscv-none-embed/8.2.0/../../../../riscv-none-embed/lib/rv32imacxw/ilp32/libg_nano.a(lib_a-nano-vfprintf_i.o)
                0x0000000000005692                _printf_i
 .text._read_r  0x0000000000005934       0x2c /Applications/MounRiver Studio 2.app/Contents/Resources/app/resources/darwin/components/WCH/Toolchain/RISC-V Embedded GCC/bin/../lib/gcc/riscv-none-embed/8.2.0/../../../../riscv-none-embed/lib/rv32imacxw/ilp32/libg_nano.a(lib_a-readr.o)
                0x0000000000005934                _read_r
 .text._fstat_r
                0x0000000000005960       0x2a /Applications/MounRiver Studio 2.app/Contents/Resources/app/resources/darwin/components/WCH/Toolchain/RISC-V Embedded GCC/bin/../lib/gcc/riscv-none-embed/8.2.0/../../../../riscv-none-embed/lib/rv32imacxw/ilp32/libg_nano.a(lib_a-fstatr.o)
                0x0000000000005960                _fstat_r
 .text._isatty_r
                0x000000000000598a       0x28 /Applications/MounRiver Studio 2.app/Contents/Resources/app/resources/darwin/components/WCH/Toolchain/RISC-V Embedded GCC/bin/../lib/gcc/riscv-none-embed/8.2.0/../../../../riscv-none-embed/lib/rv32imacxw/ilp32/libg_nano.a(lib_a-isattyr.o)
                0x000000000000598a                _isatty_r
 .text.memchr   0x00000000000059b2       0x18 /Applications/MounRiver Studio 2.app/Contents/Resources/app/resources/darwin/components/WCH/Toolchain/RISC-V Embedded GCC/bin/../lib/gcc/riscv-none-embed/8.2.0/../../../../riscv-none-embed/lib/rv32imacxw/ilp32/libg_nano.a(lib_a-memchr.o)
                0x00000000000059b2                memchr
 .text._close   0x00000000000059ca        0xc /Applications/MounRiver Studio 2.app/Contents/Resources/app/resources/darwin/components/WCH/Toolchain/RISC-V Embedded GCC/bin/../lib/gcc/riscv-none-embed/8.2.0/../../../../riscv-none-embed/lib/rv32imacxw/ilp32/libnosys.a(close.o)
                0x00000000000059ca                _close
 .text._fstat   0x00000000000059d6        0xc /Applications/MounRiver Studio 2.app/Contents/Resources/app/resources/darwin/components/WCH/Toolchain/RISC-V Embedded GCC/bin/../lib/gcc/riscv-none-embed/8.2.0/../../../../riscv-none-embed/lib/rv32imacxw/ilp32/libnosys.a(fstat.o)
                0x00000000000059d6                _fstat
 .text._isatty  0x00000000000059e2        0xc /Applications/MounRiver Studio 2.app/Contents/Resources/app/resources/darwin/components/WCH/Toolchain/RISC-V Embedded GCC/bin/../lib/gcc/riscv-none-embed/8.2.0/../../../../riscv-none-embed/lib/rv32imacxw/ilp32/libnosys.a(isatty.o)
                0x00000000000059e2                _isatty
 .text._lseek   0x00000000000059ee        0xc /Applications/MounRiver Studio 2.app/Contents/Resources/app/resources/darwin/components/WCH/Toolchain/RISC-V Embedded GCC/bin/../lib/gcc/riscv-none-embed/8.2.0/../../../../riscv-none-embed/lib/rv32imacxw/ilp32/libnosys.a(lseek.o)
                0x00000000000059ee                _lseek
 .text._read    0x00000000000059fa        0xc /Applications/MounRiver Studio 2.app/Contents/Resources/app/resources/darwin/components/WCH/Toolchain/RISC-V Embedded GCC/bin/../lib/gcc/riscv-none-embed/8.2.0/../../../../riscv-none-embed/lib/rv32imacxw/ilp32/libnosys.a(read.o)
                0x00000000000059fa                _read
 *(.rodata)
 *fill*         0x0000000000005a06        0x2 
 .rodata        0x0000000000005a08        0xd ./User/rtc.o
 *(.rodata*)
 *fill*         0x0000000000005a15        0x3 
 .rodata.CalGlucose.cst4
                0x0000000000005a18       0x24 ./User/Calculation.o
 .rodata.CalGlucose.str1.4
                0x0000000000005a3c       0xd0 ./User/Calculation.o
 .rodata.State_Process
                0x0000000000005b0c       0x3c ./User/main.o
 .rodata.ADC1_Init.str1.4
                0x0000000000005b48       0x21 ./User/main.o
 *fill*         0x0000000000005b69        0x3 
 .rodata.GetMidADC.str1.4
                0x0000000000005b6c       0x2a ./User/main.o
 *fill*         0x0000000000005b96        0x2 
 .rodata.OPA2_Init.str1.4
                0x0000000000005b98       0x12 ./User/main.o
 *fill*         0x0000000000005baa        0x2 
 .rodata.State_Process.str1.4
                0x0000000000005bac      0x4f6 ./User/main.o
 *fill*         0x00000000000060a2        0x2 
 .rodata.TIM1_PWM_Init.str1.4
                0x00000000000060a4       0x2b ./User/main.o
 *fill*         0x00000000000060cf        0x1 
 .rodata.Temperature_ADC_To_Resistance.cst4
                0x00000000000060d0        0xc ./User/main.o
 .rodata.Temperature_Load_Calibration.cst4
                0x00000000000060dc        0x4 ./User/main.o
 .rodata.Temperature_Load_Calibration.str1.4
                0x00000000000060e0       0x74 ./User/main.o
 .rodata.Temperature_Measure_With_Calibration.str1.4
                0x0000000000006154       0xc1 ./User/main.o
 *fill*         0x0000000000006215        0x3 
 .rodata.Temperature_Resistance_To_Celsius.cst4
                0x0000000000006218       0x18 ./User/main.o
 .rodata.main.str1.4
                0x0000000000006230      0x173 ./User/main.o
 *fill*         0x00000000000063a3        0x1 
 .rodata.tempTable.6059
                0x00000000000063a4       0x70 ./User/main.o
 .rodata.CSWTCH.10
                0x0000000000006414        0xa ./User/param_table.o
 *fill*         0x000000000000641e        0x2 
 .rodata.CSWTCH.11
                0x0000000000006420        0xa ./User/param_table.o
 *fill*         0x000000000000642a        0x2 
 .rodata.CSWTCH.12
                0x000000000000642c        0xa ./User/param_table.o
 *fill*         0x0000000000006436        0x2 
 .rodata.CSWTCH.4
                0x0000000000006438       0x14 ./User/param_table.o
 .rodata.CSWTCH.5
                0x000000000000644c        0xc ./User/param_table.o
 .rodata.PARAM_Init.str1.4
                0x0000000000006458       0x5a ./User/param_table.o
 *fill*         0x00000000000064b2        0x2 
 .rodata.StripType_GetName.str1.4
                0x00000000000064b4        0x8 ./User/param_table.o
 .rodata.Unit_GetSymbol.str1.4
                0x00000000000064bc        0x2 ./User/param_table.o
 *fill*         0x00000000000064be        0x2 
 .rodata.str1.4
                0x00000000000064c0       0x64 ./User/param_table.o
 .rodata.RTC_Config.str1.4
                0x0000000000006524       0x57 ./User/rtc.o
 *fill*         0x000000000000657b        0x1 
 .rodata.RTC_Init.str1.4
                0x000000000000657c       0x11 ./User/rtc.o
 *fill*         0x000000000000658d        0x3 
 .rodata.RTC_SetTime.str1.4
                0x0000000000006590       0x2e ./User/rtc.o
 *fill*         0x00000000000065be        0x2 
 .rodata.RTC_SyncWithParam.str1.4
                0x00000000000065c0       0x4d ./User/rtc.o
 *fill*         0x000000000000660d        0x3 
 .rodata.RTC_UpdateParam.str1.4
                0x0000000000006610       0x6a ./User/rtc.o
 *fill*         0x000000000000667a        0x2 
 .rodata.STRIP_DETECT_UpdateWPWMDuty
                0x000000000000667c       0x14 ./User/strip_detect.o
 .rodata.STRIP_DETECT_DetermineStripType.cst4
                0x0000000000006690        0x4 ./User/strip_detect.o
 .rodata.STRIP_DETECT_HandleInsertedEvent.str1.4
                0x0000000000006694       0x3d ./User/strip_detect.o
 *fill*         0x00000000000066d1        0x3 
 .rodata.STRIP_DETECT_Init.str1.4
                0x00000000000066d4       0x24 ./User/strip_detect.o
 .rodata.STRIP_DETECT_Process.cst4
                0x00000000000066f8        0x8 ./User/strip_detect.o
 .rodata.STRIP_DETECT_Process.str1.4
                0x0000000000006700       0x7c ./User/strip_detect.o
 .rodata.System_SetState.str1.4
                0x000000000000677c       0x19 ./User/system_state.o
 *fill*         0x0000000000006795        0x3 
 .rodata.UART2_Receive_Byte_ISR
                0x0000000000006798       0x18 ./User/uart_protocol.o
 .rodata.UART_ProcessStripInsertedCmd.str1.4
                0x00000000000067b0       0xbc ./User/uart_protocol.o
 .rodata.UART_Protocol_Init.str1.4
                0x000000000000686c       0x1b ./User/uart_protocol.o
 *fill*         0x0000000000006887        0x1 
 .rodata.UART_SendStripTypeAck.str1.4
                0x0000000000006888       0x2c ./User/uart_protocol.o
 .rodata.UART_UpdateBloodCountdown.str1.4
                0x00000000000068b4       0x91 ./User/uart_protocol.o
 *fill*         0x0000000000006945        0x3 
 .rodata.Get_Raw_Test_Data.str1.4
                0x0000000000006948        0xb ./User/uart_protocol_stubs.o
 *fill*         0x0000000000006953        0x1 
 .rodata.__divsf3
                0x0000000000006954       0x80 /Applications/MounRiver Studio 2.app/Contents/Resources/app/resources/darwin/components/WCH/Toolchain/RISC-V Embedded GCC/bin/../lib/gcc/riscv-none-embed/8.2.0/rv32imacxw/ilp32/libgcc.a(divsf3.o)
 .rodata.__mulsf3
                0x00000000000069d4       0x40 /Applications/MounRiver Studio 2.app/Contents/Resources/app/resources/darwin/components/WCH/Toolchain/RISC-V Embedded GCC/bin/../lib/gcc/riscv-none-embed/8.2.0/rv32imacxw/ilp32/libgcc.a(mulsf3.o)
 .rodata.__clz_tab
                0x0000000000006a14      0x100 /Applications/MounRiver Studio 2.app/Contents/Resources/app/resources/darwin/components/WCH/Toolchain/RISC-V Embedded GCC/bin/../lib/gcc/riscv-none-embed/8.2.0/rv32imacxw/ilp32/libgcc.a(_clz.o)
                0x0000000000006a14                __clz_tab
 .rodata.__sf_fake_stderr
                0x0000000000006b14       0x20 /Applications/MounRiver Studio 2.app/Contents/Resources/app/resources/darwin/components/WCH/Toolchain/RISC-V Embedded GCC/bin/../lib/gcc/riscv-none-embed/8.2.0/../../../../riscv-none-embed/lib/rv32imacxw/ilp32/libg_nano.a(lib_a-findfp.o)
                0x0000000000006b14                __sf_fake_stderr
 .rodata.__sf_fake_stdin
                0x0000000000006b34       0x20 /Applications/MounRiver Studio 2.app/Contents/Resources/app/resources/darwin/components/WCH/Toolchain/RISC-V Embedded GCC/bin/../lib/gcc/riscv-none-embed/8.2.0/../../../../riscv-none-embed/lib/rv32imacxw/ilp32/libg_nano.a(lib_a-findfp.o)
                0x0000000000006b34                __sf_fake_stdin
 .rodata.__sf_fake_stdout
                0x0000000000006b54       0x20 /Applications/MounRiver Studio 2.app/Contents/Resources/app/resources/darwin/components/WCH/Toolchain/RISC-V Embedded GCC/bin/../lib/gcc/riscv-none-embed/8.2.0/../../../../riscv-none-embed/lib/rv32imacxw/ilp32/libg_nano.a(lib_a-findfp.o)
                0x0000000000006b54                __sf_fake_stdout
 .rodata._vfprintf_r.str1.4
                0x0000000000006b74       0x13 /Applications/MounRiver Studio 2.app/Contents/Resources/app/resources/darwin/components/WCH/Toolchain/RISC-V Embedded GCC/bin/../lib/gcc/riscv-none-embed/8.2.0/../../../../riscv-none-embed/lib/rv32imacxw/ilp32/libg_nano.a(lib_a-nano-vfprintf.o)
 *fill*         0x0000000000006b87        0x1 
 .rodata._printf_i.str1.4
                0x0000000000006b88       0x28 /Applications/MounRiver Studio 2.app/Contents/Resources/app/resources/darwin/components/WCH/Toolchain/RISC-V Embedded GCC/bin/../lib/gcc/riscv-none-embed/8.2.0/../../../../riscv-none-embed/lib/rv32imacxw/ilp32/libg_nano.a(lib_a-nano-vfprintf_i.o)
                                         0x25 (size before relaxing)
 *(.gnu.linkonce.t.*)
                0x0000000000006bb0                . = ALIGN (0x4)

.rela.dyn       0x0000000000006bb0        0x0
 .rela.init     0x0000000000006bb0        0x0 ./User/Calculation.o
 .rela.vector   0x0000000000006bb0        0x0 ./User/Calculation.o
 .rela.text.handle_reset
                0x0000000000006bb0        0x0 ./User/Calculation.o
 .rela.text._sbrk
                0x0000000000006bb0        0x0 ./User/Calculation.o
 .rela.sdata.curbrk.4652
                0x0000000000006bb0        0x0 ./User/Calculation.o
 .rela.text._sbrk_r
                0x0000000000006bb0        0x0 ./User/Calculation.o
 .rela.text._write_r
                0x0000000000006bb0        0x0 ./User/Calculation.o
 .rela.text._close_r
                0x0000000000006bb0        0x0 ./User/Calculation.o
 .rela.text._lseek_r
                0x0000000000006bb0        0x0 ./User/Calculation.o
 .rela.text._vfprintf_r
                0x0000000000006bb0        0x0 ./User/Calculation.o
 .rela.text._read_r
                0x0000000000006bb0        0x0 ./User/Calculation.o
 .rela.text._fstat_r
                0x0000000000006bb0        0x0 ./User/Calculation.o
 .rela.text._isatty_r
                0x0000000000006bb0        0x0 ./User/Calculation.o
 .rela.text._close
                0x0000000000006bb0        0x0 ./User/Calculation.o
 .rela.text._fstat
                0x0000000000006bb0        0x0 ./User/Calculation.o
 .rela.text._isatty
                0x0000000000006bb0        0x0 ./User/Calculation.o
 .rela.text._lseek
                0x0000000000006bb0        0x0 ./User/Calculation.o
 .rela.text._read
                0x0000000000006bb0        0x0 ./User/Calculation.o

.fini           0x0000000000006bb0        0x0
 *(SORT_NONE(.fini))
                0x0000000000006bb0                . = ALIGN (0x4)
                [!provide]                        PROVIDE (_etext = .)
                [!provide]                        PROVIDE (_eitcm = .)

.preinit_array  0x0000000000006bb0        0x0
                [!provide]                        PROVIDE (__preinit_array_start = .)
 *(.preinit_array)
                [!provide]                        PROVIDE (__preinit_array_end = .)

.init_array     0x0000000000006bb0        0x0
                [!provide]                        PROVIDE (__init_array_start = .)
 *(SORT_BY_INIT_PRIORITY(.init_array.*) SORT_BY_INIT_PRIORITY(.ctors.*))
 *(.init_array EXCLUDE_FILE(*crtend?.o *crtend.o *crtbegin?.o *crtbegin.o) .ctors)
                [!provide]                        PROVIDE (__init_array_end = .)

.fini_array     0x0000000000006bb0        0x0
                [!provide]                        PROVIDE (__fini_array_start = .)
 *(SORT_BY_INIT_PRIORITY(.fini_array.*) SORT_BY_INIT_PRIORITY(.dtors.*))
 *(.fini_array EXCLUDE_FILE(*crtend?.o *crtend.o *crtbegin?.o *crtbegin.o) .dtors)
                [!provide]                        PROVIDE (__fini_array_end = .)

.ctors
 *crtbegin.o(.ctors)
 *crtbegin?.o(.ctors)
 *(EXCLUDE_FILE(*crtend?.o *crtend.o) .ctors)
 *(SORT_BY_NAME(.ctors.*))
 *(.ctors)

.dtors
 *crtbegin.o(.dtors)
 *crtbegin?.o(.dtors)
 *(EXCLUDE_FILE(*crtend?.o *crtend.o) .dtors)
 *(SORT_BY_NAME(.dtors.*))
 *(.dtors)

.dalign         0x0000000020000000        0x0 load address 0x0000000000006bb0
                0x0000000020000000                . = ALIGN (0x4)
                0x0000000020000000                PROVIDE (_data_vma = .)

.dlalign        0x0000000000006bb0        0x0
                0x0000000000006bb0                . = ALIGN (0x4)
                0x0000000000006bb0                PROVIDE (_data_lma = .)

.data           0x0000000020000000       0xc0 load address 0x0000000000006bb0
 *(.gnu.linkonce.r.*)
 *(.data .data.*)
 .data.tempCalibration
                0x0000000020000000        0xc ./User/main.o
 .data.stripInfo
                0x000000002000000c       0x18 ./User/strip_detect.o
 .data.APBAHBPrescTable
                0x0000000020000024       0x10 ./Peripheral/src/ch32v20x_rcc.o
 .data.impure_data
                0x0000000020000034       0x60 /Applications/MounRiver Studio 2.app/Contents/Resources/app/resources/darwin/components/WCH/Toolchain/RISC-V Embedded GCC/bin/../lib/gcc/riscv-none-embed/8.2.0/../../../../riscv-none-embed/lib/rv32imacxw/ilp32/libg_nano.a(lib_a-impure.o)
 *(.gnu.linkonce.d.*)
                0x0000000020000098                . = ALIGN (0x8)
 *fill*         0x0000000020000094        0x4 
                0x0000000020000898                PROVIDE (__global_pointer$ = (. + 0x800))
 *(.sdata .sdata.*)
 .sdata.currentTemperature
                0x0000000020000098        0x4 ./User/main.o
                0x0000000020000098                currentTemperature
 .sdata.measureStep.6168
                0x000000002000009c        0x1 ./User/main.o
 *fill*         0x000000002000009d        0x3 
 .sdata.SystemCoreClock
                0x00000000200000a0        0x4 ./User/system_ch32v20x.o
                0x00000000200000a0                SystemCoreClock
 .sdata.blood_countdown
                0x00000000200000a4        0x1 ./User/uart_protocol.o
 *fill*         0x00000000200000a5        0x3 
 .sdata.ADCPrescTable
                0x00000000200000a8        0x4 ./Peripheral/src/ch32v20x_rcc.o
 .sdata.curbrk.4652
                0x00000000200000ac        0x4 ./Debug/debug.o
 .sdata._impure_ptr
                0x00000000200000b0        0x4 /Applications/MounRiver Studio 2.app/Contents/Resources/app/resources/darwin/components/WCH/Toolchain/RISC-V Embedded GCC/bin/../lib/gcc/riscv-none-embed/8.2.0/../../../../riscv-none-embed/lib/rv32imacxw/ilp32/libg_nano.a(lib_a-impure.o)
                0x00000000200000b0                _impure_ptr
 *(.sdata2.*)
 .sdata2.CSWTCH.1
                0x00000000200000b4        0x6 ./User/Calculation.o
 *fill*         0x00000000200000ba        0x2 
 .sdata2._global_impure_ptr
                0x00000000200000bc        0x4 /Applications/MounRiver Studio 2.app/Contents/Resources/app/resources/darwin/components/WCH/Toolchain/RISC-V Embedded GCC/bin/../lib/gcc/riscv-none-embed/8.2.0/../../../../riscv-none-embed/lib/rv32imacxw/ilp32/libg_nano.a(lib_a-impure.o)
                0x00000000200000bc                _global_impure_ptr
 *(.gnu.linkonce.s.*)
                0x00000000200000c0                . = ALIGN (0x8)
 *(.srodata.cst16)
 *(.srodata.cst8)
 *(.srodata.cst4)
 *(.srodata.cst2)
 *(.srodata .srodata.*)
                0x00000000200000c0                . = ALIGN (0x4)
                0x00000000200000c0                PROVIDE (_edata = .)

.bss            0x00000000200000c0      0x8e0 load address 0x0000000000006c70
                0x00000000200000c0                . = ALIGN (0x4)
                0x00000000200000c0                PROVIDE (_sbss = .)
 *(.sbss*)
 .sbss.wGlucose
                0x00000000200000c0        0x2 ./User/Calculation.o
                0x00000000200000c0                wGlucose
 .sbss.TM_ADC   0x00000000200000c2        0x2 ./User/main.o
                0x00000000200000c2                TM_ADC
 .sbss.W_ADC    0x00000000200000c4        0x2 ./User/main.o
                0x00000000200000c4                W_ADC
 .sbss.calculationDone.6196
                0x00000000200000c6        0x1 ./User/main.o
 *fill*         0x00000000200000c7        0x1 
 .sbss.evWidth1.6170
                0x00000000200000c8        0x2 ./User/main.o
 .sbss.evWidth2.6173
                0x00000000200000ca        0x2 ./User/main.o
 .sbss.lastState.6145
                0x00000000200000cc        0x4 ./User/main.o
 .sbss.manualResistance
                0x00000000200000d0        0x4 ./User/main.o
                0x00000000200000d0                manualResistance
 .sbss.parametersLoaded.6176
                0x00000000200000d4        0x1 ./User/main.o
 *fill*         0x00000000200000d5        0x3 
 .sbss.stepStartTime.6169
                0x00000000200000d8        0x4 ./User/main.o
 .sbss.systemTick.6177
                0x00000000200000dc        0x4 ./User/main.o
 .sbss.temperatureMeasured.6146
                0x00000000200000e0        0x1 ./User/main.o
 .sbss.temperatureTestMode
                0x00000000200000e1        0x1 ./User/main.o
                0x00000000200000e1                temperatureTestMode
 .sbss.tpl1.6171
                0x00000000200000e2        0x2 ./User/main.o
 .sbss.tpl2.6174
                0x00000000200000e4        0x2 ./User/main.o
 .sbss.trd1.6172
                0x00000000200000e6        0x2 ./User/main.o
 .sbss.trd2.6175
                0x00000000200000e8        0x2 ./User/main.o
 *fill*         0x00000000200000ea        0x2 
 .sbss.currentSystemState
                0x00000000200000ec        0x4 ./User/system_state.o
 .sbss.blood_detected
                0x00000000200000f0        0x1 ./User/uart_protocol.o
 .sbss.dataCnt.5258
                0x00000000200000f1        0x1 ./User/uart_protocol.o
 .sbss.dataLen.5257
                0x00000000200000f2        0x1 ./User/uart_protocol.o
 *fill*         0x00000000200000f3        0x1 
 .sbss.g_batteryVoltage
                0x00000000200000f4        0x2 ./User/uart_protocol.o
                0x00000000200000f4                g_batteryVoltage
 .sbss.packet_received
                0x00000000200000f6        0x1 ./User/uart_protocol.o
 *fill*         0x00000000200000f7        0x1 
 .sbss.rx_index
                0x00000000200000f8        0x2 ./User/uart_protocol.o
 .sbss.state.5256
                0x00000000200000fa        0x1 ./User/uart_protocol.o
 .sbss.test_in_progress
                0x00000000200000fb        0x1 ./User/uart_protocol.o
 .sbss.MCU_Version
                0x00000000200000fc        0x1 ./Peripheral/src/ch32v20x_gpio.o
                0x00000000200000fc                MCU_Version
 *fill*         0x00000000200000fd        0x3 
 .sbss.NVIC_Priority_Group
                0x0000000020000100        0x4 ./Peripheral/src/ch32v20x_misc.o
                0x0000000020000100                NVIC_Priority_Group
 .sbss.p_ms     0x0000000020000104        0x2 ./Debug/debug.o
 .sbss.p_us     0x0000000020000106        0x1 ./Debug/debug.o
 *fill*         0x0000000020000107        0x1 
 .sbss.__malloc_free_list
                0x0000000020000108        0x4 /Applications/MounRiver Studio 2.app/Contents/Resources/app/resources/darwin/components/WCH/Toolchain/RISC-V Embedded GCC/bin/../lib/gcc/riscv-none-embed/8.2.0/../../../../riscv-none-embed/lib/rv32imacxw/ilp32/libg_nano.a(lib_a-nano-mallocr.o)
                0x0000000020000108                __malloc_free_list
 .sbss.__malloc_sbrk_start
                0x000000002000010c        0x4 /Applications/MounRiver Studio 2.app/Contents/Resources/app/resources/darwin/components/WCH/Toolchain/RISC-V Embedded GCC/bin/../lib/gcc/riscv-none-embed/8.2.0/../../../../riscv-none-embed/lib/rv32imacxw/ilp32/libg_nano.a(lib_a-nano-mallocr.o)
                0x000000002000010c                __malloc_sbrk_start
 *(.gnu.linkonce.sb.*)
 *(.bss*)
 .bss.USART_DMA_CTRL
                0x0000000020000110      0x101 ./User/main.o
                0x0000000020000110                USART_DMA_CTRL
 *fill*         0x0000000020000211        0x3 
 .bss.ring_buffer
                0x0000000020000214      0x406 ./User/main.o
                0x0000000020000214                ring_buffer
 *fill*         0x000000002000061a        0x2 
 .bss.param_table
                0x000000002000061c      0x2a6 ./User/param_table.o
 *fill*         0x00000000200008c2        0x2 
 .bss.current_raw_data
                0x00000000200008c4       0x3c ./User/uart_protocol.o
 .bss.current_test_result
                0x0000000020000900       0x1a ./User/uart_protocol.o
 *fill*         0x000000002000091a        0x2 
 .bss.rx_buffer
                0x000000002000091c       0x40 ./User/uart_protocol.o
 .bss.tx_buffer
                0x000000002000095c       0x40 ./User/uart_protocol.o
 *(.gnu.linkonce.b.*)
 *(COMMON*)
 COMMON         0x000000002000099c        0x4 /Applications/MounRiver Studio 2.app/Contents/Resources/app/resources/darwin/components/WCH/Toolchain/RISC-V Embedded GCC/bin/../lib/gcc/riscv-none-embed/8.2.0/../../../../riscv-none-embed/lib/rv32imacxw/ilp32/libg_nano.a(lib_a-reent.o)
                0x000000002000099c                errno
                0x00000000200009a0                . = ALIGN (0x4)
                0x00000000200009a0                PROVIDE (_ebss = .)
                0x00000000200009a0                PROVIDE (_end = _ebss)
                [!provide]                        PROVIDE (end = .)

.stack          0x0000000020004800      0x800
                0x0000000020004800                PROVIDE (_heap_end = .)
                0x0000000020004800                . = ALIGN (0x4)
                [!provide]                        PROVIDE (_susrstack = .)
                0x0000000020005000                . = (. + __stack_size)
 *fill*         0x0000000020004800      0x800 
                0x0000000020005000                PROVIDE (_eusrstack = .)
OUTPUT(CH32V203G8R6.elf elf32-littleriscv)

.debug_info     0x0000000000000000    0x1d952
 .debug_info    0x0000000000000000      0xbb9 ./User/Calculation.o
 .debug_info    0x0000000000000bb9      0xbb5 ./User/ch32v20x_it.o
 .debug_info    0x000000000000176e     0x41a7 ./User/main.o
 .debug_info    0x0000000000005915     0x195f ./User/param_table.o
 .debug_info    0x0000000000007274     0x1044 ./User/rtc.o
 .debug_info    0x00000000000082b8     0x1a4d ./User/strip_detect.o
 .debug_info    0x0000000000009d05      0xb30 ./User/system_ch32v20x.o
 .debug_info    0x000000000000a835      0x9f2 ./User/system_state.o
 .debug_info    0x000000000000b227     0x2328 ./User/uart_protocol.o
 .debug_info    0x000000000000d54f      0xf32 ./User/uart_protocol_stubs.o
 .debug_info    0x000000000000e481       0x22 ./Startup/startup_ch32v20x_D6.o
 .debug_info    0x000000000000e4a3     0x16eb ./Peripheral/src/ch32v20x_adc.o
 .debug_info    0x000000000000fb8e     0x1091 ./Peripheral/src/ch32v20x_bkp.o
 .debug_info    0x0000000000010c1f      0xd16 ./Peripheral/src/ch32v20x_dma.o
 .debug_info    0x0000000000011935     0x15d2 ./Peripheral/src/ch32v20x_flash.o
 .debug_info    0x0000000000012f07     0x1349 ./Peripheral/src/ch32v20x_gpio.o
 .debug_info    0x0000000000014250      0xe61 ./Peripheral/src/ch32v20x_misc.o
 .debug_info    0x00000000000150b1      0xb1d ./Peripheral/src/ch32v20x_opa.o
 .debug_info    0x0000000000015bce     0x1049 ./Peripheral/src/ch32v20x_pwr.o
 .debug_info    0x0000000000016c17     0x1268 ./Peripheral/src/ch32v20x_rcc.o
 .debug_info    0x0000000000017e7f      0xdc9 ./Peripheral/src/ch32v20x_rtc.o
 .debug_info    0x0000000000018c48     0x2ab3 ./Peripheral/src/ch32v20x_tim.o
 .debug_info    0x000000000001b6fb     0x1335 ./Peripheral/src/ch32v20x_usart.o
 .debug_info    0x000000000001ca30      0xf22 ./Debug/debug.o

.debug_abbrev   0x0000000000000000     0x4dca
 .debug_abbrev  0x0000000000000000      0x2a4 ./User/Calculation.o
 .debug_abbrev  0x00000000000002a4      0x22c ./User/ch32v20x_it.o
 .debug_abbrev  0x00000000000004d0      0x57e ./User/main.o
 .debug_abbrev  0x0000000000000a4e      0x48d ./User/param_table.o
 .debug_abbrev  0x0000000000000edb      0x2ba ./User/rtc.o
 .debug_abbrev  0x0000000000001195      0x48c ./User/strip_detect.o
 .debug_abbrev  0x0000000000001621      0x2b0 ./User/system_ch32v20x.o
 .debug_abbrev  0x00000000000018d1      0x255 ./User/system_state.o
 .debug_abbrev  0x0000000000001b26      0x4e2 ./User/uart_protocol.o
 .debug_abbrev  0x0000000000002008      0x32f ./User/uart_protocol_stubs.o
 .debug_abbrev  0x0000000000002337       0x12 ./Startup/startup_ch32v20x_D6.o
 .debug_abbrev  0x0000000000002349      0x3a9 ./Peripheral/src/ch32v20x_adc.o
 .debug_abbrev  0x00000000000026f2      0x2cc ./Peripheral/src/ch32v20x_bkp.o
 .debug_abbrev  0x00000000000029be      0x302 ./Peripheral/src/ch32v20x_dma.o
 .debug_abbrev  0x0000000000002cc0      0x468 ./Peripheral/src/ch32v20x_flash.o
 .debug_abbrev  0x0000000000003128      0x34b ./Peripheral/src/ch32v20x_gpio.o
 .debug_abbrev  0x0000000000003473      0x2ea ./Peripheral/src/ch32v20x_misc.o
 .debug_abbrev  0x000000000000375d      0x252 ./Peripheral/src/ch32v20x_opa.o
 .debug_abbrev  0x00000000000039af      0x399 ./Peripheral/src/ch32v20x_pwr.o
 .debug_abbrev  0x0000000000003d48      0x36b ./Peripheral/src/ch32v20x_rcc.o
 .debug_abbrev  0x00000000000040b3      0x30b ./Peripheral/src/ch32v20x_rtc.o
 .debug_abbrev  0x00000000000043be      0x418 ./Peripheral/src/ch32v20x_tim.o
 .debug_abbrev  0x00000000000047d6      0x312 ./Peripheral/src/ch32v20x_usart.o
 .debug_abbrev  0x0000000000004ae8      0x2e2 ./Debug/debug.o

.debug_loc      0x0000000000000000     0x8754
 .debug_loc     0x0000000000000000       0xe3 ./User/Calculation.o
 .debug_loc     0x00000000000000e3      0xad2 ./User/main.o
 .debug_loc     0x0000000000000bb5     0x100f ./User/param_table.o
 .debug_loc     0x0000000000001bc4      0x406 ./User/rtc.o
 .debug_loc     0x0000000000001fca      0x153 ./User/strip_detect.o
 .debug_loc     0x000000000000211d       0xac ./User/system_ch32v20x.o
 .debug_loc     0x00000000000021c9       0x2c ./User/system_state.o
 .debug_loc     0x00000000000021f5     0x12a5 ./User/uart_protocol.o
 .debug_loc     0x000000000000349a       0xd2 ./User/uart_protocol_stubs.o
 .debug_loc     0x000000000000356c      0xab6 ./Peripheral/src/ch32v20x_adc.o
 .debug_loc     0x0000000000004022       0xd8 ./Peripheral/src/ch32v20x_bkp.o
 .debug_loc     0x00000000000040fa      0x155 ./Peripheral/src/ch32v20x_dma.o
 .debug_loc     0x000000000000424f      0xc9b ./Peripheral/src/ch32v20x_flash.o
 .debug_loc     0x0000000000004eea      0x8a1 ./Peripheral/src/ch32v20x_gpio.o
 .debug_loc     0x000000000000578b       0x2d ./Peripheral/src/ch32v20x_misc.o
 .debug_loc     0x00000000000057b8       0x56 ./Peripheral/src/ch32v20x_opa.o
 .debug_loc     0x000000000000580e      0x29e ./Peripheral/src/ch32v20x_pwr.o
 .debug_loc     0x0000000000005aac      0x797 ./Peripheral/src/ch32v20x_rcc.o
 .debug_loc     0x0000000000006243      0x377 ./Peripheral/src/ch32v20x_rtc.o
 .debug_loc     0x00000000000065ba     0x190e ./Peripheral/src/ch32v20x_tim.o
 .debug_loc     0x0000000000007ec8      0x715 ./Peripheral/src/ch32v20x_usart.o
 .debug_loc     0x00000000000085dd      0x177 ./Debug/debug.o

.debug_aranges  0x0000000000000000      0xee0
 .debug_aranges
                0x0000000000000000       0x20 ./User/Calculation.o
 .debug_aranges
                0x0000000000000020       0x28 ./User/ch32v20x_it.o
 .debug_aranges
                0x0000000000000048       0xd8 ./User/main.o
 .debug_aranges
                0x0000000000000120       0xd8 ./User/param_table.o
 .debug_aranges
                0x00000000000001f8       0x48 ./User/rtc.o
 .debug_aranges
                0x0000000000000240       0x68 ./User/strip_detect.o
 .debug_aranges
                0x00000000000002a8       0x28 ./User/system_ch32v20x.o
 .debug_aranges
                0x00000000000002d0       0x28 ./User/system_state.o
 .debug_aranges
                0x00000000000002f8       0xd8 ./User/uart_protocol.o
 .debug_aranges
                0x00000000000003d0       0x50 ./User/uart_protocol_stubs.o
 .debug_aranges
                0x0000000000000420       0x30 ./Startup/startup_ch32v20x_D6.o
 .debug_aranges
                0x0000000000000450      0x150 ./Peripheral/src/ch32v20x_adc.o
 .debug_aranges
                0x00000000000005a0       0x78 ./Peripheral/src/ch32v20x_bkp.o
 .debug_aranges
                0x0000000000000618       0x60 ./Peripheral/src/ch32v20x_dma.o
 .debug_aranges
                0x0000000000000678      0x110 ./Peripheral/src/ch32v20x_flash.o
 .debug_aranges
                0x0000000000000788       0xb0 ./Peripheral/src/ch32v20x_gpio.o
 .debug_aranges
                0x0000000000000838       0x28 ./Peripheral/src/ch32v20x_misc.o
 .debug_aranges
                0x0000000000000860       0x38 ./Peripheral/src/ch32v20x_opa.o
 .debug_aranges
                0x0000000000000898       0x88 ./Peripheral/src/ch32v20x_pwr.o
 .debug_aranges
                0x0000000000000920      0x130 ./Peripheral/src/ch32v20x_rcc.o
 .debug_aranges
                0x0000000000000a50       0x80 ./Peripheral/src/ch32v20x_rtc.o
 .debug_aranges
                0x0000000000000ad0      0x2d0 ./Peripheral/src/ch32v20x_tim.o
 .debug_aranges
                0x0000000000000da0       0xf0 ./Peripheral/src/ch32v20x_usart.o
 .debug_aranges
                0x0000000000000e90       0x50 ./Debug/debug.o

.debug_ranges   0x0000000000000000     0x13e8
 .debug_ranges  0x0000000000000000       0x10 ./User/Calculation.o
 .debug_ranges  0x0000000000000010       0x18 ./User/ch32v20x_it.o
 .debug_ranges  0x0000000000000028      0x230 ./User/main.o
 .debug_ranges  0x0000000000000258      0x468 ./User/param_table.o
 .debug_ranges  0x00000000000006c0       0x38 ./User/rtc.o
 .debug_ranges  0x00000000000006f8       0x90 ./User/strip_detect.o
 .debug_ranges  0x0000000000000788       0x18 ./User/system_ch32v20x.o
 .debug_ranges  0x00000000000007a0       0x18 ./User/system_state.o
 .debug_ranges  0x00000000000007b8      0x188 ./User/uart_protocol.o
 .debug_ranges  0x0000000000000940       0x60 ./User/uart_protocol_stubs.o
 .debug_ranges  0x00000000000009a0       0x28 ./Startup/startup_ch32v20x_D6.o
 .debug_ranges  0x00000000000009c8      0x140 ./Peripheral/src/ch32v20x_adc.o
 .debug_ranges  0x0000000000000b08       0x68 ./Peripheral/src/ch32v20x_bkp.o
 .debug_ranges  0x0000000000000b70       0x50 ./Peripheral/src/ch32v20x_dma.o
 .debug_ranges  0x0000000000000bc0      0x100 ./Peripheral/src/ch32v20x_flash.o
 .debug_ranges  0x0000000000000cc0       0xa0 ./Peripheral/src/ch32v20x_gpio.o
 .debug_ranges  0x0000000000000d60       0x48 ./Peripheral/src/ch32v20x_misc.o
 .debug_ranges  0x0000000000000da8       0x28 ./Peripheral/src/ch32v20x_opa.o
 .debug_ranges  0x0000000000000dd0       0x78 ./Peripheral/src/ch32v20x_pwr.o
 .debug_ranges  0x0000000000000e48      0x120 ./Peripheral/src/ch32v20x_rcc.o
 .debug_ranges  0x0000000000000f68       0x70 ./Peripheral/src/ch32v20x_rtc.o
 .debug_ranges  0x0000000000000fd8      0x2f0 ./Peripheral/src/ch32v20x_tim.o
 .debug_ranges  0x00000000000012c8       0xe0 ./Peripheral/src/ch32v20x_usart.o
 .debug_ranges  0x00000000000013a8       0x40 ./Debug/debug.o

.debug_line     0x0000000000000000    0x18016
 .debug_line    0x0000000000000000      0x591 ./User/Calculation.o
 .debug_line    0x0000000000000591      0x37e ./User/ch32v20x_it.o
 .debug_line    0x000000000000090f     0x2f6f ./User/main.o
 .debug_line    0x000000000000387e     0x1b54 ./User/param_table.o
 .debug_line    0x00000000000053d2      0xa4c ./User/rtc.o
 .debug_line    0x0000000000005e1e      0xd9e ./User/strip_detect.o
 .debug_line    0x0000000000006bbc      0x69b ./User/system_ch32v20x.o
 .debug_line    0x0000000000007257      0x3d5 ./User/system_state.o
 .debug_line    0x000000000000762c     0x1b74 ./User/uart_protocol.o
 .debug_line    0x00000000000091a0      0x7b5 ./User/uart_protocol_stubs.o
 .debug_line    0x0000000000009955      0x121 ./Startup/startup_ch32v20x_D6.o
 .debug_line    0x0000000000009a76     0x1bb8 ./Peripheral/src/ch32v20x_adc.o
 .debug_line    0x000000000000b62e      0x755 ./Peripheral/src/ch32v20x_bkp.o
 .debug_line    0x000000000000bd83      0x8a2 ./Peripheral/src/ch32v20x_dma.o
 .debug_line    0x000000000000c625     0x2620 ./Peripheral/src/ch32v20x_flash.o
 .debug_line    0x000000000000ec45     0x16f6 ./Peripheral/src/ch32v20x_gpio.o
 .debug_line    0x000000000001033b      0x4c8 ./Peripheral/src/ch32v20x_misc.o
 .debug_line    0x0000000000010803      0x549 ./Peripheral/src/ch32v20x_opa.o
 .debug_line    0x0000000000010d4c      0xc56 ./Peripheral/src/ch32v20x_pwr.o
 .debug_line    0x00000000000119a2     0x127e ./Peripheral/src/ch32v20x_rcc.o
 .debug_line    0x0000000000012c20      0xa90 ./Peripheral/src/ch32v20x_rtc.o
 .debug_line    0x00000000000136b0     0x31db ./Peripheral/src/ch32v20x_tim.o
 .debug_line    0x000000000001688b      0xf61 ./Peripheral/src/ch32v20x_usart.o
 .debug_line    0x00000000000177ec      0x82a ./Debug/debug.o

.debug_str      0x0000000000000000     0x4b93
 .debug_str     0x0000000000000000      0x64f ./User/Calculation.o
                                        0x6cc (size before relaxing)
 .debug_str     0x000000000000064f       0xed ./User/ch32v20x_it.o
                                        0x6a5 (size before relaxing)
 .debug_str     0x000000000000073c     0x164c ./User/main.o
                                       0x1dbf (size before relaxing)
 .debug_str     0x0000000000001d88      0x2e2 ./User/param_table.o
                                        0xa95 (size before relaxing)
 .debug_str     0x000000000000206a      0x1b0 ./User/rtc.o
                                        0x829 (size before relaxing)
 .debug_str     0x000000000000221a      0x296 ./User/strip_detect.o
                                        0xf74 (size before relaxing)
 .debug_str     0x00000000000024b0       0xf2 ./User/system_ch32v20x.o
                                        0x6bf (size before relaxing)
 .debug_str     0x00000000000025a2       0x33 ./User/system_state.o
                                        0x6a1 (size before relaxing)
 .debug_str     0x00000000000025d5      0x3ac ./User/uart_protocol.o
                                        0xd24 (size before relaxing)
 .debug_str     0x0000000000002981       0x33 ./User/uart_protocol_stubs.o
                                        0x8ff (size before relaxing)
 .debug_str     0x00000000000029b4       0x2d ./Startup/startup_ch32v20x_D6.o
                                         0x76 (size before relaxing)
 .debug_str     0x00000000000029e1      0x40e ./Peripheral/src/ch32v20x_adc.o
                                        0xc37 (size before relaxing)
 .debug_str     0x0000000000002def      0x376 ./Peripheral/src/ch32v20x_bkp.o
                                        0xac5 (size before relaxing)
 .debug_str     0x0000000000003165       0xcb ./Peripheral/src/ch32v20x_dma.o
                                        0x813 (size before relaxing)
 .debug_str     0x0000000000003230      0x401 ./Peripheral/src/ch32v20x_flash.o
                                        0xb3f (size before relaxing)
 .debug_str     0x0000000000003631      0x236 ./Peripheral/src/ch32v20x_gpio.o
                                        0x9dc (size before relaxing)
 .debug_str     0x0000000000003867       0x9c ./Peripheral/src/ch32v20x_misc.o
                                        0xa9e (size before relaxing)
 .debug_str     0x0000000000003903       0x56 ./Peripheral/src/ch32v20x_opa.o
                                        0x6db (size before relaxing)
 .debug_str     0x0000000000003959      0x1a0 ./Peripheral/src/ch32v20x_pwr.o
                                        0x87c (size before relaxing)
 .debug_str     0x0000000000003af9      0x34c ./Peripheral/src/ch32v20x_rcc.o
                                        0xaee (size before relaxing)
 .debug_str     0x0000000000003e45      0x14b ./Peripheral/src/ch32v20x_rtc.o
                                        0x826 (size before relaxing)
 .debug_str     0x0000000000003f90      0x8bb ./Peripheral/src/ch32v20x_tim.o
                                       0x12d9 (size before relaxing)
 .debug_str     0x000000000000484b      0x2dd ./Peripheral/src/ch32v20x_usart.o
                                        0xb0a (size before relaxing)
 .debug_str     0x0000000000004b28       0x6b ./Debug/debug.o
                                        0x931 (size before relaxing)

.comment        0x0000000000000000       0x32
 .comment       0x0000000000000000       0x32 ./User/Calculation.o
                                         0x33 (size before relaxing)
 .comment       0x0000000000000032       0x33 ./User/ch32v20x_it.o
 .comment       0x0000000000000032       0x33 ./User/main.o
 .comment       0x0000000000000032       0x33 ./User/param_table.o
 .comment       0x0000000000000032       0x33 ./User/rtc.o
 .comment       0x0000000000000032       0x33 ./User/strip_detect.o
 .comment       0x0000000000000032       0x33 ./User/system_ch32v20x.o
 .comment       0x0000000000000032       0x33 ./User/system_state.o
 .comment       0x0000000000000032       0x33 ./User/uart_protocol.o
 .comment       0x0000000000000032       0x33 ./User/uart_protocol_stubs.o
 .comment       0x0000000000000032       0x33 ./Peripheral/src/ch32v20x_adc.o
 .comment       0x0000000000000032       0x33 ./Peripheral/src/ch32v20x_bkp.o
 .comment       0x0000000000000032       0x33 ./Peripheral/src/ch32v20x_dma.o
 .comment       0x0000000000000032       0x33 ./Peripheral/src/ch32v20x_flash.o
 .comment       0x0000000000000032       0x33 ./Peripheral/src/ch32v20x_gpio.o
 .comment       0x0000000000000032       0x33 ./Peripheral/src/ch32v20x_misc.o
 .comment       0x0000000000000032       0x33 ./Peripheral/src/ch32v20x_opa.o
 .comment       0x0000000000000032       0x33 ./Peripheral/src/ch32v20x_pwr.o
 .comment       0x0000000000000032       0x33 ./Peripheral/src/ch32v20x_rcc.o
 .comment       0x0000000000000032       0x33 ./Peripheral/src/ch32v20x_rtc.o
 .comment       0x0000000000000032       0x33 ./Peripheral/src/ch32v20x_tim.o
 .comment       0x0000000000000032       0x33 ./Peripheral/src/ch32v20x_usart.o
 .comment       0x0000000000000032       0x33 ./Debug/debug.o
 .comment       0x0000000000000032       0x33 /Applications/MounRiver Studio 2.app/Contents/Resources/app/resources/darwin/components/WCH/Toolchain/RISC-V Embedded GCC/bin/../lib/gcc/riscv-none-embed/8.2.0/rv32imacxw/ilp32/libgcc.a(addsf3.o)
 .comment       0x0000000000000032       0x33 /Applications/MounRiver Studio 2.app/Contents/Resources/app/resources/darwin/components/WCH/Toolchain/RISC-V Embedded GCC/bin/../lib/gcc/riscv-none-embed/8.2.0/rv32imacxw/ilp32/libgcc.a(divsf3.o)
 .comment       0x0000000000000032       0x33 /Applications/MounRiver Studio 2.app/Contents/Resources/app/resources/darwin/components/WCH/Toolchain/RISC-V Embedded GCC/bin/../lib/gcc/riscv-none-embed/8.2.0/rv32imacxw/ilp32/libgcc.a(gesf2.o)
 .comment       0x0000000000000032       0x33 /Applications/MounRiver Studio 2.app/Contents/Resources/app/resources/darwin/components/WCH/Toolchain/RISC-V Embedded GCC/bin/../lib/gcc/riscv-none-embed/8.2.0/rv32imacxw/ilp32/libgcc.a(lesf2.o)
 .comment       0x0000000000000032       0x33 /Applications/MounRiver Studio 2.app/Contents/Resources/app/resources/darwin/components/WCH/Toolchain/RISC-V Embedded GCC/bin/../lib/gcc/riscv-none-embed/8.2.0/rv32imacxw/ilp32/libgcc.a(mulsf3.o)
 .comment       0x0000000000000032       0x33 /Applications/MounRiver Studio 2.app/Contents/Resources/app/resources/darwin/components/WCH/Toolchain/RISC-V Embedded GCC/bin/../lib/gcc/riscv-none-embed/8.2.0/rv32imacxw/ilp32/libgcc.a(subsf3.o)
 .comment       0x0000000000000032       0x33 /Applications/MounRiver Studio 2.app/Contents/Resources/app/resources/darwin/components/WCH/Toolchain/RISC-V Embedded GCC/bin/../lib/gcc/riscv-none-embed/8.2.0/rv32imacxw/ilp32/libgcc.a(fixunssfsi.o)
 .comment       0x0000000000000032       0x33 /Applications/MounRiver Studio 2.app/Contents/Resources/app/resources/darwin/components/WCH/Toolchain/RISC-V Embedded GCC/bin/../lib/gcc/riscv-none-embed/8.2.0/rv32imacxw/ilp32/libgcc.a(floatsisf.o)
 .comment       0x0000000000000032       0x33 /Applications/MounRiver Studio 2.app/Contents/Resources/app/resources/darwin/components/WCH/Toolchain/RISC-V Embedded GCC/bin/../lib/gcc/riscv-none-embed/8.2.0/rv32imacxw/ilp32/libgcc.a(floatunsisf.o)
 .comment       0x0000000000000032       0x33 /Applications/MounRiver Studio 2.app/Contents/Resources/app/resources/darwin/components/WCH/Toolchain/RISC-V Embedded GCC/bin/../lib/gcc/riscv-none-embed/8.2.0/rv32imacxw/ilp32/libgcc.a(extendsfdf2.o)