Archive member included to satisfy reference by file (symbol)

/Applications/MounRiver Studio 2.app/Contents/Resources/app/resources/darwin/components/WCH/Toolchain/RISC-V Embedded GCC/bin/../lib/gcc/riscv-none-embed/8.2.0/rv32imacxw/ilp32/libgcc.a(gesf2.o)
                              ./User/strip_detect.o (__gtsf2)
/Applications/MounRiver Studio 2.app/Contents/Resources/app/resources/darwin/components/WCH/Toolchain/RISC-V Embedded GCC/bin/../lib/gcc/riscv-none-embed/8.2.0/rv32imacxw/ilp32/libgcc.a(mulsf3.o)
                              ./User/strip_detect.o (__mulsf3)
/Applications/MounRiver Studio 2.app/Contents/Resources/app/resources/darwin/components/WCH/Toolchain/RISC-V Embedded GCC/bin/../lib/gcc/riscv-none-embed/8.2.0/rv32imacxw/ilp32/libgcc.a(floatunsisf.o)
                              ./User/strip_detect.o (__floatunsisf)
/Applications/MounRiver Studio 2.app/Contents/Resources/app/resources/darwin/components/WCH/Toolchain/RISC-V Embedded GCC/bin/../lib/gcc/riscv-none-embed/8.2.0/rv32imacxw/ilp32/libgcc.a(extendsfdf2.o)
                              ./User/strip_detect.o (__extendsfdf2)
/Applications/MounRiver Studio 2.app/Contents/Resources/app/resources/darwin/components/WCH/Toolchain/RISC-V Embedded GCC/bin/../lib/gcc/riscv-none-embed/8.2.0/rv32imacxw/ilp32/libgcc.a(save-restore.o)
                              ./User/rtc.o (__riscv_save_9)
/Applications/MounRiver Studio 2.app/Contents/Resources/app/resources/darwin/components/WCH/Toolchain/RISC-V Embedded GCC/bin/../lib/gcc/riscv-none-embed/8.2.0/rv32imacxw/ilp32/libgcc.a(_clzsi2.o)
                              /Applications/MounRiver Studio 2.app/Contents/Resources/app/resources/darwin/components/WCH/Toolchain/RISC-V Embedded GCC/bin/../lib/gcc/riscv-none-embed/8.2.0/rv32imacxw/ilp32/libgcc.a(mulsf3.o) (__clzsi2)
/Applications/MounRiver Studio 2.app/Contents/Resources/app/resources/darwin/components/WCH/Toolchain/RISC-V Embedded GCC/bin/../lib/gcc/riscv-none-embed/8.2.0/rv32imacxw/ilp32/libgcc.a(_clz.o)
                              /Applications/MounRiver Studio 2.app/Contents/Resources/app/resources/darwin/components/WCH/Toolchain/RISC-V Embedded GCC/bin/../lib/gcc/riscv-none-embed/8.2.0/rv32imacxw/ilp32/libgcc.a(_clzsi2.o) (__clz_tab)
/Applications/MounRiver Studio 2.app/Contents/Resources/app/resources/darwin/components/WCH/Toolchain/RISC-V Embedded GCC/bin/../lib/gcc/riscv-none-embed/8.2.0/../../../../riscv-none-embed/lib/rv32imacxw/ilp32/libg_nano.a(lib_a-memcpy.o)
                              ./User/main.o (memcpy)
/Applications/MounRiver Studio 2.app/Contents/Resources/app/resources/darwin/components/WCH/Toolchain/RISC-V Embedded GCC/bin/../lib/gcc/riscv-none-embed/8.2.0/../../../../riscv-none-embed/lib/rv32imacxw/ilp32/libg_nano.a(lib_a-memset.o)
                              ./User/main.o (memset)
/Applications/MounRiver Studio 2.app/Contents/Resources/app/resources/darwin/components/WCH/Toolchain/RISC-V Embedded GCC/bin/../lib/gcc/riscv-none-embed/8.2.0/../../../../riscv-none-embed/lib/rv32imacxw/ilp32/libg_nano.a(lib_a-printf.o)
                              ./User/main.o (printf)
/Applications/MounRiver Studio 2.app/Contents/Resources/app/resources/darwin/components/WCH/Toolchain/RISC-V Embedded GCC/bin/../lib/gcc/riscv-none-embed/8.2.0/../../../../riscv-none-embed/lib/rv32imacxw/ilp32/libg_nano.a(lib_a-puts.o)
                              ./User/main.o (puts)
/Applications/MounRiver Studio 2.app/Contents/Resources/app/resources/darwin/components/WCH/Toolchain/RISC-V Embedded GCC/bin/../lib/gcc/riscv-none-embed/8.2.0/../../../../riscv-none-embed/lib/rv32imacxw/ilp32/libg_nano.a(lib_a-wbuf.o)
                              /Applications/MounRiver Studio 2.app/Contents/Resources/app/resources/darwin/components/WCH/Toolchain/RISC-V Embedded GCC/bin/../lib/gcc/riscv-none-embed/8.2.0/../../../../riscv-none-embed/lib/rv32imacxw/ilp32/libg_nano.a(lib_a-puts.o) (__swbuf_r)
/Applications/MounRiver Studio 2.app/Contents/Resources/app/resources/darwin/components/WCH/Toolchain/RISC-V Embedded GCC/bin/../lib/gcc/riscv-none-embed/8.2.0/../../../../riscv-none-embed/lib/rv32imacxw/ilp32/libg_nano.a(lib_a-wsetup.o)
                              /Applications/MounRiver Studio 2.app/Contents/Resources/app/resources/darwin/components/WCH/Toolchain/RISC-V Embedded GCC/bin/../lib/gcc/riscv-none-embed/8.2.0/../../../../riscv-none-embed/lib/rv32imacxw/ilp32/libg_nano.a(lib_a-puts.o) (__swsetup_r)
/Applications/MounRiver Studio 2.app/Contents/Resources/app/resources/darwin/components/WCH/Toolchain/RISC-V Embedded GCC/bin/../lib/gcc/riscv-none-embed/8.2.0/../../../../riscv-none-embed/lib/rv32imacxw/ilp32/libg_nano.a(lib_a-fflush.o)
                              /Applications/MounRiver Studio 2.app/Contents/Resources/app/resources/darwin/components/WCH/Toolchain/RISC-V Embedded GCC/bin/../lib/gcc/riscv-none-embed/8.2.0/../../../../riscv-none-embed/lib/rv32imacxw/ilp32/libg_nano.a(lib_a-wbuf.o) (_fflush_r)
[...]
Memory Configuration

Name             Origin             Length             Attributes
FLASH            0x0000000000000000 0x0000000000010000 xr
RAM              0x0000000020000000 0x0000000000005000 xrw
*default*        0x0000000000000000 0xffffffffffffffff

Linker script and memory map

LOAD ./User/ch32v20x_it.o
LOAD ./User/main.o
LOAD ./User/param_table.o
LOAD ./User/rtc.o
LOAD ./User/strip_detect.o
LOAD ./User/system_ch32v20x.o
LOAD ./User/system_state.o
LOAD ./User/uart_protocol.o
LOAD ./User/uart_protocol_stubs.o
LOAD ./Startup/startup_ch32v20x_D6.o
LOAD ./Peripheral/src/ch32v20x_adc.o
LOAD ./Peripheral/src/ch32v20x_bkp.o
LOAD ./Peripheral/src/ch32v20x_can.o
LOAD ./Peripheral/src/ch32v20x_crc.o
LOAD ./Peripheral/src/ch32v20x_dbgmcu.o
LOAD ./Peripheral/src/ch32v20x_dma.o
LOAD ./Peripheral/src/ch32v20x_exti.o
LOAD ./Peripheral/src/ch32v20x_flash.o
LOAD ./Peripheral/src/ch32v20x_gpio.o
LOAD ./Peripheral/src/ch32v20x_i2c.o
LOAD ./Peripheral/src/ch32v20x_iwdg.o
LOAD ./Peripheral/src/ch32v20x_misc.o
LOAD ./Peripheral/src/ch32v20x_opa.o
LOAD ./Peripheral/src/ch32v20x_pwr.o
LOAD ./Peripheral/src/ch32v20x_rcc.o
LOAD ./Peripheral/src/ch32v20x_rtc.o
LOAD ./Peripheral/src/ch32v20x_spi.o
LOAD ./Peripheral/src/ch32v20x_tim.o
LOAD ./Peripheral/src/ch32v20x_usart.o
LOAD ./Peripheral/src/ch32v20x_wwdg.o
LOAD ./Debug/debug.o
LOAD ./Core/core_riscv.o
LOAD /Applications/MounRiver Studio 2.app/Contents/Resources/app/resources/darwin/components/WCH/Toolchain/RISC-V Embedded GCC/bin/../lib/gcc/riscv-none-embed/8.2.0/rv32imacxw/ilp32/libgcc.a
LOAD /Applications/MounRiver Studio 2.app/Contents/Resources/app/resources/darwin/components/WCH/Toolchain/RISC-V Embedded GCC/bin/../lib/gcc/riscv-none-embed/8.2.0/../../../../riscv-none-embed/lib/rv32imacxw/ilp32/libg_nano.a
LOAD /Applications/MounRiver Studio 2.app/Contents/Resources/app/resources/darwin/components/WCH/Toolchain/RISC-V Embedded GCC/bin/../lib/gcc/riscv-none-embed/8.2.0/../../../../riscv-none-embed/lib/rv32imacxw/ilp32/libc_nano.a
LOAD /Applications/MounRiver Studio 2.app/Contents/Resources/app/resources/darwin/components/WCH/Toolchain/RISC-V Embedded GCC/bin/../lib/gcc/riscv-none-embed/8.2.0/rv32imacxw/ilp32/libgcc.a
START GROUP
LOAD /Applications/MounRiver Studio 2.app/Contents/Resources/app/resources/darwin/components/WCH/Toolchain/RISC-V Embedded GCC/bin/../lib/gcc/riscv-none-embed/8.2.0/rv32imacxw/ilp32/libgcc.a
LOAD /Applications/MounRiver Studio 2.app/Contents/Resources/app/resources/darwin/components/WCH/Toolchain/RISC-V Embedded GCC/bin/../lib/gcc/riscv-none-embed/8.2.0/../../../../riscv-none-embed/lib/rv32imacxw/ilp32/libc_nano.a
LOAD /Applications/MounRiver Studio 2.app/Contents/Resources/app/resources/darwin/components/WCH/Toolchain/RISC-V Embedded GCC/bin/../lib/gcc/riscv-none-embed/8.2.0/../../../../riscv-none-embed/lib/rv32imacxw/ilp32/libnosys.a
END GROUP
START GROUP
LOAD /Applications/MounRiver Studio 2.app/Contents/Resources/app/resources/darwin/components/WCH/Toolchain/RISC-V Embedded GCC/bin/../lib/gcc/riscv-none-embed/8.2.0/rv32imacxw/ilp32/libgcc.a
LOAD /Applications/MounRiver Studio 2.app/Contents/Resources/app/resources/darwin/components/WCH/Toolchain/RISC-V Embedded GCC/bin/../lib/gcc/riscv-none-embed/8.2.0/../../../../riscv-none-embed/lib/rv32imacxw/ilp32/libc_nano.a
LOAD /Applications/MounRiver Studio 2.app/Contents/Resources/app/resources/darwin/components/WCH/Toolchain/RISC-V Embedded GCC/bin/../lib/gcc/riscv-none-embed/8.2.0/../../../../riscv-none-embed/lib/rv32imacxw/ilp32/libnosys.a
END GROUP
                0x0000000000000800                __stack_size = 0x800
                [!provide]                        PROVIDE (_stack_size = __stack_size)

.init           0x0000000000000000        0x4
                0x0000000000000000                _sinit = .
                0x0000000000000000                . = ALIGN (0x4)
 *(SORT_NONE(.init))
 .init          0x0000000000000000        0x4 ./Startup/startup_ch32v20x_D6.o
                0x0000000000000000                _start
                0x0000000000000004                . = ALIGN (0x4)
                0x0000000000000004                _einit = .

.vector         0x0000000000000004       0xfc
 *(.vector)
 .vector        0x0000000000000004       0xfc ./Startup/startup_ch32v20x_D6.o
                0x0000000000000100                . = ALIGN (0x40)

.text           0x0000000000000100     0x49a8
                0x0000000000000100                . = ALIGN (0x4)
 *(.text)
 .text          0x0000000000000100       0x60 /Applications/MounRiver Studio 2.app/Contents/Resources/app/resources/darwin/components/WCH/Toolchain/RISC-V Embedded GCC/bin/../lib/gcc/riscv-none-embed/8.2.0/rv32imacxw/ilp32/libgcc.a(save-restore.o)
                0x0000000000000100                __riscv_save_12
                0x0000000000000108                __riscv_save_10
                0x0000000000000108                __riscv_save_8
                0x0000000000000108                __riscv_save_11
                0x0000000000000108                __riscv_save_9
                0x0000000000000116                __riscv_save_4
                0x0000000000000116                __riscv_save_7
                0x0000000000000116                __riscv_save_6
                0x0000000000000116                __riscv_save_5
                0x0000000000000130                __riscv_save_3
                0x0000000000000130                __riscv_save_2
                0x0000000000000130                __riscv_save_0
                0x0000000000000130                __riscv_save_1
                0x000000000000013c                __riscv_restore_12
                0x0000000000000140                __riscv_restore_8
                0x0000000000000140                __riscv_restore_10
                0x0000000000000140                __riscv_restore_9
                0x0000000000000140                __riscv_restore_11
                0x000000000000014a                __riscv_restore_5
                0x000000000000014a                __riscv_restore_7
                0x000000000000014a                __riscv_restore_4
                0x000000000000014a                __riscv_restore_6
                0x0000000000000154                __riscv_restore_3
                0x0000000000000154                __riscv_restore_1
                0x0000000000000154                __riscv_restore_0
                0x0000000000000154                __riscv_restore_2
 .text          0x0000000000000160       0xa8 /Applications/MounRiver Studio 2.app/Contents/Resources/app/resources/darwin/components/WCH/Toolchain/RISC-V Embedded GCC/bin/../lib/gcc/riscv-none-embed/8.2.0/../../../../riscv-none-embed/lib/rv32imacxw/ilp32/libg_nano.a(lib_a-memset.o)
                0x0000000000000160                memset
 *(.text.*)
 .text.NMI_Handler
                0x0000000000000208        0x2 ./User/ch32v20x_it.o
                0x0000000000000208                NMI_Handler
 .text.HardFault_Handler
                0x000000000000020a       0x10 ./User/ch32v20x_it.o
                0x000000000000020a                HardFault_Handler
 .text.USARTx_CFG
                0x000000000000021a       0xa4 ./User/main.o
                0x000000000000021a                USARTx_CFG
 .text.DMA_INIT
                0x00000000000002be       0x96 ./User/main.o
                0x00000000000002be                DMA_INIT
 .text.ring_buffer_push_huge
                0x0000000000000354       0x9a ./User/main.o
                0x0000000000000354                ring_buffer_push_huge
 .text.OPA2_Init
                0x00000000000003ee       0x62 ./User/main.o
                0x00000000000003ee                OPA2_Init
 .text.TIM1_PWM_Init
                0x0000000000000450       0xde ./User/main.o
                0x0000000000000450                TIM1_PWM_Init
 .text.State_Process
                0x000000000000052e       0xf0 ./User/main.o
                0x000000000000052e                State_Process
 .text.startup.main
                0x000000000000061e      0x10a ./User/main.o
                0x000000000000061e                main
 .text.USART2_IRQHandler
                0x0000000000000728       0xce ./User/main.o
                0x0000000000000728                USART2_IRQHandler
 .text.DMA1_Channel6_IRQHandler
                0x00000000000007f6       0x8e ./User/main.o
                0x00000000000007f6                DMA1_Channel6_IRQHandler
 .text.PARAM_GetByte
                0x0000000000000884       0x16 ./User/param_table.o
                0x0000000000000884                PARAM_GetByte
 .text.PARAM_SetByte
                0x000000000000089a       0x12 ./User/param_table.o
                0x000000000000089a                PARAM_SetByte
 .text.PARAM_GetWord
                0x00000000000008ac       0x1c ./User/param_table.o
                0x00000000000008ac                PARAM_GetWord
 .text.PARAM_SetWord
                0x00000000000008c8       0x16 ./User/param_table.o
                0x00000000000008c8                PARAM_SetWord
 .text.PARAM_VerifyChecksum
                0x00000000000008de       0x34 ./User/param_table.o
                0x00000000000008de                PARAM_VerifyChecksum
 .text.PARAM_UpdateChecksum
                0x0000000000000912       0x3e ./User/param_table.o
                0x0000000000000912                PARAM_UpdateChecksum
 .text.PARAM_SaveToFlash
                0x0000000000000950       0x3a ./User/param_table.o
                0x0000000000000950                PARAM_SaveToFlash
 .text.PARAM_LoadFromFlash
                0x000000000000098a       0x26 ./User/param_table.o
                0x000000000000098a                PARAM_LoadFromFlash
 .text.PARAM_SetDefault
                0x00000000000009b0       0xf4 ./User/param_table.o
                0x00000000000009b0                PARAM_SetDefault
 .text.PARAM_Init
                0x0000000000000aa4       0x2e ./User/param_table.o
                0x0000000000000aa4                PARAM_Init
 .text.StripType_GetName
                0x0000000000000ad2       0x20 ./User/param_table.o
                0x0000000000000ad2                StripType_GetName
 .text.Unit_GetSymbol
                0x0000000000000af2       0x20 ./User/param_table.o
                0x0000000000000af2                Unit_GetSymbol
 .text.PARAM_GetDateTime
                0x0000000000000b12       0x42 ./User/param_table.o
                0x0000000000000b12                PARAM_GetDateTime
 .text.PARAM_SetDateTime
                0x0000000000000b54       0x6a ./User/param_table.o
                0x0000000000000b54                PARAM_SetDateTime
 .text.PARAM_GetStripParameters
                0x0000000000000bbe       0x5a ./User/param_table.o
                0x0000000000000bbe                PARAM_GetStripParameters
 .text.RTC_SetTime
                0x0000000000000c18       0xca ./User/rtc.o
                0x0000000000000c18                RTC_SetTime
 .text.RTC_GetTime
                0x0000000000000ce2       0xa6 ./User/rtc.o
                0x0000000000000ce2                RTC_GetTime
 .text.RTC_SyncWithParam
                0x0000000000000d88       0x4a ./User/rtc.o
                0x0000000000000d88                RTC_SyncWithParam
 .text.RTC_Init
                0x0000000000000dd2       0x5e ./User/rtc.o
                0x0000000000000dd2                RTC_Init
 .text.RTC_UpdateParam
                0x0000000000000e30       0x60 ./User/rtc.o
                0x0000000000000e30                RTC_UpdateParam
 .text.RTC_Config
                0x0000000000000e90       0x76 ./User/rtc.o
                0x0000000000000e90                RTC_Config
 .text.STRIP_DETECT_DetermineStripType
                0x0000000000000f06       0x62 ./User/strip_detect.o
 .text.STRIP_DETECT_UpdateWPWMDuty
                0x0000000000000f68       0x60 ./User/strip_detect.o
 .text.STRIP_DETECT_ReadADC.constprop.0
                0x0000000000000fc8       0x3a ./User/strip_detect.o
 .text.STRIP_DETECT_Init
                0x0000000000001002       0xdc ./User/strip_detect.o
                0x0000000000001002                STRIP_DETECT_Init
 .text.STRIP_DETECT_Process
                0x00000000000010de      0x114 ./User/strip_detect.o
                0x00000000000010de                STRIP_DETECT_Process
 .text.STRIP_DETECT_HandleInsertedEvent
                0x00000000000011f2       0x9c ./User/strip_detect.o
                0x00000000000011f2                STRIP_DETECT_HandleInsertedEvent
 .text.STRIP_DETECT_GetStripType
                0x000000000000128e        0xa ./User/strip_detect.o
                0x000000000000128e                STRIP_DETECT_GetStripType
 .text.STRIP_DETECT_SetPinStatus
                0x0000000000001298        0xe ./User/strip_detect.o
                0x0000000000001298                STRIP_DETECT_SetPinStatus
 .text.SystemInit
                0x00000000000012a6       0x8e ./User/system_ch32v20x.o
                0x00000000000012a6                SystemInit
 .text.System_SetState
                0x0000000000001334       0x24 ./User/system_state.o
                0x0000000000001334                System_SetState
 .text.System_GetState
                0x0000000000001358        0x6 ./User/system_state.o
                0x0000000000001358                System_GetState
 .text.UART_Protocol_Init
                0x000000000000135e       0x44 ./User/uart_protocol.o
                0x000000000000135e                UART_Protocol_Init
 .text.UART_CalculateChecksum
                0x00000000000013a2       0x22 ./User/uart_protocol.o
                0x00000000000013a2                UART_CalculateChecksum
 .text.UART_SendPacket.part.1
                0x00000000000013c4       0x8a ./User/uart_protocol.o
 .text.UART_VerifyChecksum
                0x000000000000144e       0x2c ./User/uart_protocol.o
                0x000000000000144e                UART_VerifyChecksum
 .text.UART_SendPacket
                0x000000000000147a       0x16 ./User/uart_protocol.o
                0x000000000000147a                UART_SendPacket
 .text.UART_SendSyncTimeAck
                0x0000000000001490       0x18 ./User/uart_protocol.o
                0x0000000000001490                UART_SendSyncTimeAck
 .text.UART_SendStatusAck
                0x00000000000014a8       0x46 ./User/uart_protocol.o
                0x00000000000014a8                UART_SendStatusAck
 .text.UART_SendParamAck
                0x00000000000014ee       0x18 ./User/uart_protocol.o
                0x00000000000014ee                UART_SendParamAck
 .text.UART_SendBloodNotify
                0x0000000000001506       0x18 ./User/uart_protocol.o
                0x0000000000001506                UART_SendBloodNotify
 .text.UART_SendResultAck
                0x000000000000151e       0xb2 ./User/uart_protocol.o
                0x000000000000151e                UART_SendResultAck
 .text.UART_SendRawDataAck
                0x00000000000015d0      0x146 ./User/uart_protocol.o
                0x00000000000015d0                UART_SendRawDataAck
 .text.UART_SendErrorAck
                0x0000000000001716       0x1c ./User/uart_protocol.o
                0x0000000000001716                UART_SendErrorAck
 .text.UART_ProcessSyncTime
                0x0000000000001732       0xfe ./User/uart_protocol.o
                0x0000000000001732                UART_ProcessSyncTime
 .text.UART_ProcessGetStatus
                0x0000000000001830       0x34 ./User/uart_protocol.o
                0x0000000000001830                UART_ProcessGetStatus
 .text.UART_ProcessSetParam
                0x0000000000001864       0x4c ./User/uart_protocol.o
                0x0000000000001864                UART_ProcessSetParam
 .text.UART_ProcessCheckBlood
                0x00000000000018b0       0x50 ./User/uart_protocol.o
                0x00000000000018b0                UART_ProcessCheckBlood
 .text.UART_ProcessGetResult
                0x0000000000001900       0x76 ./User/uart_protocol.o
                0x0000000000001900                UART_ProcessGetResult
 .text.UART_ProcessGetRawData
                0x0000000000001976       0x44 ./User/uart_protocol.o
                0x0000000000001976                UART_ProcessGetRawData
 .text.UART2_Receive_Byte_ISR
                0x00000000000019ba       0xee ./User/uart_protocol.o
                0x00000000000019ba                UART2_Receive_Byte_ISR
 .text.UART_ProcessStripInsertedCmd
                0x0000000000001aa8       0x82 ./User/uart_protocol.o
                0x0000000000001aa8                UART_ProcessStripInsertedCmd
 .text.UART_ProcessPacket
                0x0000000000001b2a       0x96 ./User/uart_protocol.o
                0x0000000000001b2a                UART_ProcessPacket
 .text.UART_Protocol_Process
                0x0000000000001bc0       0x44 ./User/uart_protocol.o
                0x0000000000001bc0                UART_Protocol_Process
 .text.UART_SendStripTypeAck
                0x0000000000001c04       0x3c ./User/uart_protocol.o
                0x0000000000001c04                UART_SendStripTypeAck
 .text.Get_Battery_Voltage
                0x0000000000001c40        0xe ./User/uart_protocol_stubs.o
                0x0000000000001c40                Get_Battery_Voltage
 .text.Get_Temperature
                0x0000000000001c4e        0x6 ./User/uart_protocol_stubs.o
                0x0000000000001c4e                Get_Temperature
 .text.Check_Strip_Status
                0x0000000000001c54        0x4 ./User/uart_protocol_stubs.o
                0x0000000000001c54                Check_Strip_Status
 .text.Check_Blood_Status
                0x0000000000001c58       0x20 ./User/uart_protocol_stubs.o
                0x0000000000001c58                Check_Blood_Status
 .text.Perform_Test
                0x0000000000001c78        0x4 ./User/uart_protocol_stubs.o
                0x0000000000001c78                Perform_Test
 .text.Get_Test_Data
                0x0000000000001c7c       0x7a ./User/uart_protocol_stubs.o
                0x0000000000001c7c                Get_Test_Data
 .text.Get_Raw_Test_Data
                0x0000000000001cf6       0x90 ./User/uart_protocol_stubs.o
                0x0000000000001cf6                Get_Raw_Test_Data
 .text.vector_handler
                0x0000000000001d86        0x2 ./Startup/startup_ch32v20x_D6.o
                0x0000000000001d86                USBWakeUp_IRQHandler
                0x0000000000001d86                TIM1_CC_IRQHandler
                0x0000000000001d86                SysTick_Handler
                0x0000000000001d86                PVD_IRQHandler
                0x0000000000001d86                EXTI3_IRQHandler
                0x0000000000001d86                USBFS_IRQHandler
                0x0000000000001d86                EXTI0_IRQHandler
                0x0000000000001d86                I2C2_EV_IRQHandler
                0x0000000000001d86                ADC1_2_IRQHandler
                0x0000000000001d86                Break_Point_Handler
                0x0000000000001d86                SPI1_IRQHandler
                0x0000000000001d86                TAMPER_IRQHandler
                0x0000000000001d86                Ecall_M_Mode_Handler
                0x0000000000001d86                DMA1_Channel4_IRQHandler
                0x0000000000001d86                USART3_IRQHandler
                0x0000000000001d86                RTC_IRQHandler
                0x0000000000001d86                DMA1_Channel7_IRQHandler
                0x0000000000001d86                CAN1_RX1_IRQHandler
                0x0000000000001d86                TIM4_IRQHandler
                0x0000000000001d86                I2C1_EV_IRQHandler
                0x0000000000001d86                UART4_IRQHandler
                0x0000000000001d86                TIM3_IRQHandler
                0x0000000000001d86                RCC_IRQHandler
                0x0000000000001d86                TIM1_TRG_COM_IRQHandler
                0x0000000000001d86                DMA1_Channel1_IRQHandler
                0x0000000000001d86                EXTI15_10_IRQHandler
                0x0000000000001d86                DMA1_Channel8_IRQHandler
                0x0000000000001d86                EXTI9_5_IRQHandler
                0x0000000000001d86                SPI2_IRQHandler
                0x0000000000001d86                DMA1_Channel5_IRQHandler
                0x0000000000001d86                EXTI4_IRQHandler
                0x0000000000001d86                USB_LP_CAN1_RX0_IRQHandler
                0x0000000000001d86                USB_HP_CAN1_TX_IRQHandler
                0x0000000000001d86                DMA1_Channel3_IRQHandler
                0x0000000000001d86                TIM1_UP_IRQHandler
                0x0000000000001d86                WWDG_IRQHandler
                0x0000000000001d86                Ecall_U_Mode_Handler
                0x0000000000001d86                TIM2_IRQHandler
                0x0000000000001d86                SW_Handler
                0x0000000000001d86                TIM1_BRK_IRQHandler
                0x0000000000001d86                EXTI1_IRQHandler
                0x0000000000001d86                RTCAlarm_IRQHandler
                0x0000000000001d86                I2C2_ER_IRQHandler
                0x0000000000001d86                DMA1_Channel2_IRQHandler
                0x0000000000001d86                CAN1_SCE_IRQHandler
                0x0000000000001d86                FLASH_IRQHandler
                0x0000000000001d86                USBFSWakeUp_IRQHandler
                0x0000000000001d86                USART1_IRQHandler
                0x0000000000001d86                I2C1_ER_IRQHandler
                0x0000000000001d86                EXTI2_IRQHandler
 .text.handle_reset
                0x0000000000001d88       0x86 ./Startup/startup_ch32v20x_D6.o
                0x0000000000001d88                handle_reset
 .text.ADC_DeInit
                0x0000000000001e0e       0x40 ./Peripheral/src/ch32v20x_adc.o
                0x0000000000001e0e                ADC_DeInit
 .text.ADC_Init
                0x0000000000001e4e       0x56 ./Peripheral/src/ch32v20x_adc.o
                0x0000000000001e4e                ADC_Init
 .text.ADC_Cmd  0x0000000000001ea4       0x10 ./Peripheral/src/ch32v20x_adc.o
                0x0000000000001ea4                ADC_Cmd
 .text.ADC_ResetCalibration
                0x0000000000001eb4        0xa ./Peripheral/src/ch32v20x_adc.o
                0x0000000000001eb4                ADC_ResetCalibration
 .text.ADC_GetResetCalibrationStatus
                0x0000000000001ebe        0x8 ./Peripheral/src/ch32v20x_adc.o
                0x0000000000001ebe                ADC_GetResetCalibrationStatus
 .text.ADC_StartCalibration
                0x0000000000001ec6        0xa ./Peripheral/src/ch32v20x_adc.o
                0x0000000000001ec6                ADC_StartCalibration
 .text.ADC_GetCalibrationStatus
                0x0000000000001ed0        0x8 ./Peripheral/src/ch32v20x_adc.o
                0x0000000000001ed0                ADC_GetCalibrationStatus
 .text.ADC_SoftwareStartConvCmd
                0x0000000000001ed8       0x18 ./Peripheral/src/ch32v20x_adc.o
                0x0000000000001ed8                ADC_SoftwareStartConvCmd
 .text.ADC_RegularChannelConfig
                0x0000000000001ef0       0xb8 ./Peripheral/src/ch32v20x_adc.o
                0x0000000000001ef0                ADC_RegularChannelConfig
 .text.ADC_GetConversionValue
                0x0000000000001fa8        0x8 ./Peripheral/src/ch32v20x_adc.o
                0x0000000000001fa8                ADC_GetConversionValue
 .text.ADC_GetFlagStatus
                0x0000000000001fb0        0xa ./Peripheral/src/ch32v20x_adc.o
                0x0000000000001fb0                ADC_GetFlagStatus
 .text.BKP_DeInit
                0x0000000000001fba       0x10 ./Peripheral/src/ch32v20x_bkp.o
                0x0000000000001fba                BKP_DeInit
 .text.BKP_WriteBackupRegister
                0x0000000000001fca       0x1c ./Peripheral/src/ch32v20x_bkp.o
                0x0000000000001fca                BKP_WriteBackupRegister
 .text.BKP_ReadBackupRegister
                0x0000000000001fe6       0x1c ./Peripheral/src/ch32v20x_bkp.o
                0x0000000000001fe6                BKP_ReadBackupRegister
 .text.DMA_DeInit
                0x0000000000002002       0x9c ./Peripheral/src/ch32v20x_dma.o
                0x0000000000002002                DMA_DeInit
 .text.DMA_Init
                0x000000000000209e       0x38 ./Peripheral/src/ch32v20x_dma.o
                0x000000000000209e                DMA_Init
 .text.DMA_Cmd  0x00000000000020d6       0x14 ./Peripheral/src/ch32v20x_dma.o
                0x00000000000020d6                DMA_Cmd
 .text.DMA_ITConfig
                0x00000000000020ea       0x12 ./Peripheral/src/ch32v20x_dma.o
                0x00000000000020ea                DMA_ITConfig
 .text.DMA_SetCurrDataCounter
                0x00000000000020fc        0x4 ./Peripheral/src/ch32v20x_dma.o
                0x00000000000020fc                DMA_SetCurrDataCounter
 .text.DMA_ClearITPendingBit
                0x0000000000002100        0x8 ./Peripheral/src/ch32v20x_dma.o
                0x0000000000002100                DMA_ClearITPendingBit
 .text.FLASH_Unlock
                0x0000000000002108       0x1a ./Peripheral/src/ch32v20x_flash.o
                0x0000000000002108                FLASH_Unlock
 .text.FLASH_Lock
                0x0000000000002122        0xe ./Peripheral/src/ch32v20x_flash.o
                0x0000000000002122                FLASH_Lock
 .text.FLASH_GetBank1Status
                0x0000000000002130       0x18 ./Peripheral/src/ch32v20x_flash.o
                0x0000000000002130                FLASH_GetBank1Status
 .text.FLASH_WaitForLastOperation
                0x0000000000002148       0x20 ./Peripheral/src/ch32v20x_flash.o
                0x0000000000002148                FLASH_WaitForLastOperation
 .text.FLASH_ErasePage
                0x0000000000002168       0x3c ./Peripheral/src/ch32v20x_flash.o
                0x0000000000002168                FLASH_ErasePage
 .text.FLASH_ProgramHalfWord
                0x00000000000021a4       0x38 ./Peripheral/src/ch32v20x_flash.o
                0x00000000000021a4                FLASH_ProgramHalfWord
 .text.GPIO_Init
                0x00000000000021dc       0xf2 ./Peripheral/src/ch32v20x_gpio.o
                0x00000000000021dc                GPIO_Init
 .text.GPIO_SetBits
                0x00000000000022ce       0x14 ./Peripheral/src/ch32v20x_gpio.o
                0x00000000000022ce                GPIO_SetBits
 .text.GPIO_ResetBits
                0x00000000000022e2       0x14 ./Peripheral/src/ch32v20x_gpio.o
                0x00000000000022e2                GPIO_ResetBits
 .text.NVIC_PriorityGroupConfig
                0x00000000000022f6        0x6 ./Peripheral/src/ch32v20x_misc.o
                0x00000000000022f6                NVIC_PriorityGroupConfig
 .text.NVIC_Init
                0x00000000000022fc       0x54 ./Peripheral/src/ch32v20x_misc.o
                0x00000000000022fc                NVIC_Init
 .text.OPA_Init
                0x0000000000002350       0x36 ./Peripheral/src/ch32v20x_opa.o
                0x0000000000002350                OPA_Init
 .text.OPA_Cmd  0x0000000000002386       0x2c ./Peripheral/src/ch32v20x_opa.o
                0x0000000000002386                OPA_Cmd
 .text.PWR_BackupAccessCmd
                0x00000000000023b2       0x16 ./Peripheral/src/ch32v20x_pwr.o
                0x00000000000023b2                PWR_BackupAccessCmd
 .text.RCC_ADCCLKConfig
                0x00000000000023c8       0x12 ./Peripheral/src/ch32v20x_rcc.o
                0x00000000000023c8                RCC_ADCCLKConfig
 .text.RCC_LSICmd
                0x00000000000023da       0x14 ./Peripheral/src/ch32v20x_rcc.o
                0x00000000000023da                RCC_LSICmd
 .text.RCC_RTCCLKConfig
                0x00000000000023ee        0xc ./Peripheral/src/ch32v20x_rcc.o
                0x00000000000023ee                RCC_RTCCLKConfig
 .text.RCC_RTCCLKCmd
                0x00000000000023fa       0x20 ./Peripheral/src/ch32v20x_rcc.o
                0x00000000000023fa                RCC_RTCCLKCmd
 .text.RCC_GetClocksFreq
                0x000000000000241a       0xbe ./Peripheral/src/ch32v20x_rcc.o
                0x000000000000241a                RCC_GetClocksFreq
 .text.RCC_AHBPeriphClockCmd
                0x00000000000024d8       0x1e ./Peripheral/src/ch32v20x_rcc.o
                0x00000000000024d8                RCC_AHBPeriphClockCmd
 .text.RCC_APB2PeriphClockCmd
                0x00000000000024f6       0x1e ./Peripheral/src/ch32v20x_rcc.o
                0x00000000000024f6                RCC_APB2PeriphClockCmd
 .text.RCC_APB1PeriphClockCmd
                0x0000000000002514       0x1e ./Peripheral/src/ch32v20x_rcc.o
                0x0000000000002514                RCC_APB1PeriphClockCmd
 .text.RCC_APB2PeriphResetCmd
                0x0000000000002532       0x1e ./Peripheral/src/ch32v20x_rcc.o
                0x0000000000002532                RCC_APB2PeriphResetCmd
 .text.RCC_BackupResetCmd
                0x0000000000002550       0x20 ./Peripheral/src/ch32v20x_rcc.o
                0x0000000000002550                RCC_BackupResetCmd
 .text.RCC_GetFlagStatus
                0x0000000000002570       0x2e ./Peripheral/src/ch32v20x_rcc.o
                0x0000000000002570                RCC_GetFlagStatus
 .text.RTC_ITConfig
                0x000000000000259e       0x1a ./Peripheral/src/ch32v20x_rtc.o
                0x000000000000259e                RTC_ITConfig
 .text.RTC_EnterConfigMode
                0x00000000000025b8       0x12 ./Peripheral/src/ch32v20x_rtc.o
                0x00000000000025b8                RTC_EnterConfigMode
 .text.RTC_ExitConfigMode
                0x00000000000025ca       0x18 ./Peripheral/src/ch32v20x_rtc.o
                0x00000000000025ca                RTC_ExitConfigMode
 .text.RTC_GetCounter
                0x00000000000025e2       0x5a ./Peripheral/src/ch32v20x_rtc.o
                0x00000000000025e2                RTC_GetCounter
 .text.RTC_SetCounter
                0x000000000000263c       0x2c ./Peripheral/src/ch32v20x_rtc.o
                0x000000000000263c                RTC_SetCounter
 .text.RTC_SetPrescaler
                0x0000000000002668       0x2e ./Peripheral/src/ch32v20x_rtc.o
                0x0000000000002668                RTC_SetPrescaler
 .text.RTC_WaitForLastTask
                0x0000000000002696       0x10 ./Peripheral/src/ch32v20x_rtc.o
                0x0000000000002696                RTC_WaitForLastTask
 .text.RTC_WaitForSynchro
                0x00000000000026a6       0x24 ./Peripheral/src/ch32v20x_rtc.o
                0x00000000000026a6                RTC_WaitForSynchro
 .text.TIM_TimeBaseInit
                0x00000000000026ca       0x6a ./Peripheral/src/ch32v20x_tim.o
                0x00000000000026ca                TIM_TimeBaseInit
 .text.TIM_OC3Init
                0x0000000000002734       0x94 ./Peripheral/src/ch32v20x_tim.o
                0x0000000000002734                TIM_OC3Init
 .text.TIM_BDTRConfig
                0x00000000000027c8       0x20 ./Peripheral/src/ch32v20x_tim.o
                0x00000000000027c8                TIM_BDTRConfig
 .text.TIM_Cmd  0x00000000000027e8       0x18 ./Peripheral/src/ch32v20x_tim.o
                0x00000000000027e8                TIM_Cmd
 .text.TIM_CtrlPWMOutputs
                0x0000000000002800       0x16 ./Peripheral/src/ch32v20x_tim.o
                0x0000000000002800                TIM_CtrlPWMOutputs
 .text.TIM_ARRPreloadConfig
                0x0000000000002816       0x1a ./Peripheral/src/ch32v20x_tim.o
                0x0000000000002816                TIM_ARRPreloadConfig
 .text.TIM_OC3PreloadConfig
                0x0000000000002830        0xe ./Peripheral/src/ch32v20x_tim.o
                0x0000000000002830                TIM_OC3PreloadConfig
 .text.TIM_SetCompare3
                0x000000000000283e        0x4 ./Peripheral/src/ch32v20x_tim.o
                0x000000000000283e                TIM_SetCompare3
 .text.USART_Init
                0x0000000000002842       0x90 ./Peripheral/src/ch32v20x_usart.o
                0x0000000000002842                USART_Init
 .text.USART_Cmd
                0x00000000000028d2       0x16 ./Peripheral/src/ch32v20x_usart.o
                0x00000000000028d2                USART_Cmd
 .text.USART_ITConfig
                0x00000000000028e8       0x36 ./Peripheral/src/ch32v20x_usart.o
                0x00000000000028e8                USART_ITConfig
 .text.USART_DMACmd
                0x000000000000291e       0x12 ./Peripheral/src/ch32v20x_usart.o
                0x000000000000291e                USART_DMACmd
 .text.USART_SendData
                0x0000000000002930        0x8 ./Peripheral/src/ch32v20x_usart.o
                0x0000000000002930                USART_SendData
 .text.USART_ReceiveData
                0x0000000000002938        0x8 ./Peripheral/src/ch32v20x_usart.o
                0x0000000000002938                USART_ReceiveData
 .text.USART_GetFlagStatus
                0x0000000000002940        0xa ./Peripheral/src/ch32v20x_usart.o
                0x0000000000002940                USART_GetFlagStatus
 .text.USART_GetITStatus
                0x000000000000294a       0x3c ./Peripheral/src/ch32v20x_usart.o
                0x000000000000294a                USART_GetITStatus
 .text.Delay_Init
                0x0000000000002986       0x2a ./Debug/debug.o
                0x0000000000002986                Delay_Init
 .text.Delay_Ms
                0x00000000000029b0       0x36 ./Debug/debug.o
                0x00000000000029b0                Delay_Ms
 .text.USART_Printf_Init
                0x00000000000029e6       0x5a ./Debug/debug.o
                0x00000000000029e6                USART_Printf_Init
 .text._write   0x0000000000002a40       0x3e ./Debug/debug.o
                0x0000000000002a40                _write
 .text._sbrk    0x0000000000002a7e       0x26 ./Debug/debug.o
                0x0000000000002a7e                _sbrk
 .text.__gesf2  0x0000000000002aa4       0x86 /Applications/MounRiver Studio 2.app/Contents/Resources/app/resources/darwin/components/WCH/Toolchain/RISC-V Embedded GCC/bin/../lib/gcc/riscv-none-embed/8.2.0/rv32imacxw/ilp32/libgcc.a(gesf2.o)
                0x0000000000002aa4                __gtsf2
                0x0000000000002aa4                __gesf2
 .text.__mulsf3
                0x0000000000002b2a      0x290 /Applications/MounRiver Studio 2.app/Contents/Resources/app/resources/darwin/components/WCH/Toolchain/RISC-V Embedded GCC/bin/../lib/gcc/riscv-none-embed/8.2.0/rv32imacxw/ilp32/libgcc.a(mulsf3.o)
                0x0000000000002b2a                __mulsf3
 .text.__floatunsisf
                0x0000000000002dba       0xce /Applications/MounRiver Studio 2.app/Contents/Resources/app/resources/darwin/components/WCH/Toolchain/RISC-V Embedded GCC/bin/../lib/gcc/riscv-none-embed/8.2.0/rv32imacxw/ilp32/libgcc.a(floatunsisf.o)
                0x0000000000002dba                __floatunsisf
 .text.__extendsfdf2
                0x0000000000002e88       0xac /Applications/MounRiver Studio 2.app/Contents/Resources/app/resources/darwin/components/WCH/Toolchain/RISC-V Embedded GCC/bin/../lib/gcc/riscv-none-embed/8.2.0/rv32imacxw/ilp32/libgcc.a(extendsfdf2.o)
                0x0000000000002e88                __extendsfdf2
 .text.__clzsi2
                0x0000000000002f34       0x6e /Applications/MounRiver Studio 2.app/Contents/Resources/app/resources/darwin/components/WCH/Toolchain/RISC-V Embedded GCC/bin/../lib/gcc/riscv-none-embed/8.2.0/rv32imacxw/ilp32/libgcc.a(_clzsi2.o)
                0x0000000000002f34                __clzsi2
 .text.memcpy   0x0000000000002fa2       0xb2 /Applications/MounRiver Studio 2.app/Contents/Resources/app/resources/darwin/components/WCH/Toolchain/RISC-V Embedded GCC/bin/../lib/gcc/riscv-none-embed/8.2.0/../../../../riscv-none-embed/lib/rv32imacxw/ilp32/libg_nano.a(lib_a-memcpy.o)
                0x0000000000002fa2                memcpy
 .text.printf   0x0000000000003054       0x40 /Applications/MounRiver Studio 2.app/Contents/Resources/app/resources/darwin/components/WCH/Toolchain/RISC-V Embedded GCC/bin/../lib/gcc/riscv-none-embed/8.2.0/../../../../riscv-none-embed/lib/rv32imacxw/ilp32/libg_nano.a(lib_a-printf.o)
                0x0000000000003054                printf
                0x0000000000003054                iprintf
 .text._puts_r  0x0000000000003094       0xd4 /Applications/MounRiver Studio 2.app/Contents/Resources/app/resources/darwin/components/WCH/Toolchain/RISC-V Embedded GCC/bin/../lib/gcc/riscv-none-embed/8.2.0/../../../../riscv-none-embed/lib/rv32imacxw/ilp32/libg_nano.a(lib_a-puts.o)
                0x0000000000003094                _puts_r
 .text.puts     0x0000000000003168        0xc /Applications/MounRiver Studio 2.app/Contents/Resources/app/resources/darwin/components/WCH/Toolchain/RISC-V Embedded GCC/bin/../lib/gcc/riscv-none-embed/8.2.0/../../../../riscv-none-embed/lib/rv32imacxw/ilp32/libg_nano.a(lib_a-puts.o)
                0x0000000000003168                puts
 .text.__swbuf_r
                0x0000000000003174       0xbc /Applications/MounRiver Studio 2.app/Contents/Resources/app/resources/darwin/components/WCH/Toolchain/RISC-V Embedded GCC/bin/../lib/gcc/riscv-none-embed/8.2.0/../../../../riscv-none-embed/lib/rv32imacxw/ilp32/libg_nano.a(lib_a-wbuf.o)
                0x0000000000003174                __swbuf_r
 .text.__swsetup_r
                0x0000000000003230       0xfc /Applications/MounRiver Studio 2.app/Contents/Resources/app/resources/darwin/components/WCH/Toolchain/RISC-V Embedded GCC/bin/../lib/gcc/riscv-none-embed/8.2.0/../../../../riscv-none-embed/lib/rv32imacxw/ilp32/libg_nano.a(lib_a-wsetup.o)
                0x0000000000003230                __swsetup_r
 .text.__sflush_r
                0x000000000000332c      0x130 /Applications/MounRiver Studio 2.app/Contents/Resources/app/resources/darwin/components/WCH/Toolchain/RISC-V Embedded GCC/bin/../lib/gcc/riscv-none-embed/8.2.0/../../../../riscv-none-embed/lib/rv32imacxw/ilp32/libg_nano.a(lib_a-fflush.o)
                0x000000000000332c                __sflush_r
 .text._fflush_r
                0x000000000000345c       0x66 /Applications/MounRiver Studio 2.app/Contents/Resources/app/resources/darwin/components/WCH/Toolchain/RISC-V Embedded GCC/bin/../lib/gcc/riscv-none-embed/8.2.0/../../../../riscv-none-embed/lib/rv32imacxw/ilp32/libg_nano.a(lib_a-fflush.o)
                0x000000000000345c                _fflush_r
 .text.std      0x00000000000034c2       0x66 /Applications/MounRiver Studio 2.app/Contents/Resources/app/resources/darwin/components/WCH/Toolchain/RISC-V Embedded GCC/bin/../lib/gcc/riscv-none-embed/8.2.0/../../../../riscv-none-embed/lib/rv32imacxw/ilp32/libg_nano.a(lib_a-findfp.o)
 .text._cleanup_r
                0x0000000000003528        0xa /Applications/MounRiver Studio 2.app/Contents/Resources/app/resources/darwin/components/WCH/Toolchain/RISC-V Embedded GCC/bin/../lib/gcc/riscv-none-embed/8.2.0/../../../../riscv-none-embed/lib/rv32imacxw/ilp32/libg_nano.a(lib_a-findfp.o)
                0x0000000000003528                _cleanup_r
 .text.__sfmoreglue
                0x0000000000003532       0x46 /Applications/MounRiver Studio 2.app/Contents/Resources/app/resources/darwin/components/WCH/Toolchain/RISC-V Embedded GCC/bin/../lib/gcc/riscv-none-embed/8.2.0/../../../../riscv-none-embed/lib/rv32imacxw/ilp32/libg_nano.a(lib_a-findfp.o)
                0x0000000000003532                __sfmoreglue
 .text.__sinit  0x0000000000003578       0x6c /Applications/MounRiver Studio 2.app/Contents/Resources/app/resources/darwin/components/WCH/Toolchain/RISC-V Embedded GCC/bin/../lib/gcc/riscv-none-embed/8.2.0/../../../../riscv-none-embed/lib/rv32imacxw/ilp32/libg_nano.a(lib_a-findfp.o)
                0x0000000000003578                __sinit
 .text.__sfp    0x00000000000035e4       0xa0 /Applications/MounRiver Studio 2.app/Contents/Resources/app/resources/darwin/components/WCH/Toolchain/RISC-V Embedded GCC/bin/../lib/gcc/riscv-none-embed/8.2.0/../../../../riscv-none-embed/lib/rv32imacxw/ilp32/libg_nano.a(lib_a-findfp.o)
                0x00000000000035e4                __sfp
 .text._fwalk_reent
                0x0000000000003684       0x6a /Applications/MounRiver Studio 2.app/Contents/Resources/app/resources/darwin/components/WCH/Toolchain/RISC-V Embedded GCC/bin/../lib/gcc/riscv-none-embed/8.2.0/../../../../riscv-none-embed/lib/rv32imacxw/ilp32/libg_nano.a(lib_a-fwalk.o)
                0x0000000000003684                _fwalk_reent
 .text.__swhatbuf_r
                0x00000000000036ee       0x58 /Applications/MounRiver Studio 2.app/Contents/Resources/app/resources/darwin/components/WCH/Toolchain/RISC-V Embedded GCC/bin/../lib/gcc/riscv-none-embed/8.2.0/../../../../riscv-none-embed/lib/rv32imacxw/ilp32/libg_nano.a(lib_a-makebuf.o)
                0x00000000000036ee                __swhatbuf_r
 .text.__smakebuf_r
                0x0000000000003746       0x92 /Applications/MounRiver Studio 2.app/Contents/Resources/app/resources/darwin/components/WCH/Toolchain/RISC-V Embedded GCC/bin/../lib/gcc/riscv-none-embed/8.2.0/../../../../riscv-none-embed/lib/rv32imacxw/ilp32/libg_nano.a(lib_a-makebuf.o)
                0x0000000000003746                __smakebuf_r
 .text._free_r  0x00000000000037d8       0xa8 /Applications/MounRiver Studio 2.app/Contents/Resources/app/resources/darwin/components/WCH/Toolchain/RISC-V Embedded GCC/bin/../lib/gcc/riscv-none-embed/8.2.0/../../../../riscv-none-embed/lib/rv32imacxw/ilp32/libg_nano.a(lib_a-nano-freer.o)
                0x00000000000037d8                _free_r
 .text._malloc_r
                0x0000000000003880       0xd4 /Applications/MounRiver Studio 2.app/Contents/Resources/app/resources/darwin/components/WCH/Toolchain/RISC-V Embedded GCC/bin/../lib/gcc/riscv-none-embed/8.2.0/../../../../riscv-none-embed/lib/rv32imacxw/ilp32/libg_nano.a(lib_a-nano-mallocr.o)
                0x0000000000003880                _malloc_r
 .text.__sfputc_r
                0x0000000000003954       0x28 /Applications/MounRiver Studio 2.app/Contents/Resources/app/resources/darwin/components/WCH/Toolchain/RISC-V Embedded GCC/bin/../lib/gcc/riscv-none-embed/8.2.0/../../../../riscv-none-embed/lib/rv32imacxw/ilp32/libg_nano.a(lib_a-nano-vfprintf.o)
 .text.__sfputs_r
                0x000000000000397c       0x42 /Applications/MounRiver Studio 2.app/Contents/Resources/app/resources/darwin/components/WCH/Toolchain/RISC-V Embedded GCC/bin/../lib/gcc/riscv-none-embed/8.2.0/../../../../riscv-none-embed/lib/rv32imacxw/ilp32/libg_nano.a(lib_a-nano-vfprintf.o)
                0x000000000000397c                __sfputs_r
 .text._vfprintf_r
                0x00000000000039be      0x288 /Applications/MounRiver Studio 2.app/Contents/Resources/app/resources/darwin/components/WCH/Toolchain/RISC-V Embedded GCC/bin/../lib/gcc/riscv-none-embed/8.2.0/../../../../riscv-none-embed/lib/rv32imacxw/ilp32/libg_nano.a(lib_a-nano-vfprintf.o)
                0x00000000000039be                _vfiprintf_r
                0x00000000000039be                _vfprintf_r
 .text._printf_common
                0x0000000000003c46      0x10c /Applications/MounRiver Studio 2.app/Contents/Resources/app/resources/darwin/components/WCH/Toolchain/RISC-V Embedded GCC/bin/../lib/gcc/riscv-none-embed/8.2.0/../../../../riscv-none-embed/lib/rv32imacxw/ilp32/libg_nano.a(lib_a-nano-vfprintf_i.o)
                0x0000000000003c46                _printf_common
 .text._printf_i
                0x0000000000003d52      0x2a2 /Applications/MounRiver Studio 2.app/Contents/Resources/app/resources/darwin/components/WCH/Toolchain/RISC-V Embedded GCC/bin/../lib/gcc/riscv-none-embed/8.2.0/../../../../riscv-none-embed/lib/rv32imacxw/ilp32/libg_nano.a(lib_a-nano-vfprintf_i.o)
                0x0000000000003d52                _printf_i
 .text._sbrk_r  0x0000000000003ff4       0x2a /Applications/MounRiver Studio 2.app/Contents/Resources/app/resources/darwin/components/WCH/Toolchain/RISC-V Embedded GCC/bin/../lib/gcc/riscv-none-embed/8.2.0/../../../../riscv-none-embed/lib/rv32imacxw/ilp32/libg_nano.a(lib_a-sbrkr.o)
                0x0000000000003ff4                _sbrk_r
 .text.__sread  0x000000000000401e       0x2c /Applications/MounRiver Studio 2.app/Contents/Resources/app/resources/darwin/components/WCH/Toolchain/RISC-V Embedded GCC/bin/../lib/gcc/riscv-none-embed/8.2.0/../../../../riscv-none-embed/lib/rv32imacxw/ilp32/libg_nano.a(lib_a-stdio.o)
                0x000000000000401e                __sread
 .text.__swrite
                0x000000000000404a       0x48 /Applications/MounRiver Studio 2.app/Contents/Resources/app/resources/darwin/components/WCH/Toolchain/RISC-V Embedded GCC/bin/../lib/gcc/riscv-none-embed/8.2.0/../../../../riscv-none-embed/lib/rv32imacxw/ilp32/libg_nano.a(lib_a-stdio.o)
                0x000000000000404a                __swrite
 .text.__sseek  0x0000000000004092       0x30 /Applications/MounRiver Studio 2.app/Contents/Resources/app/resources/darwin/components/WCH/Toolchain/RISC-V Embedded GCC/bin/../lib/gcc/riscv-none-embed/8.2.0/../../../../riscv-none-embed/lib/rv32imacxw/ilp32/libg_nano.a(lib_a-stdio.o)
                0x0000000000004092                __sseek
 .text.__sclose
                0x00000000000040c2        0x6 /Applications/MounRiver Studio 2.app/Contents/Resources/app/resources/darwin/components/WCH/Toolchain/RISC-V Embedded GCC/bin/../lib/gcc/riscv-none-embed/8.2.0/../../../../riscv-none-embed/lib/rv32imacxw/ilp32/libg_nano.a(lib_a-stdio.o)
                0x00000000000040c2                __sclose
 .text._write_r
                0x00000000000040c8       0x2e /Applications/MounRiver Studio 2.app/Contents/Resources/app/resources/darwin/components/WCH/Toolchain/RISC-V Embedded GCC/bin/../lib/gcc/riscv-none-embed/8.2.0/../../../../riscv-none-embed/lib/rv32imacxw/ilp32/libg_nano.a(lib_a-writer.o)
                0x00000000000040c8                _write_r
 .text._close_r
                0x00000000000040f6       0x28 /Applications/MounRiver Studio 2.app/Contents/Resources/app/resources/darwin/components/WCH/Toolchain/RISC-V Embedded GCC/bin/../lib/gcc/riscv-none-embed/8.2.0/../../../../riscv-none-embed/lib/rv32imacxw/ilp32/libg_nano.a(lib_a-closer.o)
                0x00000000000040f6                _close_r
 .text._fstat_r
                0x000000000000411e       0x2a /Applications/MounRiver Studio 2.app/Contents/Resources/app/resources/darwin/components/WCH/Toolchain/RISC-V Embedded GCC/bin/../lib/gcc/riscv-none-embed/8.2.0/../../../../riscv-none-embed/lib/rv32imacxw/ilp32/libg_nano.a(lib_a-fstatr.o)
                0x000000000000411e                _fstat_r
 .text._isatty_r
                0x0000000000004148       0x28 /Applications/MounRiver Studio 2.app/Contents/Resources/app/resources/darwin/components/WCH/Toolchain/RISC-V Embedded GCC/bin/../lib/gcc/riscv-none-embed/8.2.0/../../../../riscv-none-embed/lib/rv32imacxw/ilp32/libg_nano.a(lib_a-isattyr.o)
                0x0000000000004148                _isatty_r
 .text._lseek_r
                0x0000000000004170       0x2c /Applications/MounRiver Studio 2.app/Contents/Resources/app/resources/darwin/components/WCH/Toolchain/RISC-V Embedded GCC/bin/../lib/gcc/riscv-none-embed/8.2.0/../../../../riscv-none-embed/lib/rv32imacxw/ilp32/libg_nano.a(lib_a-lseekr.o)
                0x0000000000004170                _lseek_r
 .text.memchr   0x000000000000419c       0x18 /Applications/MounRiver Studio 2.app/Contents/Resources/app/resources/darwin/components/WCH/Toolchain/RISC-V Embedded GCC/bin/../lib/gcc/riscv-none-embed/8.2.0/../../../../riscv-none-embed/lib/rv32imacxw/ilp32/libg_nano.a(lib_a-memchr.o)
                0x000000000000419c                memchr
 .text.__malloc_lock
                0x00000000000041b4        0x2 /Applications/MounRiver Studio 2.app/Contents/Resources/app/resources/darwin/components/WCH/Toolchain/RISC-V Embedded GCC/bin/../lib/gcc/riscv-none-embed/8.2.0/../../../../riscv-none-embed/lib/rv32imacxw/ilp32/libg_nano.a(lib_a-mlock.o)
                0x00000000000041b4                __malloc_lock
 .text.__malloc_unlock
                0x00000000000041b6        0x2 /Applications/MounRiver Studio 2.app/Contents/Resources/app/resources/darwin/components/WCH/Toolchain/RISC-V Embedded GCC/bin/../lib/gcc/riscv-none-embed/8.2.0/../../../../riscv-none-embed/lib/rv32imacxw/ilp32/libg_nano.a(lib_a-mlock.o)
                0x00000000000041b6                __malloc_unlock
 .text._read_r  0x00000000000041b8       0x2c /Applications/MounRiver Studio 2.app/Contents/Resources/app/resources/darwin/components/WCH/Toolchain/RISC-V Embedded GCC/bin/../lib/gcc/riscv-none-embed/8.2.0/../../../../riscv-none-embed/lib/rv32imacxw/ilp32/libg_nano.a(lib_a-readr.o)
                0x00000000000041b8                _read_r
 .text._close   0x00000000000041e4        0xc /Applications/MounRiver Studio 2.app/Contents/Resources/app/resources/darwin/components/WCH/Toolchain/RISC-V Embedded GCC/bin/../lib/gcc/riscv-none-embed/8.2.0/../../../../riscv-none-embed/lib/rv32imacxw/ilp32/libnosys.a(close.o)
                0x00000000000041e4                _close
 .text._fstat   0x00000000000041f0        0xc /Applications/MounRiver Studio 2.app/Contents/Resources/app/resources/darwin/components/WCH/Toolchain/RISC-V Embedded GCC/bin/../lib/gcc/riscv-none-embed/8.2.0/../../../../riscv-none-embed/lib/rv32imacxw/ilp32/libnosys.a(fstat.o)
                0x00000000000041f0                _fstat
 .text._isatty  0x00000000000041fc        0xc /Applications/MounRiver Studio 2.app/Contents/Resources/app/resources/darwin/components/WCH/Toolchain/RISC-V Embedded GCC/bin/../lib/gcc/riscv-none-embed/8.2.0/../../../../riscv-none-embed/lib/rv32imacxw/ilp32/libnosys.a(isatty.o)
                0x00000000000041fc                _isatty
 .text._lseek   0x0000000000004208        0xc /Applications/MounRiver Studio 2.app/Contents/Resources/app/resources/darwin/components/WCH/Toolchain/RISC-V Embedded GCC/bin/../lib/gcc/riscv-none-embed/8.2.0/../../../../riscv-none-embed/lib/rv32imacxw/ilp32/libnosys.a(lseek.o)
                0x0000000000004208                _lseek
 .text._read    0x0000000000004214        0xc /Applications/MounRiver Studio 2.app/Contents/Resources/app/resources/darwin/components/WCH/Toolchain/RISC-V Embedded GCC/bin/../lib/gcc/riscv-none-embed/8.2.0/../../../../riscv-none-embed/lib/rv32imacxw/ilp32/libnosys.a(read.o)
                0x0000000000004214                _read
 *(.rodata)
 .rodata        0x0000000000004220        0xd ./User/rtc.o
 *(.rodata*)
 *fill*         0x000000000000422d        0x3 
 .rodata.OPA2_Init.str1.4
                0x0000000000004230       0x12 ./User/main.o
 *fill*         0x0000000000004242        0x2 
 .rodata.State_Process.str1.4
                0x0000000000004244       0xc7 ./User/main.o
 *fill*         0x000000000000430b        0x1 
 .rodata.TIM1_PWM_Init.str1.4
                0x000000000000430c       0x2b ./User/main.o
 *fill*         0x0000000000004337        0x1 
 .rodata.main.str1.4
                0x0000000000004338       0xe7 ./User/main.o
 *fill*         0x000000000000441f        0x1 
 .rodata.CSWTCH.10
                0x0000000000004420        0xa ./User/param_table.o
 *fill*         0x000000000000442a        0x2 
 .rodata.CSWTCH.11
                0x000000000000442c        0xa ./User/param_table.o
 *fill*         0x0000000000004436        0x2 
 .rodata.CSWTCH.12
                0x0000000000004438        0xa ./User/param_table.o
 *fill*         0x0000000000004442        0x2 
 .rodata.CSWTCH.4
                0x0000000000004444       0x14 ./User/param_table.o
 .rodata.CSWTCH.5
                0x0000000000004458        0xc ./User/param_table.o
 .rodata.PARAM_Init.str1.4
                0x0000000000004464       0x5a ./User/param_table.o
 *fill*         0x00000000000044be        0x2 
 .rodata.StripType_GetName.str1.4
                0x00000000000044c0        0x8 ./User/param_table.o
 .rodata.Unit_GetSymbol.str1.4
                0x00000000000044c8        0x2 ./User/param_table.o
 *fill*         0x00000000000044ca        0x2 
 .rodata.str1.4
                0x00000000000044cc       0x64 ./User/param_table.o
 .rodata.RTC_Config.str1.4
                0x0000000000004530       0x57 ./User/rtc.o
 *fill*         0x0000000000004587        0x1 
 .rodata.RTC_Init.str1.4
                0x0000000000004588       0x11 ./User/rtc.o
 *fill*         0x0000000000004599        0x3 
 .rodata.RTC_SetTime.str1.4
                0x000000000000459c       0x2e ./User/rtc.o
 *fill*         0x00000000000045ca        0x2 
 .rodata.RTC_SyncWithParam.str1.4
                0x00000000000045cc       0x4d ./User/rtc.o
 *fill*         0x0000000000004619        0x3 
 .rodata.RTC_UpdateParam.str1.4
                0x000000000000461c       0x6a ./User/rtc.o
 *fill*         0x0000000000004686        0x2 
 .rodata.STRIP_DETECT_UpdateWPWMDuty
                0x0000000000004688       0x14 ./User/strip_detect.o
 .rodata.STRIP_DETECT_DetermineStripType.cst4
                0x000000000000469c        0x4 ./User/strip_detect.o
 .rodata.STRIP_DETECT_HandleInsertedEvent.str1.4
                0x00000000000046a0       0x3d ./User/strip_detect.o
 *fill*         0x00000000000046dd        0x3 
 .rodata.STRIP_DETECT_Init.str1.4
                0x00000000000046e0       0x24 ./User/strip_detect.o
 .rodata.STRIP_DETECT_Process.cst4
                0x0000000000004704        0x8 ./User/strip_detect.o
 .rodata.STRIP_DETECT_Process.str1.4
                0x000000000000470c       0x7c ./User/strip_detect.o
 .rodata.System_SetState.str1.4
                0x0000000000004788       0x19 ./User/system_state.o
 *fill*         0x00000000000047a1        0x3 
 .rodata.UART2_Receive_Byte_ISR
                0x00000000000047a4       0x18 ./User/uart_protocol.o
 .rodata.UART_ProcessStripInsertedCmd.str1.4
                0x00000000000047bc       0xbc ./User/uart_protocol.o
 .rodata.UART_Protocol_Init.str1.4
                0x0000000000004878       0x1b ./User/uart_protocol.o
 *fill*         0x0000000000004893        0x1 
 .rodata.UART_SendStripTypeAck.str1.4
                0x0000000000004894       0x2c ./User/uart_protocol.o
 .rodata.Get_Raw_Test_Data.str1.4
                0x00000000000048c0        0xb ./User/uart_protocol_stubs.o
 *fill*         0x00000000000048cb        0x1 
 .rodata.__mulsf3
                0x00000000000048cc       0x40 /Applications/MounRiver Studio 2.app/Contents/Resources/app/resources/darwin/components/WCH/Toolchain/RISC-V Embedded GCC/bin/../lib/gcc/riscv-none-embed/8.2.0/rv32imacxw/ilp32/libgcc.a(mulsf3.o)
 .rodata.__clz_tab
                0x000000000000490c      0x100 /Applications/MounRiver Studio 2.app/Contents/Resources/app/resources/darwin/components/WCH/Toolchain/RISC-V Embedded GCC/bin/../lib/gcc/riscv-none-embed/8.2.0/rv32imacxw/ilp32/libgcc.a(_clz.o)
                0x000000000000490c                __clz_tab
 .rodata.__sf_fake_stderr
                0x0000000000004a0c       0x20 /Applications/MounRiver Studio 2.app/Contents/Resources/app/resources/darwin/components/WCH/Toolchain/RISC-V Embedded GCC/bin/../lib/gcc/riscv-none-embed/8.2.0/../../../../riscv-none-embed/lib/rv32imacxw/ilp32/libg_nano.a(lib_a-findfp.o)
                0x0000000000004a0c                __sf_fake_stderr
 .rodata.__sf_fake_stdin
                0x0000000000004a2c       0x20 /Applications/MounRiver Studio 2.app/Contents/Resources/app/resources/darwin/components/WCH/Toolchain/RISC-V Embedded GCC/bin/../lib/gcc/riscv-none-embed/8.2.0/../../../../riscv-none-embed/lib/rv32imacxw/ilp32/libg_nano.a(lib_a-findfp.o)
                0x0000000000004a2c                __sf_fake_stdin
 .rodata.__sf_fake_stdout
                0x0000000000004a4c       0x20 /Applications/MounRiver Studio 2.app/Contents/Resources/app/resources/darwin/components/WCH/Toolchain/RISC-V Embedded GCC/bin/../lib/gcc/riscv-none-embed/8.2.0/../../../../riscv-none-embed/lib/rv32imacxw/ilp32/libg_nano.a(lib_a-findfp.o)
                0x0000000000004a4c                __sf_fake_stdout
 .rodata._vfprintf_r.str1.4
                0x0000000000004a6c       0x13 /Applications/MounRiver Studio 2.app/Contents/Resources/app/resources/darwin/components/WCH/Toolchain/RISC-V Embedded GCC/bin/../lib/gcc/riscv-none-embed/8.2.0/../../../../riscv-none-embed/lib/rv32imacxw/ilp32/libg_nano.a(lib_a-nano-vfprintf.o)
 *fill*         0x0000000000004a7f        0x1 
 .rodata._printf_i.str1.4
                0x0000000000004a80       0x28 /Applications/MounRiver Studio 2.app/Contents/Resources/app/resources/darwin/components/WCH/Toolchain/RISC-V Embedded GCC/bin/../lib/gcc/riscv-none-embed/8.2.0/../../../../riscv-none-embed/lib/rv32imacxw/ilp32/libg_nano.a(lib_a-nano-vfprintf_i.o)
                                         0x25 (size before relaxing)
 *(.gnu.linkonce.t.*)
                0x0000000000004aa8                . = ALIGN (0x4)

.rela.dyn       0x0000000000004aa8        0x0
 .rela.init     0x0000000000004aa8        0x0 ./User/ch32v20x_it.o
 .rela.vector   0x0000000000004aa8        0x0 ./User/ch32v20x_it.o
 .rela.text.handle_reset
                0x0000000000004aa8        0x0 ./User/ch32v20x_it.o
 .rela.text._sbrk
                0x0000000000004aa8        0x0 ./User/ch32v20x_it.o
 .rela.sdata.curbrk.4652
                0x0000000000004aa8        0x0 ./User/ch32v20x_it.o
 .rela.text._vfprintf_r
                0x0000000000004aa8        0x0 ./User/ch32v20x_it.o
 .rela.text._sbrk_r
                0x0000000000004aa8        0x0 ./User/ch32v20x_it.o
 .rela.text._write_r
                0x0000000000004aa8        0x0 ./User/ch32v20x_it.o
 .rela.text._close_r
                0x0000000000004aa8        0x0 ./User/ch32v20x_it.o
 .rela.text._fstat_r
                0x0000000000004aa8        0x0 ./User/ch32v20x_it.o
 .rela.text._isatty_r
                0x0000000000004aa8        0x0 ./User/ch32v20x_it.o
 .rela.text._lseek_r
                0x0000000000004aa8        0x0 ./User/ch32v20x_it.o
 .rela.text._read_r
                0x0000000000004aa8        0x0 ./User/ch32v20x_it.o
 .rela.text._close
                0x0000000000004aa8        0x0 ./User/ch32v20x_it.o
 .rela.text._fstat
                0x0000000000004aa8        0x0 ./User/ch32v20x_it.o
 .rela.text._isatty
                0x0000000000004aa8        0x0 ./User/ch32v20x_it.o
 .rela.text._lseek
                0x0000000000004aa8        0x0 ./User/ch32v20x_it.o
 .rela.text._read
                0x0000000000004aa8        0x0 ./User/ch32v20x_it.o

.fini           0x0000000000004aa8        0x0
 *(SORT_NONE(.fini))
                0x0000000000004aa8                . = ALIGN (0x4)
                [!provide]                        PROVIDE (_etext = .)
                [!provide]                        PROVIDE (_eitcm = .)

.preinit_array  0x0000000000004aa8        0x0
                [!provide]                        PROVIDE (__preinit_array_start = .)
 *(.preinit_array)
                [!provide]                        PROVIDE (__preinit_array_end = .)

.init_array     0x0000000000004aa8        0x0
                [!provide]                        PROVIDE (__init_array_start = .)
 *(SORT_BY_INIT_PRIORITY(.init_array.*) SORT_BY_INIT_PRIORITY(.ctors.*))
 *(.init_array EXCLUDE_FILE(*crtend?.o *crtend.o *crtbegin?.o *crtbegin.o) .ctors)
                [!provide]                        PROVIDE (__init_array_end = .)

.fini_array     0x0000000000004aa8        0x0
                [!provide]                        PROVIDE (__fini_array_start = .)
 *(SORT_BY_INIT_PRIORITY(.fini_array.*) SORT_BY_INIT_PRIORITY(.dtors.*))
 *(.fini_array EXCLUDE_FILE(*crtend?.o *crtend.o *crtbegin?.o *crtbegin.o) .dtors)
                [!provide]                        PROVIDE (__fini_array_end = .)

.ctors
 *crtbegin.o(.ctors)
 *crtbegin?.o(.ctors)
 *(EXCLUDE_FILE(*crtend?.o *crtend.o) .ctors)
 *(SORT_BY_NAME(.ctors.*))
 *(.ctors)

.dtors
 *crtbegin.o(.dtors)
 *crtbegin?.o(.dtors)
 *(EXCLUDE_FILE(*crtend?.o *crtend.o) .dtors)
 *(SORT_BY_NAME(.dtors.*))
 *(.dtors)

.dalign         0x0000000020000000        0x0 load address 0x0000000000004aa8
                0x0000000020000000                . = ALIGN (0x4)
                0x0000000020000000                PROVIDE (_data_vma = .)

.dlalign        0x0000000000004aa8        0x0
                0x0000000000004aa8                . = ALIGN (0x4)
                0x0000000000004aa8                PROVIDE (_data_lma = .)

.data           0x0000000020000000       0xa0 load address 0x0000000000004aa8
 *(.gnu.linkonce.r.*)
 *(.data .data.*)
 .data.stripInfo
                0x0000000020000000       0x18 ./User/strip_detect.o
 .data.APBAHBPrescTable
                0x0000000020000018       0x10 ./Peripheral/src/ch32v20x_rcc.o
 .data.impure_data
                0x0000000020000028       0x60 /Applications/MounRiver Studio 2.app/Contents/Resources/app/resources/darwin/components/WCH/Toolchain/RISC-V Embedded GCC/bin/../lib/gcc/riscv-none-embed/8.2.0/../../../../riscv-none-embed/lib/rv32imacxw/ilp32/libg_nano.a(lib_a-impure.o)
 *(.gnu.linkonce.d.*)
                0x0000000020000088                . = ALIGN (0x8)
                0x0000000020000888                PROVIDE (__global_pointer$ = (. + 0x800))
 *(.sdata .sdata.*)
 .sdata.SystemCoreClock
                0x0000000020000088        0x4 ./User/system_ch32v20x.o
                0x0000000020000088                SystemCoreClock
 .sdata.blood_countdown
                0x000000002000008c        0x1 ./User/uart_protocol.o
 *fill*         0x000000002000008d        0x3 
 .sdata.ADCPrescTable
                0x0000000020000090        0x4 ./Peripheral/src/ch32v20x_rcc.o
 .sdata.curbrk.4652
                0x0000000020000094        0x4 ./Debug/debug.o
 .sdata._impure_ptr
                0x0000000020000098        0x4 /Applications/MounRiver Studio 2.app/Contents/Resources/app/resources/darwin/components/WCH/Toolchain/RISC-V Embedded GCC/bin/../lib/gcc/riscv-none-embed/8.2.0/../../../../riscv-none-embed/lib/rv32imacxw/ilp32/libg_nano.a(lib_a-impure.o)
                0x0000000020000098                _impure_ptr
 *(.sdata2.*)
 .sdata2._global_impure_ptr
                0x000000002000009c        0x4 /Applications/MounRiver Studio 2.app/Contents/Resources/app/resources/darwin/components/WCH/Toolchain/RISC-V Embedded GCC/bin/../lib/gcc/riscv-none-embed/8.2.0/../../../../riscv-none-embed/lib/rv32imacxw/ilp32/libg_nano.a(lib_a-impure.o)
                0x000000002000009c                _global_impure_ptr
 *(.gnu.linkonce.s.*)
                0x00000000200000a0                . = ALIGN (0x8)
 *(.srodata.cst16)
 *(.srodata.cst8)
 *(.srodata.cst4)
 *(.srodata.cst2)
 *(.srodata .srodata.*)
                0x00000000200000a0                . = ALIGN (0x4)
                0x00000000200000a0                PROVIDE (_edata = .)

.bss            0x00000000200000a0      0x8bc load address 0x0000000000004b48
                0x00000000200000a0                . = ALIGN (0x4)
                0x00000000200000a0                PROVIDE (_sbss = .)
 *(.sbss*)
 .sbss.lastCheckTime.5189
                0x00000000200000a0        0x4 ./User/main.o
 .sbss.lastPrintTime.5199
                0x00000000200000a4        0x4 ./User/main.o
 .sbss.currentSystemState
                0x00000000200000a8        0x4 ./User/system_state.o
 .sbss.blood_detected
                0x00000000200000ac        0x1 ./User/uart_protocol.o
 .sbss.dataCnt.5259
                0x00000000200000ad        0x1 ./User/uart_protocol.o
 .sbss.dataLen.5258
                0x00000000200000ae        0x1 ./User/uart_protocol.o
 *fill*         0x00000000200000af        0x1 
 .sbss.g_batteryVoltage
                0x00000000200000b0        0x2 ./User/uart_protocol.o
                0x00000000200000b0                g_batteryVoltage
 .sbss.packet_received
                0x00000000200000b2        0x1 ./User/uart_protocol.o
 *fill*         0x00000000200000b3        0x1 
 .sbss.rx_index
                0x00000000200000b4        0x2 ./User/uart_protocol.o
 .sbss.state.5257
                0x00000000200000b6        0x1 ./User/uart_protocol.o
 .sbss.test_in_progress
                0x00000000200000b7        0x1 ./User/uart_protocol.o
 .sbss.counter.5045
                0x00000000200000b8        0x1 ./User/uart_protocol_stubs.o
 .sbss.MCU_Version
                0x00000000200000b9        0x1 ./Peripheral/src/ch32v20x_gpio.o
                0x00000000200000b9                MCU_Version
 *fill*         0x00000000200000ba        0x2 
 .sbss.NVIC_Priority_Group
                0x00000000200000bc        0x4 ./Peripheral/src/ch32v20x_misc.o
                0x00000000200000bc                NVIC_Priority_Group
 .sbss.p_ms     0x00000000200000c0        0x2 ./Debug/debug.o
 .sbss.p_us     0x00000000200000c2        0x1 ./Debug/debug.o
 *fill*         0x00000000200000c3        0x1 
 .sbss.__malloc_free_list
                0x00000000200000c4        0x4 /Applications/MounRiver Studio 2.app/Contents/Resources/app/resources/darwin/components/WCH/Toolchain/RISC-V Embedded GCC/bin/../lib/gcc/riscv-none-embed/8.2.0/../../../../riscv-none-embed/lib/rv32imacxw/ilp32/libg_nano.a(lib_a-nano-mallocr.o)
                0x00000000200000c4                __malloc_free_list
 .sbss.__malloc_sbrk_start
                0x00000000200000c8        0x4 /Applications/MounRiver Studio 2.app/Contents/Resources/app/resources/darwin/components/WCH/Toolchain/RISC-V Embedded GCC/bin/../lib/gcc/riscv-none-embed/8.2.0/../../../../riscv-none-embed/lib/rv32imacxw/ilp32/libg_nano.a(lib_a-nano-mallocr.o)
                0x00000000200000c8                __malloc_sbrk_start
 *(.gnu.linkonce.sb.*)
 *(.bss*)
 .bss.USART_DMA_CTRL
                0x00000000200000cc      0x101 ./User/main.o
                0x00000000200000cc                USART_DMA_CTRL
 *fill*         0x00000000200001cd        0x3 
 .bss.ring_buffer
                0x00000000200001d0      0x406 ./User/main.o
                0x00000000200001d0                ring_buffer
 *fill*         0x00000000200005d6        0x2 
 .bss.param_table
                0x00000000200005d8      0x2a6 ./User/param_table.o
 *fill*         0x000000002000087e        0x2 
 .bss.current_raw_data
                0x0000000020000880       0x3c ./User/uart_protocol.o
 .bss.current_test_result
                0x00000000200008bc       0x1a ./User/uart_protocol.o
 *fill*         0x00000000200008d6        0x2 
 .bss.rx_buffer
                0x00000000200008d8       0x40 ./User/uart_protocol.o
 .bss.tx_buffer
                0x0000000020000918       0x40 ./User/uart_protocol.o
 *(.gnu.linkonce.b.*)
 *(COMMON*)
 COMMON         0x0000000020000958        0x4 /Applications/MounRiver Studio 2.app/Contents/Resources/app/resources/darwin/components/WCH/Toolchain/RISC-V Embedded GCC/bin/../lib/gcc/riscv-none-embed/8.2.0/../../../../riscv-none-embed/lib/rv32imacxw/ilp32/libg_nano.a(lib_a-reent.o)
                0x0000000020000958                errno
                0x000000002000095c                . = ALIGN (0x4)
                0x000000002000095c                PROVIDE (_ebss = .)
                0x000000002000095c                PROVIDE (_end = _ebss)
                [!provide]                        PROVIDE (end = .)

.stack          0x0000000020004800      0x800
                0x0000000020004800                PROVIDE (_heap_end = .)
                0x0000000020004800                . = ALIGN (0x4)
                [!provide]                        PROVIDE (_susrstack = .)
                0x0000000020005000                . = (. + __stack_size)
 *fill*         0x0000000020004800      0x800 
                0x0000000020005000                PROVIDE (_eusrstack = .)
OUTPUT(CH32V203G8R6.elf elf32-littleriscv)

.debug_info     0x0000000000000000    0x1ae1c
 .debug_info    0x0000000000000000      0xbb5 ./User/ch32v20x_it.o
 .debug_info    0x0000000000000bb5     0x25a4 ./User/main.o
 .debug_info    0x0000000000003159     0x17ff ./User/param_table.o
 .debug_info    0x0000000000004958     0x1044 ./User/rtc.o
 .debug_info    0x000000000000599c     0x1a85 ./User/strip_detect.o
 .debug_info    0x0000000000007421      0xb30 ./User/system_ch32v20x.o
 .debug_info    0x0000000000007f51      0x9f2 ./User/system_state.o
 .debug_info    0x0000000000008943     0x219c ./User/uart_protocol.o
 .debug_info    0x000000000000aadf      0xe6c ./User/uart_protocol_stubs.o
 .debug_info    0x000000000000b94b       0x22 ./Startup/startup_ch32v20x_D6.o
 .debug_info    0x000000000000b96d     0x16eb ./Peripheral/src/ch32v20x_adc.o
 .debug_info    0x000000000000d058     0x1091 ./Peripheral/src/ch32v20x_bkp.o
 .debug_info    0x000000000000e0e9      0xd16 ./Peripheral/src/ch32v20x_dma.o
 .debug_info    0x000000000000edff     0x15d2 ./Peripheral/src/ch32v20x_flash.o
 .debug_info    0x00000000000103d1     0x1349 ./Peripheral/src/ch32v20x_gpio.o
 .debug_info    0x000000000001171a      0xe61 ./Peripheral/src/ch32v20x_misc.o
 .debug_info    0x000000000001257b      0xb1d ./Peripheral/src/ch32v20x_opa.o
 .debug_info    0x0000000000013098     0x1049 ./Peripheral/src/ch32v20x_pwr.o
 .debug_info    0x00000000000140e1     0x1268 ./Peripheral/src/ch32v20x_rcc.o
 .debug_info    0x0000000000015349      0xdc9 ./Peripheral/src/ch32v20x_rtc.o
 .debug_info    0x0000000000016112     0x2ab3 ./Peripheral/src/ch32v20x_tim.o
 .debug_info    0x0000000000018bc5     0x1335 ./Peripheral/src/ch32v20x_usart.o
 .debug_info    0x0000000000019efa      0xf22 ./Debug/debug.o

.debug_abbrev   0x0000000000000000     0x499e
 .debug_abbrev  0x0000000000000000      0x22c ./User/ch32v20x_it.o
 .debug_abbrev  0x000000000000022c      0x449 ./User/main.o
 .debug_abbrev  0x0000000000000675      0x48d ./User/param_table.o
 .debug_abbrev  0x0000000000000b02      0x2ba ./User/rtc.o
 .debug_abbrev  0x0000000000000dbc      0x48c ./User/strip_detect.o
 .debug_abbrev  0x0000000000001248      0x2b0 ./User/system_ch32v20x.o
 .debug_abbrev  0x00000000000014f8      0x255 ./User/system_state.o
 .debug_abbrev  0x000000000000174d      0x4bd ./User/uart_protocol.o
 .debug_abbrev  0x0000000000001c0a      0x301 ./User/uart_protocol_stubs.o
 .debug_abbrev  0x0000000000001f0b       0x12 ./Startup/startup_ch32v20x_D6.o
 .debug_abbrev  0x0000000000001f1d      0x3a9 ./Peripheral/src/ch32v20x_adc.o
 .debug_abbrev  0x00000000000022c6      0x2cc ./Peripheral/src/ch32v20x_bkp.o
 .debug_abbrev  0x0000000000002592      0x302 ./Peripheral/src/ch32v20x_dma.o
 .debug_abbrev  0x0000000000002894      0x468 ./Peripheral/src/ch32v20x_flash.o
 .debug_abbrev  0x0000000000002cfc      0x34b ./Peripheral/src/ch32v20x_gpio.o
 .debug_abbrev  0x0000000000003047      0x2ea ./Peripheral/src/ch32v20x_misc.o
 .debug_abbrev  0x0000000000003331      0x252 ./Peripheral/src/ch32v20x_opa.o
 .debug_abbrev  0x0000000000003583      0x399 ./Peripheral/src/ch32v20x_pwr.o
 .debug_abbrev  0x000000000000391c      0x36b ./Peripheral/src/ch32v20x_rcc.o
 .debug_abbrev  0x0000000000003c87      0x30b ./Peripheral/src/ch32v20x_rtc.o
 .debug_abbrev  0x0000000000003f92      0x418 ./Peripheral/src/ch32v20x_tim.o
 .debug_abbrev  0x00000000000043aa      0x312 ./Peripheral/src/ch32v20x_usart.o
 .debug_abbrev  0x00000000000046bc      0x2e2 ./Debug/debug.o

.debug_aranges  0x0000000000000000      0xe48
 .debug_aranges
                0x0000000000000000       0x28 ./User/ch32v20x_it.o
 .debug_aranges
                0x0000000000000028       0x68 ./User/main.o
 .debug_aranges
                0x0000000000000090       0xd8 ./User/param_table.o
 .debug_aranges
                0x0000000000000168       0x48 ./User/rtc.o
 .debug_aranges
                0x00000000000001b0       0x68 ./User/strip_detect.o
 .debug_aranges
                0x0000000000000218       0x28 ./User/system_ch32v20x.o
 .debug_aranges
                0x0000000000000240       0x28 ./User/system_state.o
 .debug_aranges
                0x0000000000000268       0xd0 ./User/uart_protocol.o
 .debug_aranges
                0x0000000000000338       0x50 ./User/uart_protocol_stubs.o
 .debug_aranges
                0x0000000000000388       0x30 ./Startup/startup_ch32v20x_D6.o
 .debug_aranges
                0x00000000000003b8      0x150 ./Peripheral/src/ch32v20x_adc.o
 .debug_aranges
                0x0000000000000508       0x78 ./Peripheral/src/ch32v20x_bkp.o
 .debug_aranges
                0x0000000000000580       0x60 ./Peripheral/src/ch32v20x_dma.o
 .debug_aranges
                0x00000000000005e0      0x110 ./Peripheral/src/ch32v20x_flash.o
 .debug_aranges
                0x00000000000006f0       0xb0 ./Peripheral/src/ch32v20x_gpio.o
 .debug_aranges
                0x00000000000007a0       0x28 ./Peripheral/src/ch32v20x_misc.o
 .debug_aranges
                0x00000000000007c8       0x38 ./Peripheral/src/ch32v20x_opa.o
 .debug_aranges
                0x0000000000000800       0x88 ./Peripheral/src/ch32v20x_pwr.o
 .debug_aranges
                0x0000000000000888      0x130 ./Peripheral/src/ch32v20x_rcc.o
 .debug_aranges
                0x00000000000009b8       0x80 ./Peripheral/src/ch32v20x_rtc.o
 .debug_aranges
                0x0000000000000a38      0x2d0 ./Peripheral/src/ch32v20x_tim.o
 .debug_aranges
                0x0000000000000d08       0xf0 ./Peripheral/src/ch32v20x_usart.o
 .debug_aranges
                0x0000000000000df8       0x50 ./Debug/debug.o

.debug_ranges   0x0000000000000000     0x10b8
 .debug_ranges  0x0000000000000000       0x18 ./User/ch32v20x_it.o
 .debug_ranges  0x0000000000000018       0x88 ./User/main.o
 .debug_ranges  0x00000000000000a0      0x310 ./User/param_table.o
 .debug_ranges  0x00000000000003b0       0x38 ./User/rtc.o
 .debug_ranges  0x00000000000003e8       0x90 ./User/strip_detect.o
 .debug_ranges  0x0000000000000478       0x18 ./User/system_ch32v20x.o
 .debug_ranges  0x0000000000000490       0x18 ./User/system_state.o
 .debug_ranges  0x00000000000004a8      0x168 ./User/uart_protocol.o
 .debug_ranges  0x0000000000000610       0x60 ./User/uart_protocol_stubs.o
 .debug_ranges  0x0000000000000670       0x28 ./Startup/startup_ch32v20x_D6.o
 .debug_ranges  0x0000000000000698      0x140 ./Peripheral/src/ch32v20x_adc.o
 .debug_ranges  0x00000000000007d8       0x68 ./Peripheral/src/ch32v20x_bkp.o
 .debug_ranges  0x0000000000000840       0x50 ./Peripheral/src/ch32v20x_dma.o
 .debug_ranges  0x0000000000000890      0x100 ./Peripheral/src/ch32v20x_flash.o
 .debug_ranges  0x0000000000000990       0xa0 ./Peripheral/src/ch32v20x_gpio.o
 .debug_ranges  0x0000000000000a30       0x48 ./Peripheral/src/ch32v20x_misc.o
 .debug_ranges  0x0000000000000a78       0x28 ./Peripheral/src/ch32v20x_opa.o
 .debug_ranges  0x0000000000000aa0       0x78 ./Peripheral/src/ch32v20x_pwr.o
 .debug_ranges  0x0000000000000b18      0x120 ./Peripheral/src/ch32v20x_rcc.o
 .debug_ranges  0x0000000000000c38       0x70 ./Peripheral/src/ch32v20x_rtc.o
 .debug_ranges  0x0000000000000ca8      0x2f0 ./Peripheral/src/ch32v20x_tim.o
 .debug_ranges  0x0000000000000f98       0xe0 ./Peripheral/src/ch32v20x_usart.o
 .debug_ranges  0x0000000000001078       0x40 ./Debug/debug.o

.debug_line     0x0000000000000000    0x15aca
 .debug_line    0x0000000000000000      0x37e ./User/ch32v20x_it.o
 .debug_line    0x000000000000037e     0x13d2 ./User/main.o
 .debug_line    0x0000000000001750     0x1856 ./User/param_table.o
 .debug_line    0x0000000000002fa6      0xa4c ./User/rtc.o
 .debug_line    0x00000000000039f2      0xda0 ./User/strip_detect.o
 .debug_line    0x0000000000004792      0x69b ./User/system_ch32v20x.o
 .debug_line    0x0000000000004e2d      0x3d5 ./User/system_state.o
 .debug_line    0x0000000000005202     0x1a4e ./User/uart_protocol.o
 .debug_line    0x0000000000006c50      0x7b9 ./User/uart_protocol_stubs.o
 .debug_line    0x0000000000007409      0x121 ./Startup/startup_ch32v20x_D6.o
 .debug_line    0x000000000000752a     0x1bb8 ./Peripheral/src/ch32v20x_adc.o
 .debug_line    0x00000000000090e2      0x755 ./Peripheral/src/ch32v20x_bkp.o
 .debug_line    0x0000000000009837      0x8a2 ./Peripheral/src/ch32v20x_dma.o
 .debug_line    0x000000000000a0d9     0x2620 ./Peripheral/src/ch32v20x_flash.o
 .debug_line    0x000000000000c6f9     0x16f6 ./Peripheral/src/ch32v20x_gpio.o
 .debug_line    0x000000000000ddef      0x4c8 ./Peripheral/src/ch32v20x_misc.o
 .debug_line    0x000000000000e2b7      0x549 ./Peripheral/src/ch32v20x_opa.o
 .debug_line    0x000000000000e800      0xc56 ./Peripheral/src/ch32v20x_pwr.o
 .debug_line    0x000000000000f456     0x127e ./Peripheral/src/ch32v20x_rcc.o
 .debug_line    0x00000000000106d4      0xa90 ./Peripheral/src/ch32v20x_rtc.o
 .debug_line    0x0000000000011164     0x31db ./Peripheral/src/ch32v20x_tim.o
 .debug_line    0x000000000001433f      0xf61 ./Peripheral/src/ch32v20x_usart.o
 .debug_line    0x00000000000152a0      0x82a ./Debug/debug.o

.debug_str      0x0000000000000000     0x4715
 .debug_str     0x0000000000000000      0x620 ./User/ch32v20x_it.o
                                        0x6a5 (size before relaxing)
 .debug_str     0x0000000000000620     0x10cf ./User/main.o
                                       0x173a (size before relaxing)
 .debug_str     0x00000000000016ef      0x324 ./User/param_table.o
                                        0xa95 (size before relaxing)
 .debug_str     0x0000000000001a13      0x1a1 ./User/rtc.o
                                        0x829 (size before relaxing)
 .debug_str     0x0000000000001bb4      0x3c7 ./User/strip_detect.o
                                        0xf82 (size before relaxing)
 .debug_str     0x0000000000001f7b       0xf2 ./User/system_ch32v20x.o
                                        0x6bf (size before relaxing)
 .debug_str     0x000000000000206d       0x33 ./User/system_state.o
                                        0x6a1 (size before relaxing)
 .debug_str     0x00000000000020a0      0x3bf ./User/uart_protocol.o
                                        0xc94 (size before relaxing)
 .debug_str     0x000000000000245f       0x33 ./User/uart_protocol_stubs.o
                                        0x7bc (size before relaxing)
 .debug_str     0x0000000000002492       0x2d ./Startup/startup_ch32v20x_D6.o
                                         0x76 (size before relaxing)
 .debug_str     0x00000000000024bf      0x40e ./Peripheral/src/ch32v20x_adc.o
                                        0xc37 (size before relaxing)
 .debug_str     0x00000000000028cd      0x376 ./Peripheral/src/ch32v20x_bkp.o
                                        0xac5 (size before relaxing)
 .debug_str     0x0000000000002c43       0xcb ./Peripheral/src/ch32v20x_dma.o
                                        0x813 (size before relaxing)
 .debug_str     0x0000000000002d0e      0x49c ./Peripheral/src/ch32v20x_flash.o
                                        0xb3f (size before relaxing)
 .debug_str     0x00000000000031aa      0x236 ./Peripheral/src/ch32v20x_gpio.o
                                        0x9dc (size before relaxing)
 .debug_str     0x00000000000033e0       0x9c ./Peripheral/src/ch32v20x_misc.o
                                        0xa9e (size before relaxing)
 .debug_str     0x000000000000347c       0x56 ./Peripheral/src/ch32v20x_opa.o
                                        0x6db (size before relaxing)
 .debug_str     0x00000000000034d2      0x1a0 ./Peripheral/src/ch32v20x_pwr.o
                                        0x87c (size before relaxing)
 .debug_str     0x0000000000003672      0x34c ./Peripheral/src/ch32v20x_rcc.o
                                        0xaee (size before relaxing)
 .debug_str     0x00000000000039be      0x14b ./Peripheral/src/ch32v20x_rtc.o
                                        0x826 (size before relaxing)
 .debug_str     0x0000000000003b09      0x8bb ./Peripheral/src/ch32v20x_tim.o
                                       0x12d9 (size before relaxing)
 .debug_str     0x00000000000043c4      0x2dd ./Peripheral/src/ch32v20x_usart.o
                                        0xb0a (size before relaxing)
 .debug_str     0x00000000000046a1       0x74 ./Debug/debug.o
                                        0x931 (size before relaxing)

.comment        0x0000000000000000       0x32
 .comment       0x0000000000000000       0x32 ./User/ch32v20x_it.o
                                         0x33 (size before relaxing)
 .comment       0x0000000000000032       0x33 ./User/main.o
 .comment       0x0000000000000032       0x33 ./User/param_table.o
 .comment       0x0000000000000032       0x33 ./User/rtc.o
 .comment       0x0000000000000032       0x33 ./User/strip_detect.o
 .comment       0x0000000000000032       0x33 ./User/system_ch32v20x.o
 .comment       0x0000000000000032       0x33 ./User/system_state.o
 .comment       0x0000000000000032       0x33 ./User/uart_protocol.o
 .comment       0x0000000000000032       0x33 ./User/uart_protocol_stubs.o
 .comment       0x0000000000000032       0x33 ./Peripheral/src/ch32v20x_adc.o
 .comment       0x0000000000000032       0x33 ./Peripheral/src/ch32v20x_bkp.o
 .comment       0x0000000000000032       0x33 ./Peripheral/src/ch32v20x_dma.o
 .comment       0x0000000000000032       0x33 ./Peripheral/src/ch32v20x_flash.o
 .comment       0x0000000000000032       0x33 ./Peripheral/src/ch32v20x_gpio.o
 .comment       0x0000000000000032       0x33 ./Peripheral/src/ch32v20x_misc.o
 .comment       0x0000000000000032       0x33 ./Peripheral/src/ch32v20x_opa.o
 .comment       0x0000000000000032       0x33 ./Peripheral/src/ch32v20x_pwr.o
 .comment       0x0000000000000032       0x33 ./Peripheral/src/ch32v20x_rcc.o
 .comment       0x0000000000000032       0x33 ./Peripheral/src/ch32v20x_rtc.o
 .comment       0x0000000000000032       0x33 ./Peripheral/src/ch32v20x_tim.o
 .comment       0x0000000000000032       0x33 ./Peripheral/src/ch32v20x_usart.o
 .comment       0x0000000000000032       0x33 ./Debug/debug.o
 .comment       0x0000000000000032       0x33 /Applications/MounRiver Studio 2.app/Contents/Resources/app/resources/darwin/components/WCH/Toolchain/RISC-V Embedded GCC/bin/../lib/gcc/riscv-none-embed/8.2.0/rv32imacxw/ilp32/libgcc.a(gesf2.o)
 .comment       0x0000000000000032       0x33 /Applications/MounRiver Studio 2.app/Contents/Resources/app/resources/darwin/components/WCH/Toolchain/RISC-V Embedded GCC/bin/../lib/gcc/riscv-none-embed/8.2.0/rv32imacxw/ilp32/libgcc.a(mulsf3.o)
 .comment       0x0000000000000032       0x33 /Applications/MounRiver Studio 2.app/Contents/Resources/app/resources/darwin/components/WCH/Toolchain/RISC-V Embedded GCC/bin/../lib/gcc/riscv-none-embed/8.2.0/rv32imacxw/ilp32/libgcc.a(floatunsisf.o)
 .comment       0x0000000000000032       0x33 /Applications/MounRiver Studio 2.app/Contents/Resources/app/resources/darwin/components/WCH/Toolchain/RISC-V Embedded GCC/bin/../lib/gcc/riscv-none-embed/8.2.0/rv32imacxw/ilp32/libgcc.a(extendsfdf2.o)
 .comment       0x0000000000000032       0x33 /Applications/MounRiver Studio 2.app/Contents/Resources/app/resources/darwin/components/WCH/Toolchain/RISC-V Embedded GCC/bin/../lib/gcc/riscv-none-embed/8.2.0/rv32imacxw/ilp32/libgcc.a(_clzsi2.o)
 .comment       0x0000000000000032       0x33 /Applications/MounRiver Studio 2.app/Contents/Resources/app/resources/darwin/components/WCH/Toolchain/RISC-V Embedded GCC/bin/../lib/gcc/riscv-none-embed/8.2.0/rv32imacxw/ilp32/libgcc.a(_clz.o)

.debug_frame    0x0000000000000000     0x2ac4
 .debug_frame   0x0000000000000000       0x30 ./User/ch32v20x_it.o
 .debug_frame   0x0000000000000030      0x184 ./User/main.o
 .debug_frame   0x00000000000001b4      0x254 ./User/param_table.o
 .debug_frame   0x0000000000000408      0x100 ./User/rtc.o
 .debug_frame   0x0000000000000508      0x134 ./User/strip_detect.o
 .debug_frame   0x000000000000063c       0x30 ./User/system_ch32v20x.o
 .debug_frame   0x000000000000066c       0x40 ./User/system_state.o
 .debug_frame   0x00000000000006ac      0x310 ./User/uart_protocol.o
 .debug_frame   0x00000000000009bc       0xcc ./User/uart_protocol_stubs.o
 .debug_frame   0x0000000000000a88      0x2b4 ./Peripheral/src/ch32v20x_adc.o
 .debug_frame   0x0000000000000d3c       0xec ./Peripheral/src/ch32v20x_bkp.o
 .debug_frame   0x0000000000000e28       0xcc ./Peripheral/src/ch32v20x_dma.o
 .debug_frame   0x0000000000000ef4      0x380 ./Peripheral/src/ch32v20x_flash.o
 .debug_frame   0x0000000000001274      0x170 ./Peripheral/src/ch32v20x_gpio.o
 .debug_frame   0x00000000000013e4       0x30 ./Peripheral/src/ch32v20x_misc.o
 .debug_frame   0x0000000000001414       0x50 ./Peripheral/src/ch32v20x_opa.o
 .debug_frame   0x0000000000001464       0xfc ./Peripheral/src/ch32v20x_pwr.o
 .debug_frame   0x0000000000001560      0x254 ./Peripheral/src/ch32v20x_rcc.o
 .debug_frame   0x00000000000017b4      0x12c ./Peripheral/src/ch32v20x_rtc.o
 .debug_frame   0x00000000000018e0      0x614 ./Peripheral/src/ch32v20x_tim.o
 .debug_frame   0x0000000000001ef4      0x1e4 ./Peripheral/src/ch32v20x_usart.o
 .debug_frame   0x00000000000020d8       0xb8 ./Debug/debug.o
 .debug_frame   0x0000000000002190       0x20 /Applications/MounRiver Studio 2.app/Contents/Resources/app/resources/darwin/components/WCH/Toolchain/RISC-V Embedded GCC/bin/../lib/gcc/riscv-none-embed/8.2.0/../../../../riscv-none-embed/lib/rv32imacxw/ilp32/libg_nano.a(lib_a-memcpy.o)
 .debug_frame   0x00000000000021b0       0x54 /Applications/MounRiver Studio 2.app/Contents/Resources/app/resources/darwin/components/WCH/Toolchain/RISC-V Embedded GCC/bin/../lib/gcc/riscv-none-embed/8.2.0/../../../../riscv-none-embed/lib/rv32imacxw/ilp32/libg_nano.a(lib_a-printf.o)
 .debug_frame   0x0000000000002204       0x54 /Applications/MounRiver Studio 2.app/Contents/Resources/app/resources/darwin/components/WCH/Toolchain/RISC-V Embedded GCC/bin/../lib/gcc/riscv-none-embed/8.2.0/../../../../riscv-none-embed/lib/rv32imacxw/ilp32/libg_nano.a(lib_a-puts.o)
 .debug_frame   0x0000000000002258       0x50 /Applications/MounRiver Studio 2.app/Contents/Resources/app/resources/darwin/components/WCH/Toolchain/RISC-V Embedded GCC/bin/../lib/gcc/riscv-none-embed/8.2.0/../../../../riscv-none-embed/lib/rv32imacxw/ilp32/libg_nano.a(lib_a-wbuf.o)
 .debug_frame   0x00000000000022a8       0x3c /Applications/MounRiver Studio 2.app/Contents/Resources/app/resources/darwin/components/WCH/Toolchain/RISC-V Embedded GCC/bin/../lib/gcc/riscv-none-embed/8.2.0/../../../../riscv-none-embed/lib/rv32imacxw/ilp32/libg_nano.a(lib_a-wsetup.o)
 .debug_frame   0x00000000000022e4       0x7c /Applications/MounRiver Studio 2.app/Contents/Resources/app/resources/darwin/components/WCH/Toolchain/RISC-V Embedded GCC/bin/../lib/gcc/riscv-none-embed/8.2.0/../../../../riscv-none-embed/lib/rv32imacxw/ilp32/libg_nano.a(lib_a-fflush.o)
 .debug_frame   0x0000000000002360      0x148 /Applications/MounRiver Studio 2.app/Contents/Resources/app/resources/darwin/components/WCH/Toolchain/RISC-V Embedded GCC/bin/../lib/gcc/riscv-none-embed/8.2.0/../../../../riscv-none-embed/lib/rv32imacxw/ilp32/libg_nano.a(lib_a-findfp.o)
 .debug_frame   0x00000000000024a8       0x88 /Applications/MounRiver Studio 2.app/Contents/Resources/app/resources/darwin/components/WCH/Toolchain/RISC-V Embedded GCC/bin/../lib/gcc/riscv-none-embed/8.2.0/../../../../riscv-none-embed/lib/rv32imacxw/ilp32/libg_nano.a(lib_a-fwalk.o)
 .debug_frame   0x0000000000002530       0x64 /Applications/MounRiver Studio 2.app/Contents/Resources/app/resources/darwin/components/WCH/Toolchain/RISC-V Embedded GCC/bin/../lib/gcc/riscv-none-embed/8.2.0/../../../../riscv-none-embed/lib/rv32imacxw/ilp32/libg_nano.a(lib_a-makebuf.o)
 .debug_frame   0x0000000000002594       0x40 /Applications/MounRiver Studio 2.app/Contents/Resources/app/resources/darwin/components/WCH/Toolchain/RISC-V Embedded GCC/bin/../lib/gcc/riscv-none-embed/8.2.0/../../../../riscv-none-embed/lib/rv32imacxw/ilp32/libg_nano.a(lib_a-nano-freer.o)
 .debug_frame   0x00000000000025d4       0x40 /Applications/MounRiver Studio 2.app/Contents/Resources/app/resources/darwin/components/WCH/Toolchain/RISC-V Embedded GCC/bin/../lib/gcc/riscv-none-embed/8.2.0/../../../../riscv-none-embed/lib/rv32imacxw/ilp32/libg_nano.a(lib_a-nano-mallocr.o)
 .debug_frame   0x0000000000002614       0xd0 /Applications/MounRiver Studio 2.app/Contents/Resources/app/resources/darwin/components/WCH/Toolchain/RISC-V Embedded GCC/bin/../lib/gcc/riscv-none-embed/8.2.0/../../../../riscv-none-embed/lib/rv32imacxw/ilp32/libg_nano.a(lib_a-nano-vfprintf.o)
 .debug_frame   0x00000000000026e4       0x8c /Applications/MounRiver Studio 2.app/Contents/Resources/app/resources/darwin/components/WCH/Toolchain/RISC-V Embedded GCC/bin/../lib/gcc/riscv-none-embed/8.2.0/../../../../riscv-none-embed/lib/rv32imacxw/ilp32/libg_nano.a(lib_a-nano-vfprintf_i.o)
 .debug_frame   0x0000000000002770       0x30 /Applications/MounRiver Studio 2.app/Contents/Resources/app/resources/darwin/components/WCH/Toolchain/RISC-V Embedded GCC/bin/../lib/gcc/riscv-none-embed/8.2.0/../../../../riscv-none-embed/lib/rv32imacxw/ilp32/libg_nano.a(lib_a-sbrkr.o)
 .debug_frame   0x00000000000027a0       0xa4 /Applications/MounRiver Studio 2.app/Contents/Resources/app/resources/darwin/components/WCH/Toolchain/RISC-V Embedded GCC/bin/../lib/gcc/riscv-none-embed/8.2.0/../../../../riscv-none-embed/lib/rv32imacxw/ilp32/libg_nano.a(lib_a-stdio.o)
 .debug_frame   0x0000000000002844       0x30 /Applications/MounRiver Studio 2.app/Contents/Resources/app/resources/darwin/components/WCH/Toolchain/RISC-V Embedded GCC/bin/../lib/gcc/riscv-none-embed/8.2.0/../../../../riscv-none-embed/lib/rv32imacxw/ilp32/libg_nano.a(lib_a-writer.o)
 .debug_frame   0x0000000000002874       0x30 /Applications/MounRiver Studio 2.app/Contents/Resources/app/resources/darwin/components/WCH/Toolchain/RISC-V Embedded GCC/bin/../lib/gcc/riscv-none-embed/8.2.0/../../../../riscv-none-embed/lib/rv32imacxw/ilp32/libg_nano.a(lib_a-closer.o)
 .debug_frame   0x00000000000028a4       0x30 /Applications/MounRiver Studio 2.app/Contents/Resources/app/resources/darwin/components/WCH/Toolchain/RISC-V Embedded GCC/bin/../lib/gcc/riscv-none-embed/8.2.0/../../../../riscv-none-embed/lib/rv32imacxw/ilp32/libg_nano.a(lib_a-fstatr.o)
 .debug_frame   0x00000000000028d4       0x30 /Applications/MounRiver Studio 2.app/Contents/Resources/app/resources/darwin/components/WCH/Toolchain/RISC-V Embedded GCC/bin/../lib/gcc/riscv-none-embed/8.2.0/../../../../riscv-none-embed/lib/rv32imacxw/ilp32/libg_nano.a(lib_a-isattyr.o)
 .debug_frame   0x0000000000002904       0x30 /Applications/MounRiver Studio 2.app/Contents/Resources/app/resources/darwin/components/WCH/Toolchain/RISC-V Embedded GCC/bin/../lib/gcc/riscv-none-embed/8.2.0/../../../../riscv-none-embed/lib/rv32imacxw/ilp32/libg_nano.a(lib_a-lseekr.o)
 .debug_frame   0x0000000000002934       0x20 /Applications/MounRiver Studio 2.app/Contents/Resources/app/resources/darwin/components/WCH/Toolchain/RISC-V Embedded GCC/bin/../lib/gcc/riscv-none-embed/8.2.0/../../../../riscv-none-embed/lib/rv32imacxw/ilp32/libg_nano.a(lib_a-memchr.o)
 .debug_frame   0x0000000000002954       0x30 /Applications/MounRiver Studio 2.app/Contents/Resources/app/resources/darwin/components/WCH/Toolchain/RISC-V Embedded GCC/bin/../lib/gcc/riscv-none-embed/8.2.0/../../../../riscv-none-embed/lib/rv32imacxw/ilp32/libg_nano.a(lib_a-mlock.o)
 .debug_frame   0x0000000000002984       0x30 /Applications/MounRiver Studio 2.app/Contents/Resources/app/resources/darwin/components/WCH/Toolchain/RISC-V Embedded GCC/bin/../lib/gcc/riscv-none-embed/8.2.0/../../../../riscv-none-embed/lib/rv32imacxw/ilp32/libg_nano.a(lib_a-readr.o)
 .debug_frame   0x00000000000029b4       0x70 /Applications/MounRiver Studio 2.app/Contents/Resources/app/resources/darwin/components/WCH/Toolchain/RISC-V Embedded GCC/bin/../lib/gcc/riscv-none-embed/8.2.0/../../../../riscv-none-embed/lib/rv32imacxw/ilp32/libg_nano.a(lib_a-reent.o)
 .debug_frame   0x0000000000002a24       0x20 /Applications/MounRiver Studio 2.app/Contents/Resources/app/resources/darwin/components/WCH/Toolchain/RISC-V Embedded GCC/bin/../lib/gcc/riscv-none-embed/8.2.0/../../../../riscv-none-embed/lib/rv32imacxw/ilp32/libnosys.a(close.o)
 .debug_frame   0x0000000000002a44       0x20 /Applications/MounRiver Studio 2.app/Contents/Resources/app/resources/darwin/components/WCH/Toolchain/RISC-V Embedded GCC/bin/../lib/gcc/riscv-none-embed/8.2.0/../../../../riscv-none-embed/lib/rv32imacxw/ilp32/libnosys.a(fstat.o)
 .debug_frame   0x0000000000002a64       0x20 /Applications/MounRiver Studio 2.app/Contents/Resources/app/resources/darwin/components/WCH/Toolchain/RISC-V Embedded GCC/bin/../lib/gcc/riscv-none-embed/8.2.0/../../../../riscv-none-embed/lib/rv32imacxw/ilp32/libnosys.a(isatty.o)
 .debug_frame   0x0000000000002a84       0x20 /Applications/MounRiver Studio 2.app/Contents/Resources/app/resources/darwin/components/WCH/Toolchain/RISC-V Embedded GCC/bin/../lib/gcc/riscv-none-embed/8.2.0/../../../../riscv-none-embed/lib/rv32imacxw/ilp32/libnosys.a(lseek.o)
 .debug_frame   0x0000000000002aa4       0x20 /Applications/MounRiver Studio 2.app/Contents/Resources/app/resources/darwin/components/WCH/Toolchain/RISC-V Embedded GCC/bin/../lib/gcc/riscv-none-embed/8.2.0/../../../../riscv-none-embed/lib/rv32imacxw/ilp32/libnosys.a(read.o)

.debug_loc      0x0000000000000000     0x7c03
 .debug_loc     0x0000000000000000      0x1b4 ./User/main.o
 .debug_loc     0x00000000000001b4      0xf62 ./User/param_table.o
 .debug_loc     0x0000000000001116      0x406 ./User/rtc.o
 .debug_loc     0x000000000000151c      0x153 ./User/strip_detect.o
 .debug_loc     0x000000000000166f       0xac ./User/system_ch32v20x.o
 .debug_loc     0x000000000000171b       0x2c ./User/system_state.o
 .debug_loc     0x0000000000001747     0x1235 ./User/uart_protocol.o
 .debug_loc     0x000000000000297c       0x9f ./User/uart_protocol_stubs.o
 .debug_loc     0x0000000000002a1b      0xab6 ./Peripheral/src/ch32v20x_adc.o
 .debug_loc     0x00000000000034d1       0xd8 ./Peripheral/src/ch32v20x_bkp.o
 .debug_loc     0x00000000000035a9      0x155 ./Peripheral/src/ch32v20x_dma.o
 .debug_loc     0x00000000000036fe      0xc9b ./Peripheral/src/ch32v20x_flash.o
 .debug_loc     0x0000000000004399      0x8a1 ./Peripheral/src/ch32v20x_gpio.o
 .debug_loc     0x0000000000004c3a       0x2d ./Peripheral/src/ch32v20x_misc.o
 .debug_loc     0x0000000000004c67       0x56 ./Peripheral/src/ch32v20x_opa.o
 .debug_loc     0x0000000000004cbd      0x29e ./Peripheral/src/ch32v20x_pwr.o
 .debug_loc     0x0000000000004f5b      0x797 ./Peripheral/src/ch32v20x_rcc.o
 .debug_loc     0x00000000000056f2      0x377 ./Peripheral/src/ch32v20x_rtc.o
 .debug_loc     0x0000000000005a69     0x190e ./Peripheral/src/ch32v20x_tim.o
 .debug_loc     0x0000000000007377      0x715 ./Peripheral/src/ch32v20x_usart.o
 .debug_loc     0x0000000000007a8c      0x177 ./Debug/debug.o
