Archive member included to satisfy reference by file (symbol)

/Users/liao1030/HMD/_Projects/_P14_V2_1/Firmware/P14_V3/CH582F/BLE_UART/StdPeriphDriver/libISP583.a(ISP583.o)
                              ./StdPeriphDriver/CH58x_flash.o (FLASH_EEPROM_CMD)
/Users/liao1030/HMD/_Projects/_P14_V2_1/Firmware/P14_V3/CH582F/BLE_UART/LIB/libCH58xBLE.a(message.o)
                              ./HAL/MCU.o (tmos_msg_deallocate)
/Users/liao1030/HMD/_Projects/_P14_V2_1/Firmware/P14_V3/CH582F/BLE_UART/LIB/libCH58xBLE.a(tmos.o)
                              ./Profile/devinfoservice.o (tmos_memcpy)
/Users/liao1030/HMD/_Projects/_P14_V2_1/Firmware/P14_V3/CH582F/BLE_UART/LIB/libCH58xBLE.a(tmos_hw.o)
                              /Users/liao1030/HMD/_Projects/_P14_V2_1/Firmware/P14_V3/CH582F/BLE_UART/LIB/libCH58xBLE.a(tmos.o) (bleClock_t)
/Users/liao1030/HMD/_Projects/_P14_V2_1/Firmware/P14_V3/CH582F/BLE_UART/LIB/libCH58xBLE.a(tmos_snv.o)
                              /Users/liao1030/HMD/_Projects/_P14_V2_1/Firmware/P14_V3/CH582F/BLE_UART/LIB/libCH58xBLE.a(tmos.o) (tmos_snv_init)
/Users/liao1030/HMD/_Projects/_P14_V2_1/Firmware/P14_V3/CH582F/BLE_UART/LIB/libCH58xBLE.a(att.o)
                              ./APP/peripheral.o (ATT_GetMTU)
/Users/liao1030/HMD/_Projects/_P14_V2_1/Firmware/P14_V3/CH582F/BLE_UART/LIB/libCH58xBLE.a(att_client.o)
                              /Users/liao1030/HMD/_Projects/_P14_V2_1/Firmware/P14_V3/CH582F/BLE_UART/LIB/libCH58xBLE.a(att.o) (ATT_HandleValueConfirmation)
/Users/liao1030/HMD/_Projects/_P14_V2_1/Firmware/P14_V3/CH582F/BLE_UART/LIB/libCH58xBLE.a(gap.o)
                              ./APP/peripheral.o (GAP_SetParamValue)
/Users/liao1030/HMD/_Projects/_P14_V2_1/Firmware/P14_V3/CH582F/BLE_UART/LIB/libCH58xBLE.a(gap_central.o)
                              /Users/liao1030/HMD/_Projects/_P14_V2_1/Firmware/P14_V3/CH582F/BLE_UART/LIB/libCH58xBLE.a(gap.o) (gapProcessPeriodicAdvertisingSyncEstablishedEvt)
/Users/liao1030/HMD/_Projects/_P14_V2_1/Firmware/P14_V3/CH582F/BLE_UART/LIB/libCH58xBLE.a(gap_peripheral.o)
                              /Users/liao1030/HMD/_Projects/_P14_V2_1/Firmware/P14_V3/CH582F/BLE_UART/LIB/libCH58xBLE.a(gap.o) (GAP_PeripheralParamInit)
/Users/liao1030/HMD/_Projects/_P14_V2_1/Firmware/P14_V3/CH582F/BLE_UART/LIB/libCH58xBLE.a(gapgattserver.o)
                              ./APP/peripheral.o (GGS_SetParameter)
/Users/liao1030/HMD/_Projects/_P14_V2_1/Firmware/P14_V3/CH582F/BLE_UART/LIB/libCH58xBLE.a(gatt.o)
                              ./APP/peripheral.o (GATT_bm_alloc)
/Users/liao1030/HMD/_Projects/_P14_V2_1/Firmware/P14_V3/CH582F/BLE_UART/LIB/libCH58xBLE.a(gatt_uuid.o)
                              /Users/liao1030/HMD/_Projects/_P14_V2_1/Firmware/P14_V3/CH582F/BLE_UART/LIB/libCH58xBLE.a(gatt.o) (serviceChangedUUID)
/Users/liao1030/HMD/_Projects/_P14_V2_1/Firmware/P14_V3/CH582F/BLE_UART/LIB/libCH58xBLE.a(gattclientapp.o)
                              /Users/liao1030/HMD/_Projects/_P14_V2_1/Firmware/P14_V3/CH582F/BLE_UART/LIB/libCH58xBLE.a(gatt.o) (gattGetClientStatus)
/Users/liao1030/HMD/_Projects/_P14_V2_1/Firmware/P14_V3/CH582F/BLE_UART/LIB/libCH58xBLE.a(gattservapp.o)
                              ./Profile/gattprofile.o (GATTServApp_ReadCharCfg)
/Users/liao1030/HMD/_Projects/_P14_V2_1/Firmware/P14_V3/CH582F/BLE_UART/LIB/libCH58xBLE.a(l2cap.o)
                              /Users/liao1030/HMD/_Projects/_P14_V2_1/Firmware/P14_V3/CH582F/BLE_UART/LIB/libCH58xBLE.a(att.o) (L2CAP_GetMTU)
/Users/liao1030/HMD/_Projects/_P14_V2_1/Firmware/P14_V3/CH582F/BLE_UART/LIB/libCH58xBLE.a(l2cap_input.o)
                              /Users/liao1030/HMD/_Projects/_P14_V2_1/Firmware/P14_V3/CH582F/BLE_UART/LIB/libCH58xBLE.a(l2cap.o) (l2capProcessRxData)
/Users/liao1030/HMD/_Projects/_P14_V2_1/Firmware/P14_V3/CH582F/BLE_UART/LIB/libCH58xBLE.a(l2cap_output.o)
                              /Users/liao1030/HMD/_Projects/_P14_V2_1/Firmware/P14_V3/CH582F/BLE_UART/LIB/libCH58xBLE.a(l2cap_input.o) (l2capNotifyData)
/Users/liao1030/HMD/_Projects/_P14_V2_1/Firmware/P14_V3/CH582F/BLE_UART/LIB/libCH58xBLE.a(l2cap_sdu.o)
                              /Users/liao1030/HMD/_Projects/_P14_V2_1/Firmware/P14_V3/CH582F/BLE_UART/LIB/libCH58xBLE.a(l2cap_input.o) (l2capBuildDisconnectRsp)
/Users/liao1030/HMD/_Projects/_P14_V2_1/Firmware/P14_V3/CH582F/BLE_UART/LIB/libCH58xBLE.a(linkdb.o)
                              /Users/liao1030/HMD/_Projects/_P14_V2_1/Firmware/P14_V3/CH582F/BLE_UART/LIB/libCH58xBLE.a(l2cap.o) (linkDB_Init)
/Users/liao1030/HMD/_Projects/_P14_V2_1/Firmware/P14_V3/CH582F/BLE_UART/LIB/libCH58xBLE.a(sm.o)
                              /Users/liao1030/HMD/_Projects/_P14_V2_1/Firmware/P14_V3/CH582F/BLE_UART/LIB/libCH58xBLE.a(gap.o) (smFreePairingParams)
/Users/liao1030/HMD/_Projects/_P14_V2_1/Firmware/P14_V3/CH582F/BLE_UART/LIB/libCH58xBLE.a(sm_initiator.o)
[...]
Memory Configuration

Name             Origin             Length             Attributes
FLASH            0x0000000000000000 0x0000000000070000 xr
RAM              0x0000000020000000 0x0000000000008000 xrw
*default*        0x0000000000000000 0xffffffffffffffff

Linker script and memory map

LOAD ./StdPeriphDriver/CH58x_adc.o
LOAD ./StdPeriphDriver/CH58x_clk.o
LOAD ./StdPeriphDriver/CH58x_flash.o
LOAD ./StdPeriphDriver/CH58x_gpio.o
LOAD ./StdPeriphDriver/CH58x_i2c.o
LOAD ./StdPeriphDriver/CH58x_pwm.o
LOAD ./StdPeriphDriver/CH58x_pwr.o
LOAD ./StdPeriphDriver/CH58x_spi0.o
LOAD ./StdPeriphDriver/CH58x_spi1.o
LOAD ./StdPeriphDriver/CH58x_sys.o
LOAD ./StdPeriphDriver/CH58x_timer0.o
LOAD ./StdPeriphDriver/CH58x_timer1.o
LOAD ./StdPeriphDriver/CH58x_timer2.o
LOAD ./StdPeriphDriver/CH58x_timer3.o
LOAD ./StdPeriphDriver/CH58x_uart0.o
LOAD ./StdPeriphDriver/CH58x_uart1.o
LOAD ./StdPeriphDriver/CH58x_uart2.o
LOAD ./StdPeriphDriver/CH58x_uart3.o
LOAD ./StdPeriphDriver/CH58x_usb2dev.o
LOAD ./StdPeriphDriver/CH58x_usb2hostBase.o
LOAD ./StdPeriphDriver/CH58x_usb2hostClass.o
LOAD ./StdPeriphDriver/CH58x_usbdev.o
LOAD ./StdPeriphDriver/CH58x_usbhostBase.o
LOAD ./StdPeriphDriver/CH58x_usbhostClass.o
LOAD ./Startup/startup_CH583.o
LOAD ./RVMSIS/core_riscv.o
LOAD ./Profile/devinfoservice.o
LOAD ./Profile/gattprofile.o
LOAD ./HAL/MCU.o
LOAD ./HAL/RTC.o
LOAD ./HAL/SLEEP.o
LOAD ./APP/ble_uart_service/ble_uart_service_16bit.o
LOAD ./APP/app_drv_fifo/app_drv_fifo.o
LOAD ./APP/app_uart.o
LOAD ./APP/peripheral.o
LOAD ./APP/peripheral_main.o
LOAD /Users/liao1030/HMD/_Projects/_P14_V2_1/Firmware/P14_V3/CH582F/BLE_UART/StdPeriphDriver/libISP583.a
LOAD /Users/liao1030/HMD/_Projects/_P14_V2_1/Firmware/P14_V3/CH582F/BLE_UART/LIB/libCH58xBLE.a
LOAD /Applications/MounRiver Studio 2.app/Contents/Resources/app/resources/darwin/components/WCH/Toolchain/RISC-V Embedded GCC/bin/../lib/gcc/riscv-none-embed/8.2.0/rv32imac/ilp32/libgcc.a
LOAD /Applications/MounRiver Studio 2.app/Contents/Resources/app/resources/darwin/components/WCH/Toolchain/RISC-V Embedded GCC/bin/../lib/gcc/riscv-none-embed/8.2.0/../../../../riscv-none-embed/lib/rv32imac/ilp32/libg_nano.a
LOAD /Applications/MounRiver Studio 2.app/Contents/Resources/app/resources/darwin/components/WCH/Toolchain/RISC-V Embedded GCC/bin/../lib/gcc/riscv-none-embed/8.2.0/../../../../riscv-none-embed/lib/rv32imac/ilp32/libc_nano.a
LOAD /Applications/MounRiver Studio 2.app/Contents/Resources/app/resources/darwin/components/WCH/Toolchain/RISC-V Embedded GCC/bin/../lib/gcc/riscv-none-embed/8.2.0/rv32imac/ilp32/libgcc.a
START GROUP
LOAD /Applications/MounRiver Studio 2.app/Contents/Resources/app/resources/darwin/components/WCH/Toolchain/RISC-V Embedded GCC/bin/../lib/gcc/riscv-none-embed/8.2.0/rv32imac/ilp32/libgcc.a
LOAD /Applications/MounRiver Studio 2.app/Contents/Resources/app/resources/darwin/components/WCH/Toolchain/RISC-V Embedded GCC/bin/../lib/gcc/riscv-none-embed/8.2.0/../../../../riscv-none-embed/lib/rv32imac/ilp32/libc_nano.a
LOAD /Applications/MounRiver Studio 2.app/Contents/Resources/app/resources/darwin/components/WCH/Toolchain/RISC-V Embedded GCC/bin/../lib/gcc/riscv-none-embed/8.2.0/../../../../riscv-none-embed/lib/rv32imac/ilp32/libnosys.a
END GROUP
START GROUP
LOAD /Applications/MounRiver Studio 2.app/Contents/Resources/app/resources/darwin/components/WCH/Toolchain/RISC-V Embedded GCC/bin/../lib/gcc/riscv-none-embed/8.2.0/rv32imac/ilp32/libgcc.a
LOAD /Applications/MounRiver Studio 2.app/Contents/Resources/app/resources/darwin/components/WCH/Toolchain/RISC-V Embedded GCC/bin/../lib/gcc/riscv-none-embed/8.2.0/../../../../riscv-none-embed/lib/rv32imac/ilp32/libc_nano.a
LOAD /Applications/MounRiver Studio 2.app/Contents/Resources/app/resources/darwin/components/WCH/Toolchain/RISC-V Embedded GCC/bin/../lib/gcc/riscv-none-embed/8.2.0/../../../../riscv-none-embed/lib/rv32imac/ilp32/libnosys.a
END GROUP

.init           0x0000000000000000        0x4
                0x0000000000000000                _sinit = .
                0x0000000000000000                . = ALIGN (0x4)
 *(SORT_NONE(.init))
 .init          0x0000000000000000        0x4 ./Startup/startup_CH583.o
                0x0000000000000000                _start
                0x0000000000000004                . = ALIGN (0x4)
                0x0000000000000004                _einit = .

.highcodelalign
                0x0000000000000004        0x0
                0x0000000000000004                . = ALIGN (0x4)
                0x0000000000000004                PROVIDE (_highcode_lma = .)

.highcode       0x0000000020000000     0x20fc load address 0x0000000000000004
                0x0000000020000000                . = ALIGN (0x4)
                0x0000000020000000                PROVIDE (_highcode_vma_start = .)
 *(.vector)
 .vector        0x0000000020000000       0x90 ./Startup/startup_CH583.o
 *(SORT_NONE(.vector_handler))
 .vector_handler
                0x0000000020000090        0x2 ./Startup/startup_CH583.o
                0x0000000020000090                TMR1_IRQHandler
                0x0000000020000090                GPIOA_IRQHandler
                0x0000000020000090                SysTick_Handler
                0x0000000020000090                NMI_Handler
                0x0000000020000090                UART1_IRQHandler
                0x0000000020000090                UART0_IRQHandler
                0x0000000020000090                BB_IRQHandler
                0x0000000020000090                Break_Point_Handler
                0x0000000020000090                TMR0_IRQHandler
                0x0000000020000090                Ecall_M_Mode_Handler
                0x0000000020000090                UART2_IRQHandler
                0x0000000020000090                PWMX_IRQHandler
                0x0000000020000090                ADC_IRQHandler
                0x0000000020000090                TMR2_IRQHandler
                0x0000000020000090                USB_IRQHandler
                0x0000000020000090                I2C_IRQHandler
                0x0000000020000090                USB2_IRQHandler
                0x0000000020000090                LLE_IRQHandler
                0x0000000020000090                WDOG_BAT_IRQHandler
                0x0000000020000090                Ecall_U_Mode_Handler
                0x0000000020000090                TMR3_IRQHandler
                0x0000000020000090                SW_Handler
                0x0000000020000090                SPI0_IRQHandler
                0x0000000020000090                GPIOB_IRQHandler
 *(.highcode)
 .highcode      0x0000000020000092      0x4ec ./StdPeriphDriver/CH58x_sys.o
                0x0000000020000092                SetSysClock
                0x0000000020000418                SYS_ResetExecute
                0x000000002000048a                HardFault_Handler
                0x0000000020000548                mDelayuS
                0x0000000020000556                mDelaymS
 .highcode      0x000000002000057e       0x16 ./HAL/RTC.o
                0x000000002000057e                RTC_IRQHandler
 .highcode      0x0000000020000594       0x6a ./APP/app_uart.o
                0x0000000020000594                UART3_IRQHandler
 .highcode      0x00000000200005fe       0x10 ./APP/peripheral_main.o
                0x00000000200005fe                Main_Circulation
 .highcode      0x000000002000060e      0x426 /Users/liao1030/HMD/_Projects/_P14_V2_1/Firmware/P14_V3/CH582F/BLE_UART/StdPeriphDriver/libISP583.a(ISP583.o)
                0x000000002000060e                FLASH_ROM_BEG
                0x0000000020000620                FLASH_ROM_END
                0x000000002000062e                FLASH_ROM_IN
                0x000000002000063c                FLASH_ROM_OUT
                0x000000002000064a                FLASH_ROM_ADDR
                0x0000000020000692                FLASH_ROM_WAIT
                0x00000000200006ca                FLASH_EEPROM_CMD
 .highcode      0x0000000020000a34      0x430 /Users/liao1030/HMD/_Projects/_P14_V2_1/Firmware/P14_V3/CH582F/BLE_UART/LIB/libCH58xBLE.a(tmos.o)
                0x0000000020000a34                tmos_memcpy
                0x0000000020000a54                tmos_memcpy_word
                0x0000000020000a6c                tmos_memset
                0x0000000020000a7e                tmos_strlen
                0x0000000020000a92                tmos_memdup
                0x0000000020000ac4                tmos_memcmp
                0x0000000020000af2                tmos_revmemcpy
                0x0000000020000b0e                tmos_isbufset
                0x0000000020000b30                tmos_proces_system_time
                0x0000000020000c74                TMOS_SystemProcess
 .highcode      0x0000000020000e64       0x50 /Users/liao1030/HMD/_Projects/_P14_V2_1/Firmware/P14_V3/CH582F/BLE_UART/LIB/libCH58xBLE.a(tmos_hw.o)
                0x0000000020000eae                TMOS_TimerIRQHandler
 .highcode      0x0000000020000eb4       0x4e /Users/liao1030/HMD/_Projects/_P14_V2_1/Firmware/P14_V3/CH582F/BLE_UART/LIB/libCH58xBLE.a(ll_whitelist.o)
                0x0000000020000eb4                LL_WhitelistLookup
 .highcode      0x0000000020000f02      0x1b6 /Users/liao1030/HMD/_Projects/_P14_V2_1/Firmware/P14_V3/CH582F/BLE_UART/LIB/libCH58xBLE.a(aes.o)
                0x0000000020000f02                AES_DevAESEnc
 .highcode      0x00000000200010b8      0x15a /Users/liao1030/HMD/_Projects/_P14_V2_1/Firmware/P14_V3/CH582F/BLE_UART/LIB/libCH58xBLE.a(bb.o)
                0x00000000200010b8                BB_IRQLibHandler
                0x00000000200011c8                BB_IRQLibFunction
 .highcode      0x0000000020001212      0x38c /Users/liao1030/HMD/_Projects/_P14_V2_1/Firmware/P14_V3/CH582F/BLE_UART/LIB/libCH58xBLE.a(ip.o)
                0x0000000020001212                ll_rx_wait_finish
                0x0000000020001250                ble_ll_chkcrc
                0x00000000200012f2                ll_tx_wait_finish
                0x00000000200013fa                BLE_CheckHoppingMap
 .highcode      0x000000002000159e      0x23c /Users/liao1030/HMD/_Projects/_P14_V2_1/Firmware/P14_V3/CH582F/BLE_UART/LIB/libCH58xBLE.a(lle.o)
                0x000000002000159e                LLE_IRQLibHandler
                0x0000000020001790                LLE_IRQLibFunction
 .highcode      0x00000000200017da       0x3a /Users/liao1030/HMD/_Projects/_P14_V2_1/Firmware/P14_V3/CH582F/BLE_UART/LIB/libCH58xBLE.a(rfend.o)
                0x00000000200017da                RFEND_WaitTune
 .highcode      0x0000000020001814      0x1ba /Users/liao1030/HMD/_Projects/_P14_V2_1/Firmware/P14_V3/CH582F/BLE_UART/LIB/libCH58xBLE.a(memory.o)
                0x0000000020001814                tmos_memory_allocate
                0x00000000200018e6                tmos_memory_free
 .highcode      0x00000000200019ce      0x2e6 /Users/liao1030/HMD/_Projects/_P14_V2_1/Firmware/P14_V3/CH582F/BLE_UART/LIB/libCH58xBLE.a(ll_connect.o)
                0x00000000200019ce                ll_connect_send_data
                0x0000000020001afa                ll_connect_recv_data
                0x0000000020001bda                ll_connect_event_continue
                0x0000000020001ca4                ll_wait_connect_event
 .highcode      0x0000000020001cb4      0x310 /Users/liao1030/HMD/_Projects/_P14_V2_1/Firmware/P14_V3/CH582F/BLE_UART/LIB/libCH58xBLE.a(ll_hop.o)
                0x0000000020001cb4                LL_HopGetChannel
                0x0000000020001d5a                LL_HopGetChannel2
 .highcode      0x0000000020001fc4      0x138 /Users/liao1030/HMD/_Projects/_P14_V2_1/Firmware/P14_V3/CH582F/BLE_UART/LIB/libCH58xBLE.a(ll_resolvinglist.o)
                0x0000000020001fc4                ll_resolvinglist_checkRPA
                0x0000000020002030                LL_ResolvinglistPeerIdentifyAddressGetIrk
                0x0000000020002084                LL_ResolvinglistPeerRpaAddressGetIrk
                0x00000000200020c0                LL_ResolvinglistLocalRpaAddressGetIrk
 *(.highcode.*)
                0x00000000200020fc                . = ALIGN (0x4)
 *fill*         0x00000000200020fc        0x0 
                0x00000000200020fc                PROVIDE (_highcode_vma_end = .)

.text           0x0000000000002100    0x22ce8
                0x0000000000002100                . = ALIGN (0x4)
 *(SORT_NONE(.handle_reset))
 .handle_reset  0x0000000000002100       0xae ./Startup/startup_CH583.o
                0x0000000000002100                handle_reset
 *(.text)
 .text          0x00000000000021ae       0xa8 /Applications/MounRiver Studio 2.app/Contents/Resources/app/resources/darwin/components/WCH/Toolchain/RISC-V Embedded GCC/bin/../lib/gcc/riscv-none-embed/8.2.0/../../../../riscv-none-embed/lib/rv32imac/ilp32/libg_nano.a(lib_a-memset.o)
                0x00000000000021ae                memset
 *(.text.*)
 .text.ADC_InterTSSampInit
                0x0000000000002256       0x28 ./StdPeriphDriver/CH58x_adc.o
                0x0000000000002256                ADC_InterTSSampInit
 .text.RTC_InitTime
                0x000000000000227e      0x204 ./StdPeriphDriver/CH58x_clk.o
                0x000000000000227e                RTC_InitTime
 .text.RTC_GetCycle32k
                0x0000000000002482       0x18 ./StdPeriphDriver/CH58x_clk.o
                0x0000000000002482                RTC_GetCycle32k
 .text.Calibration_LSI
                0x000000000000249a      0x81e ./StdPeriphDriver/CH58x_clk.o
                0x000000000000249a                Calibration_LSI
 .text.GPIOA_ModeCfg
                0x0000000000002cb8       0xa6 ./StdPeriphDriver/CH58x_gpio.o
                0x0000000000002cb8                GPIOA_ModeCfg
 .text.GetSysClock
                0x0000000000002d5e       0x42 ./StdPeriphDriver/CH58x_sys.o
                0x0000000000002d5e                GetSysClock
 .text.SYS_DisableAllIrq
                0x0000000000002da0       0x1c ./StdPeriphDriver/CH58x_sys.o
                0x0000000000002da0                SYS_DisableAllIrq
 .text.SYS_RecoverIrq
                0x0000000000002dbc       0x14 ./StdPeriphDriver/CH58x_sys.o
                0x0000000000002dbc                SYS_RecoverIrq
 .text.SYS_GetSysTickCnt
                0x0000000000002dd0        0xa ./StdPeriphDriver/CH58x_sys.o
                0x0000000000002dd0                SYS_GetSysTickCnt
 .text._write   0x0000000000002dda       0x28 ./StdPeriphDriver/CH58x_sys.o
                0x0000000000002dda                _write
 .text.UART1_BaudRateCfg
                0x0000000000002e02       0x30 ./StdPeriphDriver/CH58x_uart1.o
                0x0000000000002e02                UART1_BaudRateCfg
 .text.UART1_DefInit
                0x0000000000002e32       0x32 ./StdPeriphDriver/CH58x_uart1.o
                0x0000000000002e32                UART1_DefInit
 .text.UART3_BaudRateCfg
                0x0000000000002e64       0x30 ./StdPeriphDriver/CH58x_uart3.o
                0x0000000000002e64                UART3_BaudRateCfg
 .text.UART3_DefInit
                0x0000000000002e94       0x32 ./StdPeriphDriver/CH58x_uart3.o
                0x0000000000002e94                UART3_DefInit
 .text.UART3_INTCfg
                0x0000000000002ec6       0x2a ./StdPeriphDriver/CH58x_uart3.o
                0x0000000000002ec6                UART3_INTCfg
 .text.devInfo_ReadAttrCB
                0x0000000000002ef0      0x196 ./Profile/devinfoservice.o
 .text.DevInfo_AddService
                0x0000000000003086       0x18 ./Profile/devinfoservice.o
                0x0000000000003086                DevInfo_AddService
 .text.Lib_Calibration_LSI
                0x000000000000309e        0x6 ./HAL/MCU.o
                0x000000000000309e                Lib_Calibration_LSI
 .text.Lib_Read_Flash
                0x00000000000030a4       0x1c ./HAL/MCU.o
                0x00000000000030a4                Lib_Read_Flash
 .text.Lib_Write_Flash
                0x00000000000030c0       0x40 ./HAL/MCU.o
                0x00000000000030c0                Lib_Write_Flash
 .text.HAL_GetInterTempValue
                0x0000000000003100       0x72 ./HAL/MCU.o
                0x0000000000003100                HAL_GetInterTempValue
 .text.HAL_ProcessEvent
                0x0000000000003172       0x7e ./HAL/MCU.o
                0x0000000000003172                HAL_ProcessEvent
 .text.CH58X_BLEInit
                0x00000000000031f0      0x132 ./HAL/MCU.o
                0x00000000000031f0                CH58X_BLEInit
 .text.HAL_Init
                0x0000000000003322       0x34 ./HAL/MCU.o
                0x0000000000003322                HAL_Init
 .text.HAL_TimeInit
                0x0000000000003356       0xda ./HAL/RTC.o
                0x0000000000003356                HAL_TimeInit
 .text.ble_uart_WriteAttrCB
                0x0000000000003430       0xba ./APP/ble_uart_service/ble_uart_service_16bit.o
 .text.ble_uart_ReadAttrCB
                0x00000000000034ea       0x5e ./APP/ble_uart_service/ble_uart_service_16bit.o
 .text.ble_uart_HandleConnStatusCB
                0x0000000000003548       0x3e ./APP/ble_uart_service/ble_uart_service_16bit.o
 .text.ble_uart_add_service
                0x0000000000003586       0x5a ./APP/ble_uart_service/ble_uart_service_16bit.o
                0x0000000000003586                ble_uart_add_service
 .text.ble_uart_notify_is_ready
                0x00000000000035e0       0x18 ./APP/ble_uart_service/ble_uart_service_16bit.o
                0x00000000000035e0                ble_uart_notify_is_ready
 .text.ble_uart_notify
                0x00000000000035f8       0x46 ./APP/ble_uart_service/ble_uart_service_16bit.o
                0x00000000000035f8                ble_uart_notify
 .text.app_drv_fifo_length
                0x000000000000363e       0x12 ./APP/app_drv_fifo/app_drv_fifo.o
                0x000000000000363e                app_drv_fifo_length
 .text.app_drv_fifo_init
                0x0000000000003650       0x26 ./APP/app_drv_fifo/app_drv_fifo.o
                0x0000000000003650                app_drv_fifo_init
 .text.app_drv_fifo_flush
                0x0000000000003676        0x6 ./APP/app_drv_fifo/app_drv_fifo.o
                0x0000000000003676                app_drv_fifo_flush
 .text.app_drv_fifo_write
                0x000000000000367c       0x72 ./APP/app_drv_fifo/app_drv_fifo.o
                0x000000000000367c                app_drv_fifo_write
 .text.app_drv_fifo_write_from_same_addr
                0x00000000000036ee       0x60 ./APP/app_drv_fifo/app_drv_fifo.o
                0x00000000000036ee                app_drv_fifo_write_from_same_addr
 .text.app_drv_fifo_read
                0x000000000000374e       0x62 ./APP/app_drv_fifo/app_drv_fifo.o
                0x000000000000374e                app_drv_fifo_read
 .text.app_drv_fifo_read_to_same_addr
                0x00000000000037b0       0x4e ./APP/app_drv_fifo/app_drv_fifo.o
                0x00000000000037b0                app_drv_fifo_read_to_same_addr
 .text.app_uart_process
                0x00000000000037fe       0x50 ./APP/app_uart.o
                0x00000000000037fe                app_uart_process
 .text.app_uart_init
                0x000000000000384e       0x74 ./APP/app_uart.o
                0x000000000000384e                app_uart_init
 .text.app_uart_tx_data
                0x00000000000038c2       0x1a ./APP/app_uart.o
                0x00000000000038c2                app_uart_tx_data
 .text.on_bleuartServiceEvt
                0x00000000000038dc       0x56 ./APP/app_uart.o
                0x00000000000038dc                on_bleuartServiceEvt
 .text.peripheralRssiCB
                0x0000000000003932       0x12 ./APP/peripheral.o
 .text.peripheralParamUpdateCB
                0x0000000000003944       0x30 ./APP/peripheral.o
 .text.Peripheral_LinkTerminated
                0x0000000000003974       0x44 ./APP/peripheral.o
 .text.Peripheral_ProcessEvent
                0x00000000000039b8      0x1f4 ./APP/peripheral.o
                0x00000000000039b8                Peripheral_ProcessEvent
 .text.peripheralStateNotificationCB
                0x0000000000003bac      0x12c ./APP/peripheral.o
 .text.Peripheral_Init
                0x0000000000003cd8      0x134 ./APP/peripheral.o
                0x0000000000003cd8                Peripheral_Init
 .text.startup.main
                0x0000000000003e0c       0x54 ./APP/peripheral_main.o
                0x0000000000003e0c                main
 .text.tmos_msg_enqueue
                0x0000000000003e60       0x1e /Users/liao1030/HMD/_Projects/_P14_V2_1/Firmware/P14_V3/CH582F/BLE_UART/LIB/libCH58xBLE.a(message.o)
                0x0000000000003e60                tmos_msg_enqueue
 .text.tmos_msg_deallocate
                0x0000000000003e7e       0x2c /Users/liao1030/HMD/_Projects/_P14_V2_1/Firmware/P14_V3/CH582F/BLE_UART/LIB/libCH58xBLE.a(message.o)
                0x0000000000003e7e                tmos_msg_deallocate
 .text.tmos_msg_allocate
                0x0000000000003eaa       0x46 /Users/liao1030/HMD/_Projects/_P14_V2_1/Firmware/P14_V3/CH582F/BLE_UART/LIB/libCH58xBLE.a(message.o)
                0x0000000000003eaa                tmos_msg_allocate
 .text.tmos_msg_receive
                0x0000000000003ef0       0x70 /Users/liao1030/HMD/_Projects/_P14_V2_1/Firmware/P14_V3/CH582F/BLE_UART/LIB/libCH58xBLE.a(message.o)
                0x0000000000003ef0                tmos_msg_receive
 .text.tmos_msg_send
                0x0000000000003f60       0x60 /Users/liao1030/HMD/_Projects/_P14_V2_1/Firmware/P14_V3/CH582F/BLE_UART/LIB/libCH58xBLE.a(message.o)
                0x0000000000003f60                tmos_msg_send
 .text.tmos_msg_init
                0x0000000000003fc0        0xa /Users/liao1030/HMD/_Projects/_P14_V2_1/Firmware/P14_V3/CH582F/BLE_UART/LIB/libCH58xBLE.a(message.o)
                0x0000000000003fc0                tmos_msg_init
 .text.tmosFindTask
                0x0000000000003fca       0x24 /Users/liao1030/HMD/_Projects/_P14_V2_1/Firmware/P14_V3/CH582F/BLE_UART/LIB/libCH58xBLE.a(tmos.o)
 .text.TMOS_CB_PeriodicProcessEvent
                0x0000000000003fee       0x86 /Users/liao1030/HMD/_Projects/_P14_V2_1/Firmware/P14_V3/CH582F/BLE_UART/LIB/libCH58xBLE.a(tmos.o)
                0x0000000000003fee                TMOS_CB_PeriodicProcessEvent
 .text.TMOS_CB_ProcessEvent
                0x0000000000004074       0x80 /Users/liao1030/HMD/_Projects/_P14_V2_1/Firmware/P14_V3/CH582F/BLE_UART/LIB/libCH58xBLE.a(tmos.o)
                0x0000000000004074                TMOS_CB_ProcessEvent
 .text.tmos_rand
                0x00000000000040f4       0x52 /Users/liao1030/HMD/_Projects/_P14_V2_1/Firmware/P14_V3/CH582F/BLE_UART/LIB/libCH58xBLE.a(tmos.o)
                0x00000000000040f4                tmos_rand
 .text.tmos_start_periodic_callback_task
                0x0000000000004146       0xea /Users/liao1030/HMD/_Projects/_P14_V2_1/Firmware/P14_V3/CH582F/BLE_UART/LIB/libCH58xBLE.a(tmos.o)
                0x0000000000004146                tmos_start_periodic_callback_task
 .text.tmos_set_event
                0x0000000000004230       0x2e /Users/liao1030/HMD/_Projects/_P14_V2_1/Firmware/P14_V3/CH582F/BLE_UART/LIB/libCH58xBLE.a(tmos.o)
                0x0000000000004230                tmos_set_event
 .text.tmos_clear_event
                0x000000000000425e       0x32 /Users/liao1030/HMD/_Projects/_P14_V2_1/Firmware/P14_V3/CH582F/BLE_UART/LIB/libCH58xBLE.a(tmos.o)
                0x000000000000425e                tmos_clear_event
 .text.tmos_update_callback_timer
                0x0000000000004290       0xc2 /Users/liao1030/HMD/_Projects/_P14_V2_1/Firmware/P14_V3/CH582F/BLE_UART/LIB/libCH58xBLE.a(tmos.o)
                0x0000000000004290                tmos_update_callback_timer
 .text.tmos_update_periodic_callback_timer
                0x0000000000004352       0x5e /Users/liao1030/HMD/_Projects/_P14_V2_1/Firmware/P14_V3/CH582F/BLE_UART/LIB/libCH58xBLE.a(tmos.o)
                0x0000000000004352                tmos_update_periodic_callback_timer
 .text.tmos_start_task
                0x00000000000043b0      0x132 /Users/liao1030/HMD/_Projects/_P14_V2_1/Firmware/P14_V3/CH582F/BLE_UART/LIB/libCH58xBLE.a(tmos.o)
                0x00000000000043b0                tmos_start_task
 .text.tmos_start_callback_task
                0x00000000000044e2       0x9a /Users/liao1030/HMD/_Projects/_P14_V2_1/Firmware/P14_V3/CH582F/BLE_UART/LIB/libCH58xBLE.a(tmos.o)
                0x00000000000044e2                tmos_start_callback_task
 .text.tmos_start_reload_task
                0x000000000000457c       0x56 /Users/liao1030/HMD/_Projects/_P14_V2_1/Firmware/P14_V3/CH582F/BLE_UART/LIB/libCH58xBLE.a(tmos.o)
                0x000000000000457c                tmos_start_reload_task
 .text.tmos_stop_task
                0x00000000000045d2       0x50 /Users/liao1030/HMD/_Projects/_P14_V2_1/Firmware/P14_V3/CH582F/BLE_UART/LIB/libCH58xBLE.a(tmos.o)
                0x00000000000045d2                tmos_stop_task
 .text.tmos_stop_callback_task
                0x0000000000004622       0x5a /Users/liao1030/HMD/_Projects/_P14_V2_1/Firmware/P14_V3/CH582F/BLE_UART/LIB/libCH58xBLE.a(tmos.o)
                0x0000000000004622                tmos_stop_callback_task
 .text.tmos_get_task_timer
                0x000000000000467c       0x62 /Users/liao1030/HMD/_Projects/_P14_V2_1/Firmware/P14_V3/CH582F/BLE_UART/LIB/libCH58xBLE.a(tmos.o)
                0x000000000000467c                tmos_get_task_timer
 .text.tmos_proces_sleep
                0x00000000000046de       0xd0 /Users/liao1030/HMD/_Projects/_P14_V2_1/Firmware/P14_V3/CH582F/BLE_UART/LIB/libCH58xBLE.a(tmos.o)
                0x00000000000046de                tmos_proces_sleep
 .text.TMOS_TimerRegister
                0x00000000000047ae       0x1e /Users/liao1030/HMD/_Projects/_P14_V2_1/Firmware/P14_V3/CH582F/BLE_UART/LIB/libCH58xBLE.a(tmos.o)
                0x00000000000047ae                TMOS_TimerRegister
 .text.TMOS_ProcessRegister
                0x00000000000047cc       0x16 /Users/liao1030/HMD/_Projects/_P14_V2_1/Firmware/P14_V3/CH582F/BLE_UART/LIB/libCH58xBLE.a(tmos.o)
                0x00000000000047cc                TMOS_ProcessRegister
 .text.TMOS_Init
                0x00000000000047e2      0x12e /Users/liao1030/HMD/_Projects/_P14_V2_1/Firmware/P14_V3/CH582F/BLE_UART/LIB/libCH58xBLE.a(tmos.o)
                0x00000000000047e2                TMOS_Init
 .text.TMOS_ProcessEventRegister
                0x0000000000004910       0x3c /Users/liao1030/HMD/_Projects/_P14_V2_1/Firmware/P14_V3/CH582F/BLE_UART/LIB/libCH58xBLE.a(tmos.o)
                0x0000000000004910                TMOS_ProcessEventRegister
 .text.BLE_LibInit
                0x000000000000494c      0x17c /Users/liao1030/HMD/_Projects/_P14_V2_1/Firmware/P14_V3/CH582F/BLE_UART/LIB/libCH58xBLE.a(tmos.o)
                0x000000000000494c                BLE_LibInit
 .text.clockGetTickValve
                0x0000000000004ac8       0x7e /Users/liao1030/HMD/_Projects/_P14_V2_1/Firmware/P14_V3/CH582F/BLE_UART/LIB/libCH58xBLE.a(tmos_hw.o)
 .text.ll_get_sca_divisor
                0x0000000000004b46       0x40 /Users/liao1030/HMD/_Projects/_P14_V2_1/Firmware/P14_V3/CH582F/BLE_UART/LIB/libCH58xBLE.a(tmos_hw.o)
                0x0000000000004b46                ll_get_sca_divisor
 .text.ll_get_sca_own
                0x0000000000004b86       0x46 /Users/liao1030/HMD/_Projects/_P14_V2_1/Firmware/P14_V3/CH582F/BLE_UART/LIB/libCH58xBLE.a(tmos_hw.o)
                0x0000000000004b86                ll_get_sca_own
 .text.ble_ll_common_rand8
                0x0000000000004bcc       0x24 /Users/liao1030/HMD/_Projects/_P14_V2_1/Firmware/P14_V3/CH582F/BLE_UART/LIB/libCH58xBLE.a(tmos_hw.o)
                0x0000000000004bcc                ble_ll_common_rand8
 .text.ble_ll_common_rand16
                0x0000000000004bf0       0x24 /Users/liao1030/HMD/_Projects/_P14_V2_1/Firmware/P14_V3/CH582F/BLE_UART/LIB/libCH58xBLE.a(tmos_hw.o)
                0x0000000000004bf0                ble_ll_common_rand16
 .text.ble_ll_common_rand32
                0x0000000000004c14       0x20 /Users/liao1030/HMD/_Projects/_P14_V2_1/Firmware/P14_V3/CH582F/BLE_UART/LIB/libCH58xBLE.a(tmos_hw.o)
                0x0000000000004c14                ble_ll_common_rand32
 .text.TMOS_TempSample
                0x0000000000004c34       0x62 /Users/liao1030/HMD/_Projects/_P14_V2_1/Firmware/P14_V3/CH582F/BLE_UART/LIB/libCH58xBLE.a(tmos_hw.o)
                0x0000000000004c34                TMOS_TempSample
 .text.TMOS_TimerInit
                0x0000000000004c96      0x142 /Users/liao1030/HMD/_Projects/_P14_V2_1/Firmware/P14_V3/CH582F/BLE_UART/LIB/libCH58xBLE.a(tmos_hw.o)
                0x0000000000004c96                TMOS_TimerInit
 .text.tmos_snv_init
                0x0000000000004dd8       0xc0 /Users/liao1030/HMD/_Projects/_P14_V2_1/Firmware/P14_V3/CH582F/BLE_UART/LIB/libCH58xBLE.a(tmos_snv.o)
                0x0000000000004dd8                tmos_snv_init
 .text.tmos_snv_read
                0x0000000000004e98      0x292 /Users/liao1030/HMD/_Projects/_P14_V2_1/Firmware/P14_V3/CH582F/BLE_UART/LIB/libCH58xBLE.a(tmos_snv.o)
                0x0000000000004e98                tmos_snv_read
 .text.tmos_snv_notify
                0x000000000000512a       0x5a /Users/liao1030/HMD/_Projects/_P14_V2_1/Firmware/P14_V3/CH582F/BLE_UART/LIB/libCH58xBLE.a(tmos_snv.o)
                0x000000000000512a                tmos_snv_notify
 .text.tmos_snv_write
                0x0000000000005184      0x2ce /Users/liao1030/HMD/_Projects/_P14_V2_1/Firmware/P14_V3/CH582F/BLE_UART/LIB/libCH58xBLE.a(tmos_snv.o)
                0x0000000000005184                tmos_snv_write
 .text.tmos_snv_compact
                0x0000000000005452        0x4 /Users/liao1030/HMD/_Projects/_P14_V2_1/Firmware/P14_V3/CH582F/BLE_UART/LIB/libCH58xBLE.a(tmos_snv.o)
                0x0000000000005452                tmos_snv_compact
 .text.ATT_BuildErrorRsp
                0x0000000000005456       0x26 /Users/liao1030/HMD/_Projects/_P14_V2_1/Firmware/P14_V3/CH582F/BLE_UART/LIB/libCH58xBLE.a(att.o)
                0x0000000000005456                ATT_BuildErrorRsp
 .text.ATT_ParamInit
                0x000000000000547c        0xa /Users/liao1030/HMD/_Projects/_P14_V2_1/Firmware/P14_V3/CH582F/BLE_UART/LIB/libCH58xBLE.a(att.o)
                0x000000000000547c                ATT_ParamInit
 .text.ATT_ConvertUUIDto128
                0x0000000000005486       0x46 /Users/liao1030/HMD/_Projects/_P14_V2_1/Firmware/P14_V3/CH582F/BLE_UART/LIB/libCH58xBLE.a(att.o)
                0x0000000000005486                ATT_ConvertUUIDto128
 .text.ATT_CompareUUID
                0x00000000000054cc       0x66 /Users/liao1030/HMD/_Projects/_P14_V2_1/Firmware/P14_V3/CH582F/BLE_UART/LIB/libCH58xBLE.a(att.o)
                0x00000000000054cc                ATT_CompareUUID
 .text.ATT_RegisterServer
                0x0000000000005532        0x6 /Users/liao1030/HMD/_Projects/_P14_V2_1/Firmware/P14_V3/CH582F/BLE_UART/LIB/libCH58xBLE.a(att.o)
                0x0000000000005532                ATT_RegisterServer
 .text.ATT_ParsePacket
                0x0000000000005538       0x94 /Users/liao1030/HMD/_Projects/_P14_V2_1/Firmware/P14_V3/CH582F/BLE_UART/LIB/libCH58xBLE.a(att.o)
                0x0000000000005538                ATT_ParsePacket
 .text.ATT_UpdateMTU
                0x00000000000055cc       0x3c /Users/liao1030/HMD/_Projects/_P14_V2_1/Firmware/P14_V3/CH582F/BLE_UART/LIB/libCH58xBLE.a(att.o)
                0x00000000000055cc                ATT_UpdateMTU
 .text.ATT_GetMTU
                0x0000000000005608       0x1e /Users/liao1030/HMD/_Projects/_P14_V2_1/Firmware/P14_V3/CH582F/BLE_UART/LIB/libCH58xBLE.a(att.o)
                0x0000000000005608                ATT_GetMTU
 .text.attSendMsg
                0x0000000000005626       0xb6 /Users/liao1030/HMD/_Projects/_P14_V2_1/Firmware/P14_V3/CH582F/BLE_UART/LIB/libCH58xBLE.a(att.o)
                0x0000000000005626                attSendMsg
 .text.attSendRspMsg
                0x00000000000056dc       0x46 /Users/liao1030/HMD/_Projects/_P14_V2_1/Firmware/P14_V3/CH582F/BLE_UART/LIB/libCH58xBLE.a(att.o)
                0x00000000000056dc                attSendRspMsg
 .text.ATT_ErrorRsp
                0x0000000000005722       0x10 /Users/liao1030/HMD/_Projects/_P14_V2_1/Firmware/P14_V3/CH582F/BLE_UART/LIB/libCH58xBLE.a(att.o)
                0x0000000000005722                ATT_ErrorRsp
 .text.disconnectNext
                0x0000000000005732       0x22 /Users/liao1030/HMD/_Projects/_P14_V2_1/Firmware/P14_V3/CH582F/BLE_UART/LIB/libCH58xBLE.a(gap.o)
 .text.GAP_ParamInit
                0x0000000000005754      0x168 /Users/liao1030/HMD/_Projects/_P14_V2_1/Firmware/P14_V3/CH582F/BLE_UART/LIB/libCH58xBLE.a(gap.o)
                0x0000000000005754                GAP_ParamInit
 .text.sendTerminateEvent
                0x00000000000058bc       0x58 /Users/liao1030/HMD/_Projects/_P14_V2_1/Firmware/P14_V3/CH582F/BLE_UART/LIB/libCH58xBLE.a(gap.o)
                0x00000000000058bc                sendTerminateEvent
 .text.gapRegisterCentral
                0x0000000000005914        0x6 /Users/liao1030/HMD/_Projects/_P14_V2_1/Firmware/P14_V3/CH582F/BLE_UART/LIB/libCH58xBLE.a(gap.o)
                0x0000000000005914                gapRegisterCentral
 .text.gapRegisterCentralConn
                0x000000000000591a        0x6 /Users/liao1030/HMD/_Projects/_P14_V2_1/Firmware/P14_V3/CH582F/BLE_UART/LIB/libCH58xBLE.a(gap.o)
                0x000000000000591a                gapRegisterCentralConn
 .text.gapRegisterPeripheral
                0x0000000000005920        0x6 /Users/liao1030/HMD/_Projects/_P14_V2_1/Firmware/P14_V3/CH582F/BLE_UART/LIB/libCH58xBLE.a(gap.o)
                0x0000000000005920                gapRegisterPeripheral
 .text.gapRegisterPeripheralConn
                0x0000000000005926        0x6 /Users/liao1030/HMD/_Projects/_P14_V2_1/Firmware/P14_V3/CH582F/BLE_UART/LIB/libCH58xBLE.a(gap.o)
                0x0000000000005926                gapRegisterPeripheralConn
 .text.smGenerateRandBuf
                0x000000000000592c       0x56 /Users/liao1030/HMD/_Projects/_P14_V2_1/Firmware/P14_V3/CH582F/BLE_UART/LIB/libCH58xBLE.a(gap.o)
                0x000000000000592c                smGenerateRandBuf
 .text.gapL2capConnParamUpdateReq
                0x0000000000005982       0x36 /Users/liao1030/HMD/_Projects/_P14_V2_1/Firmware/P14_V3/CH582F/BLE_UART/LIB/libCH58xBLE.a(gap.o)
                0x0000000000005982                gapL2capConnParamUpdateReq
 .text.gapValidADType
                0x00000000000059b8       0x16 /Users/liao1030/HMD/_Projects/_P14_V2_1/Firmware/P14_V3/CH582F/BLE_UART/LIB/libCH58xBLE.a(gap.o)
                0x00000000000059b8                gapValidADType
 .text.gapFindADType
                0x00000000000059ce       0x92 /Users/liao1030/HMD/_Projects/_P14_V2_1/Firmware/P14_V3/CH582F/BLE_UART/LIB/libCH58xBLE.a(gap.o)
                0x00000000000059ce                gapFindADType
 .text.GAP_SecParamsInit
                0x0000000000005a60       0xaa /Users/liao1030/HMD/_Projects/_P14_V2_1/Firmware/P14_V3/CH582F/BLE_UART/LIB/libCH58xBLE.a(gap.o)
                0x0000000000005a60                GAP_SecParamsInit
 .text.GAP_ParamsInit
                0x0000000000005b0a       0x50 /Users/liao1030/HMD/_Projects/_P14_V2_1/Firmware/P14_V3/CH582F/BLE_UART/LIB/libCH58xBLE.a(gap.o)
                0x0000000000005b0a                GAP_ParamsInit
 .text.gapAddAddrAdj
                0x0000000000005b5a       0x48 /Users/liao1030/HMD/_Projects/_P14_V2_1/Firmware/P14_V3/CH582F/BLE_UART/LIB/libCH58xBLE.a(gap.o)
                0x0000000000005b5a                gapAddAddrAdj
 .text.gapDetermineAddrType
                0x0000000000005ba2       0x28 /Users/liao1030/HMD/_Projects/_P14_V2_1/Firmware/P14_V3/CH582F/BLE_UART/LIB/libCH58xBLE.a(gap.o)
                0x0000000000005ba2                gapDetermineAddrType
 .text.gapFreeAuthLink
                0x0000000000005bca       0x4a /Users/liao1030/HMD/_Projects/_P14_V2_1/Firmware/P14_V3/CH582F/BLE_UART/LIB/libCH58xBLE.a(gap.o)
                0x0000000000005bca                gapFreeAuthLink
 .text.gapGetDevAddress
                0x0000000000005c14       0x24 /Users/liao1030/HMD/_Projects/_P14_V2_1/Firmware/P14_V3/CH582F/BLE_UART/LIB/libCH58xBLE.a(gap.o)
                0x0000000000005c14                gapGetDevAddress
 .text.gapGetDevAddressMode
                0x0000000000005c38        0xa /Users/liao1030/HMD/_Projects/_P14_V2_1/Firmware/P14_V3/CH582F/BLE_UART/LIB/libCH58xBLE.a(gap.o)
                0x0000000000005c38                gapGetDevAddressMode
 .text.gapGetIRK
                0x0000000000005c42        0xc /Users/liao1030/HMD/_Projects/_P14_V2_1/Firmware/P14_V3/CH582F/BLE_UART/LIB/libCH58xBLE.a(gap.o)
                0x0000000000005c42                gapGetIRK
 .text.gapGetSRK
                0x0000000000005c4e        0xc /Users/liao1030/HMD/_Projects/_P14_V2_1/Firmware/P14_V3/CH582F/BLE_UART/LIB/libCH58xBLE.a(gap.o)
                0x0000000000005c4e                gapGetSRK
 .text.gapGetSignCounter
                0x0000000000005c5a        0xe /Users/liao1030/HMD/_Projects/_P14_V2_1/Firmware/P14_V3/CH582F/BLE_UART/LIB/libCH58xBLE.a(gap.o)
                0x0000000000005c5a                gapGetSignCounter
 .text.gapIncSignCounter
                0x0000000000005c68       0x28 /Users/liao1030/HMD/_Projects/_P14_V2_1/Firmware/P14_V3/CH582F/BLE_UART/LIB/libCH58xBLE.a(gap.o)
                0x0000000000005c68                gapIncSignCounter
 .text.gapProcessConnEvt
                0x0000000000005c90       0x48 /Users/liao1030/HMD/_Projects/_P14_V2_1/Firmware/P14_V3/CH582F/BLE_UART/LIB/libCH58xBLE.a(gap.o)
                0x0000000000005c90                gapProcessConnEvt
 .text.gapProcessDisconnectCompleteEvt
                0x0000000000005cd8       0xa8 /Users/liao1030/HMD/_Projects/_P14_V2_1/Firmware/P14_V3/CH582F/BLE_UART/LIB/libCH58xBLE.a(gap.o)
                0x0000000000005cd8                gapProcessDisconnectCompleteEvt
 .text.sendAuthEvent
                0x0000000000005d80      0x11e /Users/liao1030/HMD/_Projects/_P14_V2_1/Firmware/P14_V3/CH582F/BLE_UART/LIB/libCH58xBLE.a(gap.o)
                0x0000000000005d80                sendAuthEvent
 .text.gapSendBondCompleteEvent
                0x0000000000005e9e       0x74 /Users/liao1030/HMD/_Projects/_P14_V2_1/Firmware/P14_V3/CH582F/BLE_UART/LIB/libCH58xBLE.a(gap.o)
                0x0000000000005e9e                gapSendBondCompleteEvent
 .text.gapSendPairingReqEvent
                0x0000000000005f12       0x96 /Users/liao1030/HMD/_Projects/_P14_V2_1/Firmware/P14_V3/CH582F/BLE_UART/LIB/libCH58xBLE.a(gap.o)
                0x0000000000005f12                gapSendPairingReqEvent
 .text.gapSendSlaveSecurityReqEvent
                0x0000000000005fa8       0x68 /Users/liao1030/HMD/_Projects/_P14_V2_1/Firmware/P14_V3/CH582F/BLE_UART/LIB/libCH58xBLE.a(gap.o)
                0x0000000000005fa8                gapSendSlaveSecurityReqEvent
 .text.gapSendDeviceInitDoneEvent
                0x0000000000006010       0x88 /Users/liao1030/HMD/_Projects/_P14_V2_1/Firmware/P14_V3/CH582F/BLE_UART/LIB/libCH58xBLE.a(gap.o)
                0x0000000000006010                gapSendDeviceInitDoneEvent
 .text.gapSendLinkUpdateEvent
                0x0000000000006098       0xb2 /Users/liao1030/HMD/_Projects/_P14_V2_1/Firmware/P14_V3/CH582F/BLE_UART/LIB/libCH58xBLE.a(gap.o)
                0x0000000000006098                gapSendLinkUpdateEvent
 .text.gapSendPhyUpdateEvent
                0x000000000000614a       0x58 /Users/liao1030/HMD/_Projects/_P14_V2_1/Firmware/P14_V3/CH582F/BLE_UART/LIB/libCH58xBLE.a(gap.o)
                0x000000000000614a                gapSendPhyUpdateEvent
 .text.gapSendEstLinkEvent
                0x00000000000061a2       0xbc /Users/liao1030/HMD/_Projects/_P14_V2_1/Firmware/P14_V3/CH582F/BLE_UART/LIB/libCH58xBLE.a(gap.o)
                0x00000000000061a2                gapSendEstLinkEvent
 .text.gapProcessNewAddr
                0x000000000000625e       0x3e /Users/liao1030/HMD/_Projects/_P14_V2_1/Firmware/P14_V3/CH582F/BLE_UART/LIB/libCH58xBLE.a(gap.o)
                0x000000000000625e                gapProcessNewAddr
 .text.gapProcessRandomAddrComplete
                0x000000000000629c       0xb6 /Users/liao1030/HMD/_Projects/_P14_V2_1/Firmware/P14_V3/CH582F/BLE_UART/LIB/libCH58xBLE.a(gap.o)
                0x000000000000629c                gapProcessRandomAddrComplete
 .text.GAP_Authenticate
                0x0000000000006352       0xde /Users/liao1030/HMD/_Projects/_P14_V2_1/Firmware/P14_V3/CH582F/BLE_UART/LIB/libCH58xBLE.a(gap.o)
                0x0000000000006352                GAP_Authenticate
 .text.GAP_Bond
                0x0000000000006430       0xaa /Users/liao1030/HMD/_Projects/_P14_V2_1/Firmware/P14_V3/CH582F/BLE_UART/LIB/libCH58xBLE.a(gap.o)
                0x0000000000006430                GAP_Bond
 .text.GAP_GetParamValue
                0x00000000000064da       0x20 /Users/liao1030/HMD/_Projects/_P14_V2_1/Firmware/P14_V3/CH582F/BLE_UART/LIB/libCH58xBLE.a(gap.o)
                0x00000000000064da                GAP_GetParamValue
 .text.GAP_PasscodeUpdate
                0x00000000000064fa       0x54 /Users/liao1030/HMD/_Projects/_P14_V2_1/Firmware/P14_V3/CH582F/BLE_UART/LIB/libCH58xBLE.a(gap.o)
                0x00000000000064fa                GAP_PasscodeUpdate
 .text.GAP_RegisterForMsgs
                0x000000000000654e        0xa /Users/liao1030/HMD/_Projects/_P14_V2_1/Firmware/P14_V3/CH582F/BLE_UART/LIB/libCH58xBLE.a(gap.o)
                0x000000000000654e                GAP_RegisterForMsgs
 .text.GAP_ResolvePrivateAddr
                0x0000000000006558        0x4 /Users/liao1030/HMD/_Projects/_P14_V2_1/Firmware/P14_V3/CH582F/BLE_UART/LIB/libCH58xBLE.a(gap.o)
                0x0000000000006558                GAP_ResolvePrivateAddr
 .text.gapPairingCompleteCB
                0x000000000000655c      0x18c /Users/liao1030/HMD/_Projects/_P14_V2_1/Firmware/P14_V3/CH582F/BLE_UART/LIB/libCH58xBLE.a(gap.o)
                0x000000000000655c                gapPairingCompleteCB
 .text.gapPasskeyNeededCB
                0x00000000000066e8       0x8e /Users/liao1030/HMD/_Projects/_P14_V2_1/Firmware/P14_V3/CH582F/BLE_UART/LIB/libCH58xBLE.a(gap.o)
                0x00000000000066e8                gapPasskeyNeededCB
 .text.gapOobNeededCB
                0x0000000000006776       0xa6 /Users/liao1030/HMD/_Projects/_P14_V2_1/Firmware/P14_V3/CH582F/BLE_UART/LIB/libCH58xBLE.a(gap.o)
                0x0000000000006776                gapOobNeededCB
 .text.gapFreeEstLink
                0x000000000000681c       0x20 /Users/liao1030/HMD/_Projects/_P14_V2_1/Firmware/P14_V3/CH582F/BLE_UART/LIB/libCH58xBLE.a(gap.o)
                0x000000000000681c                gapFreeEstLink
 .text.gapUpdateConnSignCounter
                0x000000000000683c       0x7a /Users/liao1030/HMD/_Projects/_P14_V2_1/Firmware/P14_V3/CH582F/BLE_UART/LIB/libCH58xBLE.a(gap.o)
                0x000000000000683c                gapUpdateConnSignCounter
 .text.GAP_SendSlaveSecurityRequest
                0x00000000000068b6       0x4a /Users/liao1030/HMD/_Projects/_P14_V2_1/Firmware/P14_V3/CH582F/BLE_UART/LIB/libCH58xBLE.a(gap.o)
                0x00000000000068b6                GAP_SendSlaveSecurityRequest
 .text.GAP_Signable
                0x0000000000006900       0x6a /Users/liao1030/HMD/_Projects/_P14_V2_1/Firmware/P14_V3/CH582F/BLE_UART/LIB/libCH58xBLE.a(gap.o)
                0x0000000000006900                GAP_Signable
 .text.GAP_TerminateAuth
                0x000000000000696a       0x2a /Users/liao1030/HMD/_Projects/_P14_V2_1/Firmware/P14_V3/CH582F/BLE_UART/LIB/libCH58xBLE.a(gap.o)
                0x000000000000696a                GAP_TerminateAuth
 .text.GAP_NumActiveConnections
                0x0000000000006994        0x4 /Users/liao1030/HMD/_Projects/_P14_V2_1/Firmware/P14_V3/CH582F/BLE_UART/LIB/libCH58xBLE.a(gap.o)
                0x0000000000006994                GAP_NumActiveConnections
 .text.GAP_TerminateLinkReq
                0x0000000000006998       0x8e /Users/liao1030/HMD/_Projects/_P14_V2_1/Firmware/P14_V3/CH582F/BLE_UART/LIB/libCH58xBLE.a(gap.o)
                0x0000000000006998                GAP_TerminateLinkReq
 .text.GAP_SetParamValue
                0x0000000000006a26       0x6c /Users/liao1030/HMD/_Projects/_P14_V2_1/Firmware/P14_V3/CH582F/BLE_UART/LIB/libCH58xBLE.a(gap.o)
                0x0000000000006a26                GAP_SetParamValue
 .text.GAP_Init
                0x0000000000006a92       0x48 /Users/liao1030/HMD/_Projects/_P14_V2_1/Firmware/P14_V3/CH582F/BLE_UART/LIB/libCH58xBLE.a(gap.o)
                0x0000000000006a92                GAP_Init
 .text.GAP_ProcessEvent
                0x0000000000006ada      0x66a /Users/liao1030/HMD/_Projects/_P14_V2_1/Firmware/P14_V3/CH582F/BLE_UART/LIB/libCH58xBLE.a(gap.o)
                0x0000000000006ada                GAP_ProcessEvent
 .text.gapSendScanEnable
                0x0000000000007144       0x3a /Users/liao1030/HMD/_Projects/_P14_V2_1/Firmware/P14_V3/CH582F/BLE_UART/LIB/libCH58xBLE.a(gap_central.o)
 .text.gapCentProcessConnEvt
                0x000000000000717e      0x168 /Users/liao1030/HMD/_Projects/_P14_V2_1/Firmware/P14_V3/CH582F/BLE_UART/LIB/libCH58xBLE.a(gap_central.o)
                0x000000000000717e                gapCentProcessConnEvt
 .text.gapProcessScanningPeriodicAdvEvt
                0x00000000000072e6       0xa0 /Users/liao1030/HMD/_Projects/_P14_V2_1/Firmware/P14_V3/CH582F/BLE_UART/LIB/libCH58xBLE.a(gap_central.o)
                0x00000000000072e6                gapProcessScanningPeriodicAdvEvt
 .text.gapCancelLinkReq
                0x0000000000007386       0x38 /Users/liao1030/HMD/_Projects/_P14_V2_1/Firmware/P14_V3/CH582F/BLE_UART/LIB/libCH58xBLE.a(gap_central.o)
                0x0000000000007386                gapCancelLinkReq
 .text.gapProcessAdvertDevInfo
                0x00000000000073be      0x242 /Users/liao1030/HMD/_Projects/_P14_V2_1/Firmware/P14_V3/CH582F/BLE_UART/LIB/libCH58xBLE.a(gap_central.o)
                0x00000000000073be                gapProcessAdvertDevInfo
 .text.gapProcessExtAdvertDevInfo
                0x0000000000007600      0x260 /Users/liao1030/HMD/_Projects/_P14_V2_1/Firmware/P14_V3/CH582F/BLE_UART/LIB/libCH58xBLE.a(gap_central.o)
                0x0000000000007600                gapProcessExtAdvertDevInfo
 .text.gapProcessPeriodicAdvertisingSyncEstablishedEvt
                0x0000000000007860       0xae /Users/liao1030/HMD/_Projects/_P14_V2_1/Firmware/P14_V3/CH582F/BLE_UART/LIB/libCH58xBLE.a(gap_central.o)
                0x0000000000007860                gapProcessPeriodicAdvertisingSyncEstablishedEvt
 .text.gapProcessPeriodicAdvertisingSyncLostEvt
                0x000000000000790e       0x56 /Users/liao1030/HMD/_Projects/_P14_V2_1/Firmware/P14_V3/CH582F/BLE_UART/LIB/libCH58xBLE.a(gap_central.o)
                0x000000000000790e                gapProcessPeriodicAdvertisingSyncLostEvt
 .text.gapFreeScanRecs
                0x0000000000007964       0xa6 /Users/liao1030/HMD/_Projects/_P14_V2_1/Firmware/P14_V3/CH582F/BLE_UART/LIB/libCH58xBLE.a(gap_central.o)
                0x0000000000007964                gapFreeScanRecs
 .text.gapSendDevDiscEvent
                0x0000000000007a0a      0x124 /Users/liao1030/HMD/_Projects/_P14_V2_1/Firmware/P14_V3/CH582F/BLE_UART/LIB/libCH58xBLE.a(gap_central.o)
                0x0000000000007a0a                gapSendDevDiscEvent
 .text.gapSetScanParamStatus
                0x0000000000007b2e       0x56 /Users/liao1030/HMD/_Projects/_P14_V2_1/Firmware/P14_V3/CH582F/BLE_UART/LIB/libCH58xBLE.a(gap_central.o)
 .text.gapCentProcessHCICmdEvt
                0x0000000000007b84       0x3c /Users/liao1030/HMD/_Projects/_P14_V2_1/Firmware/P14_V3/CH582F/BLE_UART/LIB/libCH58xBLE.a(gap_central.o)
                0x0000000000007b84                gapCentProcessHCICmdEvt
 .text.gapProcessScanningEvt
                0x0000000000007bc0      0x110 /Users/liao1030/HMD/_Projects/_P14_V2_1/Firmware/P14_V3/CH582F/BLE_UART/LIB/libCH58xBLE.a(gap_central.o)
                0x0000000000007bc0                gapProcessScanningEvt
 .text.gapProcessScanningDirectEvt
                0x0000000000007cd0       0xfe /Users/liao1030/HMD/_Projects/_P14_V2_1/Firmware/P14_V3/CH582F/BLE_UART/LIB/libCH58xBLE.a(gap_central.o)
                0x0000000000007cd0                gapProcessScanningDirectEvt
 .text.gapProcessScanningExtAdvEvt
                0x0000000000007dce      0x2c4 /Users/liao1030/HMD/_Projects/_P14_V2_1/Firmware/P14_V3/CH582F/BLE_UART/LIB/libCH58xBLE.a(gap_central.o)
                0x0000000000007dce                gapProcessScanningExtAdvEvt
 .text.GAP_CentConnRegister
                0x0000000000008092       0x1a /Users/liao1030/HMD/_Projects/_P14_V2_1/Firmware/P14_V3/CH582F/BLE_UART/LIB/libCH58xBLE.a(gap_central.o)
                0x0000000000008092                GAP_CentConnRegister
 .text.GAP_CentralParamInit
                0x00000000000080ac       0x6e /Users/liao1030/HMD/_Projects/_P14_V2_1/Firmware/P14_V3/CH582F/BLE_UART/LIB/libCH58xBLE.a(gap_central.o)
                0x00000000000080ac                GAP_CentralParamInit
 .text.GAP_CentDevMgrInit
                0x000000000000811a       0x9c /Users/liao1030/HMD/_Projects/_P14_V2_1/Firmware/P14_V3/CH582F/BLE_UART/LIB/libCH58xBLE.a(gap_central.o)
                0x000000000000811a                GAP_CentDevMgrInit
 .text.gapFreeAdvertState
                0x00000000000081b6       0x20 /Users/liao1030/HMD/_Projects/_P14_V2_1/Firmware/P14_V3/CH582F/BLE_UART/LIB/libCH58xBLE.a(gap_peripheral.o)
 .text.gapSetPeriodicAdvParams
                0x00000000000081d6       0x30 /Users/liao1030/HMD/_Projects/_P14_V2_1/Firmware/P14_V3/CH582F/BLE_UART/LIB/libCH58xBLE.a(gap_peripheral.o)
 .text.gapSetConnectionlessCTEParams
                0x0000000000008206       0x54 /Users/liao1030/HMD/_Projects/_P14_V2_1/Firmware/P14_V3/CH582F/BLE_UART/LIB/libCH58xBLE.a(gap_peripheral.o)
 .text.gapSetAdvParams
                0x000000000000825a      0x126 /Users/liao1030/HMD/_Projects/_P14_V2_1/Firmware/P14_V3/CH582F/BLE_UART/LIB/libCH58xBLE.a(gap_peripheral.o)
 .text.gapPeriProcessConnEvt
                0x0000000000008380       0xd0 /Users/liao1030/HMD/_Projects/_P14_V2_1/Firmware/P14_V3/CH582F/BLE_UART/LIB/libCH58xBLE.a(gap_peripheral.o)
 .text.gapWriteAdvDataStatus
                0x0000000000008450       0x8a /Users/liao1030/HMD/_Projects/_P14_V2_1/Firmware/P14_V3/CH582F/BLE_UART/LIB/libCH58xBLE.a(gap_peripheral.o)
 .text.GAP_MakeDiscoverable
                0x00000000000084da      0x174 /Users/liao1030/HMD/_Projects/_P14_V2_1/Firmware/P14_V3/CH582F/BLE_UART/LIB/libCH58xBLE.a(gap_peripheral.o)
                0x00000000000084da                GAP_MakeDiscoverable
 .text.GAP_EndDiscoverable
                0x000000000000864e       0x66 /Users/liao1030/HMD/_Projects/_P14_V2_1/Firmware/P14_V3/CH582F/BLE_UART/LIB/libCH58xBLE.a(gap_peripheral.o)
                0x000000000000864e                GAP_EndDiscoverable
 .text.gapProcessAdvertisingEvt
                0x00000000000086b4      0x116 /Users/liao1030/HMD/_Projects/_P14_V2_1/Firmware/P14_V3/CH582F/BLE_UART/LIB/libCH58xBLE.a(gap_peripheral.o)
 .text.GAP_MakePeriodic
                0x00000000000087ca       0x26 /Users/liao1030/HMD/_Projects/_P14_V2_1/Firmware/P14_V3/CH582F/BLE_UART/LIB/libCH58xBLE.a(gap_peripheral.o)
                0x00000000000087ca                GAP_MakePeriodic
 .text.GAP_EndPeriodic
                0x00000000000087f0        0xc /Users/liao1030/HMD/_Projects/_P14_V2_1/Firmware/P14_V3/CH582F/BLE_UART/LIB/libCH58xBLE.a(gap_peripheral.o)
                0x00000000000087f0                GAP_EndPeriodic
 .text.GAP_MakeConnecttionlessCTE
                0x00000000000087fc       0x1a /Users/liao1030/HMD/_Projects/_P14_V2_1/Firmware/P14_V3/CH582F/BLE_UART/LIB/libCH58xBLE.a(gap_peripheral.o)
                0x00000000000087fc                GAP_MakeConnecttionlessCTE
 .text.GAP_EndConnecttionlessCTE
                0x0000000000008816        0xc /Users/liao1030/HMD/_Projects/_P14_V2_1/Firmware/P14_V3/CH582F/BLE_UART/LIB/libCH58xBLE.a(gap_peripheral.o)
                0x0000000000008816                GAP_EndConnecttionlessCTE
 .text.GAP_SetAdvertisingAdvData
                0x0000000000008822      0x102 /Users/liao1030/HMD/_Projects/_P14_V2_1/Firmware/P14_V3/CH582F/BLE_UART/LIB/libCH58xBLE.a(gap_peripheral.o)
                0x0000000000008822                GAP_SetAdvertisingAdvData
 .text.GAP_SetAdvertisingRspData
                0x0000000000008924      0x102 /Users/liao1030/HMD/_Projects/_P14_V2_1/Firmware/P14_V3/CH582F/BLE_UART/LIB/libCH58xBLE.a(gap_peripheral.o)
                0x0000000000008924                GAP_SetAdvertisingRspData
 .text.GAP_SetPeriodicAdvertisingData
                0x0000000000008a26       0xc6 /Users/liao1030/HMD/_Projects/_P14_V2_1/Firmware/P14_V3/CH582F/BLE_UART/LIB/libCH58xBLE.a(gap_peripheral.o)
                0x0000000000008a26                GAP_SetPeriodicAdvertisingData
 .text.GAP_GetAdvertisingAdvData
                0x0000000000008aec       0x26 /Users/liao1030/HMD/_Projects/_P14_V2_1/Firmware/P14_V3/CH582F/BLE_UART/LIB/libCH58xBLE.a(gap_peripheral.o)
                0x0000000000008aec                GAP_GetAdvertisingAdvData
 .text.GAP_GetAdvertisingRspData
                0x0000000000008b12       0x34 /Users/liao1030/HMD/_Projects/_P14_V2_1/Firmware/P14_V3/CH582F/BLE_UART/LIB/libCH58xBLE.a(gap_peripheral.o)
                0x0000000000008b12                GAP_GetAdvertisingRspData
 .text.GAP_GetPeriodicAdvertisingData
                0x0000000000008b46       0x34 /Users/liao1030/HMD/_Projects/_P14_V2_1/Firmware/P14_V3/CH582F/BLE_UART/LIB/libCH58xBLE.a(gap_peripheral.o)
                0x0000000000008b46                GAP_GetPeriodicAdvertisingData
 .text.GAP_PeriConnRegister
                0x0000000000008b7a       0x2e /Users/liao1030/HMD/_Projects/_P14_V2_1/Firmware/P14_V3/CH582F/BLE_UART/LIB/libCH58xBLE.a(gap_peripheral.o)
                0x0000000000008b7a                GAP_PeriConnRegister
 .text.GAP_PeripheralParamInit
                0x0000000000008ba8       0x6c /Users/liao1030/HMD/_Projects/_P14_V2_1/Firmware/P14_V3/CH582F/BLE_UART/LIB/libCH58xBLE.a(gap_peripheral.o)
                0x0000000000008ba8                GAP_PeripheralParamInit
 .text.gapSendMakeDiscEvent
                0x0000000000008c14       0x50 /Users/liao1030/HMD/_Projects/_P14_V2_1/Firmware/P14_V3/CH582F/BLE_UART/LIB/libCH58xBLE.a(gap_peripheral.o)
                0x0000000000008c14                gapSendMakeDiscEvent
 .text.gapWriteAdvEnableStatus
                0x0000000000008c64      0x110 /Users/liao1030/HMD/_Projects/_P14_V2_1/Firmware/P14_V3/CH582F/BLE_UART/LIB/libCH58xBLE.a(gap_peripheral.o)
 .text.gapSendMakePeriodicEvent
                0x0000000000008d74       0x3a /Users/liao1030/HMD/_Projects/_P14_V2_1/Firmware/P14_V3/CH582F/BLE_UART/LIB/libCH58xBLE.a(gap_peripheral.o)
                0x0000000000008d74                gapSendMakePeriodicEvent
 .text.gapSendMakeConnectionlessCTEEvent
                0x0000000000008dae       0x3a /Users/liao1030/HMD/_Projects/_P14_V2_1/Firmware/P14_V3/CH582F/BLE_UART/LIB/libCH58xBLE.a(gap_peripheral.o)
                0x0000000000008dae                gapSendMakeConnectionlessCTEEvent
 .text.gapPeriProcessHCICmdCompleteEvt
                0x0000000000008de8      0x22e /Users/liao1030/HMD/_Projects/_P14_V2_1/Firmware/P14_V3/CH582F/BLE_UART/LIB/libCH58xBLE.a(gap_peripheral.o)
 .text.GAP_PeriDevMgrInit
                0x0000000000009016       0x2e /Users/liao1030/HMD/_Projects/_P14_V2_1/Firmware/P14_V3/CH582F/BLE_UART/LIB/libCH58xBLE.a(gap_peripheral.o)
                0x0000000000009016                GAP_PeriDevMgrInit
 .text.ggs_SetAttrWPermit
                0x0000000000009044       0x68 /Users/liao1030/HMD/_Projects/_P14_V2_1/Firmware/P14_V3/CH582F/BLE_UART/LIB/libCH58xBLE.a(gapgattserver.o)
 .text.ggs_ReadAttrCB
                0x00000000000090ac      0x156 /Users/liao1030/HMD/_Projects/_P14_V2_1/Firmware/P14_V3/CH582F/BLE_UART/LIB/libCH58xBLE.a(gapgattserver.o)
 .text.ggs_WriteAttrCB
                0x0000000000009202      0x162 /Users/liao1030/HMD/_Projects/_P14_V2_1/Firmware/P14_V3/CH582F/BLE_UART/LIB/libCH58xBLE.a(gapgattserver.o)
 .text.GGS_ParamInit
                0x0000000000009364      0x15c /Users/liao1030/HMD/_Projects/_P14_V2_1/Firmware/P14_V3/CH582F/BLE_UART/LIB/libCH58xBLE.a(gapgattserver.o)
                0x0000000000009364                GGS_ParamInit
 .text.GGS_SetParameter
                0x00000000000094c0      0x116 /Users/liao1030/HMD/_Projects/_P14_V2_1/Firmware/P14_V3/CH582F/BLE_UART/LIB/libCH58xBLE.a(gapgattserver.o)
                0x00000000000094c0                GGS_SetParameter
 .text.GGS_AddService
                0x00000000000095d6       0x2c /Users/liao1030/HMD/_Projects/_P14_V2_1/Firmware/P14_V3/CH582F/BLE_UART/LIB/libCH58xBLE.a(gapgattserver.o)
                0x00000000000095d6                GGS_AddService
 .text.GAP_DeviceInit
                0x0000000000009602       0xd8 /Users/liao1030/HMD/_Projects/_P14_V2_1/Firmware/P14_V3/CH582F/BLE_UART/LIB/libCH58xBLE.a(gapgattserver.o)
                0x0000000000009602                GAP_DeviceInit
 .text.gattGetPayload
                0x00000000000096da       0x7e /Users/liao1030/HMD/_Projects/_P14_V2_1/Firmware/P14_V3/CH582F/BLE_UART/LIB/libCH58xBLE.a(gatt.o)
                0x00000000000096da                gattGetPayload
 .text.gattNotifyEvent
                0x0000000000009758       0x84 /Users/liao1030/HMD/_Projects/_P14_V2_1/Firmware/P14_V3/CH582F/BLE_UART/LIB/libCH58xBLE.a(gatt.o)
                0x0000000000009758                gattNotifyEvent
 .text.gattSendFlowCtrlEvt
                0x00000000000097dc       0x52 /Users/liao1030/HMD/_Projects/_P14_V2_1/Firmware/P14_V3/CH582F/BLE_UART/LIB/libCH58xBLE.a(gatt.o)
                0x00000000000097dc                gattSendFlowCtrlEvt
 .text.gattStartTimer
                0x000000000000982e        0xc /Users/liao1030/HMD/_Projects/_P14_V2_1/Firmware/P14_V3/CH582F/BLE_UART/LIB/libCH58xBLE.a(gatt.o)
                0x000000000000982e                gattStartTimer
 .text.gattStopTimer
                0x000000000000983a       0x32 /Users/liao1030/HMD/_Projects/_P14_V2_1/Firmware/P14_V3/CH582F/BLE_UART/LIB/libCH58xBLE.a(gatt.o)
                0x000000000000983a                gattStopTimer
 .text.GATT_AppCompletedMsg
                0x000000000000986c       0x30 /Users/liao1030/HMD/_Projects/_P14_V2_1/Firmware/P14_V3/CH582F/BLE_UART/LIB/libCH58xBLE.a(gatt.o)
                0x000000000000986c                GATT_AppCompletedMsg
 .text.GATT_NotifyEvent
                0x000000000000989c       0x56 /Users/liao1030/HMD/_Projects/_P14_V2_1/Firmware/P14_V3/CH582F/BLE_UART/LIB/libCH58xBLE.a(gatt.o)
                0x000000000000989c                GATT_NotifyEvent
 .text.gattRegisterServer
                0x00000000000098f2        0x6 /Users/liao1030/HMD/_Projects/_P14_V2_1/Firmware/P14_V3/CH582F/BLE_UART/LIB/libCH58xBLE.a(gatt.o)
                0x00000000000098f2                gattRegisterServer
 .text.GATT_UpdateMTU
                0x00000000000098f8       0x5a /Users/liao1030/HMD/_Projects/_P14_V2_1/Firmware/P14_V3/CH582F/BLE_UART/LIB/libCH58xBLE.a(gatt.o)
                0x00000000000098f8                GATT_UpdateMTU
 .text.GATT_bm_alloc
                0x0000000000009952       0xe8 /Users/liao1030/HMD/_Projects/_P14_V2_1/Firmware/P14_V3/CH582F/BLE_UART/LIB/libCH58xBLE.a(gatt.o)
                0x0000000000009952                GATT_bm_alloc
 .text.GATT_ServiceChangedInd
                0x0000000000009a3a       0x94 /Users/liao1030/HMD/_Projects/_P14_V2_1/Firmware/P14_V3/CH582F/BLE_UART/LIB/libCH58xBLE.a(gatt.o)
                0x0000000000009a3a                GATT_ServiceChangedInd
 .text.GATT_bm_free
                0x0000000000009ace       0x1c /Users/liao1030/HMD/_Projects/_P14_V2_1/Firmware/P14_V3/CH582F/BLE_UART/LIB/libCH58xBLE.a(gatt.o)
                0x0000000000009ace                GATT_bm_free
 .text.GATT_Init
                0x0000000000009aea       0x2a /Users/liao1030/HMD/_Projects/_P14_V2_1/Firmware/P14_V3/CH582F/BLE_UART/LIB/libCH58xBLE.a(gatt.o)
                0x0000000000009aea                GATT_Init
 .text.GATT_ProcessEvent
                0x0000000000009b14      0x13a /Users/liao1030/HMD/_Projects/_P14_V2_1/Firmware/P14_V3/CH582F/BLE_UART/LIB/libCH58xBLE.a(gatt.o)
                0x0000000000009b14                GATT_ProcessEvent
 .text.gattProcessExchangeMTUReq
                0x0000000000009c4e        0x4 /Users/liao1030/HMD/_Projects/_P14_V2_1/Firmware/P14_V3/CH582F/BLE_UART/LIB/libCH58xBLE.a(gattservapp.o)
 .text.gattServApp_FindCharCfgItem
                0x0000000000009c52       0x24 /Users/liao1030/HMD/_Projects/_P14_V2_1/Firmware/P14_V3/CH582F/BLE_UART/LIB/libCH58xBLE.a(gattservapp.o)
 .text.gattServerHandleTimerCB
                0x0000000000009c76       0x3c /Users/liao1030/HMD/_Projects/_P14_V2_1/Firmware/P14_V3/CH582F/BLE_UART/LIB/libCH58xBLE.a(gattservapp.o)
 .text.GATTServApp_InitCharCfg.part.12
                0x0000000000009cb2       0x20 /Users/liao1030/HMD/_Projects/_P14_V2_1/Firmware/P14_V3/CH582F/BLE_UART/LIB/libCH58xBLE.a(gattservapp.o)
 .text.gattProcessExecuteWriteReq
                0x0000000000009cd2        0x4 /Users/liao1030/HMD/_Projects/_P14_V2_1/Firmware/P14_V3/CH582F/BLE_UART/LIB/libCH58xBLE.a(gattservapp.o)
 .text.GATTServApp_ParamInit
                0x0000000000009cd6       0xd6 /Users/liao1030/HMD/_Projects/_P14_V2_1/Firmware/P14_V3/CH582F/BLE_UART/LIB/libCH58xBLE.a(gattservapp.o)
                0x0000000000009cd6                GATTServApp_ParamInit
 .text.GATTServApp_ReadCharCfg
                0x0000000000009dac       0x18 /Users/liao1030/HMD/_Projects/_P14_V2_1/Firmware/P14_V3/CH582F/BLE_UART/LIB/libCH58xBLE.a(gattservapp.o)
                0x0000000000009dac                GATTServApp_ReadCharCfg
 .text.GATTServApp_WriteCharCfg
                0x0000000000009dc4       0x3c /Users/liao1030/HMD/_Projects/_P14_V2_1/Firmware/P14_V3/CH582F/BLE_UART/LIB/libCH58xBLE.a(gattservapp.o)
                0x0000000000009dc4                GATTServApp_WriteCharCfg
 .text.GATTServApp_ProcessCCCWriteReq
                0x0000000000009e00       0x60 /Users/liao1030/HMD/_Projects/_P14_V2_1/Firmware/P14_V3/CH582F/BLE_UART/LIB/libCH58xBLE.a(gattservapp.o)
                0x0000000000009e00                GATTServApp_ProcessCCCWriteReq
 .text.gattServApp_WriteAttrCB
                0x0000000000009e60       0x34 /Users/liao1030/HMD/_Projects/_P14_V2_1/Firmware/P14_V3/CH582F/BLE_UART/LIB/libCH58xBLE.a(gattservapp.o)
                0x0000000000009e60                gattServApp_WriteAttrCB
 .text.GATTServApp_SendCCCUpdatedEvent
                0x0000000000009e94       0x5e /Users/liao1030/HMD/_Projects/_P14_V2_1/Firmware/P14_V3/CH582F/BLE_UART/LIB/libCH58xBLE.a(gattservapp.o)
                0x0000000000009e94                GATTServApp_SendCCCUpdatedEvent
 .text.GATTServApp_SendServiceChangedInd
                0x0000000000009ef2       0x36 /Users/liao1030/HMD/_Projects/_P14_V2_1/Firmware/P14_V3/CH582F/BLE_UART/LIB/libCH58xBLE.a(gattservapp.o)
                0x0000000000009ef2                GATTServApp_SendServiceChangedInd
 .text.gattServApp_ClearPrepareWriteQ
                0x0000000000009f28       0x50 /Users/liao1030/HMD/_Projects/_P14_V2_1/Firmware/P14_V3/CH582F/BLE_UART/LIB/libCH58xBLE.a(gattservapp.o)
                0x0000000000009f28                gattServApp_ClearPrepareWriteQ
 .text.gattServApp_FindPrepareWriteQ
                0x0000000000009f78       0x30 /Users/liao1030/HMD/_Projects/_P14_V2_1/Firmware/P14_V3/CH582F/BLE_UART/LIB/libCH58xBLE.a(gattservapp.o)
                0x0000000000009f78                gattServApp_FindPrepareWriteQ
 .text.gattServApp_FindServiceCBs
                0x0000000000009fa8       0x18 /Users/liao1030/HMD/_Projects/_P14_V2_1/Firmware/P14_V3/CH582F/BLE_UART/LIB/libCH58xBLE.a(gattservapp.o)
                0x0000000000009fa8                gattServApp_FindServiceCBs
 .text.gattServApp_FindAuthorizeAttrCB
                0x0000000000009fc0       0x16 /Users/liao1030/HMD/_Projects/_P14_V2_1/Firmware/P14_V3/CH582F/BLE_UART/LIB/libCH58xBLE.a(gattservapp.o)
                0x0000000000009fc0                gattServApp_FindAuthorizeAttrCB
 .text.gattServApp_IsWriteLong
                0x0000000000009fd6       0xea /Users/liao1030/HMD/_Projects/_P14_V2_1/Firmware/P14_V3/CH582F/BLE_UART/LIB/libCH58xBLE.a(gattservapp.o)
                0x0000000000009fd6                gattServApp_IsWriteLong
 .text.gattFindService
                0x000000000000a0c0       0x1c /Users/liao1030/HMD/_Projects/_P14_V2_1/Firmware/P14_V3/CH582F/BLE_UART/LIB/libCH58xBLE.a(gattservapp.o)
                0x000000000000a0c0                gattFindService
 .text.GATT_ServiceNumAttrs
                0x000000000000a0dc       0x18 /Users/liao1030/HMD/_Projects/_P14_V2_1/Firmware/P14_V3/CH582F/BLE_UART/LIB/libCH58xBLE.a(gattservapp.o)
                0x000000000000a0dc                GATT_ServiceNumAttrs
 .text.GATT_ServiceEncKeySize
                0x000000000000a0f4       0x18 /Users/liao1030/HMD/_Projects/_P14_V2_1/Firmware/P14_V3/CH582F/BLE_UART/LIB/libCH58xBLE.a(gattservapp.o)
                0x000000000000a0f4                GATT_ServiceEncKeySize
 .text.GATT_VerifyWritePermissions.part.7
                0x000000000000a10c       0x2e /Users/liao1030/HMD/_Projects/_P14_V2_1/Firmware/P14_V3/CH582F/BLE_UART/LIB/libCH58xBLE.a(gattservapp.o)
 .text.gattResetServerInfo
                0x000000000000a13a       0x1c /Users/liao1030/HMD/_Projects/_P14_V2_1/Firmware/P14_V3/CH582F/BLE_UART/LIB/libCH58xBLE.a(gattservapp.o)
                0x000000000000a13a                gattResetServerInfo
 .text.gattFindServerInfo
                0x000000000000a156       0x2c /Users/liao1030/HMD/_Projects/_P14_V2_1/Firmware/P14_V3/CH582F/BLE_UART/LIB/libCH58xBLE.a(gattservapp.o)
                0x000000000000a156                gattFindServerInfo
 .text.gattServerHandleConnStatusCB
                0x000000000000a182       0x98 /Users/liao1030/HMD/_Projects/_P14_V2_1/Firmware/P14_V3/CH582F/BLE_UART/LIB/libCH58xBLE.a(gattservapp.o)
                0x000000000000a182                gattServerHandleConnStatusCB
 .text.gattServerProcessMsgCB
                0x000000000000a21a      0x1c0 /Users/liao1030/HMD/_Projects/_P14_V2_1/Firmware/P14_V3/CH582F/BLE_UART/LIB/libCH58xBLE.a(gattservapp.o)
                0x000000000000a21a                gattServerProcessMsgCB
 .text.gattServerNotifyTxCB
                0x000000000000a3da       0x28 /Users/liao1030/HMD/_Projects/_P14_V2_1/Firmware/P14_V3/CH582F/BLE_UART/LIB/libCH58xBLE.a(gattservapp.o)
 .text.GATT_FindHandle
                0x000000000000a402       0x4a /Users/liao1030/HMD/_Projects/_P14_V2_1/Firmware/P14_V3/CH582F/BLE_UART/LIB/libCH58xBLE.a(gattservapp.o)
                0x000000000000a402                GATT_FindHandle
 .text.GATTServApp_WriteAttr
                0x000000000000a44c       0xa8 /Users/liao1030/HMD/_Projects/_P14_V2_1/Firmware/P14_V3/CH582F/BLE_UART/LIB/libCH58xBLE.a(gattservapp.o)
                0x000000000000a44c                GATTServApp_WriteAttr
 .text.gattServApp_ProcessExecuteWriteReq
                0x000000000000a4f4      0x100 /Users/liao1030/HMD/_Projects/_P14_V2_1/Firmware/P14_V3/CH582F/BLE_UART/LIB/libCH58xBLE.a(gattservapp.o)
                0x000000000000a4f4                gattServApp_ProcessExecuteWriteReq
 .text.GATTServApp_UpdateCharCfg
                0x000000000000a5f4       0x1e /Users/liao1030/HMD/_Projects/_P14_V2_1/Firmware/P14_V3/CH582F/BLE_UART/LIB/libCH58xBLE.a(gattservapp.o)
                0x000000000000a5f4                GATTServApp_UpdateCharCfg
 .text.gattServApp_ProcessPrepareWriteReq
                0x000000000000a612      0x10e /Users/liao1030/HMD/_Projects/_P14_V2_1/Firmware/P14_V3/CH582F/BLE_UART/LIB/libCH58xBLE.a(gattservapp.o)
                0x000000000000a612                gattServApp_ProcessPrepareWriteReq
 .text.gattServApp_ProcessWriteReq
                0x000000000000a720       0xb0 /Users/liao1030/HMD/_Projects/_P14_V2_1/Firmware/P14_V3/CH582F/BLE_UART/LIB/libCH58xBLE.a(gattservapp.o)
                0x000000000000a720                gattServApp_ProcessWriteReq
 .text.GATT_Indication
                0x000000000000a7d0       0xa4 /Users/liao1030/HMD/_Projects/_P14_V2_1/Firmware/P14_V3/CH582F/BLE_UART/LIB/libCH58xBLE.a(gattservapp.o)
                0x000000000000a7d0                GATT_Indication
 .text.GATT_FindHandleUUID
                0x000000000000a874       0x94 /Users/liao1030/HMD/_Projects/_P14_V2_1/Firmware/P14_V3/CH582F/BLE_UART/LIB/libCH58xBLE.a(gattservapp.o)
                0x000000000000a874                GATT_FindHandleUUID
 .text.gattProcessReadByGrpTypeReq
                0x000000000000a908       0x60 /Users/liao1030/HMD/_Projects/_P14_V2_1/Firmware/P14_V3/CH582F/BLE_UART/LIB/libCH58xBLE.a(gattservapp.o)
 .text.gattProcessReadByTypeReq
                0x000000000000a968       0x34 /Users/liao1030/HMD/_Projects/_P14_V2_1/Firmware/P14_V3/CH582F/BLE_UART/LIB/libCH58xBLE.a(gattservapp.o)
 .text.gattProcessFindByTypeValueReq
                0x000000000000a99c       0x34 /Users/liao1030/HMD/_Projects/_P14_V2_1/Firmware/P14_V3/CH582F/BLE_UART/LIB/libCH58xBLE.a(gattservapp.o)
 .text.gattProcessFindInfoReq
                0x000000000000a9d0      0x1aa /Users/liao1030/HMD/_Projects/_P14_V2_1/Firmware/P14_V3/CH582F/BLE_UART/LIB/libCH58xBLE.a(gattservapp.o)
 .text.GATT_Notification
                0x000000000000ab7a       0x70 /Users/liao1030/HMD/_Projects/_P14_V2_1/Firmware/P14_V3/CH582F/BLE_UART/LIB/libCH58xBLE.a(gattservapp.o)
                0x000000000000ab7a                GATT_Notification
 .text.GATT_VerifyWritePermissions
                0x000000000000abea       0x6a /Users/liao1030/HMD/_Projects/_P14_V2_1/Firmware/P14_V3/CH582F/BLE_UART/LIB/libCH58xBLE.a(gattservapp.o)
                0x000000000000abea                GATT_VerifyWritePermissions
 .text.gattProcessWriteReq
                0x000000000000ac54       0x36 /Users/liao1030/HMD/_Projects/_P14_V2_1/Firmware/P14_V3/CH582F/BLE_UART/LIB/libCH58xBLE.a(gattservapp.o)
 .text.GATT_VerifyPrepareWritePermissions
                0x000000000000ac8a       0x56 /Users/liao1030/HMD/_Projects/_P14_V2_1/Firmware/P14_V3/CH582F/BLE_UART/LIB/libCH58xBLE.a(gattservapp.o)
                0x000000000000ac8a                GATT_VerifyPrepareWritePermissions
 .text.gattProcessPrepareWriteReq
                0x000000000000ace0       0x36 /Users/liao1030/HMD/_Projects/_P14_V2_1/Firmware/P14_V3/CH582F/BLE_UART/LIB/libCH58xBLE.a(gattservapp.o)
 .text.GATT_FindNextAttr
                0x000000000000ad16       0xc2 /Users/liao1030/HMD/_Projects/_P14_V2_1/Firmware/P14_V3/CH582F/BLE_UART/LIB/libCH58xBLE.a(gattservapp.o)
                0x000000000000ad16                GATT_FindNextAttr
 .text.GATTServApp_ReadAttr
                0x000000000000add8      0x2ea /Users/liao1030/HMD/_Projects/_P14_V2_1/Firmware/P14_V3/CH582F/BLE_UART/LIB/libCH58xBLE.a(gattservapp.o)
                0x000000000000add8                GATTServApp_ReadAttr
 .text.gattServApp_ProcessReadMultiReq
                0x000000000000b0c2      0x16e /Users/liao1030/HMD/_Projects/_P14_V2_1/Firmware/P14_V3/CH582F/BLE_UART/LIB/libCH58xBLE.a(gattservapp.o)
                0x000000000000b0c2                gattServApp_ProcessReadMultiReq
 .text.gattServApp_ProcessFindByTypeValueReq
                0x000000000000b230      0x1a0 /Users/liao1030/HMD/_Projects/_P14_V2_1/Firmware/P14_V3/CH582F/BLE_UART/LIB/libCH58xBLE.a(gattservapp.o)
                0x000000000000b230                gattServApp_ProcessFindByTypeValueReq
 .text.GATT_VerifyReadPermissions
                0x000000000000b3d0       0x68 /Users/liao1030/HMD/_Projects/_P14_V2_1/Firmware/P14_V3/CH582F/BLE_UART/LIB/libCH58xBLE.a(gattservapp.o)
                0x000000000000b3d0                GATT_VerifyReadPermissions
 .text.gattProcessReadMultiReq
                0x000000000000b438       0xae /Users/liao1030/HMD/_Projects/_P14_V2_1/Firmware/P14_V3/CH582F/BLE_UART/LIB/libCH58xBLE.a(gattservapp.o)
 .text.gattProcessReadReq
                0x000000000000b4e6       0x30 /Users/liao1030/HMD/_Projects/_P14_V2_1/Firmware/P14_V3/CH582F/BLE_UART/LIB/libCH58xBLE.a(gattservapp.o)
 .text.gattServApp_ProcessReadByGrpTypeReq
                0x000000000000b516      0x21c /Users/liao1030/HMD/_Projects/_P14_V2_1/Firmware/P14_V3/CH582F/BLE_UART/LIB/libCH58xBLE.a(gattservapp.o)
                0x000000000000b516                gattServApp_ProcessReadByGrpTypeReq
 .text.gattServApp_ProcessReadByTypeReq
                0x000000000000b732      0x1ae /Users/liao1030/HMD/_Projects/_P14_V2_1/Firmware/P14_V3/CH582F/BLE_UART/LIB/libCH58xBLE.a(gattservapp.o)
                0x000000000000b732                gattServApp_ProcessReadByTypeReq
 .text.GATT_RegisterService
                0x000000000000b8e0      0x100 /Users/liao1030/HMD/_Projects/_P14_V2_1/Firmware/P14_V3/CH582F/BLE_UART/LIB/libCH58xBLE.a(gattservapp.o)
                0x000000000000b8e0                GATT_RegisterService
 .text.GATTServApp_RegisterService
                0x000000000000b9e0       0x7c /Users/liao1030/HMD/_Projects/_P14_V2_1/Firmware/P14_V3/CH582F/BLE_UART/LIB/libCH58xBLE.a(gattservapp.o)
                0x000000000000b9e0                GATTServApp_RegisterService
 .text.GATTServApp_AddService
                0x000000000000ba5c       0x2c /Users/liao1030/HMD/_Projects/_P14_V2_1/Firmware/P14_V3/CH582F/BLE_UART/LIB/libCH58xBLE.a(gattservapp.o)
                0x000000000000ba5c                GATTServApp_AddService
 .text.GATTServApp_RegisterForMsg
                0x000000000000ba88        0x6 /Users/liao1030/HMD/_Projects/_P14_V2_1/Firmware/P14_V3/CH582F/BLE_UART/LIB/libCH58xBLE.a(gattservapp.o)
                0x000000000000ba88                GATTServApp_RegisterForMsg
 .text.GATTServApp_InitCharCfg
                0x000000000000ba8e       0x28 /Users/liao1030/HMD/_Projects/_P14_V2_1/Firmware/P14_V3/CH582F/BLE_UART/LIB/libCH58xBLE.a(gattservapp.o)
                0x000000000000ba8e                GATTServApp_InitCharCfg
 .text.gattServApp_HandleConnStatusCB
                0x000000000000bab6       0x74 /Users/liao1030/HMD/_Projects/_P14_V2_1/Firmware/P14_V3/CH582F/BLE_UART/LIB/libCH58xBLE.a(gattservapp.o)
                0x000000000000bab6                gattServApp_HandleConnStatusCB
 .text.GATT_InitServer
                0x000000000000bb2a       0xfa /Users/liao1030/HMD/_Projects/_P14_V2_1/Firmware/P14_V3/CH582F/BLE_UART/LIB/libCH58xBLE.a(gattservapp.o)
                0x000000000000bb2a                GATT_InitServer
 .text.GATTServApp_Init
                0x000000000000bc24       0x34 /Users/liao1030/HMD/_Projects/_P14_V2_1/Firmware/P14_V3/CH582F/BLE_UART/LIB/libCH58xBLE.a(gattservapp.o)
                0x000000000000bc24                GATTServApp_Init
 .text.GATTServApp_ProcessEvent
                0x000000000000bc58      0x36a /Users/liao1030/HMD/_Projects/_P14_V2_1/Firmware/P14_V3/CH582F/BLE_UART/LIB/libCH58xBLE.a(gattservapp.o)
                0x000000000000bc58                GATTServApp_ProcessEvent
 .text.l2capAllocConnChannel
                0x000000000000bfc2       0xe0 /Users/liao1030/HMD/_Projects/_P14_V2_1/Firmware/P14_V3/CH582F/BLE_UART/LIB/libCH58xBLE.a(l2cap.o)
                0x000000000000bfc2                l2capAllocConnChannel
 .text.l2capFindLocalCID
                0x000000000000c0a2       0x2c /Users/liao1030/HMD/_Projects/_P14_V2_1/Firmware/P14_V3/CH582F/BLE_UART/LIB/libCH58xBLE.a(l2cap.o)
                0x000000000000c0a2                l2capFindLocalCID
 .text.l2capFindLocalId
                0x000000000000c0ce       0x30 /Users/liao1030/HMD/_Projects/_P14_V2_1/Firmware/P14_V3/CH582F/BLE_UART/LIB/libCH58xBLE.a(l2cap.o)
                0x000000000000c0ce                l2capFindLocalId
 .text.l2capFindPsm
                0x000000000000c0fe       0x30 /Users/liao1030/HMD/_Projects/_P14_V2_1/Firmware/P14_V3/CH582F/BLE_UART/LIB/libCH58xBLE.a(l2cap.o)
                0x000000000000c0fe                l2capFindPsm
 .text.l2capFindRemoteCID
                0x000000000000c12e       0x3c /Users/liao1030/HMD/_Projects/_P14_V2_1/Firmware/P14_V3/CH582F/BLE_UART/LIB/libCH58xBLE.a(l2cap.o)
                0x000000000000c12e                l2capFindRemoteCID
 .text.l2capFreeChannel
                0x000000000000c16a       0x4e /Users/liao1030/HMD/_Projects/_P14_V2_1/Firmware/P14_V3/CH582F/BLE_UART/LIB/libCH58xBLE.a(l2cap.o)
                0x000000000000c16a                l2capFreeChannel
 .text.l2capDisconnectChannel
                0x000000000000c1b8       0x28 /Users/liao1030/HMD/_Projects/_P14_V2_1/Firmware/P14_V3/CH582F/BLE_UART/LIB/libCH58xBLE.a(l2cap.o)
                0x000000000000c1b8                l2capDisconnectChannel
 .text.l2capHandleTimerCB
                0x000000000000c1e0       0x2c /Users/liao1030/HMD/_Projects/_P14_V2_1/Firmware/P14_V3/CH582F/BLE_UART/LIB/libCH58xBLE.a(l2cap.o)
                0x000000000000c1e0                l2capHandleTimerCB
 .text.l2capFreePendingPkt
                0x000000000000c20c       0x58 /Users/liao1030/HMD/_Projects/_P14_V2_1/Firmware/P14_V3/CH582F/BLE_UART/LIB/libCH58xBLE.a(l2cap.o)
                0x000000000000c20c                l2capFreePendingPkt
 .text.l2capGetCoChannelInfo
                0x000000000000c264       0x86 /Users/liao1030/HMD/_Projects/_P14_V2_1/Firmware/P14_V3/CH582F/BLE_UART/LIB/libCH58xBLE.a(l2cap.o)
                0x000000000000c264                l2capGetCoChannelInfo
 .text.l2capNumActiveChannnels
                0x000000000000c2ea       0x48 /Users/liao1030/HMD/_Projects/_P14_V2_1/Firmware/P14_V3/CH582F/BLE_UART/LIB/libCH58xBLE.a(l2cap.o)
                0x000000000000c2ea                l2capNumActiveChannnels
 .text.l2capStartTimer
                0x000000000000c332       0x1a /Users/liao1030/HMD/_Projects/_P14_V2_1/Firmware/P14_V3/CH582F/BLE_UART/LIB/libCH58xBLE.a(l2cap.o)
                0x000000000000c332                l2capStartTimer
 .text.l2capStopTimer
                0x000000000000c34c       0x1e /Users/liao1030/HMD/_Projects/_P14_V2_1/Firmware/P14_V3/CH582F/BLE_UART/LIB/libCH58xBLE.a(l2cap.o)
                0x000000000000c34c                l2capStopTimer
 .text.l2capDisconnectAllChannels
                0x000000000000c36a       0xdc /Users/liao1030/HMD/_Projects/_P14_V2_1/Firmware/P14_V3/CH582F/BLE_UART/LIB/libCH58xBLE.a(l2cap.o)
                0x000000000000c36a                l2capDisconnectAllChannels
 .text.l2capHandleConnStatusCB
                0x000000000000c446       0x3c /Users/liao1030/HMD/_Projects/_P14_V2_1/Firmware/P14_V3/CH582F/BLE_UART/LIB/libCH58xBLE.a(l2cap.o)
                0x000000000000c446                l2capHandleConnStatusCB
 .text.l2capHandleRxError
                0x000000000000c482        0x6 /Users/liao1030/HMD/_Projects/_P14_V2_1/Firmware/P14_V3/CH582F/BLE_UART/LIB/libCH58xBLE.a(l2cap.o)
                0x000000000000c482                l2capHandleRxError
 .text.L2CAP_GetMTU
                0x000000000000c488        0x6 /Users/liao1030/HMD/_Projects/_P14_V2_1/Firmware/P14_V3/CH582F/BLE_UART/LIB/libCH58xBLE.a(l2cap.o)
                0x000000000000c488                L2CAP_GetMTU
 .text.L2CAP_HostNumCompletedPkts
                0x000000000000c48e       0x28 /Users/liao1030/HMD/_Projects/_P14_V2_1/Firmware/P14_V3/CH582F/BLE_UART/LIB/libCH58xBLE.a(l2cap.o)
                0x000000000000c48e                L2CAP_HostNumCompletedPkts
 .text.L2CAP_ParseConnectReq
                0x000000000000c4b6       0x5e /Users/liao1030/HMD/_Projects/_P14_V2_1/Firmware/P14_V3/CH582F/BLE_UART/LIB/libCH58xBLE.a(l2cap.o)
                0x000000000000c4b6                L2CAP_ParseConnectReq
 .text.L2CAP_ParseFlowCtrlCredit
                0x000000000000c514       0x2e /Users/liao1030/HMD/_Projects/_P14_V2_1/Firmware/P14_V3/CH582F/BLE_UART/LIB/libCH58xBLE.a(l2cap.o)
                0x000000000000c514                L2CAP_ParseFlowCtrlCredit
 .text.L2CAP_RegisterApp
                0x000000000000c542       0x30 /Users/liao1030/HMD/_Projects/_P14_V2_1/Firmware/P14_V3/CH582F/BLE_UART/LIB/libCH58xBLE.a(l2cap.o)
                0x000000000000c542                L2CAP_RegisterApp
 .text.L2CAP_SetBufSize
                0x000000000000c572       0x1e /Users/liao1030/HMD/_Projects/_P14_V2_1/Firmware/P14_V3/CH582F/BLE_UART/LIB/libCH58xBLE.a(l2cap.o)
                0x000000000000c572                L2CAP_SetBufSize
 .text.L2CAP_bm_alloc
                0x000000000000c590       0x2a /Users/liao1030/HMD/_Projects/_P14_V2_1/Firmware/P14_V3/CH582F/BLE_UART/LIB/libCH58xBLE.a(l2cap.o)
                0x000000000000c590                L2CAP_bm_alloc
 .text.L2CAP_Init
                0x000000000000c5ba      0x15e /Users/liao1030/HMD/_Projects/_P14_V2_1/Firmware/P14_V3/CH582F/BLE_UART/LIB/libCH58xBLE.a(l2cap.o)
                0x000000000000c5ba                L2CAP_Init
 .text.L2CAP_ProcessEvent
                0x000000000000c718       0xd4 /Users/liao1030/HMD/_Projects/_P14_V2_1/Firmware/P14_V3/CH582F/BLE_UART/LIB/libCH58xBLE.a(l2cap.o)
                0x000000000000c718                L2CAP_ProcessEvent
 .text.l2capParseCmdReject
                0x000000000000c7ec       0x5e /Users/liao1030/HMD/_Projects/_P14_V2_1/Firmware/P14_V3/CH582F/BLE_UART/LIB/libCH58xBLE.a(l2cap_input.o)
                0x000000000000c7ec                l2capParseCmdReject
 .text.l2capParseDisconnectReq
                0x000000000000c84a       0x2e /Users/liao1030/HMD/_Projects/_P14_V2_1/Firmware/P14_V3/CH582F/BLE_UART/LIB/libCH58xBLE.a(l2cap_input.o)
                0x000000000000c84a                l2capParseDisconnectReq
 .text.l2capParseDisconnectRsp
                0x000000000000c878       0x2e /Users/liao1030/HMD/_Projects/_P14_V2_1/Firmware/P14_V3/CH582F/BLE_UART/LIB/libCH58xBLE.a(l2cap_input.o)
                0x000000000000c878                l2capParseDisconnectRsp
 .text.L2CAP_ParseParamUpdateReq
                0x000000000000c8a6       0x4e /Users/liao1030/HMD/_Projects/_P14_V2_1/Firmware/P14_V3/CH582F/BLE_UART/LIB/libCH58xBLE.a(l2cap_input.o)
                0x000000000000c8a6                L2CAP_ParseParamUpdateReq
 .text.l2capParseParamUpdateRsp
                0x000000000000c8f4       0x1e /Users/liao1030/HMD/_Projects/_P14_V2_1/Firmware/P14_V3/CH582F/BLE_UART/LIB/libCH58xBLE.a(l2cap_input.o)
                0x000000000000c8f4                l2capParseParamUpdateRsp
 .text.l2capProcessConnectReq
                0x000000000000c912       0xfc /Users/liao1030/HMD/_Projects/_P14_V2_1/Firmware/P14_V3/CH582F/BLE_UART/LIB/libCH58xBLE.a(l2cap_input.o)
                0x000000000000c912                l2capProcessConnectReq
 .text.l2capParseConnectRsp
                0x000000000000ca0e       0x5e /Users/liao1030/HMD/_Projects/_P14_V2_1/Firmware/P14_V3/CH582F/BLE_UART/LIB/libCH58xBLE.a(l2cap_input.o)
                0x000000000000ca0e                l2capParseConnectRsp
 .text.l2capParseSignalHdr
                0x000000000000ca6c       0x22 /Users/liao1030/HMD/_Projects/_P14_V2_1/Firmware/P14_V3/CH582F/BLE_UART/LIB/libCH58xBLE.a(l2cap_input.o)
                0x000000000000ca6c                l2capParseSignalHdr
 .text.l2capParsePacket
                0x000000000000ca8e       0x8c /Users/liao1030/HMD/_Projects/_P14_V2_1/Firmware/P14_V3/CH582F/BLE_UART/LIB/libCH58xBLE.a(l2cap_input.o)
                0x000000000000ca8e                l2capParsePacket
 .text.l2capProcessReq
                0x000000000000cb1a      0x15e /Users/liao1030/HMD/_Projects/_P14_V2_1/Firmware/P14_V3/CH582F/BLE_UART/LIB/libCH58xBLE.a(l2cap_input.o)
                0x000000000000cb1a                l2capProcessReq
 .text.l2capProcessRsp
                0x000000000000cc78      0x150 /Users/liao1030/HMD/_Projects/_P14_V2_1/Firmware/P14_V3/CH582F/BLE_UART/LIB/libCH58xBLE.a(l2cap_input.o)
                0x000000000000cc78                l2capProcessRsp
 .text.l2capProcessRxData
                0x000000000000cdc8       0xf8 /Users/liao1030/HMD/_Projects/_P14_V2_1/Firmware/P14_V3/CH582F/BLE_UART/LIB/libCH58xBLE.a(l2cap_input.o)
                0x000000000000cdc8                l2capProcessRxData
 .text.l2capNotifyData
                0x000000000000cec0       0x5e /Users/liao1030/HMD/_Projects/_P14_V2_1/Firmware/P14_V3/CH582F/BLE_UART/LIB/libCH58xBLE.a(l2cap_output.o)
                0x000000000000cec0                l2capNotifyData
 .text.l2capNotifySignal
                0x000000000000cf1e       0x7a /Users/liao1030/HMD/_Projects/_P14_V2_1/Firmware/P14_V3/CH582F/BLE_UART/LIB/libCH58xBLE.a(l2cap_output.o)
                0x000000000000cf1e                l2capNotifySignal
 .text.l2capNotifyCreditEvt
                0x000000000000cf98       0xa4 /Users/liao1030/HMD/_Projects/_P14_V2_1/Firmware/P14_V3/CH582F/BLE_UART/LIB/libCH58xBLE.a(l2cap_output.o)
                0x000000000000cf98                l2capNotifyCreditEvt
 .text.l2capNotifyChannelEstEvt
                0x000000000000d03c       0x5c /Users/liao1030/HMD/_Projects/_P14_V2_1/Firmware/P14_V3/CH582F/BLE_UART/LIB/libCH58xBLE.a(l2cap_output.o)
                0x000000000000d03c                l2capNotifyChannelEstEvt
 .text.l2capNotifyChannelTermEvt
                0x000000000000d098       0x3e /Users/liao1030/HMD/_Projects/_P14_V2_1/Firmware/P14_V3/CH582F/BLE_UART/LIB/libCH58xBLE.a(l2cap_output.o)
                0x000000000000d098                l2capNotifyChannelTermEvt
 .text.l2capNotifyEvent
                0x000000000000d0d6       0x66 /Users/liao1030/HMD/_Projects/_P14_V2_1/Firmware/P14_V3/CH582F/BLE_UART/LIB/libCH58xBLE.a(l2cap_output.o)
                0x000000000000d0d6                l2capNotifyEvent
 .text.l2capStoreFCPkt
                0x000000000000d13c       0x32 /Users/liao1030/HMD/_Projects/_P14_V2_1/Firmware/P14_V3/CH582F/BLE_UART/LIB/libCH58xBLE.a(l2cap_output.o)
                0x000000000000d13c                l2capStoreFCPkt
 .text.l2capFreeTxSDU
                0x000000000000d16e       0x9e /Users/liao1030/HMD/_Projects/_P14_V2_1/Firmware/P14_V3/CH582F/BLE_UART/LIB/libCH58xBLE.a(l2cap_output.o)
                0x000000000000d16e                l2capFreeTxSDU
 .text.l2capReassembleSegment
                0x000000000000d20c      0x178 /Users/liao1030/HMD/_Projects/_P14_V2_1/Firmware/P14_V3/CH582F/BLE_UART/LIB/libCH58xBLE.a(l2cap_output.o)
                0x000000000000d20c                l2capReassembleSegment
 .text.l2capEncapSendData
                0x000000000000d384       0xf0 /Users/liao1030/HMD/_Projects/_P14_V2_1/Firmware/P14_V3/CH582F/BLE_UART/LIB/libCH58xBLE.a(l2cap_output.o)
                0x000000000000d384                l2capEncapSendData
 .text.l2capSendFCPkt.part.3
                0x000000000000d474       0x70 /Users/liao1030/HMD/_Projects/_P14_V2_1/Firmware/P14_V3/CH582F/BLE_UART/LIB/libCH58xBLE.a(l2cap_output.o)
 .text.l2capSendSegment
                0x000000000000d4e4      0x108 /Users/liao1030/HMD/_Projects/_P14_V2_1/Firmware/P14_V3/CH582F/BLE_UART/LIB/libCH58xBLE.a(l2cap_output.o)
                0x000000000000d4e4                l2capSendSegment
 .text.l2capSendNextSegment
                0x000000000000d5ec       0xb4 /Users/liao1030/HMD/_Projects/_P14_V2_1/Firmware/P14_V3/CH582F/BLE_UART/LIB/libCH58xBLE.a(l2cap_output.o)
                0x000000000000d5ec                l2capSendNextSegment
 .text.l2capSendPkt
                0x000000000000d6a0       0x3a /Users/liao1030/HMD/_Projects/_P14_V2_1/Firmware/P14_V3/CH582F/BLE_UART/LIB/libCH58xBLE.a(l2cap_output.o)
                0x000000000000d6a0                l2capSendPkt
 .text.L2CAP_SendData
                0x000000000000d6da       0x82 /Users/liao1030/HMD/_Projects/_P14_V2_1/Firmware/P14_V3/CH582F/BLE_UART/LIB/libCH58xBLE.a(l2cap_output.o)
                0x000000000000d6da                L2CAP_SendData
 .text.l2capSendCmd
                0x000000000000d75c       0x8a /Users/liao1030/HMD/_Projects/_P14_V2_1/Firmware/P14_V3/CH582F/BLE_UART/LIB/libCH58xBLE.a(l2cap_output.o)
                0x000000000000d75c                l2capSendCmd
 .text.l2capSendReq
                0x000000000000d7e6       0xc8 /Users/liao1030/HMD/_Projects/_P14_V2_1/Firmware/P14_V3/CH582F/BLE_UART/LIB/libCH58xBLE.a(l2cap_output.o)
                0x000000000000d7e6                l2capSendReq
 .text.l2capBuildDisconnectReq
                0x000000000000d8ae       0x28 /Users/liao1030/HMD/_Projects/_P14_V2_1/Firmware/P14_V3/CH582F/BLE_UART/LIB/libCH58xBLE.a(l2cap_sdu.o)
 .text.l2capBuildParamUpdateReq
                0x000000000000d8d6       0x4c /Users/liao1030/HMD/_Projects/_P14_V2_1/Firmware/P14_V3/CH582F/BLE_UART/LIB/libCH58xBLE.a(l2cap_sdu.o)
 .text.l2capBuildParamUpdateRsp
                0x000000000000d922       0x16 /Users/liao1030/HMD/_Projects/_P14_V2_1/Firmware/P14_V3/CH582F/BLE_UART/LIB/libCH58xBLE.a(l2cap_sdu.o)
 .text.l2capBuildConnectRsp
                0x000000000000d938       0x5e /Users/liao1030/HMD/_Projects/_P14_V2_1/Firmware/P14_V3/CH582F/BLE_UART/LIB/libCH58xBLE.a(l2cap_sdu.o)
 .text.l2capBuildCmdReject
                0x000000000000d996       0x62 /Users/liao1030/HMD/_Projects/_P14_V2_1/Firmware/P14_V3/CH582F/BLE_UART/LIB/libCH58xBLE.a(l2cap_sdu.o)
                0x000000000000d996                l2capBuildCmdReject
 .text.l2capBuildDisconnectRsp
                0x000000000000d9f8       0x28 /Users/liao1030/HMD/_Projects/_P14_V2_1/Firmware/P14_V3/CH582F/BLE_UART/LIB/libCH58xBLE.a(l2cap_sdu.o)
                0x000000000000d9f8                l2capBuildDisconnectRsp
 .text.l2capSendConnectRsp
                0x000000000000da20       0xaa /Users/liao1030/HMD/_Projects/_P14_V2_1/Firmware/P14_V3/CH582F/BLE_UART/LIB/libCH58xBLE.a(l2cap_sdu.o)
                0x000000000000da20                l2capSendConnectRsp
 .text.L2CAP_CmdReject
                0x000000000000daca       0x12 /Users/liao1030/HMD/_Projects/_P14_V2_1/Firmware/P14_V3/CH582F/BLE_UART/LIB/libCH58xBLE.a(l2cap_sdu.o)
                0x000000000000daca                L2CAP_CmdReject
 .text.L2CAP_DisconnectReq
                0x000000000000dadc       0x2a /Users/liao1030/HMD/_Projects/_P14_V2_1/Firmware/P14_V3/CH582F/BLE_UART/LIB/libCH58xBLE.a(l2cap_sdu.o)
                0x000000000000dadc                L2CAP_DisconnectReq
 .text.L2CAP_ConnParamUpdateReq
                0x000000000000db06       0x16 /Users/liao1030/HMD/_Projects/_P14_V2_1/Firmware/P14_V3/CH582F/BLE_UART/LIB/libCH58xBLE.a(l2cap_sdu.o)
                0x000000000000db06                L2CAP_ConnParamUpdateReq
 .text.L2CAP_ConnParamUpdateRsp
                0x000000000000db1c       0x12 /Users/liao1030/HMD/_Projects/_P14_V2_1/Firmware/P14_V3/CH582F/BLE_UART/LIB/libCH58xBLE.a(l2cap_sdu.o)
                0x000000000000db1c                L2CAP_ConnParamUpdateRsp
 .text.reportStatusChange
                0x000000000000db2e       0x3e /Users/liao1030/HMD/_Projects/_P14_V2_1/Firmware/P14_V3/CH582F/BLE_UART/LIB/libCH58xBLE.a(linkdb.o)
 .text.linkDB_Init
                0x000000000000db6c       0xa8 /Users/liao1030/HMD/_Projects/_P14_V2_1/Firmware/P14_V3/CH582F/BLE_UART/LIB/libCH58xBLE.a(linkdb.o)
                0x000000000000db6c                linkDB_Init
 .text.linkDB_Find
                0x000000000000dc14       0x34 /Users/liao1030/HMD/_Projects/_P14_V2_1/Firmware/P14_V3/CH582F/BLE_UART/LIB/libCH58xBLE.a(linkdb.o)
                0x000000000000dc14                linkDB_Find
 .text.linkDB_Authen
                0x000000000000dc48       0x5c /Users/liao1030/HMD/_Projects/_P14_V2_1/Firmware/P14_V3/CH582F/BLE_UART/LIB/libCH58xBLE.a(linkdb.o)
                0x000000000000dc48                linkDB_Authen
 .text.linkDB_FindByAddr
                0x000000000000dca4       0x82 /Users/liao1030/HMD/_Projects/_P14_V2_1/Firmware/P14_V3/CH582F/BLE_UART/LIB/libCH58xBLE.a(linkdb.o)
                0x000000000000dca4                linkDB_FindByAddr
 .text.linkDB_FindFirst
                0x000000000000dd26       0x40 /Users/liao1030/HMD/_Projects/_P14_V2_1/Firmware/P14_V3/CH582F/BLE_UART/LIB/libCH58xBLE.a(linkdb.o)
                0x000000000000dd26                linkDB_FindFirst
 .text.linkDB_MTU
                0x000000000000dd66       0x18 /Users/liao1030/HMD/_Projects/_P14_V2_1/Firmware/P14_V3/CH582F/BLE_UART/LIB/libCH58xBLE.a(linkdb.o)
                0x000000000000dd66                linkDB_MTU
 .text.linkDB_NumActive
                0x000000000000dd7e       0x36 /Users/liao1030/HMD/_Projects/_P14_V2_1/Firmware/P14_V3/CH582F/BLE_UART/LIB/libCH58xBLE.a(linkdb.o)
                0x000000000000dd7e                linkDB_NumActive
 .text.linkDB_NumConns
                0x000000000000ddb4        0xa /Users/liao1030/HMD/_Projects/_P14_V2_1/Firmware/P14_V3/CH582F/BLE_UART/LIB/libCH58xBLE.a(linkdb.o)
                0x000000000000ddb4                linkDB_NumConns
 .text.linkDB_Register
                0x000000000000ddbe       0x28 /Users/liao1030/HMD/_Projects/_P14_V2_1/Firmware/P14_V3/CH582F/BLE_UART/LIB/libCH58xBLE.a(linkdb.o)
                0x000000000000ddbe                linkDB_Register
 .text.linkDB_Remove
                0x000000000000dde6       0x4c /Users/liao1030/HMD/_Projects/_P14_V2_1/Firmware/P14_V3/CH582F/BLE_UART/LIB/libCH58xBLE.a(linkdb.o)
                0x000000000000dde6                linkDB_Remove
 .text.linkDB_Role
                0x000000000000de32       0x18 /Users/liao1030/HMD/_Projects/_P14_V2_1/Firmware/P14_V3/CH582F/BLE_UART/LIB/libCH58xBLE.a(linkdb.o)
                0x000000000000de32                linkDB_Role
 .text.linkDB_State
                0x000000000000de4a       0x30 /Users/liao1030/HMD/_Projects/_P14_V2_1/Firmware/P14_V3/CH582F/BLE_UART/LIB/libCH58xBLE.a(linkdb.o)
                0x000000000000de4a                linkDB_State
 .text.linkDB_UpdateMTU
                0x000000000000de7a       0x28 /Users/liao1030/HMD/_Projects/_P14_V2_1/Firmware/P14_V3/CH582F/BLE_UART/LIB/libCH58xBLE.a(linkdb.o)
                0x000000000000de7a                linkDB_UpdateMTU
 .text.linkDB_PerformFunc
                0x000000000000dea2       0x5a /Users/liao1030/HMD/_Projects/_P14_V2_1/Firmware/P14_V3/CH582F/BLE_UART/LIB/libCH58xBLE.a(linkdb.o)
                0x000000000000dea2                linkDB_PerformFunc
 .text.linkDB_PeripheralLinkNum
                0x000000000000defc       0x46 /Users/liao1030/HMD/_Projects/_P14_V2_1/Firmware/P14_V3/CH582F/BLE_UART/LIB/libCH58xBLE.a(linkdb.o)
                0x000000000000defc                linkDB_PeripheralLinkNum
 .text.linkDB_GetSMEvtID
                0x000000000000df42       0x60 /Users/liao1030/HMD/_Projects/_P14_V2_1/Firmware/P14_V3/CH582F/BLE_UART/LIB/libCH58xBLE.a(linkdb.o)
                0x000000000000df42                linkDB_GetSMEvtID
 .text.linkDB_Add