Archive member included to satisfy reference by file (symbol)

/Users/liao1030/HMD/_Projects/_P14_V2_1/Firmware/P14_V3/CH582F/SRC/StdPeriphDriver/libISP583.a(ISP583.o)
                              ./StdPeriphDriver/CH58x_flash.o (FLASH_EEPROM_CMD)
/Users/liao1030/HMD/_Projects/_P14_V2_1/Firmware/P14_V3/CH582F/BLE/LIB/libCH58xBLE.a(message.o)
                              ./HAL/MCU.o (tmos_msg_deallocate)
/Users/liao1030/HMD/_Projects/_P14_V2_1/Firmware/P14_V3/CH582F/BLE/LIB/libCH58xBLE.a(tmos.o)
                              ./Profile/devinfoservice.o (tmos_memcpy)
/Users/liao1030/HMD/_Projects/_P14_V2_1/Firmware/P14_V3/CH582F/BLE/LIB/libCH58xBLE.a(tmos_hw.o)
                              /Users/liao1030/HMD/_Projects/_P14_V2_1/Firmware/P14_V3/CH582F/BLE/LIB/libCH58xBLE.a(tmos.o) (bleClock_t)
/Users/liao1030/HMD/_Projects/_P14_V2_1/Firmware/P14_V3/CH582F/BLE/LIB/libCH58xBLE.a(tmos_snv.o)
                              /Users/liao1030/HMD/_Projects/_P14_V2_1/Firmware/P14_V3/CH582F/BLE/LIB/libCH58xBLE.a(tmos.o) (tmos_snv_init)
/Users/liao1030/HMD/_Projects/_P14_V2_1/Firmware/P14_V3/CH582F/BLE/LIB/libCH58xBLE.a(gap.o)
                              ./APP/peripheral.o (GAP_SetParamValue)
/Users/liao1030/HMD/_Projects/_P14_V2_1/Firmware/P14_V3/CH582F/BLE/LIB/libCH58xBLE.a(gap_central.o)
                              /Users/liao1030/HMD/_Projects/_P14_V2_1/Firmware/P14_V3/CH582F/BLE/LIB/libCH58xBLE.a(gap.o) (gapProcessPeriodicAdvertisingSyncEstablishedEvt)
/Users/liao1030/HMD/_Projects/_P14_V2_1/Firmware/P14_V3/CH582F/BLE/LIB/libCH58xBLE.a(gap_peripheral.o)
                              /Users/liao1030/HMD/_Projects/_P14_V2_1/Firmware/P14_V3/CH582F/BLE/LIB/libCH58xBLE.a(gap.o) (GAP_PeripheralParamInit)
/Users/liao1030/HMD/_Projects/_P14_V2_1/Firmware/P14_V3/CH582F/BLE/LIB/libCH58xBLE.a(gapgattserver.o)
                              ./APP/peripheral.o (GGS_SetParameter)
/Users/liao1030/HMD/_Projects/_P14_V2_1/Firmware/P14_V3/CH582F/BLE/LIB/libCH58xBLE.a(gatt.o)
                              ./APP/peripheral.o (GATT_bm_alloc)
/Users/liao1030/HMD/_Projects/_P14_V2_1/Firmware/P14_V3/CH582F/BLE/LIB/libCH58xBLE.a(gatt_uuid.o)
                              /Users/liao1030/HMD/_Projects/_P14_V2_1/Firmware/P14_V3/CH582F/BLE/LIB/libCH58xBLE.a(gatt.o) (serviceChangedUUID)
/Users/liao1030/HMD/_Projects/_P14_V2_1/Firmware/P14_V3/CH582F/BLE/LIB/libCH58xBLE.a(gattclientapp.o)
                              /Users/liao1030/HMD/_Projects/_P14_V2_1/Firmware/P14_V3/CH582F/BLE/LIB/libCH58xBLE.a(gatt.o) (gattGetClientStatus)
/Users/liao1030/HMD/_Projects/_P14_V2_1/Firmware/P14_V3/CH582F/BLE/LIB/libCH58xBLE.a(gattservapp.o)
                              ./Profile/gattprofile.o (GATTServApp_ReadCharCfg)
/Users/liao1030/HMD/_Projects/_P14_V2_1/Firmware/P14_V3/CH582F/BLE/LIB/libCH58xBLE.a(l2cap.o)
                              /Users/liao1030/HMD/_Projects/_P14_V2_1/Firmware/P14_V3/CH582F/BLE/LIB/libCH58xBLE.a(gatt.o) (L2CAP_GetMTU)
/Users/liao1030/HMD/_Projects/_P14_V2_1/Firmware/P14_V3/CH582F/BLE/LIB/libCH58xBLE.a(l2cap_input.o)
                              /Users/liao1030/HMD/_Projects/_P14_V2_1/Firmware/P14_V3/CH582F/BLE/LIB/libCH58xBLE.a(l2cap.o) (l2capProcessRxData)
/Users/liao1030/HMD/_Projects/_P14_V2_1/Firmware/P14_V3/CH582F/BLE/LIB/libCH58xBLE.a(l2cap_output.o)
                              /Users/liao1030/HMD/_Projects/_P14_V2_1/Firmware/P14_V3/CH582F/BLE/LIB/libCH58xBLE.a(l2cap_input.o) (l2capNotifyData)
/Users/liao1030/HMD/_Projects/_P14_V2_1/Firmware/P14_V3/CH582F/BLE/LIB/libCH58xBLE.a(l2cap_sdu.o)
                              /Users/liao1030/HMD/_Projects/_P14_V2_1/Firmware/P14_V3/CH582F/BLE/LIB/libCH58xBLE.a(l2cap_input.o) (l2capBuildDisconnectRsp)
/Users/liao1030/HMD/_Projects/_P14_V2_1/Firmware/P14_V3/CH582F/BLE/LIB/libCH58xBLE.a(linkdb.o)
                              /Users/liao1030/HMD/_Projects/_P14_V2_1/Firmware/P14_V3/CH582F/BLE/LIB/libCH58xBLE.a(l2cap.o) (linkDB_Init)
/Users/liao1030/HMD/_Projects/_P14_V2_1/Firmware/P14_V3/CH582F/BLE/LIB/libCH58xBLE.a(sm.o)
                              /Users/liao1030/HMD/_Projects/_P14_V2_1/Firmware/P14_V3/CH582F/BLE/LIB/libCH58xBLE.a(gap.o) (smFreePairingParams)
/Users/liao1030/HMD/_Projects/_P14_V2_1/Firmware/P14_V3/CH582F/BLE/LIB/libCH58xBLE.a(sm_initiator.o)
                              /Users/liao1030/HMD/_Projects/_P14_V2_1/Firmware/P14_V3/CH582F/BLE/LIB/libCH58xBLE.a(sm.o) (smInitiatorSendNextKeyInfo)
/Users/liao1030/HMD/_Projects/_P14_V2_1/Firmware/P14_V3/CH582F/BLE/LIB/libCH58xBLE.a(sm_pdu.o)
                              /Users/liao1030/HMD/_Projects/_P14_V2_1/Firmware/P14_V3/CH582F/BLE/LIB/libCH58xBLE.a(sm.o) (smpBuildPairingReq)
/Users/liao1030/HMD/_Projects/_P14_V2_1/Firmware/P14_V3/CH582F/BLE/LIB/libCH58xBLE.a(sm_responding.o)
                              /Users/liao1030/HMD/_Projects/_P14_V2_1/Firmware/P14_V3/CH582F/BLE/LIB/libCH58xBLE.a(sm.o) (smResponderSendNextKeyInfo)
[...]
Memory Configuration

Name             Origin             Length             Attributes
FLASH            0x0000000000000000 0x0000000000070000 xr
RAM              0x0000000020000000 0x0000000000008000 xrw
*default*        0x0000000000000000 0xffffffffffffffff

Linker script and memory map

LOAD ./StdPeriphDriver/CH58x_adc.o
LOAD ./StdPeriphDriver/CH58x_clk.o
LOAD ./StdPeriphDriver/CH58x_flash.o
LOAD ./StdPeriphDriver/CH58x_gpio.o
LOAD ./StdPeriphDriver/CH58x_i2c.o
LOAD ./StdPeriphDriver/CH58x_pwm.o
LOAD ./StdPeriphDriver/CH58x_pwr.o
LOAD ./StdPeriphDriver/CH58x_spi0.o
LOAD ./StdPeriphDriver/CH58x_spi1.o
LOAD ./StdPeriphDriver/CH58x_sys.o
LOAD ./StdPeriphDriver/CH58x_timer0.o
LOAD ./StdPeriphDriver/CH58x_timer1.o
LOAD ./StdPeriphDriver/CH58x_timer2.o
LOAD ./StdPeriphDriver/CH58x_timer3.o
LOAD ./StdPeriphDriver/CH58x_uart0.o
LOAD ./StdPeriphDriver/CH58x_uart1.o
LOAD ./StdPeriphDriver/CH58x_uart2.o
LOAD ./StdPeriphDriver/CH58x_uart3.o
LOAD ./StdPeriphDriver/CH58x_usb2dev.o
LOAD ./StdPeriphDriver/CH58x_usb2hostBase.o
LOAD ./StdPeriphDriver/CH58x_usb2hostClass.o
LOAD ./StdPeriphDriver/CH58x_usbdev.o
LOAD ./StdPeriphDriver/CH58x_usbhostBase.o
LOAD ./StdPeriphDriver/CH58x_usbhostClass.o
LOAD ./Startup/startup_CH583.o
LOAD ./RVMSIS/core_riscv.o
LOAD ./Profile/devinfoservice.o
LOAD ./Profile/gattprofile.o
LOAD ./HAL/MCU.o
LOAD ./HAL/RTC.o
LOAD ./HAL/SLEEP.o
LOAD ./APP/peripheral.o
LOAD ./APP/peripheral_main.o
LOAD /Users/liao1030/HMD/_Projects/_P14_V2_1/Firmware/P14_V3/CH582F/SRC/StdPeriphDriver/libISP583.a
LOAD /Users/liao1030/HMD/_Projects/_P14_V2_1/Firmware/P14_V3/CH582F/BLE/LIB/libCH58xBLE.a
LOAD /Applications/MounRiver Studio 2.app/Contents/Resources/app/resources/darwin/components/WCH/Toolchain/RISC-V Embedded GCC/bin/../lib/gcc/riscv-none-embed/8.2.0/rv32imac/ilp32/libgcc.a
LOAD /Applications/MounRiver Studio 2.app/Contents/Resources/app/resources/darwin/components/WCH/Toolchain/RISC-V Embedded GCC/bin/../lib/gcc/riscv-none-embed/8.2.0/../../../../riscv-none-embed/lib/rv32imac/ilp32/libg_nano.a
LOAD /Applications/MounRiver Studio 2.app/Contents/Resources/app/resources/darwin/components/WCH/Toolchain/RISC-V Embedded GCC/bin/../lib/gcc/riscv-none-embed/8.2.0/../../../../riscv-none-embed/lib/rv32imac/ilp32/libc_nano.a
LOAD /Applications/MounRiver Studio 2.app/Contents/Resources/app/resources/darwin/components/WCH/Toolchain/RISC-V Embedded GCC/bin/../lib/gcc/riscv-none-embed/8.2.0/rv32imac/ilp32/libgcc.a
START GROUP
LOAD /Applications/MounRiver Studio 2.app/Contents/Resources/app/resources/darwin/components/WCH/Toolchain/RISC-V Embedded GCC/bin/../lib/gcc/riscv-none-embed/8.2.0/rv32imac/ilp32/libgcc.a
LOAD /Applications/MounRiver Studio 2.app/Contents/Resources/app/resources/darwin/components/WCH/Toolchain/RISC-V Embedded GCC/bin/../lib/gcc/riscv-none-embed/8.2.0/../../../../riscv-none-embed/lib/rv32imac/ilp32/libc_nano.a
LOAD /Applications/MounRiver Studio 2.app/Contents/Resources/app/resources/darwin/components/WCH/Toolchain/RISC-V Embedded GCC/bin/../lib/gcc/riscv-none-embed/8.2.0/../../../../riscv-none-embed/lib/rv32imac/ilp32/libnosys.a
END GROUP
START GROUP
LOAD /Applications/MounRiver Studio 2.app/Contents/Resources/app/resources/darwin/components/WCH/Toolchain/RISC-V Embedded GCC/bin/../lib/gcc/riscv-none-embed/8.2.0/rv32imac/ilp32/libgcc.a
LOAD /Applications/MounRiver Studio 2.app/Contents/Resources/app/resources/darwin/components/WCH/Toolchain/RISC-V Embedded GCC/bin/../lib/gcc/riscv-none-embed/8.2.0/../../../../riscv-none-embed/lib/rv32imac/ilp32/libc_nano.a
LOAD /Applications/MounRiver Studio 2.app/Contents/Resources/app/resources/darwin/components/WCH/Toolchain/RISC-V Embedded GCC/bin/../lib/gcc/riscv-none-embed/8.2.0/../../../../riscv-none-embed/lib/rv32imac/ilp32/libnosys.a
END GROUP
                0x0000000000000200                __stack_size = 0x200
                [!provide]                        PROVIDE (_stack_size = __stack_size)

.init           0x0000000000000000        0x4
                0x0000000000000000                _sinit = .
                0x0000000000000000                . = ALIGN (0x4)
 *(SORT_NONE(.init))
 .init          0x0000000000000000        0x4 ./Startup/startup_CH583.o
                0x0000000000000000                _start
                0x0000000000000004                . = ALIGN (0x4)
                0x0000000000000004                _einit = .

.highcodelalign
                0x0000000000000004        0x0
                0x0000000000000004                . = ALIGN (0x4)
                0x0000000000000004                PROVIDE (_highcode_lma = .)

.highcode       0x0000000020000000     0x20a4 load address 0x0000000000000004
                0x0000000020000000                . = ALIGN (0x4)
                0x0000000020000000                PROVIDE (_highcode_vma_start = .)
 *(.vector)
 .vector        0x0000000020000000       0x90 ./Startup/startup_CH583.o
 *(SORT_NONE(.vector_handler))
 .vector_handler
                0x0000000020000090        0x2 ./Startup/startup_CH583.o
                0x0000000020000090                TMR1_IRQHandler
                0x0000000020000090                GPIOA_IRQHandler
                0x0000000020000090                SysTick_Handler
                0x0000000020000090                NMI_Handler
                0x0000000020000090                UART1_IRQHandler
                0x0000000020000090                UART0_IRQHandler
                0x0000000020000090                BB_IRQHandler
                0x0000000020000090                Break_Point_Handler
                0x0000000020000090                TMR0_IRQHandler
                0x0000000020000090                Ecall_M_Mode_Handler
                0x0000000020000090                UART2_IRQHandler
                0x0000000020000090                PWMX_IRQHandler
                0x0000000020000090                ADC_IRQHandler
                0x0000000020000090                TMR2_IRQHandler
                0x0000000020000090                USB_IRQHandler
                0x0000000020000090                I2C_IRQHandler
                0x0000000020000090                USB2_IRQHandler
                0x0000000020000090                LLE_IRQHandler
                0x0000000020000090                WDOG_BAT_IRQHandler
                0x0000000020000090                Ecall_U_Mode_Handler
                0x0000000020000090                TMR3_IRQHandler
                0x0000000020000090                SW_Handler
                0x0000000020000090                SPI0_IRQHandler
                0x0000000020000090                UART3_IRQHandler
                0x0000000020000090                GPIOB_IRQHandler
 *(.highcode)
 .highcode      0x0000000020000092       0x18 ./StdPeriphDriver/CH58x_clk.o
                0x0000000020000092                RTC_GetCycle32k
 .highcode      0x00000000200000aa      0x4ec ./StdPeriphDriver/CH58x_sys.o
                0x00000000200000aa                SetSysClock
                0x0000000020000430                SYS_ResetExecute
                0x00000000200004a2                HardFault_Handler
                0x0000000020000560                mDelayuS
                0x000000002000056e                mDelaymS
 .highcode      0x0000000020000596       0x16 ./HAL/RTC.o
                0x0000000020000596                RTC_IRQHandler
 .highcode      0x00000000200005ac        0x8 ./APP/peripheral_main.o
                0x00000000200005ac                Main_Circulation
 .highcode      0x00000000200005b4      0x426 /Users/liao1030/HMD/_Projects/_P14_V2_1/Firmware/P14_V3/CH582F/SRC/StdPeriphDriver/libISP583.a(ISP583.o)
                0x00000000200005b4                FLASH_ROM_BEG
                0x00000000200005c6                FLASH_ROM_END
                0x00000000200005d4                FLASH_ROM_IN
                0x00000000200005e2                FLASH_ROM_OUT
                0x00000000200005f0                FLASH_ROM_ADDR
                0x0000000020000638                FLASH_ROM_WAIT
                0x0000000020000670                FLASH_EEPROM_CMD
 .highcode      0x00000000200009da      0x430 /Users/liao1030/HMD/_Projects/_P14_V2_1/Firmware/P14_V3/CH582F/BLE/LIB/libCH58xBLE.a(tmos.o)
                0x00000000200009da                tmos_memcpy
                0x00000000200009fa                tmos_memcpy_word
                0x0000000020000a12                tmos_memset
                0x0000000020000a24                tmos_strlen
                0x0000000020000a38                tmos_memdup
                0x0000000020000a6a                tmos_memcmp
                0x0000000020000a98                tmos_revmemcpy
                0x0000000020000ab4                tmos_isbufset
                0x0000000020000ad6                tmos_proces_system_time
                0x0000000020000c1a                TMOS_SystemProcess
 .highcode      0x0000000020000e0a       0x50 /Users/liao1030/HMD/_Projects/_P14_V2_1/Firmware/P14_V3/CH582F/BLE/LIB/libCH58xBLE.a(tmos_hw.o)
                0x0000000020000e54                TMOS_TimerIRQHandler
 .highcode      0x0000000020000e5a       0x4e /Users/liao1030/HMD/_Projects/_P14_V2_1/Firmware/P14_V3/CH582F/BLE/LIB/libCH58xBLE.a(ll_whitelist.o)
                0x0000000020000e5a                LL_WhitelistLookup
 .highcode      0x0000000020000ea8      0x1b6 /Users/liao1030/HMD/_Projects/_P14_V2_1/Firmware/P14_V3/CH582F/BLE/LIB/libCH58xBLE.a(aes.o)
                0x0000000020000ea8                AES_DevAESEnc
 .highcode      0x000000002000105e      0x15a /Users/liao1030/HMD/_Projects/_P14_V2_1/Firmware/P14_V3/CH582F/BLE/LIB/libCH58xBLE.a(bb.o)
                0x000000002000105e                BB_IRQLibHandler
                0x000000002000116e                BB_IRQLibFunction
 .highcode      0x00000000200011b8      0x38c /Users/liao1030/HMD/_Projects/_P14_V2_1/Firmware/P14_V3/CH582F/BLE/LIB/libCH58xBLE.a(ip.o)
                0x00000000200011b8                ll_rx_wait_finish
                0x00000000200011f6                ble_ll_chkcrc
                0x0000000020001298                ll_tx_wait_finish
                0x00000000200013a0                BLE_CheckHoppingMap
 .highcode      0x0000000020001544      0x23c /Users/liao1030/HMD/_Projects/_P14_V2_1/Firmware/P14_V3/CH582F/BLE/LIB/libCH58xBLE.a(lle.o)
                0x0000000020001544                LLE_IRQLibHandler
                0x0000000020001736                LLE_IRQLibFunction
 .highcode      0x0000000020001780       0x3a /Users/liao1030/HMD/_Projects/_P14_V2_1/Firmware/P14_V3/CH582F/BLE/LIB/libCH58xBLE.a(rfend.o)
                0x0000000020001780                RFEND_WaitTune
 .highcode      0x00000000200017ba      0x1ba /Users/liao1030/HMD/_Projects/_P14_V2_1/Firmware/P14_V3/CH582F/BLE/LIB/libCH58xBLE.a(memory.o)
                0x00000000200017ba                tmos_memory_allocate
                0x000000002000188c                tmos_memory_free
 .highcode      0x0000000020001974      0x2e6 /Users/liao1030/HMD/_Projects/_P14_V2_1/Firmware/P14_V3/CH582F/BLE/LIB/libCH58xBLE.a(ll_connect.o)
                0x0000000020001974                ll_connect_send_data
                0x0000000020001aa0                ll_connect_recv_data
                0x0000000020001b80                ll_connect_event_continue
                0x0000000020001c4a                ll_wait_connect_event
 .highcode      0x0000000020001c5a      0x310 /Users/liao1030/HMD/_Projects/_P14_V2_1/Firmware/P14_V3/CH582F/BLE/LIB/libCH58xBLE.a(ll_hop.o)
                0x0000000020001c5a                LL_HopGetChannel
                0x0000000020001d00                LL_HopGetChannel2
 .highcode      0x0000000020001f6a      0x138 /Users/liao1030/HMD/_Projects/_P14_V2_1/Firmware/P14_V3/CH582F/BLE/LIB/libCH58xBLE.a(ll_resolvinglist.o)
                0x0000000020001f6a                ll_resolvinglist_checkRPA
                0x0000000020001fd6                LL_ResolvinglistPeerIdentifyAddressGetIrk
                0x000000002000202a                LL_ResolvinglistPeerRpaAddressGetIrk
                0x0000000020002066                LL_ResolvinglistLocalRpaAddressGetIrk
 *(.highcode.*)
                0x00000000200020a4                . = ALIGN (0x4)
 *fill*         0x00000000200020a2        0x2 
                0x00000000200020a4                PROVIDE (_highcode_vma_end = .)

.text           0x00000000000020a8    0x23210
                0x00000000000020a8                . = ALIGN (0x4)
 *(SORT_NONE(.handle_reset))
 .handle_reset  0x00000000000020a8       0xae ./Startup/startup_CH583.o
                0x00000000000020a8                handle_reset
 *(.text)
 .text          0x0000000000002156       0xa8 /Applications/MounRiver Studio 2.app/Contents/Resources/app/resources/darwin/components/WCH/Toolchain/RISC-V Embedded GCC/bin/../lib/gcc/riscv-none-embed/8.2.0/../../../../riscv-none-embed/lib/rv32imac/ilp32/libg_nano.a(lib_a-memset.o)
                0x0000000000002156                memset
 *(.text.*)
 .text.ADC_InterTSSampInit
                0x00000000000021fe       0x28 ./StdPeriphDriver/CH58x_adc.o
                0x00000000000021fe                ADC_InterTSSampInit
 .text.LSECFG_Current
                0x0000000000002226       0x68 ./StdPeriphDriver/CH58x_clk.o
                0x0000000000002226                LSECFG_Current
 .text.RTC_InitTime
                0x000000000000228e      0x204 ./StdPeriphDriver/CH58x_clk.o
                0x000000000000228e                RTC_InitTime
 .text.Calibration_LSI
                0x0000000000002492      0x8dc ./StdPeriphDriver/CH58x_clk.o
                0x0000000000002492                Calibration_LSI
 .text.GPIOA_ModeCfg
                0x0000000000002d6e       0xa6 ./StdPeriphDriver/CH58x_gpio.o
                0x0000000000002d6e                GPIOA_ModeCfg
 .text.GPIOB_ModeCfg
                0x0000000000002e14       0xa6 ./StdPeriphDriver/CH58x_gpio.o
                0x0000000000002e14                GPIOB_ModeCfg
 .text.GetSysClock
                0x0000000000002eba       0x42 ./StdPeriphDriver/CH58x_sys.o
                0x0000000000002eba                GetSysClock
 .text.SYS_DisableAllIrq
                0x0000000000002efc       0x1c ./StdPeriphDriver/CH58x_sys.o
                0x0000000000002efc                SYS_DisableAllIrq
 .text.SYS_RecoverIrq
                0x0000000000002f18       0x14 ./StdPeriphDriver/CH58x_sys.o
                0x0000000000002f18                SYS_RecoverIrq
 .text.SYS_GetSysTickCnt
                0x0000000000002f2c        0xa ./StdPeriphDriver/CH58x_sys.o
                0x0000000000002f2c                SYS_GetSysTickCnt
 .text._write   0x0000000000002f36       0x28 ./StdPeriphDriver/CH58x_sys.o
                0x0000000000002f36                _write
 .text._sbrk    0x0000000000002f5e       0x34 ./StdPeriphDriver/CH58x_sys.o
                0x0000000000002f5e                _sbrk
 .text.UART0_BaudRateCfg
                0x0000000000002f92       0x30 ./StdPeriphDriver/CH58x_uart0.o
                0x0000000000002f92                UART0_BaudRateCfg
 .text.UART0_DefInit
                0x0000000000002fc2       0x32 ./StdPeriphDriver/CH58x_uart0.o
                0x0000000000002fc2                UART0_DefInit
 .text.UART1_BaudRateCfg
                0x0000000000002ff4       0x30 ./StdPeriphDriver/CH58x_uart1.o
                0x0000000000002ff4                UART1_BaudRateCfg
 .text.UART1_DefInit
                0x0000000000003024       0x32 ./StdPeriphDriver/CH58x_uart1.o
                0x0000000000003024                UART1_DefInit
 .text.UART3_BaudRateCfg
                0x0000000000003056       0x30 ./StdPeriphDriver/CH58x_uart3.o
                0x0000000000003056                UART3_BaudRateCfg
 .text.UART3_DefInit
                0x0000000000003086       0x32 ./StdPeriphDriver/CH58x_uart3.o
                0x0000000000003086                UART3_DefInit
 .text.devInfo_ReadAttrCB
                0x00000000000030b8      0x196 ./Profile/devinfoservice.o
 .text.DevInfo_AddService
                0x000000000000324e       0x18 ./Profile/devinfoservice.o
                0x000000000000324e                DevInfo_AddService
 .text.simpleProfile_ReadAttrCB
                0x0000000000003266       0x82 ./Profile/gattprofile.o
 .text.simpleProfile_WriteAttrCB
                0x00000000000032e8       0xce ./Profile/gattprofile.o
 .text.simpleProfile_HandleConnStatusCB
                0x00000000000033b6       0x3e ./Profile/gattprofile.o
 .text.SimpleProfile_AddService
                0x00000000000033f4       0x4c ./Profile/gattprofile.o
                0x00000000000033f4                SimpleProfile_AddService
 .text.SimpleProfile_RegisterAppCBs
                0x0000000000003440        0xe ./Profile/gattprofile.o
                0x0000000000003440                SimpleProfile_RegisterAppCBs
 .text.SimpleProfile_SetParameter
                0x000000000000344e       0x82 ./Profile/gattprofile.o
                0x000000000000344e                SimpleProfile_SetParameter
 .text.simpleProfile_Notify
                0x00000000000034d0       0x46 ./Profile/gattprofile.o
                0x00000000000034d0                simpleProfile_Notify
 .text.Lib_Calibration_LSI
                0x0000000000003516        0x6 ./HAL/MCU.o
                0x0000000000003516                Lib_Calibration_LSI
 .text.Lib_Read_Flash
                0x000000000000351c       0x1c ./HAL/MCU.o
                0x000000000000351c                Lib_Read_Flash
 .text.Lib_Write_Flash
                0x0000000000003538       0x40 ./HAL/MCU.o
                0x0000000000003538                Lib_Write_Flash
 .text.HAL_GetInterTempValue
                0x0000000000003578       0x72 ./HAL/MCU.o
                0x0000000000003578                HAL_GetInterTempValue
 .text.HAL_ProcessEvent
                0x00000000000035ea       0x7e ./HAL/MCU.o
                0x00000000000035ea                HAL_ProcessEvent
 .text.CH58X_BLEInit
                0x0000000000003668      0x132 ./HAL/MCU.o
                0x0000000000003668                CH58X_BLEInit
 .text.HAL_Init
                0x000000000000379a       0x30 ./HAL/MCU.o
                0x000000000000379a                HAL_Init
 .text.HAL_TimeInit
                0x00000000000037ca       0xe0 ./HAL/RTC.o
                0x00000000000037ca                HAL_TimeInit
 .text.peripheralRssiCB
                0x00000000000038aa       0x12 ./APP/peripheral.o
 .text.simpleProfileChangeCB
                0x00000000000038bc       0x3e ./APP/peripheral.o
 .text.peripheralParamUpdateCB
                0x00000000000038fa       0x30 ./APP/peripheral.o
 .text.Peripheral_LinkTerminated
                0x000000000000392a       0x58 ./APP/peripheral.o
 .text.peripheralStateNotificationCB
                0x0000000000003982      0x170 ./APP/peripheral.o
 .text.Peripheral_ProcessEvent
                0x0000000000003af2      0x1bc ./APP/peripheral.o
                0x0000000000003af2                Peripheral_ProcessEvent
 .text.Peripheral_Init
                0x0000000000003cae      0x18c ./APP/peripheral.o
                0x0000000000003cae                Peripheral_Init
 .text.P14_GPIOInit
                0x0000000000003e3a       0xa2 ./APP/peripheral_main.o
                0x0000000000003e3a                P14_GPIOInit
 .text.P14_UARTInit
                0x0000000000003edc       0x32 ./APP/peripheral_main.o
                0x0000000000003edc                P14_UARTInit
 .text.startup.main
                0x0000000000003f0e       0x42 ./APP/peripheral_main.o
                0x0000000000003f0e                main
 .text.tmos_msg_enqueue
                0x0000000000003f50       0x1e /Users/liao1030/HMD/_Projects/_P14_V2_1/Firmware/P14_V3/CH582F/BLE/LIB/libCH58xBLE.a(message.o)
                0x0000000000003f50                tmos_msg_enqueue
 .text.tmos_msg_deallocate
                0x0000000000003f6e       0x2c /Users/liao1030/HMD/_Projects/_P14_V2_1/Firmware/P14_V3/CH582F/BLE/LIB/libCH58xBLE.a(message.o)
                0x0000000000003f6e                tmos_msg_deallocate
 .text.tmos_msg_allocate
                0x0000000000003f9a       0x46 /Users/liao1030/HMD/_Projects/_P14_V2_1/Firmware/P14_V3/CH582F/BLE/LIB/libCH58xBLE.a(message.o)
                0x0000000000003f9a                tmos_msg_allocate
 .text.tmos_msg_receive
                0x0000000000003fe0       0x70 /Users/liao1030/HMD/_Projects/_P14_V2_1/Firmware/P14_V3/CH582F/BLE/LIB/libCH58xBLE.a(message.o)
                0x0000000000003fe0                tmos_msg_receive
 .text.tmos_msg_send
                0x0000000000004050       0x60 /Users/liao1030/HMD/_Projects/_P14_V2_1/Firmware/P14_V3/CH582F/BLE/LIB/libCH58xBLE.a(message.o)
                0x0000000000004050                tmos_msg_send
 .text.tmos_msg_init
                0x00000000000040b0        0xa /Users/liao1030/HMD/_Projects/_P14_V2_1/Firmware/P14_V3/CH582F/BLE/LIB/libCH58xBLE.a(message.o)
                0x00000000000040b0                tmos_msg_init
 .text.tmosFindTask
                0x00000000000040ba       0x24 /Users/liao1030/HMD/_Projects/_P14_V2_1/Firmware/P14_V3/CH582F/BLE/LIB/libCH58xBLE.a(tmos.o)
 .text.TMOS_CB_PeriodicProcessEvent
                0x00000000000040de       0x86 /Users/liao1030/HMD/_Projects/_P14_V2_1/Firmware/P14_V3/CH582F/BLE/LIB/libCH58xBLE.a(tmos.o)
                0x00000000000040de                TMOS_CB_PeriodicProcessEvent
 .text.TMOS_CB_ProcessEvent
                0x0000000000004164       0x80 /Users/liao1030/HMD/_Projects/_P14_V2_1/Firmware/P14_V3/CH582F/BLE/LIB/libCH58xBLE.a(tmos.o)
                0x0000000000004164                TMOS_CB_ProcessEvent
 .text.tmos_rand
                0x00000000000041e4       0x52 /Users/liao1030/HMD/_Projects/_P14_V2_1/Firmware/P14_V3/CH582F/BLE/LIB/libCH58xBLE.a(tmos.o)
                0x00000000000041e4                tmos_rand
 .text.tmos_start_periodic_callback_task
                0x0000000000004236       0xea /Users/liao1030/HMD/_Projects/_P14_V2_1/Firmware/P14_V3/CH582F/BLE/LIB/libCH58xBLE.a(tmos.o)
                0x0000000000004236                tmos_start_periodic_callback_task
 .text.tmos_set_event
                0x0000000000004320       0x2e /Users/liao1030/HMD/_Projects/_P14_V2_1/Firmware/P14_V3/CH582F/BLE/LIB/libCH58xBLE.a(tmos.o)
                0x0000000000004320                tmos_set_event
 .text.tmos_clear_event
                0x000000000000434e       0x32 /Users/liao1030/HMD/_Projects/_P14_V2_1/Firmware/P14_V3/CH582F/BLE/LIB/libCH58xBLE.a(tmos.o)
                0x000000000000434e                tmos_clear_event
 .text.tmos_update_callback_timer
                0x0000000000004380       0xc2 /Users/liao1030/HMD/_Projects/_P14_V2_1/Firmware/P14_V3/CH582F/BLE/LIB/libCH58xBLE.a(tmos.o)
                0x0000000000004380                tmos_update_callback_timer
 .text.tmos_update_periodic_callback_timer
                0x0000000000004442       0x5e /Users/liao1030/HMD/_Projects/_P14_V2_1/Firmware/P14_V3/CH582F/BLE/LIB/libCH58xBLE.a(tmos.o)
                0x0000000000004442                tmos_update_periodic_callback_timer
 .text.tmos_start_task
                0x00000000000044a0      0x132 /Users/liao1030/HMD/_Projects/_P14_V2_1/Firmware/P14_V3/CH582F/BLE/LIB/libCH58xBLE.a(tmos.o)
                0x00000000000044a0                tmos_start_task
 .text.tmos_start_callback_task
                0x00000000000045d2       0x9a /Users/liao1030/HMD/_Projects/_P14_V2_1/Firmware/P14_V3/CH582F/BLE/LIB/libCH58xBLE.a(tmos.o)
                0x00000000000045d2                tmos_start_callback_task
 .text.tmos_start_reload_task
                0x000000000000466c       0x56 /Users/liao1030/HMD/_Projects/_P14_V2_1/Firmware/P14_V3/CH582F/BLE/LIB/libCH58xBLE.a(tmos.o)
                0x000000000000466c                tmos_start_reload_task
 .text.tmos_stop_task
                0x00000000000046c2       0x50 /Users/liao1030/HMD/_Projects/_P14_V2_1/Firmware/P14_V3/CH582F/BLE/LIB/libCH58xBLE.a(tmos.o)
                0x00000000000046c2                tmos_stop_task
 .text.tmos_stop_callback_task
                0x0000000000004712       0x5a /Users/liao1030/HMD/_Projects/_P14_V2_1/Firmware/P14_V3/CH582F/BLE/LIB/libCH58xBLE.a(tmos.o)
                0x0000000000004712                tmos_stop_callback_task
 .text.tmos_get_task_timer
                0x000000000000476c       0x62 /Users/liao1030/HMD/_Projects/_P14_V2_1/Firmware/P14_V3/CH582F/BLE/LIB/libCH58xBLE.a(tmos.o)
                0x000000000000476c                tmos_get_task_timer
 .text.tmos_proces_sleep
                0x00000000000047ce       0xd0 /Users/liao1030/HMD/_Projects/_P14_V2_1/Firmware/P14_V3/CH582F/BLE/LIB/libCH58xBLE.a(tmos.o)
                0x00000000000047ce                tmos_proces_sleep
 .text.TMOS_TimerRegister
                0x000000000000489e       0x1e /Users/liao1030/HMD/_Projects/_P14_V2_1/Firmware/P14_V3/CH582F/BLE/LIB/libCH58xBLE.a(tmos.o)
                0x000000000000489e                TMOS_TimerRegister
 .text.TMOS_ProcessRegister
                0x00000000000048bc       0x16 /Users/liao1030/HMD/_Projects/_P14_V2_1/Firmware/P14_V3/CH582F/BLE/LIB/libCH58xBLE.a(tmos.o)
                0x00000000000048bc                TMOS_ProcessRegister
 .text.TMOS_Init
                0x00000000000048d2      0x12e /Users/liao1030/HMD/_Projects/_P14_V2_1/Firmware/P14_V3/CH582F/BLE/LIB/libCH58xBLE.a(tmos.o)
                0x00000000000048d2                TMOS_Init
 .text.TMOS_ProcessEventRegister
                0x0000000000004a00       0x3c /Users/liao1030/HMD/_Projects/_P14_V2_1/Firmware/P14_V3/CH582F/BLE/LIB/libCH58xBLE.a(tmos.o)
                0x0000000000004a00                TMOS_ProcessEventRegister
 .text.BLE_LibInit
                0x0000000000004a3c      0x17c /Users/liao1030/HMD/_Projects/_P14_V2_1/Firmware/P14_V3/CH582F/BLE/LIB/libCH58xBLE.a(tmos.o)
                0x0000000000004a3c                BLE_LibInit
 .text.clockGetTickValve
                0x0000000000004bb8       0x7e /Users/liao1030/HMD/_Projects/_P14_V2_1/Firmware/P14_V3/CH582F/BLE/LIB/libCH58xBLE.a(tmos_hw.o)
 .text.ll_get_sca_divisor
                0x0000000000004c36       0x40 /Users/liao1030/HMD/_Projects/_P14_V2_1/Firmware/P14_V3/CH582F/BLE/LIB/libCH58xBLE.a(tmos_hw.o)
                0x0000000000004c36                ll_get_sca_divisor
 .text.ll_get_sca_own
                0x0000000000004c76       0x46 /Users/liao1030/HMD/_Projects/_P14_V2_1/Firmware/P14_V3/CH582F/BLE/LIB/libCH58xBLE.a(tmos_hw.o)
                0x0000000000004c76                ll_get_sca_own
 .text.ble_ll_common_rand8
                0x0000000000004cbc       0x24 /Users/liao1030/HMD/_Projects/_P14_V2_1/Firmware/P14_V3/CH582F/BLE/LIB/libCH58xBLE.a(tmos_hw.o)
                0x0000000000004cbc                ble_ll_common_rand8
 .text.ble_ll_common_rand16
                0x0000000000004ce0       0x24 /Users/liao1030/HMD/_Projects/_P14_V2_1/Firmware/P14_V3/CH582F/BLE/LIB/libCH58xBLE.a(tmos_hw.o)
                0x0000000000004ce0                ble_ll_common_rand16
 .text.ble_ll_common_rand32
                0x0000000000004d04       0x20 /Users/liao1030/HMD/_Projects/_P14_V2_1/Firmware/P14_V3/CH582F/BLE/LIB/libCH58xBLE.a(tmos_hw.o)
                0x0000000000004d04                ble_ll_common_rand32
 .text.TMOS_TempSample
                0x0000000000004d24       0x62 /Users/liao1030/HMD/_Projects/_P14_V2_1/Firmware/P14_V3/CH582F/BLE/LIB/libCH58xBLE.a(tmos_hw.o)
                0x0000000000004d24                TMOS_TempSample
 .text.TMOS_TimerInit
                0x0000000000004d86      0x152 /Users/liao1030/HMD/_Projects/_P14_V2_1/Firmware/P14_V3/CH582F/BLE/LIB/libCH58xBLE.a(tmos_hw.o)
                0x0000000000004d86                TMOS_TimerInit
 .text.tmos_snv_init
                0x0000000000004ed8       0xc0 /Users/liao1030/HMD/_Projects/_P14_V2_1/Firmware/P14_V3/CH582F/BLE/LIB/libCH58xBLE.a(tmos_snv.o)
                0x0000000000004ed8                tmos_snv_init
 .text.tmos_snv_read
                0x0000000000004f98      0x292 /Users/liao1030/HMD/_Projects/_P14_V2_1/Firmware/P14_V3/CH582F/BLE/LIB/libCH58xBLE.a(tmos_snv.o)
                0x0000000000004f98                tmos_snv_read
 .text.tmos_snv_notify
                0x000000000000522a       0x5a /Users/liao1030/HMD/_Projects/_P14_V2_1/Firmware/P14_V3/CH582F/BLE/LIB/libCH58xBLE.a(tmos_snv.o)
                0x000000000000522a                tmos_snv_notify
 .text.tmos_snv_write
                0x0000000000005284      0x2ce /Users/liao1030/HMD/_Projects/_P14_V2_1/Firmware/P14_V3/CH582F/BLE/LIB/libCH58xBLE.a(tmos_snv.o)
                0x0000000000005284                tmos_snv_write
 .text.tmos_snv_compact
                0x0000000000005552        0x4 /Users/liao1030/HMD/_Projects/_P14_V2_1/Firmware/P14_V3/CH582F/BLE/LIB/libCH58xBLE.a(tmos_snv.o)
                0x0000000000005552                tmos_snv_compact
 .text.disconnectNext
                0x0000000000005556       0x22 /Users/liao1030/HMD/_Projects/_P14_V2_1/Firmware/P14_V3/CH582F/BLE/LIB/libCH58xBLE.a(gap.o)
 .text.GAP_ParamInit
                0x0000000000005578      0x16c /Users/liao1030/HMD/_Projects/_P14_V2_1/Firmware/P14_V3/CH582F/BLE/LIB/libCH58xBLE.a(gap.o)
                0x0000000000005578                GAP_ParamInit
 .text.sendTerminateEvent
                0x00000000000056e4       0x58 /Users/liao1030/HMD/_Projects/_P14_V2_1/Firmware/P14_V3/CH582F/BLE/LIB/libCH58xBLE.a(gap.o)
                0x00000000000056e4                sendTerminateEvent
 .text.gapRegisterCentral
                0x000000000000573c        0x6 /Users/liao1030/HMD/_Projects/_P14_V2_1/Firmware/P14_V3/CH582F/BLE/LIB/libCH58xBLE.a(gap.o)
                0x000000000000573c                gapRegisterCentral
 .text.gapRegisterCentralConn
                0x0000000000005742        0x6 /Users/liao1030/HMD/_Projects/_P14_V2_1/Firmware/P14_V3/CH582F/BLE/LIB/libCH58xBLE.a(gap.o)
                0x0000000000005742                gapRegisterCentralConn
 .text.gapRegisterPeripheral
                0x0000000000005748        0x6 /Users/liao1030/HMD/_Projects/_P14_V2_1/Firmware/P14_V3/CH582F/BLE/LIB/libCH58xBLE.a(gap.o)
                0x0000000000005748                gapRegisterPeripheral
 .text.gapRegisterPeripheralConn
                0x000000000000574e        0x6 /Users/liao1030/HMD/_Projects/_P14_V2_1/Firmware/P14_V3/CH582F/BLE/LIB/libCH58xBLE.a(gap.o)
                0x000000000000574e                gapRegisterPeripheralConn
 .text.smGenerateRandBuf
                0x0000000000005754       0x56 /Users/liao1030/HMD/_Projects/_P14_V2_1/Firmware/P14_V3/CH582F/BLE/LIB/libCH58xBLE.a(gap.o)
                0x0000000000005754                smGenerateRandBuf
 .text.gapL2capConnParamUpdateReq
                0x00000000000057aa       0x36 /Users/liao1030/HMD/_Projects/_P14_V2_1/Firmware/P14_V3/CH582F/BLE/LIB/libCH58xBLE.a(gap.o)
                0x00000000000057aa                gapL2capConnParamUpdateReq
 .text.gapValidADType
                0x00000000000057e0       0x16 /Users/liao1030/HMD/_Projects/_P14_V2_1/Firmware/P14_V3/CH582F/BLE/LIB/libCH58xBLE.a(gap.o)
                0x00000000000057e0                gapValidADType
 .text.gapFindADType
                0x00000000000057f6       0x92 /Users/liao1030/HMD/_Projects/_P14_V2_1/Firmware/P14_V3/CH582F/BLE/LIB/libCH58xBLE.a(gap.o)
                0x00000000000057f6                gapFindADType
 .text.GAP_SecParamsInit
                0x0000000000005888       0xaa /Users/liao1030/HMD/_Projects/_P14_V2_1/Firmware/P14_V3/CH582F/BLE/LIB/libCH58xBLE.a(gap.o)
                0x0000000000005888                GAP_SecParamsInit
 .text.GAP_ParamsInit
                0x0000000000005932       0x50 /Users/liao1030/HMD/_Projects/_P14_V2_1/Firmware/P14_V3/CH582F/BLE/LIB/libCH58xBLE.a(gap.o)
                0x0000000000005932                GAP_ParamsInit
 .text.gapAddAddrAdj
                0x0000000000005982       0x48 /Users/liao1030/HMD/_Projects/_P14_V2_1/Firmware/P14_V3/CH582F/BLE/LIB/libCH58xBLE.a(gap.o)
                0x0000000000005982                gapAddAddrAdj
 .text.gapDetermineAddrType
                0x00000000000059ca       0x28 /Users/liao1030/HMD/_Projects/_P14_V2_1/Firmware/P14_V3/CH582F/BLE/LIB/libCH58xBLE.a(gap.o)
                0x00000000000059ca                gapDetermineAddrType
 .text.gapFreeAuthLink
                0x00000000000059f2       0x4a /Users/liao1030/HMD/_Projects/_P14_V2_1/Firmware/P14_V3/CH582F/BLE/LIB/libCH58xBLE.a(gap.o)
                0x00000000000059f2                gapFreeAuthLink
 .text.gapGetDevAddress
                0x0000000000005a3c       0x24 /Users/liao1030/HMD/_Projects/_P14_V2_1/Firmware/P14_V3/CH582F/BLE/LIB/libCH58xBLE.a(gap.o)
                0x0000000000005a3c                gapGetDevAddress
 .text.gapGetDevAddressMode
                0x0000000000005a60        0xa /Users/liao1030/HMD/_Projects/_P14_V2_1/Firmware/P14_V3/CH582F/BLE/LIB/libCH58xBLE.a(gap.o)
                0x0000000000005a60                gapGetDevAddressMode
 .text.gapGetIRK
                0x0000000000005a6a        0xc /Users/liao1030/HMD/_Projects/_P14_V2_1/Firmware/P14_V3/CH582F/BLE/LIB/libCH58xBLE.a(gap.o)
                0x0000000000005a6a                gapGetIRK
 .text.gapGetSRK
                0x0000000000005a76        0xc /Users/liao1030/HMD/_Projects/_P14_V2_1/Firmware/P14_V3/CH582F/BLE/LIB/libCH58xBLE.a(gap.o)
                0x0000000000005a76                gapGetSRK
 .text.gapGetSignCounter
                0x0000000000005a82        0xe /Users/liao1030/HMD/_Projects/_P14_V2_1/Firmware/P14_V3/CH582F/BLE/LIB/libCH58xBLE.a(gap.o)
                0x0000000000005a82                gapGetSignCounter
 .text.gapIncSignCounter
                0x0000000000005a90       0x28 /Users/liao1030/HMD/_Projects/_P14_V2_1/Firmware/P14_V3/CH582F/BLE/LIB/libCH58xBLE.a(gap.o)
                0x0000000000005a90                gapIncSignCounter
 .text.gapProcessConnEvt
                0x0000000000005ab8       0x48 /Users/liao1030/HMD/_Projects/_P14_V2_1/Firmware/P14_V3/CH582F/BLE/LIB/libCH58xBLE.a(gap.o)
                0x0000000000005ab8                gapProcessConnEvt
 .text.gapProcessDisconnectCompleteEvt
                0x0000000000005b00       0xa8 /Users/liao1030/HMD/_Projects/_P14_V2_1/Firmware/P14_V3/CH582F/BLE/LIB/libCH58xBLE.a(gap.o)
                0x0000000000005b00                gapProcessDisconnectCompleteEvt
 .text.sendAuthEvent
                0x0000000000005ba8      0x11e /Users/liao1030/HMD/_Projects/_P14_V2_1/Firmware/P14_V3/CH582F/BLE/LIB/libCH58xBLE.a(gap.o)
                0x0000000000005ba8                sendAuthEvent
 .text.gapSendBondCompleteEvent
                0x0000000000005cc6       0x74 /Users/liao1030/HMD/_Projects/_P14_V2_1/Firmware/P14_V3/CH582F/BLE/LIB/libCH58xBLE.a(gap.o)
                0x0000000000005cc6                gapSendBondCompleteEvent
 .text.gapSendPairingReqEvent
                0x0000000000005d3a       0x96 /Users/liao1030/HMD/_Projects/_P14_V2_1/Firmware/P14_V3/CH582F/BLE/LIB/libCH58xBLE.a(gap.o)
                0x0000000000005d3a                gapSendPairingReqEvent
 .text.gapSendSlaveSecurityReqEvent
                0x0000000000005dd0       0x68 /Users/liao1030/HMD/_Projects/_P14_V2_1/Firmware/P14_V3/CH582F/BLE/LIB/libCH58xBLE.a(gap.o)
                0x0000000000005dd0                gapSendSlaveSecurityReqEvent
 .text.gapSendDeviceInitDoneEvent
                0x0000000000005e38       0x88 /Users/liao1030/HMD/_Projects/_P14_V2_1/Firmware/P14_V3/CH582F/BLE/LIB/libCH58xBLE.a(gap.o)
                0x0000000000005e38                gapSendDeviceInitDoneEvent
 .text.gapSendLinkUpdateEvent
                0x0000000000005ec0       0xb2 /Users/liao1030/HMD/_Projects/_P14_V2_1/Firmware/P14_V3/CH582F/BLE/LIB/libCH58xBLE.a(gap.o)
                0x0000000000005ec0                gapSendLinkUpdateEvent
 .text.gapSendPhyUpdateEvent
                0x0000000000005f72       0x58 /Users/liao1030/HMD/_Projects/_P14_V2_1/Firmware/P14_V3/CH582F/BLE/LIB/libCH58xBLE.a(gap.o)
                0x0000000000005f72                gapSendPhyUpdateEvent
 .text.gapSendEstLinkEvent
                0x0000000000005fca       0xbc /Users/liao1030/HMD/_Projects/_P14_V2_1/Firmware/P14_V3/CH582F/BLE/LIB/libCH58xBLE.a(gap.o)
                0x0000000000005fca                gapSendEstLinkEvent
 .text.gapProcessNewAddr
                0x0000000000006086       0x3e /Users/liao1030/HMD/_Projects/_P14_V2_1/Firmware/P14_V3/CH582F/BLE/LIB/libCH58xBLE.a(gap.o)
                0x0000000000006086                gapProcessNewAddr
 .text.gapProcessRandomAddrComplete
                0x00000000000060c4       0xb6 /Users/liao1030/HMD/_Projects/_P14_V2_1/Firmware/P14_V3/CH582F/BLE/LIB/libCH58xBLE.a(gap.o)
                0x00000000000060c4                gapProcessRandomAddrComplete
 .text.GAP_Authenticate
                0x000000000000617a       0xde /Users/liao1030/HMD/_Projects/_P14_V2_1/Firmware/P14_V3/CH582F/BLE/LIB/libCH58xBLE.a(gap.o)
                0x000000000000617a                GAP_Authenticate
 .text.GAP_Bond
                0x0000000000006258       0xaa /Users/liao1030/HMD/_Projects/_P14_V2_1/Firmware/P14_V3/CH582F/BLE/LIB/libCH58xBLE.a(gap.o)
                0x0000000000006258                GAP_Bond
 .text.GAP_GetParamValue
                0x0000000000006302       0x20 /Users/liao1030/HMD/_Projects/_P14_V2_1/Firmware/P14_V3/CH582F/BLE/LIB/libCH58xBLE.a(gap.o)
                0x0000000000006302                GAP_GetParamValue
 .text.GAP_PasscodeUpdate
                0x0000000000006322       0x54 /Users/liao1030/HMD/_Projects/_P14_V2_1/Firmware/P14_V3/CH582F/BLE/LIB/libCH58xBLE.a(gap.o)
                0x0000000000006322                GAP_PasscodeUpdate
 .text.GAP_RegisterForMsgs
                0x0000000000006376        0xa /Users/liao1030/HMD/_Projects/_P14_V2_1/Firmware/P14_V3/CH582F/BLE/LIB/libCH58xBLE.a(gap.o)
                0x0000000000006376                GAP_RegisterForMsgs
 .text.GAP_ResolvePrivateAddr
                0x0000000000006380        0x4 /Users/liao1030/HMD/_Projects/_P14_V2_1/Firmware/P14_V3/CH582F/BLE/LIB/libCH58xBLE.a(gap.o)
                0x0000000000006380                GAP_ResolvePrivateAddr
 .text.gapPairingCompleteCB
                0x0000000000006384      0x18c /Users/liao1030/HMD/_Projects/_P14_V2_1/Firmware/P14_V3/CH582F/BLE/LIB/libCH58xBLE.a(gap.o)
                0x0000000000006384                gapPairingCompleteCB
 .text.gapPasskeyNeededCB
                0x0000000000006510       0x8e /Users/liao1030/HMD/_Projects/_P14_V2_1/Firmware/P14_V3/CH582F/BLE/LIB/libCH58xBLE.a(gap.o)
                0x0000000000006510                gapPasskeyNeededCB
 .text.gapOobNeededCB
                0x000000000000659e       0xa6 /Users/liao1030/HMD/_Projects/_P14_V2_1/Firmware/P14_V3/CH582F/BLE/LIB/libCH58xBLE.a(gap.o)
                0x000000000000659e                gapOobNeededCB
 .text.gapFreeEstLink
                0x0000000000006644       0x20 /Users/liao1030/HMD/_Projects/_P14_V2_1/Firmware/P14_V3/CH582F/BLE/LIB/libCH58xBLE.a(gap.o)
                0x0000000000006644                gapFreeEstLink
 .text.gapUpdateConnSignCounter
                0x0000000000006664       0x7a /Users/liao1030/HMD/_Projects/_P14_V2_1/Firmware/P14_V3/CH582F/BLE/LIB/libCH58xBLE.a(gap.o)
                0x0000000000006664                gapUpdateConnSignCounter
 .text.GAP_SendSlaveSecurityRequest
                0x00000000000066de       0x4a /Users/liao1030/HMD/_Projects/_P14_V2_1/Firmware/P14_V3/CH582F/BLE/LIB/libCH58xBLE.a(gap.o)
                0x00000000000066de                GAP_SendSlaveSecurityRequest
 .text.GAP_Signable
                0x0000000000006728       0x6a /Users/liao1030/HMD/_Projects/_P14_V2_1/Firmware/P14_V3/CH582F/BLE/LIB/libCH58xBLE.a(gap.o)
                0x0000000000006728                GAP_Signable
 .text.GAP_TerminateAuth
                0x0000000000006792       0x2a /Users/liao1030/HMD/_Projects/_P14_V2_1/Firmware/P14_V3/CH582F/BLE/LIB/libCH58xBLE.a(gap.o)
                0x0000000000006792                GAP_TerminateAuth
 .text.GAP_NumActiveConnections
                0x00000000000067bc        0x4 /Users/liao1030/HMD/_Projects/_P14_V2_1/Firmware/P14_V3/CH582F/BLE/LIB/libCH58xBLE.a(gap.o)
                0x00000000000067bc                GAP_NumActiveConnections
 .text.GAP_TerminateLinkReq
                0x00000000000067c0       0x8e /Users/liao1030/HMD/_Projects/_P14_V2_1/Firmware/P14_V3/CH582F/BLE/LIB/libCH58xBLE.a(gap.o)
                0x00000000000067c0                GAP_TerminateLinkReq
 .text.GAP_SetParamValue
                0x000000000000684e       0x6c /Users/liao1030/HMD/_Projects/_P14_V2_1/Firmware/P14_V3/CH582F/BLE/LIB/libCH58xBLE.a(gap.o)
                0x000000000000684e                GAP_SetParamValue
 .text.GAP_Init
                0x00000000000068ba       0x48 /Users/liao1030/HMD/_Projects/_P14_V2_1/Firmware/P14_V3/CH582F/BLE/LIB/libCH58xBLE.a(gap.o)
                0x00000000000068ba                GAP_Init
 .text.GAP_ProcessEvent
                0x0000000000006902      0x66a /Users/liao1030/HMD/_Projects/_P14_V2_1/Firmware/P14_V3/CH582F/BLE/LIB/libCH58xBLE.a(gap.o)
                0x0000000000006902                GAP_ProcessEvent
 .text.gapSendScanEnable
                0x0000000000006f6c       0x3a /Users/liao1030/HMD/_Projects/_P14_V2_1/Firmware/P14_V3/CH582F/BLE/LIB/libCH58xBLE.a(gap_central.o)
 .text.gapCentProcessConnEvt
                0x0000000000006fa6      0x168 /Users/liao1030/HMD/_Projects/_P14_V2_1/Firmware/P14_V3/CH582F/BLE/LIB/libCH58xBLE.a(gap_central.o)
                0x0000000000006fa6                gapCentProcessConnEvt
 .text.gapProcessScanningPeriodicAdvEvt
                0x000000000000710e       0xa0 /Users/liao1030/HMD/_Projects/_P14_V2_1/Firmware/P14_V3/CH582F/BLE/LIB/libCH58xBLE.a(gap_central.o)
                0x000000000000710e                gapProcessScanningPeriodicAdvEvt
 .text.gapCancelLinkReq
                0x00000000000071ae       0x38 /Users/liao1030/HMD/_Projects/_P14_V2_1/Firmware/P14_V3/CH582F/BLE/LIB/libCH58xBLE.a(gap_central.o)
                0x00000000000071ae                gapCancelLinkReq
 .text.gapProcessAdvertDevInfo
                0x00000000000071e6      0x242 /Users/liao1030/HMD/_Projects/_P14_V2_1/Firmware/P14_V3/CH582F/BLE/LIB/libCH58xBLE.a(gap_central.o)
                0x00000000000071e6                gapProcessAdvertDevInfo
 .text.gapProcessExtAdvertDevInfo
                0x0000000000007428      0x260 /Users/liao1030/HMD/_Projects/_P14_V2_1/Firmware/P14_V3/CH582F/BLE/LIB/libCH58xBLE.a(gap_central.o)
                0x0000000000007428                gapProcessExtAdvertDevInfo
 .text.gapProcessPeriodicAdvertisingSyncEstablishedEvt
                0x0000000000007688       0xae /Users/liao1030/HMD/_Projects/_P14_V2_1/Firmware/P14_V3/CH582F/BLE/LIB/libCH58xBLE.a(gap_central.o)
                0x0000000000007688                gapProcessPeriodicAdvertisingSyncEstablishedEvt
 .text.gapProcessPeriodicAdvertisingSyncLostEvt
                0x0000000000007736       0x56 /Users/liao1030/HMD/_Projects/_P14_V2_1/Firmware/P14_V3/CH582F/BLE/LIB/libCH58xBLE.a(gap_central.o)
                0x0000000000007736                gapProcessPeriodicAdvertisingSyncLostEvt
 .text.gapFreeScanRecs
                0x000000000000778c       0xa6 /Users/liao1030/HMD/_Projects/_P14_V2_1/Firmware/P14_V3/CH582F/BLE/LIB/libCH58xBLE.a(gap_central.o)
                0x000000000000778c                gapFreeScanRecs
 .text.gapSendDevDiscEvent
                0x0000000000007832      0x124 /Users/liao1030/HMD/_Projects/_P14_V2_1/Firmware/P14_V3/CH582F/BLE/LIB/libCH58xBLE.a(gap_central.o)
                0x0000000000007832                gapSendDevDiscEvent
 .text.gapSetScanParamStatus
                0x0000000000007956       0x56 /Users/liao1030/HMD/_Projects/_P14_V2_1/Firmware/P14_V3/CH582F/BLE/LIB/libCH58xBLE.a(gap_central.o)
 .text.gapCentProcessHCICmdEvt
                0x00000000000079ac       0x3c /Users/liao1030/HMD/_Projects/_P14_V2_1/Firmware/P14_V3/CH582F/BLE/LIB/libCH58xBLE.a(gap_central.o)
                0x00000000000079ac                gapCentProcessHCICmdEvt
 .text.gapProcessScanningEvt
                0x00000000000079e8      0x110 /Users/liao1030/HMD/_Projects/_P14_V2_1/Firmware/P14_V3/CH582F/BLE/LIB/libCH58xBLE.a(gap_central.o)
                0x00000000000079e8                gapProcessScanningEvt
 .text.gapProcessScanningDirectEvt
                0x0000000000007af8       0xfe /Users/liao1030/HMD/_Projects/_P14_V2_1/Firmware/P14_V3/CH582F/BLE/LIB/libCH58xBLE.a(gap_central.o)
                0x0000000000007af8                gapProcessScanningDirectEvt
 .text.gapProcessScanningExtAdvEvt
                0x0000000000007bf6      0x2c4 /Users/liao1030/HMD/_Projects/_P14_V2_1/Firmware/P14_V3/CH582F/BLE/LIB/libCH58xBLE.a(gap_central.o)
                0x0000000000007bf6                gapProcessScanningExtAdvEvt
 .text.GAP_CentConnRegister
                0x0000000000007eba       0x1a /Users/liao1030/HMD/_Projects/_P14_V2_1/Firmware/P14_V3/CH582F/BLE/LIB/libCH58xBLE.a(gap_central.o)
                0x0000000000007eba                GAP_CentConnRegister
 .text.GAP_CentralParamInit
                0x0000000000007ed4       0x6e /Users/liao1030/HMD/_Projects/_P14_V2_1/Firmware/P14_V3/CH582F/BLE/LIB/libCH58xBLE.a(gap_central.o)
                0x0000000000007ed4                GAP_CentralParamInit
 .text.GAP_CentDevMgrInit
                0x0000000000007f42       0x9c /Users/liao1030/HMD/_Projects/_P14_V2_1/Firmware/P14_V3/CH582F/BLE/LIB/libCH58xBLE.a(gap_central.o)
                0x0000000000007f42                GAP_CentDevMgrInit
 .text.gapFreeAdvertState
                0x0000000000007fde       0x20 /Users/liao1030/HMD/_Projects/_P14_V2_1/Firmware/P14_V3/CH582F/BLE/LIB/libCH58xBLE.a(gap_peripheral.o)
 .text.gapSetPeriodicAdvParams
                0x0000000000007ffe       0x30 /Users/liao1030/HMD/_Projects/_P14_V2_1/Firmware/P14_V3/CH582F/BLE/LIB/libCH58xBLE.a(gap_peripheral.o)
 .text.gapSetConnectionlessCTEParams
                0x000000000000802e       0x54 /Users/liao1030/HMD/_Projects/_P14_V2_1/Firmware/P14_V3/CH582F/BLE/LIB/libCH58xBLE.a(gap_peripheral.o)
 .text.gapSetAdvParams
                0x0000000000008082      0x126 /Users/liao1030/HMD/_Projects/_P14_V2_1/Firmware/P14_V3/CH582F/BLE/LIB/libCH58xBLE.a(gap_peripheral.o)
 .text.gapPeriProcessConnEvt
                0x00000000000081a8       0xd0 /Users/liao1030/HMD/_Projects/_P14_V2_1/Firmware/P14_V3/CH582F/BLE/LIB/libCH58xBLE.a(gap_peripheral.o)
 .text.gapWriteAdvDataStatus
                0x0000000000008278       0x8a /Users/liao1030/HMD/_Projects/_P14_V2_1/Firmware/P14_V3/CH582F/BLE/LIB/libCH58xBLE.a(gap_peripheral.o)
 .text.GAP_MakeDiscoverable
                0x0000000000008302      0x174 /Users/liao1030/HMD/_Projects/_P14_V2_1/Firmware/P14_V3/CH582F/BLE/LIB/libCH58xBLE.a(gap_peripheral.o)
                0x0000000000008302                GAP_MakeDiscoverable
 .text.GAP_EndDiscoverable
                0x0000000000008476       0x66 /Users/liao1030/HMD/_Projects/_P14_V2_1/Firmware/P14_V3/CH582F/BLE/LIB/libCH58xBLE.a(gap_peripheral.o)
                0x0000000000008476                GAP_EndDiscoverable
 .text.gapProcessAdvertisingEvt
                0x00000000000084dc      0x116 /Users/liao1030/HMD/_Projects/_P14_V2_1/Firmware/P14_V3/CH582F/BLE/LIB/libCH58xBLE.a(gap_peripheral.o)
 .text.GAP_MakePeriodic
                0x00000000000085f2       0x26 /Users/liao1030/HMD/_Projects/_P14_V2_1/Firmware/P14_V3/CH582F/BLE/LIB/libCH58xBLE.a(gap_peripheral.o)
                0x00000000000085f2                GAP_MakePeriodic
 .text.GAP_EndPeriodic
                0x0000000000008618        0xc /Users/liao1030/HMD/_Projects/_P14_V2_1/Firmware/P14_V3/CH582F/BLE/LIB/libCH58xBLE.a(gap_peripheral.o)
                0x0000000000008618                GAP_EndPeriodic
 .text.GAP_MakeConnecttionlessCTE
                0x0000000000008624       0x1a /Users/liao1030/HMD/_Projects/_P14_V2_1/Firmware/P14_V3/CH582F/BLE/LIB/libCH58xBLE.a(gap_peripheral.o)
                0x0000000000008624                GAP_MakeConnecttionlessCTE
 .text.GAP_EndConnecttionlessCTE
                0x000000000000863e        0xc /Users/liao1030/HMD/_Projects/_P14_V2_1/Firmware/P14_V3/CH582F/BLE/LIB/libCH58xBLE.a(gap_peripheral.o)
                0x000000000000863e                GAP_EndConnecttionlessCTE
 .text.GAP_SetAdvertisingAdvData
                0x000000000000864a      0x102 /Users/liao1030/HMD/_Projects/_P14_V2_1/Firmware/P14_V3/CH582F/BLE/LIB/libCH58xBLE.a(gap_peripheral.o)
                0x000000000000864a                GAP_SetAdvertisingAdvData
 .text.GAP_SetAdvertisingRspData
                0x000000000000874c      0x102 /Users/liao1030/HMD/_Projects/_P14_V2_1/Firmware/P14_V3/CH582F/BLE/LIB/libCH58xBLE.a(gap_peripheral.o)
                0x000000000000874c                GAP_SetAdvertisingRspData
 .text.GAP_SetPeriodicAdvertisingData
                0x000000000000884e       0xc6 /Users/liao1030/HMD/_Projects/_P14_V2_1/Firmware/P14_V3/CH582F/BLE/LIB/libCH58xBLE.a(gap_peripheral.o)
                0x000000000000884e                GAP_SetPeriodicAdvertisingData
 .text.GAP_GetAdvertisingAdvData
                0x0000000000008914       0x26 /Users/liao1030/HMD/_Projects/_P14_V2_1/Firmware/P14_V3/CH582F/BLE/LIB/libCH58xBLE.a(gap_peripheral.o)
                0x0000000000008914                GAP_GetAdvertisingAdvData
 .text.GAP_GetAdvertisingRspData
                0x000000000000893a       0x34 /Users/liao1030/HMD/_Projects/_P14_V2_1/Firmware/P14_V3/CH582F/BLE/LIB/libCH58xBLE.a(gap_peripheral.o)
                0x000000000000893a                GAP_GetAdvertisingRspData
 .text.GAP_GetPeriodicAdvertisingData
                0x000000000000896e       0x34 /Users/liao1030/HMD/_Projects/_P14_V2_1/Firmware/P14_V3/CH582F/BLE/LIB/libCH58xBLE.a(gap_peripheral.o)
                0x000000000000896e                GAP_GetPeriodicAdvertisingData
 .text.GAP_PeriConnRegister
                0x00000000000089a2       0x2e /Users/liao1030/HMD/_Projects/_P14_V2_1/Firmware/P14_V3/CH582F/BLE/LIB/libCH58xBLE.a(gap_peripheral.o)
                0x00000000000089a2                GAP_PeriConnRegister
 .text.GAP_PeripheralParamInit
                0x00000000000089d0       0x6c /Users/liao1030/HMD/_Projects/_P14_V2_1/Firmware/P14_V3/CH582F/BLE/LIB/libCH58xBLE.a(gap_peripheral.o)
                0x00000000000089d0                GAP_PeripheralParamInit
 .text.gapSendMakeDiscEvent
                0x0000000000008a3c       0x50 /Users/liao1030/HMD/_Projects/_P14_V2_1/Firmware/P14_V3/CH582F/BLE/LIB/libCH58xBLE.a(gap_peripheral.o)
                0x0000000000008a3c                gapSendMakeDiscEvent
 .text.gapWriteAdvEnableStatus
                0x0000000000008a8c      0x110 /Users/liao1030/HMD/_Projects/_P14_V2_1/Firmware/P14_V3/CH582F/BLE/LIB/libCH58xBLE.a(gap_peripheral.o)
 .text.gapSendMakePeriodicEvent
                0x0000000000008b9c       0x3a /Users/liao1030/HMD/_Projects/_P14_V2_1/Firmware/P14_V3/CH582F/BLE/LIB/libCH58xBLE.a(gap_peripheral.o)
                0x0000000000008b9c                gapSendMakePeriodicEvent
 .text.gapSendMakeConnectionlessCTEEvent
                0x0000000000008bd6       0x3a /Users/liao1030/HMD/_Projects/_P14_V2_1/Firmware/P14_V3/CH582F/BLE/LIB/libCH58xBLE.a(gap_peripheral.o)
                0x0000000000008bd6                gapSendMakeConnectionlessCTEEvent
 .text.gapPeriProcessHCICmdCompleteEvt
                0x0000000000008c10      0x22e /Users/liao1030/HMD/_Projects/_P14_V2_1/Firmware/P14_V3/CH582F/BLE/LIB/libCH58xBLE.a(gap_peripheral.o)
 .text.GAP_PeriDevMgrInit
                0x0000000000008e3e       0x2e /Users/liao1030/HMD/_Projects/_P14_V2_1/Firmware/P14_V3/CH582F/BLE/LIB/libCH58xBLE.a(gap_peripheral.o)
                0x0000000000008e3e                GAP_PeriDevMgrInit
 .text.ggs_SetAttrWPermit
                0x0000000000008e6c       0x68 /Users/liao1030/HMD/_Projects/_P14_V2_1/Firmware/P14_V3/CH582F/BLE/LIB/libCH58xBLE.a(gapgattserver.o)
 .text.ggs_ReadAttrCB
                0x0000000000008ed4      0x156 /Users/liao1030/HMD/_Projects/_P14_V2_1/Firmware/P14_V3/CH582F/BLE/LIB/libCH58xBLE.a(gapgattserver.o)
 .text.ggs_WriteAttrCB
                0x000000000000902a      0x162 /Users/liao1030/HMD/_Projects/_P14_V2_1/Firmware/P14_V3/CH582F/BLE/LIB/libCH58xBLE.a(gapgattserver.o)
 .text.GGS_ParamInit
                0x000000000000918c      0x15c /Users/liao1030/HMD/_Projects/_P14_V2_1/Firmware/P14_V3/CH582F/BLE/LIB/libCH58xBLE.a(gapgattserver.o)
                0x000000000000918c                GGS_ParamInit
 .text.GGS_SetParameter
                0x00000000000092e8      0x116 /Users/liao1030/HMD/_Projects/_P14_V2_1/Firmware/P14_V3/CH582F/BLE/LIB/libCH58xBLE.a(gapgattserver.o)
                0x00000000000092e8                GGS_SetParameter
 .text.GGS_AddService
                0x00000000000093fe       0x2c /Users/liao1030/HMD/_Projects/_P14_V2_1/Firmware/P14_V3/CH582F/BLE/LIB/libCH58xBLE.a(gapgattserver.o)
                0x00000000000093fe                GGS_AddService
 .text.GAP_DeviceInit
                0x000000000000942a       0xd8 /Users/liao1030/HMD/_Projects/_P14_V2_1/Firmware/P14_V3/CH582F/BLE/LIB/libCH58xBLE.a(gapgattserver.o)
                0x000000000000942a                GAP_DeviceInit
 .text.gattGetPayload
                0x0000000000009502       0x7e /Users/liao1030/HMD/_Projects/_P14_V2_1/Firmware/P14_V3/CH582F/BLE/LIB/libCH58xBLE.a(gatt.o)
                0x0000000000009502                gattGetPayload
 .text.gattNotifyEvent
                0x0000000000009580       0x84 /Users/liao1030/HMD/_Projects/_P14_V2_1/Firmware/P14_V3/CH582F/BLE/LIB/libCH58xBLE.a(gatt.o)
                0x0000000000009580                gattNotifyEvent
 .text.gattSendFlowCtrlEvt
                0x0000000000009604       0x52 /Users/liao1030/HMD/_Projects/_P14_V2_1/Firmware/P14_V3/CH582F/BLE/LIB/libCH58xBLE.a(gatt.o)
                0x0000000000009604                gattSendFlowCtrlEvt
 .text.gattStartTimer
                0x0000000000009656        0xc /Users/liao1030/HMD/_Projects/_P14_V2_1/Firmware/P14_V3/CH582F/BLE/LIB/libCH58xBLE.a(gatt.o)
                0x0000000000009656                gattStartTimer
 .text.gattStopTimer
                0x0000000000009662       0x32 /Users/liao1030/HMD/_Projects/_P14_V2_1/Firmware/P14_V3/CH582F/BLE/LIB/libCH58xBLE.a(gatt.o)
                0x0000000000009662                gattStopTimer
 .text.GATT_AppCompletedMsg
                0x0000000000009694       0x30 /Users/liao1030/HMD/_Projects/_P14_V2_1/Firmware/P14_V3/CH582F/BLE/LIB/libCH58xBLE.a(gatt.o)
                0x0000000000009694                GATT_AppCompletedMsg
 .text.GATT_NotifyEvent
                0x00000000000096c4       0x56 /Users/liao1030/HMD/_Projects/_P14_V2_1/Firmware/P14_V3/CH582F/BLE/LIB/libCH58xBLE.a(gatt.o)
                0x00000000000096c4                GATT_NotifyEvent
 .text.gattRegisterServer
                0x000000000000971a        0x6 /Users/liao1030/HMD/_Projects/_P14_V2_1/Firmware/P14_V3/CH582F/BLE/LIB/libCH58xBLE.a(gatt.o)
                0x000000000000971a                gattRegisterServer
 .text.GATT_UpdateMTU
                0x0000000000009720       0x5a /Users/liao1030/HMD/_Projects/_P14_V2_1/Firmware/P14_V3/CH582F/BLE/LIB/libCH58xBLE.a(gatt.o)
                0x0000000000009720                GATT_UpdateMTU
 .text.GATT_bm_alloc
                0x000000000000977a       0xe8 /Users/liao1030/HMD/_Projects/_P14_V2_1/Firmware/P14_V3/CH582F/BLE/LIB/libCH58xBLE.a(gatt.o)
                0x000000000000977a                GATT_bm_alloc
 .text.GATT_ServiceChangedInd
                0x0000000000009862       0x94 /Users/liao1030/HMD/_Projects/_P14_V2_1/Firmware/P14_V3/CH582F/BLE/LIB/libCH58xBLE.a(gatt.o)
                0x0000000000009862                GATT_ServiceChangedInd
 .text.GATT_bm_free
                0x00000000000098f6       0x1c /Users/liao1030/HMD/_Projects/_P14_V2_1/Firmware/P14_V3/CH582F/BLE/LIB/libCH58xBLE.a(gatt.o)
                0x00000000000098f6                GATT_bm_free
 .text.GATT_Init
                0x0000000000009912       0x2a /Users/liao1030/HMD/_Projects/_P14_V2_1/Firmware/P14_V3/CH582F/BLE/LIB/libCH58xBLE.a(gatt.o)
                0x0000000000009912                GATT_Init
 .text.GATT_ProcessEvent
                0x000000000000993c      0x13a /Users/liao1030/HMD/_Projects/_P14_V2_1/Firmware/P14_V3/CH582F/BLE/LIB/libCH58xBLE.a(gatt.o)
                0x000000000000993c                GATT_ProcessEvent
 .text.gattProcessExchangeMTUReq
                0x0000000000009a76        0x4 /Users/liao1030/HMD/_Projects/_P14_V2_1/Firmware/P14_V3/CH582F/BLE/LIB/libCH58xBLE.a(gattservapp.o)
 .text.gattServApp_FindCharCfgItem
                0x0000000000009a7a       0x24 /Users/liao1030/HMD/_Projects/_P14_V2_1/Firmware/P14_V3/CH582F/BLE/LIB/libCH58xBLE.a(gattservapp.o)
 .text.gattServerHandleTimerCB
                0x0000000000009a9e       0x3c /Users/liao1030/HMD/_Projects/_P14_V2_1/Firmware/P14_V3/CH582F/BLE/LIB/libCH58xBLE.a(gattservapp.o)
 .text.GATTServApp_InitCharCfg.part.12
                0x0000000000009ada       0x20 /Users/liao1030/HMD/_Projects/_P14_V2_1/Firmware/P14_V3/CH582F/BLE/LIB/libCH58xBLE.a(gattservapp.o)
 .text.gattProcessExecuteWriteReq
                0x0000000000009afa        0x4 /Users/liao1030/HMD/_Projects/_P14_V2_1/Firmware/P14_V3/CH582F/BLE/LIB/libCH58xBLE.a(gattservapp.o)
 .text.GATTServApp_ParamInit
                0x0000000000009afe       0xd6 /Users/liao1030/HMD/_Projects/_P14_V2_1/Firmware/P14_V3/CH582F/BLE/LIB/libCH58xBLE.a(gattservapp.o)
                0x0000000000009afe                GATTServApp_ParamInit
 .text.GATTServApp_ReadCharCfg
                0x0000000000009bd4       0x18 /Users/liao1030/HMD/_Projects/_P14_V2_1/Firmware/P14_V3/CH582F/BLE/LIB/libCH58xBLE.a(gattservapp.o)
                0x0000000000009bd4                GATTServApp_ReadCharCfg
 .text.GATTServApp_WriteCharCfg
                0x0000000000009bec       0x3c /Users/liao1030/HMD/_Projects/_P14_V2_1/Firmware/P14_V3/CH582F/BLE/LIB/libCH58xBLE.a(gattservapp.o)
                0x0000000000009bec                GATTServApp_WriteCharCfg
 .text.GATTServApp_ProcessCCCWriteReq
                0x0000000000009c28       0x60 /Users/liao1030/HMD/_Projects/_P14_V2_1/Firmware/P14_V3/CH582F/BLE/LIB/libCH58xBLE.a(gattservapp.o)
                0x0000000000009c28                GATTServApp_ProcessCCCWriteReq
 .text.gattServApp_WriteAttrCB
                0x0000000000009c88       0x34 /Users/liao1030/HMD/_Projects/_P14_V2_1/Firmware/P14_V3/CH582F/BLE/LIB/libCH58xBLE.a(gattservapp.o)
                0x0000000000009c88                gattServApp_WriteAttrCB
 .text.GATTServApp_SendCCCUpdatedEvent
                0x0000000000009cbc       0x5e /Users/liao1030/HMD/_Projects/_P14_V2_1/Firmware/P14_V3/CH582F/BLE/LIB/libCH58xBLE.a(gattservapp.o)
                0x0000000000009cbc                GATTServApp_SendCCCUpdatedEvent
 .text.GATTServApp_SendServiceChangedInd
                0x0000000000009d1a       0x36 /Users/liao1030/HMD/_Projects/_P14_V2_1/Firmware/P14_V3/CH582F/BLE/LIB/libCH58xBLE.a(gattservapp.o)
                0x0000000000009d1a                GATTServApp_SendServiceChangedInd
 .text.gattServApp_ClearPrepareWriteQ
                0x0000000000009d50       0x50 /Users/liao1030/HMD/_Projects/_P14_V2_1/Firmware/P14_V3/CH582F/BLE/LIB/libCH58xBLE.a(gattservapp.o)
                0x0000000000009d50                gattServApp_ClearPrepareWriteQ
 .text.gattServApp_FindPrepareWriteQ
                0x0000000000009da0       0x30 /Users/liao1030/HMD/_Projects/_P14_V2_1/Firmware/P14_V3/CH582F/BLE/LIB/libCH58xBLE.a(gattservapp.o)
                0x0000000000009da0                gattServApp_FindPrepareWriteQ
 .text.gattServApp_FindServiceCBs
                0x0000000000009dd0       0x18 /Users/liao1030/HMD/_Projects/_P14_V2_1/Firmware/P14_V3/CH582F/BLE/LIB/libCH58xBLE.a(gattservapp.o)
                0x0000000000009dd0                gattServApp_FindServiceCBs
 .text.gattServApp_FindAuthorizeAttrCB
                0x0000000000009de8       0x16 /Users/liao1030/HMD/_Projects/_P14_V2_1/Firmware/P14_V3/CH582F/BLE/LIB/libCH58xBLE.a(gattservapp.o)
                0x0000000000009de8                gattServApp_FindAuthorizeAttrCB
 .text.gattServApp_IsWriteLong
                0x0000000000009dfe       0xea /Users/liao1030/HMD/_Projects/_P14_V2_1/Firmware/P14_V3/CH582F/BLE/LIB/libCH58xBLE.a(gattservapp.o)
                0x0000000000009dfe                gattServApp_IsWriteLong
 .text.gattFindService
                0x0000000000009ee8       0x1c /Users/liao1030/HMD/_Projects/_P14_V2_1/Firmware/P14_V3/CH582F/BLE/LIB/libCH58xBLE.a(gattservapp.o)
                0x0000000000009ee8                gattFindService
 .text.GATT_ServiceNumAttrs
                0x0000000000009f04       0x18 /Users/liao1030/HMD/_Projects/_P14_V2_1/Firmware/P14_V3/CH582F/BLE/LIB/libCH58xBLE.a(gattservapp.o)
                0x0000000000009f04                GATT_ServiceNumAttrs
 .text.GATT_ServiceEncKeySize
                0x0000000000009f1c       0x18 /Users/liao1030/HMD/_Projects/_P14_V2_1/Firmware/P14_V3/CH582F/BLE/LIB/libCH58xBLE.a(gattservapp.o)
                0x0000000000009f1c                GATT_ServiceEncKeySize
 .text.GATT_VerifyWritePermissions.part.7
                0x0000000000009f34       0x2e /Users/liao1030/HMD/_Projects/_P14_V2_1/Firmware/P14_V3/CH582F/BLE/LIB/libCH58xBLE.a(gattservapp.o)
 .text.gattResetServerInfo
                0x0000000000009f62       0x1c /Users/liao1030/HMD/_Projects/_P14_V2_1/Firmware/P14_V3/CH582F/BLE/LIB/libCH58xBLE.a(gattservapp.o)
                0x0000000000009f62                gattResetServerInfo
 .text.gattFindServerInfo
                0x0000000000009f7e       0x2c /Users/liao1030/HMD/_Projects/_P14_V2_1/Firmware/P14_V3/CH582F/BLE/LIB/libCH58xBLE.a(gattservapp.o)
                0x0000000000009f7e                gattFindServerInfo
 .text.gattServerHandleConnStatusCB
                0x0000000000009faa       0x98 /Users/liao1030/HMD/_Projects/_P14_V2_1/Firmware/P14_V3/CH582F/BLE/LIB/libCH58xBLE.a(gattservapp.o)
                0x0000000000009faa                gattServerHandleConnStatusCB
 .text.gattServerProcessMsgCB
                0x000000000000a042      0x1c0 /Users/liao1030/HMD/_Projects/_P14_V2_1/Firmware/P14_V3/CH582F/BLE/LIB/libCH58xBLE.a(gattservapp.o)
                0x000000000000a042                gattServerProcessMsgCB
 .text.gattServerNotifyTxCB
                0x000000000000a202       0x28 /Users/liao1030/HMD/_Projects/_P14_V2_1/Firmware/P14_V3/CH582F/BLE/LIB/libCH58xBLE.a(gattservapp.o)
 .text.GATT_FindHandle
                0x000000000000a22a       0x4a /Users/liao1030/HMD/_Projects/_P14_V2_1/Firmware/P14_V3/CH582F/BLE/LIB/libCH58xBLE.a(gattservapp.o)
                0x000000000000a22a                GATT_FindHandle
 .text.GATTServApp_WriteAttr
                0x000000000000a274       0xa8 /Users/liao1030/HMD/_Projects/_P14_V2_1/Firmware/P14_V3/CH582F/BLE/LIB/libCH58xBLE.a(gattservapp.o)
                0x000000000000a274                GATTServApp_WriteAttr
 .text.gattServApp_ProcessExecuteWriteReq
                0x000000000000a31c      0x100 /Users/liao1030/HMD/_Projects/_P14_V2_1/Firmware/P14_V3/CH582F/BLE/LIB/libCH58xBLE.a(gattservapp.o)
                0x000000000000a31c                gattServApp_ProcessExecuteWriteReq
 .text.GATTServApp_UpdateCharCfg
                0x000000000000a41c       0x1e /Users/liao1030/HMD/_Projects/_P14_V2_1/Firmware/P14_V3/CH582F/BLE/LIB/libCH58xBLE.a(gattservapp.o)
                0x000000000000a41c                GATTServApp_UpdateCharCfg
 .text.gattServApp_ProcessPrepareWriteReq
                0x000000000000a43a      0x10e /Users/liao1030/HMD/_Projects/_P14_V2_1/Firmware/P14_V3/CH582F/BLE/LIB/libCH58xBLE.a(gattservapp.o)
                0x000000000000a43a                gattServApp_ProcessPrepareWriteReq
 .text.gattServApp_ProcessWriteReq
                0x000000000000a548       0xb0 /Users/liao1030/HMD/_Projects/_P14_V2_1/Firmware/P14_V3/CH582F/BLE/LIB/libCH58xBLE.a(gattservapp.o)
                0x000000000000a548                gattServApp_ProcessWriteReq
 .text.GATT_Indication
                0x000000000000a5f8       0xa4 /Users/liao1030/HMD/_Projects/_P14_V2_1/Firmware/P14_V3/CH582F/BLE/LIB/libCH58xBLE.a(gattservapp.o)
                0x000000000000a5f8                GATT_Indication
 .text.GATT_FindHandleUUID
                0x000000000000a69c       0x94 /Users/liao1030/HMD/_Projects/_P14_V2_1/Firmware/P14_V3/CH582F/BLE/LIB/libCH58xBLE.a(gattservapp.o)
                0x000000000000a69c                GATT_FindHandleUUID
 .text.gattProcessReadByGrpTypeReq
                0x000000000000a730       0x60 /Users/liao1030/HMD/_Projects/_P14_V2_1/Firmware/P14_V3/CH582F/BLE/LIB/libCH58xBLE.a(gattservapp.o)
 .text.gattProcessReadByTypeReq
                0x000000000000a790       0x34 /Users/liao1030/HMD/_Projects/_P14_V2_1/Firmware/P14_V3/CH582F/BLE/LIB/libCH58xBLE.a(gattservapp.o)
 .text.gattProcessFindByTypeValueReq
                0x000000000000a7c4       0x34 /Users/liao1030/HMD/_Projects/_P14_V2_1/Firmware/P14_V3/CH582F/BLE/LIB/libCH58xBLE.a(gattservapp.o)
 .text.gattProcessFindInfoReq
                0x000000000000a7f8      0x1aa /Users/liao1030/HMD/_Projects/_P14_V2_1/Firmware/P14_V3/CH582F/BLE/LIB/libCH58xBLE.a(gattservapp.o)
 .text.GATT_Notification
                0x000000000000a9a2       0x70 /Users/liao1030/HMD/_Projects/_P14_V2_1/Firmware/P14_V3/CH582F/BLE/LIB/libCH58xBLE.a(gattservapp.o)
                0x000000000000a9a2                GATT_Notification
 .text.GATT_VerifyWritePermissions
                0x000000000000aa12       0x6a /Users/liao1030/HMD/_Projects/_P14_V2_1/Firmware/P14_V3/CH582F/BLE/LIB/libCH58xBLE.a(gattservapp.o)
                0x000000000000aa12                GATT_VerifyWritePermissions
 .text.gattProcessWriteReq
                0x000000000000aa7c       0x36 /Users/liao1030/HMD/_Projects/_P14_V2_1/Firmware/P14_V3/CH582F/BLE/LIB/libCH58xBLE.a(gattservapp.o)
 .text.GATT_VerifyPrepareWritePermissions
                0x000000000000aab2       0x56 /Users/liao1030/HMD/_Projects/_P14_V2_1/Firmware/P14_V3/CH582F/BLE/LIB/libCH58xBLE.a(gattservapp.o)
                0x000000000000aab2                GATT_VerifyPrepareWritePermissions
 .text.gattProcessPrepareWriteReq
                0x000000000000ab08       0x36 /Users/liao1030/HMD/_Projects/_P14_V2_1/Firmware/P14_V3/CH582F/BLE/LIB/libCH58xBLE.a(gattservapp.o)
 .text.GATT_FindNextAttr
                0x000000000000ab3e       0xc2 /Users/liao1030/HMD/_Projects/_P14_V2_1/Firmware/P14_V3/CH582F/BLE/LIB/libCH58xBLE.a(gattservapp.o)
                0x000000000000ab3e                GATT_FindNextAttr
 .text.GATTServApp_ReadAttr
                0x000000000000ac00      0x2ea /Users/liao1030/HMD/_Projects/_P14_V2_1/Firmware/P14_V3/CH582F/BLE/LIB/libCH58xBLE.a(gattservapp.o)
                0x000000000000ac00                GATTServApp_ReadAttr
 .text.gattServApp_ProcessReadMultiReq
                0x000000000000aeea      0x16e /Users/liao1030/HMD/_Projects/_P14_V2_1/Firmware/P14_V3/CH582F/BLE/LIB/libCH58xBLE.a(gattservapp.o)
                0x000000000000aeea                gattServApp_ProcessReadMultiReq
 .text.gattServApp_ProcessFindByTypeValueReq
                0x000000000000b058      0x1a0 /Users/liao1030/HMD/_Projects/_P14_V2_1/Firmware/P14_V3/CH582F/BLE/LIB/libCH58xBLE.a(gattservapp.o)
                0x000000000000b058                gattServApp_ProcessFindByTypeValueReq
 .text.GATT_VerifyReadPermissions
                0x000000000000b1f8       0x68 /Users/liao1030/HMD/_Projects/_P14_V2_1/Firmware/P14_V3/CH582F/BLE/LIB/libCH58xBLE.a(gattservapp.o)
                0x000000000000b1f8                GATT_VerifyReadPermissions
 .text.gattProcessReadMultiReq
                0x000000000000b260       0xae /Users/liao1030/HMD/_Projects/_P14_V2_1/Firmware/P14_V3/CH582F/BLE/LIB/libCH58xBLE.a(gattservapp.o)
 .text.gattProcessReadReq
                0x000000000000b30e       0x30 /Users/liao1030/HMD/_Projects/_P14_V2_1/Firmware/P14_V3/CH582F/BLE/LIB/libCH58xBLE.a(gattservapp.o)
 .text.gattServApp_ProcessReadByGrpTypeReq
                0x000000000000b33e      0x21c /Users/liao1030/HMD/_Projects/_P14_V2_1/Firmware/P14_V3/CH582F/BLE/LIB/libCH58xBLE.a(gattservapp.o)
                0x000000000000b33e                gattServApp_ProcessReadByGrpTypeReq
 .text.gattServApp_ProcessReadByTypeReq
                0x000000000000b55a      0x1ae /Users/liao1030/HMD/_Projects/_P14_V2_1/Firmware/P14_V3/CH582F/BLE/LIB/libCH58xBLE.a(gattservapp.o)
                0x000000000000b55a                gattServApp_ProcessReadByTypeReq
 .text.GATT_RegisterService
                0x000000000000b708      0x100 /Users/liao1030/HMD/_Projects/_P14_V2_1/Firmware/P14_V3/CH582F/BLE/LIB/libCH58xBLE.a(gattservapp.o)
                0x000000000000b708                GATT_RegisterService
 .text.GATTServApp_RegisterService
                0x000000000000b808       0x7c /Users/liao1030/HMD/_Projects/_P14_V2_1/Firmware/P14_V3/CH582F/BLE/LIB/libCH58xBLE.a(gattservapp.o)
                0x000000000000b808                GATTServApp_RegisterService
 .text.GATTServApp_AddService
                0x000000000000b884       0x2c /Users/liao1030/HMD/_Projects/_P14_V2_1/Firmware/P14_V3/CH582F/BLE/LIB/libCH58xBLE.a(gattservapp.o)
                0x000000000000b884                GATTServApp_AddService
 .text.GATTServApp_RegisterForMsg
                0x000000000000b8b0        0x6 /Users/liao1030/HMD/_Projects/_P14_V2_1/Firmware/P14_V3/CH582F/BLE/LIB/libCH58xBLE.a(gattservapp.o)
                0x000000000000b8b0                GATTServApp_RegisterForMsg
 .text.GATTServApp_InitCharCfg
                0x000000000000b8b6       0x28 /Users/liao1030/HMD/_Projects/_P14_V2_1/Firmware/P14_V3/CH582F/BLE/LIB/libCH58xBLE.a(gattservapp.o)
                0x000000000000b8b6                GATTServApp_InitCharCfg
 .text.gattServApp_HandleConnStatusCB
                0x000000000000b8de       0x74 /Users/liao1030/HMD/_Projects/_P14_V2_1/Firmware/P14_V3/CH582F/BLE/LIB/libCH58xBLE.a(gattservapp.o)
                0x000000000000b8de                gattServApp_HandleConnStatusCB
 .text.GATT_InitServer
                0x000000000000b952       0xfa /Users/liao1030/HMD/_Projects/_P14_V2_1/Firmware/P14_V3/CH582F/BLE/LIB/libCH58xBLE.a(gattservapp.o)
                0x000000000000b952                GATT_InitServer
 .text.GATTServApp_Init
                0x000000000000ba4c       0x34 /Users/liao1030/HMD/_Projects/_P14_V2_1/Firmware/P14_V3/CH582F/BLE/LIB/libCH58xBLE.a(gattservapp.o)
                0x000000000000ba4c                GATTServApp_Init
 .text.GATTServApp_ProcessEvent
                0x000000000000ba80      0x36a /Users/liao1030/HMD/_Projects/_P14_V2_1/Firmware/P14_V3/CH582F/BLE/LIB/libCH58xBLE.a(gattservapp.o)
                0x000000000000ba80                GATTServApp_ProcessEvent
 .text.l2capAllocConnChannel
                0x000000000000bdea       0xe0 /Users/liao1030/HMD/_Projects/_P14_V2_1/Firmware/P14_V3/CH582F/BLE/LIB/libCH58xBLE.a(l2cap.o)
                0x000000000000bdea                l2capAllocConnChannel
 .text.l2capFindLocalCID
                0x000000000000beca       0x2c /Users/liao1030/HMD/_Projects/_P14_V2_1/Firmware/P14_V3/CH582F/BLE/LIB/libCH58xBLE.a(l2cap.o)
                0x000000000000beca                l2capFindLocalCID
 .text.l2capFindLocalId
                0x000000000000bef6       0x30 /Users/liao1030/HMD/_Projects/_P14_V2_1/Firmware/P14_V3/CH582F/BLE/LIB/libCH58xBLE.a(l2cap.o)
                0x000000000000bef6                l2capFindLocalId
 .text.l2capFindPsm
                0x000000000000bf26       0x30 /Users/liao1030/HMD/_Projects/_P14_V2_1/Firmware/P14_V3/CH582F/BLE/LIB/libCH58xBLE.a(l2cap.o)
                0x000000000000bf26                l2capFindPsm
 .text.l2capFindRemoteCID
                0x000000000000bf56       0x3c /Users/liao1030/HMD/_Projects/_P14_V2_1/Firmware/P14_V3/CH582F/BLE/LIB/libCH58xBLE.a(l2cap.o)
                0x000000000000bf56                l2capFindRemoteCID
 .text.l2capFreeChannel
                0x000000000000bf92       0x4e /Users/liao1030/HMD/_Projects/_P14_V2_1/Firmware/P14_V3/CH582F/BLE/LIB/libCH58xBLE.a(l2cap.o)
                0x000000000000bf92                l2capFreeChannel
 .text.l2capDisconnectChannel
                0x000000000000bfe0       0x28 /Users/liao1030/HMD/_Projects/_P14_V2_1/Firmware/P14_V3/CH582F/BLE/LIB/libCH58xBLE.a(l2cap.o)
                0x000000000000bfe0                l2capDisconnectChannel
 .text.l2capHandleTimerCB
                0x000000000000c008       0x2c /Users/liao1030/HMD/_Projects/_P14_V2_1/Firmware/P14_V3/CH582F/BLE/LIB/libCH58xBLE.a(l2cap.o)
                0x000000000000c008                l2capHandleTimerCB
 .text.l2capFreePendingPkt
                0x000000000000c034       0x58 /Users/liao1030/HMD/_Projects/_P14_V2_1/Firmware/P14_V3/CH582F/BLE/LIB/libCH58xBLE.a(l2cap.o)
                0x000000000000c034                l2capFreePendingPkt
 .text.l2capGetCoChannelInfo
                0x000000000000c08c       0x86 /Users/liao1030/HMD/_Projects/_P14_V2_1/Firmware/P14_V3/CH582F/BLE/LIB/libCH58xBLE.a(l2cap.o)
                0x000000000000c08c                l2capGetCoChannelInfo
 .text.l2capNumActiveChannnels
                0x000000000000c112       0x48 /Users/liao1030/HMD/_Projects/_P14_V2_1/Firmware/P14_V3/CH582F/BLE/LIB/libCH58xBLE.a(l2cap.o)
                0x000000000000c112                l2capNumActiveChannnels
 .text.l2capStartTimer
                0x000000000000c15a       0x1a /Users/liao1030/HMD/_Projects/_P14_V2_1/Firmware/P14_V3/CH582F/BLE/LIB/libCH58xBLE.a(l2cap.o)
                0x000000000000c15a                l2capStartTimer
 .text.l2capStopTimer
                0x000000000000c174       0x1e /Users/liao1030/HMD/_Projects/_P14_V2_1/Firmware/P14_V3/CH582F/BLE/LIB/libCH58xBLE.a(l2cap.o)
                0x000000000000c174                l2capStopTimer
 .text.l2capDisconnectAllChannels
                0x000000000000c192       0xdc /Users/liao1030/HMD/_Projects/_P14_V2_1/Firmware/P14_V3/CH582F/BLE/LIB/libCH58xBLE.a(l2cap.o)
                0x000000000000c192                l2capDisconnectAllChannels
 .text.l2capHandleConnStatusCB
                0x000000000000c26e       0x3c /Users/liao1030/HMD/_Projects/_P14_V2_1/Firmware/P14_V3/CH582F/BLE/LIB/libCH58xBLE.a(l2cap.o)
                0x000000000000c26e                l2capHandleConnStatusCB
 .text.l2capHandleRxError
                0x000000000000c2aa        0x6 /Users/liao1030/HMD/_Projects/_P14_V2_1/Firmware/P14_V3/CH582F/BLE/LIB/libCH58xBLE.a(l2cap.o)
                0x000000000000c2aa                l2capHandleRxError
 .text.L2CAP_GetMTU
                0x000000000000c2b0        0x6 /Users/liao1030/HMD/_Projects/_P14_V2_1/Firmware/P14_V3/CH582F/BLE/LIB/libCH58xBLE.a(l2cap.o)
                0x000000000000c2b0                L2CAP_GetMTU
 .text.L2CAP_HostNumCompletedPkts
                0x000000000000c2b6       0x28 /Users/liao1030/HMD/_Projects/_P14_V2_1/Firmware/P14_V3/CH582F/BLE/LIB/libCH58xBLE.a(l2cap.o)
                0x000000000000c2b6                L2CAP_HostNumCompletedPkts
 .text.L2CAP_ParseConnectReq
                0x000000000000c2de       0x5e /Users/liao1030/HMD/_Projects/_P14_V2_1/Firmware/P14_V3/CH582F/BLE/LIB/libCH58xBLE.a(l2cap.o)
                0x000000000000c2de                L2CAP_ParseConnectReq
 .text.L2CAP_ParseFlowCtrlCredit
                0x000000000000c33c       0x2e /Users/liao1030/HMD/_Projects/_P14_V2_1/Firmware/P14_V3/CH582F/BLE/LIB/libCH58xBLE.a(l2cap.o)
                0x000000000000c33c                L2CAP_ParseFlowCtrlCredit
 .text.L2CAP_RegisterApp
                0x000000000000c36a       0x30 /Users/liao1030/HMD/_Projects/_P14_V2_1/Firmware/P14_V3/CH582F/BLE/LIB/libCH58xBLE.a(l2cap.o)
                0x000000000000c36a                L2CAP_RegisterApp
 .text.L2CAP_SetBufSize
                0x000000000000c39a       0x1e /Users/liao1030/HMD/_Projects/_P14_V2_1/Firmware/P14_V3/CH582F/BLE/LIB/libCH58xBLE.a(l2cap.o)
                0x000000000000c39a                L2CAP_SetBufSize
 .text.L2CAP_bm_alloc
                0x000000000000c3b8       0x2a /Users/liao1030/HMD/_Projects/_P14_V2_1/Firmware/P14_V3/CH582F/BLE/LIB/libCH58xBLE.a(l2cap.o)
                0x000000000000c3b8                L2CAP_bm_alloc
 .text.L2CAP_Init
                0x000000000000c3e2      0x15e /Users/liao1030/HMD/_Projects/_P14_V2_1/Firmware/P14_V3/CH582F/BLE/LIB/libCH58xBLE.a(l2cap.o)
                0x000000000000c3e2                L2CAP_Init
 .text.L2CAP_ProcessEvent
                0x000000000000c540       0xd4 /Users/liao1030/HMD/_Projects/_P14_V2_1/Firmware/P14_V3/CH582F/BLE/LIB/libCH58xBLE.a(l2cap.o)
                0x000000000000c540                L2CAP_ProcessEvent
 .text.l2capParseCmdReject
                0x000000000000c614       0x5e /Users/liao1030/HMD/_Projects/_P14_V2_1/Firmware/P14_V3/CH582F/BLE/LIB/libCH58xBLE.a(l2cap_input.o)
                0x000000000000c614                l2capParseCmdReject
 .text.l2capParseDisconnectReq
                0x000000000000c672       0x2e /Users/liao1030/HMD/_Projects/_P14_V2_1/Firmware/P14_V3/CH582F/BLE/LIB/libCH58xBLE.a(l2cap_input.o)
                0x000000000000c672                l2capParseDisconnectReq
 .text.l2capParseDisconnectRsp
                0x000000000000c6a0       0x2e /Users/liao1030/HMD/_Projects/_P14_V2_1/Firmware/P14_V3/CH582F/BLE/LIB/libCH58xBLE.a(l2cap_input.o)
                0x000000000000c6a0                l2capParseDisconnectRsp
 .text.L2CAP_ParseParamUpdateReq
                0x000000000000c6ce       0x4e /Users/liao1030/HMD/_Projects/_P14_V2_1/Firmware/P14_V3/CH582F/BLE/LIB/libCH58xBLE.a(l2cap_input.o)
                0x000000000000c6ce                L2CAP_ParseParamUpdateReq
 .text.l2capParseParamUpdateRsp
                0x000000000000c71c       0x1e /Users/liao1030/HMD/_Projects/_P14_V2_1/Firmware/P14_V3/CH582F/BLE/LIB/libCH58xBLE.a(l2cap_input.o)
                0x000000000000c71c                l2capParseParamUpdateRsp
 .text.l2capProcessConnectReq
                0x000000000000c73a       0xfc /Users/liao1030/HMD/_Projects/_P14_V2_1/Firmware/P14_V3/CH582F/BLE/LIB/libCH58xBLE.a(l2cap_input.o)
                0x000000000000c73a                l2capProcessConnectReq
 .text.l2capParseConnectRsp
                0x000000000000c836       0x5e /Users/liao1030/HMD/_Projects/_P14_V2_1/Firmware/P14_V3/CH582F/BLE/LIB/libCH58xBLE.a(l2cap_input.o)
                0x000000000000c836                l2capParseConnectRsp
 .text.l2capParseSignalHdr
                0x000000000000c894       0x22 /Users/liao1030/HMD/_Projects/_P14_V2_1/Firmware/P14_V3/CH582F/BLE/LIB/libCH58xBLE.a(l2cap_input.o)
                0x000000000000c894                l2capParseSignalHdr
 .text.l2capParsePacket
                0x000000000000c8b6       0x8c /Users/liao1030/HMD/_Projects/_P14_V2_1/Firmware/P14_V3/CH582F/BLE/LIB/libCH58xBLE.a(l2cap_input.o)
                0x000000000000c8b6                l2capParsePacket
 .text.l2capProcessReq
                0x000000000000c942      0x15e /Users/liao1030/HMD/_Projects/_P14_V2_1/Firmware/P14_V3/CH582F/BLE/LIB/libCH58xBLE.a(l2cap_input.o)
                0x000000000000c942                l2capProcessReq
 .text.l2capProcessRsp
                0x000000000000caa0      0x150 /Users/liao1030/HMD/_Projects/_P14_V2_1/Firmware/P14_V3/CH582F/BLE/LIB/libCH58xBLE.a(l2cap_input.o)
                0x000000000000caa0                l2capProcessRsp
 .text.l2capProcessRxData
                0x000000000000cbf0       0xf8 /Users/liao1030/HMD/_Projects/_P14_V2_1/Firmware/P14_V3/CH582F/BLE/LIB/libCH58xBLE.a(l2cap_input.o)
                0x000000000000cbf0                l2capProcessRxData
 .text.l2capNotifyData
                0x000000000000cce8       0x5e /Users/liao1030/HMD/_Projects/_P14_V2_1/Firmware/P14_V3/CH582F/BLE/LIB/libCH58xBLE.a(l2cap_output.o)
                0x000000000000cce8                l2capNotifyData
 .text.l2capNotifySignal
                0x000000000000cd46       0x7a /Users/liao1030/HMD/_Projects/_P14_V2_1/Firmware/P14_V3/CH582F/BLE/LIB/libCH58xBLE.a(l2cap_output.o)
                0x000000000000cd46                l2capNotifySignal
 .text.l2capNotifyCreditEvt
                0x000000000000cdc0       0xa4 /Users/liao1030/HMD/_Projects/_P14_V2_1/Firmware/P14_V3/CH582F/BLE/LIB/libCH58xBLE.a(l2cap_output.o)
                0x000000000000cdc0                l2capNotifyCreditEvt
 .text.l2capNotifyChannelEstEvt
                0x000000000000ce64       0x5c /Users/liao1030/HMD/_Projects/_P14_V2_1/Firmware/P14_V3/CH582F/BLE/LIB/libCH58xBLE.a(l2cap_output.o)
                0x000000000000ce64                l2capNotifyChannelEstEvt
 .text.l2capNotifyChannelTermEvt
                0x000000000000cec0       0x3e /Users/liao1030/HMD/_Projects/_P14_V2_1/Firmware/P14_V3/CH582F/BLE/LIB/libCH58xBLE.a(l2cap_output.o)
                0x000000000000cec0                l2capNotifyChannelTermEvt
 .text.l2capNotifyEvent
                0x000000000000cefe       0x66 /Users/liao1030/HMD/_Projects/_P14_V2_1/Firmware/P14_V3/CH582F/BLE/LIB/libCH58xBLE.a(l2cap_output.o)
                0x000000000000cefe                l2capNotifyEvent
 .text.l2capStoreFCPkt
                0x000000000000cf64       0x32 /Users/liao1030/HMD/_Projects/_P14_V2_1/Firmware/P14_V3/CH582F/BLE/LIB/libCH58xBLE.a(l2cap_output.o)
                0x000000000000cf64                l2capStoreFCPkt
 .text.l2capFreeTxSDU
                0x000000000000cf96       0x9e /Users/liao1030/HMD/_Projects/_P14_V2_1/Firmware/P14_V3/CH582F/BLE/LIB/libCH58xBLE.a(l2cap_output.o)
                0x000000000000cf96                l2capFreeTxSDU
 .text.l2capReassembleSegment
                0x000000000000d034      0x178 /Users/liao1030/HMD/_Projects/_P14_V2_1/Firmware/P14_V3/CH582F/BLE/LIB/libCH58xBLE.a(l2cap_output.o)
                0x000000000000d034                l2capReassembleSegment
 .text.l2capEncapSendData
                0x000000000000d1ac       0xf0 /Users/liao1030/HMD/_Projects/_P14_V2_1/Firmware/P14_V3/CH582F/BLE/LIB/libCH58xBLE.a(l2cap_output.o)
                0x000000000000d1ac                l2capEncapSendData
 .text.l2capSendFCPkt.part.3
                0x000000000000d29c       0x70 /Users/liao1030/HMD/_Projects/_P14_V2_1/Firmware/P14_V3/CH582F/BLE/LIB/libCH58xBLE.a(l2cap_output.o)
 .text.l2capSendSegment
                0x000000000000d30c      0x108 /Users/liao1030/HMD/_Projects/_P14_V2_1/Firmware/P14_V3/CH582F/BLE/LIB/libCH58xBLE.a(l2cap_output.o)
                0x000000000000d30c                l2capSendSegment
 .text.l2capSendNextSegment
                0x000000000000d414       0xb4 /Users/liao1030/HMD/_Projects/_P14_V2_1/Firmware/P14_V3/CH582F/BLE/LIB/libCH58xBLE.a(l2cap_output.o)
                0x000000000000d414                l2capSendNextSegment
 .text.l2capSendPkt
                0x000000000000d4c8       0x3a /Users/liao1030/HMD/_Projects/_P14_V2_1/Firmware/P14_V3/CH582F/BLE/LIB/libCH58xBLE.a(l2cap_output.o)
                0x000000000000d4c8                l2capSendPkt
 .text.L2CAP_SendData
                0x000000000000d502       0x82 /Users/liao1030/HMD/_Projects/_P14_V2_1/Firmware/P14_V3/CH582F/BLE/LIB/libCH58xBLE.a(l2cap_output.o)
                0x000000000000d502                L2CAP_SendData
 .text.l2capSendCmd
                0x000000000000d584       0x8a /Users/liao1030/HMD/_Projects/_P14_V2_1/Firmware/P14_V3/CH582F/BLE/LIB/libCH58xBLE.a(l2cap_output.o)
                0x000000000000d584                l2capSendCmd
 .text.l2capSendReq
                0x000000000000d60e       0xc8 /Users/liao1030/HMD/_Projects/_P14_V2_1/Firmware/P14_V3/CH582F/BLE/LIB/libCH58xBLE.a(l2cap_output.o)
                0x000000000000d60e                l2capSendReq
 .text.l2capBuildDisconnectReq
                0x000000000000d6d6       0x28 /Users/liao1030/HMD/_Projects/_P14_V2_1/Firmware/P14_V3/CH582F/BLE/LIB/libCH58xBLE.a(l2cap_sdu.o)
 .text.l2capBuildParamUpdateReq
                0x000000000000d6fe       0x4c /Users/liao1030/HMD/_Projects/_P14_V2_1/Firmware/P14_V3/CH582F/BLE/LIB/libCH58xBLE.a(l2cap_sdu.o)
 .text.l2capBuildParamUpdateRsp
                0x000000000000d74a       0x16 /Users/liao1030/HMD/_Projects/_P14_V2_1/Firmware/P14_V3/CH582F/BLE/LIB/libCH58xBLE.a(l2cap_sdu.o)
 .text.l2capBuildConnectRsp
                0x000000000000d760       0x5e /Users/liao1030/HMD/_Projects/_P14_V2_1/Firmware/P14_V3/CH582F/BLE/LIB/libCH58xBLE.a(l2cap_sdu.o)
 .text.l2capBuildCmdReject
                0x000000000000d7be       0x62 /Users/liao1030/HMD/_Projects/_P14_V2_1/Firmware/P14_V3/CH582F/BLE/LIB/libCH58xBLE.a(l2cap_sdu.o)
                0x000000000000d7be                l2capBuildCmdReject
 .text.l2capBuildDisconnectRsp
                0x000000000000d820       0x28 /Users/liao1030/HMD/_Projects/_P14_V2_1/Firmware/P14_V3/CH582F/BLE/LIB/libCH58xBLE.a(l2cap_sdu.o)
                0x000000000000d820                l2capBuildDisconnectRsp
 .text.l2capSendConnectRsp
                0x000000000000d848       0xaa /Users/liao1030/HMD/_Projects/_P14_V2_1/Firmware/P14_V3/CH582F/BLE/LIB/libCH58xBLE.a(l2cap_sdu.o)
                0x000000000000d848                l2capSendConnectRsp
 .text.L2CAP_CmdReject
                0x000000000000d8f2       0x12 /Users/liao1030/HMD/_Projects/_P14_V2_1/Firmware/P14_V3/CH582F/BLE/LIB/libCH58xBLE.a(l2cap_sdu.o)
                0x000000000000d8f2                L2CAP_CmdReject
 .text.L2CAP_DisconnectReq
                0x000000000000d904       0x2a /Users/liao1030/HMD/_Projects/_P14_V2_1/Firmware/P14_V3/CH582F/BLE/LIB/libCH58xBLE.a(l2cap_sdu.o)
                0x000000000000d904                L2CAP_DisconnectReq
 .text.L2CAP_ConnParamUpdateReq
                0x000000000000d92e       0x16 /Users/liao1030/HMD/_Projects/_P14_V2_1/Firmware/P14_V3/CH582F/BLE/LIB/libCH58xBLE.a(l2cap_sdu.o)
                0x000000000000d92e                L2CAP_ConnParamUpdateReq
 .text.L2CAP_ConnParamUpdateRsp
                0x000000000000d944       0x12 /Users/liao1030/HMD/_Projects/_P14_V2_1/Firmware/P14_V3/CH582F/BLE/LIB/libCH58xBLE.a(l2cap_sdu.o)
                0x000000000000d944                L2CAP_ConnParamUpdateRsp
 .text.reportStatusChange
                0x000000000000d956       0x3e /Users/liao1030/HMD/_Projects/_P14_V2_1/Firmware/P14_V3/CH582F/BLE/LIB/libCH58xBLE.a(linkdb.o)
 .text.linkDB_Init
                0x000000000000d994       0xa8 /Users/liao1030/HMD/_Projects/_P14_V2_1/Firmware/P14_V3/CH582F/BLE/LIB/libCH58xBLE.a(linkdb.o)
                0x000000000000d994                linkDB_Init
 .text.linkDB_Find
                0x000000000000da3c       0x34 /Users/liao1030/HMD/_Projects/_P14_V2_1/Firmware/P14_V3/CH582F/BLE/LIB/libCH58xBLE.a(linkdb.o)
                0x000000000000da3c                linkDB_Find
 .text.linkDB_Authen
                0x000000000000da70       0x5c /Users/liao1030/HMD/_Projects/_P14_V2_1/Firmware/P14_V3/CH582F/BLE/LIB/libCH58xBLE.a(linkdb.o)
                0x000000000000da70                linkDB_Authen
 .text.linkDB_FindByAddr
                0x000000000000dacc       0x82 /Users/liao1030/HMD/_Projects/_P14_V2_1/Firmware/P14_V3/CH582F/BLE/LIB/libCH58xBLE.a(linkdb.o)
                0x000000000000dacc                linkDB_FindByAddr
 .text.linkDB_FindFirst
                0x000000000000db4e       0x40 /Users/liao1030/HMD/_Projects/_P14_V2_1/Firmware/P14_V3/CH582F/BLE/LIB/libCH58xBLE.a(linkdb.o)
                0x000000000000db4e                linkDB_FindFirst
 .text.linkDB_MTU
                0x000000000000db8e       0x18 /Users/liao1030/HMD/_Projects/_P14_V2_1/Firmware/P14_V3/CH582F/BLE/LIB/libCH58xBLE.a(linkdb.o)
                0x000000000000db8e                linkDB_MTU
 .text.linkDB_NumActive
                0x000000000000dba6       0x36 /Users/liao1030/HMD/_Projects/_P14_V2_1/Firmware/P14_V3/CH582F/BLE/LIB/libCH58xBLE.a(linkdb.o)
                0x000000000000dba6                linkDB_NumActive
 .text.linkDB_NumConns
                0x000000000000dbdc        0xa /Users/liao1030/HMD/_Projects/_P14_V2_1/Firmware/P14_V3/CH582F/BLE/LIB/libCH58xBLE.a(linkdb.o)
                0x000000000000dbdc                linkDB_NumConns
 .text.linkDB_Register
                0x000000000000dbe6       0x28 /Users/liao1030/HMD/_Projects/_P14_V2_1/Firmware/P14_V3/CH582F/BLE/LIB/libCH58xBLE.a(linkdb.o)
                0x000000000000dbe6                linkDB_Register
 .text.linkDB_Remove
                0x000000000000dc0e       0x4c /Users/liao1030/HMD/_Projects/_P14_V2_1/Firmware/P14_V3/CH582F/BLE/LIB/libCH58xBLE.a(linkdb.o)
                0x000000000000dc0e                linkDB_Remove
 .text.linkDB_Role
                0x000000000000dc5a       0x18 /Users/liao1030/HMD/_Projects/_P14_V2_1/Firmware/P14_V3/CH582F/BLE/LIB/libCH58xBLE.a(linkdb.o)
                0x000000000000dc5a                linkDB_Role
 .text.linkDB_State
                0x000000000000dc72       0x30 /Users/liao1030/HMD/_Projects/_P14_V2_1/Firmware/P14_V3/CH582F/BLE/LIB/libCH58xBLE.a(linkdb.o)
                0x000000000000dc72                linkDB_State
 .text.linkDB_UpdateMTU
                0x000000000000dca2       0x28 /Users/liao1030/HMD/_Projects/_P14_V2_1/Firmware/P14_V3/CH582F/BLE/LIB/libCH58xBLE.a(linkdb.o)
                0x000000000000dca2                linkDB_UpdateMTU
 .text.linkDB_PerformFunc
                0x000000000000dcca       0x5a /Users/liao1030/HMD/_Projects/_P14_V2_1/Firmware/P14_V3/CH582F/BLE/LIB/libCH58xBLE.a(linkdb.o)
                0x000000000000dcca                linkDB_PerformFunc
 .text.linkDB_PeripheralLinkNum
                0x000000000000dd24       0x46 /Users/liao1030/HMD/_Projects/_P14_V2_1/Firmware/P14_V3/CH582F/BLE/LIB/libCH58xBLE.a(linkdb.o)
                0x000000000000dd24                linkDB_PeripheralLinkNum
 .text.linkDB_GetSMEvtID
                0x000000000000dd6a       0x60 /Users/liao1030/HMD/_Projects/_P14_V2_1/Firmware/P14_V3/CH582F/BLE/LIB/libCH58xBLE.a(linkdb.o)
                0x000000000000dd6a                linkDB_GetSMEvtID
 .text.linkDB_Add
                0x000000000000ddca       0xb2 /Users/liao1030/HMD/_Projects/_P14_V2_1/Firmware/P14_V3/CH582F/BLE/LIB/libCH58xBLE.a(linkdb.o)
                0x000000000000ddca                linkDB_Add
 .text.linkDB_GetHandleFromSMEvtID
                0x000000000000de7c       0x3a /Users/liao1030/HMD/_Projects/_P14_V2_1/Firmware/P14_V3/CH582F/BLE/LIB/libCH58xBLE.a(linkdb.o)
                0x000000000000de7c                linkDB_GetHandleFromSMEvtID
 .text.linkDB_GetPairingParam
                0x000000000000deb6       0x76 /Users/liao1030/HMD/_Projects/_P14_V2_1/Firmware/P14_V3/CH582F/BLE/LIB/libCH58xBLE.a(linkdb.o)
                0x000000000000deb6                linkDB_GetPairingParam
 .text.linkDB_NeedSendKey
                0x000000000000df2c       0x4c /Users/liao1030/HMD/_Projects/_P14_V2_1/Firmware/P14_V3/CH582F/BLE/LIB/libCH58xBLE.a(linkdb.o)
                0x000000000000df2c                linkDB_NeedSendKey
 .text.smStartRspTimer
                0x000000000000df78       0x3a /Users/liao1030/HMD/_Projects/_P14_V2_1/Firmware/P14_V3/CH582F/BLE/LIB/libCH58xBLE.a(sm.o)
 .text.smStartEncryption
                0x000000000000dfb2       0xa0 /Users/liao1030/HMD/_Projects/_P14_V2_1/Firmware/P14_V3/CH582F/BLE/LIB/libCH58xBLE.a(sm.o)
 .text.smFreePairingParams
                0x000000000000e052       0x7e /Users/liao1030/HMD/_Projects/_P14_V2_1/Firmware/P14_V3/CH582F/BLE/LIB/libCH58xBLE.a(sm.o)
                0x000000000000e052                smFreePairingParams
 .text.smEndPairing
                0x000000000000e0d0       0x60 /Users/liao1030/HMD/_Projects/_P14_V2_1/Firmware/P14_V3/CH582F/BLE/LIB/libCH58xBLE.a(sm.o)
                0x000000000000e0d0                smEndPairing
 .text.smLinkCheck
                0x000000000000e130       0x34 /Users/liao1030/HMD/_Projects/_P14_V2_1/Firmware/P14_V3/CH582F/BLE/LIB/libCH58xBLE.a(sm.o)
                0x000000000000e130                smLinkCheck
 .text.smNextPairingState
                0x000000000000e164       0x60 /Users/liao1030/HMD/_Projects/_P14_V2_1/Firmware/P14_V3/CH582F/BLE/LIB/libCH58xBLE.a(sm.o)
                0x000000000000e164                smNextPairingState
 .text.smProcessEncryptChange
                0x000000000000e1c4       0xf8 /Users/liao1030/HMD/_Projects/_P14_V2_1/Firmware/P14_V3/CH582F/BLE/LIB/libCH58xBLE.a(sm.o)
                0x000000000000e1c4                smProcessEncryptChange
 .text.smSendSMMsg
                0x000000000000e2bc       0x5c /Users/liao1030/HMD/_Projects/_P14_V2_1/Firmware/P14_V3/CH582F/BLE/LIB/libCH58xBLE.a(sm.o)
                0x000000000000e2bc                smSendSMMsg
 .text.smSendFailAndEnd
                0x000000000000e318       0x38 /Users/liao1030/HMD/_Projects/_P14_V2_1/Firmware/P14_V3/CH582F/BLE/LIB/libCH58xBLE.a(sm.o)
                0x000000000000e318                smSendFailAndEnd
 .text.smProcessPairingReq
                0x000000000000e350       0x40 /Users/liao1030/HMD/_Projects/_P14_V2_1/Firmware/P14_V3/CH582F/BLE/LIB/libCH58xBLE.a(sm.o)
                0x000000000000e350                smProcessPairingReq
 .text.smSetPairingReqRsp
                0x000000000000e390       0x3c /Users/liao1030/HMD/_Projects/_P14_V2_1/Firmware/P14_V3/CH582F/BLE/LIB/libCH58xBLE.a(sm.o)
                0x000000000000e390                smSetPairingReqRsp
 .text.SM_StartEncryption
                0x000000000000e3cc       0x1a /Users/liao1030/HMD/_Projects/_P14_V2_1/Firmware/P14_V3/CH582F/BLE/LIB/libCH58xBLE.a(sm.o)
                0x000000000000e3cc                SM_StartEncryption
 .text.sm_dhkey
                0x000000000000e3e6       0x3e /Users/liao1030/HMD/_Projects/_P14_V2_1/Firmware/P14_V3/CH582F/BLE/LIB/libCH58xBLE.a(sm.o)
                0x000000000000e3e6                sm_dhkey
 .text.sm_c1    0x000000000000e424       0xb4 /Users/liao1030/HMD/_Projects/_P14_V2_1/Firmware/P14_V3/CH582F/BLE/LIB/libCH58xBLE.a(sm.o)
                0x000000000000e424                sm_c1
 .text.smDetermineKeySize
                0x000000000000e4d8       0x20 /Users/liao1030/HMD/_Projects/_P14_V2_1/Firmware/P14_V3/CH582F/BLE/LIB/libCH58xBLE.a(sm.o)
                0x000000000000e4d8                smDetermineKeySize
 .text.smpParsePairingReq
                0x000000000000e4f8      0x118 /Users/liao1030/HMD/_Projects/_P14_V2_1/Firmware/P14_V3/CH582F/BLE/LIB/libCH58xBLE.a(sm.o)
                0x000000000000e4f8                smpParsePairingReq
 .text.smpParseEncInfo
                0x000000000000e610       0x2a /Users/liao1030/HMD/_Projects/_P14_V2_1/Firmware/P14_V3/CH582F/BLE/LIB/libCH58xBLE.a(sm.o)
                0x000000000000e610                smpParseEncInfo
 .text.smpParseIdentityAddrInfo
                0x000000000000e63a       0x34 /Users/liao1030/HMD/_Projects/_P14_V2_1/Firmware/P14_V3/CH582F/BLE/LIB/libCH58xBLE.a(sm.o)
                0x000000000000e63a                smpParseIdentityAddrInfo
 .text.smpParseIdentityInfo