Archive member included to satisfy reference by file (symbol)

D:\HMD\_Projects\_P14_V2_BLE多工機\Firmware\BLE_CH582F\SRC\StdPeriphDriver\libISP583.a(ISP583.o)
                              ./StdPeriphDriver/CH58x_flash.o (FLASH_EEPROM_CMD)
D:\HMD\_Projects\_P14_V2_BLE多工機\Firmware\BLE_CH582F\BLE\LIB\libCH58xBLE.a(message.o)
                              ./HAL/MCU.o (tmos_msg_deallocate)
D:\HMD\_Projects\_P14_V2_BLE多工機\Firmware\BLE_CH582F\BLE\LIB\libCH58xBLE.a(tmos.o)
                              ./Profile/devinfoservice.o (tmos_memcpy)
D:\HMD\_Projects\_P14_V2_BLE多工機\Firmware\BLE_CH582F\BLE\LIB\libCH58xBLE.a(tmos_hw.o)
                              D:\HMD\_Projects\_P14_V2_BLE多工機\Firmware\BLE_CH582F\BLE\LIB\libCH58xBLE.a(tmos.o) (bleClock_t)
D:\HMD\_Projects\_P14_V2_BLE多工機\Firmware\BLE_CH582F\BLE\LIB\libCH58xBLE.a(tmos_snv.o)
                              D:\HMD\_Projects\_P14_V2_BLE多工機\Firmware\BLE_CH582F\BLE\LIB\libCH58xBLE.a(tmos.o) (tmos_snv_init)
D:\HMD\_Projects\_P14_V2_BLE多工機\Firmware\BLE_CH582F\BLE\LIB\libCH58xBLE.a(gap.o)
                              ./APP/peripheral.o (GAP_SetParamValue)
D:\HMD\_Projects\_P14_V2_BLE多工機\Firmware\BLE_CH582F\BLE\LIB\libCH58xBLE.a(gap_central.o)
                              D:\HMD\_Projects\_P14_V2_BLE多工機\Firmware\BLE_CH582F\BLE\LIB\libCH58xBLE.a(gap.o) (gapProcessPeriodicAdvertisingSyncEstablishedEvt)
D:\HMD\_Projects\_P14_V2_BLE多工機\Firmware\BLE_CH582F\BLE\LIB\libCH58xBLE.a(gap_peripheral.o)
                              D:\HMD\_Projects\_P14_V2_BLE多工機\Firmware\BLE_CH582F\BLE\LIB\libCH58xBLE.a(gap.o) (GAP_PeripheralParamInit)
D:\HMD\_Projects\_P14_V2_BLE多工機\Firmware\BLE_CH582F\BLE\LIB\libCH58xBLE.a(gapgattserver.o)
                              ./APP/peripheral.o (GGS_SetParameter)
D:\HMD\_Projects\_P14_V2_BLE多工機\Firmware\BLE_CH582F\BLE\LIB\libCH58xBLE.a(gatt.o)
                              ./APP/peripheral.o (GATT_bm_alloc)
D:\HMD\_Projects\_P14_V2_BLE多工機\Firmware\BLE_CH582F\BLE\LIB\libCH58xBLE.a(gatt_uuid.o)
                              D:\HMD\_Projects\_P14_V2_BLE多工機\Firmware\BLE_CH582F\BLE\LIB\libCH58xBLE.a(gatt.o) (serviceChangedUUID)
D:\HMD\_Projects\_P14_V2_BLE多工機\Firmware\BLE_CH582F\BLE\LIB\libCH58xBLE.a(gattclientapp.o)
                              D:\HMD\_Projects\_P14_V2_BLE多工機\Firmware\BLE_CH582F\BLE\LIB\libCH58xBLE.a(gatt.o) (gattGetClientStatus)
D:\HMD\_Projects\_P14_V2_BLE多工機\Firmware\BLE_CH582F\BLE\LIB\libCH58xBLE.a(gattservapp.o)
                              ./Profile/gattprofile.o (GATTServApp_ReadCharCfg)
D:\HMD\_Projects\_P14_V2_BLE多工機\Firmware\BLE_CH582F\BLE\LIB\libCH58xBLE.a(l2cap.o)
                              D:\HMD\_Projects\_P14_V2_BLE多工機\Firmware\BLE_CH582F\BLE\LIB\libCH58xBLE.a(gatt.o) (L2CAP_GetMTU)
D:\HMD\_Projects\_P14_V2_BLE多工機\Firmware\BLE_CH582F\BLE\LIB\libCH58xBLE.a(l2cap_input.o)
                              D:\HMD\_Projects\_P14_V2_BLE多工機\Firmware\BLE_CH582F\BLE\LIB\libCH58xBLE.a(l2cap.o) (l2capProcessRxData)
D:\HMD\_Projects\_P14_V2_BLE多工機\Firmware\BLE_CH582F\BLE\LIB\libCH58xBLE.a(l2cap_output.o)
                              D:\HMD\_Projects\_P14_V2_BLE多工機\Firmware\BLE_CH582F\BLE\LIB\libCH58xBLE.a(l2cap_input.o) (l2capNotifyData)
D:\HMD\_Projects\_P14_V2_BLE多工機\Firmware\BLE_CH582F\BLE\LIB\libCH58xBLE.a(l2cap_sdu.o)
                              D:\HMD\_Projects\_P14_V2_BLE多工機\Firmware\BLE_CH582F\BLE\LIB\libCH58xBLE.a(l2cap_input.o) (l2capBuildDisconnectRsp)
D:\HMD\_Projects\_P14_V2_BLE多工機\Firmware\BLE_CH582F\BLE\LIB\libCH58xBLE.a(linkdb.o)
                              D:\HMD\_Projects\_P14_V2_BLE多工機\Firmware\BLE_CH582F\BLE\LIB\libCH58xBLE.a(l2cap.o) (linkDB_Init)
D:\HMD\_Projects\_P14_V2_BLE多工機\Firmware\BLE_CH582F\BLE\LIB\libCH58xBLE.a(sm.o)
                              D:\HMD\_Projects\_P14_V2_BLE多工機\Firmware\BLE_CH582F\BLE\LIB\libCH58xBLE.a(gap.o) (smFreePairingParams)
D:\HMD\_Projects\_P14_V2_BLE多工機\Firmware\BLE_CH582F\BLE\LIB\libCH58xBLE.a(sm_initiator.o)
                              D:\HMD\_Projects\_P14_V2_BLE多工機\Firmware\BLE_CH582F\BLE\LIB\libCH58xBLE.a(sm.o) (smInitiatorSendNextKeyInfo)
D:\HMD\_Projects\_P14_V2_BLE多工機\Firmware\BLE_CH582F\BLE\LIB\libCH58xBLE.a(sm_pdu.o)
                              D:\HMD\_Projects\_P14_V2_BLE多工機\Firmware\BLE_CH582F\BLE\LIB\libCH58xBLE.a(sm.o) (smpBuildPairingReq)
D:\HMD\_Projects\_P14_V2_BLE多工機\Firmware\BLE_CH582F\BLE\LIB\libCH58xBLE.a(sm_responding.o)
                              D:\HMD\_Projects\_P14_V2_BLE多工機\Firmware\BLE_CH582F\BLE\LIB\libCH58xBLE.a(sm.o) (smResponderSendNextKeyInfo)
D:\HMD\_Projects\_P14_V2_BLE多工機\Firmware\BLE_CH582F\BLE\LIB\libCH58xBLE.a(sm_toolbox.o)
                              D:\HMD\_Projects\_P14_V2_BLE多工機\Firmware\BLE_CH582F\BLE\LIB\libCH58xBLE.a(sm.o) (sm_ah)
D:\HMD\_Projects\_P14_V2_BLE多工機\Firmware\BLE_CH582F\BLE\LIB\libCH58xBLE.a(host_input.o)
                              D:\HMD\_Projects\_P14_V2_BLE多工機\Firmware\BLE_CH582F\BLE\LIB\libCH58xBLE.a(gap.o) (gBleHostPara)
[...]
Memory Configuration

Name             Origin             Length             Attributes
FLASH            0x0000000000000000 0x0000000000070000 xr
RAM              0x0000000020000000 0x0000000000008000 xrw
*default*        0x0000000000000000 0xffffffffffffffff

Linker script and memory map

LOAD ./StdPeriphDriver/CH58x_adc.o
LOAD ./StdPeriphDriver/CH58x_clk.o
LOAD ./StdPeriphDriver/CH58x_flash.o
LOAD ./StdPeriphDriver/CH58x_gpio.o
LOAD ./StdPeriphDriver/CH58x_i2c.o
LOAD ./StdPeriphDriver/CH58x_pwm.o
LOAD ./StdPeriphDriver/CH58x_pwr.o
LOAD ./StdPeriphDriver/CH58x_spi0.o
LOAD ./StdPeriphDriver/CH58x_spi1.o
LOAD ./StdPeriphDriver/CH58x_sys.o
LOAD ./StdPeriphDriver/CH58x_timer0.o
LOAD ./StdPeriphDriver/CH58x_timer1.o
LOAD ./StdPeriphDriver/CH58x_timer2.o
LOAD ./StdPeriphDriver/CH58x_timer3.o
LOAD ./StdPeriphDriver/CH58x_uart0.o
LOAD ./StdPeriphDriver/CH58x_uart1.o
LOAD ./StdPeriphDriver/CH58x_uart2.o
LOAD ./StdPeriphDriver/CH58x_uart3.o
LOAD ./StdPeriphDriver/CH58x_usb2dev.o
LOAD ./StdPeriphDriver/CH58x_usb2hostBase.o
LOAD ./StdPeriphDriver/CH58x_usb2hostClass.o
LOAD ./StdPeriphDriver/CH58x_usbdev.o
LOAD ./StdPeriphDriver/CH58x_usbhostBase.o
LOAD ./StdPeriphDriver/CH58x_usbhostClass.o
LOAD ./Startup/startup_CH583.o
LOAD ./RVMSIS/core_riscv.o
LOAD ./Profile/devinfoservice.o
LOAD ./Profile/gattprofile.o
LOAD ./HAL/MCU.o
LOAD ./HAL/RTC.o
LOAD ./HAL/SLEEP.o
LOAD ./APP/peripheral.o
LOAD ./APP/peripheral_main.o
LOAD D:\HMD\_Projects\_P14_V2_BLE多工機\Firmware\BLE_CH582F\SRC\StdPeriphDriver\libISP583.a
LOAD D:\HMD\_Projects\_P14_V2_BLE多工機\Firmware\BLE_CH582F\BLE\LIB\libCH58xBLE.a
LOAD c:/mounriver/mounriver_studio/toolchain/risc-v embedded gcc/bin/../lib/gcc/riscv-none-embed/8.2.0/rv32imac/ilp32\libgcc.a
LOAD c:/mounriver/mounriver_studio/toolchain/risc-v embedded gcc/bin/../lib/gcc/riscv-none-embed/8.2.0/../../../../riscv-none-embed/lib/rv32imac/ilp32\libg_nano.a
LOAD c:/mounriver/mounriver_studio/toolchain/risc-v embedded gcc/bin/../lib/gcc/riscv-none-embed/8.2.0/../../../../riscv-none-embed/lib/rv32imac/ilp32\libc_nano.a
LOAD c:/mounriver/mounriver_studio/toolchain/risc-v embedded gcc/bin/../lib/gcc/riscv-none-embed/8.2.0/rv32imac/ilp32\libgcc.a
START GROUP
LOAD c:/mounriver/mounriver_studio/toolchain/risc-v embedded gcc/bin/../lib/gcc/riscv-none-embed/8.2.0/rv32imac/ilp32\libgcc.a
LOAD c:/mounriver/mounriver_studio/toolchain/risc-v embedded gcc/bin/../lib/gcc/riscv-none-embed/8.2.0/../../../../riscv-none-embed/lib/rv32imac/ilp32\libc_nano.a
LOAD c:/mounriver/mounriver_studio/toolchain/risc-v embedded gcc/bin/../lib/gcc/riscv-none-embed/8.2.0/../../../../riscv-none-embed/lib/rv32imac/ilp32\libnosys.a
END GROUP
START GROUP
LOAD c:/mounriver/mounriver_studio/toolchain/risc-v embedded gcc/bin/../lib/gcc/riscv-none-embed/8.2.0/rv32imac/ilp32\libgcc.a
LOAD c:/mounriver/mounriver_studio/toolchain/risc-v embedded gcc/bin/../lib/gcc/riscv-none-embed/8.2.0/../../../../riscv-none-embed/lib/rv32imac/ilp32\libc_nano.a
LOAD c:/mounriver/mounriver_studio/toolchain/risc-v embedded gcc/bin/../lib/gcc/riscv-none-embed/8.2.0/../../../../riscv-none-embed/lib/rv32imac/ilp32\libnosys.a
END GROUP
                0x0000000000000200                __stack_size = 0x200
                [!provide]                        PROVIDE (_stack_size = __stack_size)

.init           0x0000000000000000        0x4
                0x0000000000000000                _sinit = .
                0x0000000000000000                . = ALIGN (0x4)
 *(SORT_NONE(.init))
 .init          0x0000000000000000        0x4 ./Startup/startup_CH583.o
                0x0000000000000000                _start
                0x0000000000000004                . = ALIGN (0x4)
                0x0000000000000004                _einit = .

.highcodelalign
                0x0000000000000004        0x0
                0x0000000000000004                . = ALIGN (0x4)
                0x0000000000000004                PROVIDE (_highcode_lma = .)

.highcode       0x0000000020000000     0x20a4 load address 0x0000000000000004
                0x0000000020000000                . = ALIGN (0x4)
                0x0000000020000000                PROVIDE (_highcode_vma_start = .)
 *(.vector)
 .vector        0x0000000020000000       0x90 ./Startup/startup_CH583.o
 *(SORT_NONE(.vector_handler))
 .vector_handler
                0x0000000020000090        0x2 ./Startup/startup_CH583.o
                0x0000000020000090                GPIOB_IRQHandler
                0x0000000020000090                GPIOA_IRQHandler
                0x0000000020000090                SysTick_Handler
                0x0000000020000090                NMI_Handler
                0x0000000020000090                UART1_IRQHandler
                0x0000000020000090                UART0_IRQHandler
                0x0000000020000090                BB_IRQHandler
                0x0000000020000090                Break_Point_Handler
                0x0000000020000090                TMR0_IRQHandler
                0x0000000020000090                Ecall_M_Mode_Handler
                0x0000000020000090                UART2_IRQHandler
                0x0000000020000090                PWMX_IRQHandler
                0x0000000020000090                ADC_IRQHandler
                0x0000000020000090                TMR2_IRQHandler
                0x0000000020000090                USB_IRQHandler
                0x0000000020000090                I2C_IRQHandler
                0x0000000020000090                USB2_IRQHandler
                0x0000000020000090                LLE_IRQHandler
                0x0000000020000090                WDOG_BAT_IRQHandler
                0x0000000020000090                Ecall_U_Mode_Handler
                0x0000000020000090                TMR3_IRQHandler
                0x0000000020000090                SW_Handler
                0x0000000020000090                SPI0_IRQHandler
                0x0000000020000090                UART3_IRQHandler
                0x0000000020000090                TMR1_IRQHandler
 *(.highcode)
 .highcode      0x0000000020000092       0x18 ./StdPeriphDriver/CH58x_clk.o
                0x0000000020000092                RTC_GetCycle32k
 .highcode      0x00000000200000aa      0x4ec ./StdPeriphDriver/CH58x_sys.o
                0x00000000200000aa                SetSysClock
                0x0000000020000430                SYS_ResetExecute
                0x00000000200004a2                HardFault_Handler
                0x0000000020000560                mDelayuS
                0x000000002000056e                mDelaymS
 .highcode      0x0000000020000596       0x16 ./HAL/RTC.o
                0x0000000020000596                RTC_IRQHandler
 .highcode      0x00000000200005ac        0x8 ./APP/peripheral_main.o
                0x00000000200005ac                Main_Circulation
 .highcode      0x00000000200005b4      0x426 D:\HMD\_Projects\_P14_V2_BLE多工機\Firmware\BLE_CH582F\SRC\StdPeriphDriver\libISP583.a(ISP583.o)
                0x00000000200005b4                FLASH_ROM_BEG
                0x00000000200005c6                FLASH_ROM_END
                0x00000000200005d4                FLASH_ROM_IN
                0x00000000200005e2                FLASH_ROM_OUT
                0x00000000200005f0                FLASH_ROM_ADDR
                0x0000000020000638                FLASH_ROM_WAIT
                0x0000000020000670                FLASH_EEPROM_CMD
 .highcode      0x00000000200009da      0x430 D:\HMD\_Projects\_P14_V2_BLE多工機\Firmware\BLE_CH582F\BLE\LIB\libCH58xBLE.a(tmos.o)
                0x00000000200009da                tmos_memcpy
                0x00000000200009fa                tmos_memcpy_word
                0x0000000020000a12                tmos_memset
                0x0000000020000a24                tmos_strlen
                0x0000000020000a38                tmos_memdup
                0x0000000020000a6a                tmos_memcmp
                0x0000000020000a98                tmos_revmemcpy
                0x0000000020000ab4                tmos_isbufset
                0x0000000020000ad6                tmos_proces_system_time
                0x0000000020000c1a                TMOS_SystemProcess
 .highcode      0x0000000020000e0a       0x50 D:\HMD\_Projects\_P14_V2_BLE多工機\Firmware\BLE_CH582F\BLE\LIB\libCH58xBLE.a(tmos_hw.o)
                0x0000000020000e54                TMOS_TimerIRQHandler
 .highcode      0x0000000020000e5a       0x4e D:\HMD\_Projects\_P14_V2_BLE多工機\Firmware\BLE_CH582F\BLE\LIB\libCH58xBLE.a(ll_whitelist.o)
                0x0000000020000e5a                LL_WhitelistLookup
 .highcode      0x0000000020000ea8      0x1b6 D:\HMD\_Projects\_P14_V2_BLE多工機\Firmware\BLE_CH582F\BLE\LIB\libCH58xBLE.a(aes.o)
                0x0000000020000ea8                AES_DevAESEnc
 .highcode      0x000000002000105e      0x15a D:\HMD\_Projects\_P14_V2_BLE多工機\Firmware\BLE_CH582F\BLE\LIB\libCH58xBLE.a(bb.o)
                0x000000002000105e                BB_IRQLibHandler
                0x000000002000116e                BB_IRQLibFunction
 .highcode      0x00000000200011b8      0x38c D:\HMD\_Projects\_P14_V2_BLE多工機\Firmware\BLE_CH582F\BLE\LIB\libCH58xBLE.a(ip.o)
                0x00000000200011b8                ll_rx_wait_finish
                0x00000000200011f6                ble_ll_chkcrc
                0x0000000020001298                ll_tx_wait_finish
                0x00000000200013a0                BLE_CheckHoppingMap
 .highcode      0x0000000020001544      0x23c D:\HMD\_Projects\_P14_V2_BLE多工機\Firmware\BLE_CH582F\BLE\LIB\libCH58xBLE.a(lle.o)
                0x0000000020001544                LLE_IRQLibHandler
                0x0000000020001736                LLE_IRQLibFunction
 .highcode      0x0000000020001780       0x3a D:\HMD\_Projects\_P14_V2_BLE多工機\Firmware\BLE_CH582F\BLE\LIB\libCH58xBLE.a(rfend.o)
                0x0000000020001780                RFEND_WaitTune
 .highcode      0x00000000200017ba      0x1ba D:\HMD\_Projects\_P14_V2_BLE多工機\Firmware\BLE_CH582F\BLE\LIB\libCH58xBLE.a(memory.o)
                0x00000000200017ba                tmos_memory_allocate
                0x000000002000188c                tmos_memory_free
 .highcode      0x0000000020001974      0x2e6 D:\HMD\_Projects\_P14_V2_BLE多工機\Firmware\BLE_CH582F\BLE\LIB\libCH58xBLE.a(ll_connect.o)
                0x0000000020001974                ll_connect_send_data
                0x0000000020001aa0                ll_connect_recv_data
                0x0000000020001b80                ll_connect_event_continue
                0x0000000020001c4a                ll_wait_connect_event
 .highcode      0x0000000020001c5a      0x310 D:\HMD\_Projects\_P14_V2_BLE多工機\Firmware\BLE_CH582F\BLE\LIB\libCH58xBLE.a(ll_hop.o)
                0x0000000020001c5a                LL_HopGetChannel
                0x0000000020001d00                LL_HopGetChannel2
 .highcode      0x0000000020001f6a      0x138 D:\HMD\_Projects\_P14_V2_BLE多工機\Firmware\BLE_CH582F\BLE\LIB\libCH58xBLE.a(ll_resolvinglist.o)
                0x0000000020001f6a                ll_resolvinglist_checkRPA
                0x0000000020001fd6                LL_ResolvinglistPeerIdentifyAddressGetIrk
                0x000000002000202a                LL_ResolvinglistPeerRpaAddressGetIrk
                0x0000000020002066                LL_ResolvinglistLocalRpaAddressGetIrk
 *(.highcode.*)
                0x00000000200020a4                . = ALIGN (0x4)
 *fill*         0x00000000200020a2        0x2 
                0x00000000200020a4                PROVIDE (_highcode_vma_end = .)

.text           0x00000000000020a8    0x22f8c
                0x00000000000020a8                . = ALIGN (0x4)
 *(SORT_NONE(.handle_reset))
 .handle_reset  0x00000000000020a8       0xae ./Startup/startup_CH583.o
                0x00000000000020a8                handle_reset
 *(.text)
 .text          0x0000000000002156       0xa8 c:/mounriver/mounriver_studio/toolchain/risc-v embedded gcc/bin/../lib/gcc/riscv-none-embed/8.2.0/../../../../riscv-none-embed/lib/rv32imac/ilp32\libg_nano.a(lib_a-memset.o)
                0x0000000000002156                memset
 *(.text.*)
 .text.ADC_InterTSSampInit
                0x00000000000021fe       0x28 ./StdPeriphDriver/CH58x_adc.o
                0x00000000000021fe                ADC_InterTSSampInit
 .text.LSECFG_Current
                0x0000000000002226       0x68 ./StdPeriphDriver/CH58x_clk.o
                0x0000000000002226                LSECFG_Current
 .text.RTC_InitTime
                0x000000000000228e      0x204 ./StdPeriphDriver/CH58x_clk.o
                0x000000000000228e                RTC_InitTime
 .text.Calibration_LSI
                0x0000000000002492      0x8da ./StdPeriphDriver/CH58x_clk.o
                0x0000000000002492                Calibration_LSI
 .text.GPIOA_ModeCfg
                0x0000000000002d6c       0xa6 ./StdPeriphDriver/CH58x_gpio.o
                0x0000000000002d6c                GPIOA_ModeCfg
 .text.GetSysClock
                0x0000000000002e12       0x42 ./StdPeriphDriver/CH58x_sys.o
                0x0000000000002e12                GetSysClock
 .text.SYS_DisableAllIrq
                0x0000000000002e54       0x1c ./StdPeriphDriver/CH58x_sys.o
                0x0000000000002e54                SYS_DisableAllIrq
 .text.SYS_RecoverIrq
                0x0000000000002e70       0x14 ./StdPeriphDriver/CH58x_sys.o
                0x0000000000002e70                SYS_RecoverIrq
 .text.SYS_GetSysTickCnt
                0x0000000000002e84        0xa ./StdPeriphDriver/CH58x_sys.o
                0x0000000000002e84                SYS_GetSysTickCnt
 .text._write   0x0000000000002e8e       0x28 ./StdPeriphDriver/CH58x_sys.o
                0x0000000000002e8e                _write
 .text._sbrk    0x0000000000002eb6       0x34 ./StdPeriphDriver/CH58x_sys.o
                0x0000000000002eb6                _sbrk
 .text.UART1_BaudRateCfg
                0x0000000000002eea       0x30 ./StdPeriphDriver/CH58x_uart1.o
                0x0000000000002eea                UART1_BaudRateCfg
 .text.UART1_DefInit
                0x0000000000002f1a       0x32 ./StdPeriphDriver/CH58x_uart1.o
                0x0000000000002f1a                UART1_DefInit
 .text.devInfo_ReadAttrCB
                0x0000000000002f4c      0x196 ./Profile/devinfoservice.o
 .text.DevInfo_AddService
                0x00000000000030e2       0x18 ./Profile/devinfoservice.o
                0x00000000000030e2                DevInfo_AddService
 .text.simpleProfile_ReadAttrCB
                0x00000000000030fa       0x82 ./Profile/gattprofile.o
 .text.simpleProfile_WriteAttrCB
                0x000000000000317c       0xce ./Profile/gattprofile.o
 .text.simpleProfile_HandleConnStatusCB
                0x000000000000324a       0x3e ./Profile/gattprofile.o
 .text.SimpleProfile_AddService
                0x0000000000003288       0x4c ./Profile/gattprofile.o
                0x0000000000003288                SimpleProfile_AddService
 .text.SimpleProfile_RegisterAppCBs
                0x00000000000032d4        0xe ./Profile/gattprofile.o
                0x00000000000032d4                SimpleProfile_RegisterAppCBs
 .text.SimpleProfile_SetParameter
                0x00000000000032e2       0x82 ./Profile/gattprofile.o
                0x00000000000032e2                SimpleProfile_SetParameter
 .text.simpleProfile_Notify
                0x0000000000003364       0x46 ./Profile/gattprofile.o
                0x0000000000003364                simpleProfile_Notify
 .text.Lib_Calibration_LSI
                0x00000000000033aa        0x6 ./HAL/MCU.o
                0x00000000000033aa                Lib_Calibration_LSI
 .text.Lib_Read_Flash
                0x00000000000033b0       0x1c ./HAL/MCU.o
                0x00000000000033b0                Lib_Read_Flash
 .text.Lib_Write_Flash
                0x00000000000033cc       0x40 ./HAL/MCU.o
                0x00000000000033cc                Lib_Write_Flash
 .text.HAL_GetInterTempValue
                0x000000000000340c       0x72 ./HAL/MCU.o
                0x000000000000340c                HAL_GetInterTempValue
 .text.HAL_ProcessEvent
                0x000000000000347e       0x7e ./HAL/MCU.o
                0x000000000000347e                HAL_ProcessEvent
 .text.CH58X_BLEInit
                0x00000000000034fc      0x132 ./HAL/MCU.o
                0x00000000000034fc                CH58X_BLEInit
 .text.HAL_Init
                0x000000000000362e       0x30 ./HAL/MCU.o
                0x000000000000362e                HAL_Init
 .text.HAL_TimeInit
                0x000000000000365e       0xe0 ./HAL/RTC.o
                0x000000000000365e                HAL_TimeInit
 .text.peripheralRssiCB
                0x000000000000373e       0x12 ./APP/peripheral.o
 .text.simpleProfileChangeCB
                0x0000000000003750       0x3e ./APP/peripheral.o
 .text.peripheralParamUpdateCB
                0x000000000000378e       0x30 ./APP/peripheral.o
 .text.Peripheral_LinkTerminated
                0x00000000000037be       0x58 ./APP/peripheral.o
 .text.peripheralStateNotificationCB
                0x0000000000003816      0x170 ./APP/peripheral.o
 .text.Peripheral_ProcessEvent
                0x0000000000003986      0x1bc ./APP/peripheral.o
                0x0000000000003986                Peripheral_ProcessEvent
 .text.Peripheral_Init
                0x0000000000003b42      0x18c ./APP/peripheral.o
                0x0000000000003b42                Peripheral_Init
 .text.startup.main
                0x0000000000003cce       0x50 ./APP/peripheral_main.o
                0x0000000000003cce                main
 .text.tmos_msg_enqueue
                0x0000000000003d1e       0x1e D:\HMD\_Projects\_P14_V2_BLE多工機\Firmware\BLE_CH582F\BLE\LIB\libCH58xBLE.a(message.o)
                0x0000000000003d1e                tmos_msg_enqueue
 .text.tmos_msg_deallocate
                0x0000000000003d3c       0x2c D:\HMD\_Projects\_P14_V2_BLE多工機\Firmware\BLE_CH582F\BLE\LIB\libCH58xBLE.a(message.o)
                0x0000000000003d3c                tmos_msg_deallocate
 .text.tmos_msg_allocate
                0x0000000000003d68       0x46 D:\HMD\_Projects\_P14_V2_BLE多工機\Firmware\BLE_CH582F\BLE\LIB\libCH58xBLE.a(message.o)
                0x0000000000003d68                tmos_msg_allocate
 .text.tmos_msg_receive
                0x0000000000003dae       0x70 D:\HMD\_Projects\_P14_V2_BLE多工機\Firmware\BLE_CH582F\BLE\LIB\libCH58xBLE.a(message.o)
                0x0000000000003dae                tmos_msg_receive
 .text.tmos_msg_send
                0x0000000000003e1e       0x60 D:\HMD\_Projects\_P14_V2_BLE多工機\Firmware\BLE_CH582F\BLE\LIB\libCH58xBLE.a(message.o)
                0x0000000000003e1e                tmos_msg_send
 .text.tmos_msg_init
                0x0000000000003e7e        0xa D:\HMD\_Projects\_P14_V2_BLE多工機\Firmware\BLE_CH582F\BLE\LIB\libCH58xBLE.a(message.o)
                0x0000000000003e7e                tmos_msg_init
 .text.tmosFindTask
                0x0000000000003e88       0x24 D:\HMD\_Projects\_P14_V2_BLE多工機\Firmware\BLE_CH582F\BLE\LIB\libCH58xBLE.a(tmos.o)
 .text.TMOS_CB_PeriodicProcessEvent
                0x0000000000003eac       0x86 D:\HMD\_Projects\_P14_V2_BLE多工機\Firmware\BLE_CH582F\BLE\LIB\libCH58xBLE.a(tmos.o)
                0x0000000000003eac                TMOS_CB_PeriodicProcessEvent
 .text.TMOS_CB_ProcessEvent
                0x0000000000003f32       0x80 D:\HMD\_Projects\_P14_V2_BLE多工機\Firmware\BLE_CH582F\BLE\LIB\libCH58xBLE.a(tmos.o)
                0x0000000000003f32                TMOS_CB_ProcessEvent
 .text.tmos_rand
                0x0000000000003fb2       0x52 D:\HMD\_Projects\_P14_V2_BLE多工機\Firmware\BLE_CH582F\BLE\LIB\libCH58xBLE.a(tmos.o)
                0x0000000000003fb2                tmos_rand
 .text.tmos_start_periodic_callback_task
                0x0000000000004004       0xea D:\HMD\_Projects\_P14_V2_BLE多工機\Firmware\BLE_CH582F\BLE\LIB\libCH58xBLE.a(tmos.o)
                0x0000000000004004                tmos_start_periodic_callback_task
 .text.tmos_set_event
                0x00000000000040ee       0x2e D:\HMD\_Projects\_P14_V2_BLE多工機\Firmware\BLE_CH582F\BLE\LIB\libCH58xBLE.a(tmos.o)
                0x00000000000040ee                tmos_set_event
 .text.tmos_clear_event
                0x000000000000411c       0x32 D:\HMD\_Projects\_P14_V2_BLE多工機\Firmware\BLE_CH582F\BLE\LIB\libCH58xBLE.a(tmos.o)
                0x000000000000411c                tmos_clear_event
 .text.tmos_update_callback_timer
                0x000000000000414e       0xc2 D:\HMD\_Projects\_P14_V2_BLE多工機\Firmware\BLE_CH582F\BLE\LIB\libCH58xBLE.a(tmos.o)
                0x000000000000414e                tmos_update_callback_timer
 .text.tmos_update_periodic_callback_timer
                0x0000000000004210       0x5e D:\HMD\_Projects\_P14_V2_BLE多工機\Firmware\BLE_CH582F\BLE\LIB\libCH58xBLE.a(tmos.o)
                0x0000000000004210                tmos_update_periodic_callback_timer
 .text.tmos_start_task
                0x000000000000426e      0x132 D:\HMD\_Projects\_P14_V2_BLE多工機\Firmware\BLE_CH582F\BLE\LIB\libCH58xBLE.a(tmos.o)
                0x000000000000426e                tmos_start_task
 .text.tmos_start_callback_task
                0x00000000000043a0       0x9a D:\HMD\_Projects\_P14_V2_BLE多工機\Firmware\BLE_CH582F\BLE\LIB\libCH58xBLE.a(tmos.o)
                0x00000000000043a0                tmos_start_callback_task
 .text.tmos_start_reload_task
                0x000000000000443a       0x54 D:\HMD\_Projects\_P14_V2_BLE多工機\Firmware\BLE_CH582F\BLE\LIB\libCH58xBLE.a(tmos.o)
                0x000000000000443a                tmos_start_reload_task
 .text.tmos_stop_task
                0x000000000000448e       0x50 D:\HMD\_Projects\_P14_V2_BLE多工機\Firmware\BLE_CH582F\BLE\LIB\libCH58xBLE.a(tmos.o)
                0x000000000000448e                tmos_stop_task
 .text.tmos_stop_callback_task
                0x00000000000044de       0x5a D:\HMD\_Projects\_P14_V2_BLE多工機\Firmware\BLE_CH582F\BLE\LIB\libCH58xBLE.a(tmos.o)
                0x00000000000044de                tmos_stop_callback_task
 .text.tmos_get_task_timer
                0x0000000000004538       0x62 D:\HMD\_Projects\_P14_V2_BLE多工機\Firmware\BLE_CH582F\BLE\LIB\libCH58xBLE.a(tmos.o)
                0x0000000000004538                tmos_get_task_timer
 .text.tmos_proces_sleep
                0x000000000000459a       0xd0 D:\HMD\_Projects\_P14_V2_BLE多工機\Firmware\BLE_CH582F\BLE\LIB\libCH58xBLE.a(tmos.o)
                0x000000000000459a                tmos_proces_sleep
 .text.TMOS_TimerRegister
                0x000000000000466a       0x1e D:\HMD\_Projects\_P14_V2_BLE多工機\Firmware\BLE_CH582F\BLE\LIB\libCH58xBLE.a(tmos.o)
                0x000000000000466a                TMOS_TimerRegister
 .text.TMOS_ProcessRegister
                0x0000000000004688       0x16 D:\HMD\_Projects\_P14_V2_BLE多工機\Firmware\BLE_CH582F\BLE\LIB\libCH58xBLE.a(tmos.o)
                0x0000000000004688                TMOS_ProcessRegister
 .text.TMOS_Init
                0x000000000000469e      0x12e D:\HMD\_Projects\_P14_V2_BLE多工機\Firmware\BLE_CH582F\BLE\LIB\libCH58xBLE.a(tmos.o)
                0x000000000000469e                TMOS_Init
 .text.TMOS_ProcessEventRegister
                0x00000000000047cc       0x3c D:\HMD\_Projects\_P14_V2_BLE多工機\Firmware\BLE_CH582F\BLE\LIB\libCH58xBLE.a(tmos.o)
                0x00000000000047cc                TMOS_ProcessEventRegister
 .text.BLE_LibInit
                0x0000000000004808      0x17c D:\HMD\_Projects\_P14_V2_BLE多工機\Firmware\BLE_CH582F\BLE\LIB\libCH58xBLE.a(tmos.o)
                0x0000000000004808                BLE_LibInit
 .text.clockGetTickValve
                0x0000000000004984       0x7e D:\HMD\_Projects\_P14_V2_BLE多工機\Firmware\BLE_CH582F\BLE\LIB\libCH58xBLE.a(tmos_hw.o)
 .text.ll_get_sca_divisor
                0x0000000000004a02       0x40 D:\HMD\_Projects\_P14_V2_BLE多工機\Firmware\BLE_CH582F\BLE\LIB\libCH58xBLE.a(tmos_hw.o)
                0x0000000000004a02                ll_get_sca_divisor
 .text.ll_get_sca_own
                0x0000000000004a42       0x46 D:\HMD\_Projects\_P14_V2_BLE多工機\Firmware\BLE_CH582F\BLE\LIB\libCH58xBLE.a(tmos_hw.o)
                0x0000000000004a42                ll_get_sca_own
 .text.ble_ll_common_rand8
                0x0000000000004a88       0x24 D:\HMD\_Projects\_P14_V2_BLE多工機\Firmware\BLE_CH582F\BLE\LIB\libCH58xBLE.a(tmos_hw.o)
                0x0000000000004a88                ble_ll_common_rand8
 .text.ble_ll_common_rand16
                0x0000000000004aac       0x24 D:\HMD\_Projects\_P14_V2_BLE多工機\Firmware\BLE_CH582F\BLE\LIB\libCH58xBLE.a(tmos_hw.o)
                0x0000000000004aac                ble_ll_common_rand16
 .text.ble_ll_common_rand32
                0x0000000000004ad0       0x20 D:\HMD\_Projects\_P14_V2_BLE多工機\Firmware\BLE_CH582F\BLE\LIB\libCH58xBLE.a(tmos_hw.o)
                0x0000000000004ad0                ble_ll_common_rand32
 .text.TMOS_TempSample
                0x0000000000004af0       0x62 D:\HMD\_Projects\_P14_V2_BLE多工機\Firmware\BLE_CH582F\BLE\LIB\libCH58xBLE.a(tmos_hw.o)
                0x0000000000004af0                TMOS_TempSample
 .text.TMOS_TimerInit
                0x0000000000004b52      0x150 D:\HMD\_Projects\_P14_V2_BLE多工機\Firmware\BLE_CH582F\BLE\LIB\libCH58xBLE.a(tmos_hw.o)
                0x0000000000004b52                TMOS_TimerInit
 .text.tmos_snv_init
                0x0000000000004ca2       0xc0 D:\HMD\_Projects\_P14_V2_BLE多工機\Firmware\BLE_CH582F\BLE\LIB\libCH58xBLE.a(tmos_snv.o)
                0x0000000000004ca2                tmos_snv_init
 .text.tmos_snv_read
                0x0000000000004d62      0x292 D:\HMD\_Projects\_P14_V2_BLE多工機\Firmware\BLE_CH582F\BLE\LIB\libCH58xBLE.a(tmos_snv.o)
                0x0000000000004d62                tmos_snv_read
 .text.tmos_snv_notify
                0x0000000000004ff4       0x5a D:\HMD\_Projects\_P14_V2_BLE多工機\Firmware\BLE_CH582F\BLE\LIB\libCH58xBLE.a(tmos_snv.o)
                0x0000000000004ff4                tmos_snv_notify
 .text.tmos_snv_write
                0x000000000000504e      0x2ce D:\HMD\_Projects\_P14_V2_BLE多工機\Firmware\BLE_CH582F\BLE\LIB\libCH58xBLE.a(tmos_snv.o)
                0x000000000000504e                tmos_snv_write
 .text.tmos_snv_compact
                0x000000000000531c        0x4 D:\HMD\_Projects\_P14_V2_BLE多工機\Firmware\BLE_CH582F\BLE\LIB\libCH58xBLE.a(tmos_snv.o)
                0x000000000000531c                tmos_snv_compact
 .text.disconnectNext
                0x0000000000005320       0x22 D:\HMD\_Projects\_P14_V2_BLE多工機\Firmware\BLE_CH582F\BLE\LIB\libCH58xBLE.a(gap.o)
 .text.GAP_ParamInit
                0x0000000000005342      0x16c D:\HMD\_Projects\_P14_V2_BLE多工機\Firmware\BLE_CH582F\BLE\LIB\libCH58xBLE.a(gap.o)
                0x0000000000005342                GAP_ParamInit
 .text.sendTerminateEvent
                0x00000000000054ae       0x58 D:\HMD\_Projects\_P14_V2_BLE多工機\Firmware\BLE_CH582F\BLE\LIB\libCH58xBLE.a(gap.o)
                0x00000000000054ae                sendTerminateEvent
 .text.gapRegisterCentral
                0x0000000000005506        0x6 D:\HMD\_Projects\_P14_V2_BLE多工機\Firmware\BLE_CH582F\BLE\LIB\libCH58xBLE.a(gap.o)
                0x0000000000005506                gapRegisterCentral
 .text.gapRegisterCentralConn
                0x000000000000550c        0x6 D:\HMD\_Projects\_P14_V2_BLE多工機\Firmware\BLE_CH582F\BLE\LIB\libCH58xBLE.a(gap.o)
                0x000000000000550c                gapRegisterCentralConn
 .text.gapRegisterPeripheral
                0x0000000000005512        0x6 D:\HMD\_Projects\_P14_V2_BLE多工機\Firmware\BLE_CH582F\BLE\LIB\libCH58xBLE.a(gap.o)
                0x0000000000005512                gapRegisterPeripheral
 .text.gapRegisterPeripheralConn
                0x0000000000005518        0x6 D:\HMD\_Projects\_P14_V2_BLE多工機\Firmware\BLE_CH582F\BLE\LIB\libCH58xBLE.a(gap.o)
                0x0000000000005518                gapRegisterPeripheralConn
 .text.smGenerateRandBuf
                0x000000000000551e       0x56 D:\HMD\_Projects\_P14_V2_BLE多工機\Firmware\BLE_CH582F\BLE\LIB\libCH58xBLE.a(gap.o)
                0x000000000000551e                smGenerateRandBuf
 .text.gapL2capConnParamUpdateReq
                0x0000000000005574       0x36 D:\HMD\_Projects\_P14_V2_BLE多工機\Firmware\BLE_CH582F\BLE\LIB\libCH58xBLE.a(gap.o)
                0x0000000000005574                gapL2capConnParamUpdateReq
 .text.gapValidADType
                0x00000000000055aa       0x16 D:\HMD\_Projects\_P14_V2_BLE多工機\Firmware\BLE_CH582F\BLE\LIB\libCH58xBLE.a(gap.o)
                0x00000000000055aa                gapValidADType
 .text.gapFindADType
                0x00000000000055c0       0x92 D:\HMD\_Projects\_P14_V2_BLE多工機\Firmware\BLE_CH582F\BLE\LIB\libCH58xBLE.a(gap.o)
                0x00000000000055c0                gapFindADType
 .text.GAP_SecParamsInit
                0x0000000000005652       0xaa D:\HMD\_Projects\_P14_V2_BLE多工機\Firmware\BLE_CH582F\BLE\LIB\libCH58xBLE.a(gap.o)
                0x0000000000005652                GAP_SecParamsInit
 .text.GAP_ParamsInit
                0x00000000000056fc       0x50 D:\HMD\_Projects\_P14_V2_BLE多工機\Firmware\BLE_CH582F\BLE\LIB\libCH58xBLE.a(gap.o)
                0x00000000000056fc                GAP_ParamsInit
 .text.gapAddAddrAdj
                0x000000000000574c       0x48 D:\HMD\_Projects\_P14_V2_BLE多工機\Firmware\BLE_CH582F\BLE\LIB\libCH58xBLE.a(gap.o)
                0x000000000000574c                gapAddAddrAdj
 .text.gapDetermineAddrType
                0x0000000000005794       0x28 D:\HMD\_Projects\_P14_V2_BLE多工機\Firmware\BLE_CH582F\BLE\LIB\libCH58xBLE.a(gap.o)
                0x0000000000005794                gapDetermineAddrType
 .text.gapFreeAuthLink
                0x00000000000057bc       0x4a D:\HMD\_Projects\_P14_V2_BLE多工機\Firmware\BLE_CH582F\BLE\LIB\libCH58xBLE.a(gap.o)
                0x00000000000057bc                gapFreeAuthLink
 .text.gapGetDevAddress
                0x0000000000005806       0x24 D:\HMD\_Projects\_P14_V2_BLE多工機\Firmware\BLE_CH582F\BLE\LIB\libCH58xBLE.a(gap.o)
                0x0000000000005806                gapGetDevAddress
 .text.gapGetDevAddressMode
                0x000000000000582a        0xa D:\HMD\_Projects\_P14_V2_BLE多工機\Firmware\BLE_CH582F\BLE\LIB\libCH58xBLE.a(gap.o)
                0x000000000000582a                gapGetDevAddressMode
 .text.gapGetIRK
                0x0000000000005834        0xc D:\HMD\_Projects\_P14_V2_BLE多工機\Firmware\BLE_CH582F\BLE\LIB\libCH58xBLE.a(gap.o)
                0x0000000000005834                gapGetIRK
 .text.gapGetSRK
                0x0000000000005840        0xc D:\HMD\_Projects\_P14_V2_BLE多工機\Firmware\BLE_CH582F\BLE\LIB\libCH58xBLE.a(gap.o)
                0x0000000000005840                gapGetSRK
 .text.gapGetSignCounter
                0x000000000000584c        0xe D:\HMD\_Projects\_P14_V2_BLE多工機\Firmware\BLE_CH582F\BLE\LIB\libCH58xBLE.a(gap.o)
                0x000000000000584c                gapGetSignCounter
 .text.gapIncSignCounter
                0x000000000000585a       0x28 D:\HMD\_Projects\_P14_V2_BLE多工機\Firmware\BLE_CH582F\BLE\LIB\libCH58xBLE.a(gap.o)
                0x000000000000585a                gapIncSignCounter
 .text.gapProcessConnEvt
                0x0000000000005882       0x48 D:\HMD\_Projects\_P14_V2_BLE多工機\Firmware\BLE_CH582F\BLE\LIB\libCH58xBLE.a(gap.o)
                0x0000000000005882                gapProcessConnEvt
 .text.gapProcessDisconnectCompleteEvt
                0x00000000000058ca       0xa6 D:\HMD\_Projects\_P14_V2_BLE多工機\Firmware\BLE_CH582F\BLE\LIB\libCH58xBLE.a(gap.o)
                0x00000000000058ca                gapProcessDisconnectCompleteEvt
 .text.sendAuthEvent
                0x0000000000005970      0x11e D:\HMD\_Projects\_P14_V2_BLE多工機\Firmware\BLE_CH582F\BLE\LIB\libCH58xBLE.a(gap.o)
                0x0000000000005970                sendAuthEvent
 .text.gapSendBondCompleteEvent
                0x0000000000005a8e       0x74 D:\HMD\_Projects\_P14_V2_BLE多工機\Firmware\BLE_CH582F\BLE\LIB\libCH58xBLE.a(gap.o)
                0x0000000000005a8e                gapSendBondCompleteEvent
 .text.gapSendPairingReqEvent
                0x0000000000005b02       0x96 D:\HMD\_Projects\_P14_V2_BLE多工機\Firmware\BLE_CH582F\BLE\LIB\libCH58xBLE.a(gap.o)
                0x0000000000005b02                gapSendPairingReqEvent
 .text.gapSendSlaveSecurityReqEvent
                0x0000000000005b98       0x68 D:\HMD\_Projects\_P14_V2_BLE多工機\Firmware\BLE_CH582F\BLE\LIB\libCH58xBLE.a(gap.o)
                0x0000000000005b98                gapSendSlaveSecurityReqEvent
 .text.gapSendDeviceInitDoneEvent
                0x0000000000005c00       0x88 D:\HMD\_Projects\_P14_V2_BLE多工機\Firmware\BLE_CH582F\BLE\LIB\libCH58xBLE.a(gap.o)
                0x0000000000005c00                gapSendDeviceInitDoneEvent
 .text.gapSendLinkUpdateEvent
                0x0000000000005c88       0xb2 D:\HMD\_Projects\_P14_V2_BLE多工機\Firmware\BLE_CH582F\BLE\LIB\libCH58xBLE.a(gap.o)
                0x0000000000005c88                gapSendLinkUpdateEvent
 .text.gapSendPhyUpdateEvent
                0x0000000000005d3a       0x58 D:\HMD\_Projects\_P14_V2_BLE多工機\Firmware\BLE_CH582F\BLE\LIB\libCH58xBLE.a(gap.o)
                0x0000000000005d3a                gapSendPhyUpdateEvent
 .text.gapSendEstLinkEvent
                0x0000000000005d92       0xbc D:\HMD\_Projects\_P14_V2_BLE多工機\Firmware\BLE_CH582F\BLE\LIB\libCH58xBLE.a(gap.o)
                0x0000000000005d92                gapSendEstLinkEvent
 .text.gapProcessNewAddr
                0x0000000000005e4e       0x3e D:\HMD\_Projects\_P14_V2_BLE多工機\Firmware\BLE_CH582F\BLE\LIB\libCH58xBLE.a(gap.o)
                0x0000000000005e4e                gapProcessNewAddr
 .text.gapProcessRandomAddrComplete
                0x0000000000005e8c       0xb6 D:\HMD\_Projects\_P14_V2_BLE多工機\Firmware\BLE_CH582F\BLE\LIB\libCH58xBLE.a(gap.o)
                0x0000000000005e8c                gapProcessRandomAddrComplete
 .text.GAP_Authenticate
                0x0000000000005f42       0xde D:\HMD\_Projects\_P14_V2_BLE多工機\Firmware\BLE_CH582F\BLE\LIB\libCH58xBLE.a(gap.o)
                0x0000000000005f42                GAP_Authenticate
 .text.GAP_Bond
                0x0000000000006020       0xaa D:\HMD\_Projects\_P14_V2_BLE多工機\Firmware\BLE_CH582F\BLE\LIB\libCH58xBLE.a(gap.o)
                0x0000000000006020                GAP_Bond
 .text.GAP_GetParamValue
                0x00000000000060ca       0x20 D:\HMD\_Projects\_P14_V2_BLE多工機\Firmware\BLE_CH582F\BLE\LIB\libCH58xBLE.a(gap.o)
                0x00000000000060ca                GAP_GetParamValue
 .text.GAP_PasscodeUpdate
                0x00000000000060ea       0x54 D:\HMD\_Projects\_P14_V2_BLE多工機\Firmware\BLE_CH582F\BLE\LIB\libCH58xBLE.a(gap.o)
                0x00000000000060ea                GAP_PasscodeUpdate
 .text.GAP_RegisterForMsgs
                0x000000000000613e        0xa D:\HMD\_Projects\_P14_V2_BLE多工機\Firmware\BLE_CH582F\BLE\LIB\libCH58xBLE.a(gap.o)
                0x000000000000613e                GAP_RegisterForMsgs
 .text.GAP_ResolvePrivateAddr
                0x0000000000006148        0x4 D:\HMD\_Projects\_P14_V2_BLE多工機\Firmware\BLE_CH582F\BLE\LIB\libCH58xBLE.a(gap.o)
                0x0000000000006148                GAP_ResolvePrivateAddr
 .text.gapPairingCompleteCB
                0x000000000000614c      0x18c D:\HMD\_Projects\_P14_V2_BLE多工機\Firmware\BLE_CH582F\BLE\LIB\libCH58xBLE.a(gap.o)
                0x000000000000614c                gapPairingCompleteCB
 .text.gapPasskeyNeededCB
                0x00000000000062d8       0x8e D:\HMD\_Projects\_P14_V2_BLE多工機\Firmware\BLE_CH582F\BLE\LIB\libCH58xBLE.a(gap.o)
                0x00000000000062d8                gapPasskeyNeededCB
 .text.gapOobNeededCB
                0x0000000000006366       0xa6 D:\HMD\_Projects\_P14_V2_BLE多工機\Firmware\BLE_CH582F\BLE\LIB\libCH58xBLE.a(gap.o)
                0x0000000000006366                gapOobNeededCB
 .text.gapFreeEstLink
                0x000000000000640c       0x20 D:\HMD\_Projects\_P14_V2_BLE多工機\Firmware\BLE_CH582F\BLE\LIB\libCH58xBLE.a(gap.o)
                0x000000000000640c                gapFreeEstLink
 .text.gapUpdateConnSignCounter
                0x000000000000642c       0x7a D:\HMD\_Projects\_P14_V2_BLE多工機\Firmware\BLE_CH582F\BLE\LIB\libCH58xBLE.a(gap.o)
                0x000000000000642c                gapUpdateConnSignCounter
 .text.GAP_SendSlaveSecurityRequest
                0x00000000000064a6       0x4a D:\HMD\_Projects\_P14_V2_BLE多工機\Firmware\BLE_CH582F\BLE\LIB\libCH58xBLE.a(gap.o)
                0x00000000000064a6                GAP_SendSlaveSecurityRequest
 .text.GAP_Signable
                0x00000000000064f0       0x6a D:\HMD\_Projects\_P14_V2_BLE多工機\Firmware\BLE_CH582F\BLE\LIB\libCH58xBLE.a(gap.o)
                0x00000000000064f0                GAP_Signable
 .text.GAP_TerminateAuth
                0x000000000000655a       0x2a D:\HMD\_Projects\_P14_V2_BLE多工機\Firmware\BLE_CH582F\BLE\LIB\libCH58xBLE.a(gap.o)
                0x000000000000655a                GAP_TerminateAuth
 .text.GAP_NumActiveConnections
                0x0000000000006584        0x4 D:\HMD\_Projects\_P14_V2_BLE多工機\Firmware\BLE_CH582F\BLE\LIB\libCH58xBLE.a(gap.o)
                0x0000000000006584                GAP_NumActiveConnections
 .text.GAP_TerminateLinkReq
                0x0000000000006588       0x8e D:\HMD\_Projects\_P14_V2_BLE多工機\Firmware\BLE_CH582F\BLE\LIB\libCH58xBLE.a(gap.o)
                0x0000000000006588                GAP_TerminateLinkReq
 .text.GAP_SetParamValue
                0x0000000000006616       0x6c D:\HMD\_Projects\_P14_V2_BLE多工機\Firmware\BLE_CH582F\BLE\LIB\libCH58xBLE.a(gap.o)
                0x0000000000006616                GAP_SetParamValue
 .text.GAP_Init
                0x0000000000006682       0x48 D:\HMD\_Projects\_P14_V2_BLE多工機\Firmware\BLE_CH582F\BLE\LIB\libCH58xBLE.a(gap.o)
                0x0000000000006682                GAP_Init
 .text.GAP_ProcessEvent
                0x00000000000066ca      0x66a D:\HMD\_Projects\_P14_V2_BLE多工機\Firmware\BLE_CH582F\BLE\LIB\libCH58xBLE.a(gap.o)
                0x00000000000066ca                GAP_ProcessEvent
 .text.gapSendScanEnable
                0x0000000000006d34       0x3a D:\HMD\_Projects\_P14_V2_BLE多工機\Firmware\BLE_CH582F\BLE\LIB\libCH58xBLE.a(gap_central.o)
 .text.gapCentProcessConnEvt
                0x0000000000006d6e      0x168 D:\HMD\_Projects\_P14_V2_BLE多工機\Firmware\BLE_CH582F\BLE\LIB\libCH58xBLE.a(gap_central.o)
                0x0000000000006d6e                gapCentProcessConnEvt
 .text.gapProcessScanningPeriodicAdvEvt
                0x0000000000006ed6       0xa0 D:\HMD\_Projects\_P14_V2_BLE多工機\Firmware\BLE_CH582F\BLE\LIB\libCH58xBLE.a(gap_central.o)
                0x0000000000006ed6                gapProcessScanningPeriodicAdvEvt
 .text.gapCancelLinkReq
                0x0000000000006f76       0x38 D:\HMD\_Projects\_P14_V2_BLE多工機\Firmware\BLE_CH582F\BLE\LIB\libCH58xBLE.a(gap_central.o)
                0x0000000000006f76                gapCancelLinkReq
 .text.gapProcessAdvertDevInfo
                0x0000000000006fae      0x242 D:\HMD\_Projects\_P14_V2_BLE多工機\Firmware\BLE_CH582F\BLE\LIB\libCH58xBLE.a(gap_central.o)
                0x0000000000006fae                gapProcessAdvertDevInfo
 .text.gapProcessExtAdvertDevInfo
                0x00000000000071f0      0x260 D:\HMD\_Projects\_P14_V2_BLE多工機\Firmware\BLE_CH582F\BLE\LIB\libCH58xBLE.a(gap_central.o)
                0x00000000000071f0                gapProcessExtAdvertDevInfo
 .text.gapProcessPeriodicAdvertisingSyncEstablishedEvt
                0x0000000000007450       0xae D:\HMD\_Projects\_P14_V2_BLE多工機\Firmware\BLE_CH582F\BLE\LIB\libCH58xBLE.a(gap_central.o)
                0x0000000000007450                gapProcessPeriodicAdvertisingSyncEstablishedEvt
 .text.gapProcessPeriodicAdvertisingSyncLostEvt
                0x00000000000074fe       0x56 D:\HMD\_Projects\_P14_V2_BLE多工機\Firmware\BLE_CH582F\BLE\LIB\libCH58xBLE.a(gap_central.o)
                0x00000000000074fe                gapProcessPeriodicAdvertisingSyncLostEvt
 .text.gapFreeScanRecs
                0x0000000000007554       0xa6 D:\HMD\_Projects\_P14_V2_BLE多工機\Firmware\BLE_CH582F\BLE\LIB\libCH58xBLE.a(gap_central.o)
                0x0000000000007554                gapFreeScanRecs
 .text.gapSendDevDiscEvent
                0x00000000000075fa      0x124 D:\HMD\_Projects\_P14_V2_BLE多工機\Firmware\BLE_CH582F\BLE\LIB\libCH58xBLE.a(gap_central.o)
                0x00000000000075fa                gapSendDevDiscEvent
 .text.gapSetScanParamStatus
                0x000000000000771e       0x56 D:\HMD\_Projects\_P14_V2_BLE多工機\Firmware\BLE_CH582F\BLE\LIB\libCH58xBLE.a(gap_central.o)
 .text.gapCentProcessHCICmdEvt
                0x0000000000007774       0x3c D:\HMD\_Projects\_P14_V2_BLE多工機\Firmware\BLE_CH582F\BLE\LIB\libCH58xBLE.a(gap_central.o)
                0x0000000000007774                gapCentProcessHCICmdEvt
 .text.gapProcessScanningEvt
                0x00000000000077b0      0x10e D:\HMD\_Projects\_P14_V2_BLE多工機\Firmware\BLE_CH582F\BLE\LIB\libCH58xBLE.a(gap_central.o)
                0x00000000000077b0                gapProcessScanningEvt
 .text.gapProcessScanningDirectEvt
                0x00000000000078be       0xfe D:\HMD\_Projects\_P14_V2_BLE多工機\Firmware\BLE_CH582F\BLE\LIB\libCH58xBLE.a(gap_central.o)
                0x00000000000078be                gapProcessScanningDirectEvt
 .text.gapProcessScanningExtAdvEvt
                0x00000000000079bc      0x2c4 D:\HMD\_Projects\_P14_V2_BLE多工機\Firmware\BLE_CH582F\BLE\LIB\libCH58xBLE.a(gap_central.o)
                0x00000000000079bc                gapProcessScanningExtAdvEvt
 .text.GAP_CentConnRegister
                0x0000000000007c80       0x1a D:\HMD\_Projects\_P14_V2_BLE多工機\Firmware\BLE_CH582F\BLE\LIB\libCH58xBLE.a(gap_central.o)
                0x0000000000007c80                GAP_CentConnRegister
 .text.GAP_CentralParamInit
                0x0000000000007c9a       0x6e D:\HMD\_Projects\_P14_V2_BLE多工機\Firmware\BLE_CH582F\BLE\LIB\libCH58xBLE.a(gap_central.o)
                0x0000000000007c9a                GAP_CentralParamInit
 .text.GAP_CentDevMgrInit
                0x0000000000007d08       0x9c D:\HMD\_Projects\_P14_V2_BLE多工機\Firmware\BLE_CH582F\BLE\LIB\libCH58xBLE.a(gap_central.o)
                0x0000000000007d08                GAP_CentDevMgrInit
 .text.gapFreeAdvertState
                0x0000000000007da4       0x20 D:\HMD\_Projects\_P14_V2_BLE多工機\Firmware\BLE_CH582F\BLE\LIB\libCH58xBLE.a(gap_peripheral.o)
 .text.gapSetPeriodicAdvParams
                0x0000000000007dc4       0x30 D:\HMD\_Projects\_P14_V2_BLE多工機\Firmware\BLE_CH582F\BLE\LIB\libCH58xBLE.a(gap_peripheral.o)
 .text.gapSetConnectionlessCTEParams
                0x0000000000007df4       0x54 D:\HMD\_Projects\_P14_V2_BLE多工機\Firmware\BLE_CH582F\BLE\LIB\libCH58xBLE.a(gap_peripheral.o)
 .text.gapSetAdvParams
                0x0000000000007e48      0x126 D:\HMD\_Projects\_P14_V2_BLE多工機\Firmware\BLE_CH582F\BLE\LIB\libCH58xBLE.a(gap_peripheral.o)
 .text.gapPeriProcessConnEvt
                0x0000000000007f6e       0xd0 D:\HMD\_Projects\_P14_V2_BLE多工機\Firmware\BLE_CH582F\BLE\LIB\libCH58xBLE.a(gap_peripheral.o)
 .text.gapWriteAdvDataStatus
                0x000000000000803e       0x8a D:\HMD\_Projects\_P14_V2_BLE多工機\Firmware\BLE_CH582F\BLE\LIB\libCH58xBLE.a(gap_peripheral.o)
 .text.GAP_MakeDiscoverable
                0x00000000000080c8      0x174 D:\HMD\_Projects\_P14_V2_BLE多工機\Firmware\BLE_CH582F\BLE\LIB\libCH58xBLE.a(gap_peripheral.o)
                0x00000000000080c8                GAP_MakeDiscoverable
 .text.GAP_EndDiscoverable
                0x000000000000823c       0x66 D:\HMD\_Projects\_P14_V2_BLE多工機\Firmware\BLE_CH582F\BLE\LIB\libCH58xBLE.a(gap_peripheral.o)
                0x000000000000823c                GAP_EndDiscoverable
 .text.gapProcessAdvertisingEvt
                0x00000000000082a2      0x116 D:\HMD\_Projects\_P14_V2_BLE多工機\Firmware\BLE_CH582F\BLE\LIB\libCH58xBLE.a(gap_peripheral.o)
 .text.GAP_MakePeriodic
                0x00000000000083b8       0x26 D:\HMD\_Projects\_P14_V2_BLE多工機\Firmware\BLE_CH582F\BLE\LIB\libCH58xBLE.a(gap_peripheral.o)
                0x00000000000083b8                GAP_MakePeriodic
 .text.GAP_EndPeriodic
                0x00000000000083de        0xc D:\HMD\_Projects\_P14_V2_BLE多工機\Firmware\BLE_CH582F\BLE\LIB\libCH58xBLE.a(gap_peripheral.o)
                0x00000000000083de                GAP_EndPeriodic
 .text.GAP_MakeConnecttionlessCTE
                0x00000000000083ea       0x1a D:\HMD\_Projects\_P14_V2_BLE多工機\Firmware\BLE_CH582F\BLE\LIB\libCH58xBLE.a(gap_peripheral.o)
                0x00000000000083ea                GAP_MakeConnecttionlessCTE
 .text.GAP_EndConnecttionlessCTE
                0x0000000000008404        0xc D:\HMD\_Projects\_P14_V2_BLE多工機\Firmware\BLE_CH582F\BLE\LIB\libCH58xBLE.a(gap_peripheral.o)
                0x0000000000008404                GAP_EndConnecttionlessCTE
 .text.GAP_SetAdvertisingAdvData
                0x0000000000008410      0x102 D:\HMD\_Projects\_P14_V2_BLE多工機\Firmware\BLE_CH582F\BLE\LIB\libCH58xBLE.a(gap_peripheral.o)
                0x0000000000008410                GAP_SetAdvertisingAdvData
 .text.GAP_SetAdvertisingRspData
                0x0000000000008512      0x102 D:\HMD\_Projects\_P14_V2_BLE多工機\Firmware\BLE_CH582F\BLE\LIB\libCH58xBLE.a(gap_peripheral.o)
                0x0000000000008512                GAP_SetAdvertisingRspData
 .text.GAP_SetPeriodicAdvertisingData
                0x0000000000008614       0xc6 D:\HMD\_Projects\_P14_V2_BLE多工機\Firmware\BLE_CH582F\BLE\LIB\libCH58xBLE.a(gap_peripheral.o)
                0x0000000000008614                GAP_SetPeriodicAdvertisingData
 .text.GAP_GetAdvertisingAdvData
                0x00000000000086da       0x26 D:\HMD\_Projects\_P14_V2_BLE多工機\Firmware\BLE_CH582F\BLE\LIB\libCH58xBLE.a(gap_peripheral.o)
                0x00000000000086da                GAP_GetAdvertisingAdvData
 .text.GAP_GetAdvertisingRspData
                0x0000000000008700       0x34 D:\HMD\_Projects\_P14_V2_BLE多工機\Firmware\BLE_CH582F\BLE\LIB\libCH58xBLE.a(gap_peripheral.o)
                0x0000000000008700                GAP_GetAdvertisingRspData
 .text.GAP_GetPeriodicAdvertisingData
                0x0000000000008734       0x34 D:\HMD\_Projects\_P14_V2_BLE多工機\Firmware\BLE_CH582F\BLE\LIB\libCH58xBLE.a(gap_peripheral.o)
                0x0000000000008734                GAP_GetPeriodicAdvertisingData
 .text.GAP_PeriConnRegister
                0x0000000000008768       0x2e D:\HMD\_Projects\_P14_V2_BLE多工機\Firmware\BLE_CH582F\BLE\LIB\libCH58xBLE.a(gap_peripheral.o)
                0x0000000000008768                GAP_PeriConnRegister
 .text.GAP_PeripheralParamInit
                0x0000000000008796       0x6c D:\HMD\_Projects\_P14_V2_BLE多工機\Firmware\BLE_CH582F\BLE\LIB\libCH58xBLE.a(gap_peripheral.o)
                0x0000000000008796                GAP_PeripheralParamInit
 .text.gapSendMakeDiscEvent
                0x0000000000008802       0x50 D:\HMD\_Projects\_P14_V2_BLE多工機\Firmware\BLE_CH582F\BLE\LIB\libCH58xBLE.a(gap_peripheral.o)
                0x0000000000008802                gapSendMakeDiscEvent
 .text.gapWriteAdvEnableStatus
                0x0000000000008852      0x10e D:\HMD\_Projects\_P14_V2_BLE多工機\Firmware\BLE_CH582F\BLE\LIB\libCH58xBLE.a(gap_peripheral.o)
 .text.gapSendMakePeriodicEvent
                0x0000000000008960       0x3a D:\HMD\_Projects\_P14_V2_BLE多工機\Firmware\BLE_CH582F\BLE\LIB\libCH58xBLE.a(gap_peripheral.o)
                0x0000000000008960                gapSendMakePeriodicEvent
 .text.gapSendMakeConnectionlessCTEEvent
                0x000000000000899a       0x3a D:\HMD\_Projects\_P14_V2_BLE多工機\Firmware\BLE_CH582F\BLE\LIB\libCH58xBLE.a(gap_peripheral.o)
                0x000000000000899a                gapSendMakeConnectionlessCTEEvent
 .text.gapPeriProcessHCICmdCompleteEvt
                0x00000000000089d4      0x22e D:\HMD\_Projects\_P14_V2_BLE多工機\Firmware\BLE_CH582F\BLE\LIB\libCH58xBLE.a(gap_peripheral.o)
 .text.GAP_PeriDevMgrInit
                0x0000000000008c02       0x2e D:\HMD\_Projects\_P14_V2_BLE多工機\Firmware\BLE_CH582F\BLE\LIB\libCH58xBLE.a(gap_peripheral.o)
                0x0000000000008c02                GAP_PeriDevMgrInit
 .text.ggs_SetAttrWPermit
                0x0000000000008c30       0x68 D:\HMD\_Projects\_P14_V2_BLE多工機\Firmware\BLE_CH582F\BLE\LIB\libCH58xBLE.a(gapgattserver.o)
 .text.ggs_ReadAttrCB
                0x0000000000008c98      0x156 D:\HMD\_Projects\_P14_V2_BLE多工機\Firmware\BLE_CH582F\BLE\LIB\libCH58xBLE.a(gapgattserver.o)
 .text.ggs_WriteAttrCB
                0x0000000000008dee      0x162 D:\HMD\_Projects\_P14_V2_BLE多工機\Firmware\BLE_CH582F\BLE\LIB\libCH58xBLE.a(gapgattserver.o)
 .text.GGS_ParamInit
                0x0000000000008f50      0x15c D:\HMD\_Projects\_P14_V2_BLE多工機\Firmware\BLE_CH582F\BLE\LIB\libCH58xBLE.a(gapgattserver.o)
                0x0000000000008f50                GGS_ParamInit
 .text.GGS_SetParameter
                0x00000000000090ac      0x116 D:\HMD\_Projects\_P14_V2_BLE多工機\Firmware\BLE_CH582F\BLE\LIB\libCH58xBLE.a(gapgattserver.o)
                0x00000000000090ac                GGS_SetParameter
 .text.GGS_AddService
                0x00000000000091c2       0x2c D:\HMD\_Projects\_P14_V2_BLE多工機\Firmware\BLE_CH582F\BLE\LIB\libCH58xBLE.a(gapgattserver.o)
                0x00000000000091c2                GGS_AddService
 .text.GAP_DeviceInit
                0x00000000000091ee       0xd8 D:\HMD\_Projects\_P14_V2_BLE多工機\Firmware\BLE_CH582F\BLE\LIB\libCH58xBLE.a(gapgattserver.o)
                0x00000000000091ee                GAP_DeviceInit
 .text.gattGetPayload
                0x00000000000092c6       0x7e D:\HMD\_Projects\_P14_V2_BLE多工機\Firmware\BLE_CH582F\BLE\LIB\libCH58xBLE.a(gatt.o)
                0x00000000000092c6                gattGetPayload
 .text.gattNotifyEvent
                0x0000000000009344       0x84 D:\HMD\_Projects\_P14_V2_BLE多工機\Firmware\BLE_CH582F\BLE\LIB\libCH58xBLE.a(gatt.o)
                0x0000000000009344                gattNotifyEvent
 .text.gattSendFlowCtrlEvt
                0x00000000000093c8       0x50 D:\HMD\_Projects\_P14_V2_BLE多工機\Firmware\BLE_CH582F\BLE\LIB\libCH58xBLE.a(gatt.o)
                0x00000000000093c8                gattSendFlowCtrlEvt
 .text.gattStartTimer
                0x0000000000009418        0xc D:\HMD\_Projects\_P14_V2_BLE多工機\Firmware\BLE_CH582F\BLE\LIB\libCH58xBLE.a(gatt.o)
                0x0000000000009418                gattStartTimer
 .text.gattStopTimer
                0x0000000000009424       0x32 D:\HMD\_Projects\_P14_V2_BLE多工機\Firmware\BLE_CH582F\BLE\LIB\libCH58xBLE.a(gatt.o)
                0x0000000000009424                gattStopTimer
 .text.GATT_AppCompletedMsg
                0x0000000000009456       0x30 D:\HMD\_Projects\_P14_V2_BLE多工機\Firmware\BLE_CH582F\BLE\LIB\libCH58xBLE.a(gatt.o)
                0x0000000000009456                GATT_AppCompletedMsg
 .text.GATT_NotifyEvent
                0x0000000000009486       0x56 D:\HMD\_Projects\_P14_V2_BLE多工機\Firmware\BLE_CH582F\BLE\LIB\libCH58xBLE.a(gatt.o)
                0x0000000000009486                GATT_NotifyEvent
 .text.gattRegisterServer
                0x00000000000094dc        0x6 D:\HMD\_Projects\_P14_V2_BLE多工機\Firmware\BLE_CH582F\BLE\LIB\libCH58xBLE.a(gatt.o)
                0x00000000000094dc                gattRegisterServer
 .text.GATT_UpdateMTU
                0x00000000000094e2       0x5a D:\HMD\_Projects\_P14_V2_BLE多工機\Firmware\BLE_CH582F\BLE\LIB\libCH58xBLE.a(gatt.o)
                0x00000000000094e2                GATT_UpdateMTU
 .text.GATT_bm_alloc
                0x000000000000953c       0xe8 D:\HMD\_Projects\_P14_V2_BLE多工機\Firmware\BLE_CH582F\BLE\LIB\libCH58xBLE.a(gatt.o)
                0x000000000000953c                GATT_bm_alloc
 .text.GATT_ServiceChangedInd
                0x0000000000009624       0x94 D:\HMD\_Projects\_P14_V2_BLE多工機\Firmware\BLE_CH582F\BLE\LIB\libCH58xBLE.a(gatt.o)
                0x0000000000009624                GATT_ServiceChangedInd
 .text.GATT_bm_free
                0x00000000000096b8       0x1c D:\HMD\_Projects\_P14_V2_BLE多工機\Firmware\BLE_CH582F\BLE\LIB\libCH58xBLE.a(gatt.o)
                0x00000000000096b8                GATT_bm_free
 .text.GATT_Init
                0x00000000000096d4       0x2a D:\HMD\_Projects\_P14_V2_BLE多工機\Firmware\BLE_CH582F\BLE\LIB\libCH58xBLE.a(gatt.o)
                0x00000000000096d4                GATT_Init
 .text.GATT_ProcessEvent
                0x00000000000096fe      0x13a D:\HMD\_Projects\_P14_V2_BLE多工機\Firmware\BLE_CH582F\BLE\LIB\libCH58xBLE.a(gatt.o)
                0x00000000000096fe                GATT_ProcessEvent
 .text.gattProcessExchangeMTUReq
                0x0000000000009838        0x4 D:\HMD\_Projects\_P14_V2_BLE多工機\Firmware\BLE_CH582F\BLE\LIB\libCH58xBLE.a(gattservapp.o)
 .text.gattServApp_FindCharCfgItem
                0x000000000000983c       0x24 D:\HMD\_Projects\_P14_V2_BLE多工機\Firmware\BLE_CH582F\BLE\LIB\libCH58xBLE.a(gattservapp.o)
 .text.gattServerHandleTimerCB
                0x0000000000009860       0x3c D:\HMD\_Projects\_P14_V2_BLE多工機\Firmware\BLE_CH582F\BLE\LIB\libCH58xBLE.a(gattservapp.o)
 .text.GATTServApp_InitCharCfg.part.12
                0x000000000000989c       0x20 D:\HMD\_Projects\_P14_V2_BLE多工機\Firmware\BLE_CH582F\BLE\LIB\libCH58xBLE.a(gattservapp.o)
 .text.gattProcessExecuteWriteReq
                0x00000000000098bc        0x4 D:\HMD\_Projects\_P14_V2_BLE多工機\Firmware\BLE_CH582F\BLE\LIB\libCH58xBLE.a(gattservapp.o)
 .text.GATTServApp_ParamInit
                0x00000000000098c0       0xd6 D:\HMD\_Projects\_P14_V2_BLE多工機\Firmware\BLE_CH582F\BLE\LIB\libCH58xBLE.a(gattservapp.o)
                0x00000000000098c0                GATTServApp_ParamInit
 .text.GATTServApp_ReadCharCfg
                0x0000000000009996       0x18 D:\HMD\_Projects\_P14_V2_BLE多工機\Firmware\BLE_CH582F\BLE\LIB\libCH58xBLE.a(gattservapp.o)
                0x0000000000009996                GATTServApp_ReadCharCfg
 .text.GATTServApp_WriteCharCfg
                0x00000000000099ae       0x3c D:\HMD\_Projects\_P14_V2_BLE多工機\Firmware\BLE_CH582F\BLE\LIB\libCH58xBLE.a(gattservapp.o)
                0x00000000000099ae                GATTServApp_WriteCharCfg
 .text.GATTServApp_ProcessCCCWriteReq
                0x00000000000099ea       0x60 D:\HMD\_Projects\_P14_V2_BLE多工機\Firmware\BLE_CH582F\BLE\LIB\libCH58xBLE.a(gattservapp.o)
                0x00000000000099ea                GATTServApp_ProcessCCCWriteReq
 .text.gattServApp_WriteAttrCB
                0x0000000000009a4a       0x34 D:\HMD\_Projects\_P14_V2_BLE多工機\Firmware\BLE_CH582F\BLE\LIB\libCH58xBLE.a(gattservapp.o)
                0x0000000000009a4a                gattServApp_WriteAttrCB
 .text.GATTServApp_SendCCCUpdatedEvent
                0x0000000000009a7e       0x5e D:\HMD\_Projects\_P14_V2_BLE多工機\Firmware\BLE_CH582F\BLE\LIB\libCH58xBLE.a(gattservapp.o)
                0x0000000000009a7e                GATTServApp_SendCCCUpdatedEvent
 .text.GATTServApp_SendServiceChangedInd
                0x0000000000009adc       0x36 D:\HMD\_Projects\_P14_V2_BLE多工機\Firmware\BLE_CH582F\BLE\LIB\libCH58xBLE.a(gattservapp.o)
                0x0000000000009adc                GATTServApp_SendServiceChangedInd
 .text.gattServApp_ClearPrepareWriteQ
                0x0000000000009b12       0x50 D:\HMD\_Projects\_P14_V2_BLE多工機\Firmware\BLE_CH582F\BLE\LIB\libCH58xBLE.a(gattservapp.o)
                0x0000000000009b12                gattServApp_ClearPrepareWriteQ
 .text.gattServApp_FindPrepareWriteQ
                0x0000000000009b62       0x30 D:\HMD\_Projects\_P14_V2_BLE多工機\Firmware\BLE_CH582F\BLE\LIB\libCH58xBLE.a(gattservapp.o)
                0x0000000000009b62                gattServApp_FindPrepareWriteQ
 .text.gattServApp_FindServiceCBs
                0x0000000000009b92       0x18 D:\HMD\_Projects\_P14_V2_BLE多工機\Firmware\BLE_CH582F\BLE\LIB\libCH58xBLE.a(gattservapp.o)
                0x0000000000009b92                gattServApp_FindServiceCBs
 .text.gattServApp_FindAuthorizeAttrCB
                0x0000000000009baa       0x14 D:\HMD\_Projects\_P14_V2_BLE多工機\Firmware\BLE_CH582F\BLE\LIB\libCH58xBLE.a(gattservapp.o)
                0x0000000000009baa                gattServApp_FindAuthorizeAttrCB
 .text.gattServApp_IsWriteLong
                0x0000000000009bbe       0xea D:\HMD\_Projects\_P14_V2_BLE多工機\Firmware\BLE_CH582F\BLE\LIB\libCH58xBLE.a(gattservapp.o)
                0x0000000000009bbe                gattServApp_IsWriteLong
 .text.gattFindService
                0x0000000000009ca8       0x1c D:\HMD\_Projects\_P14_V2_BLE多工機\Firmware\BLE_CH582F\BLE\LIB\libCH58xBLE.a(gattservapp.o)
                0x0000000000009ca8                gattFindService
 .text.GATT_ServiceNumAttrs
                0x0000000000009cc4       0x16 D:\HMD\_Projects\_P14_V2_BLE多工機\Firmware\BLE_CH582F\BLE\LIB\libCH58xBLE.a(gattservapp.o)
                0x0000000000009cc4                GATT_ServiceNumAttrs
 .text.GATT_ServiceEncKeySize
                0x0000000000009cda       0x18 D:\HMD\_Projects\_P14_V2_BLE多工機\Firmware\BLE_CH582F\BLE\LIB\libCH58xBLE.a(gattservapp.o)
                0x0000000000009cda                GATT_ServiceEncKeySize
 .text.GATT_VerifyWritePermissions.part.7
                0x0000000000009cf2       0x2c D:\HMD\_Projects\_P14_V2_BLE多工機\Firmware\BLE_CH582F\BLE\LIB\libCH58xBLE.a(gattservapp.o)
 .text.gattResetServerInfo
                0x0000000000009d1e       0x1c D:\HMD\_Projects\_P14_V2_BLE多工機\Firmware\BLE_CH582F\BLE\LIB\libCH58xBLE.a(gattservapp.o)
                0x0000000000009d1e                gattResetServerInfo
 .text.gattFindServerInfo
                0x0000000000009d3a       0x2c D:\HMD\_Projects\_P14_V2_BLE多工機\Firmware\BLE_CH582F\BLE\LIB\libCH58xBLE.a(gattservapp.o)
                0x0000000000009d3a                gattFindServerInfo
 .text.gattServerHandleConnStatusCB
                0x0000000000009d66       0x98 D:\HMD\_Projects\_P14_V2_BLE多工機\Firmware\BLE_CH582F\BLE\LIB\libCH58xBLE.a(gattservapp.o)
                0x0000000000009d66                gattServerHandleConnStatusCB
 .text.gattServerProcessMsgCB
                0x0000000000009dfe      0x1c0 D:\HMD\_Projects\_P14_V2_BLE多工機\Firmware\BLE_CH582F\BLE\LIB\libCH58xBLE.a(gattservapp.o)
                0x0000000000009dfe                gattServerProcessMsgCB
 .text.gattServerNotifyTxCB
                0x0000000000009fbe       0x28 D:\HMD\_Projects\_P14_V2_BLE多工機\Firmware\BLE_CH582F\BLE\LIB\libCH58xBLE.a(gattservapp.o)
 .text.GATT_FindHandle
                0x0000000000009fe6       0x4a D:\HMD\_Projects\_P14_V2_BLE多工機\Firmware\BLE_CH582F\BLE\LIB\libCH58xBLE.a(gattservapp.o)
                0x0000000000009fe6                GATT_FindHandle
 .text.GATTServApp_WriteAttr
                0x000000000000a030       0xa8 D:\HMD\_Projects\_P14_V2_BLE多工機\Firmware\BLE_CH582F\BLE\LIB\libCH58xBLE.a(gattservapp.o)
                0x000000000000a030                GATTServApp_WriteAttr
 .text.gattServApp_ProcessExecuteWriteReq
                0x000000000000a0d8      0x100 D:\HMD\_Projects\_P14_V2_BLE多工機\Firmware\BLE_CH582F\BLE\LIB\libCH58xBLE.a(gattservapp.o)
                0x000000000000a0d8                gattServApp_ProcessExecuteWriteReq
 .text.GATTServApp_UpdateCharCfg
                0x000000000000a1d8       0x1e D:\HMD\_Projects\_P14_V2_BLE多工機\Firmware\BLE_CH582F\BLE\LIB\libCH58xBLE.a(gattservapp.o)
                0x000000000000a1d8                GATTServApp_UpdateCharCfg
 .text.gattServApp_ProcessPrepareWriteReq
                0x000000000000a1f6      0x10e D:\HMD\_Projects\_P14_V2_BLE多工機\Firmware\BLE_CH582F\BLE\LIB\libCH58xBLE.a(gattservapp.o)
                0x000000000000a1f6                gattServApp_ProcessPrepareWriteReq
 .text.gattServApp_ProcessWriteReq
                0x000000000000a304       0xb0 D:\HMD\_Projects\_P14_V2_BLE多工機\Firmware\BLE_CH582F\BLE\LIB\libCH58xBLE.a(gattservapp.o)
                0x000000000000a304                gattServApp_ProcessWriteReq
 .text.GATT_Indication
                0x000000000000a3b4       0xa4 D:\HMD\_Projects\_P14_V2_BLE多工機\Firmware\BLE_CH582F\BLE\LIB\libCH58xBLE.a(gattservapp.o)
                0x000000000000a3b4                GATT_Indication
 .text.GATT_FindHandleUUID
                0x000000000000a458       0x94 D:\HMD\_Projects\_P14_V2_BLE多工機\Firmware\BLE_CH582F\BLE\LIB\libCH58xBLE.a(gattservapp.o)
                0x000000000000a458                GATT_FindHandleUUID
 .text.gattProcessReadByGrpTypeReq
                0x000000000000a4ec       0x60 D:\HMD\_Projects\_P14_V2_BLE多工機\Firmware\BLE_CH582F\BLE\LIB\libCH58xBLE.a(gattservapp.o)
 .text.gattProcessReadByTypeReq
                0x000000000000a54c       0x34 D:\HMD\_Projects\_P14_V2_BLE多工機\Firmware\BLE_CH582F\BLE\LIB\libCH58xBLE.a(gattservapp.o)
 .text.gattProcessFindByTypeValueReq
                0x000000000000a580       0x34 D:\HMD\_Projects\_P14_V2_BLE多工機\Firmware\BLE_CH582F\BLE\LIB\libCH58xBLE.a(gattservapp.o)
 .text.gattProcessFindInfoReq
                0x000000000000a5b4      0x1aa D:\HMD\_Projects\_P14_V2_BLE多工機\Firmware\BLE_CH582F\BLE\LIB\libCH58xBLE.a(gattservapp.o)
 .text.GATT_Notification
                0x000000000000a75e       0x70 D:\HMD\_Projects\_P14_V2_BLE多工機\Firmware\BLE_CH582F\BLE\LIB\libCH58xBLE.a(gattservapp.o)
                0x000000000000a75e                GATT_Notification
 .text.GATT_VerifyWritePermissions
                0x000000000000a7ce       0x6a D:\HMD\_Projects\_P14_V2_BLE多工機\Firmware\BLE_CH582F\BLE\LIB\libCH58xBLE.a(gattservapp.o)
                0x000000000000a7ce                GATT_VerifyWritePermissions
 .text.gattProcessWriteReq
                0x000000000000a838       0x36 D:\HMD\_Projects\_P14_V2_BLE多工機\Firmware\BLE_CH582F\BLE\LIB\libCH58xBLE.a(gattservapp.o)
 .text.GATT_VerifyPrepareWritePermissions
                0x000000000000a86e       0x56 D:\HMD\_Projects\_P14_V2_BLE多工機\Firmware\BLE_CH582F\BLE\LIB\libCH58xBLE.a(gattservapp.o)
                0x000000000000a86e                GATT_VerifyPrepareWritePermissions
 .text.gattProcessPrepareWriteReq
                0x000000000000a8c4       0x36 D:\HMD\_Projects\_P14_V2_BLE多工機\Firmware\BLE_CH582F\BLE\LIB\libCH58xBLE.a(gattservapp.o)
 .text.GATT_FindNextAttr
                0x000000000000a8fa       0xc2 D:\HMD\_Projects\_P14_V2_BLE多工機\Firmware\BLE_CH582F\BLE\LIB\libCH58xBLE.a(gattservapp.o)
                0x000000000000a8fa                GATT_FindNextAttr
 .text.GATTServApp_ReadAttr
                0x000000000000a9bc      0x2ea D:\HMD\_Projects\_P14_V2_BLE多工機\Firmware\BLE_CH582F\BLE\LIB\libCH58xBLE.a(gattservapp.o)
                0x000000000000a9bc                GATTServApp_ReadAttr
 .text.gattServApp_ProcessReadMultiReq
                0x000000000000aca6      0x16e D:\HMD\_Projects\_P14_V2_BLE多工機\Firmware\BLE_CH582F\BLE\LIB\libCH58xBLE.a(gattservapp.o)
                0x000000000000aca6                gattServApp_ProcessReadMultiReq
 .text.gattServApp_ProcessFindByTypeValueReq
                0x000000000000ae14      0x1a0 D:\HMD\_Projects\_P14_V2_BLE多工機\Firmware\BLE_CH582F\BLE\LIB\libCH58xBLE.a(gattservapp.o)
                0x000000000000ae14                gattServApp_ProcessFindByTypeValueReq
 .text.GATT_VerifyReadPermissions
                0x000000000000afb4       0x68 D:\HMD\_Projects\_P14_V2_BLE多工機\Firmware\BLE_CH582F\BLE\LIB\libCH58xBLE.a(gattservapp.o)
                0x000000000000afb4                GATT_VerifyReadPermissions
 .text.gattProcessReadMultiReq
                0x000000000000b01c       0xae D:\HMD\_Projects\_P14_V2_BLE多工機\Firmware\BLE_CH582F\BLE\LIB\libCH58xBLE.a(gattservapp.o)
 .text.gattProcessReadReq
                0x000000000000b0ca       0x30 D:\HMD\_Projects\_P14_V2_BLE多工機\Firmware\BLE_CH582F\BLE\LIB\libCH58xBLE.a(gattservapp.o)
 .text.gattServApp_ProcessReadByGrpTypeReq
                0x000000000000b0fa      0x21c D:\HMD\_Projects\_P14_V2_BLE多工機\Firmware\BLE_CH582F\BLE\LIB\libCH58xBLE.a(gattservapp.o)
                0x000000000000b0fa                gattServApp_ProcessReadByGrpTypeReq
 .text.gattServApp_ProcessReadByTypeReq
                0x000000000000b316      0x1ae D:\HMD\_Projects\_P14_V2_BLE多工機\Firmware\BLE_CH582F\BLE\LIB\libCH58xBLE.a(gattservapp.o)
                0x000000000000b316                gattServApp_ProcessReadByTypeReq
 .text.GATT_RegisterService
                0x000000000000b4c4      0x100 D:\HMD\_Projects\_P14_V2_BLE多工機\Firmware\BLE_CH582F\BLE\LIB\libCH58xBLE.a(gattservapp.o)
                0x000000000000b4c4                GATT_RegisterService
 .text.GATTServApp_RegisterService
                0x000000000000b5c4       0x7c D:\HMD\_Projects\_P14_V2_BLE多工機\Firmware\BLE_CH582F\BLE\LIB\libCH58xBLE.a(gattservapp.o)
                0x000000000000b5c4                GATTServApp_RegisterService
 .text.GATTServApp_AddService
                0x000000000000b640       0x2c D:\HMD\_Projects\_P14_V2_BLE多工機\Firmware\BLE_CH582F\BLE\LIB\libCH58xBLE.a(gattservapp.o)
                0x000000000000b640                GATTServApp_AddService
 .text.GATTServApp_RegisterForMsg
                0x000000000000b66c        0x6 D:\HMD\_Projects\_P14_V2_BLE多工機\Firmware\BLE_CH582F\BLE\LIB\libCH58xBLE.a(gattservapp.o)
                0x000000000000b66c                GATTServApp_RegisterForMsg
 .text.GATTServApp_InitCharCfg
                0x000000000000b672       0x28 D:\HMD\_Projects\_P14_V2_BLE多工機\Firmware\BLE_CH582F\BLE\LIB\libCH58xBLE.a(gattservapp.o)
                0x000000000000b672                GATTServApp_InitCharCfg
 .text.gattServApp_HandleConnStatusCB
                0x000000000000b69a       0x74 D:\HMD\_Projects\_P14_V2_BLE多工機\Firmware\BLE_CH582F\BLE\LIB\libCH58xBLE.a(gattservapp.o)
                0x000000000000b69a                gattServApp_HandleConnStatusCB
 .text.GATT_InitServer
                0x000000000000b70e       0xfa D:\HMD\_Projects\_P14_V2_BLE多工機\Firmware\BLE_CH582F\BLE\LIB\libCH58xBLE.a(gattservapp.o)
                0x000000000000b70e                GATT_InitServer
 .text.GATTServApp_Init
                0x000000000000b808       0x34 D:\HMD\_Projects\_P14_V2_BLE多工機\Firmware\BLE_CH582F\BLE\LIB\libCH58xBLE.a(gattservapp.o)
                0x000000000000b808                GATTServApp_Init
 .text.GATTServApp_ProcessEvent
                0x000000000000b83c      0x36a D:\HMD\_Projects\_P14_V2_BLE多工機\Firmware\BLE_CH582F\BLE\LIB\libCH58xBLE.a(gattservapp.o)
                0x000000000000b83c                GATTServApp_ProcessEvent
 .text.l2capAllocConnChannel
                0x000000000000bba6       0xe0 D:\HMD\_Projects\_P14_V2_BLE多工機\Firmware\BLE_CH582F\BLE\LIB\libCH58xBLE.a(l2cap.o)
                0x000000000000bba6                l2capAllocConnChannel
 .text.l2capFindLocalCID
                0x000000000000bc86       0x2c D:\HMD\_Projects\_P14_V2_BLE多工機\Firmware\BLE_CH582F\BLE\LIB\libCH58xBLE.a(l2cap.o)
                0x000000000000bc86                l2capFindLocalCID
 .text.l2capFindLocalId
                0x000000000000bcb2       0x30 D:\HMD\_Projects\_P14_V2_BLE多工機\Firmware\BLE_CH582F\BLE\LIB\libCH58xBLE.a(l2cap.o)
                0x000000000000bcb2                l2capFindLocalId
 .text.l2capFindPsm
                0x000000000000bce2       0x30 D:\HMD\_Projects\_P14_V2_BLE多工機\Firmware\BLE_CH582F\BLE\LIB\libCH58xBLE.a(l2cap.o)
                0x000000000000bce2                l2capFindPsm
 .text.l2capFindRemoteCID
                0x000000000000bd12       0x3c D:\HMD\_Projects\_P14_V2_BLE多工機\Firmware\BLE_CH582F\BLE\LIB\libCH58xBLE.a(l2cap.o)
                0x000000000000bd12                l2capFindRemoteCID
 .text.l2capFreeChannel
                0x000000000000bd4e       0x4e D:\HMD\_Projects\_P14_V2_BLE多工機\Firmware\BLE_CH582F\BLE\LIB\libCH58xBLE.a(l2cap.o)
                0x000000000000bd4e                l2capFreeChannel
 .text.l2capDisconnectChannel
                0x000000000000bd9c       0x28 D:\HMD\_Projects\_P14_V2_BLE多工機\Firmware\BLE_CH582F\BLE\LIB\libCH58xBLE.a(l2cap.o)
                0x000000000000bd9c                l2capDisconnectChannel
 .text.l2capHandleTimerCB
                0x000000000000bdc4       0x2c D:\HMD\_Projects\_P14_V2_BLE多工機\Firmware\BLE_CH582F\BLE\LIB\libCH58xBLE.a(l2cap.o)
                0x000000000000bdc4                l2capHandleTimerCB
 .text.l2capFreePendingPkt
                0x000000000000bdf0       0x58 D:\HMD\_Projects\_P14_V2_BLE多工機\Firmware\BLE_CH582F\BLE\LIB\libCH58xBLE.a(l2cap.o)
                0x000000000000bdf0                l2capFreePendingPkt
 .text.l2capGetCoChannelInfo
                0x000000000000be48       0x86 D:\HMD\_Projects\_P14_V2_BLE多工機\Firmware\BLE_CH582F\BLE\LIB\libCH58xBLE.a(l2cap.o)
                0x000000000000be48                l2capGetCoChannelInfo
 .text.l2capNumActiveChannnels
                0x000000000000bece       0x48 D:\HMD\_Projects\_P14_V2_BLE多工機\Firmware\BLE_CH582F\BLE\LIB\libCH58xBLE.a(l2cap.o)
                0x000000000000bece                l2capNumActiveChannnels
 .text.l2capStartTimer
                0x000000000000bf16       0x1a D:\HMD\_Projects\_P14_V2_BLE多工機\Firmware\BLE_CH582F\BLE\LIB\libCH58xBLE.a(l2cap.o)
                0x000000000000bf16                l2capStartTimer
 .text.l2capStopTimer
                0x000000000000bf30       0x1e D:\HMD\_Projects\_P14_V2_BLE多工機\Firmware\BLE_CH582F\BLE\LIB\libCH58xBLE.a(l2cap.o)
                0x000000000000bf30                l2capStopTimer
 .text.l2capDisconnectAllChannels
                0x000000000000bf4e       0xdc D:\HMD\_Projects\_P14_V2_BLE多工機\Firmware\BLE_CH582F\BLE\LIB\libCH58xBLE.a(l2cap.o)
                0x000000000000bf4e                l2capDisconnectAllChannels
 .text.l2capHandleConnStatusCB
                0x000000000000c02a       0x3c D:\HMD\_Projects\_P14_V2_BLE多工機\Firmware\BLE_CH582F\BLE\LIB\libCH58xBLE.a(l2cap.o)
                0x000000000000c02a                l2capHandleConnStatusCB
 .text.l2capHandleRxError
                0x000000000000c066        0x6 D:\HMD\_Projects\_P14_V2_BLE多工機\Firmware\BLE_CH582F\BLE\LIB\libCH58xBLE.a(l2cap.o)
                0x000000000000c066                l2capHandleRxError
 .text.L2CAP_GetMTU
                0x000000000000c06c        0x6 D:\HMD\_Projects\_P14_V2_BLE多工機\Firmware\BLE_CH582F\BLE\LIB\libCH58xBLE.a(l2cap.o)
                0x000000000000c06c                L2CAP_GetMTU
 .text.L2CAP_HostNumCompletedPkts
                0x000000000000c072       0x28 D:\HMD\_Projects\_P14_V2_BLE多工機\Firmware\BLE_CH582F\BLE\LIB\libCH58xBLE.a(l2cap.o)
                0x000000000000c072                L2CAP_HostNumCompletedPkts
 .text.L2CAP_ParseConnectReq
                0x000000000000c09a       0x5e D:\HMD\_Projects\_P14_V2_BLE多工機\Firmware\BLE_CH582F\BLE\LIB\libCH58xBLE.a(l2cap.o)
                0x000000000000c09a                L2CAP_ParseConnectReq
 .text.L2CAP_ParseFlowCtrlCredit
                0x000000000000c0f8       0x2e D:\HMD\_Projects\_P14_V2_BLE多工機\Firmware\BLE_CH582F\BLE\LIB\libCH58xBLE.a(l2cap.o)
                0x000000000000c0f8                L2CAP_ParseFlowCtrlCredit
 .text.L2CAP_RegisterApp
                0x000000000000c126       0x30 D:\HMD\_Projects\_P14_V2_BLE多工機\Firmware\BLE_CH582F\BLE\LIB\libCH58xBLE.a(l2cap.o)
                0x000000000000c126                L2CAP_RegisterApp
 .text.L2CAP_SetBufSize
                0x000000000000c156       0x1e D:\HMD\_Projects\_P14_V2_BLE多工機\Firmware\BLE_CH582F\BLE\LIB\libCH58xBLE.a(l2cap.o)
                0x000000000000c156                L2CAP_SetBufSize
 .text.L2CAP_bm_alloc
                0x000000000000c174       0x2a D:\HMD\_Projects\_P14_V2_BLE多工機\Firmware\BLE_CH582F\BLE\LIB\libCH58xBLE.a(l2cap.o)
                0x000000000000c174                L2CAP_bm_alloc
 .text.L2CAP_Init
                0x000000000000c19e      0x15e D:\HMD\_Projects\_P14_V2_BLE多工機\Firmware\BLE_CH582F\BLE\LIB\libCH58xBLE.a(l2cap.o)
                0x000000000000c19e                L2CAP_Init
 .text.L2CAP_ProcessEvent
                0x000000000000c2fc       0xd4 D:\HMD\_Projects\_P14_V2_BLE多工機\Firmware\BLE_CH582F\BLE\LIB\libCH58xBLE.a(l2cap.o)
                0x000000000000c2fc                L2CAP_ProcessEvent
 .text.l2capParseCmdReject
                0x000000000000c3d0       0x5e D:\HMD\_Projects\_P14_V2_BLE多工機\Firmware\BLE_CH582F\BLE\LIB\libCH58xBLE.a(l2cap_input.o)
                0x000000000000c3d0                l2capParseCmdReject
 .text.l2capParseDisconnectReq
                0x000000000000c42e       0x2e D:\HMD\_Projects\_P14_V2_BLE多工機\Firmware\BLE_CH582F\BLE\LIB\libCH58xBLE.a(l2cap_input.o)
                0x000000000000c42e                l2capParseDisconnectReq
 .text.l2capParseDisconnectRsp
                0x000000000000c45c       0x2e D:\HMD\_Projects\_P14_V2_BLE多工機\Firmware\BLE_CH582F\BLE\LIB\libCH58xBLE.a(l2cap_input.o)
                0x000000000000c45c                l2capParseDisconnectRsp
 .text.L2CAP_ParseParamUpdateReq
                0x000000000000c48a       0x4e D:\HMD\_Projects\_P14_V2_BLE多工機\Firmware\BLE_CH582F\BLE\LIB\libCH58xBLE.a(l2cap_input.o)
                0x000000000000c48a                L2CAP_ParseParamUpdateReq
 .text.l2capParseParamUpdateRsp
                0x000000000000c4d8       0x1e D:\HMD\_Projects\_P14_V2_BLE多工機\Firmware\BLE_CH582F\BLE\LIB\libCH58xBLE.a(l2cap_input.o)
                0x000000000000c4d8                l2capParseParamUpdateRsp
 .text.l2capProcessConnectReq
                0x000000000000c4f6       0xfc D:\HMD\_Projects\_P14_V2_BLE多工機\Firmware\BLE_CH582F\BLE\LIB\libCH58xBLE.a(l2cap_input.o)
                0x000000000000c4f6                l2capProcessConnectReq
 .text.l2capParseConnectRsp
                0x000000000000c5f2       0x5e D:\HMD\_Projects\_P14_V2_BLE多工機\Firmware\BLE_CH582F\BLE\LIB\libCH58xBLE.a(l2cap_input.o)
                0x000000000000c5f2                l2capParseConnectRsp
 .text.l2capParseSignalHdr
                0x000000000000c650       0x22 D:\HMD\_Projects\_P14_V2_BLE多工機\Firmware\BLE_CH582F\BLE\LIB\libCH58xBLE.a(l2cap_input.o)
                0x000000000000c650                l2capParseSignalHdr
 .text.l2capParsePacket
                0x000000000000c672       0x8c D:\HMD\_Projects\_P14_V2_BLE多工機\Firmware\BLE_CH582F\BLE\LIB\libCH58xBLE.a(l2cap_input.o)
                0x000000000000c672                l2capParsePacket
 .text.l2capProcessReq
                0x000000000000c6fe      0x15e D:\HMD\_Projects\_P14_V2_BLE多工機\Firmware\BLE_CH582F\BLE\LIB\libCH58xBLE.a(l2cap_input.o)
                0x000000000000c6fe                l2capProcessReq
 .text.l2capProcessRsp
                0x000000000000c85c      0x150 D:\HMD\_Projects\_P14_V2_BLE多工機\Firmware\BLE_CH582F\BLE\LIB\libCH58xBLE.a(l2cap_input.o)
                0x000000000000c85c                l2capProcessRsp
 .text.l2capProcessRxData
                0x000000000000c9ac       0xf8 D:\HMD\_Projects\_P14_V2_BLE多工機\Firmware\BLE_CH582F\BLE\LIB\libCH58xBLE.a(l2cap_input.o)
                0x000000000000c9ac                l2capProcessRxData
 .text.l2capNotifyData
                0x000000000000caa4       0x5e D:\HMD\_Projects\_P14_V2_BLE多工機\Firmware\BLE_CH582F\BLE\LIB\libCH58xBLE.a(l2cap_output.o)
                0x000000000000caa4                l2capNotifyData
 .text.l2capNotifySignal
                0x000000000000cb02       0x7a D:\HMD\_Projects\_P14_V2_BLE多工機\Firmware\BLE_CH582F\BLE\LIB\libCH58xBLE.a(l2cap_output.o)
                0x000000000000cb02                l2capNotifySignal
 .text.l2capNotifyCreditEvt
                0x000000000000cb7c       0xa4 D:\HMD\_Projects\_P14_V2_BLE多工機\Firmware\BLE_CH582F\BLE\LIB\libCH58xBLE.a(l2cap_output.o)
                0x000000000000cb7c                l2capNotifyCreditEvt
 .text.l2capNotifyChannelEstEvt
                0x000000000000cc20       0x5c D:\HMD\_Projects\_P14_V2_BLE多工機\Firmware\BLE_CH582F\BLE\LIB\libCH58xBLE.a(l2cap_output.o)
                0x000000000000cc20                l2capNotifyChannelEstEvt
 .text.l2capNotifyChannelTermEvt
                0x000000000000cc7c       0x3e D:\HMD\_Projects\_P14_V2_BLE多工機\Firmware\BLE_CH582F\BLE\LIB\libCH58xBLE.a(l2cap_output.o)
                0x000000000000cc7c                l2capNotifyChannelTermEvt
 .text.l2capNotifyEvent
                0x000000000000ccba       0x66 D:\HMD\_Projects\_P14_V2_BLE多工機\Firmware\BLE_CH582F\BLE\LIB\libCH58xBLE.a(l2cap_output.o)
                0x000000000000ccba                l2capNotifyEvent
 .text.l2capStoreFCPkt
                0x000000000000cd20       0x32 D:\HMD\_Projects\_P14_V2_BLE多工機\Firmware\BLE_CH582F\BLE\LIB\libCH58xBLE.a(l2cap_output.o)
                0x000000000000cd20                l2capStoreFCPkt
 .text.l2capFreeTxSDU
                0x000000000000cd52       0x9e D:\HMD\_Projects\_P14_V2_BLE多工機\Firmware\BLE_CH582F\BLE\LIB\libCH58xBLE.a(l2cap_output.o)
                0x000000000000cd52                l2capFreeTxSDU
 .text.l2capReassembleSegment
                0x000000000000cdf0      0x178 D:\HMD\_Projects\_P14_V2_BLE多工機\Firmware\BLE_CH582F\BLE\LIB\libCH58xBLE.a(l2cap_output.o)
                0x000000000000cdf0                l2capReassembleSegment
 .text.l2capEncapSendData
                0x000000000000cf68       0xf0 D:\HMD\_Projects\_P14_V2_BLE多工機\Firmware\BLE_CH582F\BLE\LIB\libCH58xBLE.a(l2cap_output.o)
                0x000000000000cf68                l2capEncapSendData
 .text.l2capSendFCPkt.part.3
                0x000000000000d058       0x70 D:\HMD\_Projects\_P14_V2_BLE多工機\Firmware\BLE_CH582F\BLE\LIB\libCH58xBLE.a(l2cap_output.o)
 .text.l2capSendSegment
                0x000000000000d0c8      0x108 D:\HMD\_Projects\_P14_V2_BLE多工機\Firmware\BLE_CH582F\BLE\LIB\libCH58xBLE.a(l2cap_output.o)
                0x000000000000d0c8                l2capSendSegment
 .text.l2capSendNextSegment
                0x000000000000d1d0       0xb4 D:\HMD\_Projects\_P14_V2_BLE多工機\Firmware\BLE_CH582F\BLE\LIB\libCH58xBLE.a(l2cap_output.o)
                0x000000000000d1d0                l2capSendNextSegment
 .text.l2capSendPkt
                0x000000000000d284       0x3a D:\HMD\_Projects\_P14_V2_BLE多工機\Firmware\BLE_CH582F\BLE\LIB\libCH58xBLE.a(l2cap_output.o)
                0x000000000000d284                l2capSendPkt
 .text.L2CAP_SendData
                0x000000000000d2be       0x82 D:\HMD\_Projects\_P14_V2_BLE多工機\Firmware\BLE_CH582F\BLE\LIB\libCH58xBLE.a(l2cap_output.o)
                0x000000000000d2be                L2CAP_SendData
 .text.l2capSendCmd
                0x000000000000d340       0x8a D:\HMD\_Projects\_P14_V2_BLE多工機\Firmware\BLE_CH582F\BLE\LIB\libCH58xBLE.a(l2cap_output.o)
                0x000000000000d340                l2capSendCmd
 .text.l2capSendReq
                0x000000000000d3ca       0xc8 D:\HMD\_Projects\_P14_V2_BLE多工機\Firmware\BLE_CH582F\BLE\LIB\libCH58xBLE.a(l2cap_output.o)
                0x000000000000d3ca                l2capSendReq
 .text.l2capBuildDisconnectReq
                0x000000000000d492       0x28 D:\HMD\_Projects\_P14_V2_BLE多工機\Firmware\BLE_CH582F\BLE\LIB\libCH58xBLE.a(l2cap_sdu.o)
 .text.l2capBuildParamUpdateReq
                0x000000000000d4ba       0x4c D:\HMD\_Projects\_P14_V2_BLE多工機\Firmware\BLE_CH582F\BLE\LIB\libCH58xBLE.a(l2cap_sdu.o)
 .text.l2capBuildParamUpdateRsp
                0x000000000000d506       0x16 D:\HMD\_Projects\_P14_V2_BLE多工機\Firmware\BLE_CH582F\BLE\LIB\libCH58xBLE.a(l2cap_sdu.o)
 .text.l2capBuildConnectRsp
                0x000000000000d51c       0x5e D:\HMD\_Projects\_P14_V2_BLE多工機\Firmware\BLE_CH582F\BLE\LIB\libCH58xBLE.a(l2cap_sdu.o)
 .text.l2capBuildCmdReject
                0x000000000000d57a       0x62 D:\HMD\_Projects\_P14_V2_BLE多工機\Firmware\BLE_CH582F\BLE\LIB\libCH58xBLE.a(l2cap_sdu.o)
                0x000000000000d57a                l2capBuildCmdReject
 .text.l2capBuildDisconnectRsp
                0x000000000000d5dc       0x28 D:\HMD\_Projects\_P14_V2_BLE多工機\Firmware\BLE_CH582F\BLE\LIB\libCH58xBLE.a(l2cap_sdu.o)
                0x000000000000d5dc                l2capBuildDisconnectRsp
 .text.l2capSendConnectRsp
                0x000000000000d604       0xaa D:\HMD\_Projects\_P14_V2_BLE多工機\Firmware\BLE_CH582F\BLE\LIB\libCH58xBLE.a(l2cap_sdu.o)
                0x000000000000d604                l2capSendConnectRsp
 .text.L2CAP_CmdReject
                0x000000000000d6ae       0x12 D:\HMD\_Projects\_P14_V2_BLE多工機\Firmware\BLE_CH582F\BLE\LIB\libCH58xBLE.a(l2cap_sdu.o)
                0x000000000000d6ae                L2CAP_CmdReject
 .text.L2CAP_DisconnectReq
                0x000000000000d6c0       0x2a D:\HMD\_Projects\_P14_V2_BLE多工機\Firmware\BLE_CH582F\BLE\LIB\libCH58xBLE.a(l2cap_sdu.o)
                0x000000000000d6c0                L2CAP_DisconnectReq
 .text.L2CAP_ConnParamUpdateReq
                0x000000000000d6ea       0x16 D:\HMD\_Projects\_P14_V2_BLE多工機\Firmware\BLE_CH582F\BLE\LIB\libCH58xBLE.a(l2cap_sdu.o)
                0x000000000000d6ea                L2CAP_ConnParamUpdateReq
 .text.L2CAP_ConnParamUpdateRsp
                0x000000000000d700       0x12 D:\HMD\_Projects\_P14_V2_BLE多工機\Firmware\BLE_CH582F\BLE\LIB\libCH58xBLE.a(l2cap_sdu.o)
                0x000000000000d700                L2CAP_ConnParamUpdateRsp
 .text.reportStatusChange
                0x000000000000d712       0x3e D:\HMD\_Projects\_P14_V2_BLE多工機\Firmware\BLE_CH582F\BLE\LIB\libCH58xBLE.a(linkdb.o)
 .text.linkDB_Init
                0x000000000000d750       0xa8 D:\HMD\_Projects\_P14_V2_BLE多工機\Firmware\BLE_CH582F\BLE\LIB\libCH58xBLE.a(linkdb.o)
                0x000000000000d750                linkDB_Init
 .text.linkDB_Find
                0x000000000000d7f8       0x34 D:\HMD\_Projects\_P14_V2_BLE多工機\Firmware\BLE_CH582F\BLE\LIB\libCH58xBLE.a(linkdb.o)
                0x000000000000d7f8                linkDB_Find
 .text.linkDB_Authen
                0x000000000000d82c       0x5c D:\HMD\_Projects\_P14_V2_BLE多工機\Firmware\BLE_CH582F\BLE\LIB\libCH58xBLE.a(linkdb.o)
                0x000000000000d82c                linkDB_Authen
 .text.linkDB_FindByAddr
                0x000000000000d888       0x82 D:\HMD\_Projects\_P14_V2_BLE多工機\Firmware\BLE_CH582F\BLE\LIB\libCH58xBLE.a(linkdb.o)
                0x000000000000d888                linkDB_FindByAddr
 .text.linkDB_FindFirst
                0x000000000000d90a       0x40 D:\HMD\_Projects\_P14_V2_BLE多工機\Firmware\BLE_CH582F\BLE\LIB\libCH58xBLE.a(linkdb.o)
                0x000000000000d90a                linkDB_FindFirst
 .text.linkDB_MTU
                0x000000000000d94a       0x18 D:\HMD\_Projects\_P14_V2_BLE多工機\Firmware\BLE_CH582F\BLE\LIB\libCH58xBLE.a(linkdb.o)
                0x000000000000d94a                linkDB_MTU
 .text.linkDB_NumActive
                0x000000000000d962       0x36 D:\HMD\_Projects\_P14_V2_BLE多工機\Firmware\BLE_CH582F\BLE\LIB\libCH58xBLE.a(linkdb.o)
                0x000000000000d962                linkDB_NumActive
 .text.linkDB_NumConns
                0x000000000000d998        0xa D:\HMD\_Projects\_P14_V2_BLE多工機\Firmware\BLE_CH582F\BLE\LIB\libCH58xBLE.a(linkdb.o)
                0x000000000000d998                linkDB_NumConns
 .text.linkDB_Register
                0x000000000000d9a2       0x28 D:\HMD\_Projects\_P14_V2_BLE多工機\Firmware\BLE_CH582F\BLE\LIB\libCH58xBLE.a(linkdb.o)
                0x000000000000d9a2                linkDB_Register
 .text.linkDB_Remove
                0x000000000000d9ca       0x4c D:\HMD\_Projects\_P14_V2_BLE多工機\Firmware\BLE_CH582F\BLE\LIB\libCH58xBLE.a(linkdb.o)
                0x000000000000d9ca                linkDB_Remove
 .text.linkDB_Role
                0x000000000000da16       0x18 D:\HMD\_Projects\_P14_V2_BLE多工機\Firmware\BLE_CH582F\BLE\LIB\libCH58xBLE.a(linkdb.o)
                0x000000000000da16                linkDB_Role
 .text.linkDB_State
                0x000000000000da2e       0x30 D:\HMD\_Projects\_P14_V2_BLE多工機\Firmware\BLE_CH582F\BLE\LIB\libCH58xBLE.a(linkdb.o)
                0x000000000000da2e                linkDB_State
 .text.linkDB_UpdateMTU
                0x000000000000da5e       0x28 D:\HMD\_Projects\_P14_V2_BLE多工機\Firmware\BLE_CH582F\BLE\LIB\libCH58xBLE.a(linkdb.o)
                0x000000000000da5e                linkDB_UpdateMTU
 .text.linkDB_PerformFunc
                0x000000000000da86       0x5a D:\HMD\_Projects\_P14_V2_BLE多工機\Firmware\BLE_CH582F\BLE\LIB\libCH58xBLE.a(linkdb.o)
                0x000000000000da86                linkDB_PerformFunc
 .text.linkDB_PeripheralLinkNum
                0x000000000000dae0       0x46 D:\HMD\_Projects\_P14_V2_BLE多工機\Firmware\BLE_CH582F\BLE\LIB\libCH58xBLE.a(linkdb.o)
                0x000000000000dae0                linkDB_PeripheralLinkNum
 .text.linkDB_GetSMEvtID
                0x000000000000db26       0x60 D:\HMD\_Projects\_P14_V2_BLE多工機\Firmware\BLE_CH582F\BLE\LIB\libCH58xBLE.a(linkdb.o)
                0x000000000000db26                linkDB_GetSMEvtID
 .text.linkDB_Add
                0x000000000000db86       0xb2 D:\HMD\_Projects\_P14_V2_BLE多工機\Firmware\BLE_CH582F\BLE\LIB\libCH58xBLE.a(linkdb.o)
                0x000000000000db86                linkDB_Add
 .text.linkDB_GetHandleFromSMEvtID
                0x000000000000dc38       0x3a D:\HMD\_Projects\_P14_V2_BLE多工機\Firmware\BLE_CH582F\BLE\LIB\libCH58xBLE.a(linkdb.o)
                0x000000000000dc38                linkDB_GetHandleFromSMEvtID
 .text.linkDB_GetPairingParam
                0x000000000000dc72       0x76 D:\HMD\_Projects\_P14_V2_BLE多工機\Firmware\BLE_CH582F\BLE\LIB\libCH58xBLE.a(linkdb.o)
                0x000000000000dc72                linkDB_GetPairingParam
 .text.linkDB_NeedSendKey
                0x000000000000dce8       0x4c D:\HMD\_Projects\_P14_V2_BLE多工機\Firmware\BLE_CH582F\BLE\LIB\libCH58xBLE.a(linkdb.o)
                0x000000000000dce8                linkDB_NeedSendKey
 .text.smStartRspTimer
                0x000000000000dd34       0x3a D:\HMD\_Projects\_P14_V2_BLE多工機\Firmware\BLE_CH582F\BLE\LIB\libCH58xBLE.a(sm.o)
 .text.smStartEncryption
                0x000000000000dd6e       0xa0 D:\HMD\_Projects\_P14_V2_BLE多工機\Firmware\BLE_CH582F\BLE\LIB\libCH58xBLE.a(sm.o)
 .text.smFreePairingParams
                0x000000000000de0e       0x7e D:\HMD\_Projects\_P14_V2_BLE多工機\Firmware\BLE_CH582F\BLE\LIB\libCH58xBLE.a(sm.o)
                0x000000000000de0e                smFreePairingParams
 .text.smEndPairing
                0x000000000000de8c       0x60 D:\HMD\_Projects\_P14_V2_BLE多工機\Firmware\BLE_CH582F\BLE\LIB\libCH58xBLE.a(sm.o)
                0x000000000000de8c                smEndPairing
 .text.smLinkCheck
                0x000000000000deec       0x34 D:\HMD\_Projects\_P14_V2_BLE多工機\Firmware\BLE_CH582F\BLE\LIB\libCH58xBLE.a(sm.o)
                0x000000000000deec                smLinkCheck
 .text.smNextPairingState
                0x000000000000df20       0x60 D:\HMD\_Projects\_P14_V2_BLE多工機\Firmware\BLE_CH582F\BLE\LIB\libCH58xBLE.a(sm.o)
                0x000000000000df20                smNextPairingState
 .text.smProcessEncryptChange
                0x000000000000df80       0xf8 D:\HMD\_Projects\_P14_V2_BLE多工機\Firmware\BLE_CH582F\BLE\LIB\libCH58xBLE.a(sm.o)
                0x000000000000df80                smProcessEncryptChange
 .text.smSendSMMsg
                0x000000000000e078       0x5c D:\HMD\_Projects\_P14_V2_BLE多工機\Firmware\BLE_CH582F\BLE\LIB\libCH58xBLE.a(sm.o)
                0x000000000000e078                smSendSMMsg
 .text.smSendFailAndEnd
                0x000000000000e0d4       0x38 D:\HMD\_Projects\_P14_V2_BLE多工機\Firmware\BLE_CH582F\BLE\LIB\libCH58xBLE.a(sm.o)
                0x000000000000e0d4                smSendFailAndEnd
 .text.smProcessPairingReq
                0x000000000000e10c       0x40 D:\HMD\_Projects\_P14_V2_BLE多工機\Firmware\BLE_CH582F\BLE\LIB\libCH58xBLE.a(sm.o)
                0x000000000000e10c                smProcessPairingReq
 .text.smSetPairingReqRsp
                0x000000000000e14c       0x3c D:\HMD\_Projects\_P14_V2_BLE多工機\Firmware\BLE_CH582F\BLE\LIB\libCH58xBLE.a(sm.o)
                0x000000000000e14c                smSetPairingReqRsp
 .text.SM_StartEncryption
                0x000000000000e188       0x1a D:\HMD\_Projects\_P14_V2_BLE多工機\Firmware\BLE_CH582F\BLE\LIB\libCH58xBLE.a(sm.o)
                0x000000000000e188                SM_StartEncryption
 .text.sm_dhkey
                0x000000000000e1a2       0x3e D:\HMD\_Projects\_P14_V2_BLE多工機\Firmware\BLE_CH582F\BLE\LIB\libCH58xBLE.a(sm.o)
                0x000000000000e1a2                sm_dhkey
 .text.sm_c1    0x000000000000e1e0       0xb4 D:\HMD\_Projects\_P14_V2_BLE多工機\Firmware\BLE_CH582F\BLE\LIB\libCH58xBLE.a(sm.o)
                0x000000000000e1e0                sm_c1
 .text.smDetermineKeySize
                0x000000000000e294       0x20 D:\HMD\_Projects\_P14_V2_BLE多工機\Firmware\BLE_CH582F\BLE\LIB\libCH58xBLE.a(sm.o)
                0x000000000000e294                smDetermineKeySize
 .text.smpParsePairingReq
                0x000000000000e2b4      0x118 D:\HMD\_Projects\_P14_V2_BLE多工機\Firmware\BLE_CH582F\BLE\LIB\libCH58xBLE.a(sm.o)
                0x000000000000e2b4                smpParsePairingReq
 .text.smpParseEncInfo
                0x000000000000e3cc       0x2a D:\HMD\_Projects\_P14_V2_BLE多工機\Firmware\BLE_CH582F\BLE\LIB\libCH58xBLE.a(sm.o)
                0x000000000000e3cc                smpParseEncInfo
 .text.smpParseIdentityAddrInfo
                0x000000000000e3f6       0x34 D:\HMD\_Projects\_P14_V2_BLE多工機\Firmware\BLE_CH582F\BLE\LIB\libCH58xBLE.a(sm.o)
                0x000000000000e3f6                smpParseIdentityAddrInfo
 .text.smpParseIdentityInfo
                0x000000000000e42a       0x2a D:\HMD\_Projects\_P14_V2_BLE多工機\Firmware\BLE_CH582F\BLE\LIB\libCH58xBLE.a(sm.o)
                0x000000000000e42a                smpParseIdentityInfo
 .text.smpParseMasterID
                0x000000000000e454       0x3c D:\HMD\_Projects\_P14_V2_BLE多工機\Firmware\BLE_CH582F\BLE\LIB\libCH58xBLE.a(sm.o)
                0x000000000000e454                smpParseMasterID
 .text.smpParsePairingConfirm
                0x000000000000e490       0x2a D:\HMD\_Projects\_P14_V2_BLE多工機\Firmware\BLE_CH582F\BLE\LIB\libCH58xBLE.a(sm.o)
                0x000000000000e490                smpParsePairingConfirm
 .text.smpParsePairingFailed
                0x000000000000e4ba       0x1c D:\HMD\_Projects\_P14_V2_BLE多工機\Firmware\BLE_CH582F\BLE\LIB\libCH58xBLE.a(sm.o)
                0x000000000000e4ba                smpParsePairingFailed
 .text.smpParsePairingRandom
                0x000000000000e4d6       0x2a D:\HMD\_Projects\_P14_V2_BLE多工機\Firmware\BLE_CH582F\BLE\LIB\libCH58xBLE.a(sm.o)
                0x000000000000e4d6                smpParsePairingRandom
 .text.smpParseSigningInfo
                0x000000000000e500       0x2a D:\HMD\_Projects\_P14_V2_BLE多工機\Firmware\BLE_CH582F\BLE\LIB\libCH58xBLE.a(sm.o)
                0x000000000000e500                smpParseSigningInfo
 .text.smpParsePairingPublicKey
                0x000000000000e52a       0x2c D:\HMD\_Projects\_P14_V2_BLE多工機\Firmware\BLE_CH582F\BLE\LIB\libCH58xBLE.a(sm.o)
                0x000000000000e52a                smpParsePairingPublicKey
 .text.smpParsePairingDHKeyCheck
                0x000000000000e556       0x2a D:\HMD\_Projects\_P14_V2_BLE多工機\Firmware\BLE_CH582F\BLE\LIB\libCH58xBLE.a(sm.o)
                0x000000000000e556                smpParsePairingDHKeyCheck
 .text.smProcessDataMsg
                0x000000000000e580      0x104 D:\HMD\_Projects\_P14_V2_BLE多工機\Firmware\BLE_CH582F\BLE\LIB\libCH58xBLE.a(sm.o)
                0x000000000000e580                smProcessDataMsg
 .text.smProcessTMOSMsg
                0x000000000000e684      0x170 D:\HMD\_Projects\_P14_V2_BLE多工機\Firmware\BLE_CH582F\BLE\LIB\libCH58xBLE.a(sm.o)
                0x000000000000e684                smProcessTMOSMsg
 .text.SM_CalcRandomAddr
                0x000000000000e7f4       0x54 D:\HMD\_Projects\_P14_V2_BLE多工機\Firmware\BLE_CH582F\BLE\LIB\libCH58xBLE.a(sm.o)
                0x000000000000e7f4                SM_CalcRandomAddr
 .text.SM_GenerateAuthenSig
                0x000000000000e848       0xe6 D:\HMD\_Projects\_P14_V2_BLE多工機\Firmware\BLE_CH582F\BLE\LIB\libCH58xBLE.a(sm.o)
                0x000000000000e848                SM_GenerateAuthenSig
 .text.SM_PasskeyUpdate
                0x000000000000e92e       0xe8 D:\HMD\_Projects\_P14_V2_BLE多工機\Firmware\BLE_CH582F\BLE\LIB\libCH58xBLE.a(sm.o)
                0x000000000000e92e                SM_PasskeyUpdate
 .text.SM_ResolveRandomAddrs
                0x000000000000ea16       0x5e D:\HMD\_Projects\_P14_V2_BLE多工機\Firmware\BLE_CH582F\BLE\LIB\libCH58xBLE.a(sm.o)
                0x000000000000ea16                SM_ResolveRandomAddrs
 .text.SM_StartPairing
                0x000000000000ea74       0xc2 D:\HMD\_Projects\_P14_V2_BLE多工機\Firmware\BLE_CH582F\BLE\LIB\libCH58xBLE.a(sm.o)
                0x000000000000ea74                SM_StartPairing
 .text.SM_VerifyAuthenSig
                0x000000000000eb36      0x150 D:\HMD\_Projects\_P14_V2_BLE多工機\Firmware\BLE_CH582F\BLE\LIB\libCH58xBLE.a(sm.o)
                0x000000000000eb36                SM_VerifyAuthenSig
 .text.SM_ProcessEvent
                0x000000000000ec86       0xb4 D:\HMD\_Projects\_P14_V2_BLE多工機\Firmware\BLE_CH582F\BLE\LIB\libCH58xBLE.a(sm.o)
                0x000000000000ec86                SM_ProcessEvent
 .text.SM_ParamInit
                0x000000000000ed3a       0x66 D:\HMD\_Projects\_P14_V2_BLE多工機\Firmware\BLE_CH582F\BLE\LIB\libCH58xBLE.a(sm.o)
                0x000000000000ed3a                SM_ParamInit
 .text.SM_InitiatorInit
                0x000000000000eda0       0x22 D:\HMD\_Projects\_P14_V2_BLE多工機\Firmware\BLE_CH582F\BLE\LIB\libCH58xBLE.a(sm.o)
                0x000000000000eda0                SM_InitiatorInit
 .text.SM_ResponderInit
                0x000000000000edc2       0x22 D:\HMD\_Projects\_P14_V2_BLE多工機\Firmware\BLE_CH582F\BLE\LIB\libCH58xBLE.a(sm.o)
                0x000000000000edc2                SM_ResponderInit
 .text.SM_Init  0x000000000000ede4       0x2a D:\HMD\_Projects\_P14_V2_BLE多工機\Firmware\BLE_CH582F\BLE\LIB\libCH58xBLE.a(sm.o)
                0x000000000000ede4                SM_Init
 .text.smpInitiatorProcessPairingRsp
                0x000000000000ee0e      0x278 D:\HMD\_Projects\_P14_V2_BLE多工機\Firmware\BLE_CH582F\BLE\LIB\libCH58xBLE.a(sm_initiator.o)
                0x000000000000ee0e                smpInitiatorProcessPairingRsp
 .text.smInitiatorSendNextKeyInfo
                0x000000000000f086      0x26e D:\HMD\_Projects\_P14_V2_BLE多工機\Firmware\BLE_CH582F\BLE\LIB\libCH58xBLE.a(sm_initiator.o)
                0x000000000000f086                smInitiatorSendNextKeyInfo
 .text.setupInitiatorKeys
                0x000000000000f2f4       0x88 D:\HMD\_Projects\_P14_V2_BLE多工機\Firmware\BLE_CH582F\BLE\LIB\libCH58xBLE.a(sm_initiator.o)
 .text.smpInitiatorProcessIncoming
                0x000000000000f37c      0x418 D:\HMD\_Projects\_P14_V2_BLE多工機\Firmware\BLE_CH582F\BLE\LIB\libCH58xBLE.a(sm_initiator.o)
                0x000000000000f37c                smpInitiatorProcessIncoming
 .text.smpBuildPairingReqRsp